[0.006s][info][gc,init] CardTable entry size: 512
[0.006s][info][gc     ] Using Parallel
[0.009s][info][gc,init] Version: 21.0.4+7-LTS (release)
[0.009s][info][gc,init] CPUs: 4 total, 4 available
[0.009s][info][gc,init] Memory: 15991M
[0.009s][info][gc,init] Large Page Support: Disabled
[0.009s][info][gc,init] NUMA Support: Disabled
[0.009s][info][gc,init] Compressed Oops: Enabled (Zero based)
[0.009s][info][gc,init] Alignments: Space 512K, Generation 512K, Heap 2M
[0.009s][info][gc,init] Heap Min Capacity: 2054M
[0.009s][info][gc,init] Heap Initial Capacity: 2054M
[0.009s][info][gc,init] Heap Max Capacity: 5G
[0.009s][info][gc,init] Pre-touch: Disabled
[0.009s][info][gc,init] Parallel Workers: 4
[0.021s][info][gc,metaspace] CDS archive(s) mapped at: [0x00007f9581000000-0x00007f9581cae000-0x00007f9581cae000), size 13295616, SharedBaseAddress: 0x00007f9581000000, ArchiveRelocationMode: 1.
[0.021s][info][gc,metaspace] Compressed class space mapped at: 0x00007f9582000000-0x00007f95c2000000, reserved size: 1073741824
[0.021s][info][gc,metaspace] Narrow klass base: 0x00007f9581000000, Narrow klass shift: 0, Narrow klass range: 0x100000000
[0.331s][info][safepoint   ] Safepoint "ICBufferFull", Time since last: 301511072 ns, Reaching safepoint: 4000 ns, Cleanup: 115303 ns, At safepoint: 2400 ns, Total: 121703 ns
[0.467s][info][safepoint   ] Safepoint "RedefineClasses", Time since last: 128921879 ns, Reaching safepoint: 113503 ns, Cleanup: 104103 ns, At safepoint: 6936493 ns, Total: 7154099 ns
[0.563s][info][safepoint   ] Safepoint "JFRCheckpoint", Time since last: 95624655 ns, Reaching safepoint: 77002 ns, Cleanup: 48201 ns, At safepoint: 13601 ns, Total: 138804 ns
[1.499s][info][safepoint   ] Safepoint "ICBufferFull", Time since last: 936131790 ns, Reaching safepoint: 75103 ns, Cleanup: 112103 ns, At safepoint: 7000 ns, Total: 194206 ns
[1.806s][info][safepoint   ] Safepoint "ICBufferFull", Time since last: 306728216 ns, Reaching safepoint: 3600 ns, Cleanup: 125903 ns, At safepoint: 2200 ns, Total: 131703 ns
[2.285s][info][gc,start    ] GC(0) Pause Young (Metadata GC Threshold)
[2.307s][debug][gc,phases   ] GC(0) Scavenge 21.683ms
[2.307s][debug][gc,ref      ] GC(0) ReferenceProcessor::execute queues: 3, RefProcThreadModel::Multi, marks_oops_alive: false
[2.307s][debug][gc,ref      ] GC(0) ReferenceProcessor::execute queues: 4, RefProcThreadModel::Multi, marks_oops_alive: true
[2.307s][debug][gc,ref      ] GC(0) ReferenceProcessor::execute queues: 1, RefProcThreadModel::Single, marks_oops_alive: false
[2.307s][debug][gc,phases   ] GC(0) Reference Processing 0.382ms
[2.307s][debug][gc,phases   ] GC(0)   VM Weak                        Min:  0.0, Avg:  0.0, Max:  0.0, Diff:  0.0, Sum:  0.0, Workers: 4
[2.307s][debug][gc,phases   ] GC(0)     Dead                           Min: 0, Avg:  0.0, Max: 0, Diff: 0, Sum: 0, Workers: 4
[2.307s][debug][gc,phases   ] GC(0)     Total                          Min: 0, Avg: 60.8, Max: 128, Diff: 128, Sum: 243, Workers: 4
[2.307s][debug][gc,phases   ] GC(0)   ObjectSynchronizer Weak        Min:  0.0, Avg:  0.0, Max:  0.0, Diff:  0.0, Sum:  0.0, Workers: 4
[2.307s][debug][gc,phases   ] GC(0)     Dead                           Min: 0, Avg:  1.0, Max: 4, Diff: 4, Sum: 4, Workers: 4
[2.307s][debug][gc,phases   ] GC(0)     Total                          Min: 0, Avg:  2.2, Max: 9, Diff: 9, Sum: 9, Workers: 4
[2.307s][debug][gc,phases   ] GC(0)   JVMTI Tag Weak OopStorage      Min:  0.0, Avg:  0.0, Max:  0.0, Diff:  0.0, Sum:  0.0, Workers: 4
[2.307s][debug][gc,phases   ] GC(0)     Dead                           Min: 0, Avg:  0.0, Max: 0, Diff: 0, Sum: 0, Workers: 4
[2.307s][debug][gc,phases   ] GC(0)     Total                          Min: 0, Avg:  0.0, Max: 0, Diff: 0, Sum: 0, Workers: 4
[2.307s][debug][gc,phases   ] GC(0)   StringTable Weak               Min:  0.1, Avg:  0.1, Max:  0.1, Diff:  0.0, Sum:  0.3, Workers: 4
[2.307s][debug][gc,phases   ] GC(0)     Dead                           Min: 2, Avg:  7.5, Max: 17, Diff: 15, Sum: 30, Workers: 4
[2.307s][debug][gc,phases   ] GC(0)     Total                          Min: 1316, Avg: 1897.0, Max: 2176, Diff: 860, Sum: 7588, Workers: 4
[2.307s][debug][gc,phases   ] GC(0)   ResolvedMethodTable Weak       Min:  0.0, Avg:  0.0, Max:  0.0, Diff:  0.0, Sum:  0.1, Workers: 4
[2.307s][debug][gc,phases   ] GC(0)     Dead                           Min: 52, Avg: 87.8, Max: 116, Diff: 64, Sum: 351, Workers: 4
[2.307s][debug][gc,phases   ] GC(0)     Total                          Min: 437, Avg: 461.2, Max: 512, Diff: 75, Sum: 1845, Workers: 4
[2.307s][debug][gc,phases   ] GC(0)   JNI Weak                       Min:  0.0, Avg:  0.0, Max:  0.0, Diff:  0.0, Sum:  0.0, Workers: 4
[2.307s][debug][gc,phases   ] GC(0)     Dead                           Min: 0, Avg:  0.0, Max: 0, Diff: 0, Sum: 0, Workers: 4
[2.307s][debug][gc,phases   ] GC(0)     Total                          Min: 0, Avg: 12.0, Max: 48, Diff: 48, Sum: 48, Workers: 4
[2.307s][debug][gc,phases   ] GC(0)   StringDedup Table Weak         Min:  0.0, Avg:  0.0, Max:  0.0, Diff:  0.0, Sum:  0.0, Workers: 4
[2.307s][debug][gc,phases   ] GC(0)     Dead                           Min: 0, Avg:  0.0, Max: 0, Diff: 0, Sum: 0, Workers: 4
[2.307s][debug][gc,phases   ] GC(0)     Total                          Min: 0, Avg:  0.0, Max: 0, Diff: 0, Sum: 0, Workers: 4
[2.307s][debug][gc,phases   ] GC(0)   StringDedup Requests0 Weak     Min:  0.0, Avg:  0.0, Max:  0.0, Diff:  0.0, Sum:  0.0, Workers: 4
[2.307s][debug][gc,phases   ] GC(0)     Dead                           Min: 0, Avg:  0.0, Max: 0, Diff: 0, Sum: 0, Workers: 4
[2.307s][debug][gc,phases   ] GC(0)     Total                          Min: 0, Avg:  0.0, Max: 0, Diff: 0, Sum: 0, Workers: 4
[2.307s][debug][gc,phases   ] GC(0)   StringDedup Requests1 Weak     Min:  0.0, Avg:  0.0, Max:  0.0, Diff:  0.0, Sum:  0.0, Workers: 4
[2.307s][debug][gc,phases   ] GC(0)     Dead                           Min: 0, Avg:  0.0, Max: 0, Diff: 0, Sum: 0, Workers: 4
[2.307s][debug][gc,phases   ] GC(0)     Total                          Min: 0, Avg:  0.0, Max: 0, Diff: 0, Sum: 0, Workers: 4
[2.307s][debug][gc,phases   ] GC(0)   Weak JFR Old Object Samples    Min:  0.0, Avg:  0.0, Max:  0.0, Diff:  0.0, Sum:  0.0, Workers: 4
[2.307s][debug][gc,phases   ] GC(0)     Dead                           Min: 0, Avg:  0.0, Max: 0, Diff: 0, Sum: 0, Workers: 4
[2.307s][debug][gc,phases   ] GC(0)     Total                          Min: 0, Avg:  0.0, Max: 0, Diff: 0, Sum: 0, Workers: 4
[2.307s][debug][gc,phases   ] GC(0) Weak Processing 0.356ms
[2.307s][debug][gc,age      ] GC(0) Desired survivor size 536870912 bytes, new threshold 7 (max threshold 15)
[2.307s][info ][gc,heap     ] GC(0) PSYoungGen: 359870K(1572864K)->36621K(1572864K) Eden: 359870K(1048576K)->0K(1048576K) From: 0K(524288K)->36621K(524288K)
[2.307s][info ][gc,heap     ] GC(0) ParOldGen: 1054K(6144K)->1134K(6144K)
[2.307s][info ][gc,metaspace] GC(0) Metaspace: 21072K(21504K)->21072K(21504K) NonClass: 18723K(18944K)->18723K(18944K) Class: 2349K(2560K)->2349K(2560K)
[2.307s][info ][gc          ] GC(0) Pause Young (Metadata GC Threshold) 352M->36M(1542M) 22.886ms
[2.307s][info ][gc,cpu      ] GC(0) User=0.07s Sys=0.01s Real=0.02s
[2.307s][debug][gc,phases   ] GC(1) Pre Compact 0.009ms
[2.307s][info ][gc,start    ] GC(1) Pause Full (Metadata GC Threshold)
[2.307s][info ][gc,phases,start] GC(1) Marking Phase
[2.320s][debug][gc,phases      ] GC(1) Par Mark 12.683ms
[2.320s][debug][gc,ref         ] GC(1) ReferenceProcessor::execute queues: 2, RefProcThreadModel::Multi, marks_oops_alive: false
[2.320s][debug][gc,ref         ] GC(1) ReferenceProcessor::execute queues: 4, RefProcThreadModel::Multi, marks_oops_alive: true
[2.321s][debug][gc,ref         ] GC(1) ReferenceProcessor::execute queues: 1, RefProcThreadModel::Single, marks_oops_alive: false
[2.321s][debug][gc,phases      ] GC(1) Reference Processing 0.580ms
[2.321s][debug][gc,phases      ] GC(1)   VM Weak                        Min:  0.0, Avg:  0.0, Max:  0.0, Diff:  0.0, Sum:  0.0, Workers: 4
[2.321s][debug][gc,phases      ] GC(1)     Dead                           Min: 0, Avg:  0.0, Max: 0, Diff: 0, Sum: 0, Workers: 4
[2.321s][debug][gc,phases      ] GC(1)     Total                          Min: 0, Avg: 60.8, Max: 128, Diff: 128, Sum: 243, Workers: 4
[2.321s][debug][gc,phases      ] GC(1)   ObjectSynchronizer Weak        Min:  0.0, Avg:  0.0, Max:  0.0, Diff:  0.0, Sum:  0.0, Workers: 4
[2.321s][debug][gc,phases      ] GC(1)     Dead                           Min: 0, Avg:  0.0, Max: 0, Diff: 0, Sum: 0, Workers: 4
[2.321s][debug][gc,phases      ] GC(1)     Total                          Min: 0, Avg:  2.2, Max: 9, Diff: 9, Sum: 9, Workers: 4
[2.321s][debug][gc,phases      ] GC(1)   JVMTI Tag Weak OopStorage      Min:  0.0, Avg:  0.0, Max:  0.0, Diff:  0.0, Sum:  0.0, Workers: 4
[2.321s][debug][gc,phases      ] GC(1)     Dead                           Min: 0, Avg:  0.0, Max: 0, Diff: 0, Sum: 0, Workers: 4
[2.321s][debug][gc,phases      ] GC(1)     Total                          Min: 0, Avg:  0.0, Max: 0, Diff: 0, Sum: 0, Workers: 4
[2.321s][debug][gc,phases      ] GC(1)   StringTable Weak               Min:  0.0, Avg:  0.0, Max:  0.0, Diff:  0.0, Sum:  0.1, Workers: 4
[2.321s][debug][gc,phases      ] GC(1)     Dead                           Min: 0, Avg:  0.0, Max: 0, Diff: 0, Sum: 0, Workers: 4
[2.321s][debug][gc,phases      ] GC(1)     Total                          Min: 0, Avg: 1897.0, Max: 2688, Diff: 2688, Sum: 7588, Workers: 4
[2.321s][debug][gc,phases      ] GC(1)   ResolvedMethodTable Weak       Min:  0.0, Avg:  0.0, Max:  0.0, Diff:  0.0, Sum:  0.0, Workers: 4
[2.321s][debug][gc,phases      ] GC(1)     Dead                           Min: 0, Avg:  0.0, Max: 0, Diff: 0, Sum: 0, Workers: 4
[2.321s][debug][gc,phases      ] GC(1)     Total                          Min: 0, Avg: 461.2, Max: 640, Diff: 640, Sum: 1845, Workers: 4
[2.321s][debug][gc,phases      ] GC(1)   JNI Weak                       Min:  0.0, Avg:  0.0, Max:  0.0, Diff:  0.0, Sum:  0.0, Workers: 4
[2.321s][debug][gc,phases      ] GC(1)     Dead                           Min: 0, Avg:  0.0, Max: 0, Diff: 0, Sum: 0, Workers: 4
[2.321s][debug][gc,phases      ] GC(1)     Total                          Min: 0, Avg: 12.0, Max: 48, Diff: 48, Sum: 48, Workers: 4
[2.321s][debug][gc,phases      ] GC(1)   StringDedup Table Weak         Min:  0.0, Avg:  0.0, Max:  0.0, Diff:  0.0, Sum:  0.0, Workers: 4
[2.321s][debug][gc,phases      ] GC(1)     Dead                           Min: 0, Avg:  0.0, Max: 0, Diff: 0, Sum: 0, Workers: 4
[2.321s][debug][gc,phases      ] GC(1)     Total                          Min: 0, Avg:  0.0, Max: 0, Diff: 0, Sum: 0, Workers: 4
[2.321s][debug][gc,phases      ] GC(1)   StringDedup Requests0 Weak     Min:  0.0, Avg:  0.0, Max:  0.0, Diff:  0.0, Sum:  0.0, Workers: 4
[2.321s][debug][gc,phases      ] GC(1)     Dead                           Min: 0, Avg:  0.0, Max: 0, Diff: 0, Sum: 0, Workers: 4
[2.321s][debug][gc,phases      ] GC(1)     Total                          Min: 0, Avg:  0.0, Max: 0, Diff: 0, Sum: 0, Workers: 4
[2.321s][debug][gc,phases      ] GC(1)   StringDedup Requests1 Weak     Min:  0.0, Avg:  0.0, Max:  0.0, Diff:  0.0, Sum:  0.0, Workers: 4
[2.321s][debug][gc,phases      ] GC(1)     Dead                           Min: 0, Avg:  0.0, Max: 0, Diff: 0, Sum: 0, Workers: 4
[2.321s][debug][gc,phases      ] GC(1)     Total                          Min: 0, Avg:  0.0, Max: 0, Diff: 0, Sum: 0, Workers: 4
[2.321s][debug][gc,phases      ] GC(1)   Weak JFR Old Object Samples    Min:  0.0, Avg:  0.0, Max:  0.0, Diff:  0.0, Sum:  0.0, Workers: 4
[2.321s][debug][gc,phases      ] GC(1)     Dead                           Min: 0, Avg:  0.0, Max: 0, Diff: 0, Sum: 0, Workers: 4
[2.321s][debug][gc,phases      ] GC(1)     Total                          Min: 0, Avg:  0.0, Max: 0, Diff: 0, Sum: 0, Workers: 4
[2.321s][debug][gc,phases      ] GC(1) Weak Processing 0.369ms
[2.321s][debug][gc,phases      ] GC(1) ClassLoaderData 0.034ms
[2.321s][debug][gc,phases      ] GC(1) Trigger cleanups 0.000ms
[2.332s][debug][gc,phases      ] GC(1) Purge Unlinked NMethods 0.005ms
[2.332s][debug][gc,phases      ] GC(1) Unregister NMethods 0.031ms
[2.332s][debug][gc,phases      ] GC(1) Free Code Blobs 0.007ms
[2.332s][debug][gc,phases      ] GC(1) Class Unloading 10.514ms
[2.332s][debug][gc,phases      ] GC(1) Report Object Count 0.001ms
[2.332s][info ][gc,phases      ] GC(1) Marking Phase 24.243ms
[2.332s][info ][gc,phases,start] GC(1) Summary Phase
[2.332s][info ][gc,phases      ] GC(1) Summary Phase 0.008ms
[2.332s][info ][gc,phases,start] GC(1) Adjust Roots
[2.337s][info ][gc,phases      ] GC(1) Adjust Roots 4.781ms
[2.337s][info ][gc,phases,start] GC(1) Compaction Phase
[2.357s][info ][gc,phases      ] GC(1) Compaction Phase 20.018ms
[2.357s][info ][gc,phases,start] GC(1) Post Compact
[2.358s][debug][gc,phases      ] GC(1) Purge Class Loader Data 1.192ms
[2.359s][info ][gc,phases      ] GC(1) Post Compact 1.988ms
[2.359s][info ][gc,heap        ] GC(1) PSYoungGen: 36621K(1572864K)->31389K(1572864K) Eden: 0K(1048576K)->0K(1048576K) From: 36621K(524288K)->31389K(524288K)
[2.359s][info ][gc,heap        ] GC(1) ParOldGen: 1134K(6144K)->6072K(6144K)
[2.359s][info ][gc,metaspace   ] GC(1) Metaspace: 21072K(21504K)->21072K(21504K) NonClass: 18723K(18944K)->18723K(18944K) Class: 2349K(2560K)->2349K(2560K)
[2.359s][info ][gc             ] GC(1) Pause Full (Metadata GC Threshold) 36M->36M(1542M) 51.221ms
[2.359s][info ][gc,cpu         ] GC(1) User=0.11s Sys=0.02s Real=0.05s
[2.359s][info ][safepoint      ] Safepoint "CollectForMetadataAllocation", Time since last: 478645690 ns, Reaching safepoint: 3600 ns, Cleanup: 136403 ns, At safepoint: 74271563 ns, Total: 74411566 ns
[2.784s][info ][safepoint      ] Safepoint "ICBufferFull", Time since last: 425244206 ns, Reaching safepoint: 3300 ns, Cleanup: 125404 ns, At safepoint: 2100 ns, Total: 130804 ns
[2.931s][info ][safepoint      ] Safepoint "ICBufferFull", Time since last: 147182786 ns, Reaching safepoint: 4300 ns, Cleanup: 120703 ns, At safepoint: 2501 ns, Total: 127504 ns
[3.110s][info ][safepoint      ] Safepoint "ICBufferFull", Time since last: 178448354 ns, Reaching safepoint: 13900 ns, Cleanup: 129904 ns, At safepoint: 6800 ns, Total: 150604 ns
[3.643s][info ][safepoint      ] Safepoint "ICBufferFull", Time since last: 532412166 ns, Reaching safepoint: 5000 ns, Cleanup: 169505 ns, At safepoint: 2200 ns, Total: 176705 ns
[3.794s][info ][safepoint      ] Safepoint "ICBufferFull", Time since last: 150898848 ns, Reaching safepoint: 6100 ns, Cleanup: 128103 ns, At safepoint: 7601 ns, Total: 141804 ns
[3.964s][info ][safepoint      ] Safepoint "ICBufferFull", Time since last: 169840843 ns, Reaching safepoint: 5400 ns, Cleanup: 126304 ns, At safepoint: 2000 ns, Total: 133704 ns
[4.194s][info ][safepoint      ] Safepoint "ICBufferFull", Time since last: 229845419 ns, Reaching safepoint: 5100 ns, Cleanup: 163304 ns, At safepoint: 2900 ns, Total: 171304 ns
[4.292s][info ][safepoint      ] Safepoint "ICBufferFull", Time since last: 97677961 ns, Reaching safepoint: 108202 ns, Cleanup: 127704 ns, At safepoint: 10200 ns, Total: 246106 ns
[4.386s][info ][gc,start       ] GC(2) Pause Young (Metadata GC Threshold)
[4.439s][debug][gc,phases      ] GC(2) Scavenge 53.415ms
[4.439s][debug][gc,ref         ] GC(2) ReferenceProcessor::execute queues: 4, RefProcThreadModel::Multi, marks_oops_alive: false
[4.440s][debug][gc,ref         ] GC(2) Skipped KeepAliveFinalRefsPhase of Reference Processing: no references
[4.440s][debug][gc,ref         ] GC(2) ReferenceProcessor::execute queues: 2, RefProcThreadModel::Multi, marks_oops_alive: false
[4.440s][debug][gc,phases      ] GC(2) Reference Processing 0.640ms
[4.440s][debug][gc,phases      ] GC(2)   VM Weak                        Min:  0.0, Avg:  0.0, Max:  0.0, Diff:  0.0, Sum:  0.0, Workers: 4
[4.440s][debug][gc,phases      ] GC(2)     Dead                           Min: 0, Avg:  0.0, Max: 0, Diff: 0, Sum: 0, Workers: 4
[4.440s][debug][gc,phases      ] GC(2)     Total                          Min: 0, Avg: 78.2, Max: 249, Diff: 249, Sum: 313, Workers: 4
[4.440s][debug][gc,phases      ] GC(2)   ObjectSynchronizer Weak        Min:  0.0, Avg:  0.0, Max:  0.0, Diff:  0.0, Sum:  0.0, Workers: 4
[4.440s][debug][gc,phases      ] GC(2)     Dead                           Min: 0, Avg:  0.2, Max: 1, Diff: 1, Sum: 1, Workers: 4
[4.440s][debug][gc,phases      ] GC(2)     Total                          Min: 0, Avg:  2.8, Max: 11, Diff: 11, Sum: 11, Workers: 4
[4.440s][debug][gc,phases      ] GC(2)   JVMTI Tag Weak OopStorage      Min:  0.0, Avg:  0.0, Max:  0.0, Diff:  0.0, Sum:  0.0, Workers: 4
[4.440s][debug][gc,phases      ] GC(2)     Dead                           Min: 0, Avg:  0.0, Max: 0, Diff: 0, Sum: 0, Workers: 4
[4.440s][debug][gc,phases      ] GC(2)     Total                          Min: 0, Avg:  0.0, Max: 0, Diff: 0, Sum: 0, Workers: 4
[4.440s][debug][gc,phases      ] GC(2)   StringTable Weak               Min:  0.0, Avg:  0.1, Max:  0.2, Diff:  0.2, Sum:  0.5, Workers: 4
[4.440s][debug][gc,phases      ] GC(2)     Dead                           Min: 0, Avg:  2.5, Max: 4, Diff: 4, Sum: 10, Workers: 4
[4.440s][debug][gc,phases      ] GC(2)     Total                          Min: 0, Avg: 3488.8, Max: 5443, Diff: 5443, Sum: 13955, Workers: 4
[4.440s][debug][gc,phases      ] GC(2)   ResolvedMethodTable Weak       Min:  0.0, Avg:  0.1, Max:  0.1, Diff:  0.1, Sum:  0.2, Workers: 4
[4.440s][debug][gc,phases      ] GC(2)     Dead                           Min: 0, Avg: 252.2, Max: 433, Diff: 433, Sum: 1009, Workers: 4
[4.440s][debug][gc,phases      ] GC(2)     Total                          Min: 0, Avg: 933.2, Max: 1493, Diff: 1493, Sum: 3733, Workers: 4
[4.440s][debug][gc,phases      ] GC(2)   JNI Weak                       Min:  0.0, Avg:  0.0, Max:  0.0, Diff:  0.0, Sum:  0.0, Workers: 4
[4.440s][debug][gc,phases      ] GC(2)     Dead                           Min: 0, Avg:  0.0, Max: 0, Diff: 0, Sum: 0, Workers: 4
[4.440s][debug][gc,phases      ] GC(2)     Total                          Min: 0, Avg: 12.2, Max: 48, Diff: 48, Sum: 49, Workers: 4
[4.440s][debug][gc,phases      ] GC(2)   StringDedup Table Weak         Min:  0.0, Avg:  0.0, Max:  0.0, Diff:  0.0, Sum:  0.0, Workers: 4
[4.440s][debug][gc,phases      ] GC(2)     Dead                           Min: 0, Avg:  0.0, Max: 0, Diff: 0, Sum: 0, Workers: 4
[4.440s][debug][gc,phases      ] GC(2)     Total                          Min: 0, Avg:  0.0, Max: 0, Diff: 0, Sum: 0, Workers: 4
[4.440s][debug][gc,phases      ] GC(2)   StringDedup Requests0 Weak     Min:  0.0, Avg:  0.0, Max:  0.0, Diff:  0.0, Sum:  0.0, Workers: 4
[4.440s][debug][gc,phases      ] GC(2)     Dead                           Min: 0, Avg:  0.0, Max: 0, Diff: 0, Sum: 0, Workers: 4
[4.440s][debug][gc,phases      ] GC(2)     Total                          Min: 0, Avg:  0.0, Max: 0, Diff: 0, Sum: 0, Workers: 4
[4.440s][debug][gc,phases      ] GC(2)   StringDedup Requests1 Weak     Min:  0.0, Avg:  0.0, Max:  0.0, Diff:  0.0, Sum:  0.0, Workers: 4
[4.440s][debug][gc,phases      ] GC(2)     Dead                           Min: 0, Avg:  0.0, Max: 0, Diff: 0, Sum: 0, Workers: 4
[4.440s][debug][gc,phases      ] GC(2)     Total                          Min: 0, Avg:  0.0, Max: 0, Diff: 0, Sum: 0, Workers: 4
[4.440s][debug][gc,phases      ] GC(2)   Weak JFR Old Object Samples    Min:  0.0, Avg:  0.0, Max:  0.0, Diff:  0.0, Sum:  0.0, Workers: 4
[4.440s][debug][gc,phases      ] GC(2)     Dead                           Min: 0, Avg:  0.0, Max: 0, Diff: 0, Sum: 0, Workers: 4
[4.440s][debug][gc,phases      ] GC(2)     Total                          Min: 0, Avg:  0.0, Max: 0, Diff: 0, Sum: 0, Workers: 4
[4.440s][debug][gc,phases      ] GC(2) Weak Processing 0.494ms
[4.440s][debug][gc,age         ] GC(2) Desired survivor size 536870912 bytes, new threshold 7 (max threshold 15)
[4.440s][info ][gc,heap        ] GC(2) PSYoungGen: 597620K(1572864K)->75702K(1572864K) Eden: 566231K(1048576K)->0K(1048576K) From: 31389K(524288K)->75702K(524288K)
[4.440s][info ][gc,heap        ] GC(2) ParOldGen: 6072K(6144K)->6088K(6144K)
[4.440s][info ][gc,metaspace   ] GC(2) Metaspace: 35359K(35840K)->35359K(35840K) NonClass: 30995K(31296K)->30995K(31296K) Class: 4363K(4544K)->4363K(4544K)
[4.440s][info ][gc             ] GC(2) Pause Young (Metadata GC Threshold) 589M->79M(1542M) 54.685ms
[4.440s][info ][gc,cpu         ] GC(2) User=0.17s Sys=0.00s Real=0.05s
[4.440s][debug][gc,phases      ] GC(3) Pre Compact 0.009ms
[4.440s][info ][gc,start       ] GC(3) Pause Full (Metadata GC Threshold)
[4.440s][info ][gc,phases,start] GC(3) Marking Phase
[4.480s][debug][gc,phases      ] GC(3) Par Mark 39.327ms
[4.480s][debug][gc,ref         ] GC(3) ReferenceProcessor::execute queues: 4, RefProcThreadModel::Multi, marks_oops_alive: false
[4.480s][debug][gc,ref         ] GC(3) ReferenceProcessor::execute queues: 4, RefProcThreadModel::Multi, marks_oops_alive: true
[4.481s][debug][gc,ref         ] GC(3) ReferenceProcessor::execute queues: 1, RefProcThreadModel::Single, marks_oops_alive: false
[4.481s][debug][gc,phases      ] GC(3) Reference Processing 0.789ms
[4.481s][debug][gc,phases      ] GC(3)   VM Weak                        Min:  0.0, Avg:  0.0, Max:  0.0, Diff:  0.0, Sum:  0.0, Workers: 4
[4.481s][debug][gc,phases      ] GC(3)     Dead                           Min: 0, Avg:  0.0, Max: 0, Diff: 0, Sum: 0, Workers: 4
[4.481s][debug][gc,phases      ] GC(3)     Total                          Min: 0, Avg: 78.2, Max: 192, Diff: 192, Sum: 313, Workers: 4
[4.481s][debug][gc,phases      ] GC(3)   ObjectSynchronizer Weak        Min:  0.0, Avg:  0.0, Max:  0.0, Diff:  0.0, Sum:  0.0, Workers: 4
[4.481s][debug][gc,phases      ] GC(3)     Dead                           Min: 0, Avg:  0.0, Max: 0, Diff: 0, Sum: 0, Workers: 4
[4.481s][debug][gc,phases      ] GC(3)     Total                          Min: 0, Avg:  2.8, Max: 11, Diff: 11, Sum: 11, Workers: 4
[4.481s][debug][gc,phases      ] GC(3)   JVMTI Tag Weak OopStorage      Min:  0.0, Avg:  0.0, Max:  0.0, Diff:  0.0, Sum:  0.0, Workers: 4
[4.481s][debug][gc,phases      ] GC(3)     Dead                           Min: 0, Avg:  0.0, Max: 0, Diff: 0, Sum: 0, Workers: 4
[4.481s][debug][gc,phases      ] GC(3)     Total                          Min: 0, Avg:  0.0, Max: 0, Diff: 0, Sum: 0, Workers: 4
[4.481s][debug][gc,phases      ] GC(3)   StringTable Weak               Min:  0.0, Avg:  0.0, Max:  0.1, Diff:  0.1, Sum:  0.2, Workers: 4
[4.481s][debug][gc,phases      ] GC(3)     Dead                           Min: 0, Avg:  0.0, Max: 0, Diff: 0, Sum: 0, Workers: 4
[4.481s][debug][gc,phases      ] GC(3)     Total                          Min: 0, Avg: 3488.8, Max: 4864, Diff: 4864, Sum: 13955, Workers: 4
[4.481s][debug][gc,phases      ] GC(3)   ResolvedMethodTable Weak       Min:  0.0, Avg:  0.0, Max:  0.0, Diff:  0.0, Sum:  0.1, Workers: 4
[4.481s][debug][gc,phases      ] GC(3)     Dead                           Min: 0, Avg:  0.0, Max: 0, Diff: 0, Sum: 0, Workers: 4
[4.481s][debug][gc,phases      ] GC(3)     Total                          Min: 0, Avg: 933.2, Max: 1344, Diff: 1344, Sum: 3733, Workers: 4
[4.481s][debug][gc,phases      ] GC(3)   JNI Weak                       Min:  0.0, Avg:  0.0, Max:  0.0, Diff:  0.0, Sum:  0.0, Workers: 4
[4.481s][debug][gc,phases      ] GC(3)     Dead                           Min: 0, Avg:  0.0, Max: 0, Diff: 0, Sum: 0, Workers: 4
[4.481s][debug][gc,phases      ] GC(3)     Total                          Min: 0, Avg: 12.2, Max: 48, Diff: 48, Sum: 49, Workers: 4
[4.481s][debug][gc,phases      ] GC(3)   StringDedup Table Weak         Min:  0.0, Avg:  0.0, Max:  0.0, Diff:  0.0, Sum:  0.0, Workers: 4
[4.481s][debug][gc,phases      ] GC(3)     Dead                           Min: 0, Avg:  0.0, Max: 0, Diff: 0, Sum: 0, Workers: 4
[4.481s][debug][gc,phases      ] GC(3)     Total                          Min: 0, Avg:  0.0, Max: 0, Diff: 0, Sum: 0, Workers: 4
[4.481s][debug][gc,phases      ] GC(3)   StringDedup Requests0 Weak     Min:  0.0, Avg:  0.0, Max:  0.0, Diff:  0.0, Sum:  0.0, Workers: 4
[4.481s][debug][gc,phases      ] GC(3)     Dead                           Min: 0, Avg:  0.0, Max: 0, Diff: 0, Sum: 0, Workers: 4
[4.481s][debug][gc,phases      ] GC(3)     Total                          Min: 0, Avg:  0.0, Max: 0, Diff: 0, Sum: 0, Workers: 4
[4.481s][debug][gc,phases      ] GC(3)   StringDedup Requests1 Weak     Min:  0.0, Avg:  0.0, Max:  0.0, Diff:  0.0, Sum:  0.0, Workers: 4
[4.481s][debug][gc,phases      ] GC(3)     Dead                           Min: 0, Avg:  0.0, Max: 0, Diff: 0, Sum: 0, Workers: 4
[4.481s][debug][gc,phases      ] GC(3)     Total                          Min: 0, Avg:  0.0, Max: 0, Diff: 0, Sum: 0, Workers: 4
[4.481s][debug][gc,phases      ] GC(3)   Weak JFR Old Object Samples    Min:  0.0, Avg:  0.0, Max:  0.0, Diff:  0.0, Sum:  0.0, Workers: 4
[4.481s][debug][gc,phases      ] GC(3)     Dead                           Min: 0, Avg:  0.0, Max: 0, Diff: 0, Sum: 0, Workers: 4
[4.481s][debug][gc,phases      ] GC(3)     Total                          Min: 0, Avg:  0.0, Max: 0, Diff: 0, Sum: 0, Workers: 4
[4.481s][debug][gc,phases      ] GC(3) Weak Processing 0.325ms
[4.481s][debug][gc,phases      ] GC(3) ClassLoaderData 0.045ms
[4.481s][debug][gc,phases      ] GC(3) Trigger cleanups 0.000ms
[4.491s][debug][gc,phases      ] GC(3) Purge Unlinked NMethods 0.622ms
[4.491s][debug][gc,phases      ] GC(3) Unregister NMethods 0.060ms
[4.491s][debug][gc,phases      ] GC(3) Free Code Blobs 0.104ms
[4.491s][debug][gc,phases      ] GC(3) Class Unloading 9.834ms
[4.491s][debug][gc,phases      ] GC(3) Report Object Count 0.001ms
[4.491s][info ][gc,phases      ] GC(3) Marking Phase 50.361ms
[4.491s][info ][gc,phases,start] GC(3) Summary Phase
[4.491s][info ][gc,phases      ] GC(3) Summary Phase 0.008ms
[4.491s][info ][gc,phases,start] GC(3) Adjust Roots
[4.497s][info ][gc,phases      ] GC(3) Adjust Roots 5.735ms
[4.497s][info ][gc,phases,start] GC(3) Compaction Phase
[4.823s][info ][gc,phases      ] GC(3) Compaction Phase 325.908ms
[4.823s][info ][gc,phases,start] GC(3) Post Compact
[4.824s][debug][gc,phases      ] GC(3) Purge Class Loader Data 0.473ms
[4.825s][info ][gc,phases      ] GC(3) Post Compact 2.174ms
[4.825s][info ][gc,heap        ] GC(3) PSYoungGen: 75702K(1572864K)->75518K(1572864K) Eden: 0K(1048576K)->0K(1048576K) From: 75702K(524288K)->75518K(524288K)
[4.825s][info ][gc,heap        ] GC(3) ParOldGen: 6088K(6144K)->6045K(6144K)
[4.825s][info ][gc,metaspace   ] GC(3) Metaspace: 35359K(35840K)->35359K(35840K) NonClass: 30995K(31296K)->30995K(31296K) Class: 4363K(4544K)->4363K(4544K)
[4.825s][info ][gc             ] GC(3) Pause Full (Metadata GC Threshold) 79M->79M(1542M) 384.334ms
[4.825s][info ][gc,cpu         ] GC(3) User=0.78s Sys=0.01s Real=0.39s
[4.825s][info ][safepoint      ] Safepoint "CollectForMetadataAllocation", Time since last: 93978163 ns, Reaching safepoint: 74902 ns, Cleanup: 19501 ns, At safepoint: 439203911 ns, Total: 439298314 ns
[5.141s][info ][safepoint      ] Safepoint "ICBufferFull", Time since last: 316295690 ns, Reaching safepoint: 3800 ns, Cleanup: 136804 ns, At safepoint: 2300 ns, Total: 142904 ns
[5.880s][info ][safepoint      ] Safepoint "ICBufferFull", Time since last: 738487356 ns, Reaching safepoint: 4700 ns, Cleanup: 120303 ns, At safepoint: 2400 ns, Total: 127403 ns
[5.998s][info ][safepoint      ] Safepoint "ICBufferFull", Time since last: 117896590 ns, Reaching safepoint: 4501 ns, Cleanup: 124903 ns, At safepoint: 1900 ns, Total: 131304 ns
[6.280s][info ][safepoint      ] Safepoint "ICBufferFull", Time since last: 281649182 ns, Reaching safepoint: 5400 ns, Cleanup: 148204 ns, At safepoint: 9400 ns, Total: 163004 ns
[6.758s][info ][safepoint      ] Safepoint "ICBufferFull", Time since last: 478422640 ns, Reaching safepoint: 3500 ns, Cleanup: 142403 ns, At safepoint: 2601 ns, Total: 148504 ns
[7.390s][info ][safepoint      ] Safepoint "ICBufferFull", Time since last: 631891261 ns, Reaching safepoint: 3201 ns, Cleanup: 141303 ns, At safepoint: 2200 ns, Total: 146704 ns
[7.420s][info ][gc,start       ] GC(4) Pause Young (Metadata GC Threshold)
[7.495s][debug][gc,phases      ] GC(4) Scavenge 75.429ms
[7.495s][debug][gc,ref         ] GC(4) ReferenceProcessor::execute queues: 4, RefProcThreadModel::Multi, marks_oops_alive: false
[7.496s][debug][gc,ref         ] GC(4) Skipped KeepAliveFinalRefsPhase of Reference Processing: no references
[7.496s][debug][gc,ref         ] GC(4) ReferenceProcessor::execute queues: 4, RefProcThreadModel::Multi, marks_oops_alive: false
[7.497s][debug][gc,phases      ] GC(4) Reference Processing 1.480ms
[7.497s][debug][gc,phases      ] GC(4)   VM Weak                        Min:  0.0, Avg:  0.0, Max:  0.0, Diff:  0.0, Sum:  0.0, Workers: 4
[7.497s][debug][gc,phases      ] GC(4)     Dead                           Min: 0, Avg:  0.0, Max: 0, Diff: 0, Sum: 0, Workers: 4
[7.497s][debug][gc,phases      ] GC(4)     Total                          Min: 0, Avg: 141.2, Max: 320, Diff: 320, Sum: 565, Workers: 4
[7.497s][debug][gc,phases      ] GC(4)   ObjectSynchronizer Weak        Min:  0.0, Avg:  0.0, Max:  0.0, Diff:  0.0, Sum:  0.0, Workers: 4
[7.497s][debug][gc,phases      ] GC(4)     Dead                           Min: 0, Avg:  0.2, Max: 1, Diff: 1, Sum: 1, Workers: 4
[7.497s][debug][gc,phases      ] GC(4)     Total                          Min: 0, Avg:  2.8, Max: 11, Diff: 11, Sum: 11, Workers: 4
[7.497s][debug][gc,phases      ] GC(4)   JVMTI Tag Weak OopStorage      Min:  0.0, Avg:  0.0, Max:  0.0, Diff:  0.0, Sum:  0.0, Workers: 4
[7.497s][debug][gc,phases      ] GC(4)     Dead                           Min: 0, Avg:  0.0, Max: 0, Diff: 0, Sum: 0, Workers: 4
[7.497s][debug][gc,phases      ] GC(4)     Total                          Min: 0, Avg:  0.0, Max: 0, Diff: 0, Sum: 0, Workers: 4
[7.497s][debug][gc,phases      ] GC(4)   StringTable Weak               Min:  0.0, Avg:  0.3, Max:  0.6, Diff:  0.6, Sum:  1.3, Workers: 4
[7.497s][debug][gc,phases      ] GC(4)     Dead                           Min: 0, Avg:  4.2, Max: 9, Diff: 9, Sum: 17, Workers: 4
[7.498s][debug][gc,phases      ] GC(4)     Total                          Min: 0, Avg: 8828.2, Max: 17856, Diff: 17856, Sum: 35313, Workers: 4
[7.498s][debug][gc,phases      ] GC(4)   ResolvedMethodTable Weak       Min:  0.0, Avg:  0.1, Max:  0.2, Diff:  0.2, Sum:  0.4, Workers: 4
[7.498s][debug][gc,phases      ] GC(4)     Dead                           Min: 0, Avg: 901.8, Max: 1878, Diff: 1878, Sum: 3607, Workers: 4
[7.498s][debug][gc,phases      ] GC(4)     Total                          Min: 0, Avg: 2680.8, Max: 5440, Diff: 5440, Sum: 10723, Workers: 4
[7.498s][debug][gc,phases      ] GC(4)   JNI Weak                       Min:  0.0, Avg:  0.0, Max:  0.0, Diff:  0.0, Sum:  0.0, Workers: 4
[7.498s][debug][gc,phases      ] GC(4)     Dead                           Min: 0, Avg:  0.0, Max: 0, Diff: 0, Sum: 0, Workers: 4
[7.498s][debug][gc,phases      ] GC(4)     Total                          Min: 0, Avg: 12.2, Max: 49, Diff: 49, Sum: 49, Workers: 4
[7.498s][debug][gc,phases      ] GC(4)   StringDedup Table Weak         Min:  0.0, Avg:  0.0, Max:  0.0, Diff:  0.0, Sum:  0.0, Workers: 4
[7.498s][debug][gc,phases      ] GC(4)     Dead                           Min: 0, Avg:  0.0, Max: 0, Diff: 0, Sum: 0, Workers: 4
[7.498s][debug][gc,phases      ] GC(4)     Total                          Min: 0, Avg:  0.0, Max: 0, Diff: 0, Sum: 0, Workers: 4
[7.498s][debug][gc,phases      ] GC(4)   StringDedup Requests0 Weak     Min:  0.0, Avg:  0.0, Max:  0.0, Diff:  0.0, Sum:  0.0, Workers: 4
[7.498s][debug][gc,phases      ] GC(4)     Dead                           Min: 0, Avg:  0.0, Max: 0, Diff: 0, Sum: 0, Workers: 4
[7.498s][debug][gc,phases      ] GC(4)     Total                          Min: 0, Avg:  0.0, Max: 0, Diff: 0, Sum: 0, Workers: 4
[7.498s][debug][gc,phases      ] GC(4)   StringDedup Requests1 Weak     Min:  0.0, Avg:  0.0, Max:  0.0, Diff:  0.0, Sum:  0.0, Workers: 4
[7.498s][debug][gc,phases      ] GC(4)     Dead                           Min: 0, Avg:  0.0, Max: 0, Diff: 0, Sum: 0, Workers: 4
[7.498s][debug][gc,phases      ] GC(4)     Total                          Min: 0, Avg:  0.0, Max: 0, Diff: 0, Sum: 0, Workers: 4
[7.498s][debug][gc,phases      ] GC(4)   Weak JFR Old Object Samples    Min:  0.0, Avg:  0.0, Max:  0.0, Diff:  0.0, Sum:  0.0, Workers: 4
[7.498s][debug][gc,phases      ] GC(4)     Dead                           Min: 0, Avg:  0.0, Max: 0, Diff: 0, Sum: 0, Workers: 4
[7.498s][debug][gc,phases      ] GC(4)     Total                          Min: 0, Avg:  0.0, Max: 0, Diff: 0, Sum: 0, Workers: 4
[7.498s][debug][gc,phases      ] GC(4) Weak Processing 1.089ms
[7.498s][debug][gc,age         ] GC(4) Desired survivor size 536870912 bytes, new threshold 7 (max threshold 15)
[7.498s][info ][gc,heap        ] GC(4) PSYoungGen: 417288K(1572864K)->111539K(1572864K) Eden: 341769K(1048576K)->0K(1048576K) From: 75518K(524288K)->111539K(524288K)
[7.498s][info ][gc,heap        ] GC(4) ParOldGen: 6045K(6144K)->6069K(6144K)
[7.498s][info ][gc,metaspace   ] GC(4) Metaspace: 58993K(59776K)->58993K(59776K) NonClass: 49905K(50304K)->49905K(50304K) Class: 9087K(9472K)->9087K(9472K)
[7.498s][info ][gc             ] GC(4) Pause Young (Metadata GC Threshold) 413M->114M(1542M) 78.151ms
[7.498s][info ][gc,cpu         ] GC(4) User=0.20s Sys=0.01s Real=0.08s
[7.498s][debug][gc,phases      ] GC(5) Pre Compact 0.009ms
[7.498s][info ][gc,start       ] GC(5) Pause Full (Metadata GC Threshold)
[7.498s][info ][gc,phases,start] GC(5) Marking Phase
[7.560s][debug][gc,phases      ] GC(5) Par Mark 62.731ms
[7.561s][debug][gc,ref         ] GC(5) ReferenceProcessor::execute queues: 4, RefProcThreadModel::Multi, marks_oops_alive: false
[7.561s][debug][gc,ref         ] GC(5) Skipped KeepAliveFinalRefsPhase of Reference Processing: no references
[7.561s][debug][gc,ref         ] GC(5) ReferenceProcessor::execute queues: 1, RefProcThreadModel::Single, marks_oops_alive: false
[7.561s][debug][gc,phases      ] GC(5) Reference Processing 0.339ms
[7.561s][debug][gc,phases      ] GC(5)   VM Weak                        Min:  0.0, Avg:  0.0, Max:  0.0, Diff:  0.0, Sum:  0.0, Workers: 4
[7.561s][debug][gc,phases      ] GC(5)     Dead                           Min: 0, Avg:  0.0, Max: 0, Diff: 0, Sum: 0, Workers: 4
[7.561s][debug][gc,phases      ] GC(5)     Total                          Min: 0, Avg: 141.2, Max: 448, Diff: 448, Sum: 565, Workers: 4
[7.561s][debug][gc,phases      ] GC(5)   ObjectSynchronizer Weak        Min:  0.0, Avg:  0.0, Max:  0.0, Diff:  0.0, Sum:  0.0, Workers: 4
[7.561s][debug][gc,phases      ] GC(5)     Dead                           Min: 0, Avg:  0.0, Max: 0, Diff: 0, Sum: 0, Workers: 4
[7.561s][debug][gc,phases      ] GC(5)     Total                          Min: 0, Avg:  2.8, Max: 11, Diff: 11, Sum: 11, Workers: 4
[7.561s][debug][gc,phases      ] GC(5)   JVMTI Tag Weak OopStorage      Min:  0.0, Avg:  0.0, Max:  0.0, Diff:  0.0, Sum:  0.0, Workers: 4
[7.561s][debug][gc,phases      ] GC(5)     Dead                           Min: 0, Avg:  0.0, Max: 0, Diff: 0, Sum: 0, Workers: 4
[7.561s][debug][gc,phases      ] GC(5)     Total                          Min: 0, Avg:  0.0, Max: 0, Diff: 0, Sum: 0, Workers: 4
[7.561s][debug][gc,phases      ] GC(5)   StringTable Weak               Min:  0.1, Avg:  0.1, Max:  0.1, Diff:  0.0, Sum:  0.5, Workers: 4
[7.561s][debug][gc,phases      ] GC(5)     Dead                           Min: 0, Avg:  0.0, Max: 0, Diff: 0, Sum: 0, Workers: 4
[7.561s][debug][gc,phases      ] GC(5)     Total                          Min: 7537, Avg: 8828.2, Max: 9280, Diff: 1743, Sum: 35313, Workers: 4
[7.561s][debug][gc,phases      ] GC(5)   ResolvedMethodTable Weak       Min:  0.0, Avg:  0.0, Max:  0.0, Diff:  0.0, Sum:  0.1, Workers: 4
[7.561s][debug][gc,phases      ] GC(5)     Dead                           Min: 0, Avg:  0.0, Max: 0, Diff: 0, Sum: 0, Workers: 4
[7.561s][debug][gc,phases      ] GC(5)     Total                          Min: 2560, Avg: 2680.8, Max: 2979, Diff: 419, Sum: 10723, Workers: 4
[7.561s][debug][gc,phases      ] GC(5)   JNI Weak                       Min:  0.0, Avg:  0.0, Max:  0.0, Diff:  0.0, Sum:  0.0, Workers: 4
[7.561s][debug][gc,phases      ] GC(5)     Dead                           Min: 0, Avg:  0.0, Max: 0, Diff: 0, Sum: 0, Workers: 4
[7.561s][debug][gc,phases      ] GC(5)     Total                          Min: 0, Avg: 12.2, Max: 49, Diff: 49, Sum: 49, Workers: 4
[7.561s][debug][gc,phases      ] GC(5)   StringDedup Table Weak         Min:  0.0, Avg:  0.0, Max:  0.0, Diff:  0.0, Sum:  0.0, Workers: 4
[7.561s][debug][gc,phases      ] GC(5)     Dead                           Min: 0, Avg:  0.0, Max: 0, Diff: 0, Sum: 0, Workers: 4
[7.561s][debug][gc,phases      ] GC(5)     Total                          Min: 0, Avg:  0.0, Max: 0, Diff: 0, Sum: 0, Workers: 4
[7.561s][debug][gc,phases      ] GC(5)   StringDedup Requests0 Weak     Min:  0.0, Avg:  0.0, Max:  0.0, Diff:  0.0, Sum:  0.0, Workers: 4
[7.561s][debug][gc,phases      ] GC(5)     Dead                           Min: 0, Avg:  0.0, Max: 0, Diff: 0, Sum: 0, Workers: 4
[7.561s][debug][gc,phases      ] GC(5)     Total                          Min: 0, Avg:  0.0, Max: 0, Diff: 0, Sum: 0, Workers: 4
[7.561s][debug][gc,phases      ] GC(5)   StringDedup Requests1 Weak     Min:  0.0, Avg:  0.0, Max:  0.0, Diff:  0.0, Sum:  0.0, Workers: 4
[7.561s][debug][gc,phases      ] GC(5)     Dead                           Min: 0, Avg:  0.0, Max: 0, Diff: 0, Sum: 0, Workers: 4
[7.561s][debug][gc,phases      ] GC(5)     Total                          Min: 0, Avg:  0.0, Max: 0, Diff: 0, Sum: 0, Workers: 4
[7.561s][debug][gc,phases      ] GC(5)   Weak JFR Old Object Samples    Min:  0.0, Avg:  0.0, Max:  0.0, Diff:  0.0, Sum:  0.0, Workers: 4
[7.561s][debug][gc,phases      ] GC(5)     Dead                           Min: 0, Avg:  0.0, Max: 0, Diff: 0, Sum: 0, Workers: 4
[7.561s][debug][gc,phases      ] GC(5)     Total                          Min: 0, Avg:  0.0, Max: 0, Diff: 0, Sum: 0, Workers: 4
[7.561s][debug][gc,phases      ] GC(5) Weak Processing 0.388ms
[7.561s][debug][gc,phases      ] GC(5) ClassLoaderData 0.079ms
[7.561s][debug][gc,phases      ] GC(5) Trigger cleanups 0.000ms
[7.572s][debug][gc,phases      ] GC(5) Purge Unlinked NMethods 0.312ms
[7.572s][debug][gc,phases      ] GC(5) Unregister NMethods 0.175ms
[7.572s][debug][gc,phases      ] GC(5) Free Code Blobs 0.082ms
[7.572s][debug][gc,phases      ] GC(5) Class Unloading 10.833ms
[7.572s][debug][gc,phases      ] GC(5) Report Object Count 0.001ms
[7.572s][info ][gc,phases      ] GC(5) Marking Phase 74.369ms
[7.572s][info ][gc,phases,start] GC(5) Summary Phase
[7.572s][info ][gc,phases      ] GC(5) Summary Phase 0.008ms
[7.572s][info ][gc,phases,start] GC(5) Adjust Roots
[7.585s][info ][gc,phases      ] GC(5) Adjust Roots 12.703ms
[7.585s][info ][gc,phases,start] GC(5) Compaction Phase
[8.042s][info ][gc,phases      ] GC(5) Compaction Phase 457.056ms
[8.042s][info ][gc,phases,start] GC(5) Post Compact
[8.043s][debug][gc,phases      ] GC(5) Purge Class Loader Data 0.381ms
[8.044s][info ][gc,phases      ] GC(5) Post Compact 1.983ms
[8.044s][info ][gc,heap        ] GC(5) PSYoungGen: 111539K(1572864K)->111277K(1572864K) Eden: 0K(1048576K)->0K(1048576K) From: 111539K(524288K)->111277K(524288K)
[8.044s][info ][gc,heap        ] GC(5) ParOldGen: 6069K(6144K)->6035K(6144K)
[8.044s][info ][gc,metaspace   ] GC(5) Metaspace: 58993K(59776K)->58993K(59776K) NonClass: 49905K(50304K)->49905K(50304K) Class: 9087K(9472K)->9087K(9472K)
[8.044s][info ][gc             ] GC(5) Pause Full (Metadata GC Threshold) 114M->114M(1542M) 546.285ms
[8.044s][info ][gc,cpu         ] GC(5) User=1.13s Sys=0.02s Real=0.54s
[8.044s][info ][safepoint      ] Safepoint "CollectForMetadataAllocation", Time since last: 29083463 ns, Reaching safepoint: 4800 ns, Cleanup: 16300 ns, At safepoint: 624600871 ns, Total: 624621971 ns
[8.052s][info ][safepoint      ] Safepoint "CollectForMetadataAllocation", Time since last: 8109313 ns, Reaching safepoint: 162204 ns, Cleanup: 27801 ns, At safepoint: 22200 ns, Total: 212205 ns
[8.314s][info ][safepoint      ] Safepoint "ICBufferFull", Time since last: 261090743 ns, Reaching safepoint: 5300 ns, Cleanup: 121004 ns, At safepoint: 6200 ns, Total: 132504 ns
[8.437s][info ][safepoint      ] Safepoint "ICBufferFull", Time since last: 123006824 ns, Reaching safepoint: 4700 ns, Cleanup: 115203 ns, At safepoint: 5800 ns, Total: 125703 ns
[8.652s][info ][safepoint      ] Safepoint "ICBufferFull", Time since last: 215192440 ns, Reaching safepoint: 4200 ns, Cleanup: 144504 ns, At safepoint: 2700 ns, Total: 151404 ns
[8.777s][info ][safepoint      ] Safepoint "ICBufferFull", Time since last: 124849873 ns, Reaching safepoint: 4700 ns, Cleanup: 98302 ns, At safepoint: 1900 ns, Total: 104902 ns
[8.985s][info ][safepoint      ] Safepoint "ICBufferFull", Time since last: 207624842 ns, Reaching safepoint: 6700 ns, Cleanup: 160405 ns, At safepoint: 8700 ns, Total: 175805 ns
[9.212s][info ][safepoint      ] Safepoint "ICBufferFull", Time since last: 226691741 ns, Reaching safepoint: 4201 ns, Cleanup: 130503 ns, At safepoint: 1900 ns, Total: 136604 ns
[9.491s][info ][safepoint      ] Safepoint "ICBufferFull", Time since last: 279397223 ns, Reaching safepoint: 6000 ns, Cleanup: 146904 ns, At safepoint: 4800 ns, Total: 157704 ns
[9.690s][info ][safepoint      ] Safepoint "ICBufferFull", Time since last: 198733009 ns, Reaching safepoint: 5800 ns, Cleanup: 132404 ns, At safepoint: 5800 ns, Total: 144004 ns
[10.484s][info ][safepoint      ] Safepoint "ICBufferFull", Time since last: 794194216 ns, Reaching safepoint: 8200 ns, Cleanup: 157804 ns, At safepoint: 9100 ns, Total: 175104 ns
[10.708s][info ][safepoint      ] Safepoint "ICBufferFull", Time since last: 223599361 ns, Reaching safepoint: 80902 ns, Cleanup: 126503 ns, At safepoint: 19701 ns, Total: 227106 ns
[11.742s][info ][safepoint      ] Safepoint "Cleanup", Time since last: 1033241681 ns, Reaching safepoint: 81802 ns, Cleanup: 96903 ns, At safepoint: 14900 ns, Total: 193605 ns
[12.742s][info ][safepoint      ] Safepoint "Cleanup", Time since last: 1000076376 ns, Reaching safepoint: 82503 ns, Cleanup: 16400 ns, At safepoint: 11900 ns, Total: 110803 ns
[14.114s][info ][safepoint      ] Safepoint "Cleanup", Time since last: 1372255092 ns, Reaching safepoint: 3000 ns, Cleanup: 45302 ns, At safepoint: 8600 ns, Total: 56902 ns
[14.298s][info ][safepoint      ] Safepoint "ICBufferFull", Time since last: 183971712 ns, Reaching safepoint: 94502 ns, Cleanup: 116203 ns, At safepoint: 9600 ns, Total: 220305 ns
[14.544s][info ][safepoint      ] Safepoint "ICBufferFull", Time since last: 245097011 ns, Reaching safepoint: 75302 ns, Cleanup: 139704 ns, At safepoint: 11000 ns, Total: 226006 ns
[14.714s][info ][safepoint      ] Safepoint "ICBufferFull", Time since last: 170141150 ns, Reaching safepoint: 5800 ns, Cleanup: 123503 ns, At safepoint: 2300 ns, Total: 131603 ns
[14.897s][info ][safepoint      ] Safepoint "ICBufferFull", Time since last: 183119490 ns, Reaching safepoint: 5300 ns, Cleanup: 125904 ns, At safepoint: 2400 ns, Total: 133604 ns
[15.050s][info ][safepoint      ] Safepoint "ICBufferFull", Time since last: 152840297 ns, Reaching safepoint: 149904 ns, Cleanup: 123503 ns, At safepoint: 16001 ns, Total: 289408 ns
[15.687s][info ][safepoint      ] Safepoint "ICBufferFull", Time since last: 636087037 ns, Reaching safepoint: 5100 ns, Cleanup: 135004 ns, At safepoint: 5300 ns, Total: 145404 ns
[17.084s][info ][safepoint      ] Safepoint "ICBufferFull", Time since last: 1397362548 ns, Reaching safepoint: 6400 ns, Cleanup: 146104 ns, At safepoint: 2900 ns, Total: 155404 ns
[18.084s][info ][safepoint      ] Safepoint "Cleanup", Time since last: 1000120059 ns, Reaching safepoint: 80502 ns, Cleanup: 69402 ns, At safepoint: 6100 ns, Total: 156004 ns
[19.085s][info ][safepoint      ] Safepoint "Cleanup", Time since last: 1000127459 ns, Reaching safepoint: 98802 ns, Cleanup: 54102 ns, At safepoint: 14000 ns, Total: 166904 ns
[20.134s][info ][safepoint      ] Safepoint "ICBufferFull", Time since last: 1049437550 ns, Reaching safepoint: 5600 ns, Cleanup: 144704 ns, At safepoint: 6300 ns, Total: 156604 ns
[20.284s][info ][safepoint      ] Safepoint "ICBufferFull", Time since last: 149334111 ns, Reaching safepoint: 87302 ns, Cleanup: 135504 ns, At safepoint: 10000 ns, Total: 232806 ns
[20.355s][info ][safepoint      ] Safepoint "ICBufferFull", Time since last: 69018507 ns, Reaching safepoint: 2092055 ns, Cleanup: 121903 ns, At safepoint: 14201 ns, Total: 2228159 ns
[20.528s][info ][safepoint      ] Safepoint "ICBufferFull", Time since last: 171754097 ns, Reaching safepoint: 1191932 ns, Cleanup: 158004 ns, At safepoint: 9900 ns, Total: 1359836 ns
[20.676s][info ][safepoint      ] Safepoint "ICBufferFull", Time since last: 147147553 ns, Reaching safepoint: 7901 ns, Cleanup: 161704 ns, At safepoint: 2600 ns, Total: 172205 ns
[20.852s][info ][safepoint      ] Safepoint "ICBufferFull", Time since last: 176154313 ns, Reaching safepoint: 7600 ns, Cleanup: 137004 ns, At safepoint: 8000 ns, Total: 152604 ns
[20.989s][info ][gc,start       ] GC(6) Pause Young (Allocation Failure)
[21.084s][debug][gc,phases      ] GC(6) Scavenge 95.325ms
[21.085s][debug][gc,ref         ] GC(6) ReferenceProcessor::execute queues: 4, RefProcThreadModel::Multi, marks_oops_alive: false
[21.086s][debug][gc,ref         ] GC(6) Skipped KeepAliveFinalRefsPhase of Reference Processing: no references
[21.086s][debug][gc,ref         ] GC(6) ReferenceProcessor::execute queues: 4, RefProcThreadModel::Multi, marks_oops_alive: false
[21.086s][debug][gc,phases      ] GC(6) Reference Processing 2.091ms
[21.087s][debug][gc,phases      ] GC(6)   VM Weak                        Min:  0.0, Avg:  0.0, Max:  0.0, Diff:  0.0, Sum:  0.0, Workers: 4
[21.087s][debug][gc,phases      ] GC(6)     Dead                           Min: 0, Avg:  0.0, Max: 0, Diff: 0, Sum: 0, Workers: 4
[21.087s][debug][gc,phases      ] GC(6)     Total                          Min: 0, Avg: 192.8, Max: 320, Diff: 320, Sum: 771, Workers: 4
[21.087s][debug][gc,phases      ] GC(6)   ObjectSynchronizer Weak        Min:  0.0, Avg:  0.0, Max:  0.0, Diff:  0.0, Sum:  0.0, Workers: 4
[21.087s][debug][gc,phases      ] GC(6)     Dead                           Min: 0, Avg:  1.2, Max: 5, Diff: 5, Sum: 5, Workers: 4
[21.087s][debug][gc,phases      ] GC(6)     Total                          Min: 0, Avg:  7.2, Max: 29, Diff: 29, Sum: 29, Workers: 4
[21.087s][debug][gc,phases      ] GC(6)   JVMTI Tag Weak OopStorage      Min:  0.0, Avg:  0.0, Max:  0.0, Diff:  0.0, Sum:  0.0, Workers: 4
[21.087s][debug][gc,phases      ] GC(6)     Dead                           Min: 0, Avg:  0.0, Max: 0, Diff: 0, Sum: 0, Workers: 4
[21.087s][debug][gc,phases      ] GC(6)     Total                          Min: 0, Avg:  0.0, Max: 0, Diff: 0, Sum: 0, Workers: 4
[21.087s][debug][gc,phases      ] GC(6)   StringTable Weak               Min:  0.0, Avg:  0.4, Max:  0.5, Diff:  0.5, Sum:  1.6, Workers: 4
[21.087s][debug][gc,phases      ] GC(6)     Dead                           Min: 0, Avg:  7.0, Max: 17, Diff: 17, Sum: 28, Workers: 4
[21.087s][debug][gc,phases      ] GC(6)     Total                          Min: 0, Avg: 11411.5, Max: 16206, Diff: 16206, Sum: 45646, Workers: 4
[21.087s][debug][gc,phases      ] GC(6)   ResolvedMethodTable Weak       Min:  0.0, Avg:  0.1, Max:  0.2, Diff:  0.2, Sum:  0.6, Workers: 4
[21.087s][debug][gc,phases      ] GC(6)     Dead                           Min: 0, Avg: 701.5, Max: 1112, Diff: 1112, Sum: 2806, Workers: 4
[21.087s][debug][gc,phases      ] GC(6)     Total                          Min: 0, Avg: 3554.0, Max: 4928, Diff: 4928, Sum: 14216, Workers: 4
[21.087s][debug][gc,phases      ] GC(6)   JNI Weak                       Min:  0.0, Avg:  0.0, Max:  0.0, Diff:  0.0, Sum:  0.0, Workers: 4
[21.087s][debug][gc,phases      ] GC(6)     Dead                           Min: 0, Avg:  0.0, Max: 0, Diff: 0, Sum: 0, Workers: 4
[21.087s][debug][gc,phases      ] GC(6)     Total                          Min: 0, Avg: 17.2, Max: 48, Diff: 48, Sum: 69, Workers: 4
[21.087s][debug][gc,phases      ] GC(6)   StringDedup Table Weak         Min:  0.0, Avg:  0.0, Max:  0.0, Diff:  0.0, Sum:  0.0, Workers: 4
[21.087s][debug][gc,phases      ] GC(6)     Dead                           Min: 0, Avg:  0.0, Max: 0, Diff: 0, Sum: 0, Workers: 4
[21.087s][debug][gc,phases      ] GC(6)     Total                          Min: 0, Avg:  0.0, Max: 0, Diff: 0, Sum: 0, Workers: 4
[21.087s][debug][gc,phases      ] GC(6)   StringDedup Requests0 Weak     Min:  0.0, Avg:  0.0, Max:  0.0, Diff:  0.0, Sum:  0.0, Workers: 4
[21.087s][debug][gc,phases      ] GC(6)     Dead                           Min: 0, Avg:  0.0, Max: 0, Diff: 0, Sum: 0, Workers: 4
[21.087s][debug][gc,phases      ] GC(6)     Total                          Min: 0, Avg:  0.0, Max: 0, Diff: 0, Sum: 0, Workers: 4
[21.087s][debug][gc,phases      ] GC(6)   StringDedup Requests1 Weak     Min:  0.0, Avg:  0.0, Max:  0.0, Diff:  0.0, Sum:  0.0, Workers: 4
[21.087s][debug][gc,phases      ] GC(6)     Dead                           Min: 0, Avg:  0.0, Max: 0, Diff: 0, Sum: 0, Workers: 4
[21.087s][debug][gc,phases      ] GC(6)     Total                          Min: 0, Avg:  0.0, Max: 0, Diff: 0, Sum: 0, Workers: 4
[21.087s][debug][gc,phases      ] GC(6)   Weak JFR Old Object Samples    Min:  0.0, Avg:  0.0, Max:  0.0, Diff:  0.0, Sum:  0.0, Workers: 4
[21.087s][debug][gc,phases      ] GC(6)     Dead                           Min: 0, Avg:  0.0, Max: 0, Diff: 0, Sum: 0, Workers: 4
[21.087s][debug][gc,phases      ] GC(6)     Total                          Min: 0, Avg:  0.0, Max: 0, Diff: 0, Sum: 0, Workers: 4
[21.087s][debug][gc,phases      ] GC(6) Weak Processing 1.077ms
[21.087s][debug][gc,age         ] GC(6) Desired survivor size 536870912 bytes, new threshold 7 (max threshold 15)
[21.087s][info ][gc,heap        ] GC(6) PSYoungGen: 1159853K(1572864K)->159836K(1572864K) Eden: 1048576K(1048576K)->0K(1048576K) From: 111277K(524288K)->159836K(524288K)
[21.087s][info ][gc,heap        ] GC(6) ParOldGen: 6035K(6144K)->6108K(6144K)
[21.087s][info ][gc,metaspace   ] GC(6) Metaspace: 87811K(88832K)->87811K(88832K) NonClass: 74540K(75136K)->74540K(75136K) Class: 13270K(13696K)->13270K(13696K)
[21.087s][info ][gc             ] GC(6) Pause Young (Allocation Failure) 1138M->162M(1542M) 98.671ms
[21.087s][info ][gc,cpu         ] GC(6) User=0.29s Sys=0.04s Real=0.10s
[21.088s][info ][safepoint      ] Safepoint "ParallelGCFailedAllocation", Time since last: 136731581 ns, Reaching safepoint: 7800 ns, Cleanup: 134903 ns, At safepoint: 98790887 ns, Total: 98933590 ns
[21.345s][info ][safepoint      ] Safepoint "ICBufferFull", Time since last: 257405241 ns, Reaching safepoint: 8400 ns, Cleanup: 125804 ns, At safepoint: 8500 ns, Total: 142704 ns
[21.697s][info ][safepoint      ] Safepoint "ICBufferFull", Time since last: 351687010 ns, Reaching safepoint: 5100 ns, Cleanup: 146904 ns, At safepoint: 8800 ns, Total: 160804 ns
[21.876s][info ][safepoint      ] Safepoint "ICBufferFull", Time since last: 179139591 ns, Reaching safepoint: 6800 ns, Cleanup: 142404 ns, At safepoint: 10200 ns, Total: 159404 ns
[21.876s][info ][safepoint      ] Safepoint "ICBufferFull", Time since last: 109903 ns, Reaching safepoint: 79502 ns, Cleanup: 900 ns, At safepoint: 5400 ns, Total: 85802 ns
[22.216s][info ][safepoint      ] Safepoint "ICBufferFull", Time since last: 339650095 ns, Reaching safepoint: 9400 ns, Cleanup: 143104 ns, At safepoint: 3900 ns, Total: 156404 ns
[22.804s][info ][safepoint      ] Safepoint "ICBufferFull", Time since last: 587550886 ns, Reaching safepoint: 87103 ns, Cleanup: 122203 ns, At safepoint: 12900 ns, Total: 222206 ns
[23.404s][info ][safepoint      ] Safepoint "ICBufferFull", Time since last: 599373396 ns, Reaching safepoint: 92603 ns, Cleanup: 126403 ns, At safepoint: 7900 ns, Total: 226906 ns
[23.995s][info ][safepoint      ] Safepoint "ICBufferFull", Time since last: 591335186 ns, Reaching safepoint: 82702 ns, Cleanup: 141503 ns, At safepoint: 8701 ns, Total: 232906 ns
[24.586s][info ][safepoint      ] Safepoint "ICBufferFull", Time since last: 590574965 ns, Reaching safepoint: 9100 ns, Cleanup: 131004 ns, At safepoint: 5800 ns, Total: 145904 ns
[24.888s][info ][safepoint      ] Safepoint "ICBufferFull", Time since last: 302045110 ns, Reaching safepoint: 55501 ns, Cleanup: 175605 ns, At safepoint: 8000 ns, Total: 239106 ns
[25.889s][info ][safepoint      ] Safepoint "Cleanup", Time since last: 1000123491 ns, Reaching safepoint: 82902 ns, Cleanup: 129303 ns, At safepoint: 6100 ns, Total: 218305 ns
[26.836s][info ][safepoint      ] Safepoint "ICBufferFull", Time since last: 946852096 ns, Reaching safepoint: 6900 ns, Cleanup: 164404 ns, At safepoint: 3100 ns, Total: 174404 ns
[27.836s][info ][safepoint      ] Safepoint "Cleanup", Time since last: 1000120191 ns, Reaching safepoint: 78002 ns, Cleanup: 96302 ns, At safepoint: 6801 ns, Total: 181105 ns
[28.836s][info ][safepoint      ] Safepoint "Cleanup", Time since last: 1000124537 ns, Reaching safepoint: 81502 ns, Cleanup: 62202 ns, At safepoint: 7100 ns, Total: 150804 ns
[29.836s][info ][safepoint      ] Safepoint "Cleanup", Time since last: 1000122431 ns, Reaching safepoint: 83002 ns, Cleanup: 70802 ns, At safepoint: 7300 ns, Total: 161104 ns
[30.837s][info ][safepoint      ] Safepoint "Cleanup", Time since last: 1000120532 ns, Reaching safepoint: 82002 ns, Cleanup: 50001 ns, At safepoint: 12100 ns, Total: 144103 ns
[31.837s][info ][safepoint      ] Safepoint "Cleanup", Time since last: 1000138332 ns, Reaching safepoint: 92902 ns, Cleanup: 84202 ns, At safepoint: 11601 ns, Total: 188705 ns
[32.837s][info ][safepoint      ] Safepoint "Cleanup", Time since last: 1000123831 ns, Reaching safepoint: 8300 ns, Cleanup: 39601 ns, At safepoint: 2400 ns, Total: 50301 ns
[33.837s][info ][safepoint      ] Safepoint "Cleanup", Time since last: 1000124432 ns, Reaching safepoint: 80202 ns, Cleanup: 44601 ns, At safepoint: 6600 ns, Total: 131403 ns
[34.838s][info ][safepoint      ] Safepoint "Cleanup", Time since last: 1000109831 ns, Reaching safepoint: 18000 ns, Cleanup: 51302 ns, At safepoint: 6400 ns, Total: 75702 ns
[35.838s][info ][safepoint      ] Safepoint "Cleanup", Time since last: 1000070030 ns, Reaching safepoint: 6700 ns, Cleanup: 40501 ns, At safepoint: 5200 ns, Total: 52401 ns
[36.838s][info ][safepoint      ] Safepoint "Cleanup", Time since last: 1000111804 ns, Reaching safepoint: 79402 ns, Cleanup: 37101 ns, At safepoint: 6301 ns, Total: 122804 ns
[37.838s][info ][safepoint      ] Safepoint "Cleanup", Time since last: 1000137770 ns, Reaching safepoint: 84402 ns, Cleanup: 29400 ns, At safepoint: 7001 ns, Total: 120803 ns
[38.838s][info ][safepoint      ] Safepoint "Cleanup", Time since last: 1000117769 ns, Reaching safepoint: 6600 ns, Cleanup: 52102 ns, At safepoint: 5400 ns, Total: 64102 ns
[39.839s][info ][safepoint      ] Safepoint "Cleanup", Time since last: 1000110469 ns, Reaching safepoint: 81902 ns, Cleanup: 45201 ns, At safepoint: 6900 ns, Total: 134003 ns
[40.839s][info ][safepoint      ] Safepoint "Cleanup", Time since last: 1000118270 ns, Reaching safepoint: 8300 ns, Cleanup: 36401 ns, At safepoint: 3100 ns, Total: 47801 ns
[41.839s][info ][safepoint      ] Safepoint "Cleanup", Time since last: 1000125170 ns, Reaching safepoint: 8600 ns, Cleanup: 16700 ns, At safepoint: 3000 ns, Total: 28300 ns
[42.839s][info ][safepoint      ] Safepoint "Cleanup", Time since last: 1000121070 ns, Reaching safepoint: 7700 ns, Cleanup: 21001 ns, At safepoint: 2700 ns, Total: 31401 ns
[43.839s][info ][safepoint      ] Safepoint "Cleanup", Time since last: 1000128470 ns, Reaching safepoint: 8000 ns, Cleanup: 15200 ns, At safepoint: 2500 ns, Total: 25700 ns
[44.839s][info ][safepoint      ] Safepoint "Cleanup", Time since last: 1000114161 ns, Reaching safepoint: 7000 ns, Cleanup: 25700 ns, At safepoint: 2801 ns, Total: 35501 ns
[45.538s][info ][gc,start       ] GC(7) Pause Young (CodeCache GC Threshold)
[45.638s][debug][gc,phases      ] GC(7) Scavenge 99.486ms
[45.638s][debug][gc,ref         ] GC(7) ReferenceProcessor::execute queues: 4, RefProcThreadModel::Multi, marks_oops_alive: false
[45.639s][debug][gc,ref         ] GC(7) Skipped KeepAliveFinalRefsPhase of Reference Processing: no references
[45.639s][debug][gc,ref         ] GC(7) ReferenceProcessor::execute queues: 1, RefProcThreadModel::Single, marks_oops_alive: false
[45.639s][debug][gc,phases      ] GC(7) Reference Processing 1.276ms
[45.640s][debug][gc,phases      ] GC(7)   VM Weak                        Min:  0.0, Avg:  0.0, Max:  0.0, Diff:  0.0, Sum:  0.0, Workers: 4
[45.640s][debug][gc,phases      ] GC(7)     Dead                           Min: 0, Avg:  0.0, Max: 0, Diff: 0, Sum: 0, Workers: 4
[45.640s][debug][gc,phases      ] GC(7)     Total                          Min: 0, Avg: 198.0, Max: 512, Diff: 512, Sum: 792, Workers: 4
[45.640s][debug][gc,phases      ] GC(7)   ObjectSynchronizer Weak        Min:  0.0, Avg:  0.0, Max:  0.0, Diff:  0.0, Sum:  0.0, Workers: 4
[45.640s][debug][gc,phases      ] GC(7)     Dead                           Min: 0, Avg:  0.0, Max: 0, Diff: 0, Sum: 0, Workers: 4
[45.640s][debug][gc,phases      ] GC(7)     Total                          Min: 0, Avg:  7.5, Max: 30, Diff: 30, Sum: 30, Workers: 4
[45.640s][debug][gc,phases      ] GC(7)   JVMTI Tag Weak OopStorage      Min:  0.0, Avg:  0.0, Max:  0.0, Diff:  0.0, Sum:  0.0, Workers: 4
[45.640s][debug][gc,phases      ] GC(7)     Dead                           Min: 0, Avg:  0.0, Max: 0, Diff: 0, Sum: 0, Workers: 4
[45.640s][debug][gc,phases      ] GC(7)     Total                          Min: 0, Avg:  0.0, Max: 0, Diff: 0, Sum: 0, Workers: 4
[45.640s][debug][gc,phases      ] GC(7)   StringTable Weak               Min:  0.0, Avg:  0.4, Max:  0.8, Diff:  0.8, Sum:  1.7, Workers: 4
[45.640s][debug][gc,phases      ] GC(7)     Dead                           Min: 0, Avg:  1.2, Max: 4, Diff: 4, Sum: 5, Workers: 4
[45.640s][debug][gc,phases      ] GC(7)     Total                          Min: 0, Avg: 11622.0, Max: 23360, Diff: 23360, Sum: 46488, Workers: 4
[45.640s][debug][gc,phases      ] GC(7)   ResolvedMethodTable Weak       Min:  0.0, Avg:  0.1, Max:  0.2, Diff:  0.2, Sum:  0.5, Workers: 4
[45.640s][debug][gc,phases      ] GC(7)     Dead                           Min: 0, Avg: 28.2, Max: 59, Diff: 59, Sum: 113, Workers: 4
[45.640s][debug][gc,phases      ] GC(7)     Total                          Min: 0, Avg: 2931.2, Max: 5299, Diff: 5299, Sum: 11725, Workers: 4
[45.640s][debug][gc,phases      ] GC(7)   JNI Weak                       Min:  0.0, Avg:  0.0, Max:  0.0, Diff:  0.0, Sum:  0.0, Workers: 4
[45.640s][debug][gc,phases      ] GC(7)     Dead                           Min: 0, Avg:  0.0, Max: 0, Diff: 0, Sum: 0, Workers: 4
[45.640s][debug][gc,phases      ] GC(7)     Total                          Min: 0, Avg: 13.2, Max: 53, Diff: 53, Sum: 53, Workers: 4
[45.640s][debug][gc,phases      ] GC(7)   StringDedup Table Weak         Min:  0.0, Avg:  0.0, Max:  0.0, Diff:  0.0, Sum:  0.0, Workers: 4
[45.640s][debug][gc,phases      ] GC(7)     Dead                           Min: 0, Avg:  0.0, Max: 0, Diff: 0, Sum: 0, Workers: 4
[45.640s][debug][gc,phases      ] GC(7)     Total                          Min: 0, Avg:  0.0, Max: 0, Diff: 0, Sum: 0, Workers: 4
[45.640s][debug][gc,phases      ] GC(7)   StringDedup Requests0 Weak     Min:  0.0, Avg:  0.0, Max:  0.0, Diff:  0.0, Sum:  0.0, Workers: 4
[45.640s][debug][gc,phases      ] GC(7)     Dead                           Min: 0, Avg:  0.0, Max: 0, Diff: 0, Sum: 0, Workers: 4
[45.640s][debug][gc,phases      ] GC(7)     Total                          Min: 0, Avg:  0.0, Max: 0, Diff: 0, Sum: 0, Workers: 4
[45.640s][debug][gc,phases      ] GC(7)   StringDedup Requests1 Weak     Min:  0.0, Avg:  0.0, Max:  0.0, Diff:  0.0, Sum:  0.0, Workers: 4
[45.640s][debug][gc,phases      ] GC(7)     Dead                           Min: 0, Avg:  0.0, Max: 0, Diff: 0, Sum: 0, Workers: 4
[45.640s][debug][gc,phases      ] GC(7)     Total                          Min: 0, Avg:  0.0, Max: 0, Diff: 0, Sum: 0, Workers: 4
[45.640s][debug][gc,phases      ] GC(7)   Weak JFR Old Object Samples    Min:  0.0, Avg:  0.0, Max:  0.0, Diff:  0.0, Sum:  0.0, Workers: 4
[45.640s][debug][gc,phases      ] GC(7)     Dead                           Min: 0, Avg:  0.0, Max: 0, Diff: 0, Sum: 0, Workers: 4
[45.640s][debug][gc,phases      ] GC(7)     Total                          Min: 0, Avg:  0.0, Max: 0, Diff: 0, Sum: 0, Workers: 4
[45.640s][debug][gc,phases      ] GC(7) Weak Processing 1.392ms
[45.640s][debug][gc,age         ] GC(7) Desired survivor size 231211008 bytes, new threshold 6 (max threshold 15)
[45.640s][info ][gc,heap        ] GC(7) PSYoungGen: 1206957K(1572864K)->180629K(1572864K) Eden: 1047120K(1048576K)->0K(1048576K) From: 159836K(524288K)->180629K(524288K)
[45.640s][info ][gc,heap        ] GC(7) ParOldGen: 6108K(6144K)->6132K(6144K)
[45.640s][info ][gc,metaspace   ] GC(7) Metaspace: 89742K(90880K)->89742K(90880K) NonClass: 76344K(76992K)->76344K(76992K) Class: 13398K(13888K)->13398K(13888K)
[45.641s][info ][gc             ] GC(7) Pause Young (CodeCache GC Threshold) 1184M->182M(1542M) 102.340ms
[45.641s][info ][gc,cpu         ] GC(7) User=0.27s Sys=0.04s Real=0.10s
[45.641s][debug][gc,phases      ] GC(8) Pre Compact 0.015ms
[45.641s][info ][gc,start       ] GC(8) Pause Full (CodeCache GC Threshold)
[45.641s][info ][gc,phases,start] GC(8) Marking Phase
[45.725s][debug][gc,phases      ] GC(8) Par Mark 84.264ms
[45.725s][debug][gc,ref         ] GC(8) ReferenceProcessor::execute queues: 4, RefProcThreadModel::Multi, marks_oops_alive: false
[45.725s][debug][gc,ref         ] GC(8) Skipped KeepAliveFinalRefsPhase of Reference Processing: no references
[45.725s][debug][gc,ref         ] GC(8) ReferenceProcessor::execute queues: 1, RefProcThreadModel::Single, marks_oops_alive: false
[45.725s][debug][gc,phases      ] GC(8) Reference Processing 0.564ms
[45.726s][debug][gc,phases      ] GC(8)   VM Weak                        Min:  0.0, Avg:  0.0, Max:  0.0, Diff:  0.0, Sum:  0.0, Workers: 4
[45.726s][debug][gc,phases      ] GC(8)     Dead                           Min: 0, Avg:  0.8, Max: 3, Diff: 3, Sum: 3, Workers: 4
[45.726s][debug][gc,phases      ] GC(8)     Total                          Min: 0, Avg: 198.0, Max: 384, Diff: 384, Sum: 792, Workers: 4
[45.726s][debug][gc,phases      ] GC(8)   ObjectSynchronizer Weak        Min:  0.0, Avg:  0.0, Max:  0.0, Diff:  0.0, Sum:  0.0, Workers: 4
[45.726s][debug][gc,phases      ] GC(8)     Dead                           Min: 0, Avg:  0.0, Max: 0, Diff: 0, Sum: 0, Workers: 4
[45.726s][debug][gc,phases      ] GC(8)     Total                          Min: 0, Avg:  7.5, Max: 30, Diff: 30, Sum: 30, Workers: 4
[45.726s][debug][gc,phases      ] GC(8)   JVMTI Tag Weak OopStorage      Min:  0.0, Avg:  0.0, Max:  0.0, Diff:  0.0, Sum:  0.0, Workers: 4
[45.726s][debug][gc,phases      ] GC(8)     Dead                           Min: 0, Avg:  0.0, Max: 0, Diff: 0, Sum: 0, Workers: 4
[45.726s][debug][gc,phases      ] GC(8)     Total                          Min: 0, Avg:  0.0, Max: 0, Diff: 0, Sum: 0, Workers: 4
[45.726s][debug][gc,phases      ] GC(8)   StringTable Weak               Min:  0.0, Avg:  0.2, Max:  0.2, Diff:  0.2, Sum:  0.7, Workers: 4
[45.726s][debug][gc,phases      ] GC(8)     Dead                           Min: 0, Avg:  0.0, Max: 0, Diff: 0, Sum: 0, Workers: 4
[45.726s][debug][gc,phases      ] GC(8)     Total                          Min: 0, Avg: 11622.0, Max: 15744, Diff: 15744, Sum: 46488, Workers: 4
[45.726s][debug][gc,phases      ] GC(8)   ResolvedMethodTable Weak       Min:  0.0, Avg:  0.0, Max:  0.1, Diff:  0.1, Sum:  0.2, Workers: 4
[45.726s][debug][gc,phases      ] GC(8)     Dead                           Min: 0, Avg:  0.8, Max: 2, Diff: 2, Sum: 3, Workers: 4
[45.726s][debug][gc,phases      ] GC(8)     Total                          Min: 0, Avg: 2931.2, Max: 4059, Diff: 4059, Sum: 11725, Workers: 4
[45.726s][debug][gc,phases      ] GC(8)   JNI Weak                       Min:  0.0, Avg:  0.0, Max:  0.0, Diff:  0.0, Sum:  0.0, Workers: 4
[45.726s][debug][gc,phases      ] GC(8)     Dead                           Min: 0, Avg:  0.0, Max: 0, Diff: 0, Sum: 0, Workers: 4
[45.726s][debug][gc,phases      ] GC(8)     Total                          Min: 0, Avg: 13.2, Max: 53, Diff: 53, Sum: 53, Workers: 4
[45.726s][debug][gc,phases      ] GC(8)   StringDedup Table Weak         Min:  0.0, Avg:  0.0, Max:  0.0, Diff:  0.0, Sum:  0.0, Workers: 4
[45.726s][debug][gc,phases      ] GC(8)     Dead                           Min: 0, Avg:  0.0, Max: 0, Diff: 0, Sum: 0, Workers: 4
[45.726s][debug][gc,phases      ] GC(8)     Total                          Min: 0, Avg:  0.0, Max: 0, Diff: 0, Sum: 0, Workers: 4
[45.726s][debug][gc,phases      ] GC(8)   StringDedup Requests0 Weak     Min:  0.0, Avg:  0.0, Max:  0.0, Diff:  0.0, Sum:  0.0, Workers: 4
[45.726s][debug][gc,phases      ] GC(8)     Dead                           Min: 0, Avg:  0.0, Max: 0, Diff: 0, Sum: 0, Workers: 4
[45.726s][debug][gc,phases      ] GC(8)     Total                          Min: 0, Avg:  0.0, Max: 0, Diff: 0, Sum: 0, Workers: 4
[45.726s][debug][gc,phases      ] GC(8)   StringDedup Requests1 Weak     Min:  0.0, Avg:  0.0, Max:  0.0, Diff:  0.0, Sum:  0.0, Workers: 4
[45.726s][debug][gc,phases      ] GC(8)     Dead                           Min: 0, Avg:  0.0, Max: 0, Diff: 0, Sum: 0, Workers: 4
[45.726s][debug][gc,phases      ] GC(8)     Total                          Min: 0, Avg:  0.0, Max: 0, Diff: 0, Sum: 0, Workers: 4
[45.726s][debug][gc,phases      ] GC(8)   Weak JFR Old Object Samples    Min:  0.0, Avg:  0.0, Max:  0.0, Diff:  0.0, Sum:  0.0, Workers: 4
[45.726s][debug][gc,phases      ] GC(8)     Dead                           Min: 0, Avg:  0.0, Max: 0, Diff: 0, Sum: 0, Workers: 4
[45.726s][debug][gc,phases      ] GC(8)     Total                          Min: 0, Avg:  0.0, Max: 0, Diff: 0, Sum: 0, Workers: 4
[45.726s][debug][gc,phases      ] GC(8) Weak Processing 0.552ms
[45.726s][debug][gc,phases      ] GC(8) ClassLoaderData 0.200ms
[45.726s][debug][gc,phases      ] GC(8) Trigger cleanups 0.006ms
[45.760s][debug][gc,phases      ] GC(8) Purge Unlinked NMethods 0.370ms
[45.761s][debug][gc,phases      ] GC(8) Unregister NMethods 1.140ms
[45.761s][debug][gc,phases      ] GC(8) Free Code Blobs 0.063ms
[45.773s][debug][gc,phases      ] GC(8) Class Unloading 47.406ms
[45.774s][debug][gc,phases      ] GC(8) Report Object Count 0.002ms
[45.774s][info ][gc,phases      ] GC(8) Marking Phase 132.928ms
[45.774s][info ][gc,phases,start] GC(8) Summary Phase
[45.774s][info ][gc,phases      ] GC(8) Summary Phase 0.012ms
[45.774s][info ][gc,phases,start] GC(8) Adjust Roots
[45.800s][info ][gc,phases      ] GC(8) Adjust Roots 26.062ms
[45.800s][info ][gc,phases,start] GC(8) Compaction Phase
[46.490s][info ][gc,phases      ] GC(8) Compaction Phase 690.655ms
[46.490s][info ][gc,phases,start] GC(8) Post Compact
[46.492s][debug][gc,phases      ] GC(8) Purge Class Loader Data 1.202ms
[46.498s][info ][gc,phases      ] GC(8) Post Compact 7.403ms
[46.498s][info ][gc,heap        ] GC(8) PSYoungGen: 180629K(1572864K)->179994K(1572864K) Eden: 0K(1048576K)->0K(1048576K) From: 180629K(524288K)->179994K(524288K)
[46.498s][info ][gc,heap        ] GC(8) ParOldGen: 6132K(6144K)->6105K(6144K)
[46.498s][info ][gc,metaspace   ] GC(8) Metaspace: 89742K(90880K)->89737K(90880K) NonClass: 76344K(76992K)->76341K(76992K) Class: 13398K(13888K)->13396K(13888K)
[46.498s][info ][gc             ] GC(8) Pause Full (CodeCache GC Threshold) 182M->181M(1542M) 857.253ms
[46.498s][info ][gc,cpu         ] GC(8) User=1.76s Sys=0.00s Real=0.86s
[46.498s][info ][safepoint      ] Safepoint "ParallelGCSystemGC", Time since last: 698595430 ns, Reaching safepoint: 83602 ns, Cleanup: 15400 ns, At safepoint: 959781271 ns, Total: 959880273 ns
[47.498s][info ][safepoint      ] Safepoint "Cleanup", Time since last: 1000438821 ns, Reaching safepoint: 7800 ns, Cleanup: 90802 ns, At safepoint: 2700 ns, Total: 101302 ns
[48.499s][info ][safepoint      ] Safepoint "Cleanup", Time since last: 1000158213 ns, Reaching safepoint: 9701 ns, Cleanup: 10700 ns, At safepoint: 2600 ns, Total: 23001 ns
[49.499s][info ][safepoint      ] Safepoint "Cleanup", Time since last: 1000117412 ns, Reaching safepoint: 6800 ns, Cleanup: 23801 ns, At safepoint: 2700 ns, Total: 33301 ns
[50.499s][info ][safepoint      ] Safepoint "Cleanup", Time since last: 1000117212 ns, Reaching safepoint: 8500 ns, Cleanup: 27201 ns, At safepoint: 5600 ns, Total: 41301 ns
[51.499s][info ][safepoint      ] Safepoint "Cleanup", Time since last: 1000119312 ns, Reaching safepoint: 9101 ns, Cleanup: 16100 ns, At safepoint: 3000 ns, Total: 28201 ns
[52.499s][info ][safepoint      ] Safepoint "Cleanup", Time since last: 1000168845 ns, Reaching safepoint: 20901 ns, Cleanup: 12500 ns, At safepoint: 2600 ns, Total: 36001 ns
[53.499s][info ][safepoint      ] Safepoint "Cleanup", Time since last: 1000092084 ns, Reaching safepoint: 7200 ns, Cleanup: 12300 ns, At safepoint: 2600 ns, Total: 22100 ns
[54.500s][info ][safepoint      ] Safepoint "Cleanup", Time since last: 1000116184 ns, Reaching safepoint: 7501 ns, Cleanup: 13200 ns, At safepoint: 2300 ns, Total: 23001 ns
[55.500s][info ][safepoint      ] Safepoint "Cleanup", Time since last: 1000117384 ns, Reaching safepoint: 7100 ns, Cleanup: 24001 ns, At safepoint: 2400 ns, Total: 33501 ns
[56.500s][info ][safepoint      ] Safepoint "Cleanup", Time since last: 1000130185 ns, Reaching safepoint: 13100 ns, Cleanup: 20900 ns, At safepoint: 2900 ns, Total: 36900 ns
[57.500s][info ][safepoint      ] Safepoint "Cleanup", Time since last: 1000127585 ns, Reaching safepoint: 9600 ns, Cleanup: 23601 ns, At safepoint: 3100 ns, Total: 36301 ns
[58.500s][info ][safepoint      ] Safepoint "Cleanup", Time since last: 1000134123 ns, Reaching safepoint: 7201 ns, Cleanup: 23400 ns, At safepoint: 2600 ns, Total: 33201 ns
[59.500s][info ][safepoint      ] Safepoint "Cleanup", Time since last: 1000117722 ns, Reaching safepoint: 9600 ns, Cleanup: 36601 ns, At safepoint: 6301 ns, Total: 52502 ns
[61.058s][info ][safepoint      ] Safepoint "Cleanup", Time since last: 1557828843 ns, Reaching safepoint: 6900 ns, Cleanup: 30600 ns, At safepoint: 2500 ns, Total: 40000 ns
[62.058s][info ][safepoint      ] Safepoint "Cleanup", Time since last: 1000091754 ns, Reaching safepoint: 7300 ns, Cleanup: 12300 ns, At safepoint: 2400 ns, Total: 22000 ns
[63.059s][info ][safepoint      ] Safepoint "Cleanup", Time since last: 1000126503 ns, Reaching safepoint: 6901 ns, Cleanup: 24400 ns, At safepoint: 2500 ns, Total: 33801 ns
[64.059s][info ][safepoint      ] Safepoint "Cleanup", Time since last: 1000119203 ns, Reaching safepoint: 5801 ns, Cleanup: 12900 ns, At safepoint: 2400 ns, Total: 21101 ns
[65.059s][info ][safepoint      ] Safepoint "Cleanup", Time since last: 1000115303 ns, Reaching safepoint: 6800 ns, Cleanup: 37801 ns, At safepoint: 6000 ns, Total: 50601 ns
[66.059s][info ][safepoint      ] Safepoint "Cleanup", Time since last: 1000120403 ns, Reaching safepoint: 7001 ns, Cleanup: 35100 ns, At safepoint: 2300 ns, Total: 44401 ns
[67.059s][info ][safepoint      ] Safepoint "Cleanup", Time since last: 1000112803 ns, Reaching safepoint: 6401 ns, Cleanup: 33700 ns, At safepoint: 2200 ns, Total: 42301 ns
[68.059s][info ][safepoint      ] Safepoint "Cleanup", Time since last: 1000111603 ns, Reaching safepoint: 7001 ns, Cleanup: 15900 ns, At safepoint: 2700 ns, Total: 25601 ns
[69.059s][info ][safepoint      ] Safepoint "Cleanup", Time since last: 1000116922 ns, Reaching safepoint: 8300 ns, Cleanup: 14900 ns, At safepoint: 2800 ns, Total: 26000 ns
[70.060s][info ][safepoint      ] Safepoint "Cleanup", Time since last: 1000117725 ns, Reaching safepoint: 9700 ns, Cleanup: 21800 ns, At safepoint: 7000 ns, Total: 38500 ns
[71.060s][info ][safepoint      ] Safepoint "Cleanup", Time since last: 1000094224 ns, Reaching safepoint: 8201 ns, Cleanup: 38600 ns, At safepoint: 3400 ns, Total: 50201 ns
[72.060s][info ][safepoint      ] Safepoint "Cleanup", Time since last: 1000147352 ns, Reaching safepoint: 8100 ns, Cleanup: 15501 ns, At safepoint: 2500 ns, Total: 26101 ns
[73.060s][info ][safepoint      ] Safepoint "Cleanup", Time since last: 1000122941 ns, Reaching safepoint: 9600 ns, Cleanup: 28001 ns, At safepoint: 3200 ns, Total: 40801 ns
[74.060s][info ][safepoint      ] Safepoint "Cleanup", Time since last: 1000098441 ns, Reaching safepoint: 8300 ns, Cleanup: 56602 ns, At safepoint: 3200 ns, Total: 68102 ns
[75.061s][info ][safepoint      ] Safepoint "Cleanup", Time since last: 1000119041 ns, Reaching safepoint: 79202 ns, Cleanup: 92202 ns, At safepoint: 10401 ns, Total: 181805 ns
[76.061s][info ][safepoint      ] Safepoint "Cleanup", Time since last: 1000130841 ns, Reaching safepoint: 7200 ns, Cleanup: 136404 ns, At safepoint: 6300 ns, Total: 149904 ns
[77.061s][info ][safepoint      ] Safepoint "Cleanup", Time since last: 1000327612 ns, Reaching safepoint: 8200 ns, Cleanup: 81002 ns, At safepoint: 2900 ns, Total: 92102 ns
[78.061s][info ][safepoint      ] Safepoint "Cleanup", Time since last: 1000122358 ns, Reaching safepoint: 9700 ns, Cleanup: 54201 ns, At safepoint: 6800 ns, Total: 70701 ns
[79.062s][info ][safepoint      ] Safepoint "Cleanup", Time since last: 1000123358 ns, Reaching safepoint: 9400 ns, Cleanup: 41601 ns, At safepoint: 2600 ns, Total: 53601 ns
[80.062s][info ][safepoint      ] Safepoint "Cleanup", Time since last: 1000583443 ns, Reaching safepoint: 7800 ns, Cleanup: 21600 ns, At safepoint: 2400 ns, Total: 31800 ns
[81.062s][info ][safepoint      ] Safepoint "Cleanup", Time since last: 1000118462 ns, Reaching safepoint: 6200 ns, Cleanup: 23100 ns, At safepoint: 2100 ns, Total: 31400 ns
[82.063s][info ][safepoint      ] Safepoint "Cleanup", Time since last: 1000130062 ns, Reaching safepoint: 10200 ns, Cleanup: 41401 ns, At safepoint: 2400 ns, Total: 54001 ns
[83.063s][info ][safepoint      ] Safepoint "Cleanup", Time since last: 1000073960 ns, Reaching safepoint: 5500 ns, Cleanup: 26601 ns, At safepoint: 2500 ns, Total: 34601 ns
[83.184s][info ][gc,start       ] GC(9) Pause Young (Allocation Failure)
[83.298s][debug][gc,phases      ] GC(9) Scavenge 113.610ms
[83.298s][debug][gc,ref         ] GC(9) ReferenceProcessor::execute queues: 4, RefProcThreadModel::Multi, marks_oops_alive: false
[83.299s][debug][gc,ref         ] GC(9) Skipped KeepAliveFinalRefsPhase of Reference Processing: no references
[83.299s][debug][gc,ref         ] GC(9) ReferenceProcessor::execute queues: 1, RefProcThreadModel::Single, marks_oops_alive: false
[83.299s][debug][gc,phases      ] GC(9) Reference Processing 0.956ms
[83.300s][debug][gc,phases      ] GC(9)   VM Weak                        Min:  0.0, Avg:  0.0, Max:  0.0, Diff:  0.0, Sum:  0.0, Workers: 4
[83.300s][debug][gc,phases      ] GC(9)     Dead                           Min: 0, Avg:  0.0, Max: 0, Diff: 0, Sum: 0, Workers: 4
[83.300s][debug][gc,phases      ] GC(9)     Total                          Min: 0, Avg: 197.2, Max: 509, Diff: 509, Sum: 789, Workers: 4
[83.300s][debug][gc,phases      ] GC(9)   ObjectSynchronizer Weak        Min:  0.0, Avg:  0.0, Max:  0.0, Diff:  0.0, Sum:  0.0, Workers: 4
[83.300s][debug][gc,phases      ] GC(9)     Dead                           Min: 0, Avg:  0.0, Max: 0, Diff: 0, Sum: 0, Workers: 4
[83.300s][debug][gc,phases      ] GC(9)     Total                          Min: 0, Avg:  1.0, Max: 4, Diff: 4, Sum: 4, Workers: 4
[83.300s][debug][gc,phases      ] GC(9)   JVMTI Tag Weak OopStorage      Min:  0.0, Avg:  0.0, Max:  0.0, Diff:  0.0, Sum:  0.0, Workers: 4
[83.300s][debug][gc,phases      ] GC(9)     Dead                           Min: 0, Avg:  0.0, Max: 0, Diff: 0, Sum: 0, Workers: 4
[83.300s][debug][gc,phases      ] GC(9)     Total                          Min: 0, Avg:  0.0, Max: 0, Diff: 0, Sum: 0, Workers: 4
[83.300s][debug][gc,phases      ] GC(9)   StringTable Weak               Min:  0.0, Avg:  0.4, Max:  0.6, Diff:  0.6, Sum:  1.8, Workers: 4
[83.300s][debug][gc,phases      ] GC(9)     Dead                           Min: 0, Avg:  0.8, Max: 3, Diff: 3, Sum: 3, Workers: 4
[83.300s][debug][gc,phases      ] GC(9)     Total                          Min: 0, Avg: 11664.8, Max: 15936, Diff: 15936, Sum: 46659, Workers: 4
[83.300s][debug][gc,phases      ] GC(9)   ResolvedMethodTable Weak       Min:  0.0, Avg:  0.1, Max:  0.2, Diff:  0.2, Sum:  0.5, Workers: 4
[83.300s][debug][gc,phases      ] GC(9)     Dead                           Min: 0, Avg:  8.5, Max: 31, Diff: 31, Sum: 34, Workers: 4
[83.300s][debug][gc,phases      ] GC(9)     Total                          Min: 0, Avg: 2951.0, Max: 4073, Diff: 4073, Sum: 11804, Workers: 4
[83.300s][debug][gc,phases      ] GC(9)   JNI Weak                       Min:  0.0, Avg:  0.0, Max:  0.0, Diff:  0.0, Sum:  0.0, Workers: 4
[83.300s][debug][gc,phases      ] GC(9)     Dead                           Min: 0, Avg:  0.0, Max: 0, Diff: 0, Sum: 0, Workers: 4
[83.300s][debug][gc,phases      ] GC(9)     Total                          Min: 0, Avg: 12.0, Max: 48, Diff: 48, Sum: 48, Workers: 4
[83.300s][debug][gc,phases      ] GC(9)   StringDedup Table Weak         Min:  0.0, Avg:  0.0, Max:  0.0, Diff:  0.0, Sum:  0.0, Workers: 4
[83.300s][debug][gc,phases      ] GC(9)     Dead                           Min: 0, Avg:  0.0, Max: 0, Diff: 0, Sum: 0, Workers: 4
[83.300s][debug][gc,phases      ] GC(9)     Total                          Min: 0, Avg:  0.0, Max: 0, Diff: 0, Sum: 0, Workers: 4
[83.300s][debug][gc,phases      ] GC(9)   StringDedup Requests0 Weak     Min:  0.0, Avg:  0.0, Max:  0.0, Diff:  0.0, Sum:  0.0, Workers: 4
[83.300s][debug][gc,phases      ] GC(9)     Dead                           Min: 0, Avg:  0.0, Max: 0, Diff: 0, Sum: 0, Workers: 4
[83.300s][debug][gc,phases      ] GC(9)     Total                          Min: 0, Avg:  0.0, Max: 0, Diff: 0, Sum: 0, Workers: 4
[83.300s][debug][gc,phases      ] GC(9)   StringDedup Requests1 Weak     Min:  0.0, Avg:  0.0, Max:  0.0, Diff:  0.0, Sum:  0.0, Workers: 4
[83.300s][debug][gc,phases      ] GC(9)     Dead                           Min: 0, Avg:  0.0, Max: 0, Diff: 0, Sum: 0, Workers: 4
[83.300s][debug][gc,phases      ] GC(9)     Total                          Min: 0, Avg:  0.0, Max: 0, Diff: 0, Sum: 0, Workers: 4
[83.300s][debug][gc,phases      ] GC(9)   Weak JFR Old Object Samples    Min:  0.0, Avg:  0.0, Max:  0.0, Diff:  0.0, Sum:  0.0, Workers: 4
[83.300s][debug][gc,phases      ] GC(9)     Dead                           Min: 0, Avg:  0.0, Max: 0, Diff: 0, Sum: 0, Workers: 4
[83.300s][debug][gc,phases      ] GC(9)     Total                          Min: 0, Avg:  0.0, Max: 0, Diff: 0, Sum: 0, Workers: 4
[83.300s][debug][gc,phases      ] GC(9) Weak Processing 1.046ms
[83.300s][debug][gc,age         ] GC(9) Desired survivor size 257425408 bytes, new threshold 5 (max threshold 15)
[83.300s][info ][gc,heap        ] GC(9) PSYoungGen: 1228570K(1572864K)->189662K(1820160K) Eden: 1048576K(1048576K)->0K(1594368K) From: 179994K(524288K)->189662K(225792K)
[83.300s][info ][gc,heap        ] GC(9) ParOldGen: 6105K(6144K)->6377K(6656K)
[83.300s][info ][gc,metaspace   ] GC(9) Metaspace: 89919K(91008K)->89919K(91008K) NonClass: 76495K(77120K)->76495K(77120K) Class: 13424K(13888K)->13424K(13888K)
[83.300s][info ][gc             ] GC(9) Pause Young (Allocation Failure) 1205M->191M(1784M) 115.771ms
[83.300s][info ][gc,cpu         ] GC(9) User=0.34s Sys=0.02s Real=0.11s
[83.300s][info ][safepoint      ] Safepoint "ParallelGCFailedAllocation", Time since last: 121681003 ns, Reaching safepoint: 6600 ns, Cleanup: 4100 ns, At safepoint: 115860065 ns, Total: 115870765 ns
[84.300s][info ][safepoint      ] Safepoint "Cleanup", Time since last: 1000073485 ns, Reaching safepoint: 6201 ns, Cleanup: 28400 ns, At safepoint: 2600 ns, Total: 37201 ns
[84.909s][info ][safepoint      ] Safepoint "ICBufferFull", Time since last: 608370700 ns, Reaching safepoint: 6700 ns, Cleanup: 212105 ns, At safepoint: 8300 ns, Total: 227105 ns
[85.123s][info ][safepoint      ] Safepoint "ICBufferFull", Time since last: 214122198 ns, Reaching safepoint: 83302 ns, Cleanup: 171104 ns, At safepoint: 10100 ns, Total: 264506 ns
[85.391s][info ][safepoint      ] Safepoint "ICBufferFull", Time since last: 267832551 ns, Reaching safepoint: 7101 ns, Cleanup: 163203 ns, At safepoint: 2600 ns, Total: 172904 ns
[85.730s][info ][safepoint      ] Safepoint "ICBufferFull", Time since last: 338651505 ns, Reaching safepoint: 7600 ns, Cleanup: 156304 ns, At safepoint: 3400 ns, Total: 167304 ns
[86.082s][info ][safepoint      ] Safepoint "ICBufferFull", Time since last: 351746010 ns, Reaching safepoint: 8100 ns, Cleanup: 170804 ns, At safepoint: 17000 ns, Total: 195904 ns
[86.345s][info ][safepoint      ] Safepoint "ICBufferFull", Time since last: 262996639 ns, Reaching safepoint: 8700 ns, Cleanup: 217205 ns, At safepoint: 7200 ns, Total: 233105 ns
[86.616s][info ][safepoint      ] Safepoint "ICBufferFull", Time since last: 270790820 ns, Reaching safepoint: 7801 ns, Cleanup: 151403 ns, At safepoint: 2700 ns, Total: 161904 ns
[87.314s][info ][safepoint      ] Safepoint "ICBufferFull", Time since last: 697574882 ns, Reaching safepoint: 93002 ns, Cleanup: 168304 ns, At safepoint: 8800 ns, Total: 270106 ns
[87.940s][info ][safepoint      ] Safepoint "ICBufferFull", Time since last: 626003411 ns, Reaching safepoint: 8001 ns, Cleanup: 169103 ns, At safepoint: 13701 ns, Total: 190805 ns
[88.881s][info ][safepoint      ] Safepoint "ICBufferFull", Time since last: 940617454 ns, Reaching safepoint: 8300 ns, Cleanup: 150304 ns, At safepoint: 10400 ns, Total: 169004 ns
[89.036s][info ][safepoint      ] Safepoint "ParallelGCFailedAllocation", Time since last: 154335302 ns, Reaching safepoint: 68602 ns, Cleanup: 33301 ns, At safepoint: 15100 ns, Total: 117003 ns
[89.036s][info ][gc,start       ] GC(10) Pause Young (GCLocker Initiated GC)
[89.154s][debug][gc,phases      ] GC(10) Scavenge 117.964ms
[89.154s][debug][gc,ref         ] GC(10) ReferenceProcessor::execute queues: 4, RefProcThreadModel::Multi, marks_oops_alive: false
[89.155s][debug][gc,ref         ] GC(10) Skipped KeepAliveFinalRefsPhase of Reference Processing: no references
[89.155s][debug][gc,ref         ] GC(10) ReferenceProcessor::execute queues: 1, RefProcThreadModel::Single, marks_oops_alive: false
[89.155s][debug][gc,phases      ] GC(10) Reference Processing 0.916ms
[89.155s][debug][gc,phases      ] GC(10)   VM Weak                        Min:  0.0, Avg:  0.0, Max:  0.0, Diff:  0.0, Sum:  0.0, Workers: 4
[89.155s][debug][gc,phases      ] GC(10)     Dead                           Min: 0, Avg:  0.0, Max: 0, Diff: 0, Sum: 0, Workers: 4
[89.155s][debug][gc,phases      ] GC(10)     Total                          Min: 192, Avg: 229.2, Max: 277, Diff: 85, Sum: 917, Workers: 4
[89.155s][debug][gc,phases      ] GC(10)   ObjectSynchronizer Weak        Min:  0.0, Avg:  0.0, Max:  0.0, Diff:  0.0, Sum:  0.0, Workers: 4
[89.155s][debug][gc,phases      ] GC(10)     Dead                           Min: 0, Avg:  0.0, Max: 0, Diff: 0, Sum: 0, Workers: 4
[89.155s][debug][gc,phases      ] GC(10)     Total                          Min: 0, Avg:  1.5, Max: 6, Diff: 6, Sum: 6, Workers: 4
[89.155s][debug][gc,phases      ] GC(10)   JVMTI Tag Weak OopStorage      Min:  0.0, Avg:  0.0, Max:  0.0, Diff:  0.0, Sum:  0.0, Workers: 4
[89.156s][debug][gc,phases      ] GC(10)     Dead                           Min: 0, Avg:  0.0, Max: 0, Diff: 0, Sum: 0, Workers: 4
[89.156s][debug][gc,phases      ] GC(10)     Total                          Min: 0, Avg:  0.0, Max: 0, Diff: 0, Sum: 0, Workers: 4
[89.156s][debug][gc,phases      ] GC(10)   StringTable Weak               Min:  0.5, Avg:  0.5, Max:  0.5, Diff:  0.0, Sum:  2.0, Workers: 4
[89.156s][debug][gc,phases      ] GC(10)     Dead                           Min: 0, Avg:  1.0, Max: 2, Diff: 2, Sum: 4, Workers: 4
[89.156s][debug][gc,phases      ] GC(10)     Total                          Min: 9856, Avg: 11847.8, Max: 13184, Diff: 3328, Sum: 47391, Workers: 4
[89.156s][debug][gc,phases      ] GC(10)   ResolvedMethodTable Weak       Min:  0.1, Avg:  0.1, Max:  0.1, Diff:  0.0, Sum:  0.5, Workers: 4
[89.156s][debug][gc,phases      ] GC(10)     Dead                           Min: 39, Avg: 46.5, Max: 54, Diff: 15, Sum: 186, Workers: 4
[89.156s][debug][gc,phases      ] GC(10)     Total                          Min: 2852, Avg: 3179.5, Max: 3345, Diff: 493, Sum: 12718, Workers: 4
[89.156s][debug][gc,phases      ] GC(10)   JNI Weak                       Min:  0.0, Avg:  0.0, Max:  0.0, Diff:  0.0, Sum:  0.0, Workers: 4
[89.156s][debug][gc,phases      ] GC(10)     Dead                           Min: 0, Avg:  0.0, Max: 0, Diff: 0, Sum: 0, Workers: 4
[89.156s][debug][gc,phases      ] GC(10)     Total                          Min: 0, Avg: 14.0, Max: 48, Diff: 48, Sum: 56, Workers: 4
[89.156s][debug][gc,phases      ] GC(10)   StringDedup Table Weak         Min:  0.0, Avg:  0.0, Max:  0.0, Diff:  0.0, Sum:  0.0, Workers: 4
[89.156s][debug][gc,phases      ] GC(10)     Dead                           Min: 0, Avg:  0.0, Max: 0, Diff: 0, Sum: 0, Workers: 4
[89.156s][debug][gc,phases      ] GC(10)     Total                          Min: 0, Avg:  0.0, Max: 0, Diff: 0, Sum: 0, Workers: 4
[89.156s][debug][gc,phases      ] GC(10)   StringDedup Requests0 Weak     Min:  0.0, Avg:  0.0, Max:  0.0, Diff:  0.0, Sum:  0.0, Workers: 4
[89.156s][debug][gc,phases      ] GC(10)     Dead                           Min: 0, Avg:  0.0, Max: 0, Diff: 0, Sum: 0, Workers: 4
[89.156s][debug][gc,phases      ] GC(10)     Total                          Min: 0, Avg:  0.0, Max: 0, Diff: 0, Sum: 0, Workers: 4
[89.156s][debug][gc,phases      ] GC(10)   StringDedup Requests1 Weak     Min:  0.0, Avg:  0.0, Max:  0.0, Diff:  0.0, Sum:  0.0, Workers: 4
[89.156s][debug][gc,phases      ] GC(10)     Dead                           Min: 0, Avg:  0.0, Max: 0, Diff: 0, Sum: 0, Workers: 4
[89.156s][debug][gc,phases      ] GC(10)     Total                          Min: 0, Avg:  0.0, Max: 0, Diff: 0, Sum: 0, Workers: 4
[89.156s][debug][gc,phases      ] GC(10)   Weak JFR Old Object Samples    Min:  0.0, Avg:  0.0, Max:  0.0, Diff:  0.0, Sum:  0.0, Workers: 4
[89.156s][debug][gc,phases      ] GC(10)     Dead                           Min: 0, Avg:  0.0, Max: 0, Diff: 0, Sum: 0, Workers: 4
[89.156s][debug][gc,phases      ] GC(10)     Total                          Min: 0, Avg:  0.0, Max: 0, Diff: 0, Sum: 0, Workers: 4
[89.156s][debug][gc,phases      ] GC(10) Weak Processing 0.898ms
[89.156s][debug][gc,age         ] GC(10) Desired survivor size 253755392 bytes, new threshold 4 (max threshold 15)
[89.156s][info ][gc,heap        ] GC(10) PSYoungGen: 1784030K(1820160K)->153158K(1845760K) Eden: 1594368K(1594368K)->0K(1594368K) From: 189662K(225792K)->153158K(251392K)
[89.156s][info ][gc,heap        ] GC(10) ParOldGen: 6633K(6656K)->79027K(79360K)
[89.156s][info ][gc,metaspace   ] GC(10) Metaspace: 92301K(93504K)->92301K(93504K) NonClass: 78525K(79232K)->78525K(79232K) Class: 13776K(14272K)->13776K(14272K)
[89.156s][info ][gc             ] GC(10) Pause Young (GCLocker Initiated GC) 1748M->226M(1880M) 119.917ms
[89.156s][info ][gc,cpu         ] GC(10) User=0.35s Sys=0.04s Real=0.12s
[89.156s][info ][safepoint      ] Safepoint "ParallelGCSystemGC", Time since last: 178004 ns, Reaching safepoint: 49401 ns, Cleanup: 1400 ns, At safepoint: 120002501 ns, Total: 120053302 ns
[90.016s][info ][safepoint      ] Safepoint "ICBufferFull", Time since last: 857548616 ns, Reaching safepoint: 2379355 ns, Cleanup: 154104 ns, At safepoint: 18701 ns, Total: 2552160 ns
[91.016s][info ][safepoint      ] Safepoint "Cleanup", Time since last: 1000129343 ns, Reaching safepoint: 10200 ns, Cleanup: 189505 ns, At safepoint: 6100 ns, Total: 205805 ns
[92.017s][info ][safepoint      ] Safepoint "Cleanup", Time since last: 1000669656 ns, Reaching safepoint: 10100 ns, Cleanup: 357008 ns, At safepoint: 4100 ns, Total: 371208 ns
[93.018s][info ][safepoint      ] Safepoint "Cleanup", Time since last: 1000166115 ns, Reaching safepoint: 9200 ns, Cleanup: 129103 ns, At safepoint: 3000 ns, Total: 141303 ns
[94.018s][info ][safepoint      ] Safepoint "Cleanup", Time since last: 1000122529 ns, Reaching safepoint: 84402 ns, Cleanup: 78301 ns, At safepoint: 13801 ns, Total: 176504 ns
[95.351s][info ][safepoint      ] Safepoint "ICBufferFull", Time since last: 1332605553 ns, Reaching safepoint: 10000 ns, Cleanup: 177704 ns, At safepoint: 3300 ns, Total: 191004 ns
[96.351s][info ][safepoint      ] Safepoint "Cleanup", Time since last: 1000127029 ns, Reaching safepoint: 6901 ns, Cleanup: 78901 ns, At safepoint: 3300 ns, Total: 89102 ns
[97.641s][info ][safepoint      ] Safepoint "Cleanup", Time since last: 1289521522 ns, Reaching safepoint: 82102 ns, Cleanup: 83402 ns, At safepoint: 13100 ns, Total: 178604 ns
[98.550s][info ][gc,start       ] GC(11) Pause Young (Allocation Failure)
[98.649s][debug][gc,phases      ] GC(11) Scavenge 98.790ms
[98.649s][debug][gc,ref         ] GC(11) ReferenceProcessor::execute queues: 2, RefProcThreadModel::Multi, marks_oops_alive: false
[98.650s][debug][gc,ref         ] GC(11) Skipped KeepAliveFinalRefsPhase of Reference Processing: no references
[98.650s][debug][gc,ref         ] GC(11) ReferenceProcessor::execute queues: 1, RefProcThreadModel::Single, marks_oops_alive: false
[98.650s][debug][gc,phases      ] GC(11) Reference Processing 0.221ms
[98.650s][debug][gc,phases      ] GC(11)   VM Weak                        Min:  0.0, Avg:  0.0, Max:  0.0, Diff:  0.0, Sum:  0.0, Workers: 4
[98.650s][debug][gc,phases      ] GC(11)     Dead                           Min: 0, Avg:  0.0, Max: 0, Diff: 0, Sum: 0, Workers: 4
[98.650s][debug][gc,phases      ] GC(11)     Total                          Min: 0, Avg: 233.2, Max: 512, Diff: 512, Sum: 933, Workers: 4
[98.650s][debug][gc,phases      ] GC(11)   ObjectSynchronizer Weak        Min:  0.0, Avg:  0.0, Max:  0.0, Diff:  0.0, Sum:  0.0, Workers: 4
[98.650s][debug][gc,phases      ] GC(11)     Dead                           Min: 0, Avg:  0.0, Max: 0, Diff: 0, Sum: 0, Workers: 4
[98.650s][debug][gc,phases      ] GC(11)     Total                          Min: 0, Avg:  1.5, Max: 6, Diff: 6, Sum: 6, Workers: 4
[98.650s][debug][gc,phases      ] GC(11)   JVMTI Tag Weak OopStorage      Min:  0.0, Avg:  0.0, Max:  0.0, Diff:  0.0, Sum:  0.0, Workers: 4
[98.650s][debug][gc,phases      ] GC(11)     Dead                           Min: 0, Avg:  0.0, Max: 0, Diff: 0, Sum: 0, Workers: 4
[98.650s][debug][gc,phases      ] GC(11)     Total                          Min: 0, Avg:  0.0, Max: 0, Diff: 0, Sum: 0, Workers: 4
[98.650s][debug][gc,phases      ] GC(11)   StringTable Weak               Min:  0.0, Avg:  0.4, Max:  0.5, Diff:  0.5, Sum:  1.5, Workers: 4
[98.650s][debug][gc,phases      ] GC(11)     Dead                           Min: 0, Avg:  0.5, Max: 2, Diff: 2, Sum: 2, Workers: 4
[98.650s][debug][gc,phases      ] GC(11)     Total                          Min: 0, Avg: 11893.2, Max: 20096, Diff: 20096, Sum: 47573, Workers: 4
[98.650s][debug][gc,phases      ] GC(11)   ResolvedMethodTable Weak       Min:  0.0, Avg:  0.1, Max:  0.1, Diff:  0.1, Sum:  0.4, Workers: 4
[98.650s][debug][gc,phases      ] GC(11)     Dead                           Min: 0, Avg: 18.2, Max: 47, Diff: 47, Sum: 73, Workers: 4
[98.650s][debug][gc,phases      ] GC(11)     Total                          Min: 0, Avg: 3229.8, Max: 5682, Diff: 5682, Sum: 12919, Workers: 4
[98.650s][debug][gc,phases      ] GC(11)   JNI Weak                       Min:  0.0, Avg:  0.0, Max:  0.0, Diff:  0.0, Sum:  0.0, Workers: 4
[98.650s][debug][gc,phases      ] GC(11)     Dead                           Min: 0, Avg:  0.0, Max: 0, Diff: 0, Sum: 0, Workers: 4
[98.650s][debug][gc,phases      ] GC(11)     Total                          Min: 0, Avg: 12.5, Max: 50, Diff: 50, Sum: 50, Workers: 4
[98.650s][debug][gc,phases      ] GC(11)   StringDedup Table Weak         Min:  0.0, Avg:  0.0, Max:  0.0, Diff:  0.0, Sum:  0.0, Workers: 4
[98.650s][debug][gc,phases      ] GC(11)     Dead                           Min: 0, Avg:  0.0, Max: 0, Diff: 0, Sum: 0, Workers: 4
[98.650s][debug][gc,phases      ] GC(11)     Total                          Min: 0, Avg:  0.0, Max: 0, Diff: 0, Sum: 0, Workers: 4
[98.650s][debug][gc,phases      ] GC(11)   StringDedup Requests0 Weak     Min:  0.0, Avg:  0.0, Max:  0.0, Diff:  0.0, Sum:  0.0, Workers: 4
[98.650s][debug][gc,phases      ] GC(11)     Dead                           Min: 0, Avg:  0.0, Max: 0, Diff: 0, Sum: 0, Workers: 4
[98.650s][debug][gc,phases      ] GC(11)     Total                          Min: 0, Avg:  0.0, Max: 0, Diff: 0, Sum: 0, Workers: 4
[98.650s][debug][gc,phases      ] GC(11)   StringDedup Requests1 Weak     Min:  0.0, Avg:  0.0, Max:  0.0, Diff:  0.0, Sum:  0.0, Workers: 4
[98.650s][debug][gc,phases      ] GC(11)     Dead                           Min: 0, Avg:  0.0, Max: 0, Diff: 0, Sum: 0, Workers: 4
[98.650s][debug][gc,phases      ] GC(11)     Total                          Min: 0, Avg:  0.0, Max: 0, Diff: 0, Sum: 0, Workers: 4
[98.650s][debug][gc,phases      ] GC(11)   Weak JFR Old Object Samples    Min:  0.0, Avg:  0.0, Max:  0.0, Diff:  0.0, Sum:  0.0, Workers: 4
[98.650s][debug][gc,phases      ] GC(11)     Dead                           Min: 0, Avg:  0.0, Max: 0, Diff: 0, Sum: 0, Workers: 4
[98.650s][debug][gc,phases      ] GC(11)     Total                          Min: 0, Avg:  0.0, Max: 0, Diff: 0, Sum: 0, Workers: 4
[98.650s][debug][gc,phases      ] GC(11) Weak Processing 0.909ms
[98.650s][debug][gc,age         ] GC(11) Desired survivor size 242745344 bytes, new threshold 3 (max threshold 15)
[98.650s][info ][gc,heap        ] GC(11) PSYoungGen: 1747526K(1845760K)->112030K(1860096K) Eden: 1594368K(1594368K)->0K(1612288K) From: 153158K(251392K)->112030K(247808K)
[98.651s][info ][gc,heap        ] GC(11) ParOldGen: 79181K(79360K)->157819K(158208K)
[98.651s][info ][gc,metaspace   ] GC(11) Metaspace: 92988K(94208K)->92988K(94208K) NonClass: 79134K(79808K)->79134K(79808K) Class: 13854K(14400K)->13854K(14400K)
[98.651s][info ][gc             ] GC(11) Pause Young (Allocation Failure) 1783M->263M(1971M) 100.081ms
[98.651s][info ][gc,cpu         ] GC(11) User=0.26s Sys=0.06s Real=0.10s
[98.651s][info ][safepoint      ] Safepoint "ParallelGCFailedAllocation", Time since last: 909728393 ns, Reaching safepoint: 84902 ns, Cleanup: 28400 ns, At safepoint: 100175945 ns, Total: 100289247 ns
[99.651s][info ][safepoint      ] Safepoint "Cleanup", Time since last: 1000090507 ns, Reaching safepoint: 6900 ns, Cleanup: 58801 ns, At safepoint: 2400 ns, Total: 68101 ns
[100.651s][info ][safepoint      ] Safepoint "Cleanup", Time since last: 1000115160 ns, Reaching safepoint: 7100 ns, Cleanup: 32601 ns, At safepoint: 2400 ns, Total: 42101 ns
[101.651s][info ][safepoint      ] Safepoint "Cleanup", Time since last: 1000113097 ns, Reaching safepoint: 76601 ns, Cleanup: 33701 ns, At safepoint: 8600 ns, Total: 118902 ns
[102.651s][info ][safepoint      ] Safepoint "Cleanup", Time since last: 1000115097 ns, Reaching safepoint: 8300 ns, Cleanup: 34601 ns, At safepoint: 3300 ns, Total: 46201 ns
[103.651s][info ][safepoint      ] Safepoint "Cleanup", Time since last: 1000109797 ns, Reaching safepoint: 8500 ns, Cleanup: 54301 ns, At safepoint: 2200 ns, Total: 65001 ns
[104.652s][info ][safepoint      ] Safepoint "Cleanup", Time since last: 1000113797 ns, Reaching safepoint: 8400 ns, Cleanup: 24601 ns, At safepoint: 7300 ns, Total: 40301 ns
[105.652s][info ][safepoint      ] Safepoint "Cleanup", Time since last: 1000112497 ns, Reaching safepoint: 6100 ns, Cleanup: 23501 ns, At safepoint: 2600 ns, Total: 32201 ns
[106.652s][info ][safepoint      ] Safepoint "Cleanup", Time since last: 1000100396 ns, Reaching safepoint: 8100 ns, Cleanup: 18301 ns, At safepoint: 2600 ns, Total: 29001 ns
[107.652s][info ][safepoint      ] Safepoint "Cleanup", Time since last: 1000112497 ns, Reaching safepoint: 5400 ns, Cleanup: 10000 ns, At safepoint: 2700 ns, Total: 18100 ns
[108.652s][info ][safepoint      ] Safepoint "Cleanup", Time since last: 1000120728 ns, Reaching safepoint: 6300 ns, Cleanup: 14400 ns, At safepoint: 2700 ns, Total: 23400 ns
[109.652s][info ][safepoint      ] Safepoint "Cleanup", Time since last: 1000110455 ns, Reaching safepoint: 7300 ns, Cleanup: 54301 ns, At safepoint: 2500 ns, Total: 64101 ns
[110.653s][info ][safepoint      ] Safepoint "Cleanup", Time since last: 1000110955 ns, Reaching safepoint: 6100 ns, Cleanup: 45701 ns, At safepoint: 2500 ns, Total: 54301 ns
[111.653s][info ][safepoint      ] Safepoint "Cleanup", Time since last: 1000113255 ns, Reaching safepoint: 7201 ns, Cleanup: 65901 ns, At safepoint: 5700 ns, Total: 78802 ns
[112.653s][info ][safepoint      ] Safepoint "Cleanup", Time since last: 1000558664 ns, Reaching safepoint: 84701 ns, Cleanup: 22701 ns, At safepoint: 18200 ns, Total: 125602 ns
[113.654s][info ][safepoint      ] Safepoint "Cleanup", Time since last: 1000106272 ns, Reaching safepoint: 6701 ns, Cleanup: 23200 ns, At safepoint: 2100 ns, Total: 32001 ns
[114.654s][info ][safepoint      ] Safepoint "Cleanup", Time since last: 1000114691 ns, Reaching safepoint: 8800 ns, Cleanup: 33001 ns, At safepoint: 2700 ns, Total: 44501 ns
[115.654s][info ][safepoint      ] Safepoint "Cleanup", Time since last: 1000126691 ns, Reaching safepoint: 8800 ns, Cleanup: 25901 ns, At safepoint: 2200 ns, Total: 36901 ns
[116.654s][info ][safepoint      ] Safepoint "Cleanup", Time since last: 1000372424 ns, Reaching safepoint: 9000 ns, Cleanup: 25100 ns, At safepoint: 3200 ns, Total: 37300 ns
[117.655s][info ][safepoint      ] Safepoint "Cleanup", Time since last: 1000827704 ns, Reaching safepoint: 7000 ns, Cleanup: 11901 ns, At safepoint: 3300 ns, Total: 22201 ns
[118.655s][info ][safepoint      ] Safepoint "Cleanup", Time since last: 1000127688 ns, Reaching safepoint: 10000 ns, Cleanup: 14000 ns, At safepoint: 3400 ns, Total: 27400 ns
[119.655s][info ][safepoint      ] Safepoint "Cleanup", Time since last: 1000146289 ns, Reaching safepoint: 7400 ns, Cleanup: 38401 ns, At safepoint: 2100 ns, Total: 47901 ns
[121.093s][info ][safepoint      ] Safepoint "Cleanup", Time since last: 1437746341 ns, Reaching safepoint: 6600 ns, Cleanup: 26201 ns, At safepoint: 2900 ns, Total: 35701 ns
[122.093s][info ][safepoint      ] Safepoint "Cleanup", Time since last: 1000110287 ns, Reaching safepoint: 8101 ns, Cleanup: 16800 ns, At safepoint: 3200 ns, Total: 28101 ns
[123.094s][info ][safepoint      ] Safepoint "Cleanup", Time since last: 1000129088 ns, Reaching safepoint: 61502 ns, Cleanup: 14600 ns, At safepoint: 9100 ns, Total: 85202 ns
[124.094s][info ][safepoint      ] Safepoint "Cleanup", Time since last: 1000123488 ns, Reaching safepoint: 7300 ns, Cleanup: 21101 ns, At safepoint: 2800 ns, Total: 31201 ns
[125.094s][info ][safepoint      ] Safepoint "Cleanup", Time since last: 1000116675 ns, Reaching safepoint: 85002 ns, Cleanup: 43901 ns, At safepoint: 6400 ns, Total: 135303 ns
[126.094s][info ][safepoint      ] Safepoint "Cleanup", Time since last: 1000107468 ns, Reaching safepoint: 9801 ns, Cleanup: 36000 ns, At safepoint: 6800 ns, Total: 52601 ns
[127.094s][info ][safepoint      ] Safepoint "Cleanup", Time since last: 1000132469 ns, Reaching safepoint: 87402 ns, Cleanup: 12400 ns, At safepoint: 6500 ns, Total: 106302 ns
[127.991s][info ][gc,start       ] GC(12) Pause Young (Allocation Failure)
[128.023s][debug][gc,phases      ] GC(12) Scavenge 31.682ms
[128.023s][debug][gc,ref         ] GC(12) ReferenceProcessor::execute queues: 1, RefProcThreadModel::Single, marks_oops_alive: false
[128.023s][debug][gc,ref         ] GC(12) Skipped KeepAliveFinalRefsPhase of Reference Processing: no references
[128.023s][debug][gc,ref         ] GC(12) ReferenceProcessor::execute queues: 1, RefProcThreadModel::Single, marks_oops_alive: false
[128.023s][debug][gc,phases      ] GC(12) Reference Processing 0.212ms
[128.024s][debug][gc,phases      ] GC(12)   VM Weak                        Min:  0.0, Avg:  0.0, Max:  0.0, Diff:  0.0, Sum:  0.0, Workers: 4
[128.024s][debug][gc,phases      ] GC(12)     Dead                           Min: 0, Avg:  0.0, Max: 0, Diff: 0, Sum: 0, Workers: 4
[128.024s][debug][gc,phases      ] GC(12)     Total                          Min: 0, Avg: 236.8, Max: 563, Diff: 563, Sum: 947, Workers: 4
[128.024s][debug][gc,phases      ] GC(12)   ObjectSynchronizer Weak        Min:  0.0, Avg:  0.0, Max:  0.0, Diff:  0.0, Sum:  0.0, Workers: 4
[128.024s][debug][gc,phases      ] GC(12)     Dead                           Min: 0, Avg:  0.0, Max: 0, Diff: 0, Sum: 0, Workers: 4
[128.024s][debug][gc,phases      ] GC(12)     Total                          Min: 0, Avg:  1.0, Max: 4, Diff: 4, Sum: 4, Workers: 4
[128.024s][debug][gc,phases      ] GC(12)   JVMTI Tag Weak OopStorage      Min:  0.0, Avg:  0.0, Max:  0.0, Diff:  0.0, Sum:  0.0, Workers: 4
[128.024s][debug][gc,phases      ] GC(12)     Dead                           Min: 0, Avg:  0.0, Max: 0, Diff: 0, Sum: 0, Workers: 4
[128.024s][debug][gc,phases      ] GC(12)     Total                          Min: 0, Avg:  0.0, Max: 0, Diff: 0, Sum: 0, Workers: 4
[128.024s][debug][gc,phases      ] GC(12)   StringTable Weak               Min:  0.0, Avg:  0.1, Max:  0.2, Diff:  0.2, Sum:  0.5, Workers: 4
[128.024s][debug][gc,phases      ] GC(12)     Dead                           Min: 0, Avg:  0.8, Max: 3, Diff: 3, Sum: 3, Workers: 4
[128.024s][debug][gc,phases      ] GC(12)     Total                          Min: 0, Avg: 11919.5, Max: 25470, Diff: 25470, Sum: 47678, Workers: 4
[128.024s][debug][gc,phases      ] GC(12)   ResolvedMethodTable Weak       Min:  0.0, Avg:  0.0, Max:  0.1, Diff:  0.1, Sum:  0.2, Workers: 4
[128.024s][debug][gc,phases      ] GC(12)     Dead                           Min: 0, Avg:  6.0, Max: 22, Diff: 22, Sum: 24, Workers: 4
[128.024s][debug][gc,phases      ] GC(12)     Total                          Min: 0, Avg: 3251.0, Max: 7488, Diff: 7488, Sum: 13004, Workers: 4
[128.024s][debug][gc,phases      ] GC(12)   JNI Weak                       Min:  0.0, Avg:  0.0, Max:  0.0, Diff:  0.0, Sum:  0.0, Workers: 4
[128.024s][debug][gc,phases      ] GC(12)     Dead                           Min: 0, Avg:  0.0, Max: 0, Diff: 0, Sum: 0, Workers: 4
[128.024s][debug][gc,phases      ] GC(12)     Total                          Min: 0, Avg: 12.0, Max: 48, Diff: 48, Sum: 48, Workers: 4
[128.024s][debug][gc,phases      ] GC(12)   StringDedup Table Weak         Min:  0.0, Avg:  0.0, Max:  0.0, Diff:  0.0, Sum:  0.0, Workers: 4
[128.024s][debug][gc,phases      ] GC(12)     Dead                           Min: 0, Avg:  0.0, Max: 0, Diff: 0, Sum: 0, Workers: 4
[128.024s][debug][gc,phases      ] GC(12)     Total                          Min: 0, Avg:  0.0, Max: 0, Diff: 0, Sum: 0, Workers: 4
[128.024s][debug][gc,phases      ] GC(12)   StringDedup Requests0 Weak     Min:  0.0, Avg:  0.0, Max:  0.0, Diff:  0.0, Sum:  0.0, Workers: 4
[128.024s][debug][gc,phases      ] GC(12)     Dead                           Min: 0, Avg:  0.0, Max: 0, Diff: 0, Sum: 0, Workers: 4
[128.024s][debug][gc,phases      ] GC(12)     Total                          Min: 0, Avg:  0.0, Max: 0, Diff: 0, Sum: 0, Workers: 4
[128.024s][debug][gc,phases      ] GC(12)   StringDedup Requests1 Weak     Min:  0.0, Avg:  0.0, Max:  0.0, Diff:  0.0, Sum:  0.0, Workers: 4
[128.024s][debug][gc,phases      ] GC(12)     Dead                           Min: 0, Avg:  0.0, Max: 0, Diff: 0, Sum: 0, Workers: 4
[128.024s][debug][gc,phases      ] GC(12)     Total                          Min: 0, Avg:  0.0, Max: 0, Diff: 0, Sum: 0, Workers: 4
[128.024s][debug][gc,phases      ] GC(12)   Weak JFR Old Object Samples    Min:  0.0, Avg:  0.0, Max:  0.0, Diff:  0.0, Sum:  0.0, Workers: 4
[128.024s][debug][gc,phases      ] GC(12)     Dead                           Min: 0, Avg:  0.0, Max: 0, Diff: 0, Sum: 0, Workers: 4
[128.024s][debug][gc,phases      ] GC(12)     Total                          Min: 0, Avg:  0.0, Max: 0, Diff: 0, Sum: 0, Workers: 4
[128.024s][debug][gc,phases      ] GC(12) Weak Processing 0.633ms
[128.024s][debug][gc,age         ] GC(12) Desired survivor size 233308160 bytes, new threshold 2 (max threshold 15)
[128.024s][info ][gc,heap        ] GC(12) PSYoungGen: 1724318K(1860096K)->110529K(1849344K) Eden: 1612288K(1612288K)->0K(1612288K) From: 112030K(247808K)->110529K(237056K)
[128.024s][info ][gc,heap        ] GC(12) ParOldGen: 157819K(158208K)->160347K(161280K)
[128.024s][info ][gc,metaspace   ] GC(12) Metaspace: 93513K(94784K)->93513K(94784K) NonClass: 79633K(80384K)->79633K(80384K) Class: 13879K(14400K)->13879K(14400K)
[128.024s][info ][gc             ] GC(12) Pause Young (Allocation Failure) 1838M->264M(1963M) 32.687ms
[128.024s][info ][gc,cpu         ] GC(12) User=0.10s Sys=0.01s Real=0.04s
[128.024s][info ][safepoint      ] Safepoint "ParallelGCFailedAllocation", Time since last: 897031680 ns, Reaching safepoint: 6500 ns, Cleanup: 11400 ns, At safepoint: 32768364 ns, Total: 32786264 ns
[129.024s][info ][safepoint      ] Safepoint "Cleanup", Time since last: 1000094068 ns, Reaching safepoint: 11100 ns, Cleanup: 20901 ns, At safepoint: 5900 ns, Total: 37901 ns
[130.025s][info ][safepoint      ] Safepoint "Cleanup", Time since last: 1000122669 ns, Reaching safepoint: 9700 ns, Cleanup: 20600 ns, At safepoint: 2800 ns, Total: 33100 ns
[131.025s][info ][safepoint      ] Safepoint "Cleanup", Time since last: 1000129015 ns, Reaching safepoint: 8000 ns, Cleanup: 21201 ns, At safepoint: 2800 ns, Total: 32001 ns
[132.025s][info ][safepoint      ] Safepoint "Cleanup", Time since last: 1000151162 ns, Reaching safepoint: 10301 ns, Cleanup: 21200 ns, At safepoint: 2500 ns, Total: 34001 ns
[133.025s][info ][safepoint      ] Safepoint "Cleanup", Time since last: 1000127321 ns, Reaching safepoint: 11600 ns, Cleanup: 18801 ns, At safepoint: 3200 ns, Total: 33601 ns
[134.025s][info ][safepoint      ] Safepoint "Cleanup", Time since last: 1000133282 ns, Reaching safepoint: 11500 ns, Cleanup: 30101 ns, At safepoint: 3400 ns, Total: 45001 ns
[135.025s][info ][safepoint      ] Safepoint "Cleanup", Time since last: 1000157083 ns, Reaching safepoint: 9300 ns, Cleanup: 21100 ns, At safepoint: 3100 ns, Total: 33500 ns
[137.026s][info ][safepoint      ] Safepoint "Cleanup", Time since last: 2000205463 ns, Reaching safepoint: 11901 ns, Cleanup: 22300 ns, At safepoint: 2900 ns, Total: 37101 ns
[138.026s][info ][safepoint      ] Safepoint "Cleanup", Time since last: 1000138983 ns, Reaching safepoint: 11500 ns, Cleanup: 18800 ns, At safepoint: 3000 ns, Total: 33300 ns
[139.026s][info ][safepoint      ] Safepoint "Cleanup", Time since last: 1000136183 ns, Reaching safepoint: 10900 ns, Cleanup: 16300 ns, At safepoint: 3600 ns, Total: 30800 ns
[140.026s][info ][safepoint      ] Safepoint "Cleanup", Time since last: 1000129483 ns, Reaching safepoint: 11100 ns, Cleanup: 18200 ns, At safepoint: 3200 ns, Total: 32500 ns
[141.026s][info ][safepoint      ] Safepoint "Cleanup", Time since last: 1000124582 ns, Reaching safepoint: 8501 ns, Cleanup: 13600 ns, At safepoint: 2800 ns, Total: 24901 ns
[142.026s][info ][safepoint      ] Safepoint "Cleanup", Time since last: 1000145773 ns, Reaching safepoint: 11500 ns, Cleanup: 19001 ns, At safepoint: 3300 ns, Total: 33801 ns
[143.027s][info ][safepoint      ] Safepoint "Cleanup", Time since last: 1000129273 ns, Reaching safepoint: 9000 ns, Cleanup: 24600 ns, At safepoint: 2401 ns, Total: 36001 ns
[144.027s][info ][safepoint      ] Safepoint "Cleanup", Time since last: 1000123472 ns, Reaching safepoint: 12401 ns, Cleanup: 31000 ns, At safepoint: 2700 ns, Total: 46101 ns
[145.027s][info ][safepoint      ] Safepoint "Cleanup", Time since last: 1000078572 ns, Reaching safepoint: 9100 ns, Cleanup: 20201 ns, At safepoint: 2600 ns, Total: 31901 ns
[146.027s][info ][safepoint      ] Safepoint "Cleanup", Time since last: 1000122472 ns, Reaching safepoint: 9101 ns, Cleanup: 15400 ns, At safepoint: 2500 ns, Total: 27001 ns
[147.027s][info ][safepoint      ] Safepoint "Cleanup", Time since last: 1000117873 ns, Reaching safepoint: 9200 ns, Cleanup: 17900 ns, At safepoint: 7200 ns, Total: 34300 ns
[148.027s][info ][safepoint      ] Safepoint "Cleanup", Time since last: 1000136273 ns, Reaching safepoint: 9601 ns, Cleanup: 17700 ns, At safepoint: 2500 ns, Total: 29801 ns
[149.028s][info ][safepoint      ] Safepoint "Cleanup", Time since last: 1000118464 ns, Reaching safepoint: 8700 ns, Cleanup: 18501 ns, At safepoint: 2700 ns, Total: 29901 ns
[150.028s][info ][safepoint      ] Safepoint "Cleanup", Time since last: 1000311171 ns, Reaching safepoint: 11800 ns, Cleanup: 28901 ns, At safepoint: 2900 ns, Total: 43601 ns
[151.028s][info ][safepoint      ] Safepoint "Cleanup", Time since last: 1000121367 ns, Reaching safepoint: 9601 ns, Cleanup: 38600 ns, At safepoint: 37301 ns, Total: 85502 ns
[152.028s][info ][safepoint      ] Safepoint "Cleanup", Time since last: 1000120268 ns, Reaching safepoint: 9000 ns, Cleanup: 12900 ns, At safepoint: 3600 ns, Total: 25500 ns
[153.028s][info ][safepoint      ] Safepoint "Cleanup", Time since last: 1000124168 ns, Reaching safepoint: 8700 ns, Cleanup: 21100 ns, At safepoint: 3200 ns, Total: 33000 ns
[154.029s][info ][safepoint      ] Safepoint "Cleanup", Time since last: 1000229770 ns, Reaching safepoint: 8400 ns, Cleanup: 17301 ns, At safepoint: 9100 ns, Total: 34801 ns
[155.029s][info ][safepoint      ] Safepoint "Cleanup", Time since last: 1000127314 ns, Reaching safepoint: 9000 ns, Cleanup: 12300 ns, At safepoint: 2800 ns, Total: 24100 ns
[156.029s][info ][safepoint      ] Safepoint "Cleanup", Time since last: 1000119704 ns, Reaching safepoint: 8800 ns, Cleanup: 19600 ns, At safepoint: 2600 ns, Total: 31000 ns
[157.029s][info ][safepoint      ] Safepoint "Cleanup", Time since last: 1000120610 ns, Reaching safepoint: 9100 ns, Cleanup: 17000 ns, At safepoint: 6100 ns, Total: 32200 ns
[157.989s][info ][gc,start       ] GC(13) Pause Young (Allocation Failure)
[158.048s][debug][gc,phases      ] GC(13) Scavenge 58.394ms
[158.048s][debug][gc,ref         ] GC(13) ReferenceProcessor::execute queues: 1, RefProcThreadModel::Single, marks_oops_alive: false
[158.048s][debug][gc,ref         ] GC(13) Skipped KeepAliveFinalRefsPhase of Reference Processing: no references
[158.048s][debug][gc,ref         ] GC(13) ReferenceProcessor::execute queues: 1, RefProcThreadModel::Single, marks_oops_alive: false
[158.048s][debug][gc,phases      ] GC(13) Reference Processing 0.166ms
[158.048s][debug][gc,phases      ] GC(13)   VM Weak                        Min:  0.0, Avg:  0.0, Max:  0.0, Diff:  0.0, Sum:  0.0, Workers: 4
[158.048s][debug][gc,phases      ] GC(13)     Dead                           Min: 0, Avg:  0.0, Max: 0, Diff: 0, Sum: 0, Workers: 4
[158.048s][debug][gc,phases      ] GC(13)     Total                          Min: 0, Avg: 237.0, Max: 512, Diff: 512, Sum: 948, Workers: 4
[158.048s][debug][gc,phases      ] GC(13)   ObjectSynchronizer Weak        Min:  0.0, Avg:  0.0, Max:  0.0, Diff:  0.0, Sum:  0.0, Workers: 4
[158.048s][debug][gc,phases      ] GC(13)     Dead                           Min: 0, Avg:  0.0, Max: 0, Diff: 0, Sum: 0, Workers: 4
[158.048s][debug][gc,phases      ] GC(13)     Total                          Min: 0, Avg:  1.0, Max: 4, Diff: 4, Sum: 4, Workers: 4
[158.048s][debug][gc,phases      ] GC(13)   JVMTI Tag Weak OopStorage      Min:  0.0, Avg:  0.0, Max:  0.0, Diff:  0.0, Sum:  0.0, Workers: 4
[158.048s][debug][gc,phases      ] GC(13)     Dead                           Min: 0, Avg:  0.0, Max: 0, Diff: 0, Sum: 0, Workers: 4
[158.048s][debug][gc,phases      ] GC(13)     Total                          Min: 0, Avg:  0.0, Max: 0, Diff: 0, Sum: 0, Workers: 4
[158.048s][debug][gc,phases      ] GC(13)   StringTable Weak               Min:  0.0, Avg:  0.1, Max:  0.2, Diff:  0.2, Sum:  0.5, Workers: 4
[158.048s][debug][gc,phases      ] GC(13)     Dead                           Min: 0, Avg:  0.0, Max: 0, Diff: 0, Sum: 0, Workers: 4
[158.049s][debug][gc,phases      ] GC(13)     Total                          Min: 0, Avg: 11935.2, Max: 16704, Diff: 16704, Sum: 47741, Workers: 4
[158.049s][debug][gc,phases      ] GC(13)   ResolvedMethodTable Weak       Min:  0.0, Avg:  0.0, Max:  0.1, Diff:  0.1, Sum:  0.2, Workers: 4
[158.049s][debug][gc,phases      ] GC(13)     Dead                           Min: 0, Avg:  0.2, Max: 1, Diff: 1, Sum: 1, Workers: 4
[158.049s][debug][gc,phases      ] GC(13)     Total                          Min: 0, Avg: 3251.8, Max: 4700, Diff: 4700, Sum: 13007, Workers: 4
[158.049s][debug][gc,phases      ] GC(13)   JNI Weak                       Min:  0.0, Avg:  0.0, Max:  0.0, Diff:  0.0, Sum:  0.0, Workers: 4
[158.049s][debug][gc,phases      ] GC(13)     Dead                           Min: 0, Avg:  0.0, Max: 0, Diff: 0, Sum: 0, Workers: 4
[158.049s][debug][gc,phases      ] GC(13)     Total                          Min: 0, Avg: 12.0, Max: 48, Diff: 48, Sum: 48, Workers: 4
[158.049s][debug][gc,phases      ] GC(13)   StringDedup Table Weak         Min:  0.0, Avg:  0.0, Max:  0.0, Diff:  0.0, Sum:  0.0, Workers: 4
[158.049s][debug][gc,phases      ] GC(13)     Dead                           Min: 0, Avg:  0.0, Max: 0, Diff: 0, Sum: 0, Workers: 4
[158.049s][debug][gc,phases      ] GC(13)     Total                          Min: 0, Avg:  0.0, Max: 0, Diff: 0, Sum: 0, Workers: 4
[158.049s][debug][gc,phases      ] GC(13)   StringDedup Requests0 Weak     Min:  0.0, Avg:  0.0, Max:  0.0, Diff:  0.0, Sum:  0.0, Workers: 4
[158.049s][debug][gc,phases      ] GC(13)     Dead                           Min: 0, Avg:  0.0, Max: 0, Diff: 0, Sum: 0, Workers: 4
[158.049s][debug][gc,phases      ] GC(13)     Total                          Min: 0, Avg:  0.0, Max: 0, Diff: 0, Sum: 0, Workers: 4
[158.049s][debug][gc,phases      ] GC(13)   StringDedup Requests1 Weak     Min:  0.0, Avg:  0.0, Max:  0.0, Diff:  0.0, Sum:  0.0, Workers: 4
[158.049s][debug][gc,phases      ] GC(13)     Dead                           Min: 0, Avg:  0.0, Max: 0, Diff: 0, Sum: 0, Workers: 4
[158.049s][debug][gc,phases      ] GC(13)     Total                          Min: 0, Avg:  0.0, Max: 0, Diff: 0, Sum: 0, Workers: 4
[158.049s][debug][gc,phases      ] GC(13)   Weak JFR Old Object Samples    Min:  0.0, Avg:  0.0, Max:  0.0, Diff:  0.0, Sum:  0.0, Workers: 4
[158.049s][debug][gc,phases      ] GC(13)     Dead                           Min: 0, Avg:  0.0, Max: 0, Diff: 0, Sum: 0, Workers: 4
[158.049s][debug][gc,phases      ] GC(13)     Total                          Min: 0, Avg:  0.0, Max: 0, Diff: 0, Sum: 0, Workers: 4
[158.049s][debug][gc,phases      ] GC(13) Weak Processing 0.477ms
[158.049s][debug][gc,age         ] GC(13) Desired survivor size 243793920 bytes, new threshold 1 (max threshold 15)
[158.049s][info ][gc,heap        ] GC(13) PSYoungGen: 1722817K(1849344K)->3488K(1848832K) Eden: 1612288K(1612288K)->0K(1620992K) From: 110529K(237056K)->3488K(227840K)
[158.049s][info ][gc,heap        ] GC(13) ParOldGen: 160347K(161280K)->275770K(275968K)
[158.049s][info ][gc,metaspace   ] GC(13) Metaspace: 93631K(94848K)->93631K(94848K) NonClass: 79751K(80448K)->79751K(80448K) Class: 13880K(14400K)->13880K(14400K)
[158.049s][info ][gc             ] GC(13) Pause Young (Allocation Failure) 1839M->272M(2075M) 59.200ms
[158.049s][info ][gc,cpu         ] GC(13) User=0.11s Sys=0.08s Real=0.06s
[158.049s][info ][safepoint      ] Safepoint "ParallelGCFailedAllocation", Time since last: 960325483 ns, Reaching safepoint: 6800 ns, Cleanup: 10401 ns, At safepoint: 59280307 ns, Total: 59297508 ns
[160.049s][info ][safepoint      ] Safepoint "Cleanup", Time since last: 2000160120 ns, Reaching safepoint: 5500 ns, Cleanup: 7300 ns, At safepoint: 2300 ns, Total: 15100 ns
[161.049s][info ][safepoint      ] Safepoint "Cleanup", Time since last: 1000100161 ns, Reaching safepoint: 7200 ns, Cleanup: 14200 ns, At safepoint: 2400 ns, Total: 23800 ns
[165.049s][info ][safepoint      ] Safepoint "Cleanup", Time since last: 4000314529 ns, Reaching safepoint: 6000 ns, Cleanup: 15700 ns, At safepoint: 2500 ns, Total: 24200 ns
[166.050s][info ][safepoint      ] Safepoint "Cleanup", Time since last: 1000122525 ns, Reaching safepoint: 7301 ns, Cleanup: 24900 ns, At safepoint: 6000 ns, Total: 38201 ns
[167.050s][info ][safepoint      ] Safepoint "Cleanup", Time since last: 1000124425 ns, Reaching safepoint: 6700 ns, Cleanup: 29501 ns, At safepoint: 2500 ns, Total: 38701 ns
[169.050s][info ][safepoint      ] Safepoint "Cleanup", Time since last: 2000185149 ns, Reaching safepoint: 8500 ns, Cleanup: 15300 ns, At safepoint: 2700 ns, Total: 26500 ns
[170.050s][info ][safepoint      ] Safepoint "Cleanup", Time since last: 1000112925 ns, Reaching safepoint: 6300 ns, Cleanup: 15801 ns, At safepoint: 2200 ns, Total: 24301 ns
[171.050s][info ][safepoint      ] Safepoint "Cleanup", Time since last: 1000126225 ns, Reaching safepoint: 6600 ns, Cleanup: 15600 ns, At safepoint: 6800 ns, Total: 29000 ns
[172.050s][info ][safepoint      ] Safepoint "Cleanup", Time since last: 1000099325 ns, Reaching safepoint: 6700 ns, Cleanup: 13500 ns, At safepoint: 2700 ns, Total: 22900 ns
[174.051s][info ][safepoint      ] Safepoint "Cleanup", Time since last: 2000177950 ns, Reaching safepoint: 7200 ns, Cleanup: 12901 ns, At safepoint: 2900 ns, Total: 23001 ns
[175.051s][info ][safepoint      ] Safepoint "Cleanup", Time since last: 1000110391 ns, Reaching safepoint: 7000 ns, Cleanup: 14800 ns, At safepoint: 2300 ns, Total: 24100 ns
[177.051s][info ][safepoint      ] Safepoint "Cleanup", Time since last: 2000348685 ns, Reaching safepoint: 8300 ns, Cleanup: 20601 ns, At safepoint: 2600 ns, Total: 31501 ns
[178.051s][info ][safepoint      ] Safepoint "Cleanup", Time since last: 1000117491 ns, Reaching safepoint: 7100 ns, Cleanup: 20701 ns, At safepoint: 2500 ns, Total: 30301 ns
[179.051s][info ][safepoint      ] Safepoint "Cleanup", Time since last: 1000113491 ns, Reaching safepoint: 6500 ns, Cleanup: 20501 ns, At safepoint: 6100 ns, Total: 33101 ns
[180.051s][info ][safepoint      ] Safepoint "Cleanup", Time since last: 1000122391 ns, Reaching safepoint: 7000 ns, Cleanup: 19901 ns, At safepoint: 2700 ns, Total: 29601 ns
[181.111s][info ][safepoint      ] Safepoint "Cleanup", Time since last: 1059168766 ns, Reaching safepoint: 5600 ns, Cleanup: 16001 ns, At safepoint: 2600 ns, Total: 24201 ns
[182.111s][info ][safepoint      ] Safepoint "Cleanup", Time since last: 1000136709 ns, Reaching safepoint: 7301 ns, Cleanup: 9900 ns, At safepoint: 2100 ns, Total: 19301 ns
[183.111s][info ][safepoint      ] Safepoint "Cleanup", Time since last: 1000109609 ns, Reaching safepoint: 6800 ns, Cleanup: 19900 ns, At safepoint: 2200 ns, Total: 28900 ns
[185.111s][info ][safepoint      ] Safepoint "Cleanup", Time since last: 2000194417 ns, Reaching safepoint: 7201 ns, Cleanup: 8500 ns, At safepoint: 2300 ns, Total: 18001 ns
[187.111s][info ][safepoint      ] Safepoint "Cleanup", Time since last: 2000188917 ns, Reaching safepoint: 5900 ns, Cleanup: 29101 ns, At safepoint: 1900 ns, Total: 36901 ns
[189.112s][info ][safepoint      ] Safepoint "Cleanup", Time since last: 2000176825 ns, Reaching safepoint: 7200 ns, Cleanup: 11201 ns, At safepoint: 2600 ns, Total: 21001 ns
[189.794s][info ][gc,start       ] GC(14) Pause Young (Allocation Failure)
[189.799s][debug][gc,phases      ] GC(14) Scavenge 4.195ms
[189.799s][debug][gc,ref         ] GC(14) ReferenceProcessor::execute queues: 1, RefProcThreadModel::Single, marks_oops_alive: false
[189.799s][debug][gc,ref         ] GC(14) Skipped KeepAliveFinalRefsPhase of Reference Processing: no references
[189.799s][debug][gc,ref         ] GC(14) Skipped PhantomRefsPhase of Reference Processing: no references
[189.799s][debug][gc,phases      ] GC(14) Reference Processing 0.125ms
[189.799s][debug][gc,phases      ] GC(14)   VM Weak                        Min:  0.0, Avg:  0.0, Max:  0.0, Diff:  0.0, Sum:  0.0, Workers: 4
[189.799s][debug][gc,phases      ] GC(14)     Dead                           Min: 0, Avg:  0.0, Max: 0, Diff: 0, Sum: 0, Workers: 4
[189.799s][debug][gc,phases      ] GC(14)     Total                          Min: 0, Avg: 237.0, Max: 884, Diff: 884, Sum: 948, Workers: 4
[189.799s][debug][gc,phases      ] GC(14)   ObjectSynchronizer Weak        Min:  0.0, Avg:  0.0, Max:  0.0, Diff:  0.0, Sum:  0.0, Workers: 4
[189.799s][debug][gc,phases      ] GC(14)     Dead                           Min: 0, Avg:  0.0, Max: 0, Diff: 0, Sum: 0, Workers: 4
[189.799s][debug][gc,phases      ] GC(14)     Total                          Min: 0, Avg:  1.0, Max: 4, Diff: 4, Sum: 4, Workers: 4
[189.799s][debug][gc,phases      ] GC(14)   JVMTI Tag Weak OopStorage      Min:  0.0, Avg:  0.0, Max:  0.0, Diff:  0.0, Sum:  0.0, Workers: 4
[189.799s][debug][gc,phases      ] GC(14)     Dead                           Min: 0, Avg:  0.0, Max: 0, Diff: 0, Sum: 0, Workers: 4
[189.799s][debug][gc,phases      ] GC(14)     Total                          Min: 0, Avg:  0.0, Max: 0, Diff: 0, Sum: 0, Workers: 4
[189.799s][debug][gc,phases      ] GC(14)   StringTable Weak               Min:  0.0, Avg:  0.1, Max:  0.1, Diff:  0.1, Sum:  0.4, Workers: 4
[189.799s][debug][gc,phases      ] GC(14)     Dead                           Min: 0, Avg:  0.0, Max: 0, Diff: 0, Sum: 0, Workers: 4
[189.799s][debug][gc,phases      ] GC(14)     Total                          Min: 0, Avg: 11937.0, Max: 16384, Diff: 16384, Sum: 47748, Workers: 4
[189.799s][debug][gc,phases      ] GC(14)   ResolvedMethodTable Weak       Min:  0.0, Avg:  0.0, Max:  0.0, Diff:  0.0, Sum:  0.1, Workers: 4
[189.799s][debug][gc,phases      ] GC(14)     Dead                           Min: 0, Avg:  0.0, Max: 0, Diff: 0, Sum: 0, Workers: 4
[189.799s][debug][gc,phases      ] GC(14)     Total                          Min: 0, Avg: 3251.8, Max: 4456, Diff: 4456, Sum: 13007, Workers: 4
[189.799s][debug][gc,phases      ] GC(14)   JNI Weak                       Min:  0.0, Avg:  0.0, Max:  0.0, Diff:  0.0, Sum:  0.0, Workers: 4
[189.799s][debug][gc,phases      ] GC(14)     Dead                           Min: 0, Avg:  0.0, Max: 0, Diff: 0, Sum: 0, Workers: 4
[189.799s][debug][gc,phases      ] GC(14)     Total                          Min: 0, Avg: 12.0, Max: 48, Diff: 48, Sum: 48, Workers: 4
[189.799s][debug][gc,phases      ] GC(14)   StringDedup Table Weak         Min:  0.0, Avg:  0.0, Max:  0.0, Diff:  0.0, Sum:  0.0, Workers: 4
[189.799s][debug][gc,phases      ] GC(14)     Dead                           Min: 0, Avg:  0.0, Max: 0, Diff: 0, Sum: 0, Workers: 4
[189.799s][debug][gc,phases      ] GC(14)     Total                          Min: 0, Avg:  0.0, Max: 0, Diff: 0, Sum: 0, Workers: 4
[189.799s][debug][gc,phases      ] GC(14)   StringDedup Requests0 Weak     Min:  0.0, Avg:  0.0, Max:  0.0, Diff:  0.0, Sum:  0.0, Workers: 4
[189.799s][debug][gc,phases      ] GC(14)     Dead                           Min: 0, Avg:  0.0, Max: 0, Diff: 0, Sum: 0, Workers: 4
[189.799s][debug][gc,phases      ] GC(14)     Total                          Min: 0, Avg:  0.0, Max: 0, Diff: 0, Sum: 0, Workers: 4
[189.799s][debug][gc,phases      ] GC(14)   StringDedup Requests1 Weak     Min:  0.0, Avg:  0.0, Max:  0.0, Diff:  0.0, Sum:  0.0, Workers: 4
[189.799s][debug][gc,phases      ] GC(14)     Dead                           Min: 0, Avg:  0.0, Max: 0, Diff: 0, Sum: 0, Workers: 4
[189.799s][debug][gc,phases      ] GC(14)     Total                          Min: 0, Avg:  0.0, Max: 0, Diff: 0, Sum: 0, Workers: 4
[189.799s][debug][gc,phases      ] GC(14)   Weak JFR Old Object Samples    Min:  0.0, Avg:  0.0, Max:  0.0, Diff:  0.0, Sum:  0.0, Workers: 4
[189.799s][debug][gc,phases      ] GC(14)     Dead                           Min: 0, Avg:  0.0, Max: 0, Diff: 0, Sum: 0, Workers: 4
[189.799s][debug][gc,phases      ] GC(14)     Total                          Min: 0, Avg:  0.0, Max: 0, Diff: 0, Sum: 0, Workers: 4
[189.799s][debug][gc,phases      ] GC(14) Weak Processing 0.439ms
[189.799s][debug][gc,age         ] GC(14) Desired survivor size 250609664 bytes, new threshold 1 (max threshold 15)
[189.799s][info ][gc,heap        ] GC(14) PSYoungGen: 1624480K(1848832K)->2208K(1623552K) Eden: 1620992K(1620992K)->0K(1620992K) From: 3488K(227840K)->2208K(2560K)
[189.799s][info ][gc,heap        ] GC(14) ParOldGen: 275770K(275968K)->277259K(277504K)
[189.799s][info ][gc,metaspace   ] GC(14) Metaspace: 93700K(94912K)->93700K(94912K) NonClass: 79820K(80512K)->79820K(80512K) Class: 13880K(14400K)->13880K(14400K)
[189.799s][info ][gc             ] GC(14) Pause Young (Allocation Failure) 1855M->272M(1856M) 4.922ms
[189.799s][info ][gc,cpu         ] GC(14) User=0.01s Sys=0.01s Real=0.01s
[189.799s][info ][safepoint      ] Safepoint "ParallelGCFailedAllocation", Time since last: 682633277 ns, Reaching safepoint: 5500 ns, Cleanup: 7600 ns, At safepoint: 4999513 ns, Total: 5012613 ns
[190.799s][info ][safepoint      ] Safepoint "Cleanup", Time since last: 1000086228 ns, Reaching safepoint: 5700 ns, Cleanup: 9500 ns, At safepoint: 2300 ns, Total: 17500 ns
[191.799s][info ][safepoint      ] Safepoint "Cleanup", Time since last: 1000116129 ns, Reaching safepoint: 6100 ns, Cleanup: 9300 ns, At safepoint: 2600 ns, Total: 18000 ns
[192.800s][info ][safepoint      ] Safepoint "Cleanup", Time since last: 1000119629 ns, Reaching safepoint: 6000 ns, Cleanup: 18301 ns, At safepoint: 2500 ns, Total: 26801 ns
[194.800s][info ][safepoint      ] Safepoint "Cleanup", Time since last: 2000179056 ns, Reaching safepoint: 10600 ns, Cleanup: 14601 ns, At safepoint: 6400 ns, Total: 31601 ns
[195.800s][info ][safepoint      ] Safepoint "Cleanup", Time since last: 1000129229 ns, Reaching safepoint: 6000 ns, Cleanup: 10800 ns, At safepoint: 2300 ns, Total: 19100 ns
[198.800s][info ][safepoint      ] Safepoint "Cleanup", Time since last: 3000231773 ns, Reaching safepoint: 6600 ns, Cleanup: 14700 ns, At safepoint: 2600 ns, Total: 23900 ns
[201.801s][info ][safepoint      ] Safepoint "Cleanup", Time since last: 3000247596 ns, Reaching safepoint: 7500 ns, Cleanup: 13000 ns, At safepoint: 2900 ns, Total: 23400 ns
[203.801s][info ][safepoint      ] Safepoint "Cleanup", Time since last: 2000177524 ns, Reaching safepoint: 7200 ns, Cleanup: 20400 ns, At safepoint: 2600 ns, Total: 30200 ns
[204.801s][info ][safepoint      ] Safepoint "Cleanup", Time since last: 1000114005 ns, Reaching safepoint: 6600 ns, Cleanup: 10500 ns, At safepoint: 2600 ns, Total: 19700 ns
[205.801s][info ][safepoint      ] Safepoint "Cleanup", Time since last: 1000124521 ns, Reaching safepoint: 7900 ns, Cleanup: 9500 ns, At safepoint: 2801 ns, Total: 20201 ns
[206.801s][info ][safepoint      ] Safepoint "Cleanup", Time since last: 1000113620 ns, Reaching safepoint: 6000 ns, Cleanup: 7201 ns, At safepoint: 2600 ns, Total: 15801 ns
[209.801s][info ][safepoint      ] Safepoint "Cleanup", Time since last: 3000255860 ns, Reaching safepoint: 7700 ns, Cleanup: 14300 ns, At safepoint: 3000 ns, Total: 25000 ns
[210.802s][info ][safepoint      ] Safepoint "Cleanup", Time since last: 1000072220 ns, Reaching safepoint: 7200 ns, Cleanup: 31001 ns, At safepoint: 2600 ns, Total: 40801 ns
[211.802s][info ][safepoint      ] Safepoint "Cleanup", Time since last: 1000116221 ns, Reaching safepoint: 6200 ns, Cleanup: 22600 ns, At safepoint: 12101 ns, Total: 40901 ns
[213.802s][info ][safepoint      ] Safepoint "Cleanup", Time since last: 2000190292 ns, Reaching safepoint: 8200 ns, Cleanup: 11001 ns, At safepoint: 2500 ns, Total: 21701 ns
[214.802s][info ][safepoint      ] Safepoint "Cleanup", Time since last: 1000079086 ns, Reaching safepoint: 7000 ns, Cleanup: 20201 ns, At safepoint: 3100 ns, Total: 30301 ns
[215.802s][info ][safepoint      ] Safepoint "Cleanup", Time since last: 1000080787 ns, Reaching safepoint: 6700 ns, Cleanup: 14200 ns, At safepoint: 2300 ns, Total: 23200 ns
[216.802s][info ][safepoint      ] Safepoint "Cleanup", Time since last: 1000128688 ns, Reaching safepoint: 8500 ns, Cleanup: 29101 ns, At safepoint: 3100 ns, Total: 40701 ns
[217.802s][info ][safepoint      ] Safepoint "Cleanup", Time since last: 1000117887 ns, Reaching safepoint: 11201 ns, Cleanup: 10900 ns, At safepoint: 7000 ns, Total: 29101 ns
[218.494s][info ][gc,start       ] GC(15) Pause Young (Allocation Failure)
[218.497s][debug][gc,phases      ] GC(15) Scavenge 3.176ms
[218.497s][debug][gc,ref         ] GC(15) ReferenceProcessor::execute queues: 1, RefProcThreadModel::Single, marks_oops_alive: false
[218.497s][debug][gc,ref         ] GC(15) Skipped KeepAliveFinalRefsPhase of Reference Processing: no references
[218.497s][debug][gc,ref         ] GC(15) ReferenceProcessor::execute queues: 1, RefProcThreadModel::Single, marks_oops_alive: false
[218.497s][debug][gc,phases      ] GC(15) Reference Processing 0.120ms
[218.497s][debug][gc,phases      ] GC(15)   VM Weak                        Min:  0.0, Avg:  0.0, Max:  0.0, Diff:  0.0, Sum:  0.0, Workers: 4
[218.497s][debug][gc,phases      ] GC(15)     Dead                           Min: 0, Avg:  0.0, Max: 0, Diff: 0, Sum: 0, Workers: 4
[218.497s][debug][gc,phases      ] GC(15)     Total                          Min: 0, Avg: 240.0, Max: 512, Diff: 512, Sum: 960, Workers: 4
[218.497s][debug][gc,phases      ] GC(15)   ObjectSynchronizer Weak        Min:  0.0, Avg:  0.0, Max:  0.0, Diff:  0.0, Sum:  0.0, Workers: 4
[218.497s][debug][gc,phases      ] GC(15)     Dead                           Min: 0, Avg:  0.0, Max: 0, Diff: 0, Sum: 0, Workers: 4
[218.497s][debug][gc,phases      ] GC(15)     Total                          Min: 0, Avg:  1.0, Max: 4, Diff: 4, Sum: 4, Workers: 4
[218.497s][debug][gc,phases      ] GC(15)   JVMTI Tag Weak OopStorage      Min:  0.0, Avg:  0.0, Max:  0.0, Diff:  0.0, Sum:  0.0, Workers: 4
[218.497s][debug][gc,phases      ] GC(15)     Dead                           Min: 0, Avg:  0.0, Max: 0, Diff: 0, Sum: 0, Workers: 4
[218.497s][debug][gc,phases      ] GC(15)     Total                          Min: 0, Avg:  0.0, Max: 0, Diff: 0, Sum: 0, Workers: 4
[218.497s][debug][gc,phases      ] GC(15)   StringTable Weak               Min:  0.0, Avg:  0.1, Max:  0.1, Diff:  0.1, Sum:  0.4, Workers: 4
[218.497s][debug][gc,phases      ] GC(15)     Dead                           Min: 0, Avg:  0.2, Max: 1, Diff: 1, Sum: 1, Workers: 4
[218.497s][debug][gc,phases      ] GC(15)     Total                          Min: 0, Avg: 11951.5, Max: 16958, Diff: 16958, Sum: 47806, Workers: 4
[218.497s][debug][gc,phases      ] GC(15)   ResolvedMethodTable Weak       Min:  0.0, Avg:  0.0, Max:  0.0, Diff:  0.0, Sum:  0.1, Workers: 4
[218.497s][debug][gc,phases      ] GC(15)     Dead                           Min: 0, Avg:  1.0, Max: 4, Diff: 4, Sum: 4, Workers: 4
[218.497s][debug][gc,phases      ] GC(15)     Total                          Min: 0, Avg: 3268.2, Max: 4692, Diff: 4692, Sum: 13073, Workers: 4
[218.497s][debug][gc,phases      ] GC(15)   JNI Weak                       Min:  0.0, Avg:  0.0, Max:  0.0, Diff:  0.0, Sum:  0.0, Workers: 4
[218.497s][debug][gc,phases      ] GC(15)     Dead                           Min: 0, Avg:  0.0, Max: 0, Diff: 0, Sum: 0, Workers: 4
[218.498s][debug][gc,phases      ] GC(15)     Total                          Min: 0, Avg: 12.0, Max: 48, Diff: 48, Sum: 48, Workers: 4
[218.498s][debug][gc,phases      ] GC(15)   StringDedup Table Weak         Min:  0.0, Avg:  0.0, Max:  0.0, Diff:  0.0, Sum:  0.0, Workers: 4
[218.498s][debug][gc,phases      ] GC(15)     Dead                           Min: 0, Avg:  0.0, Max: 0, Diff: 0, Sum: 0, Workers: 4
[218.498s][debug][gc,phases      ] GC(15)     Total                          Min: 0, Avg:  0.0, Max: 0, Diff: 0, Sum: 0, Workers: 4
[218.498s][debug][gc,phases      ] GC(15)   StringDedup Requests0 Weak     Min:  0.0, Avg:  0.0, Max:  0.0, Diff:  0.0, Sum:  0.0, Workers: 4
[218.498s][debug][gc,phases      ] GC(15)     Dead                           Min: 0, Avg:  0.0, Max: 0, Diff: 0, Sum: 0, Workers: 4
[218.498s][debug][gc,phases      ] GC(15)     Total                          Min: 0, Avg:  0.0, Max: 0, Diff: 0, Sum: 0, Workers: 4
[218.498s][debug][gc,phases      ] GC(15)   StringDedup Requests1 Weak     Min:  0.0, Avg:  0.0, Max:  0.0, Diff:  0.0, Sum:  0.0, Workers: 4
[218.498s][debug][gc,phases      ] GC(15)     Dead                           Min: 0, Avg:  0.0, Max: 0, Diff: 0, Sum: 0, Workers: 4
[218.498s][debug][gc,phases      ] GC(15)     Total                          Min: 0, Avg:  0.0, Max: 0, Diff: 0, Sum: 0, Workers: 4
[218.498s][debug][gc,phases      ] GC(15)   Weak JFR Old Object Samples    Min:  0.0, Avg:  0.0, Max:  0.0, Diff:  0.0, Sum:  0.0, Workers: 4
[218.498s][debug][gc,phases      ] GC(15)     Dead                           Min: 0, Avg:  0.0, Max: 0, Diff: 0, Sum: 0, Workers: 4
[218.498s][debug][gc,phases      ] GC(15)     Total                          Min: 0, Avg:  0.0, Max: 0, Diff: 0, Sum: 0, Workers: 4
[218.498s][debug][gc,phases      ] GC(15) Weak Processing 0.438ms
[218.498s][debug][gc,age         ] GC(15) Desired survivor size 253231104 bytes, new threshold 1 (max threshold 15)
[218.498s][info ][gc,heap        ] GC(15) PSYoungGen: 1623200K(1623552K)->2064K(1847296K) Eden: 1620992K(1620992K)->0K(1602560K) From: 2208K(2560K)->2064K(244736K)
[218.498s][info ][gc,heap        ] GC(15) ParOldGen: 277259K(277504K)->277847K(278016K)
[218.498s][info ][gc,metaspace   ] GC(15) Metaspace: 93876K(95104K)->93876K(95104K) NonClass: 79973K(80640K)->79973K(80640K) Class: 13902K(14464K)->13902K(14464K)
[218.498s][info ][gc             ] GC(15) Pause Young (Allocation Failure) 1855M->273M(2075M) 3.898ms
[218.498s][info ][gc,cpu         ] GC(15) User=0.01s Sys=0.00s Real=0.01s
[218.498s][info ][safepoint      ] Safepoint "ParallelGCFailedAllocation", Time since last: 691252643 ns, Reaching safepoint: 5700 ns, Cleanup: 10100 ns, At safepoint: 3979590 ns, Total: 3995390 ns
[219.498s][info ][safepoint      ] Safepoint "Cleanup", Time since last: 1000089586 ns, Reaching safepoint: 6101 ns, Cleanup: 25500 ns, At safepoint: 3100 ns, Total: 34701 ns
[220.498s][info ][safepoint      ] Safepoint "Cleanup", Time since last: 1000112789 ns, Reaching safepoint: 6101 ns, Cleanup: 10800 ns, At safepoint: 2400 ns, Total: 19301 ns
[221.498s][info ][safepoint      ] Safepoint "Cleanup", Time since last: 1000110495 ns, Reaching safepoint: 7000 ns, Cleanup: 9800 ns, At safepoint: 2800 ns, Total: 19600 ns
[222.498s][info ][safepoint      ] Safepoint "Cleanup", Time since last: 1000131396 ns, Reaching safepoint: 7400 ns, Cleanup: 9600 ns, At safepoint: 7800 ns, Total: 24800 ns
[223.498s][info ][safepoint      ] Safepoint "Cleanup", Time since last: 1000121595 ns, Reaching safepoint: 6200 ns, Cleanup: 9401 ns, At safepoint: 2400 ns, Total: 18001 ns
[224.499s][info ][safepoint      ] Safepoint "Cleanup", Time since last: 1000136695 ns, Reaching safepoint: 6200 ns, Cleanup: 10001 ns, At safepoint: 2800 ns, Total: 19001 ns
[225.499s][info ][safepoint      ] Safepoint "Cleanup", Time since last: 1000114695 ns, Reaching safepoint: 7100 ns, Cleanup: 9300 ns, At safepoint: 2900 ns, Total: 19300 ns
[226.499s][info ][safepoint      ] Safepoint "Cleanup", Time since last: 1000125895 ns, Reaching safepoint: 5700 ns, Cleanup: 7301 ns, At safepoint: 7900 ns, Total: 20901 ns
[227.499s][info ][safepoint      ] Safepoint "Cleanup", Time since last: 1000114195 ns, Reaching safepoint: 6300 ns, Cleanup: 11300 ns, At safepoint: 2400 ns, Total: 20000 ns
[228.499s][info ][safepoint      ] Safepoint "Cleanup", Time since last: 1000119537 ns, Reaching safepoint: 6601 ns, Cleanup: 8400 ns, At safepoint: 2700 ns, Total: 17701 ns
[230.499s][info ][safepoint      ] Safepoint "Cleanup", Time since last: 2000177022 ns, Reaching safepoint: 5601 ns, Cleanup: 9600 ns, At safepoint: 2300 ns, Total: 17501 ns
[235.500s][info ][safepoint      ] Safepoint "Cleanup", Time since last: 5000417856 ns, Reaching safepoint: 6300 ns, Cleanup: 16400 ns, At safepoint: 2700 ns, Total: 25400 ns
[236.500s][info ][safepoint      ] Safepoint "Cleanup", Time since last: 1000115083 ns, Reaching safepoint: 7400 ns, Cleanup: 16200 ns, At safepoint: 2900 ns, Total: 26500 ns
[239.500s][info ][safepoint      ] Safepoint "Cleanup", Time since last: 3000254155 ns, Reaching safepoint: 6100 ns, Cleanup: 11701 ns, At safepoint: 2700 ns, Total: 20501 ns
[241.129s][info ][safepoint      ] Safepoint "Cleanup", Time since last: 1629105458 ns, Reaching safepoint: 9601 ns, Cleanup: 29500 ns, At safepoint: 2900 ns, Total: 42001 ns
[242.129s][info ][safepoint      ] Safepoint "Cleanup", Time since last: 1000148653 ns, Reaching safepoint: 9001 ns, Cleanup: 19900 ns, At safepoint: 7800 ns, Total: 36701 ns
[244.130s][info ][safepoint      ] Safepoint "Cleanup", Time since last: 2000201104 ns, Reaching safepoint: 7700 ns, Cleanup: 17001 ns, At safepoint: 6400 ns, Total: 31101 ns
[245.130s][info ][safepoint      ] Safepoint "Cleanup", Time since last: 1000131215 ns, Reaching safepoint: 8700 ns, Cleanup: 18200 ns, At safepoint: 2900 ns, Total: 29800 ns
[247.181s][info ][gc,start       ] GC(16) Pause Young (Allocation Failure)
[247.186s][debug][gc,phases      ] GC(16) Scavenge 4.206ms
[247.186s][debug][gc,ref         ] GC(16) ReferenceProcessor::execute queues: 1, RefProcThreadModel::Single, marks_oops_alive: false
[247.186s][debug][gc,ref         ] GC(16) Skipped KeepAliveFinalRefsPhase of Reference Processing: no references
[247.186s][debug][gc,ref         ] GC(16) Skipped PhantomRefsPhase of Reference Processing: no references
[247.186s][debug][gc,phases      ] GC(16) Reference Processing 0.114ms
[247.186s][debug][gc,phases      ] GC(16)   VM Weak                        Min:  0.0, Avg:  0.0, Max:  0.0, Diff:  0.0, Sum:  0.0, Workers: 4
[247.186s][debug][gc,phases      ] GC(16)     Dead                           Min: 0, Avg:  0.0, Max: 0, Diff: 0, Sum: 0, Workers: 4
[247.186s][debug][gc,phases      ] GC(16)     Total                          Min: 0, Avg: 240.0, Max: 576, Diff: 576, Sum: 960, Workers: 4
[247.186s][debug][gc,phases      ] GC(16)   ObjectSynchronizer Weak        Min:  0.0, Avg:  0.0, Max:  0.0, Diff:  0.0, Sum:  0.0, Workers: 4
[247.186s][debug][gc,phases      ] GC(16)     Dead                           Min: 0, Avg:  0.0, Max: 0, Diff: 0, Sum: 0, Workers: 4
[247.186s][debug][gc,phases      ] GC(16)     Total                          Min: 0, Avg:  1.0, Max: 4, Diff: 4, Sum: 4, Workers: 4
[247.186s][debug][gc,phases      ] GC(16)   JVMTI Tag Weak OopStorage      Min:  0.0, Avg:  0.0, Max:  0.0, Diff:  0.0, Sum:  0.0, Workers: 4
[247.186s][debug][gc,phases      ] GC(16)     Dead                           Min: 0, Avg:  0.0, Max: 0, Diff: 0, Sum: 0, Workers: 4
[247.186s][debug][gc,phases      ] GC(16)     Total                          Min: 0, Avg:  0.0, Max: 0, Diff: 0, Sum: 0, Workers: 4
[247.186s][debug][gc,phases      ] GC(16)   StringTable Weak               Min:  0.0, Avg:  0.1, Max:  0.1, Diff:  0.1, Sum:  0.4, Workers: 4
[247.186s][debug][gc,phases      ] GC(16)     Dead                           Min: 0, Avg:  0.0, Max: 0, Diff: 0, Sum: 0, Workers: 4
[247.186s][debug][gc,phases      ] GC(16)     Total                          Min: 0, Avg: 11953.0, Max: 16196, Diff: 16196, Sum: 47812, Workers: 4
[247.186s][debug][gc,phases      ] GC(16)   ResolvedMethodTable Weak       Min:  0.0, Avg:  0.0, Max:  0.0, Diff:  0.0, Sum:  0.1, Workers: 4
[247.186s][debug][gc,phases      ] GC(16)     Dead                           Min: 0, Avg:  0.0, Max: 0, Diff: 0, Sum: 0, Workers: 4
[247.186s][debug][gc,phases      ] GC(16)     Total                          Min: 0, Avg: 3268.2, Max: 4908, Diff: 4908, Sum: 13073, Workers: 4
[247.186s][debug][gc,phases      ] GC(16)   JNI Weak                       Min:  0.0, Avg:  0.0, Max:  0.0, Diff:  0.0, Sum:  0.0, Workers: 4
[247.186s][debug][gc,phases      ] GC(16)     Dead                           Min: 0, Avg:  0.0, Max: 0, Diff: 0, Sum: 0, Workers: 4
[247.186s][debug][gc,phases      ] GC(16)     Total                          Min: 0, Avg: 12.0, Max: 48, Diff: 48, Sum: 48, Workers: 4
[247.186s][debug][gc,phases      ] GC(16)   StringDedup Table Weak         Min:  0.0, Avg:  0.0, Max:  0.0, Diff:  0.0, Sum:  0.0, Workers: 4
[247.186s][debug][gc,phases      ] GC(16)     Dead                           Min: 0, Avg:  0.0, Max: 0, Diff: 0, Sum: 0, Workers: 4
[247.186s][debug][gc,phases      ] GC(16)     Total                          Min: 0, Avg:  0.0, Max: 0, Diff: 0, Sum: 0, Workers: 4
[247.186s][debug][gc,phases      ] GC(16)   StringDedup Requests0 Weak     Min:  0.0, Avg:  0.0, Max:  0.0, Diff:  0.0, Sum:  0.0, Workers: 4
[247.186s][debug][gc,phases      ] GC(16)     Dead                           Min: 0, Avg:  0.0, Max: 0, Diff: 0, Sum: 0, Workers: 4
[247.186s][debug][gc,phases      ] GC(16)     Total                          Min: 0, Avg:  0.0, Max: 0, Diff: 0, Sum: 0, Workers: 4
[247.186s][debug][gc,phases      ] GC(16)   StringDedup Requests1 Weak     Min:  0.0, Avg:  0.0, Max:  0.0, Diff:  0.0, Sum:  0.0, Workers: 4
[247.186s][debug][gc,phases      ] GC(16)     Dead                           Min: 0, Avg:  0.0, Max: 0, Diff: 0, Sum: 0, Workers: 4
[247.186s][debug][gc,phases      ] GC(16)     Total                          Min: 0, Avg:  0.0, Max: 0, Diff: 0, Sum: 0, Workers: 4
[247.186s][debug][gc,phases      ] GC(16)   Weak JFR Old Object Samples    Min:  0.0, Avg:  0.0, Max:  0.0, Diff:  0.0, Sum:  0.0, Workers: 4
[247.186s][debug][gc,phases      ] GC(16)     Dead                           Min: 0, Avg:  0.0, Max: 0, Diff: 0, Sum: 0, Workers: 4
[247.186s][debug][gc,phases      ] GC(16)     Total                          Min: 0, Avg:  0.0, Max: 0, Diff: 0, Sum: 0, Workers: 4
[247.186s][debug][gc,phases      ] GC(16) Weak Processing 0.454ms
[247.186s][debug][gc,age         ] GC(16) Desired survivor size 253231104 bytes, new threshold 1 (max threshold 15)
[247.186s][info ][gc,heap        ] GC(16) PSYoungGen: 1604624K(1847296K)->2048K(1849856K) Eden: 1602560K(1602560K)->0K(1602560K) From: 2064K(244736K)->2048K(247296K)
[247.186s][info ][gc,heap        ] GC(16) ParOldGen: 277847K(278016K)->278235K(278528K)
[247.186s][info ][gc,metaspace   ] GC(16) Metaspace: 93935K(95232K)->93935K(95232K) NonClass: 80032K(80768K)->80032K(80768K) Class: 13902K(14464K)->13902K(14464K)
[247.186s][info ][gc             ] GC(16) Pause Young (Allocation Failure) 1838M->273M(2078M) 4.936ms
[247.186s][info ][gc,cpu         ] GC(16) User=0.02s Sys=0.00s Real=0.01s
[247.186s][info ][safepoint      ] Safepoint "ParallelGCFailedAllocation", Time since last: 2051488542 ns, Reaching safepoint: 6500 ns, Cleanup: 4201 ns, At safepoint: 5019385 ns, Total: 5030086 ns
[248.187s][info ][safepoint      ] Safepoint "Cleanup", Time since last: 1000091583 ns, Reaching safepoint: 78601 ns, Cleanup: 11601 ns, At safepoint: 6000 ns, Total: 96202 ns
[249.187s][info ][safepoint      ] Safepoint "Cleanup", Time since last: 1000123792 ns, Reaching safepoint: 82102 ns, Cleanup: 9400 ns, At safepoint: 6801 ns, Total: 98303 ns
[250.187s][info ][safepoint      ] Safepoint "Cleanup", Time since last: 1000149364 ns, Reaching safepoint: 81502 ns, Cleanup: 16100 ns, At safepoint: 6000 ns, Total: 103602 ns
[251.187s][info ][safepoint      ] Safepoint "Cleanup", Time since last: 1000114864 ns, Reaching safepoint: 88802 ns, Cleanup: 10200 ns, At safepoint: 6800 ns, Total: 105802 ns
[252.188s][info ][safepoint      ] Safepoint "Cleanup", Time since last: 1000308068 ns, Reaching safepoint: 93102 ns, Cleanup: 20000 ns, At safepoint: 9100 ns, Total: 122202 ns
[253.188s][info ][safepoint      ] Safepoint "Cleanup", Time since last: 1000124433 ns, Reaching safepoint: 77502 ns, Cleanup: 8600 ns, At safepoint: 6000 ns, Total: 92102 ns
[255.188s][info ][safepoint      ] Safepoint "Cleanup", Time since last: 2000194589 ns, Reaching safepoint: 78802 ns, Cleanup: 9800 ns, At safepoint: 6200 ns, Total: 94802 ns
[256.188s][info ][safepoint      ] Safepoint "Cleanup", Time since last: 1000122195 ns, Reaching safepoint: 77002 ns, Cleanup: 9700 ns, At safepoint: 6400 ns, Total: 93102 ns
[259.189s][info ][safepoint      ] Safepoint "Cleanup", Time since last: 3000271784 ns, Reaching safepoint: 82301 ns, Cleanup: 28601 ns, At safepoint: 7700 ns, Total: 118602 ns
[260.189s][info ][safepoint      ] Safepoint "Cleanup", Time since last: 1000127995 ns, Reaching safepoint: 78402 ns, Cleanup: 14100 ns, At safepoint: 7001 ns, Total: 99503 ns
[261.189s][info ][safepoint      ] Safepoint "Cleanup", Time since last: 1000117103 ns, Reaching safepoint: 82202 ns, Cleanup: 9700 ns, At safepoint: 5700 ns, Total: 97602 ns
[262.189s][info ][safepoint      ] Safepoint "Cleanup", Time since last: 1000128731 ns, Reaching safepoint: 82902 ns, Cleanup: 17100 ns, At safepoint: 7900 ns, Total: 107902 ns
[264.190s][info ][safepoint      ] Safepoint "Cleanup", Time since last: 2000202661 ns, Reaching safepoint: 83202 ns, Cleanup: 21400 ns, At safepoint: 7600 ns, Total: 112202 ns
[267.190s][info ][safepoint      ] Safepoint "Cleanup", Time since last: 3000271490 ns, Reaching safepoint: 78902 ns, Cleanup: 12400 ns, At safepoint: 6100 ns, Total: 97402 ns
[268.190s][info ][safepoint      ] Safepoint "Cleanup", Time since last: 1000122831 ns, Reaching safepoint: 78902 ns, Cleanup: 12200 ns, At safepoint: 6800 ns, Total: 97902 ns
[269.191s][info ][safepoint      ] Safepoint "Cleanup", Time since last: 1000135497 ns, Reaching safepoint: 82501 ns, Cleanup: 13801 ns, At safepoint: 7900 ns, Total: 104202 ns
[270.191s][info ][safepoint      ] Safepoint "Cleanup", Time since last: 1000127172 ns, Reaching safepoint: 79301 ns, Cleanup: 13201 ns, At safepoint: 7200 ns, Total: 99702 ns
[272.191s][info ][safepoint      ] Safepoint "Cleanup", Time since last: 2000195742 ns, Reaching safepoint: 78201 ns, Cleanup: 9000 ns, At safepoint: 6801 ns, Total: 94002 ns
[273.191s][info ][safepoint      ] Safepoint "Cleanup", Time since last: 1000123571 ns, Reaching safepoint: 48601 ns, Cleanup: 41701 ns, At safepoint: 6800 ns, Total: 97102 ns
[274.192s][info ][safepoint      ] Safepoint "Cleanup", Time since last: 1000121972 ns, Reaching safepoint: 79201 ns, Cleanup: 14201 ns, At safepoint: 7300 ns, Total: 100702 ns
[275.192s][info ][safepoint      ] Safepoint "Cleanup", Time since last: 1000175272 ns, Reaching safepoint: 83002 ns, Cleanup: 15901 ns, At safepoint: 7200 ns, Total: 106103 ns
[276.796s][info ][gc,start       ] GC(17) Pause Young (Allocation Failure)
[276.799s][debug][gc,phases      ] GC(17) Scavenge 2.811ms
[276.799s][debug][gc,ref         ] GC(17) ReferenceProcessor::execute queues: 1, RefProcThreadModel::Single, marks_oops_alive: false
[276.799s][debug][gc,ref         ] GC(17) Skipped KeepAliveFinalRefsPhase of Reference Processing: no references
[276.799s][debug][gc,ref         ] GC(17) ReferenceProcessor::execute queues: 1, RefProcThreadModel::Single, marks_oops_alive: false
[276.799s][debug][gc,phases      ] GC(17) Reference Processing 0.118ms
[276.799s][debug][gc,phases      ] GC(17)   VM Weak                        Min:  0.0, Avg:  0.0, Max:  0.0, Diff:  0.0, Sum:  0.0, Workers: 4
[276.799s][debug][gc,phases      ] GC(17)     Dead                           Min: 0, Avg:  0.0, Max: 0, Diff: 0, Sum: 0, Workers: 4
[276.799s][debug][gc,phases      ] GC(17)     Total                          Min: 128, Avg: 240.0, Max: 384, Diff: 256, Sum: 960, Workers: 4
[276.799s][debug][gc,phases      ] GC(17)   ObjectSynchronizer Weak        Min:  0.0, Avg:  0.0, Max:  0.0, Diff:  0.0, Sum:  0.0, Workers: 4
[276.799s][debug][gc,phases      ] GC(17)     Dead                           Min: 0, Avg:  0.0, Max: 0, Diff: 0, Sum: 0, Workers: 4
[276.799s][debug][gc,phases      ] GC(17)     Total                          Min: 0, Avg:  1.0, Max: 4, Diff: 4, Sum: 4, Workers: 4
[276.799s][debug][gc,phases      ] GC(17)   JVMTI Tag Weak OopStorage      Min:  0.0, Avg:  0.0, Max:  0.0, Diff:  0.0, Sum:  0.0, Workers: 4
[276.799s][debug][gc,phases      ] GC(17)     Dead                           Min: 0, Avg:  0.0, Max: 0, Diff: 0, Sum: 0, Workers: 4
[276.799s][debug][gc,phases      ] GC(17)     Total                          Min: 0, Avg:  0.0, Max: 0, Diff: 0, Sum: 0, Workers: 4
[276.799s][debug][gc,phases      ] GC(17)   StringTable Weak               Min:  0.1, Avg:  0.1, Max:  0.1, Diff:  0.0, Sum:  0.5, Workers: 4
[276.799s][debug][gc,phases      ] GC(17)     Dead                           Min: 0, Avg:  0.2, Max: 1, Diff: 1, Sum: 1, Workers: 4
[276.799s][debug][gc,phases      ] GC(17)     Total                          Min: 10943, Avg: 11953.5, Max: 13312, Diff: 2369, Sum: 47814, Workers: 4
[276.799s][debug][gc,phases      ] GC(17)   ResolvedMethodTable Weak       Min:  0.0, Avg:  0.0, Max:  0.0, Diff:  0.0, Sum:  0.1, Workers: 4
[276.799s][debug][gc,phases      ] GC(17)     Dead                           Min: 0, Avg:  0.0, Max: 0, Diff: 0, Sum: 0, Workers: 4
[276.799s][debug][gc,phases      ] GC(17)     Total                          Min: 3092, Avg: 3268.8, Max: 3388, Diff: 296, Sum: 13075, Workers: 4
[276.799s][debug][gc,phases      ] GC(17)   JNI Weak                       Min:  0.0, Avg:  0.0, Max:  0.0, Diff:  0.0, Sum:  0.0, Workers: 4
[276.799s][debug][gc,phases      ] GC(17)     Dead                           Min: 0, Avg:  0.0, Max: 0, Diff: 0, Sum: 0, Workers: 4
[276.799s][debug][gc,phases      ] GC(17)     Total                          Min: 0, Avg: 12.0, Max: 48, Diff: 48, Sum: 48, Workers: 4
[276.799s][debug][gc,phases      ] GC(17)   StringDedup Table Weak         Min:  0.0, Avg:  0.0, Max:  0.0, Diff:  0.0, Sum:  0.0, Workers: 4
[276.799s][debug][gc,phases      ] GC(17)     Dead                           Min: 0, Avg:  0.0, Max: 0, Diff: 0, Sum: 0, Workers: 4
[276.799s][debug][gc,phases      ] GC(17)     Total                          Min: 0, Avg:  0.0, Max: 0, Diff: 0, Sum: 0, Workers: 4
[276.799s][debug][gc,phases      ] GC(17)   StringDedup Requests0 Weak     Min:  0.0, Avg:  0.0, Max:  0.0, Diff:  0.0, Sum:  0.0, Workers: 4
[276.799s][debug][gc,phases      ] GC(17)     Dead                           Min: 0, Avg:  0.0, Max: 0, Diff: 0, Sum: 0, Workers: 4
[276.799s][debug][gc,phases      ] GC(17)     Total                          Min: 0, Avg:  0.0, Max: 0, Diff: 0, Sum: 0, Workers: 4
[276.799s][debug][gc,phases      ] GC(17)   StringDedup Requests1 Weak     Min:  0.0, Avg:  0.0, Max:  0.0, Diff:  0.0, Sum:  0.0, Workers: 4
[276.799s][debug][gc,phases      ] GC(17)     Dead                           Min: 0, Avg:  0.0, Max: 0, Diff: 0, Sum: 0, Workers: 4
[276.799s][debug][gc,phases      ] GC(17)     Total                          Min: 0, Avg:  0.0, Max: 0, Diff: 0, Sum: 0, Workers: 4
[276.799s][debug][gc,phases      ] GC(17)   Weak JFR Old Object Samples    Min:  0.0, Avg:  0.0, Max:  0.0, Diff:  0.0, Sum:  0.0, Workers: 4
[276.799s][debug][gc,phases      ] GC(17)     Dead                           Min: 0, Avg:  0.0, Max: 0, Diff: 0, Sum: 0, Workers: 4
[276.799s][debug][gc,phases      ] GC(17)     Total                          Min: 0, Avg:  0.0, Max: 0, Diff: 0, Sum: 0, Workers: 4
[276.799s][debug][gc,phases      ] GC(17) Weak Processing 0.398ms
[276.799s][debug][gc,age         ] GC(17) Desired survivor size 250085376 bytes, new threshold 1 (max threshold 15)
[276.799s][info ][gc,heap        ] GC(17) PSYoungGen: 1604608K(1849856K)->1856K(1852928K) Eden: 1602560K(1602560K)->0K(1605632K) From: 2048K(247296K)->1856K(247296K)
[276.799s][info ][gc,heap        ] GC(17) ParOldGen: 278235K(278528K)->278967K(279040K)
[276.799s][info ][gc,metaspace   ] GC(17) Metaspace: 93971K(95232K)->93971K(95232K) NonClass: 80067K(80768K)->80067K(80768K) Class: 13903K(14464K)->13903K(14464K)
[276.799s][info ][gc             ] GC(17) Pause Young (Allocation Failure) 1838M->274M(2082M) 3.475ms
[276.799s][info ][gc,cpu         ] GC(17) User=0.01s Sys=0.00s Real=0.01s
[276.799s][info ][safepoint      ] Safepoint "ParallelGCFailedAllocation", Time since last: 1603822105 ns, Reaching safepoint: 6300 ns, Cleanup: 12401 ns, At safepoint: 3553976 ns, Total: 3572677 ns
[277.799s][info ][safepoint      ] Safepoint "Cleanup", Time since last: 1000090182 ns, Reaching safepoint: 6401 ns, Cleanup: 8700 ns, At safepoint: 2400 ns, Total: 17501 ns
[278.800s][info ][safepoint      ] Safepoint "Cleanup", Time since last: 1000124183 ns, Reaching safepoint: 8000 ns, Cleanup: 17500 ns, At safepoint: 2600 ns, Total: 28100 ns
[279.800s][info ][safepoint      ] Safepoint "Cleanup", Time since last: 1000119183 ns, Reaching safepoint: 6501 ns, Cleanup: 11200 ns, At safepoint: 2500 ns, Total: 20201 ns
[280.800s][info ][safepoint      ] Safepoint "Cleanup", Time since last: 1000118483 ns, Reaching safepoint: 6200 ns, Cleanup: 13800 ns, At safepoint: 3200 ns, Total: 23200 ns
[281.800s][info ][safepoint      ] Safepoint "Cleanup", Time since last: 1000126584 ns, Reaching safepoint: 6900 ns, Cleanup: 15700 ns, At safepoint: 2700 ns, Total: 25300 ns
[283.800s][info ][safepoint      ] Safepoint "Cleanup", Time since last: 2000180165 ns, Reaching safepoint: 6800 ns, Cleanup: 16600 ns, At safepoint: 2500 ns, Total: 25900 ns
[284.800s][info ][safepoint      ] Safepoint "Cleanup", Time since last: 1000125803 ns, Reaching safepoint: 6300 ns, Cleanup: 10601 ns, At safepoint: 3200 ns, Total: 20101 ns
[285.801s][info ][safepoint      ] Safepoint "Cleanup", Time since last: 1000116196 ns, Reaching safepoint: 221904 ns, Cleanup: 21501 ns, At safepoint: 8100 ns, Total: 251505 ns
[287.801s][info ][safepoint      ] Safepoint "Cleanup", Time since last: 2000194792 ns, Reaching safepoint: 80101 ns, Cleanup: 11801 ns, At safepoint: 6500 ns, Total: 98402 ns
[290.801s][info ][safepoint      ] Safepoint "Cleanup", Time since last: 3000258587 ns, Reaching safepoint: 6900 ns, Cleanup: 21401 ns, At safepoint: 3600 ns, Total: 31901 ns
[291.801s][info ][safepoint      ] Safepoint "Cleanup", Time since last: 1000118296 ns, Reaching safepoint: 8100 ns, Cleanup: 14301 ns, At safepoint: 6900 ns, Total: 29301 ns
[292.802s][info ][safepoint      ] Safepoint "Cleanup", Time since last: 1000115416 ns, Reaching safepoint: 7800 ns, Cleanup: 15501 ns, At safepoint: 2400 ns, Total: 25701 ns
[296.802s][info ][safepoint      ] Safepoint "Cleanup", Time since last: 4000329040 ns, Reaching safepoint: 8900 ns, Cleanup: 14100 ns, At safepoint: 3500 ns, Total: 26500 ns
[301.151s][info ][safepoint      ] Safepoint "Cleanup", Time since last: 4349014946 ns, Reaching safepoint: 6700 ns, Cleanup: 10700 ns, At safepoint: 2400 ns, Total: 19800 ns
[303.152s][info ][safepoint      ] Safepoint "Cleanup", Time since last: 2000989809 ns, Reaching safepoint: 6900 ns, Cleanup: 11901 ns, At safepoint: 5300 ns, Total: 24101 ns
[307.393s][info ][gc,start       ] GC(18) Pause Young (Allocation Failure)
[307.396s][debug][gc,phases      ] GC(18) Scavenge 2.515ms
[307.396s][debug][gc,ref         ] GC(18) ReferenceProcessor::execute queues: 1, RefProcThreadModel::Single, marks_oops_alive: false
[307.396s][debug][gc,ref         ] GC(18) Skipped KeepAliveFinalRefsPhase of Reference Processing: no references
[307.396s][debug][gc,ref         ] GC(18) Skipped PhantomRefsPhase of Reference Processing: no references
[307.396s][debug][gc,phases      ] GC(18) Reference Processing 0.134ms
[307.397s][debug][gc,phases      ] GC(18)   VM Weak                        Min:  0.0, Avg:  0.0, Max:  0.0, Diff:  0.0, Sum:  0.0, Workers: 4
[307.397s][debug][gc,phases      ] GC(18)     Dead                           Min: 0, Avg:  0.0, Max: 0, Diff: 0, Sum: 0, Workers: 4
[307.397s][debug][gc,phases      ] GC(18)     Total                          Min: 0, Avg: 240.0, Max: 832, Diff: 832, Sum: 960, Workers: 4
[307.397s][debug][gc,phases      ] GC(18)   ObjectSynchronizer Weak        Min:  0.0, Avg:  0.0, Max:  0.0, Diff:  0.0, Sum:  0.0, Workers: 4
[307.397s][debug][gc,phases      ] GC(18)     Dead                           Min: 0, Avg:  0.0, Max: 0, Diff: 0, Sum: 0, Workers: 4
[307.397s][debug][gc,phases      ] GC(18)     Total                          Min: 0, Avg:  1.0, Max: 4, Diff: 4, Sum: 4, Workers: 4
[307.397s][debug][gc,phases      ] GC(18)   JVMTI Tag Weak OopStorage      Min:  0.0, Avg:  0.0, Max:  0.0, Diff:  0.0, Sum:  0.0, Workers: 4
[307.397s][debug][gc,phases      ] GC(18)     Dead                           Min: 0, Avg:  0.0, Max: 0, Diff: 0, Sum: 0, Workers: 4
[307.397s][debug][gc,phases      ] GC(18)     Total                          Min: 0, Avg:  0.0, Max: 0, Diff: 0, Sum: 0, Workers: 4
[307.397s][debug][gc,phases      ] GC(18)   StringTable Weak               Min:  0.0, Avg:  0.1, Max:  0.2, Diff:  0.2, Sum:  0.4, Workers: 4
[307.397s][debug][gc,phases      ] GC(18)     Dead                           Min: 0, Avg:  0.0, Max: 0, Diff: 0, Sum: 0, Workers: 4
[307.397s][debug][gc,phases      ] GC(18)     Total                          Min: 0, Avg: 11968.8, Max: 24195, Diff: 24195, Sum: 47875, Workers: 4
[307.397s][debug][gc,phases      ] GC(18)   ResolvedMethodTable Weak       Min:  0.0, Avg:  0.0, Max:  0.1, Diff:  0.1, Sum:  0.1, Workers: 4
[307.397s][debug][gc,phases      ] GC(18)     Dead                           Min: 0, Avg:  0.0, Max: 0, Diff: 0, Sum: 0, Workers: 4
[307.397s][debug][gc,phases      ] GC(18)     Total                          Min: 0, Avg: 3268.8, Max: 6996, Diff: 6996, Sum: 13075, Workers: 4
[307.397s][debug][gc,phases      ] GC(18)   JNI Weak                       Min:  0.0, Avg:  0.0, Max:  0.0, Diff:  0.0, Sum:  0.0, Workers: 4
[307.397s][debug][gc,phases      ] GC(18)     Dead                           Min: 0, Avg:  0.0, Max: 0, Diff: 0, Sum: 0, Workers: 4
[307.397s][debug][gc,phases      ] GC(18)     Total                          Min: 0, Avg: 12.0, Max: 48, Diff: 48, Sum: 48, Workers: 4
[307.397s][debug][gc,phases      ] GC(18)   StringDedup Table Weak         Min:  0.0, Avg:  0.0, Max:  0.0, Diff:  0.0, Sum:  0.0, Workers: 4
[307.397s][debug][gc,phases      ] GC(18)     Dead                           Min: 0, Avg:  0.0, Max: 0, Diff: 0, Sum: 0, Workers: 4
[307.397s][debug][gc,phases      ] GC(18)     Total                          Min: 0, Avg:  0.0, Max: 0, Diff: 0, Sum: 0, Workers: 4
[307.397s][debug][gc,phases      ] GC(18)   StringDedup Requests0 Weak     Min:  0.0, Avg:  0.0, Max:  0.0, Diff:  0.0, Sum:  0.0, Workers: 4
[307.397s][debug][gc,phases      ] GC(18)     Dead                           Min: 0, Avg:  0.0, Max: 0, Diff: 0, Sum: 0, Workers: 4
[307.397s][debug][gc,phases      ] GC(18)     Total                          Min: 0, Avg:  0.0, Max: 0, Diff: 0, Sum: 0, Workers: 4
[307.397s][debug][gc,phases      ] GC(18)   StringDedup Requests1 Weak     Min:  0.0, Avg:  0.0, Max:  0.0, Diff:  0.0, Sum:  0.0, Workers: 4
[307.397s][debug][gc,phases      ] GC(18)     Dead                           Min: 0, Avg:  0.0, Max: 0, Diff: 0, Sum: 0, Workers: 4
[307.397s][debug][gc,phases      ] GC(18)     Total                          Min: 0, Avg:  0.0, Max: 0, Diff: 0, Sum: 0, Workers: 4
[307.397s][debug][gc,phases      ] GC(18)   Weak JFR Old Object Samples    Min:  0.0, Avg:  0.0, Max:  0.0, Diff:  0.0, Sum:  0.0, Workers: 4
[307.397s][debug][gc,phases      ] GC(18)     Dead                           Min: 0, Avg:  0.0, Max: 0, Diff: 0, Sum: 0, Workers: 4
[307.397s][debug][gc,phases      ] GC(18)     Total                          Min: 0, Avg:  0.0, Max: 0, Diff: 0, Sum: 0, Workers: 4
[307.397s][debug][gc,phases      ] GC(18) Weak Processing 0.548ms
[307.397s][debug][gc,age         ] GC(18) Desired survivor size 245891072 bytes, new threshold 1 (max threshold 15)
[307.397s][info ][gc,heap        ] GC(18) PSYoungGen: 1607488K(1852928K)->1840K(1849856K) Eden: 1605632K(1605632K)->0K(1605632K) From: 1856K(247296K)->1840K(244224K)
[307.397s][info ][gc,heap        ] GC(18) ParOldGen: 278967K(279040K)->279599K(280064K)
[307.397s][info ][gc,metaspace   ] GC(18) Metaspace: 93988K(95296K)->93988K(95296K) NonClass: 80084K(80832K)->80084K(80832K) Class: 13903K(14464K)->13903K(14464K)
[307.397s][info ][gc             ] GC(18) Pause Young (Allocation Failure) 1842M->274M(2080M) 3.452ms
[307.397s][info ][gc,cpu         ] GC(18) User=0.01s Sys=0.00s Real=0.01s
[307.397s][info ][safepoint      ] Safepoint "ParallelGCFailedAllocation", Time since last: 4241513424 ns, Reaching safepoint: 5900 ns, Cleanup: 3800 ns, At safepoint: 3539670 ns, Total: 3549370 ns
[309.397s][info ][safepoint      ] Safepoint "Cleanup", Time since last: 2000159018 ns, Reaching safepoint: 6600 ns, Cleanup: 11401 ns, At safepoint: 2300 ns, Total: 20301 ns
[310.397s][info ][safepoint      ] Safepoint "Cleanup", Time since last: 1000117866 ns, Reaching safepoint: 7100 ns, Cleanup: 22500 ns, At safepoint: 2200 ns, Total: 31800 ns
[311.397s][info ][safepoint      ] Safepoint "Cleanup", Time since last: 1000118167 ns, Reaching safepoint: 7900 ns, Cleanup: 24700 ns, At safepoint: 2500 ns, Total: 35100 ns
[312.398s][info ][safepoint      ] Safepoint "Cleanup", Time since last: 1000121767 ns, Reaching safepoint: 129802 ns, Cleanup: 22201 ns, At safepoint: 24800 ns, Total: 176803 ns
[313.398s][info ][safepoint      ] Safepoint "Cleanup", Time since last: 1000195868 ns, Reaching safepoint: 11200 ns, Cleanup: 15700 ns, At safepoint: 2800 ns, Total: 29700 ns
[314.768s][info ][safepoint      ] Safepoint "Cleanup", Time since last: 1370143391 ns, Reaching safepoint: 5600 ns, Cleanup: 22500 ns, At safepoint: 4600 ns, Total: 32700 ns
[315.813s][info ][safepoint      ] Safepoint "Cleanup", Time since last: 1045006367 ns, Reaching safepoint: 7800 ns, Cleanup: 102402 ns, At safepoint: 3700 ns, Total: 113902 ns
[316.813s][info ][safepoint      ] Safepoint "Cleanup", Time since last: 1000135303 ns, Reaching safepoint: 8700 ns, Cleanup: 11701 ns, At safepoint: 2700 ns, Total: 23101 ns
[319.814s][info ][safepoint      ] Safepoint "Cleanup", Time since last: 3000227868 ns, Reaching safepoint: 9701 ns, Cleanup: 42400 ns, At safepoint: 2400 ns, Total: 54501 ns
[320.814s][info ][safepoint      ] Safepoint "Cleanup", Time since last: 1000123588 ns, Reaching safepoint: 6800 ns, Cleanup: 32100 ns, At safepoint: 2601 ns, Total: 41501 ns
[321.814s][info ][safepoint      ] Safepoint "Cleanup", Time since last: 1000090186 ns, Reaching safepoint: 7200 ns, Cleanup: 13801 ns, At safepoint: 3100 ns, Total: 24101 ns
[322.814s][info ][safepoint      ] Safepoint "Cleanup", Time since last: 1000110687 ns, Reaching safepoint: 7800 ns, Cleanup: 14000 ns, At safepoint: 2800 ns, Total: 24600 ns
[324.814s][info ][safepoint      ] Safepoint "Cleanup", Time since last: 2000181244 ns, Reaching safepoint: 6500 ns, Cleanup: 10700 ns, At safepoint: 2700 ns, Total: 19900 ns
[326.537s][info ][gc,start       ] GC(19) Pause Young (CodeCache GC Threshold)
[326.542s][debug][gc,phases      ] GC(19) Scavenge 5.018ms
[326.542s][debug][gc,ref         ] GC(19) ReferenceProcessor::execute queues: 1, RefProcThreadModel::Single, marks_oops_alive: false
[326.542s][debug][gc,ref         ] GC(19) Skipped KeepAliveFinalRefsPhase of Reference Processing: no references
[326.542s][debug][gc,ref         ] GC(19) ReferenceProcessor::execute queues: 1, RefProcThreadModel::Single, marks_oops_alive: false
[326.542s][debug][gc,phases      ] GC(19) Reference Processing 0.154ms
[326.542s][debug][gc,phases      ] GC(19)   VM Weak                        Min:  0.0, Avg:  0.0, Max:  0.0, Diff:  0.0, Sum:  0.0, Workers: 4
[326.542s][debug][gc,phases      ] GC(19)     Dead                           Min: 0, Avg:  0.0, Max: 0, Diff: 0, Sum: 0, Workers: 4
[326.542s][debug][gc,phases      ] GC(19)     Total                          Min: 0, Avg: 240.2, Max: 512, Diff: 512, Sum: 961, Workers: 4
[326.542s][debug][gc,phases      ] GC(19)   ObjectSynchronizer Weak        Min:  0.0, Avg:  0.0, Max:  0.0, Diff:  0.0, Sum:  0.0, Workers: 4
[326.542s][debug][gc,phases      ] GC(19)     Dead                           Min: 0, Avg:  0.0, Max: 0, Diff: 0, Sum: 0, Workers: 4
[326.542s][debug][gc,phases      ] GC(19)     Total                          Min: 0, Avg:  1.0, Max: 4, Diff: 4, Sum: 4, Workers: 4
[326.542s][debug][gc,phases      ] GC(19)   JVMTI Tag Weak OopStorage      Min:  0.0, Avg:  0.0, Max:  0.0, Diff:  0.0, Sum:  0.0, Workers: 4
[326.542s][debug][gc,phases      ] GC(19)     Dead                           Min: 0, Avg:  0.0, Max: 0, Diff: 0, Sum: 0, Workers: 4
[326.542s][debug][gc,phases      ] GC(19)     Total                          Min: 0, Avg:  0.0, Max: 0, Diff: 0, Sum: 0, Workers: 4
[326.542s][debug][gc,phases      ] GC(19)   StringTable Weak               Min:  0.0, Avg:  0.1, Max:  0.1, Diff:  0.1, Sum:  0.4, Workers: 4
[326.542s][debug][gc,phases      ] GC(19)     Dead                           Min: 0, Avg:  0.5, Max: 2, Diff: 2, Sum: 2, Workers: 4
[326.542s][debug][gc,phases      ] GC(19)     Total                          Min: 0, Avg: 12014.0, Max: 16448, Diff: 16448, Sum: 48056, Workers: 4
[326.542s][debug][gc,phases      ] GC(19)   ResolvedMethodTable Weak       Min:  0.0, Avg:  0.0, Max:  0.0, Diff:  0.0, Sum:  0.1, Workers: 4
[326.542s][debug][gc,phases      ] GC(19)     Dead                           Min: 0, Avg:  2.5, Max: 5, Diff: 5, Sum: 10, Workers: 4
[326.542s][debug][gc,phases      ] GC(19)     Total                          Min: 0, Avg: 3286.5, Max: 4679, Diff: 4679, Sum: 13146, Workers: 4
[326.542s][debug][gc,phases      ] GC(19)   JNI Weak                       Min:  0.0, Avg:  0.0, Max:  0.0, Diff:  0.0, Sum:  0.0, Workers: 4
[326.542s][debug][gc,phases      ] GC(19)     Dead                           Min: 0, Avg:  0.0, Max: 0, Diff: 0, Sum: 0, Workers: 4
[326.542s][debug][gc,phases      ] GC(19)     Total                          Min: 0, Avg: 12.0, Max: 48, Diff: 48, Sum: 48, Workers: 4
[326.542s][debug][gc,phases      ] GC(19)   StringDedup Table Weak         Min:  0.0, Avg:  0.0, Max:  0.0, Diff:  0.0, Sum:  0.0, Workers: 4
[326.542s][debug][gc,phases      ] GC(19)     Dead                           Min: 0, Avg:  0.0, Max: 0, Diff: 0, Sum: 0, Workers: 4
[326.542s][debug][gc,phases      ] GC(19)     Total                          Min: 0, Avg:  0.0, Max: 0, Diff: 0, Sum: 0, Workers: 4
[326.542s][debug][gc,phases      ] GC(19)   StringDedup Requests0 Weak     Min:  0.0, Avg:  0.0, Max:  0.0, Diff:  0.0, Sum:  0.0, Workers: 4
[326.542s][debug][gc,phases      ] GC(19)     Dead                           Min: 0, Avg:  0.0, Max: 0, Diff: 0, Sum: 0, Workers: 4
[326.542s][debug][gc,phases      ] GC(19)     Total                          Min: 0, Avg:  0.0, Max: 0, Diff: 0, Sum: 0, Workers: 4
[326.542s][debug][gc,phases      ] GC(19)   StringDedup Requests1 Weak     Min:  0.0, Avg:  0.0, Max:  0.0, Diff:  0.0, Sum:  0.0, Workers: 4
[326.542s][debug][gc,phases      ] GC(19)     Dead                           Min: 0, Avg:  0.0, Max: 0, Diff: 0, Sum: 0, Workers: 4
[326.542s][debug][gc,phases      ] GC(19)     Total                          Min: 0, Avg:  0.0, Max: 0, Diff: 0, Sum: 0, Workers: 4
[326.542s][debug][gc,phases      ] GC(19)   Weak JFR Old Object Samples    Min:  0.0, Avg:  0.0, Max:  0.0, Diff:  0.0, Sum:  0.0, Workers: 4
[326.542s][debug][gc,phases      ] GC(19)     Dead                           Min: 0, Avg:  0.0, Max: 0, Diff: 0, Sum: 0, Workers: 4
[326.542s][debug][gc,phases      ] GC(19)     Total                          Min: 0, Avg:  0.0, Max: 0, Diff: 0, Sum: 0, Workers: 4
[326.542s][debug][gc,phases      ] GC(19) Weak Processing 0.451ms
[326.542s][debug][gc,age         ] GC(19) Desired survivor size 239599616 bytes, new threshold 1 (max threshold 15)
[326.542s][info ][gc,heap        ] GC(19) PSYoungGen: 1020357K(1849856K)->2272K(1863168K) Eden: 1018517K(1605632K)->0K(1623040K) From: 1840K(244224K)->2272K(240128K)
[326.542s][info ][gc,heap        ] GC(19) ParOldGen: 279599K(280064K)->280219K(280576K)
[326.542s][info ][gc,metaspace   ] GC(19) Metaspace: 94369K(95616K)->94369K(95616K) NonClass: 80422K(81152K)->80422K(81152K) Class: 13947K(14464K)->13947K(14464K)
[326.542s][info ][gc             ] GC(19) Pause Young (CodeCache GC Threshold) 1269M->275M(2093M) 5.783ms
[326.542s][info ][gc,cpu         ] GC(19) User=0.01s Sys=0.00s Real=0.00s
[326.543s][debug][gc,phases      ] GC(20) Pre Compact 0.009ms
[326.543s][info ][gc,start       ] GC(20) Pause Full (CodeCache GC Threshold)
[326.543s][info ][gc,phases,start] GC(20) Marking Phase
[326.649s][debug][gc,phases      ] GC(20) Par Mark 106.906ms
[326.650s][debug][gc,ref         ] GC(20) ReferenceProcessor::execute queues: 4, RefProcThreadModel::Multi, marks_oops_alive: false
[326.650s][debug][gc,ref         ] GC(20) Skipped KeepAliveFinalRefsPhase of Reference Processing: no references
[326.650s][debug][gc,ref         ] GC(20) ReferenceProcessor::execute queues: 1, RefProcThreadModel::Single, marks_oops_alive: false
[326.650s][debug][gc,phases      ] GC(20) Reference Processing 0.629ms
[326.650s][debug][gc,phases      ] GC(20)   VM Weak                        Min:  0.0, Avg:  0.0, Max:  0.0, Diff:  0.0, Sum:  0.0, Workers: 4
[326.650s][debug][gc,phases      ] GC(20)     Dead                           Min: 0, Avg:  0.0, Max: 0, Diff: 0, Sum: 0, Workers: 4
[326.650s][debug][gc,phases      ] GC(20)     Total                          Min: 0, Avg: 240.2, Max: 448, Diff: 448, Sum: 961, Workers: 4
[326.650s][debug][gc,phases      ] GC(20)   ObjectSynchronizer Weak        Min:  0.0, Avg:  0.0, Max:  0.0, Diff:  0.0, Sum:  0.0, Workers: 4
[326.650s][debug][gc,phases      ] GC(20)     Dead                           Min: 0, Avg:  0.0, Max: 0, Diff: 0, Sum: 0, Workers: 4
[326.651s][debug][gc,phases      ] GC(20)     Total                          Min: 0, Avg:  1.0, Max: 4, Diff: 4, Sum: 4, Workers: 4
[326.651s][debug][gc,phases      ] GC(20)   JVMTI Tag Weak OopStorage      Min:  0.0, Avg:  0.0, Max:  0.0, Diff:  0.0, Sum:  0.0, Workers: 4
[326.651s][debug][gc,phases      ] GC(20)     Dead                           Min: 0, Avg:  0.0, Max: 0, Diff: 0, Sum: 0, Workers: 4
[326.651s][debug][gc,phases      ] GC(20)     Total                          Min: 0, Avg:  0.0, Max: 0, Diff: 0, Sum: 0, Workers: 4
[326.651s][debug][gc,phases      ] GC(20)   StringTable Weak               Min:  0.2, Avg:  0.2, Max:  0.2, Diff:  0.0, Sum:  0.8, Workers: 4
[326.651s][debug][gc,phases      ] GC(20)     Dead                           Min: 0, Avg:  0.0, Max: 0, Diff: 0, Sum: 0, Workers: 4
[326.651s][debug][gc,phases      ] GC(20)     Total                          Min: 9912, Avg: 12014.0, Max: 13184, Diff: 3272, Sum: 48056, Workers: 4
[326.651s][debug][gc,phases      ] GC(20)   ResolvedMethodTable Weak       Min:  0.1, Avg:  0.1, Max:  0.1, Diff:  0.0, Sum:  0.2, Workers: 4
[326.651s][debug][gc,phases      ] GC(20)     Dead                           Min: 0, Avg:  0.0, Max: 0, Diff: 0, Sum: 0, Workers: 4
[326.651s][debug][gc,phases      ] GC(20)     Total                          Min: 2142, Avg: 3286.5, Max: 3680, Diff: 1538, Sum: 13146, Workers: 4
[326.651s][debug][gc,phases      ] GC(20)   JNI Weak                       Min:  0.0, Avg:  0.0, Max:  0.0, Diff:  0.0, Sum:  0.0, Workers: 4
[326.651s][debug][gc,phases      ] GC(20)     Dead                           Min: 0, Avg:  0.0, Max: 0, Diff: 0, Sum: 0, Workers: 4
[326.651s][debug][gc,phases      ] GC(20)     Total                          Min: 0, Avg: 12.0, Max: 48, Diff: 48, Sum: 48, Workers: 4
[326.651s][debug][gc,phases      ] GC(20)   StringDedup Table Weak         Min:  0.0, Avg:  0.0, Max:  0.0, Diff:  0.0, Sum:  0.0, Workers: 4
[326.651s][debug][gc,phases      ] GC(20)     Dead                           Min: 0, Avg:  0.0, Max: 0, Diff: 0, Sum: 0, Workers: 4
[326.651s][debug][gc,phases      ] GC(20)     Total                          Min: 0, Avg:  0.0, Max: 0, Diff: 0, Sum: 0, Workers: 4
[326.651s][debug][gc,phases      ] GC(20)   StringDedup Requests0 Weak     Min:  0.0, Avg:  0.0, Max:  0.0, Diff:  0.0, Sum:  0.0, Workers: 4
[326.651s][debug][gc,phases      ] GC(20)     Dead                           Min: 0, Avg:  0.0, Max: 0, Diff: 0, Sum: 0, Workers: 4
[326.651s][debug][gc,phases      ] GC(20)     Total                          Min: 0, Avg:  0.0, Max: 0, Diff: 0, Sum: 0, Workers: 4
[326.651s][debug][gc,phases      ] GC(20)   StringDedup Requests1 Weak     Min:  0.0, Avg:  0.0, Max:  0.0, Diff:  0.0, Sum:  0.0, Workers: 4
[326.651s][debug][gc,phases      ] GC(20)     Dead                           Min: 0, Avg:  0.0, Max: 0, Diff: 0, Sum: 0, Workers: 4
[326.651s][debug][gc,phases      ] GC(20)     Total                          Min: 0, Avg:  0.0, Max: 0, Diff: 0, Sum: 0, Workers: 4
[326.651s][debug][gc,phases      ] GC(20)   Weak JFR Old Object Samples    Min:  0.0, Avg:  0.0, Max:  0.0, Diff:  0.0, Sum:  0.0, Workers: 4
[326.651s][debug][gc,phases      ] GC(20)     Dead                           Min: 0, Avg:  0.0, Max: 0, Diff: 0, Sum: 0, Workers: 4
[326.651s][debug][gc,phases      ] GC(20)     Total                          Min: 0, Avg:  0.0, Max: 0, Diff: 0, Sum: 0, Workers: 4
[326.651s][debug][gc,phases      ] GC(20) Weak Processing 0.531ms
[326.651s][debug][gc,phases      ] GC(20) ClassLoaderData 0.135ms
[326.651s][debug][gc,phases      ] GC(20) Trigger cleanups 0.000ms
[326.709s][debug][gc,phases      ] GC(20) Purge Unlinked NMethods 2.278ms
[326.709s][debug][gc,phases      ] GC(20) Unregister NMethods 0.001ms
[326.710s][debug][gc,phases      ] GC(20) Free Code Blobs 0.300ms
[326.710s][debug][gc,phases      ] GC(20) Class Unloading 59.071ms
[326.710s][debug][gc,phases      ] GC(20) Report Object Count 0.001ms
[326.710s][info ][gc,phases      ] GC(20) Marking Phase 167.215ms
[326.710s][info ][gc,phases,start] GC(20) Summary Phase
[326.710s][info ][gc,phases      ] GC(20) Summary Phase 0.015ms
[326.710s][info ][gc,phases,start] GC(20) Adjust Roots
[326.730s][info ][gc,phases      ] GC(20) Adjust Roots 20.630ms
[326.730s][info ][gc,phases,start] GC(20) Compaction Phase
[326.853s][info ][gc,phases      ] GC(20) Compaction Phase 122.789ms
[326.853s][info ][gc,phases,start] GC(20) Post Compact
[326.855s][debug][gc,phases      ] GC(20) Purge Class Loader Data 0.657ms
[326.855s][info ][gc,phases      ] GC(20) Post Compact 1.963ms
[326.855s][info ][gc,heap        ] GC(20) PSYoungGen: 2272K(1863168K)->0K(1863168K) Eden: 0K(1623040K)->0K(1623040K) From: 2272K(240128K)->0K(240128K)
[326.855s][info ][gc,heap        ] GC(20) ParOldGen: 280219K(280576K)->269147K(280576K)
[326.855s][info ][gc,metaspace   ] GC(20) Metaspace: 94369K(95616K)->94369K(95616K) NonClass: 80422K(81152K)->80422K(81152K) Class: 13947K(14464K)->13947K(14464K)
[326.855s][info ][gc             ] GC(20) Pause Full (CodeCache GC Threshold) 275M->262M(2093M) 312.786ms
[326.855s][info ][gc,cpu         ] GC(20) User=0.83s Sys=0.02s Real=0.31s
[326.855s][info ][safepoint      ] Safepoint "ParallelGCSystemGC", Time since last: 1722221347 ns, Reaching safepoint: 80001 ns, Cleanup: 10600 ns, At safepoint: 318723935 ns, Total: 318814536 ns
[327.856s][info ][safepoint      ] Safepoint "Cleanup", Time since last: 1000085648 ns, Reaching safepoint: 7000 ns, Cleanup: 120702 ns, At safepoint: 6400 ns, Total: 134102 ns
[328.856s][info ][safepoint      ] Safepoint "Cleanup", Time since last: 1000123549 ns, Reaching safepoint: 6400 ns, Cleanup: 14900 ns, At safepoint: 27601 ns, Total: 48901 ns
[330.856s][info ][safepoint      ] Safepoint "Cleanup", Time since last: 2000263198 ns, Reaching safepoint: 17600 ns, Cleanup: 11200 ns, At safepoint: 2700 ns, Total: 31500 ns
[331.856s][info ][safepoint      ] Safepoint "Cleanup", Time since last: 1000134849 ns, Reaching safepoint: 7201 ns, Cleanup: 26500 ns, At safepoint: 2600 ns, Total: 36301 ns
[332.856s][info ][safepoint      ] Safepoint "Cleanup", Time since last: 1000120426 ns, Reaching safepoint: 8000 ns, Cleanup: 16401 ns, At safepoint: 2900 ns, Total: 27301 ns
[333.857s][info ][safepoint      ] Safepoint "Cleanup", Time since last: 1000130878 ns, Reaching safepoint: 5300 ns, Cleanup: 16001 ns, At safepoint: 2400 ns, Total: 23701 ns
[335.857s][info ][safepoint      ] Safepoint "Cleanup", Time since last: 2000190756 ns, Reaching safepoint: 6100 ns, Cleanup: 15400 ns, At safepoint: 2300 ns, Total: 23800 ns
[337.857s][info ][safepoint      ] Safepoint "Cleanup", Time since last: 2000196256 ns, Reaching safepoint: 6800 ns, Cleanup: 10400 ns, At safepoint: 2600 ns, Total: 19800 ns
[338.857s][info ][safepoint      ] Safepoint "Cleanup", Time since last: 1000115279 ns, Reaching safepoint: 7200 ns, Cleanup: 17400 ns, At safepoint: 5500 ns, Total: 30100 ns
[339.857s][info ][safepoint      ] Safepoint "Cleanup", Time since last: 1000207880 ns, Reaching safepoint: 7700 ns, Cleanup: 9901 ns, At safepoint: 2200 ns, Total: 19801 ns
[341.858s][info ][safepoint      ] Safepoint "Cleanup", Time since last: 2000176378 ns, Reaching safepoint: 6600 ns, Cleanup: 12301 ns, At safepoint: 3100 ns, Total: 22001 ns
[343.858s][info ][safepoint      ] Safepoint "Cleanup", Time since last: 2000195249 ns, Reaching safepoint: 7200 ns, Cleanup: 18200 ns, At safepoint: 2900 ns, Total: 28300 ns
[344.858s][info ][safepoint      ] Safepoint "Cleanup", Time since last: 1000118325 ns, Reaching safepoint: 7400 ns, Cleanup: 17600 ns, At safepoint: 3301 ns, Total: 28301 ns
[345.858s][info ][safepoint      ] Safepoint "Cleanup", Time since last: 1000114424 ns, Reaching safepoint: 7200 ns, Cleanup: 14901 ns, At safepoint: 2400 ns, Total: 24501 ns
[347.858s][info ][safepoint      ] Safepoint "Cleanup", Time since last: 2000187349 ns, Reaching safepoint: 7200 ns, Cleanup: 10700 ns, At safepoint: 2800 ns, Total: 20700 ns
[348.858s][info ][safepoint      ] Safepoint "Cleanup", Time since last: 1000094120 ns, Reaching safepoint: 6700 ns, Cleanup: 19000 ns, At safepoint: 2400 ns, Total: 28100 ns
[349.859s][info ][safepoint      ] Safepoint "Cleanup", Time since last: 1000117480 ns, Reaching safepoint: 6500 ns, Cleanup: 10400 ns, At safepoint: 2400 ns, Total: 19300 ns
[350.859s][info ][safepoint      ] Safepoint "Cleanup", Time since last: 1000106779 ns, Reaching safepoint: 7201 ns, Cleanup: 8900 ns, At safepoint: 2400 ns, Total: 18501 ns
[351.859s][info ][safepoint      ] Safepoint "Cleanup", Time since last: 1000112579 ns, Reaching safepoint: 6800 ns, Cleanup: 11400 ns, At safepoint: 2300 ns, Total: 20500 ns
[354.859s][info ][safepoint      ] Safepoint "Cleanup", Time since last: 3000269956 ns, Reaching safepoint: 7300 ns, Cleanup: 10800 ns, At safepoint: 2900 ns, Total: 21000 ns
[355.859s][info ][safepoint      ] Safepoint "Cleanup", Time since last: 1000124746 ns, Reaching safepoint: 6100 ns, Cleanup: 13000 ns, At safepoint: 2900 ns, Total: 22000 ns
[356.859s][info ][safepoint      ] Safepoint "Cleanup", Time since last: 1000127586 ns, Reaching safepoint: 8600 ns, Cleanup: 11900 ns, At safepoint: 2700 ns, Total: 23200 ns
[357.486s][info ][gc,start       ] GC(21) Pause Young (Allocation Failure)
[357.491s][debug][gc,phases      ] GC(21) Scavenge 4.226ms
[357.491s][debug][gc,ref         ] GC(21) ReferenceProcessor::execute queues: 1, RefProcThreadModel::Single, marks_oops_alive: false
[357.491s][debug][gc,ref         ] GC(21) Skipped KeepAliveFinalRefsPhase of Reference Processing: no references
[357.491s][debug][gc,ref         ] GC(21) ReferenceProcessor::execute queues: 1, RefProcThreadModel::Single, marks_oops_alive: false
[357.491s][debug][gc,phases      ] GC(21) Reference Processing 0.124ms
[357.491s][debug][gc,phases      ] GC(21)   VM Weak                        Min:  0.0, Avg:  0.0, Max:  0.0, Diff:  0.0, Sum:  0.0, Workers: 4
[357.491s][debug][gc,phases      ] GC(21)     Dead                           Min: 0, Avg:  0.0, Max: 0, Diff: 0, Sum: 0, Workers: 4
[357.491s][debug][gc,phases      ] GC(21)     Total                          Min: 0, Avg: 240.2, Max: 961, Diff: 961, Sum: 961, Workers: 4
[357.491s][debug][gc,phases      ] GC(21)   ObjectSynchronizer Weak        Min:  0.0, Avg:  0.0, Max:  0.0, Diff:  0.0, Sum:  0.0, Workers: 4
[357.491s][debug][gc,phases      ] GC(21)     Dead                           Min: 0, Avg:  0.0, Max: 0, Diff: 0, Sum: 0, Workers: 4
[357.491s][debug][gc,phases      ] GC(21)     Total                          Min: 0, Avg:  1.0, Max: 4, Diff: 4, Sum: 4, Workers: 4
[357.491s][debug][gc,phases      ] GC(21)   JVMTI Tag Weak OopStorage      Min:  0.0, Avg:  0.0, Max:  0.0, Diff:  0.0, Sum:  0.0, Workers: 4
[357.491s][debug][gc,phases      ] GC(21)     Dead                           Min: 0, Avg:  0.0, Max: 0, Diff: 0, Sum: 0, Workers: 4
[357.491s][debug][gc,phases      ] GC(21)     Total                          Min: 0, Avg:  0.0, Max: 0, Diff: 0, Sum: 0, Workers: 4
[357.491s][debug][gc,phases      ] GC(21)   StringTable Weak               Min:  0.0, Avg:  0.1, Max:  0.1, Diff:  0.1, Sum:  0.4, Workers: 4
[357.491s][debug][gc,phases      ] GC(21)     Dead                           Min: 0, Avg:  0.0, Max: 0, Diff: 0, Sum: 0, Workers: 4
[357.491s][debug][gc,phases      ] GC(21)     Total                          Min: 0, Avg: 12021.8, Max: 17920, Diff: 17920, Sum: 48087, Workers: 4
[357.491s][debug][gc,phases      ] GC(21)   ResolvedMethodTable Weak       Min:  0.0, Avg:  0.0, Max:  0.0, Diff:  0.0, Sum:  0.1, Workers: 4
[357.491s][debug][gc,phases      ] GC(21)     Dead                           Min: 0, Avg:  0.5, Max: 1, Diff: 1, Sum: 2, Workers: 4
[357.491s][debug][gc,phases      ] GC(21)     Total                          Min: 0, Avg: 3289.8, Max: 4905, Diff: 4905, Sum: 13159, Workers: 4
[357.491s][debug][gc,phases      ] GC(21)   JNI Weak                       Min:  0.0, Avg:  0.0, Max:  0.0, Diff:  0.0, Sum:  0.0, Workers: 4
[357.491s][debug][gc,phases      ] GC(21)     Dead                           Min: 0, Avg:  0.0, Max: 0, Diff: 0, Sum: 0, Workers: 4
[357.491s][debug][gc,phases      ] GC(21)     Total                          Min: 0, Avg: 12.0, Max: 48, Diff: 48, Sum: 48, Workers: 4
[357.491s][debug][gc,phases      ] GC(21)   StringDedup Table Weak         Min:  0.0, Avg:  0.0, Max:  0.0, Diff:  0.0, Sum:  0.0, Workers: 4
[357.491s][debug][gc,phases      ] GC(21)     Dead                           Min: 0, Avg:  0.0, Max: 0, Diff: 0, Sum: 0, Workers: 4
[357.491s][debug][gc,phases      ] GC(21)     Total                          Min: 0, Avg:  0.0, Max: 0, Diff: 0, Sum: 0, Workers: 4
[357.491s][debug][gc,phases      ] GC(21)   StringDedup Requests0 Weak     Min:  0.0, Avg:  0.0, Max:  0.0, Diff:  0.0, Sum:  0.0, Workers: 4
[357.491s][debug][gc,phases      ] GC(21)     Dead                           Min: 0, Avg:  0.0, Max: 0, Diff: 0, Sum: 0, Workers: 4
[357.491s][debug][gc,phases      ] GC(21)     Total                          Min: 0, Avg:  0.0, Max: 0, Diff: 0, Sum: 0, Workers: 4
[357.491s][debug][gc,phases      ] GC(21)   StringDedup Requests1 Weak     Min:  0.0, Avg:  0.0, Max:  0.0, Diff:  0.0, Sum:  0.0, Workers: 4
[357.491s][debug][gc,phases      ] GC(21)     Dead                           Min: 0, Avg:  0.0, Max: 0, Diff: 0, Sum: 0, Workers: 4
[357.491s][debug][gc,phases      ] GC(21)     Total                          Min: 0, Avg:  0.0, Max: 0, Diff: 0, Sum: 0, Workers: 4
[357.491s][debug][gc,phases      ] GC(21)   Weak JFR Old Object Samples    Min:  0.0, Avg:  0.0, Max:  0.0, Diff:  0.0, Sum:  0.0, Workers: 4
[357.491s][debug][gc,phases      ] GC(21)     Dead                           Min: 0, Avg:  0.0, Max: 0, Diff: 0, Sum: 0, Workers: 4
[357.491s][debug][gc,phases      ] GC(21)     Total                          Min: 0, Avg:  0.0, Max: 0, Diff: 0, Sum: 0, Workers: 4
[357.491s][debug][gc,phases      ] GC(21) Weak Processing 0.462ms
[357.491s][debug][gc,age         ] GC(21) Desired survivor size 231211008 bytes, new threshold 1 (max threshold 15)
[357.491s][info ][gc,heap        ] GC(21) PSYoungGen: 1623040K(1863168K)->5264K(1857024K) Eden: 1623040K(1623040K)->0K(1623040K) From: 0K(240128K)->5264K(233984K)
[357.491s][info ][gc,heap        ] GC(21) ParOldGen: 269147K(280576K)->269155K(280576K)
[357.491s][info ][gc,metaspace   ] GC(21) Metaspace: 94483K(95808K)->94483K(95808K) NonClass: 80528K(81280K)->80528K(81280K) Class: 13955K(14528K)->13955K(14528K)
[357.491s][info ][gc             ] GC(21) Pause Young (Allocation Failure) 1847M->267M(2087M) 4.965ms
[357.491s][info ][gc,cpu         ] GC(21) User=0.02s Sys=0.00s Real=0.00s
[357.491s][info ][safepoint      ] Safepoint "ParallelGCFailedAllocation", Time since last: 626937790 ns, Reaching safepoint: 6700 ns, Cleanup: 5300 ns, At safepoint: 5050099 ns, Total: 5062099 ns
[360.172s][info ][safepoint      ] Safepoint "Cleanup", Time since last: 2680987954 ns, Reaching safepoint: 5700 ns, Cleanup: 12500 ns, At safepoint: 6400 ns, Total: 24600 ns
[362.173s][info ][safepoint      ] Safepoint "Cleanup", Time since last: 2000225310 ns, Reaching safepoint: 9600 ns, Cleanup: 20700 ns, At safepoint: 2901 ns, Total: 33201 ns
[369.173s][info ][safepoint      ] Safepoint "Cleanup", Time since last: 7000551988 ns, Reaching safepoint: 9801 ns, Cleanup: 12700 ns, At safepoint: 8200 ns, Total: 30701 ns
[370.173s][info ][safepoint      ] Safepoint "Cleanup", Time since last: 1000182071 ns, Reaching safepoint: 26800 ns, Cleanup: 14101 ns, At safepoint: 24900 ns, Total: 65801 ns
[374.174s][info ][safepoint      ] Safepoint "Cleanup", Time since last: 4000423681 ns, Reaching safepoint: 80001 ns, Cleanup: 98702 ns, At safepoint: 6300 ns, Total: 185003 ns
[375.174s][info ][safepoint      ] Safepoint "Cleanup", Time since last: 1000134824 ns, Reaching safepoint: 10300 ns, Cleanup: 50601 ns, At safepoint: 5300 ns, Total: 66201 ns
[376.174s][info ][safepoint      ] Safepoint "Cleanup", Time since last: 1000134624 ns, Reaching safepoint: 11200 ns, Cleanup: 18701 ns, At safepoint: 3300 ns, Total: 33201 ns
[377.175s][info ][safepoint      ] Safepoint "Cleanup", Time since last: 1000129423 ns, Reaching safepoint: 8700 ns, Cleanup: 18601 ns, At safepoint: 2900 ns, Total: 30201 ns
[378.175s][info ][safepoint      ] Safepoint "Cleanup", Time since last: 1000117623 ns, Reaching safepoint: 8900 ns, Cleanup: 14301 ns, At safepoint: 2800 ns, Total: 26001 ns
[384.175s][info ][safepoint      ] Safepoint "Cleanup", Time since last: 6000521138 ns, Reaching safepoint: 8500 ns, Cleanup: 12100 ns, At safepoint: 2900 ns, Total: 23500 ns
[385.176s][info ][safepoint      ] Safepoint "Cleanup", Time since last: 1000203972 ns, Reaching safepoint: 14400 ns, Cleanup: 25501 ns, At safepoint: 12200 ns, Total: 52101 ns
[386.176s][info ][safepoint      ] Safepoint "Cleanup", Time since last: 1000133670 ns, Reaching safepoint: 9501 ns, Cleanup: 17400 ns, At safepoint: 3000 ns, Total: 29901 ns
[387.176s][info ][safepoint      ] Safepoint "Cleanup", Time since last: 1000115270 ns, Reaching safepoint: 9600 ns, Cleanup: 11000 ns, At safepoint: 2900 ns, Total: 23500 ns
[387.190s][info ][gc,start       ] GC(22) Pause Young (Allocation Failure)
[387.194s][debug][gc,phases      ] GC(22) Scavenge 3.548ms
[387.194s][debug][gc,ref         ] GC(22) ReferenceProcessor::execute queues: 1, RefProcThreadModel::Single, marks_oops_alive: false
[387.194s][debug][gc,ref         ] GC(22) Skipped KeepAliveFinalRefsPhase of Reference Processing: no references
[387.194s][debug][gc,ref         ] GC(22) ReferenceProcessor::execute queues: 1, RefProcThreadModel::Single, marks_oops_alive: false
[387.194s][debug][gc,phases      ] GC(22) Reference Processing 0.145ms
[387.195s][debug][gc,phases      ] GC(22)   VM Weak                        Min:  0.0, Avg:  0.0, Max:  0.0, Diff:  0.0, Sum:  0.0, Workers: 4
[387.195s][debug][gc,phases      ] GC(22)     Dead                           Min: 0, Avg:  0.0, Max: 0, Diff: 0, Sum: 0, Workers: 4
[387.195s][debug][gc,phases      ] GC(22)     Total                          Min: 0, Avg: 240.2, Max: 960, Diff: 960, Sum: 961, Workers: 4
[387.195s][debug][gc,phases      ] GC(22)   ObjectSynchronizer Weak        Min:  0.0, Avg:  0.0, Max:  0.0, Diff:  0.0, Sum:  0.0, Workers: 4
[387.195s][debug][gc,phases      ] GC(22)     Dead                           Min: 0, Avg:  0.0, Max: 0, Diff: 0, Sum: 0, Workers: 4
[387.195s][debug][gc,phases      ] GC(22)     Total                          Min: 0, Avg:  1.0, Max: 4, Diff: 4, Sum: 4, Workers: 4
[387.195s][debug][gc,phases      ] GC(22)   JVMTI Tag Weak OopStorage      Min:  0.0, Avg:  0.0, Max:  0.0, Diff:  0.0, Sum:  0.0, Workers: 4
[387.195s][debug][gc,phases      ] GC(22)     Dead                           Min: 0, Avg:  0.0, Max: 0, Diff: 0, Sum: 0, Workers: 4
[387.195s][debug][gc,phases      ] GC(22)     Total                          Min: 0, Avg:  0.0, Max: 0, Diff: 0, Sum: 0, Workers: 4
[387.195s][debug][gc,phases      ] GC(22)   StringTable Weak               Min:  0.0, Avg:  0.1, Max:  0.2, Diff:  0.2, Sum:  0.4, Workers: 4
[387.195s][debug][gc,phases      ] GC(22)     Dead                           Min: 0, Avg:  0.0, Max: 0, Diff: 0, Sum: 0, Workers: 4
[387.195s][debug][gc,phases      ] GC(22)     Total                          Min: 0, Avg: 12028.5, Max: 18048, Diff: 18048, Sum: 48114, Workers: 4
[387.195s][debug][gc,phases      ] GC(22)   ResolvedMethodTable Weak       Min:  0.0, Avg:  0.0, Max:  0.0, Diff:  0.0, Sum:  0.1, Workers: 4
[387.195s][debug][gc,phases      ] GC(22)     Dead                           Min: 0, Avg:  0.5, Max: 1, Diff: 1, Sum: 2, Workers: 4
[387.195s][debug][gc,phases      ] GC(22)     Total                          Min: 0, Avg: 3291.0, Max: 4745, Diff: 4745, Sum: 13164, Workers: 4
[387.195s][debug][gc,phases      ] GC(22)   JNI Weak                       Min:  0.0, Avg:  0.0, Max:  0.0, Diff:  0.0, Sum:  0.0, Workers: 4
[387.195s][debug][gc,phases      ] GC(22)     Dead                           Min: 0, Avg:  0.0, Max: 0, Diff: 0, Sum: 0, Workers: 4
[387.195s][debug][gc,phases      ] GC(22)     Total                          Min: 0, Avg: 12.0, Max: 48, Diff: 48, Sum: 48, Workers: 4
[387.195s][debug][gc,phases      ] GC(22)   StringDedup Table Weak         Min:  0.0, Avg:  0.0, Max:  0.0, Diff:  0.0, Sum:  0.0, Workers: 4
[387.195s][debug][gc,phases      ] GC(22)     Dead                           Min: 0, Avg:  0.0, Max: 0, Diff: 0, Sum: 0, Workers: 4
[387.195s][debug][gc,phases      ] GC(22)     Total                          Min: 0, Avg:  0.0, Max: 0, Diff: 0, Sum: 0, Workers: 4
[387.195s][debug][gc,phases      ] GC(22)   StringDedup Requests0 Weak     Min:  0.0, Avg:  0.0, Max:  0.0, Diff:  0.0, Sum:  0.0, Workers: 4
[387.195s][debug][gc,phases      ] GC(22)     Dead                           Min: 0, Avg:  0.0, Max: 0, Diff: 0, Sum: 0, Workers: 4
[387.195s][debug][gc,phases      ] GC(22)     Total                          Min: 0, Avg:  0.0, Max: 0, Diff: 0, Sum: 0, Workers: 4
[387.195s][debug][gc,phases      ] GC(22)   StringDedup Requests1 Weak     Min:  0.0, Avg:  0.0, Max:  0.0, Diff:  0.0, Sum:  0.0, Workers: 4
[387.195s][debug][gc,phases      ] GC(22)     Dead                           Min: 0, Avg:  0.0, Max: 0, Diff: 0, Sum: 0, Workers: 4
[387.195s][debug][gc,phases      ] GC(22)     Total                          Min: 0, Avg:  0.0, Max: 0, Diff: 0, Sum: 0, Workers: 4
[387.195s][debug][gc,phases      ] GC(22)   Weak JFR Old Object Samples    Min:  0.0, Avg:  0.0, Max:  0.0, Diff:  0.0, Sum:  0.0, Workers: 4
[387.195s][debug][gc,phases      ] GC(22)     Dead                           Min: 0, Avg:  0.0, Max: 0, Diff: 0, Sum: 0, Workers: 4
[387.195s][debug][gc,phases      ] GC(22)     Total                          Min: 0, Avg:  0.0, Max: 0, Diff: 0, Sum: 0, Workers: 4
[387.195s][debug][gc,phases      ] GC(22) Weak Processing 0.501ms
[387.195s][debug][gc,age         ] GC(22) Desired survivor size 223346688 bytes, new threshold 1 (max threshold 15)
[387.195s][info ][gc,heap        ] GC(22) PSYoungGen: 1628304K(1857024K)->2336K(1879040K) Eden: 1623040K(1623040K)->0K(1653248K) From: 5264K(233984K)->2336K(225792K)
[387.195s][info ][gc,heap        ] GC(22) ParOldGen: 269155K(280576K)->272723K(280576K)
[387.195s][info ][gc,metaspace   ] GC(22) Metaspace: 94547K(95872K)->94547K(95872K) NonClass: 80587K(81344K)->80587K(81344K) Class: 13959K(14528K)->13959K(14528K)
[387.195s][info ][gc             ] GC(22) Pause Young (Allocation Failure) 1852M->268M(2109M) 4.350ms
[387.195s][info ][gc,cpu         ] GC(22) User=0.01s Sys=0.00s Real=0.00s
[387.195s][info ][safepoint      ] Safepoint "ParallelGCFailedAllocation", Time since last: 14541378 ns, Reaching safepoint: 6600 ns, Cleanup: 4900 ns, At safepoint: 4443685 ns, Total: 4455185 ns
[388.195s][info ][safepoint      ] Safepoint "Cleanup", Time since last: 1000093769 ns, Reaching safepoint: 6900 ns, Cleanup: 13201 ns, At safepoint: 2800 ns, Total: 22901 ns
[391.195s][info ][safepoint      ] Safepoint "Cleanup", Time since last: 3000264798 ns, Reaching safepoint: 88002 ns, Cleanup: 12300 ns, At safepoint: 47401 ns, Total: 147703 ns
[392.197s][info ][safepoint      ] Safepoint "Cleanup", Time since last: 1000862627 ns, Reaching safepoint: 653312 ns, Cleanup: 11900 ns, At safepoint: 7900 ns, Total: 673112 ns
[395.197s][info ][safepoint      ] Safepoint "Cleanup", Time since last: 3000275641 ns, Reaching safepoint: 6100 ns, Cleanup: 9400 ns, At safepoint: 2300 ns, Total: 17800 ns
[397.197s][info ][safepoint      ] Safepoint "Cleanup", Time since last: 2000179701 ns, Reaching safepoint: 6000 ns, Cleanup: 9901 ns, At safepoint: 2600 ns, Total: 18501 ns
[399.198s][info ][safepoint      ] Safepoint "Cleanup", Time since last: 2000167055 ns, Reaching safepoint: 6600 ns, Cleanup: 13700 ns, At safepoint: 2400 ns, Total: 22700 ns
[400.198s][info ][safepoint      ] Safepoint "Cleanup", Time since last: 1000119128 ns, Reaching safepoint: 7700 ns, Cleanup: 14901 ns, At safepoint: 3200 ns, Total: 25801 ns
[405.198s][info ][safepoint      ] Safepoint "Cleanup", Time since last: 5000417519 ns, Reaching safepoint: 7000 ns, Cleanup: 10601 ns, At safepoint: 2300 ns, Total: 19901 ns
[407.198s][info ][safepoint      ] Safepoint "Cleanup", Time since last: 2000184866 ns, Reaching safepoint: 7200 ns, Cleanup: 12700 ns, At safepoint: 2600 ns, Total: 22500 ns
[408.198s][info ][safepoint      ] Safepoint "Cleanup", Time since last: 1000073683 ns, Reaching safepoint: 6800 ns, Cleanup: 9500 ns, At safepoint: 2500 ns, Total: 18800 ns
[411.199s][info ][safepoint      ] Safepoint "Cleanup", Time since last: 3000258350 ns, Reaching safepoint: 77502 ns, Cleanup: 14800 ns, At safepoint: 6000 ns, Total: 98302 ns
[412.200s][info ][safepoint      ] Safepoint "Cleanup", Time since last: 1000715437 ns, Reaching safepoint: 8600 ns, Cleanup: 12700 ns, At safepoint: 2400 ns, Total: 23700 ns
[414.200s][info ][safepoint      ] Safepoint "Cleanup", Time since last: 2000185054 ns, Reaching safepoint: 5300 ns, Cleanup: 11000 ns, At safepoint: 2000 ns, Total: 18300 ns
[417.733s][info ][gc,start       ] GC(23) Pause Young (Allocation Failure)
[417.736s][debug][gc,phases      ] GC(23) Scavenge 2.888ms
[417.736s][debug][gc,ref         ] GC(23) ReferenceProcessor::execute queues: 1, RefProcThreadModel::Single, marks_oops_alive: false
[417.736s][debug][gc,ref         ] GC(23) Skipped KeepAliveFinalRefsPhase of Reference Processing: no references
[417.736s][debug][gc,ref         ] GC(23) ReferenceProcessor::execute queues: 1, RefProcThreadModel::Single, marks_oops_alive: false
[417.736s][debug][gc,phases      ] GC(23) Reference Processing 0.136ms
[417.737s][debug][gc,phases      ] GC(23)   VM Weak                        Min:  0.0, Avg:  0.0, Max:  0.0, Diff:  0.0, Sum:  0.0, Workers: 4
[417.737s][debug][gc,phases      ] GC(23)     Dead                           Min: 0, Avg:  0.0, Max: 0, Diff: 0, Sum: 0, Workers: 4
[417.737s][debug][gc,phases      ] GC(23)     Total                          Min: 0, Avg: 240.2, Max: 961, Diff: 961, Sum: 961, Workers: 4
[417.737s][debug][gc,phases      ] GC(23)   ObjectSynchronizer Weak        Min:  0.0, Avg:  0.0, Max:  0.0, Diff:  0.0, Sum:  0.0, Workers: 4
[417.737s][debug][gc,phases      ] GC(23)     Dead                           Min: 0, Avg:  0.0, Max: 0, Diff: 0, Sum: 0, Workers: 4
[417.737s][debug][gc,phases      ] GC(23)     Total                          Min: 0, Avg:  1.0, Max: 4, Diff: 4, Sum: 4, Workers: 4
[417.737s][debug][gc,phases      ] GC(23)   JVMTI Tag Weak OopStorage      Min:  0.0, Avg:  0.0, Max:  0.0, Diff:  0.0, Sum:  0.0, Workers: 4
[417.737s][debug][gc,phases      ] GC(23)     Dead                           Min: 0, Avg:  0.0, Max: 0, Diff: 0, Sum: 0, Workers: 4
[417.737s][debug][gc,phases      ] GC(23)     Total                          Min: 0, Avg:  0.0, Max: 0, Diff: 0, Sum: 0, Workers: 4
[417.737s][debug][gc,phases      ] GC(23)   StringTable Weak               Min:  0.0, Avg:  0.1, Max:  0.1, Diff:  0.1, Sum:  0.4, Workers: 4
[417.737s][debug][gc,phases      ] GC(23)     Dead                           Min: 0, Avg:  0.0, Max: 0, Diff: 0, Sum: 0, Workers: 4
[417.737s][debug][gc,phases      ] GC(23)     Total                          Min: 0, Avg: 12029.5, Max: 17984, Diff: 17984, Sum: 48118, Workers: 4
[417.737s][debug][gc,phases      ] GC(23)   ResolvedMethodTable Weak       Min:  0.0, Avg:  0.0, Max:  0.0, Diff:  0.0, Sum:  0.1, Workers: 4
[417.737s][debug][gc,phases      ] GC(23)     Dead                           Min: 0, Avg:  0.0, Max: 0, Diff: 0, Sum: 0, Workers: 4
[417.737s][debug][gc,phases      ] GC(23)     Total                          Min: 2882, Avg: 3291.0, Max: 3785, Diff: 903, Sum: 13164, Workers: 4
[417.737s][debug][gc,phases      ] GC(23)   JNI Weak                       Min:  0.0, Avg:  0.0, Max:  0.0, Diff:  0.0, Sum:  0.0, Workers: 4
[417.737s][debug][gc,phases      ] GC(23)     Dead                           Min: 0, Avg:  0.0, Max: 0, Diff: 0, Sum: 0, Workers: 4
[417.737s][debug][gc,phases      ] GC(23)     Total                          Min: 0, Avg: 12.0, Max: 48, Diff: 48, Sum: 48, Workers: 4
[417.737s][debug][gc,phases      ] GC(23)   StringDedup Table Weak         Min:  0.0, Avg:  0.0, Max:  0.0, Diff:  0.0, Sum:  0.0, Workers: 4
[417.737s][debug][gc,phases      ] GC(23)     Dead                           Min: 0, Avg:  0.0, Max: 0, Diff: 0, Sum: 0, Workers: 4
[417.737s][debug][gc,phases      ] GC(23)     Total                          Min: 0, Avg:  0.0, Max: 0, Diff: 0, Sum: 0, Workers: 4
[417.737s][debug][gc,phases      ] GC(23)   StringDedup Requests0 Weak     Min:  0.0, Avg:  0.0, Max:  0.0, Diff:  0.0, Sum:  0.0, Workers: 4
[417.737s][debug][gc,phases      ] GC(23)     Dead                           Min: 0, Avg:  0.0, Max: 0, Diff: 0, Sum: 0, Workers: 4
[417.737s][debug][gc,phases      ] GC(23)     Total                          Min: 0, Avg:  0.0, Max: 0, Diff: 0, Sum: 0, Workers: 4
[417.737s][debug][gc,phases      ] GC(23)   StringDedup Requests1 Weak     Min:  0.0, Avg:  0.0, Max:  0.0, Diff:  0.0, Sum:  0.0, Workers: 4
[417.737s][debug][gc,phases      ] GC(23)     Dead                           Min: 0, Avg:  0.0, Max: 0, Diff: 0, Sum: 0, Workers: 4
[417.737s][debug][gc,phases      ] GC(23)     Total                          Min: 0, Avg:  0.0, Max: 0, Diff: 0, Sum: 0, Workers: 4
[417.737s][debug][gc,phases      ] GC(23)   Weak JFR Old Object Samples    Min:  0.0, Avg:  0.0, Max:  0.0, Diff:  0.0, Sum:  0.0, Workers: 4
[417.737s][debug][gc,phases      ] GC(23)     Dead                           Min: 0, Avg:  0.0, Max: 0, Diff: 0, Sum: 0, Workers: 4
[417.737s][debug][gc,phases      ] GC(23)     Total                          Min: 0, Avg:  0.0, Max: 0, Diff: 0, Sum: 0, Workers: 4
[417.737s][debug][gc,phases      ] GC(23) Weak Processing 0.425ms
[417.737s][debug][gc,age         ] GC(23) Desired survivor size 214433792 bytes, new threshold 1 (max threshold 15)
[417.737s][info ][gc,heap        ] GC(23) PSYoungGen: 1655584K(1879040K)->2416K(1871360K) Eden: 1653248K(1653248K)->0K(1653248K) From: 2336K(225792K)->2416K(218112K)
[417.737s][info ][gc,heap        ] GC(23) ParOldGen: 272723K(280576K)->273235K(280576K)
[417.737s][info ][gc,metaspace   ] GC(23) Metaspace: 94589K(95872K)->94589K(95872K) NonClass: 80630K(81344K)->80630K(81344K) Class: 13959K(14528K)->13959K(14528K)
[417.737s][info ][gc             ] GC(23) Pause Young (Allocation Failure) 1883M->269M(2101M) 3.602ms
[417.737s][info ][gc,cpu         ] GC(23) User=0.01s Sys=0.00s Real=0.01s
[417.737s][info ][safepoint      ] Safepoint "ParallelGCFailedAllocation", Time since last: 3533369248 ns, Reaching safepoint: 6901 ns, Cleanup: 4400 ns, At safepoint: 3681169 ns, Total: 3692470 ns
[418.737s][info ][safepoint      ] Safepoint "Cleanup", Time since last: 1000087951 ns, Reaching safepoint: 77101 ns, Cleanup: 9300 ns, At safepoint: 6700 ns, Total: 93101 ns
[419.737s][info ][safepoint      ] Safepoint "Cleanup", Time since last: 1000158253 ns, Reaching safepoint: 88302 ns, Cleanup: 13200 ns, At safepoint: 7400 ns, Total: 108902 ns
[423.198s][info ][safepoint      ] Safepoint "Cleanup", Time since last: 3460785370 ns, Reaching safepoint: 5900 ns, Cleanup: 12200 ns, At safepoint: 2800 ns, Total: 20900 ns
[426.198s][info ][safepoint      ] Safepoint "Cleanup", Time since last: 3000244455 ns, Reaching safepoint: 9401 ns, Cleanup: 16900 ns, At safepoint: 34400 ns, Total: 60701 ns
[427.199s][info ][safepoint      ] Safepoint "Cleanup", Time since last: 1000113220 ns, Reaching safepoint: 6900 ns, Cleanup: 10100 ns, At safepoint: 6000 ns, Total: 23000 ns
[429.199s][info ][safepoint      ] Safepoint "Cleanup", Time since last: 2000195821 ns, Reaching safepoint: 7500 ns, Cleanup: 15000 ns, At safepoint: 2600 ns, Total: 25100 ns
[431.199s][info ][safepoint      ] Safepoint "Cleanup", Time since last: 2000189010 ns, Reaching safepoint: 5400 ns, Cleanup: 10800 ns, At safepoint: 2200 ns, Total: 18400 ns
[434.199s][info ][safepoint      ] Safepoint "Cleanup", Time since last: 3000241563 ns, Reaching safepoint: 9300 ns, Cleanup: 15201 ns, At safepoint: 3100 ns, Total: 27601 ns
[435.199s][info ][safepoint      ] Safepoint "Cleanup", Time since last: 1000135655 ns, Reaching safepoint: 7601 ns, Cleanup: 19500 ns, At safepoint: 2700 ns, Total: 29801 ns
[436.200s][info ][safepoint      ] Safepoint "Cleanup", Time since last: 1000119155 ns, Reaching safepoint: 5800 ns, Cleanup: 15201 ns, At safepoint: 3100 ns, Total: 24101 ns
[442.200s][info ][safepoint      ] Safepoint "Cleanup", Time since last: 6000456004 ns, Reaching safepoint: 8200 ns, Cleanup: 13000 ns, At safepoint: 2500 ns, Total: 23700 ns
[443.200s][info ][safepoint      ] Safepoint "Cleanup", Time since last: 1000137795 ns, Reaching safepoint: 6501 ns, Cleanup: 12500 ns, At safepoint: 2500 ns, Total: 21501 ns
[444.200s][info ][safepoint      ] Safepoint "Cleanup", Time since last: 1000113294 ns, Reaching safepoint: 5901 ns, Cleanup: 21000 ns, At safepoint: 2700 ns, Total: 29601 ns
[445.200s][info ][safepoint      ] Safepoint "Cleanup", Time since last: 1000080633 ns, Reaching safepoint: 6300 ns, Cleanup: 18001 ns, At safepoint: 3100 ns, Total: 27401 ns
[446.201s][info ][safepoint      ] Safepoint "Cleanup", Time since last: 1000122052 ns, Reaching safepoint: 5800 ns, Cleanup: 13201 ns, At safepoint: 2600 ns, Total: 21601 ns
[447.201s][info ][safepoint      ] Safepoint "Cleanup", Time since last: 1000125852 ns, Reaching safepoint: 6001 ns, Cleanup: 17500 ns, At safepoint: 2400 ns, Total: 25901 ns
[448.201s][info ][safepoint      ] Safepoint "Cleanup", Time since last: 1000116953 ns, Reaching safepoint: 5300 ns, Cleanup: 6600 ns, At safepoint: 2400 ns, Total: 14300 ns
[450.201s][info ][safepoint      ] Safepoint "Cleanup", Time since last: 2000186804 ns, Reaching safepoint: 7000 ns, Cleanup: 11900 ns, At safepoint: 2501 ns, Total: 21401 ns
[450.686s][info ][gc,start       ] GC(24) Pause Young (Allocation Failure)
[450.691s][debug][gc,phases      ] GC(24) Scavenge 4.612ms
[450.691s][debug][gc,ref         ] GC(24) ReferenceProcessor::execute queues: 1, RefProcThreadModel::Single, marks_oops_alive: false
[450.691s][debug][gc,ref         ] GC(24) Skipped KeepAliveFinalRefsPhase of Reference Processing: no references
[450.691s][debug][gc,ref         ] GC(24) Skipped PhantomRefsPhase of Reference Processing: no references
[450.691s][debug][gc,phases      ] GC(24) Reference Processing 0.150ms
[450.691s][debug][gc,phases      ] GC(24)   VM Weak                        Min:  0.0, Avg:  0.0, Max:  0.0, Diff:  0.0, Sum:  0.0, Workers: 4
[450.691s][debug][gc,phases      ] GC(24)     Dead                           Min: 0, Avg:  0.0, Max: 0, Diff: 0, Sum: 0, Workers: 4
[450.691s][debug][gc,phases      ] GC(24)     Total                          Min: 0, Avg: 240.2, Max: 961, Diff: 961, Sum: 961, Workers: 4
[450.691s][debug][gc,phases      ] GC(24)   ObjectSynchronizer Weak        Min:  0.0, Avg:  0.0, Max:  0.0, Diff:  0.0, Sum:  0.0, Workers: 4
[450.691s][debug][gc,phases      ] GC(24)     Dead                           Min: 0, Avg:  0.0, Max: 0, Diff: 0, Sum: 0, Workers: 4
[450.691s][debug][gc,phases      ] GC(24)     Total                          Min: 0, Avg:  1.0, Max: 4, Diff: 4, Sum: 4, Workers: 4
[450.691s][debug][gc,phases      ] GC(24)   JVMTI Tag Weak OopStorage      Min:  0.0, Avg:  0.0, Max:  0.0, Diff:  0.0, Sum:  0.0, Workers: 4
[450.691s][debug][gc,phases      ] GC(24)     Dead                           Min: 0, Avg:  0.0, Max: 0, Diff: 0, Sum: 0, Workers: 4
[450.691s][debug][gc,phases      ] GC(24)     Total                          Min: 0, Avg:  0.0, Max: 0, Diff: 0, Sum: 0, Workers: 4
[450.691s][debug][gc,phases      ] GC(24)   StringTable Weak               Min:  0.0, Avg:  0.1, Max:  0.3, Diff:  0.3, Sum:  0.5, Workers: 4
[450.691s][debug][gc,phases      ] GC(24)     Dead                           Min: 0, Avg:  0.0, Max: 0, Diff: 0, Sum: 0, Workers: 4
[450.691s][debug][gc,phases      ] GC(24)     Total                          Min: 0, Avg: 12029.5, Max: 25408, Diff: 25408, Sum: 48118, Workers: 4
[450.691s][debug][gc,phases      ] GC(24)   ResolvedMethodTable Weak       Min:  0.0, Avg:  0.0, Max:  0.1, Diff:  0.1, Sum:  0.2, Workers: 4
[450.691s][debug][gc,phases      ] GC(24)     Dead                           Min: 0, Avg:  0.0, Max: 0, Diff: 0, Sum: 0, Workers: 4
[450.691s][debug][gc,phases      ] GC(24)     Total                          Min: 0, Avg: 3291.0, Max: 7154, Diff: 7154, Sum: 13164, Workers: 4
[450.691s][debug][gc,phases      ] GC(24)   JNI Weak                       Min:  0.0, Avg:  0.0, Max:  0.0, Diff:  0.0, Sum:  0.0, Workers: 4
[450.691s][debug][gc,phases      ] GC(24)     Dead                           Min: 0, Avg:  0.0, Max: 0, Diff: 0, Sum: 0, Workers: 4
[450.691s][debug][gc,phases      ] GC(24)     Total                          Min: 0, Avg: 12.0, Max: 48, Diff: 48, Sum: 48, Workers: 4
[450.691s][debug][gc,phases      ] GC(24)   StringDedup Table Weak         Min:  0.0, Avg:  0.0, Max:  0.0, Diff:  0.0, Sum:  0.0, Workers: 4
[450.691s][debug][gc,phases      ] GC(24)     Dead                           Min: 0, Avg:  0.0, Max: 0, Diff: 0, Sum: 0, Workers: 4
[450.691s][debug][gc,phases      ] GC(24)     Total                          Min: 0, Avg:  0.0, Max: 0, Diff: 0, Sum: 0, Workers: 4
[450.691s][debug][gc,phases      ] GC(24)   StringDedup Requests0 Weak     Min:  0.0, Avg:  0.0, Max:  0.0, Diff:  0.0, Sum:  0.0, Workers: 4
[450.691s][debug][gc,phases      ] GC(24)     Dead                           Min: 0, Avg:  0.0, Max: 0, Diff: 0, Sum: 0, Workers: 4
[450.691s][debug][gc,phases      ] GC(24)     Total                          Min: 0, Avg:  0.0, Max: 0, Diff: 0, Sum: 0, Workers: 4
[450.691s][debug][gc,phases      ] GC(24)   StringDedup Requests1 Weak     Min:  0.0, Avg:  0.0, Max:  0.0, Diff:  0.0, Sum:  0.0, Workers: 4
[450.691s][debug][gc,phases      ] GC(24)     Dead                           Min: 0, Avg:  0.0, Max: 0, Diff: 0, Sum: 0, Workers: 4
[450.691s][debug][gc,phases      ] GC(24)     Total                          Min: 0, Avg:  0.0, Max: 0, Diff: 0, Sum: 0, Workers: 4
[450.691s][debug][gc,phases      ] GC(24)   Weak JFR Old Object Samples    Min:  0.0, Avg:  0.0, Max:  0.0, Diff:  0.0, Sum:  0.0, Workers: 4
[450.691s][debug][gc,phases      ] GC(24)     Dead                           Min: 0, Avg:  0.0, Max: 0, Diff: 0, Sum: 0, Workers: 4
[450.691s][debug][gc,phases      ] GC(24)     Total                          Min: 0, Avg:  0.0, Max: 0, Diff: 0, Sum: 0, Workers: 4
[450.692s][debug][gc,phases      ] GC(24) Weak Processing 0.724ms
[450.692s][debug][gc,age         ] GC(24) Desired survivor size 204996608 bytes, new threshold 1 (max threshold 15)
[450.692s][info ][gc,heap        ] GC(24) PSYoungGen: 1655664K(1871360K)->1696K(1896960K) Eden: 1653248K(1653248K)->0K(1687552K) From: 2416K(218112K)->1696K(209408K)
[450.692s][info ][gc,heap        ] GC(24) ParOldGen: 273235K(280576K)->274263K(280576K)
[450.692s][info ][gc,metaspace   ] GC(24) Metaspace: 94594K(95872K)->94594K(95872K) NonClass: 80635K(81344K)->80635K(81344K) Class: 13959K(14528K)->13959K(14528K)
[450.692s][info ][gc             ] GC(24) Pause Young (Allocation Failure) 1883M->269M(2126M) 5.694ms
[450.692s][info ][gc,cpu         ] GC(24) User=0.01s Sys=0.00s Real=0.00s
[450.692s][info ][safepoint      ] Safepoint "ParallelGCFailedAllocation", Time since last: 484684630 ns, Reaching safepoint: 77701 ns, Cleanup: 4700 ns, At safepoint: 5780712 ns, Total: 5863113 ns
[452.692s][info ][safepoint      ] Safepoint "Cleanup", Time since last: 2000189399 ns, Reaching safepoint: 85102 ns, Cleanup: 11200 ns, At safepoint: 7900 ns, Total: 104202 ns
[455.692s][info ][safepoint      ] Safepoint "Cleanup", Time since last: 3000307870 ns, Reaching safepoint: 79501 ns, Cleanup: 13700 ns, At safepoint: 7501 ns, Total: 100702 ns
[456.693s][info ][safepoint      ] Safepoint "Cleanup", Time since last: 1000124423 ns, Reaching safepoint: 81002 ns, Cleanup: 21800 ns, At safepoint: 7500 ns, Total: 110302 ns
[457.693s][info ][safepoint      ] Safepoint "Cleanup", Time since last: 1000134924 ns, Reaching safepoint: 80401 ns, Cleanup: 11501 ns, At safepoint: 33000 ns, Total: 124902 ns
[460.693s][info ][safepoint      ] Safepoint "Cleanup", Time since last: 3000282073 ns, Reaching safepoint: 81802 ns, Cleanup: 10700 ns, At safepoint: 8000 ns, Total: 100502 ns
[463.694s][info ][safepoint      ] Safepoint "Cleanup", Time since last: 3000267850 ns, Reaching safepoint: 77602 ns, Cleanup: 12400 ns, At safepoint: 7500 ns, Total: 97502 ns
[464.694s][info ][safepoint      ] Safepoint "Cleanup", Time since last: 1000273954 ns, Reaching safepoint: 103502 ns, Cleanup: 11100 ns, At safepoint: 15601 ns, Total: 130203 ns
[465.694s][info ][safepoint      ] Safepoint "Cleanup", Time since last: 1000144551 ns, Reaching safepoint: 6600 ns, Cleanup: 13800 ns, At safepoint: 2500 ns, Total: 22900 ns
[466.694s][info ][safepoint      ] Safepoint "Cleanup", Time since last: 1000118451 ns, Reaching safepoint: 82201 ns, Cleanup: 10101 ns, At safepoint: 8100 ns, Total: 100402 ns
[467.695s][info ][safepoint      ] Safepoint "Cleanup", Time since last: 1000102750 ns, Reaching safepoint: 6200 ns, Cleanup: 18801 ns, At safepoint: 30700 ns, Total: 55701 ns
[470.695s][info ][safepoint      ] Safepoint "Cleanup", Time since last: 3000248763 ns, Reaching safepoint: 7800 ns, Cleanup: 11100 ns, At safepoint: 3000 ns, Total: 21900 ns
[472.695s][info ][safepoint      ] Safepoint "Cleanup", Time since last: 2000186147 ns, Reaching safepoint: 7900 ns, Cleanup: 13600 ns, At safepoint: 2400 ns, Total: 23900 ns
[473.695s][info ][safepoint      ] Safepoint "Cleanup", Time since last: 1000129975 ns, Reaching safepoint: 7000 ns, Cleanup: 15300 ns, At safepoint: 9800 ns, Total: 32100 ns
[474.695s][info ][safepoint      ] Safepoint "Cleanup", Time since last: 1000110474 ns, Reaching safepoint: 6500 ns, Cleanup: 10300 ns, At safepoint: 2401 ns, Total: 19201 ns
[475.695s][info ][safepoint      ] Safepoint "Cleanup", Time since last: 1000113573 ns, Reaching safepoint: 8201 ns, Cleanup: 17600 ns, At safepoint: 7600 ns, Total: 33401 ns
[476.696s][info ][safepoint      ] Safepoint "Cleanup", Time since last: 1000095063 ns, Reaching safepoint: 5800 ns, Cleanup: 10201 ns, At safepoint: 2600 ns, Total: 18601 ns
[477.696s][info ][safepoint      ] Safepoint "Cleanup", Time since last: 1000123616 ns, Reaching safepoint: 9300 ns, Cleanup: 11901 ns, At safepoint: 2701 ns, Total: 23902 ns
[479.696s][info ][safepoint      ] Safepoint "Cleanup", Time since last: 2000152656 ns, Reaching safepoint: 6600 ns, Cleanup: 10900 ns, At safepoint: 2600 ns, Total: 20100 ns
[481.216s][info ][safepoint      ] Safepoint "Cleanup", Time since last: 1519954677 ns, Reaching safepoint: 7300 ns, Cleanup: 15501 ns, At safepoint: 2500 ns, Total: 25301 ns
[482.216s][info ][safepoint      ] Safepoint "Cleanup", Time since last: 1000139520 ns, Reaching safepoint: 11300 ns, Cleanup: 15601 ns, At safepoint: 7200 ns, Total: 34101 ns
[483.899s][info ][gc,start       ] GC(25) Pause Young (Allocation Failure)
[483.903s][debug][gc,phases      ] GC(25) Scavenge 3.757ms
[483.903s][debug][gc,ref         ] GC(25) ReferenceProcessor::execute queues: 1, RefProcThreadModel::Single, marks_oops_alive: false
[483.903s][debug][gc,ref         ] GC(25) Skipped KeepAliveFinalRefsPhase of Reference Processing: no references
[483.903s][debug][gc,ref         ] GC(25) ReferenceProcessor::execute queues: 1, RefProcThreadModel::Single, marks_oops_alive: false
[483.903s][debug][gc,phases      ] GC(25) Reference Processing 0.117ms
[483.903s][debug][gc,phases      ] GC(25)   VM Weak                        Min:  0.0, Avg:  0.0, Max:  0.0, Diff:  0.0, Sum:  0.0, Workers: 4
[483.903s][debug][gc,phases      ] GC(25)     Dead                           Min: 0, Avg:  0.0, Max: 0, Diff: 0, Sum: 0, Workers: 4
[483.903s][debug][gc,phases      ] GC(25)     Total                          Min: 0, Avg: 240.2, Max: 961, Diff: 961, Sum: 961, Workers: 4
[483.903s][debug][gc,phases      ] GC(25)   ObjectSynchronizer Weak        Min:  0.0, Avg:  0.0, Max:  0.0, Diff:  0.0, Sum:  0.0, Workers: 4
[483.903s][debug][gc,phases      ] GC(25)     Dead                           Min: 0, Avg:  0.0, Max: 0, Diff: 0, Sum: 0, Workers: 4
[483.903s][debug][gc,phases      ] GC(25)     Total                          Min: 0, Avg:  0.8, Max: 3, Diff: 3, Sum: 3, Workers: 4
[483.903s][debug][gc,phases      ] GC(25)   JVMTI Tag Weak OopStorage      Min:  0.0, Avg:  0.0, Max:  0.0, Diff:  0.0, Sum:  0.0, Workers: 4
[483.903s][debug][gc,phases      ] GC(25)     Dead                           Min: 0, Avg:  0.0, Max: 0, Diff: 0, Sum: 0, Workers: 4
[483.903s][debug][gc,phases      ] GC(25)     Total                          Min: 0, Avg:  0.0, Max: 0, Diff: 0, Sum: 0, Workers: 4
[483.903s][debug][gc,phases      ] GC(25)   StringTable Weak               Min:  0.0, Avg:  0.1, Max:  0.2, Diff:  0.2, Sum:  0.4, Workers: 4
[483.903s][debug][gc,phases      ] GC(25)     Dead                           Min: 0, Avg:  0.0, Max: 0, Diff: 0, Sum: 0, Workers: 4
[483.903s][debug][gc,phases      ] GC(25)     Total                          Min: 0, Avg: 12029.8, Max: 23927, Diff: 23927, Sum: 48119, Workers: 4
[483.903s][debug][gc,phases      ] GC(25)   ResolvedMethodTable Weak       Min:  0.0, Avg:  0.0, Max:  0.0, Diff:  0.0, Sum:  0.1, Workers: 4
[483.903s][debug][gc,phases      ] GC(25)     Dead                           Min: 0, Avg:  0.0, Max: 0, Diff: 0, Sum: 0, Workers: 4
[483.903s][debug][gc,phases      ] GC(25)     Total                          Min: 0, Avg: 3291.5, Max: 4519, Diff: 4519, Sum: 13166, Workers: 4
[483.903s][debug][gc,phases      ] GC(25)   JNI Weak                       Min:  0.0, Avg:  0.0, Max:  0.0, Diff:  0.0, Sum:  0.0, Workers: 4
[483.903s][debug][gc,phases      ] GC(25)     Dead                           Min: 0, Avg:  0.0, Max: 0, Diff: 0, Sum: 0, Workers: 4
[483.903s][debug][gc,phases      ] GC(25)     Total                          Min: 0, Avg: 12.0, Max: 48, Diff: 48, Sum: 48, Workers: 4
[483.903s][debug][gc,phases      ] GC(25)   StringDedup Table Weak         Min:  0.0, Avg:  0.0, Max:  0.0, Diff:  0.0, Sum:  0.0, Workers: 4
[483.903s][debug][gc,phases      ] GC(25)     Dead                           Min: 0, Avg:  0.0, Max: 0, Diff: 0, Sum: 0, Workers: 4
[483.903s][debug][gc,phases      ] GC(25)     Total                          Min: 0, Avg:  0.0, Max: 0, Diff: 0, Sum: 0, Workers: 4
[483.903s][debug][gc,phases      ] GC(25)   StringDedup Requests0 Weak     Min:  0.0, Avg:  0.0, Max:  0.0, Diff:  0.0, Sum:  0.0, Workers: 4
[483.903s][debug][gc,phases      ] GC(25)     Dead                           Min: 0, Avg:  0.0, Max: 0, Diff: 0, Sum: 0, Workers: 4
[483.903s][debug][gc,phases      ] GC(25)     Total                          Min: 0, Avg:  0.0, Max: 0, Diff: 0, Sum: 0, Workers: 4
[483.903s][debug][gc,phases      ] GC(25)   StringDedup Requests1 Weak     Min:  0.0, Avg:  0.0, Max:  0.0, Diff:  0.0, Sum:  0.0, Workers: 4
[483.903s][debug][gc,phases      ] GC(25)     Dead                           Min: 0, Avg:  0.0, Max: 0, Diff: 0, Sum: 0, Workers: 4
[483.903s][debug][gc,phases      ] GC(25)     Total                          Min: 0, Avg:  0.0, Max: 0, Diff: 0, Sum: 0, Workers: 4
[483.903s][debug][gc,phases      ] GC(25)   Weak JFR Old Object Samples    Min:  0.0, Avg:  0.0, Max:  0.0, Diff:  0.0, Sum:  0.0, Workers: 4
[483.903s][debug][gc,phases      ] GC(25)     Dead                           Min: 0, Avg:  0.0, Max: 0, Diff: 0, Sum: 0, Workers: 4
[483.903s][debug][gc,phases      ] GC(25)     Total                          Min: 0, Avg:  0.0, Max: 0, Diff: 0, Sum: 0, Workers: 4
[483.903s][debug][gc,phases      ] GC(25) Weak Processing 0.504ms
[483.903s][debug][gc,age         ] GC(25) Desired survivor size 195559424 bytes, new threshold 1 (max threshold 15)
[483.903s][info ][gc,heap        ] GC(25) PSYoungGen: 1689248K(1896960K)->2208K(1887744K) Eden: 1687552K(1687552K)->0K(1687552K) From: 1696K(209408K)->2208K(200192K)
[483.903s][info ][gc,heap        ] GC(25) ParOldGen: 274263K(280576K)->274711K(280576K)
[483.903s][info ][gc,metaspace   ] GC(25) Metaspace: 94610K(95872K)->94610K(95872K) NonClass: 80650K(81344K)->80650K(81344K) Class: 13960K(14528K)->13960K(14528K)
[483.903s][info ][gc             ] GC(25) Pause Young (Allocation Failure) 1917M->270M(2117M) 4.544ms
[483.903s][info ][gc,cpu         ] GC(25) User=0.01s Sys=0.00s Real=0.00s
[483.903s][info ][safepoint      ] Safepoint "ParallelGCFailedAllocation", Time since last: 1682698151 ns, Reaching safepoint: 5900 ns, Cleanup: 3300 ns, At safepoint: 4626893 ns, Total: 4636093 ns
[487.904s][info ][safepoint      ] Safepoint "Cleanup", Time since last: 4000297002 ns, Reaching safepoint: 5800 ns, Cleanup: 9400 ns, At safepoint: 2400 ns, Total: 17600 ns
[488.904s][info ][safepoint      ] Safepoint "Cleanup", Time since last: 1000068055 ns, Reaching safepoint: 6100 ns, Cleanup: 10000 ns, At safepoint: 2300 ns, Total: 18400 ns
[490.904s][info ][safepoint      ] Safepoint "Cleanup", Time since last: 2000181211 ns, Reaching safepoint: 7700 ns, Cleanup: 10600 ns, At safepoint: 6500 ns, Total: 24800 ns
[491.904s][info ][safepoint      ] Safepoint "Cleanup", Time since last: 1000114956 ns, Reaching safepoint: 6300 ns, Cleanup: 11501 ns, At safepoint: 2500 ns, Total: 20301 ns
[494.904s][info ][safepoint      ] Safepoint "Cleanup", Time since last: 3000241114 ns, Reaching safepoint: 8500 ns, Cleanup: 10600 ns, At safepoint: 2300 ns, Total: 21400 ns
[499.905s][info ][safepoint      ] Safepoint "Cleanup", Time since last: 5000384595 ns, Reaching safepoint: 5300 ns, Cleanup: 8800 ns, At safepoint: 2800 ns, Total: 16900 ns
[501.905s][info ][safepoint      ] Safepoint "Cleanup", Time since last: 2000173802 ns, Reaching safepoint: 5300 ns, Cleanup: 9701 ns, At safepoint: 2200 ns, Total: 17201 ns
[502.905s][info ][safepoint      ] Safepoint "Cleanup", Time since last: 1000097464 ns, Reaching safepoint: 6500 ns, Cleanup: 14600 ns, At safepoint: 2600 ns, Total: 23700 ns
[509.906s][info ][safepoint      ] Safepoint "Cleanup", Time since last: 7000479921 ns, Reaching safepoint: 8800 ns, Cleanup: 8700 ns, At safepoint: 7201 ns, Total: 24701 ns
[512.906s][info ][safepoint      ] Safepoint "Cleanup", Time since last: 3000255959 ns, Reaching safepoint: 7100 ns, Cleanup: 19901 ns, At safepoint: 7300 ns, Total: 34301 ns
[514.906s][info ][safepoint      ] Safepoint "Cleanup", Time since last: 2000187606 ns, Reaching safepoint: 5301 ns, Cleanup: 9400 ns, At safepoint: 5300 ns, Total: 20001 ns
[515.592s][info ][gc,start       ] GC(26) Pause Young (Allocation Failure)
[515.595s][debug][gc,phases      ] GC(26) Scavenge 2.638ms
[515.595s][debug][gc,ref         ] GC(26) ReferenceProcessor::execute queues: 1, RefProcThreadModel::Single, marks_oops_alive: false
[515.595s][debug][gc,ref         ] GC(26) Skipped KeepAliveFinalRefsPhase of Reference Processing: no references
[515.595s][debug][gc,ref         ] GC(26) ReferenceProcessor::execute queues: 1, RefProcThreadModel::Single, marks_oops_alive: false
[515.595s][debug][gc,phases      ] GC(26) Reference Processing 0.136ms
[515.595s][debug][gc,phases      ] GC(26)   VM Weak                        Min:  0.0, Avg:  0.0, Max:  0.0, Diff:  0.0, Sum:  0.0, Workers: 4
[515.595s][debug][gc,phases      ] GC(26)     Dead                           Min: 0, Avg:  0.0, Max: 0, Diff: 0, Sum: 0, Workers: 4
[515.595s][debug][gc,phases      ] GC(26)     Total                          Min: 0, Avg: 240.2, Max: 576, Diff: 576, Sum: 961, Workers: 4
[515.595s][debug][gc,phases      ] GC(26)   ObjectSynchronizer Weak        Min:  0.0, Avg:  0.0, Max:  0.0, Diff:  0.0, Sum:  0.0, Workers: 4
[515.595s][debug][gc,phases      ] GC(26)     Dead                           Min: 0, Avg:  0.0, Max: 0, Diff: 0, Sum: 0, Workers: 4
[515.595s][debug][gc,phases      ] GC(26)     Total                          Min: 0, Avg:  1.0, Max: 4, Diff: 4, Sum: 4, Workers: 4
[515.595s][debug][gc,phases      ] GC(26)   JVMTI Tag Weak OopStorage      Min:  0.0, Avg:  0.0, Max:  0.0, Diff:  0.0, Sum:  0.0, Workers: 4
[515.595s][debug][gc,phases      ] GC(26)     Dead                           Min: 0, Avg:  0.0, Max: 0, Diff: 0, Sum: 0, Workers: 4
[515.595s][debug][gc,phases      ] GC(26)     Total                          Min: 0, Avg:  0.0, Max: 0, Diff: 0, Sum: 0, Workers: 4
[515.595s][debug][gc,phases      ] GC(26)   StringTable Weak               Min:  0.1, Avg:  0.1, Max:  0.1, Diff:  0.0, Sum:  0.4, Workers: 4
[515.595s][debug][gc,phases      ] GC(26)     Dead                           Min: 0, Avg:  0.2, Max: 1, Diff: 1, Sum: 1, Workers: 4
[515.595s][debug][gc,phases      ] GC(26)     Total                          Min: 11392, Avg: 12031.0, Max: 13376, Diff: 1984, Sum: 48124, Workers: 4
[515.595s][debug][gc,phases      ] GC(26)   ResolvedMethodTable Weak       Min:  0.0, Avg:  0.0, Max:  0.0, Diff:  0.0, Sum:  0.1, Workers: 4
[515.595s][debug][gc,phases      ] GC(26)     Dead                           Min: 0, Avg:  0.2, Max: 1, Diff: 1, Sum: 1, Workers: 4
[515.595s][debug][gc,phases      ] GC(26)     Total                          Min: 3065, Avg: 3293.0, Max: 3687, Diff: 622, Sum: 13172, Workers: 4
[515.595s][debug][gc,phases      ] GC(26)   JNI Weak                       Min:  0.0, Avg:  0.0, Max:  0.0, Diff:  0.0, Sum:  0.0, Workers: 4
[515.595s][debug][gc,phases      ] GC(26)     Dead                           Min: 0, Avg:  0.0, Max: 0, Diff: 0, Sum: 0, Workers: 4
[515.595s][debug][gc,phases      ] GC(26)     Total                          Min: 0, Avg: 12.0, Max: 48, Diff: 48, Sum: 48, Workers: 4
[515.595s][debug][gc,phases      ] GC(26)   StringDedup Table Weak         Min:  0.0, Avg:  0.0, Max:  0.0, Diff:  0.0, Sum:  0.0, Workers: 4
[515.595s][debug][gc,phases      ] GC(26)     Dead                           Min: 0, Avg:  0.0, Max: 0, Diff: 0, Sum: 0, Workers: 4
[515.595s][debug][gc,phases      ] GC(26)     Total                          Min: 0, Avg:  0.0, Max: 0, Diff: 0, Sum: 0, Workers: 4
[515.595s][debug][gc,phases      ] GC(26)   StringDedup Requests0 Weak     Min:  0.0, Avg:  0.0, Max:  0.0, Diff:  0.0, Sum:  0.0, Workers: 4
[515.595s][debug][gc,phases      ] GC(26)     Dead                           Min: 0, Avg:  0.0, Max: 0, Diff: 0, Sum: 0, Workers: 4
[515.595s][debug][gc,phases      ] GC(26)     Total                          Min: 0, Avg:  0.0, Max: 0, Diff: 0, Sum: 0, Workers: 4
[515.595s][debug][gc,phases      ] GC(26)   StringDedup Requests1 Weak     Min:  0.0, Avg:  0.0, Max:  0.0, Diff:  0.0, Sum:  0.0, Workers: 4
[515.595s][debug][gc,phases      ] GC(26)     Dead                           Min: 0, Avg:  0.0, Max: 0, Diff: 0, Sum: 0, Workers: 4
[515.595s][debug][gc,phases      ] GC(26)     Total                          Min: 0, Avg:  0.0, Max: 0, Diff: 0, Sum: 0, Workers: 4
[515.595s][debug][gc,phases      ] GC(26)   Weak JFR Old Object Samples    Min:  0.0, Avg:  0.0, Max:  0.0, Diff:  0.0, Sum:  0.0, Workers: 4
[515.595s][debug][gc,phases      ] GC(26)     Dead                           Min: 0, Avg:  0.0, Max: 0, Diff: 0, Sum: 0, Workers: 4
[515.595s][debug][gc,phases      ] GC(26)     Total                          Min: 0, Avg:  0.0, Max: 0, Diff: 0, Sum: 0, Workers: 4
[515.595s][debug][gc,phases      ] GC(26) Weak Processing 0.402ms
[515.595s][debug][gc,age         ] GC(26) Desired survivor size 186122240 bytes, new threshold 1 (max threshold 15)
[515.595s][info ][gc,heap        ] GC(26) PSYoungGen: 1689760K(1887744K)->2528K(1915392K) Eden: 1687552K(1687552K)->0K(1724416K) From: 2208K(200192K)->2528K(190976K)
[515.595s][info ][gc,heap        ] GC(26) ParOldGen: 274711K(280576K)->275023K(280576K)
[515.595s][info ][gc,metaspace   ] GC(26) Metaspace: 94621K(95872K)->94621K(95872K) NonClass: 80659K(81344K)->80659K(81344K) Class: 13961K(14528K)->13961K(14528K)
[515.595s][info ][gc             ] GC(26) Pause Young (Allocation Failure) 1918M->271M(2144M) 3.335ms
[515.595s][info ][gc,cpu         ] GC(26) User=0.01s Sys=0.00s Real=0.00s
[515.595s][info ][safepoint      ] Safepoint "ParallelGCFailedAllocation", Time since last: 685679257 ns, Reaching safepoint: 6801 ns, Cleanup: 4100 ns, At safepoint: 3420164 ns, Total: 3431065 ns
[516.595s][info ][safepoint      ] Safepoint "Cleanup", Time since last: 1000090153 ns, Reaching safepoint: 6900 ns, Cleanup: 10100 ns, At safepoint: 2100 ns, Total: 19100 ns
[521.596s][info ][safepoint      ] Safepoint "Cleanup", Time since last: 5000369303 ns, Reaching safepoint: 8100 ns, Cleanup: 9900 ns, At safepoint: 2900 ns, Total: 20900 ns
[522.596s][info ][safepoint      ] Safepoint "Cleanup", Time since last: 1000148543 ns, Reaching safepoint: 6500 ns, Cleanup: 10600 ns, At safepoint: 2600 ns, Total: 19700 ns
[523.596s][info ][safepoint      ] Safepoint "Cleanup", Time since last: 1000114942 ns, Reaching safepoint: 5500 ns, Cleanup: 5900 ns, At safepoint: 2900 ns, Total: 14300 ns
[528.596s][info ][safepoint      ] Safepoint "Cleanup", Time since last: 5000400374 ns, Reaching safepoint: 7100 ns, Cleanup: 11800 ns, At safepoint: 30601 ns, Total: 49501 ns
[531.597s][info ][safepoint      ] Safepoint "Cleanup", Time since last: 3000263095 ns, Reaching safepoint: 7000 ns, Cleanup: 10300 ns, At safepoint: 2801 ns, Total: 20101 ns
[532.597s][info ][safepoint      ] Safepoint "Cleanup", Time since last: 1000120332 ns, Reaching safepoint: 6100 ns, Cleanup: 11800 ns, At safepoint: 2600 ns, Total: 20500 ns
[535.598s][info ][safepoint      ] Safepoint "Cleanup", Time since last: 3001467011 ns, Reaching safepoint: 8700 ns, Cleanup: 15400 ns, At safepoint: 3000 ns, Total: 27100 ns
[537.599s][info ][safepoint      ] Safepoint "Cleanup", Time since last: 2000188716 ns, Reaching safepoint: 7100 ns, Cleanup: 14400 ns, At safepoint: 2700 ns, Total: 24200 ns
[538.599s][info ][safepoint      ] Safepoint "Cleanup", Time since last: 1000141459 ns, Reaching safepoint: 96602 ns, Cleanup: 12600 ns, At safepoint: 9900 ns, Total: 119102 ns
[540.234s][info ][safepoint      ] Safepoint "Cleanup", Time since last: 1634969855 ns, Reaching safepoint: 74101 ns, Cleanup: 8900 ns, At safepoint: 6501 ns, Total: 89502 ns
[541.234s][info ][safepoint      ] Safepoint "Cleanup", Time since last: 1000145435 ns, Reaching safepoint: 78401 ns, Cleanup: 14300 ns, At safepoint: 6800 ns, Total: 99501 ns
[544.235s][info ][safepoint      ] Safepoint "Cleanup", Time since last: 3000270229 ns, Reaching safepoint: 82601 ns, Cleanup: 13400 ns, At safepoint: 6801 ns, Total: 102802 ns
[545.235s][info ][safepoint      ] Safepoint "Cleanup", Time since last: 1000126643 ns, Reaching safepoint: 87402 ns, Cleanup: 12900 ns, At safepoint: 6400 ns, Total: 106702 ns
[546.235s][info ][safepoint      ] Safepoint "Cleanup", Time since last: 1000127043 ns, Reaching safepoint: 83202 ns, Cleanup: 16400 ns, At safepoint: 7101 ns, Total: 106703 ns
[547.536s][info ][gc,start       ] GC(27) Pause Young (Allocation Failure)
[547.538s][debug][gc,phases      ] GC(27) Scavenge 2.566ms
[547.538s][debug][gc,ref         ] GC(27) ReferenceProcessor::execute queues: 1, RefProcThreadModel::Single, marks_oops_alive: false
[547.538s][debug][gc,ref         ] GC(27) Skipped KeepAliveFinalRefsPhase of Reference Processing: no references
[547.538s][debug][gc,ref         ] GC(27) ReferenceProcessor::execute queues: 1, RefProcThreadModel::Single, marks_oops_alive: false
[547.538s][debug][gc,phases      ] GC(27) Reference Processing 0.151ms
[547.539s][debug][gc,phases      ] GC(27)   VM Weak                        Min:  0.0, Avg:  0.0, Max:  0.0, Diff:  0.0, Sum:  0.0, Workers: 4
[547.539s][debug][gc,phases      ] GC(27)     Dead                           Min: 0, Avg:  0.0, Max: 0, Diff: 0, Sum: 0, Workers: 4
[547.539s][debug][gc,phases      ] GC(27)     Total                          Min: 0, Avg: 240.2, Max: 833, Diff: 833, Sum: 961, Workers: 4
[547.539s][debug][gc,phases      ] GC(27)   ObjectSynchronizer Weak        Min:  0.0, Avg:  0.0, Max:  0.0, Diff:  0.0, Sum:  0.0, Workers: 4
[547.539s][debug][gc,phases      ] GC(27)     Dead                           Min: 0, Avg:  0.0, Max: 0, Diff: 0, Sum: 0, Workers: 4
[547.539s][debug][gc,phases      ] GC(27)     Total                          Min: 0, Avg:  1.0, Max: 4, Diff: 4, Sum: 4, Workers: 4
[547.539s][debug][gc,phases      ] GC(27)   JVMTI Tag Weak OopStorage      Min:  0.0, Avg:  0.0, Max:  0.0, Diff:  0.0, Sum:  0.0, Workers: 4
[547.539s][debug][gc,phases      ] GC(27)     Dead                           Min: 0, Avg:  0.0, Max: 0, Diff: 0, Sum: 0, Workers: 4
[547.539s][debug][gc,phases      ] GC(27)     Total                          Min: 0, Avg:  0.0, Max: 0, Diff: 0, Sum: 0, Workers: 4
[547.539s][debug][gc,phases      ] GC(27)   StringTable Weak               Min:  0.1, Avg:  0.1, Max:  0.1, Diff:  0.0, Sum:  0.4, Workers: 4
[547.539s][debug][gc,phases      ] GC(27)     Dead                           Min: 0, Avg:  0.2, Max: 1, Diff: 1, Sum: 1, Workers: 4
[547.539s][debug][gc,phases      ] GC(27)     Total                          Min: 10752, Avg: 12032.2, Max: 13442, Diff: 2690, Sum: 48129, Workers: 4
[547.539s][debug][gc,phases      ] GC(27)   ResolvedMethodTable Weak       Min:  0.0, Avg:  0.0, Max:  0.0, Diff:  0.0, Sum:  0.1, Workers: 4
[547.539s][debug][gc,phases      ] GC(27)     Dead                           Min: 0, Avg:  4.5, Max: 10, Diff: 10, Sum: 18, Workers: 4
[547.539s][debug][gc,phases      ] GC(27)     Total                          Min: 2994, Avg: 3296.8, Max: 3590, Diff: 596, Sum: 13187, Workers: 4
[547.539s][debug][gc,phases      ] GC(27)   JNI Weak                       Min:  0.0, Avg:  0.0, Max:  0.0, Diff:  0.0, Sum:  0.0, Workers: 4
[547.539s][debug][gc,phases      ] GC(27)     Dead                           Min: 0, Avg:  0.0, Max: 0, Diff: 0, Sum: 0, Workers: 4
[547.539s][debug][gc,phases      ] GC(27)     Total                          Min: 0, Avg: 12.0, Max: 48, Diff: 48, Sum: 48, Workers: 4
[547.539s][debug][gc,phases      ] GC(27)   StringDedup Table Weak         Min:  0.0, Avg:  0.0, Max:  0.0, Diff:  0.0, Sum:  0.0, Workers: 4
[547.539s][debug][gc,phases      ] GC(27)     Dead                           Min: 0, Avg:  0.0, Max: 0, Diff: 0, Sum: 0, Workers: 4
[547.539s][debug][gc,phases      ] GC(27)     Total                          Min: 0, Avg:  0.0, Max: 0, Diff: 0, Sum: 0, Workers: 4
[547.539s][debug][gc,phases      ] GC(27)   StringDedup Requests0 Weak     Min:  0.0, Avg:  0.0, Max:  0.0, Diff:  0.0, Sum:  0.0, Workers: 4
[547.539s][debug][gc,phases      ] GC(27)     Dead                           Min: 0, Avg:  0.0, Max: 0, Diff: 0, Sum: 0, Workers: 4
[547.539s][debug][gc,phases      ] GC(27)     Total                          Min: 0, Avg:  0.0, Max: 0, Diff: 0, Sum: 0, Workers: 4
[547.539s][debug][gc,phases      ] GC(27)   StringDedup Requests1 Weak     Min:  0.0, Avg:  0.0, Max:  0.0, Diff:  0.0, Sum:  0.0, Workers: 4
[547.539s][debug][gc,phases      ] GC(27)     Dead                           Min: 0, Avg:  0.0, Max: 0, Diff: 0, Sum: 0, Workers: 4
[547.539s][debug][gc,phases      ] GC(27)     Total                          Min: 0, Avg:  0.0, Max: 0, Diff: 0, Sum: 0, Workers: 4
[547.539s][debug][gc,phases      ] GC(27)   Weak JFR Old Object Samples    Min:  0.0, Avg:  0.0, Max:  0.0, Diff:  0.0, Sum:  0.0, Workers: 4
[547.539s][debug][gc,phases      ] GC(27)     Dead                           Min: 0, Avg:  0.0, Max: 0, Diff: 0, Sum: 0, Workers: 4
[547.539s][debug][gc,phases      ] GC(27)     Total                          Min: 0, Avg:  0.0, Max: 0, Diff: 0, Sum: 0, Workers: 4
[547.539s][debug][gc,phases      ] GC(27) Weak Processing 0.398ms
[547.539s][debug][gc,age         ] GC(27) Desired survivor size 176160768 bytes, new threshold 1 (max threshold 15)
[547.539s][info ][gc,heap        ] GC(27) PSYoungGen: 1726944K(1915392K)->1856K(1906176K) Eden: 1724416K(1724416K)->0K(1724416K) From: 2528K(190976K)->1856K(181760K)
[547.539s][info ][gc,heap        ] GC(27) ParOldGen: 275023K(280576K)->276003K(280576K)
[547.539s][info ][gc,metaspace   ] GC(27) Metaspace: 94641K(95872K)->94641K(95872K) NonClass: 80677K(81344K)->80677K(81344K) Class: 13964K(14528K)->13964K(14528K)
[547.539s][info ][gc             ] GC(27) Pause Young (Allocation Failure) 1955M->271M(2135M) 3.270ms
[547.539s][info ][gc,cpu         ] GC(27) User=0.01s Sys=0.00s Real=0.01s
[547.539s][info ][safepoint      ] Safepoint "ParallelGCFailedAllocation", Time since last: 1300581424 ns, Reaching safepoint: 73501 ns, Cleanup: 5400 ns, At safepoint: 3352265 ns, Total: 3431166 ns
[548.539s][info ][safepoint      ] Safepoint "Cleanup", Time since last: 1000097043 ns, Reaching safepoint: 82201 ns, Cleanup: 14901 ns, At safepoint: 6700 ns, Total: 103802 ns
[553.542s][info ][safepoint      ] Safepoint "Cleanup", Time since last: 5002364522 ns, Reaching safepoint: 78901 ns, Cleanup: 11800 ns, At safepoint: 6600 ns, Total: 97301 ns
[559.543s][info ][safepoint      ] Safepoint "Cleanup", Time since last: 6000800250 ns, Reaching safepoint: 86002 ns, Cleanup: 15400 ns, At safepoint: 7700 ns, Total: 109102 ns
[561.543s][info ][safepoint      ] Safepoint "Cleanup", Time since last: 2000201899 ns, Reaching safepoint: 88602 ns, Cleanup: 10500 ns, At safepoint: 8100 ns, Total: 107202 ns
[563.543s][info ][safepoint      ] Safepoint "Cleanup", Time since last: 2000244799 ns, Reaching safepoint: 81502 ns, Cleanup: 12800 ns, At safepoint: 12100 ns, Total: 106402 ns
[569.544s][info ][safepoint      ] Safepoint "Cleanup", Time since last: 6000479536 ns, Reaching safepoint: 6701 ns, Cleanup: 11100 ns, At safepoint: 2500 ns, Total: 20301 ns
[576.544s][info ][safepoint      ] Safepoint "Cleanup", Time since last: 7000513283 ns, Reaching safepoint: 78402 ns, Cleanup: 11200 ns, At safepoint: 7800 ns, Total: 97402 ns
[578.436s][info ][gc,start       ] GC(28) Pause Young (Allocation Failure)
[578.438s][debug][gc,phases      ] GC(28) Scavenge 2.571ms
[578.438s][debug][gc,ref         ] GC(28) ReferenceProcessor::execute queues: 1, RefProcThreadModel::Single, marks_oops_alive: false
[578.438s][debug][gc,ref         ] GC(28) Skipped KeepAliveFinalRefsPhase of Reference Processing: no references
[578.438s][debug][gc,ref         ] GC(28) Skipped PhantomRefsPhase of Reference Processing: no references
[578.438s][debug][gc,phases      ] GC(28) Reference Processing 0.122ms
[578.439s][debug][gc,phases      ] GC(28)   VM Weak                        Min:  0.0, Avg:  0.0, Max:  0.0, Diff:  0.0, Sum:  0.0, Workers: 4
[578.439s][debug][gc,phases      ] GC(28)     Dead                           Min: 0, Avg:  0.0, Max: 0, Diff: 0, Sum: 0, Workers: 4
[578.439s][debug][gc,phases      ] GC(28)     Total                          Min: 0, Avg: 240.2, Max: 449, Diff: 449, Sum: 961, Workers: 4
[578.439s][debug][gc,phases      ] GC(28)   ObjectSynchronizer Weak        Min:  0.0, Avg:  0.0, Max:  0.0, Diff:  0.0, Sum:  0.0, Workers: 4
[578.439s][debug][gc,phases      ] GC(28)     Dead                           Min: 0, Avg:  0.0, Max: 0, Diff: 0, Sum: 0, Workers: 4
[578.439s][debug][gc,phases      ] GC(28)     Total                          Min: 0, Avg:  1.0, Max: 4, Diff: 4, Sum: 4, Workers: 4
[578.439s][debug][gc,phases      ] GC(28)   JVMTI Tag Weak OopStorage      Min:  0.0, Avg:  0.0, Max:  0.0, Diff:  0.0, Sum:  0.0, Workers: 4
[578.439s][debug][gc,phases      ] GC(28)     Dead                           Min: 0, Avg:  0.0, Max: 0, Diff: 0, Sum: 0, Workers: 4
[578.439s][debug][gc,phases      ] GC(28)     Total                          Min: 0, Avg:  0.0, Max: 0, Diff: 0, Sum: 0, Workers: 4
[578.439s][debug][gc,phases      ] GC(28)   StringTable Weak               Min:  0.0, Avg:  0.1, Max:  0.1, Diff:  0.1, Sum:  0.4, Workers: 4
[578.439s][debug][gc,phases      ] GC(28)     Dead                           Min: 0, Avg:  0.0, Max: 0, Diff: 0, Sum: 0, Workers: 4
[578.439s][debug][gc,phases      ] GC(28)     Total                          Min: 0, Avg: 12032.8, Max: 18116, Diff: 18116, Sum: 48131, Workers: 4
[578.439s][debug][gc,phases      ] GC(28)   ResolvedMethodTable Weak       Min:  0.0, Avg:  0.0, Max:  0.0, Diff:  0.0, Sum:  0.1, Workers: 4
[578.439s][debug][gc,phases      ] GC(28)     Dead                           Min: 0, Avg:  0.0, Max: 0, Diff: 0, Sum: 0, Workers: 4
[578.439s][debug][gc,phases      ] GC(28)     Total                          Min: 0, Avg: 3296.8, Max: 4933, Diff: 4933, Sum: 13187, Workers: 4
[578.439s][debug][gc,phases      ] GC(28)   JNI Weak                       Min:  0.0, Avg:  0.0, Max:  0.0, Diff:  0.0, Sum:  0.0, Workers: 4
[578.439s][debug][gc,phases      ] GC(28)     Dead                           Min: 0, Avg:  0.0, Max: 0, Diff: 0, Sum: 0, Workers: 4
[578.439s][debug][gc,phases      ] GC(28)     Total                          Min: 0, Avg: 12.0, Max: 48, Diff: 48, Sum: 48, Workers: 4
[578.439s][debug][gc,phases      ] GC(28)   StringDedup Table Weak         Min:  0.0, Avg:  0.0, Max:  0.0, Diff:  0.0, Sum:  0.0, Workers: 4
[578.439s][debug][gc,phases      ] GC(28)     Dead                           Min: 0, Avg:  0.0, Max: 0, Diff: 0, Sum: 0, Workers: 4
[578.439s][debug][gc,phases      ] GC(28)     Total                          Min: 0, Avg:  0.0, Max: 0, Diff: 0, Sum: 0, Workers: 4
[578.439s][debug][gc,phases      ] GC(28)   StringDedup Requests0 Weak     Min:  0.0, Avg:  0.0, Max:  0.0, Diff:  0.0, Sum:  0.0, Workers: 4
[578.439s][debug][gc,phases      ] GC(28)     Dead                           Min: 0, Avg:  0.0, Max: 0, Diff: 0, Sum: 0, Workers: 4
[578.439s][debug][gc,phases      ] GC(28)     Total                          Min: 0, Avg:  0.0, Max: 0, Diff: 0, Sum: 0, Workers: 4
[578.439s][debug][gc,phases      ] GC(28)   StringDedup Requests1 Weak     Min:  0.0, Avg:  0.0, Max:  0.0, Diff:  0.0, Sum:  0.0, Workers: 4
[578.439s][debug][gc,phases      ] GC(28)     Dead                           Min: 0, Avg:  0.0, Max: 0, Diff: 0, Sum: 0, Workers: 4
[578.439s][debug][gc,phases      ] GC(28)     Total                          Min: 0, Avg:  0.0, Max: 0, Diff: 0, Sum: 0, Workers: 4
[578.439s][debug][gc,phases      ] GC(28)   Weak JFR Old Object Samples    Min:  0.0, Avg:  0.0, Max:  0.0, Diff:  0.0, Sum:  0.0, Workers: 4
[578.439s][debug][gc,phases      ] GC(28)     Dead                           Min: 0, Avg:  0.0, Max: 0, Diff: 0, Sum: 0, Workers: 4
[578.439s][debug][gc,phases      ] GC(28)     Total                          Min: 0, Avg:  0.0, Max: 0, Diff: 0, Sum: 0, Workers: 4
[578.439s][debug][gc,phases      ] GC(28) Weak Processing 0.440ms
[578.439s][debug][gc,age         ] GC(28) Desired survivor size 166723584 bytes, new threshold 1 (max threshold 15)
[578.439s][info ][gc,heap        ] GC(28) PSYoungGen: 1726272K(1906176K)->2176K(1934336K) Eden: 1724416K(1724416K)->0K(1762304K) From: 1856K(181760K)->2176K(172032K)
[578.439s][info ][gc,heap        ] GC(28) ParOldGen: 276003K(280576K)->276515K(280576K)
[578.439s][info ][gc,metaspace   ] GC(28) Metaspace: 94652K(95936K)->94652K(95936K) NonClass: 80688K(81408K)->80688K(81408K) Class: 13964K(14528K)->13964K(14528K)
[578.439s][info ][gc             ] GC(28) Pause Young (Allocation Failure) 1955M->272M(2163M) 3.272ms
[578.439s][info ][gc,cpu         ] GC(28) User=0.01s Sys=0.00s Real=0.01s
[578.439s][info ][safepoint      ] Safepoint "ParallelGCFailedAllocation", Time since last: 1891121066 ns, Reaching safepoint: 82701 ns, Cleanup: 4400 ns, At safepoint: 3355562 ns, Total: 3442663 ns
[579.439s][info ][safepoint      ] Safepoint "Cleanup", Time since last: 1000108239 ns, Reaching safepoint: 84101 ns, Cleanup: 12401 ns, At safepoint: 6800 ns, Total: 103302 ns
[591.440s][info ][safepoint      ] Safepoint "Cleanup", Time since last: 12000987410 ns, Reaching safepoint: 82502 ns, Cleanup: 19800 ns, At safepoint: 7500 ns, Total: 109802 ns
[592.440s][info ][safepoint      ] Safepoint "Cleanup", Time since last: 1000168018 ns, Reaching safepoint: 86002 ns, Cleanup: 15600 ns, At safepoint: 7100 ns, Total: 108702 ns
[593.441s][info ][safepoint      ] Safepoint "Cleanup", Time since last: 1000136117 ns, Reaching safepoint: 82202 ns, Cleanup: 19700 ns, At safepoint: 7100 ns, Total: 109002 ns
[594.441s][info ][safepoint      ] Safepoint "Cleanup", Time since last: 1000125052 ns, Reaching safepoint: 82302 ns, Cleanup: 22500 ns, At safepoint: 8200 ns, Total: 113002 ns
[595.441s][info ][safepoint      ] Safepoint "Cleanup", Time since last: 1000121509 ns, Reaching safepoint: 78801 ns, Cleanup: 13701 ns, At safepoint: 7300 ns, Total: 99802 ns
[598.442s][info ][safepoint      ] Safepoint "Cleanup", Time since last: 3000291059 ns, Reaching safepoint: 77902 ns, Cleanup: 10600 ns, At safepoint: 7000 ns, Total: 95502 ns
[599.442s][info ][safepoint      ] Safepoint "Cleanup", Time since last: 1000134572 ns, Reaching safepoint: 88002 ns, Cleanup: 11900 ns, At safepoint: 6400 ns, Total: 106302 ns
[601.258s][info ][safepoint      ] Safepoint "Cleanup", Time since last: 1815908221 ns, Reaching safepoint: 79202 ns, Cleanup: 13300 ns, At safepoint: 7300 ns, Total: 99802 ns
[602.258s][info ][safepoint      ] Safepoint "Cleanup", Time since last: 1000120472 ns, Reaching safepoint: 7800 ns, Cleanup: 11900 ns, At safepoint: 2600 ns, Total: 22300 ns
[603.258s][info ][safepoint      ] Safepoint "Cleanup", Time since last: 1000141573 ns, Reaching safepoint: 7000 ns, Cleanup: 10700 ns, At safepoint: 2800 ns, Total: 20500 ns
[604.258s][info ][safepoint      ] Safepoint "Cleanup", Time since last: 1000108772 ns, Reaching safepoint: 5900 ns, Cleanup: 7400 ns, At safepoint: 1900 ns, Total: 15200 ns
[605.258s][info ][safepoint      ] Safepoint "Cleanup", Time since last: 1000109335 ns, Reaching safepoint: 5400 ns, Cleanup: 9100 ns, At safepoint: 1900 ns, Total: 16400 ns
[606.258s][info ][safepoint      ] Safepoint "Cleanup", Time since last: 1000109009 ns, Reaching safepoint: 5900 ns, Cleanup: 12400 ns, At safepoint: 2700 ns, Total: 21000 ns
[607.259s][info ][safepoint      ] Safepoint "Cleanup", Time since last: 1000126609 ns, Reaching safepoint: 9200 ns, Cleanup: 15700 ns, At safepoint: 2500 ns, Total: 27400 ns
[608.259s][info ][safepoint      ] Safepoint "Cleanup", Time since last: 1000120809 ns, Reaching safepoint: 6200 ns, Cleanup: 11200 ns, At safepoint: 2800 ns, Total: 20200 ns
[609.259s][info ][safepoint      ] Safepoint "Cleanup", Time since last: 1000109709 ns, Reaching safepoint: 5900 ns, Cleanup: 13100 ns, At safepoint: 2500 ns, Total: 21500 ns
[610.259s][info ][safepoint      ] Safepoint "Cleanup", Time since last: 1000116709 ns, Reaching safepoint: 6600 ns, Cleanup: 12300 ns, At safepoint: 2300 ns, Total: 21200 ns
[612.259s][info ][safepoint      ] Safepoint "Cleanup", Time since last: 2000195316 ns, Reaching safepoint: 11001 ns, Cleanup: 12600 ns, At safepoint: 3300 ns, Total: 26901 ns
[612.298s][info ][gc,start       ] GC(29) Pause Young (Allocation Failure)
[612.303s][debug][gc,phases      ] GC(29) Scavenge 5.315ms
[612.304s][debug][gc,ref         ] GC(29) ReferenceProcessor::execute queues: 1, RefProcThreadModel::Single, marks_oops_alive: false
[612.304s][debug][gc,ref         ] GC(29) Skipped KeepAliveFinalRefsPhase of Reference Processing: no references
[612.304s][debug][gc,ref         ] GC(29) ReferenceProcessor::execute queues: 1, RefProcThreadModel::Single, marks_oops_alive: false
[612.304s][debug][gc,phases      ] GC(29) Reference Processing 0.137ms
[612.304s][debug][gc,phases      ] GC(29)   VM Weak                        Min:  0.0, Avg:  0.0, Max:  0.0, Diff:  0.0, Sum:  0.0, Workers: 4
[612.304s][debug][gc,phases      ] GC(29)     Dead                           Min: 0, Avg:  0.0, Max: 0, Diff: 0, Sum: 0, Workers: 4
[612.304s][debug][gc,phases      ] GC(29)     Total                          Min: 0, Avg: 241.2, Max: 901, Diff: 901, Sum: 965, Workers: 4
[612.304s][debug][gc,phases      ] GC(29)   ObjectSynchronizer Weak        Min:  0.0, Avg:  0.0, Max:  0.0, Diff:  0.0, Sum:  0.0, Workers: 4
[612.304s][debug][gc,phases      ] GC(29)     Dead                           Min: 0, Avg:  0.0, Max: 0, Diff: 0, Sum: 0, Workers: 4
[612.304s][debug][gc,phases      ] GC(29)     Total                          Min: 0, Avg:  1.0, Max: 4, Diff: 4, Sum: 4, Workers: 4
[612.304s][debug][gc,phases      ] GC(29)   JVMTI Tag Weak OopStorage      Min:  0.0, Avg:  0.0, Max:  0.0, Diff:  0.0, Sum:  0.0, Workers: 4
[612.304s][debug][gc,phases      ] GC(29)     Dead                           Min: 0, Avg:  0.0, Max: 0, Diff: 0, Sum: 0, Workers: 4
[612.304s][debug][gc,phases      ] GC(29)     Total                          Min: 0, Avg:  0.0, Max: 0, Diff: 0, Sum: 0, Workers: 4
[612.304s][debug][gc,phases      ] GC(29)   StringTable Weak               Min:  0.0, Avg:  0.1, Max:  0.1, Diff:  0.1, Sum:  0.4, Workers: 4
[612.304s][debug][gc,phases      ] GC(29)     Dead                           Min: 0, Avg:  0.0, Max: 0, Diff: 0, Sum: 0, Workers: 4
[612.304s][debug][gc,phases      ] GC(29)     Total                          Min: 0, Avg: 12033.8, Max: 17160, Diff: 17160, Sum: 48135, Workers: 4
[612.304s][debug][gc,phases      ] GC(29)   ResolvedMethodTable Weak       Min:  0.0, Avg:  0.0, Max:  0.0, Diff:  0.0, Sum:  0.1, Workers: 4
[612.304s][debug][gc,phases      ] GC(29)     Dead                           Min: 0, Avg:  0.0, Max: 0, Diff: 0, Sum: 0, Workers: 4
[612.304s][debug][gc,phases      ] GC(29)     Total                          Min: 0, Avg: 3299.0, Max: 4749, Diff: 4749, Sum: 13196, Workers: 4
[612.304s][debug][gc,phases      ] GC(29)   JNI Weak                       Min:  0.0, Avg:  0.0, Max:  0.0, Diff:  0.0, Sum:  0.0, Workers: 4
[612.304s][debug][gc,phases      ] GC(29)     Dead                           Min: 0, Avg:  0.0, Max: 0, Diff: 0, Sum: 0, Workers: 4
[612.304s][debug][gc,phases      ] GC(29)     Total                          Min: 0, Avg: 12.0, Max: 48, Diff: 48, Sum: 48, Workers: 4
[612.304s][debug][gc,phases      ] GC(29)   StringDedup Table Weak         Min:  0.0, Avg:  0.0, Max:  0.0, Diff:  0.0, Sum:  0.0, Workers: 4
[612.304s][debug][gc,phases      ] GC(29)     Dead                           Min: 0, Avg:  0.0, Max: 0, Diff: 0, Sum: 0, Workers: 4
[612.304s][debug][gc,phases      ] GC(29)     Total                          Min: 0, Avg:  0.0, Max: 0, Diff: 0, Sum: 0, Workers: 4
[612.304s][debug][gc,phases      ] GC(29)   StringDedup Requests0 Weak     Min:  0.0, Avg:  0.0, Max:  0.0, Diff:  0.0, Sum:  0.0, Workers: 4
[612.304s][debug][gc,phases      ] GC(29)     Dead                           Min: 0, Avg:  0.0, Max: 0, Diff: 0, Sum: 0, Workers: 4
[612.304s][debug][gc,phases      ] GC(29)     Total                          Min: 0, Avg:  0.0, Max: 0, Diff: 0, Sum: 0, Workers: 4
[612.304s][debug][gc,phases      ] GC(29)   StringDedup Requests1 Weak     Min:  0.0, Avg:  0.0, Max:  0.0, Diff:  0.0, Sum:  0.0, Workers: 4
[612.304s][debug][gc,phases      ] GC(29)     Dead                           Min: 0, Avg:  0.0, Max: 0, Diff: 0, Sum: 0, Workers: 4
[612.304s][debug][gc,phases      ] GC(29)     Total                          Min: 0, Avg:  0.0, Max: 0, Diff: 0, Sum: 0, Workers: 4
[612.304s][debug][gc,phases      ] GC(29)   Weak JFR Old Object Samples    Min:  0.0, Avg:  0.0, Max:  0.0, Diff:  0.0, Sum:  0.0, Workers: 4
[612.304s][debug][gc,phases      ] GC(29)     Dead                           Min: 0, Avg:  0.0, Max: 0, Diff: 0, Sum: 0, Workers: 4
[612.304s][debug][gc,phases      ] GC(29)     Total                          Min: 0, Avg:  0.0, Max: 0, Diff: 0, Sum: 0, Workers: 4
[612.304s][debug][gc,phases      ] GC(29) Weak Processing 0.462ms
[612.304s][debug][gc,age         ] GC(29) Desired survivor size 157286400 bytes, new threshold 1 (max threshold 15)
[612.304s][info ][gc,heap        ] GC(29) PSYoungGen: 1764480K(1934336K)->2912K(1925120K) Eden: 1762304K(1762304K)->0K(1762304K) From: 2176K(172032K)->2912K(162816K)
[612.304s][info ][gc,heap        ] GC(29) ParOldGen: 276515K(280576K)->276775K(280576K)
[612.304s][info ][gc,metaspace   ] GC(29) Metaspace: 94700K(95936K)->94700K(95936K) NonClass: 80732K(81408K)->80732K(81408K) Class: 13967K(14528K)->13967K(14528K)
[612.304s][info ][gc             ] GC(29) Pause Young (Allocation Failure) 1993M->273M(2154M) 6.071ms
[612.304s][info ][gc,cpu         ] GC(29) User=0.01s Sys=0.01s Real=0.01s
[612.304s][info ][safepoint      ] Safepoint "ParallelGCFailedAllocation", Time since last: 38786318 ns, Reaching safepoint: 6300 ns, Cleanup: 3400 ns, At safepoint: 6164714 ns, Total: 6174414 ns
[613.304s][info ][safepoint      ] Safepoint "Cleanup", Time since last: 1000085033 ns, Reaching safepoint: 5800 ns, Cleanup: 11500 ns, At safepoint: 2800 ns, Total: 20100 ns
[614.304s][info ][safepoint      ] Safepoint "Cleanup", Time since last: 1000124906 ns, Reaching safepoint: 7601 ns, Cleanup: 11300 ns, At safepoint: 2600 ns, Total: 21501 ns
[615.305s][info ][safepoint      ] Safepoint "Cleanup", Time since last: 1000122706 ns, Reaching safepoint: 8300 ns, Cleanup: 63301 ns, At safepoint: 5700 ns, Total: 77301 ns
[616.305s][info ][safepoint      ] Safepoint "Cleanup", Time since last: 1000118606 ns, Reaching safepoint: 6300 ns, Cleanup: 9701 ns, At safepoint: 2600 ns, Total: 18601 ns
[618.305s][info ][safepoint      ] Safepoint "Cleanup", Time since last: 2000181511 ns, Reaching safepoint: 5400 ns, Cleanup: 21200 ns, At safepoint: 2600 ns, Total: 29200 ns
[625.306s][info ][safepoint      ] Safepoint "Cleanup", Time since last: 7000523932 ns, Reaching safepoint: 6600 ns, Cleanup: 11900 ns, At safepoint: 2800 ns, Total: 21300 ns
[626.306s][info ][safepoint      ] Safepoint "Cleanup", Time since last: 1000122468 ns, Reaching safepoint: 5500 ns, Cleanup: 10301 ns, At safepoint: 2500 ns, Total: 18301 ns
[629.306s][info ][safepoint      ] Safepoint "Cleanup", Time since last: 3000249436 ns, Reaching safepoint: 8600 ns, Cleanup: 12100 ns, At safepoint: 3200 ns, Total: 23900 ns
[631.306s][info ][safepoint      ] Safepoint "Cleanup", Time since last: 2000185451 ns, Reaching safepoint: 7200 ns, Cleanup: 11500 ns, At safepoint: 2400 ns, Total: 21100 ns
[634.307s][info ][safepoint      ] Safepoint "Cleanup", Time since last: 3000278373 ns, Reaching safepoint: 7000 ns, Cleanup: 11500 ns, At safepoint: 2900 ns, Total: 21400 ns
[635.307s][info ][safepoint      ] Safepoint "Cleanup", Time since last: 1000129824 ns, Reaching safepoint: 7500 ns, Cleanup: 14000 ns, At safepoint: 3001 ns, Total: 24501 ns
[642.307s][info ][safepoint      ] Safepoint "Cleanup", Time since last: 7000558562 ns, Reaching safepoint: 7200 ns, Cleanup: 10601 ns, At safepoint: 2400 ns, Total: 20201 ns
[643.307s][info ][safepoint      ] Safepoint "Cleanup", Time since last: 1000116277 ns, Reaching safepoint: 6300 ns, Cleanup: 15600 ns, At safepoint: 2201 ns, Total: 24101 ns
[645.244s][info ][gc,start       ] GC(30) Pause Young (Allocation Failure)
[645.247s][debug][gc,phases      ] GC(30) Scavenge 3.073ms
[645.247s][debug][gc,ref         ] GC(30) ReferenceProcessor::execute queues: 1, RefProcThreadModel::Single, marks_oops_alive: false
[645.247s][debug][gc,ref         ] GC(30) Skipped KeepAliveFinalRefsPhase of Reference Processing: no references
[645.247s][debug][gc,ref         ] GC(30) Skipped PhantomRefsPhase of Reference Processing: no references
[645.247s][debug][gc,phases      ] GC(30) Reference Processing 0.122ms
[645.247s][debug][gc,phases      ] GC(30)   VM Weak                        Min:  0.0, Avg:  0.0, Max:  0.0, Diff:  0.0, Sum:  0.0, Workers: 4
[645.247s][debug][gc,phases      ] GC(30)     Dead                           Min: 0, Avg:  0.0, Max: 0, Diff: 0, Sum: 0, Workers: 4
[645.247s][debug][gc,phases      ] GC(30)     Total                          Min: 0, Avg: 241.2, Max: 581, Diff: 581, Sum: 965, Workers: 4
[645.247s][debug][gc,phases      ] GC(30)   ObjectSynchronizer Weak        Min:  0.0, Avg:  0.0, Max:  0.0, Diff:  0.0, Sum:  0.0, Workers: 4
[645.247s][debug][gc,phases      ] GC(30)     Dead                           Min: 0, Avg:  0.0, Max: 0, Diff: 0, Sum: 0, Workers: 4
[645.247s][debug][gc,phases      ] GC(30)     Total                          Min: 0, Avg:  1.0, Max: 4, Diff: 4, Sum: 4, Workers: 4
[645.247s][debug][gc,phases      ] GC(30)   JVMTI Tag Weak OopStorage      Min:  0.0, Avg:  0.0, Max:  0.0, Diff:  0.0, Sum:  0.0, Workers: 4
[645.247s][debug][gc,phases      ] GC(30)     Dead                           Min: 0, Avg:  0.0, Max: 0, Diff: 0, Sum: 0, Workers: 4
[645.247s][debug][gc,phases      ] GC(30)     Total                          Min: 0, Avg:  0.0, Max: 0, Diff: 0, Sum: 0, Workers: 4
[645.247s][debug][gc,phases      ] GC(30)   StringTable Weak               Min:  0.0, Avg:  0.1, Max:  0.2, Diff:  0.2, Sum:  0.4, Workers: 4
[645.247s][debug][gc,phases      ] GC(30)     Dead                           Min: 0, Avg:  0.0, Max: 0, Diff: 0, Sum: 0, Workers: 4
[645.247s][debug][gc,phases      ] GC(30)     Total                          Min: 0, Avg: 12034.0, Max: 16649, Diff: 16649, Sum: 48136, Workers: 4
[645.247s][debug][gc,phases      ] GC(30)   ResolvedMethodTable Weak       Min:  0.0, Avg:  0.0, Max:  0.0, Diff:  0.0, Sum:  0.1, Workers: 4
[645.247s][debug][gc,phases      ] GC(30)     Dead                           Min: 0, Avg:  0.0, Max: 0, Diff: 0, Sum: 0, Workers: 4
[645.247s][debug][gc,phases      ] GC(30)     Total                          Min: 0, Avg: 3299.0, Max: 5208, Diff: 5208, Sum: 13196, Workers: 4
[645.247s][debug][gc,phases      ] GC(30)   JNI Weak                       Min:  0.0, Avg:  0.0, Max:  0.0, Diff:  0.0, Sum:  0.0, Workers: 4
[645.247s][debug][gc,phases      ] GC(30)     Dead                           Min: 0, Avg:  0.0, Max: 0, Diff: 0, Sum: 0, Workers: 4
[645.247s][debug][gc,phases      ] GC(30)     Total                          Min: 0, Avg: 12.0, Max: 48, Diff: 48, Sum: 48, Workers: 4
[645.247s][debug][gc,phases      ] GC(30)   StringDedup Table Weak         Min:  0.0, Avg:  0.0, Max:  0.0, Diff:  0.0, Sum:  0.0, Workers: 4
[645.247s][debug][gc,phases      ] GC(30)     Dead                           Min: 0, Avg:  0.0, Max: 0, Diff: 0, Sum: 0, Workers: 4
[645.247s][debug][gc,phases      ] GC(30)     Total                          Min: 0, Avg:  0.0, Max: 0, Diff: 0, Sum: 0, Workers: 4
[645.247s][debug][gc,phases      ] GC(30)   StringDedup Requests0 Weak     Min:  0.0, Avg:  0.0, Max:  0.0, Diff:  0.0, Sum:  0.0, Workers: 4
[645.247s][debug][gc,phases      ] GC(30)     Dead                           Min: 0, Avg:  0.0, Max: 0, Diff: 0, Sum: 0, Workers: 4
[645.247s][debug][gc,phases      ] GC(30)     Total                          Min: 0, Avg:  0.0, Max: 0, Diff: 0, Sum: 0, Workers: 4
[645.247s][debug][gc,phases      ] GC(30)   StringDedup Requests1 Weak     Min:  0.0, Avg:  0.0, Max:  0.0, Diff:  0.0, Sum:  0.0, Workers: 4
[645.247s][debug][gc,phases      ] GC(30)     Dead                           Min: 0, Avg:  0.0, Max: 0, Diff: 0, Sum: 0, Workers: 4
[645.247s][debug][gc,phases      ] GC(30)     Total                          Min: 0, Avg:  0.0, Max: 0, Diff: 0, Sum: 0, Workers: 4
[645.247s][debug][gc,phases      ] GC(30)   Weak JFR Old Object Samples    Min:  0.0, Avg:  0.0, Max:  0.0, Diff:  0.0, Sum:  0.0, Workers: 4
[645.247s][debug][gc,phases      ] GC(30)     Dead                           Min: 0, Avg:  0.0, Max: 0, Diff: 0, Sum: 0, Workers: 4
[645.247s][debug][gc,phases      ] GC(30)     Total                          Min: 0, Avg:  0.0, Max: 0, Diff: 0, Sum: 0, Workers: 4
[645.247s][debug][gc,phases      ] GC(30) Weak Processing 0.457ms
[645.247s][debug][gc,age         ] GC(30) Desired survivor size 148373504 bytes, new threshold 1 (max threshold 15)
[645.247s][info ][gc,heap        ] GC(30) PSYoungGen: 1765216K(1925120K)->2080K(1952256K) Eden: 1762304K(1762304K)->0K(1798656K) From: 2912K(162816K)->2080K(153600K)
[645.247s][info ][gc,heap        ] GC(30) ParOldGen: 276775K(280576K)->277804K(280576K)
[645.247s][info ][gc,metaspace   ] GC(30) Metaspace: 94723K(96000K)->94723K(96000K) NonClass: 80755K(81472K)->80755K(81472K) Class: 13967K(14528K)->13967K(14528K)
[645.248s][info ][gc             ] GC(30) Pause Young (Allocation Failure) 1994M->273M(2180M) 3.793ms
[645.248s][info ][gc,cpu         ] GC(30) User=0.01s Sys=0.00s Real=0.01s
[645.248s][info ][safepoint      ] Safepoint "ParallelGCFailedAllocation", Time since last: 1936261641 ns, Reaching safepoint: 6100 ns, Cleanup: 18301 ns, At safepoint: 3876269 ns, Total: 3900670 ns
[649.248s][info ][safepoint      ] Safepoint "Cleanup", Time since last: 4000327552 ns, Reaching safepoint: 8500 ns, Cleanup: 18300 ns, At safepoint: 3000 ns, Total: 29800 ns
[651.248s][info ][safepoint      ] Safepoint "Cleanup", Time since last: 2000198377 ns, Reaching safepoint: 5500 ns, Cleanup: 10400 ns, At safepoint: 2400 ns, Total: 18300 ns
[658.249s][info ][safepoint      ] Safepoint "Cleanup", Time since last: 7000532350 ns, Reaching safepoint: 6600 ns, Cleanup: 14801 ns, At safepoint: 2600 ns, Total: 24001 ns
[665.279s][info ][safepoint      ] Safepoint "Cleanup", Time since last: 7030183993 ns, Reaching safepoint: 9300 ns, Cleanup: 20600 ns, At safepoint: 2900 ns, Total: 32800 ns
[667.279s][info ][safepoint      ] Safepoint "Cleanup", Time since last: 2000198029 ns, Reaching safepoint: 9701 ns, Cleanup: 16100 ns, At safepoint: 3300 ns, Total: 29101 ns
[669.279s][info ][safepoint      ] Safepoint "Cleanup", Time since last: 2000201523 ns, Reaching safepoint: 9700 ns, Cleanup: 16801 ns, At safepoint: 3200 ns, Total: 29701 ns
[671.280s][info ][safepoint      ] Safepoint "Cleanup", Time since last: 2000166752 ns, Reaching safepoint: 8200 ns, Cleanup: 13700 ns, At safepoint: 2600 ns, Total: 24500 ns
[673.280s][info ][safepoint      ] Safepoint "Cleanup", Time since last: 2000230654 ns, Reaching safepoint: 12000 ns, Cleanup: 35200 ns, At safepoint: 13601 ns, Total: 60801 ns
[674.280s][info ][safepoint      ] Safepoint "Cleanup", Time since last: 1000127327 ns, Reaching safepoint: 8000 ns, Cleanup: 17500 ns, At safepoint: 2600 ns, Total: 28100 ns
[676.946s][info ][gc,start       ] GC(31) Pause Young (Allocation Failure)
[676.951s][debug][gc,phases      ] GC(31) Scavenge 4.952ms
[676.952s][debug][gc,ref         ] GC(31) ReferenceProcessor::execute queues: 1, RefProcThreadModel::Single, marks_oops_alive: false
[676.952s][debug][gc,ref         ] GC(31) Skipped KeepAliveFinalRefsPhase of Reference Processing: no references
[676.952s][debug][gc,ref         ] GC(31) Skipped PhantomRefsPhase of Reference Processing: no references
[676.952s][debug][gc,phases      ] GC(31) Reference Processing 0.157ms
[676.952s][debug][gc,phases      ] GC(31)   VM Weak                        Min:  0.0, Avg:  0.0, Max:  0.0, Diff:  0.0, Sum:  0.0, Workers: 4
[676.952s][debug][gc,phases      ] GC(31)     Dead                           Min: 0, Avg:  0.0, Max: 0, Diff: 0, Sum: 0, Workers: 4
[676.952s][debug][gc,phases      ] GC(31)     Total                          Min: 0, Avg: 241.2, Max: 389, Diff: 389, Sum: 965, Workers: 4
[676.952s][debug][gc,phases      ] GC(31)   ObjectSynchronizer Weak        Min:  0.0, Avg:  0.0, Max:  0.0, Diff:  0.0, Sum:  0.0, Workers: 4
[676.952s][debug][gc,phases      ] GC(31)     Dead                           Min: 0, Avg:  0.0, Max: 0, Diff: 0, Sum: 0, Workers: 4
[676.952s][debug][gc,phases      ] GC(31)     Total                          Min: 0, Avg:  1.0, Max: 4, Diff: 4, Sum: 4, Workers: 4
[676.952s][debug][gc,phases      ] GC(31)   JVMTI Tag Weak OopStorage      Min:  0.0, Avg:  0.0, Max:  0.0, Diff:  0.0, Sum:  0.0, Workers: 4
[676.952s][debug][gc,phases      ] GC(31)     Dead                           Min: 0, Avg:  0.0, Max: 0, Diff: 0, Sum: 0, Workers: 4
[676.952s][debug][gc,phases      ] GC(31)     Total                          Min: 0, Avg:  0.0, Max: 0, Diff: 0, Sum: 0, Workers: 4
[676.952s][debug][gc,phases      ] GC(31)   StringTable Weak               Min:  0.0, Avg:  0.1, Max:  0.2, Diff:  0.2, Sum:  0.5, Workers: 4
[676.952s][debug][gc,phases      ] GC(31)     Dead                           Min: 0, Avg:  0.0, Max: 0, Diff: 0, Sum: 0, Workers: 4
[676.952s][debug][gc,phases      ] GC(31)     Total                          Min: 0, Avg: 12034.0, Max: 17417, Diff: 17417, Sum: 48136, Workers: 4
[676.952s][debug][gc,phases      ] GC(31)   ResolvedMethodTable Weak       Min:  0.0, Avg:  0.0, Max:  0.0, Diff:  0.0, Sum:  0.1, Workers: 4
[676.952s][debug][gc,phases      ] GC(31)     Dead                           Min: 0, Avg:  0.0, Max: 0, Diff: 0, Sum: 0, Workers: 4
[676.952s][debug][gc,phases      ] GC(31)     Total                          Min: 0, Avg: 3299.0, Max: 4690, Diff: 4690, Sum: 13196, Workers: 4
[676.952s][debug][gc,phases      ] GC(31)   JNI Weak                       Min:  0.0, Avg:  0.0, Max:  0.0, Diff:  0.0, Sum:  0.0, Workers: 4
[676.952s][debug][gc,phases      ] GC(31)     Dead                           Min: 0, Avg:  0.0, Max: 0, Diff: 0, Sum: 0, Workers: 4
[676.952s][debug][gc,phases      ] GC(31)     Total                          Min: 0, Avg: 12.0, Max: 48, Diff: 48, Sum: 48, Workers: 4
[676.952s][debug][gc,phases      ] GC(31)   StringDedup Table Weak         Min:  0.0, Avg:  0.0, Max:  0.0, Diff:  0.0, Sum:  0.0, Workers: 4
[676.952s][debug][gc,phases      ] GC(31)     Dead                           Min: 0, Avg:  0.0, Max: 0, Diff: 0, Sum: 0, Workers: 4
[676.952s][debug][gc,phases      ] GC(31)     Total                          Min: 0, Avg:  0.0, Max: 0, Diff: 0, Sum: 0, Workers: 4
[676.952s][debug][gc,phases      ] GC(31)   StringDedup Requests0 Weak     Min:  0.0, Avg:  0.0, Max:  0.0, Diff:  0.0, Sum:  0.0, Workers: 4
[676.952s][debug][gc,phases      ] GC(31)     Dead                           Min: 0, Avg:  0.0, Max: 0, Diff: 0, Sum: 0, Workers: 4
[676.952s][debug][gc,phases      ] GC(31)     Total                          Min: 0, Avg:  0.0, Max: 0, Diff: 0, Sum: 0, Workers: 4
[676.952s][debug][gc,phases      ] GC(31)   StringDedup Requests1 Weak     Min:  0.0, Avg:  0.0, Max:  0.0, Diff:  0.0, Sum:  0.0, Workers: 4
[676.952s][debug][gc,phases      ] GC(31)     Dead                           Min: 0, Avg:  0.0, Max: 0, Diff: 0, Sum: 0, Workers: 4
[676.952s][debug][gc,phases      ] GC(31)     Total                          Min: 0, Avg:  0.0, Max: 0, Diff: 0, Sum: 0, Workers: 4
[676.952s][debug][gc,phases      ] GC(31)   Weak JFR Old Object Samples    Min:  0.0, Avg:  0.0, Max:  0.0, Diff:  0.0, Sum:  0.0, Workers: 4
[676.952s][debug][gc,phases      ] GC(31)     Dead                           Min: 0, Avg:  0.0, Max: 0, Diff: 0, Sum: 0, Workers: 4
[676.952s][debug][gc,phases      ] GC(31)     Total                          Min: 0, Avg:  0.0, Max: 0, Diff: 0, Sum: 0, Workers: 4
[676.952s][debug][gc,phases      ] GC(31) Weak Processing 0.511ms
[676.952s][debug][gc,age         ] GC(31) Desired survivor size 139460608 bytes, new threshold 1 (max threshold 15)
[676.952s][info ][gc,heap        ] GC(31) PSYoungGen: 1800736K(1952256K)->2416K(1943552K) Eden: 1798656K(1798656K)->0K(1798656K) From: 2080K(153600K)->2416K(144896K)
[676.952s][info ][gc,heap        ] GC(31) ParOldGen: 277804K(280576K)->278164K(280576K)
[676.952s][info ][gc,metaspace   ] GC(31) Metaspace: 94726K(96000K)->94726K(96000K) NonClass: 80758K(81472K)->80758K(81472K) Class: 13967K(14528K)->13967K(14528K)
[676.952s][info ][gc             ] GC(31) Pause Young (Allocation Failure) 2029M->274M(2172M) 5.762ms
[676.952s][info ][gc,cpu         ] GC(31) User=0.01s Sys=0.00s Real=0.00s
[676.952s][info ][safepoint      ] Safepoint "ParallelGCFailedAllocation", Time since last: 2666352148 ns, Reaching safepoint: 6200 ns, Cleanup: 12100 ns, At safepoint: 5848704 ns, Total: 5867004 ns
[677.952s][info ][safepoint      ] Safepoint "Cleanup", Time since last: 1000079687 ns, Reaching safepoint: 80601 ns, Cleanup: 7301 ns, At safepoint: 7000 ns, Total: 94902 ns
[679.953s][info ][safepoint      ] Safepoint "Cleanup", Time since last: 2000161974 ns, Reaching safepoint: 80502 ns, Cleanup: 10800 ns, At safepoint: 6300 ns, Total: 97602 ns
[682.953s][info ][safepoint      ] Safepoint "Cleanup", Time since last: 3000248862 ns, Reaching safepoint: 5600 ns, Cleanup: 9300 ns, At safepoint: 2500 ns, Total: 17400 ns
[684.953s][info ][safepoint      ] Safepoint "Cleanup", Time since last: 2000165220 ns, Reaching safepoint: 5900 ns, Cleanup: 8800 ns, At safepoint: 2400 ns, Total: 17100 ns
[686.953s][info ][safepoint      ] Safepoint "Cleanup", Time since last: 2000178445 ns, Reaching safepoint: 7200 ns, Cleanup: 10501 ns, At safepoint: 2500 ns, Total: 20201 ns
[687.953s][info ][safepoint      ] Safepoint "Cleanup", Time since last: 1000128423 ns, Reaching safepoint: 5900 ns, Cleanup: 12800 ns, At safepoint: 3100 ns, Total: 21800 ns
[691.954s][info ][safepoint      ] Safepoint "Cleanup", Time since last: 4000288490 ns, Reaching safepoint: 6500 ns, Cleanup: 9100 ns, At safepoint: 2500 ns, Total: 18100 ns
[692.954s][info ][safepoint      ] Safepoint "Cleanup", Time since last: 1000111095 ns, Reaching safepoint: 9000 ns, Cleanup: 9800 ns, At safepoint: 2400 ns, Total: 21200 ns
[695.954s][info ][safepoint      ] Safepoint "Cleanup", Time since last: 3000233455 ns, Reaching safepoint: 4801 ns, Cleanup: 12800 ns, At safepoint: 2600 ns, Total: 20201 ns
[698.954s][info ][safepoint      ] Safepoint "Cleanup", Time since last: 3000258187 ns, Reaching safepoint: 6200 ns, Cleanup: 11100 ns, At safepoint: 6001 ns, Total: 23301 ns
[699.955s][info ][safepoint      ] Safepoint "Cleanup", Time since last: 1000100311 ns, Reaching safepoint: 6000 ns, Cleanup: 8900 ns, At safepoint: 2300 ns, Total: 17200 ns
[701.955s][info ][safepoint      ] Safepoint "Cleanup", Time since last: 2000173895 ns, Reaching safepoint: 5800 ns, Cleanup: 14600 ns, At safepoint: 6000 ns, Total: 26400 ns
[705.955s][info ][safepoint      ] Safepoint "Cleanup", Time since last: 4000304266 ns, Reaching safepoint: 6001 ns, Cleanup: 12100 ns, At safepoint: 2600 ns, Total: 20701 ns
[706.955s][info ][safepoint      ] Safepoint "Cleanup", Time since last: 1000110017 ns, Reaching safepoint: 5300 ns, Cleanup: 12100 ns, At safepoint: 2400 ns, Total: 19800 ns
[707.955s][info ][safepoint      ] Safepoint "Cleanup", Time since last: 1000100217 ns, Reaching safepoint: 8801 ns, Cleanup: 12100 ns, At safepoint: 2500 ns, Total: 23401 ns
[709.503s][info ][gc,start       ] GC(32) Pause Young (Allocation Failure)
[709.508s][debug][gc,phases      ] GC(32) Scavenge 5.486ms
[709.508s][debug][gc,ref         ] GC(32) ReferenceProcessor::execute queues: 1, RefProcThreadModel::Single, marks_oops_alive: false
[709.508s][debug][gc,ref         ] GC(32) Skipped KeepAliveFinalRefsPhase of Reference Processing: no references
[709.508s][debug][gc,ref         ] GC(32) ReferenceProcessor::execute queues: 1, RefProcThreadModel::Single, marks_oops_alive: false
[709.508s][debug][gc,phases      ] GC(32) Reference Processing 0.185ms
[709.509s][debug][gc,phases      ] GC(32)   VM Weak                        Min:  0.0, Avg:  0.0, Max:  0.0, Diff:  0.0, Sum:  0.0, Workers: 4
[709.509s][debug][gc,phases      ] GC(32)     Dead                           Min: 0, Avg:  0.0, Max: 0, Diff: 0, Sum: 0, Workers: 4
[709.509s][debug][gc,phases      ] GC(32)     Total                          Min: 0, Avg: 241.2, Max: 832, Diff: 832, Sum: 965, Workers: 4
[709.509s][debug][gc,phases      ] GC(32)   ObjectSynchronizer Weak        Min:  0.0, Avg:  0.0, Max:  0.0, Diff:  0.0, Sum:  0.0, Workers: 4
[709.509s][debug][gc,phases      ] GC(32)     Dead                           Min: 0, Avg:  0.0, Max: 0, Diff: 0, Sum: 0, Workers: 4
[709.509s][debug][gc,phases      ] GC(32)     Total                          Min: 0, Avg:  1.0, Max: 4, Diff: 4, Sum: 4, Workers: 4
[709.509s][debug][gc,phases      ] GC(32)   JVMTI Tag Weak OopStorage      Min:  0.0, Avg:  0.0, Max:  0.0, Diff:  0.0, Sum:  0.0, Workers: 4
[709.509s][debug][gc,phases      ] GC(32)     Dead                           Min: 0, Avg:  0.0, Max: 0, Diff: 0, Sum: 0, Workers: 4
[709.509s][debug][gc,phases      ] GC(32)     Total                          Min: 0, Avg:  0.0, Max: 0, Diff: 0, Sum: 0, Workers: 4
[709.509s][debug][gc,phases      ] GC(32)   StringTable Weak               Min:  0.0, Avg:  0.1, Max:  0.1, Diff:  0.1, Sum:  0.4, Workers: 4
[709.509s][debug][gc,phases      ] GC(32)     Dead                           Min: 0, Avg:  0.0, Max: 0, Diff: 0, Sum: 0, Workers: 4
[709.509s][debug][gc,phases      ] GC(32)     Total                          Min: 0, Avg: 12036.0, Max: 17616, Diff: 17616, Sum: 48144, Workers: 4
[709.509s][debug][gc,phases      ] GC(32)   ResolvedMethodTable Weak       Min:  0.0, Avg:  0.0, Max:  0.0, Diff:  0.0, Sum:  0.1, Workers: 4
[709.509s][debug][gc,phases      ] GC(32)     Dead                           Min: 0, Avg:  0.0, Max: 0, Diff: 0, Sum: 0, Workers: 4
[709.509s][debug][gc,phases      ] GC(32)     Total                          Min: 0, Avg: 3299.5, Max: 4748, Diff: 4748, Sum: 13198, Workers: 4
[709.509s][debug][gc,phases      ] GC(32)   JNI Weak                       Min:  0.0, Avg:  0.0, Max:  0.0, Diff:  0.0, Sum:  0.0, Workers: 4
[709.509s][debug][gc,phases      ] GC(32)     Dead                           Min: 0, Avg:  0.0, Max: 0, Diff: 0, Sum: 0, Workers: 4
[709.509s][debug][gc,phases      ] GC(32)     Total                          Min: 0, Avg: 12.0, Max: 48, Diff: 48, Sum: 48, Workers: 4
[709.509s][debug][gc,phases      ] GC(32)   StringDedup Table Weak         Min:  0.0, Avg:  0.0, Max:  0.0, Diff:  0.0, Sum:  0.0, Workers: 4
[709.509s][debug][gc,phases      ] GC(32)     Dead                           Min: 0, Avg:  0.0, Max: 0, Diff: 0, Sum: 0, Workers: 4
[709.509s][debug][gc,phases      ] GC(32)     Total                          Min: 0, Avg:  0.0, Max: 0, Diff: 0, Sum: 0, Workers: 4
[709.509s][debug][gc,phases      ] GC(32)   StringDedup Requests0 Weak     Min:  0.0, Avg:  0.0, Max:  0.0, Diff:  0.0, Sum:  0.0, Workers: 4
[709.509s][debug][gc,phases      ] GC(32)     Dead                           Min: 0, Avg:  0.0, Max: 0, Diff: 0, Sum: 0, Workers: 4
[709.509s][debug][gc,phases      ] GC(32)     Total                          Min: 0, Avg:  0.0, Max: 0, Diff: 0, Sum: 0, Workers: 4
[709.509s][debug][gc,phases      ] GC(32)   StringDedup Requests1 Weak     Min:  0.0, Avg:  0.0, Max:  0.0, Diff:  0.0, Sum:  0.0, Workers: 4
[709.509s][debug][gc,phases      ] GC(32)     Dead                           Min: 0, Avg:  0.0, Max: 0, Diff: 0, Sum: 0, Workers: 4
[709.509s][debug][gc,phases      ] GC(32)     Total                          Min: 0, Avg:  0.0, Max: 0, Diff: 0, Sum: 0, Workers: 4
[709.509s][debug][gc,phases      ] GC(32)   Weak JFR Old Object Samples    Min:  0.0, Avg:  0.0, Max:  0.0, Diff:  0.0, Sum:  0.0, Workers: 4
[709.509s][debug][gc,phases      ] GC(32)     Dead                           Min: 0, Avg:  0.0, Max: 0, Diff: 0, Sum: 0, Workers: 4
[709.509s][debug][gc,phases      ] GC(32)     Total                          Min: 0, Avg:  0.0, Max: 0, Diff: 0, Sum: 0, Workers: 4
[709.509s][debug][gc,phases      ] GC(32) Weak Processing 0.488ms
[709.509s][debug][gc,age         ] GC(32) Desired survivor size 130547712 bytes, new threshold 1 (max threshold 15)
[709.509s][info ][gc,heap        ] GC(32) PSYoungGen: 1801072K(1943552K)->2336K(1969664K) Eden: 1798656K(1798656K)->0K(1833472K) From: 2416K(144896K)->2336K(136192K)
[709.509s][info ][gc,heap        ] GC(32) ParOldGen: 278164K(280576K)->278744K(280576K)
[709.509s][info ][gc,metaspace   ] GC(32) Metaspace: 94740K(96000K)->94740K(96000K) NonClass: 80769K(81472K)->80769K(81472K) Class: 13971K(14528K)->13971K(14528K)
[709.509s][info ][gc             ] GC(32) Pause Young (Allocation Failure) 2030M->274M(2197M) 6.303ms
[709.509s][info ][gc,cpu         ] GC(32) User=0.01s Sys=0.00s Real=0.01s
[709.509s][info ][safepoint      ] Safepoint "ParallelGCFailedAllocation", Time since last: 1547212203 ns, Reaching safepoint: 7500 ns, Cleanup: 12301 ns, At safepoint: 6396293 ns, Total: 6416094 ns
[711.509s][info ][safepoint      ] Safepoint "Cleanup", Time since last: 2000165758 ns, Reaching safepoint: 9600 ns, Cleanup: 33401 ns, At safepoint: 3400 ns, Total: 46401 ns
[713.509s][info ][safepoint      ] Safepoint "Cleanup", Time since last: 2000134357 ns, Reaching safepoint: 7100 ns, Cleanup: 10201 ns, At safepoint: 2600 ns, Total: 19901 ns
[714.509s][info ][safepoint      ] Safepoint "Cleanup", Time since last: 1000107582 ns, Reaching safepoint: 8700 ns, Cleanup: 16200 ns, At safepoint: 2800 ns, Total: 27700 ns
[715.510s][info ][safepoint      ] Safepoint "Cleanup", Time since last: 1000128328 ns, Reaching safepoint: 8700 ns, Cleanup: 11100 ns, At safepoint: 2500 ns, Total: 22300 ns
[719.510s][info ][safepoint      ] Safepoint "Cleanup", Time since last: 4000346826 ns, Reaching safepoint: 6700 ns, Cleanup: 11300 ns, At safepoint: 2400 ns, Total: 20400 ns
[721.296s][info ][safepoint      ] Safepoint "Cleanup", Time since last: 1786078979 ns, Reaching safepoint: 7300 ns, Cleanup: 40401 ns, At safepoint: 6100 ns, Total: 53801 ns
[722.296s][info ][safepoint      ] Safepoint "Cleanup", Time since last: 1000111470 ns, Reaching safepoint: 6200 ns, Cleanup: 12100 ns, At safepoint: 2301 ns, Total: 20601 ns
[723.296s][info ][safepoint      ] Safepoint "Cleanup", Time since last: 1000110770 ns, Reaching safepoint: 6900 ns, Cleanup: 14400 ns, At safepoint: 3000 ns, Total: 24300 ns
[729.297s][info ][safepoint      ] Safepoint "Cleanup", Time since last: 6000418489 ns, Reaching safepoint: 5500 ns, Cleanup: 14901 ns, At safepoint: 2100 ns, Total: 22501 ns
[731.297s][info ][safepoint      ] Safepoint "Cleanup", Time since last: 2000227060 ns, Reaching safepoint: 6301 ns, Cleanup: 9400 ns, At safepoint: 2800 ns, Total: 18501 ns
[734.297s][info ][safepoint      ] Safepoint "Cleanup", Time since last: 3000272602 ns, Reaching safepoint: 6400 ns, Cleanup: 11401 ns, At safepoint: 2400 ns, Total: 20201 ns
[735.297s][info ][safepoint      ] Safepoint "Cleanup", Time since last: 1000121994 ns, Reaching safepoint: 6100 ns, Cleanup: 9801 ns, At safepoint: 2400 ns, Total: 18301 ns
[737.298s][info ][safepoint      ] Safepoint "Cleanup", Time since last: 2000170388 ns, Reaching safepoint: 6100 ns, Cleanup: 7200 ns, At safepoint: 2400 ns, Total: 15700 ns
[738.298s][info ][safepoint      ] Safepoint "Cleanup", Time since last: 1000105895 ns, Reaching safepoint: 5700 ns, Cleanup: 8600 ns, At safepoint: 2300 ns, Total: 16600 ns
[739.298s][info ][safepoint      ] Safepoint "Cleanup", Time since last: 1000110394 ns, Reaching safepoint: 9601 ns, Cleanup: 16800 ns, At safepoint: 3200 ns, Total: 29601 ns
[741.298s][info ][safepoint      ] Safepoint "Cleanup", Time since last: 2000258060 ns, Reaching safepoint: 8800 ns, Cleanup: 31601 ns, At safepoint: 2800 ns, Total: 43201 ns
[742.298s][info ][safepoint      ] Safepoint "Cleanup", Time since last: 1000129803 ns, Reaching safepoint: 7800 ns, Cleanup: 12201 ns, At safepoint: 2500 ns, Total: 22501 ns
[743.594s][info ][gc,start       ] GC(33) Pause Young (Allocation Failure)
[743.601s][debug][gc,phases      ] GC(33) Scavenge 6.169ms
[743.601s][debug][gc,ref         ] GC(33) ReferenceProcessor::execute queues: 1, RefProcThreadModel::Single, marks_oops_alive: false
[743.601s][debug][gc,ref         ] GC(33) Skipped KeepAliveFinalRefsPhase of Reference Processing: no references
[743.601s][debug][gc,ref         ] GC(33) ReferenceProcessor::execute queues: 1, RefProcThreadModel::Single, marks_oops_alive: false
[743.601s][debug][gc,phases      ] GC(33) Reference Processing 0.167ms
[743.601s][debug][gc,phases      ] GC(33)   VM Weak                        Min:  0.0, Avg:  0.0, Max:  0.0, Diff:  0.0, Sum:  0.0, Workers: 4
[743.601s][debug][gc,phases      ] GC(33)     Dead                           Min: 0, Avg:  0.0, Max: 0, Diff: 0, Sum: 0, Workers: 4
[743.601s][debug][gc,phases      ] GC(33)     Total                          Min: 0, Avg: 241.5, Max: 768, Diff: 768, Sum: 966, Workers: 4
[743.601s][debug][gc,phases      ] GC(33)   ObjectSynchronizer Weak        Min:  0.0, Avg:  0.0, Max:  0.0, Diff:  0.0, Sum:  0.0, Workers: 4
[743.601s][debug][gc,phases      ] GC(33)     Dead                           Min: 0, Avg:  0.0, Max: 0, Diff: 0, Sum: 0, Workers: 4
[743.601s][debug][gc,phases      ] GC(33)     Total                          Min: 0, Avg:  1.0, Max: 4, Diff: 4, Sum: 4, Workers: 4
[743.601s][debug][gc,phases      ] GC(33)   JVMTI Tag Weak OopStorage      Min:  0.0, Avg:  0.0, Max:  0.0, Diff:  0.0, Sum:  0.0, Workers: 4
[743.601s][debug][gc,phases      ] GC(33)     Dead                           Min: 0, Avg:  0.0, Max: 0, Diff: 0, Sum: 0, Workers: 4
[743.601s][debug][gc,phases      ] GC(33)     Total                          Min: 0, Avg:  0.0, Max: 0, Diff: 0, Sum: 0, Workers: 4
[743.601s][debug][gc,phases      ] GC(33)   StringTable Weak               Min:  0.1, Avg:  0.1, Max:  0.1, Diff:  0.0, Sum:  0.5, Workers: 4
[743.601s][debug][gc,phases      ] GC(33)     Dead                           Min: 0, Avg:  0.5, Max: 2, Diff: 2, Sum: 2, Workers: 4
[743.601s][debug][gc,phases      ] GC(33)     Total                          Min: 10560, Avg: 12037.8, Max: 13567, Diff: 3007, Sum: 48151, Workers: 4
[743.601s][debug][gc,phases      ] GC(33)   ResolvedMethodTable Weak       Min:  0.0, Avg:  0.0, Max:  0.0, Diff:  0.0, Sum:  0.1, Workers: 4
[743.601s][debug][gc,phases      ] GC(33)     Dead                           Min: 0, Avg:  0.8, Max: 3, Diff: 3, Sum: 3, Workers: 4
[743.601s][debug][gc,phases      ] GC(33)     Total                          Min: 3005, Avg: 3303.0, Max: 3657, Diff: 652, Sum: 13212, Workers: 4
[743.601s][debug][gc,phases      ] GC(33)   JNI Weak                       Min:  0.0, Avg:  0.0, Max:  0.0, Diff:  0.0, Sum:  0.0, Workers: 4
[743.601s][debug][gc,phases      ] GC(33)     Dead                           Min: 0, Avg:  0.0, Max: 0, Diff: 0, Sum: 0, Workers: 4
[743.601s][debug][gc,phases      ] GC(33)     Total                          Min: 0, Avg: 12.0, Max: 48, Diff: 48, Sum: 48, Workers: 4
[743.601s][debug][gc,phases      ] GC(33)   StringDedup Table Weak         Min:  0.0, Avg:  0.0, Max:  0.0, Diff:  0.0, Sum:  0.0, Workers: 4
[743.601s][debug][gc,phases      ] GC(33)     Dead                           Min: 0, Avg:  0.0, Max: 0, Diff: 0, Sum: 0, Workers: 4
[743.601s][debug][gc,phases      ] GC(33)     Total                          Min: 0, Avg:  0.0, Max: 0, Diff: 0, Sum: 0, Workers: 4
[743.601s][debug][gc,phases      ] GC(33)   StringDedup Requests0 Weak     Min:  0.0, Avg:  0.0, Max:  0.0, Diff:  0.0, Sum:  0.0, Workers: 4
[743.601s][debug][gc,phases      ] GC(33)     Dead                           Min: 0, Avg:  0.0, Max: 0, Diff: 0, Sum: 0, Workers: 4
[743.601s][debug][gc,phases      ] GC(33)     Total                          Min: 0, Avg:  0.0, Max: 0, Diff: 0, Sum: 0, Workers: 4
[743.601s][debug][gc,phases      ] GC(33)   StringDedup Requests1 Weak     Min:  0.0, Avg:  0.0, Max:  0.0, Diff:  0.0, Sum:  0.0, Workers: 4
[743.601s][debug][gc,phases      ] GC(33)     Dead                           Min: 0, Avg:  0.0, Max: 0, Diff: 0, Sum: 0, Workers: 4
[743.601s][debug][gc,phases      ] GC(33)     Total                          Min: 0, Avg:  0.0, Max: 0, Diff: 0, Sum: 0, Workers: 4
[743.601s][debug][gc,phases      ] GC(33)   Weak JFR Old Object Samples    Min:  0.0, Avg:  0.0, Max:  0.0, Diff:  0.0, Sum:  0.0, Workers: 4
[743.601s][debug][gc,phases      ] GC(33)     Dead                           Min: 0, Avg:  0.0, Max: 0, Diff: 0, Sum: 0, Workers: 4
[743.601s][debug][gc,phases      ] GC(33)     Total                          Min: 0, Avg:  0.0, Max: 0, Diff: 0, Sum: 0, Workers: 4
[743.601s][debug][gc,phases      ] GC(33) Weak Processing 0.413ms
[743.601s][debug][gc,age         ] GC(33) Desired survivor size 122683392 bytes, new threshold 1 (max threshold 15)
[743.601s][info ][gc,heap        ] GC(33) PSYoungGen: 1835808K(1969664K)->2304K(1960960K) Eden: 1833472K(1833472K)->0K(1833472K) From: 2336K(136192K)->2304K(127488K)
[743.601s][info ][gc,heap        ] GC(33) ParOldGen: 278744K(280576K)->279400K(280576K)
[743.601s][info ][gc,metaspace   ] GC(33) Metaspace: 94780K(96000K)->94780K(96000K) NonClass: 80804K(81472K)->80804K(81472K) Class: 13975K(14528K)->13975K(14528K)
[743.601s][info ][gc             ] GC(33) Pause Young (Allocation Failure) 2064M->275M(2189M) 6.902ms
[743.601s][info ][gc,cpu         ] GC(33) User=0.01s Sys=0.00s Real=0.01s
[743.601s][info ][safepoint      ] Safepoint "ParallelGCFailedAllocation", Time since last: 1295870660 ns, Reaching safepoint: 5700 ns, Cleanup: 4101 ns, At safepoint: 7009719 ns, Total: 7019520 ns
[745.601s][info ][safepoint      ] Safepoint "Cleanup", Time since last: 2000155505 ns, Reaching safepoint: 5800 ns, Cleanup: 10801 ns, At safepoint: 2600 ns, Total: 19201 ns
[749.602s][info ][safepoint      ] Safepoint "Cleanup", Time since last: 4000328166 ns, Reaching safepoint: 6300 ns, Cleanup: 10400 ns, At safepoint: 2601 ns, Total: 19301 ns
[751.602s][info ][safepoint      ] Safepoint "Cleanup", Time since last: 2000169008 ns, Reaching safepoint: 7100 ns, Cleanup: 10601 ns, At safepoint: 3100 ns, Total: 20801 ns
[755.602s][info ][safepoint      ] Safepoint "Cleanup", Time since last: 4000298803 ns, Reaching safepoint: 7500 ns, Cleanup: 15800 ns, At safepoint: 2200 ns, Total: 25500 ns
[758.603s][info ][safepoint      ] Safepoint "Cleanup", Time since last: 3000251072 ns, Reaching safepoint: 6800 ns, Cleanup: 11001 ns, At safepoint: 2600 ns, Total: 20401 ns
[761.603s][info ][safepoint      ] Safepoint "Cleanup", Time since last: 3000301180 ns, Reaching safepoint: 6500 ns, Cleanup: 9200 ns, At safepoint: 2400 ns, Total: 18100 ns
[762.603s][info ][safepoint      ] Safepoint "Cleanup", Time since last: 1000128394 ns, Reaching safepoint: 6400 ns, Cleanup: 10200 ns, At safepoint: 2500 ns, Total: 19100 ns
[765.603s][info ][safepoint      ] Safepoint "Cleanup", Time since last: 3000248862 ns, Reaching safepoint: 6300 ns, Cleanup: 49901 ns, At safepoint: 2400 ns, Total: 58601 ns
[766.604s][info ][safepoint      ] Safepoint "Cleanup", Time since last: 1000114806 ns, Reaching safepoint: 13601 ns, Cleanup: 57500 ns, At safepoint: 6201 ns, Total: 77302 ns
[767.604s][info ][safepoint      ] Safepoint "Cleanup", Time since last: 1000117006 ns, Reaching safepoint: 6100 ns, Cleanup: 35601 ns, At safepoint: 2900 ns, Total: 44601 ns
[768.604s][info ][safepoint      ] Safepoint "Cleanup", Time since last: 1000102506 ns, Reaching safepoint: 7000 ns, Cleanup: 14401 ns, At safepoint: 6100 ns, Total: 27501 ns
[769.604s][info ][safepoint      ] Safepoint "Cleanup", Time since last: 1000110106 ns, Reaching safepoint: 6700 ns, Cleanup: 25001 ns, At safepoint: 2600 ns, Total: 34301 ns
[770.604s][info ][safepoint      ] Safepoint "Cleanup", Time since last: 1000104506 ns, Reaching safepoint: 7100 ns, Cleanup: 13501 ns, At safepoint: 2700 ns, Total: 23301 ns
[772.604s][info ][safepoint      ] Safepoint "Cleanup", Time since last: 2000181412 ns, Reaching safepoint: 81601 ns, Cleanup: 10101 ns, At safepoint: 6600 ns, Total: 98302 ns
[773.605s][info ][safepoint      ] Safepoint "Cleanup", Time since last: 1000123860 ns, Reaching safepoint: 6800 ns, Cleanup: 9900 ns, At safepoint: 2800 ns, Total: 19500 ns
[774.605s][info ][safepoint      ] Safepoint "Cleanup", Time since last: 1000120283 ns, Reaching safepoint: 6200 ns, Cleanup: 6500 ns, At safepoint: 25000 ns, Total: 37700 ns
[775.605s][info ][safepoint      ] Safepoint "Cleanup", Time since last: 1000104482 ns, Reaching safepoint: 6500 ns, Cleanup: 14201 ns, At safepoint: 2400 ns, Total: 23101 ns
[776.605s][info ][safepoint      ] Safepoint "Cleanup", Time since last: 1000120082 ns, Reaching safepoint: 8600 ns, Cleanup: 12400 ns, At safepoint: 2500 ns, Total: 23500 ns
[776.751s][info ][gc,start       ] GC(34) Pause Young (Allocation Failure)
[776.755s][debug][gc,phases      ] GC(34) Scavenge 3.847ms
[776.755s][debug][gc,ref         ] GC(34) ReferenceProcessor::execute queues: 1, RefProcThreadModel::Single, marks_oops_alive: false
[776.755s][debug][gc,ref         ] GC(34) Skipped KeepAliveFinalRefsPhase of Reference Processing: no references
[776.755s][debug][gc,ref         ] GC(34) ReferenceProcessor::execute queues: 1, RefProcThreadModel::Single, marks_oops_alive: false
[776.755s][debug][gc,phases      ] GC(34) Reference Processing 0.163ms
[776.756s][debug][gc,phases      ] GC(34)   VM Weak                        Min:  0.0, Avg:  0.0, Max:  0.0, Diff:  0.0, Sum:  0.0, Workers: 4
[776.756s][debug][gc,phases      ] GC(34)     Dead                           Min: 0, Avg:  0.0, Max: 0, Diff: 0, Sum: 0, Workers: 4
[776.756s][debug][gc,phases      ] GC(34)     Total                          Min: 0, Avg: 241.5, Max: 774, Diff: 774, Sum: 966, Workers: 4
[776.756s][debug][gc,phases      ] GC(34)   ObjectSynchronizer Weak        Min:  0.0, Avg:  0.0, Max:  0.0, Diff:  0.0, Sum:  0.0, Workers: 4
[776.756s][debug][gc,phases      ] GC(34)     Dead                           Min: 0, Avg:  0.0, Max: 0, Diff: 0, Sum: 0, Workers: 4
[776.756s][debug][gc,phases      ] GC(34)     Total                          Min: 0, Avg:  1.0, Max: 4, Diff: 4, Sum: 4, Workers: 4
[776.756s][debug][gc,phases      ] GC(34)   JVMTI Tag Weak OopStorage      Min:  0.0, Avg:  0.0, Max:  0.0, Diff:  0.0, Sum:  0.0, Workers: 4
[776.756s][debug][gc,phases      ] GC(34)     Dead                           Min: 0, Avg:  0.0, Max: 0, Diff: 0, Sum: 0, Workers: 4
[776.756s][debug][gc,phases      ] GC(34)     Total                          Min: 0, Avg:  0.0, Max: 0, Diff: 0, Sum: 0, Workers: 4
[776.756s][debug][gc,phases      ] GC(34)   StringTable Weak               Min:  0.0, Avg:  0.1, Max:  0.2, Diff:  0.2, Sum:  0.5, Workers: 4
[776.756s][debug][gc,phases      ] GC(34)     Dead                           Min: 0, Avg:  0.0, Max: 0, Diff: 0, Sum: 0, Workers: 4
[776.756s][debug][gc,phases      ] GC(34)     Total                          Min: 0, Avg: 12038.5, Max: 25726, Diff: 25726, Sum: 48154, Workers: 4
[776.756s][debug][gc,phases      ] GC(34)   ResolvedMethodTable Weak       Min:  0.0, Avg:  0.0, Max:  0.1, Diff:  0.1, Sum:  0.1, Workers: 4
[776.756s][debug][gc,phases      ] GC(34)     Dead                           Min: 0, Avg:  0.0, Max: 0, Diff: 0, Sum: 0, Workers: 4
[776.756s][debug][gc,phases      ] GC(34)     Total                          Min: 0, Avg: 3303.5, Max: 6755, Diff: 6755, Sum: 13214, Workers: 4
[776.756s][debug][gc,phases      ] GC(34)   JNI Weak                       Min:  0.0, Avg:  0.0, Max:  0.0, Diff:  0.0, Sum:  0.0, Workers: 4
[776.756s][debug][gc,phases      ] GC(34)     Dead                           Min: 0, Avg:  0.0, Max: 0, Diff: 0, Sum: 0, Workers: 4
[776.756s][debug][gc,phases      ] GC(34)     Total                          Min: 0, Avg: 12.0, Max: 48, Diff: 48, Sum: 48, Workers: 4
[776.756s][debug][gc,phases      ] GC(34)   StringDedup Table Weak         Min:  0.0, Avg:  0.0, Max:  0.0, Diff:  0.0, Sum:  0.0, Workers: 4
[776.756s][debug][gc,phases      ] GC(34)     Dead                           Min: 0, Avg:  0.0, Max: 0, Diff: 0, Sum: 0, Workers: 4
[776.756s][debug][gc,phases      ] GC(34)     Total                          Min: 0, Avg:  0.0, Max: 0, Diff: 0, Sum: 0, Workers: 4
[776.756s][debug][gc,phases      ] GC(34)   StringDedup Requests0 Weak     Min:  0.0, Avg:  0.0, Max:  0.0, Diff:  0.0, Sum:  0.0, Workers: 4
[776.756s][debug][gc,phases      ] GC(34)     Dead                           Min: 0, Avg:  0.0, Max: 0, Diff: 0, Sum: 0, Workers: 4
[776.756s][debug][gc,phases      ] GC(34)     Total                          Min: 0, Avg:  0.0, Max: 0, Diff: 0, Sum: 0, Workers: 4
[776.756s][debug][gc,phases      ] GC(34)   StringDedup Requests1 Weak     Min:  0.0, Avg:  0.0, Max:  0.0, Diff:  0.0, Sum:  0.0, Workers: 4
[776.756s][debug][gc,phases      ] GC(34)     Dead                           Min: 0, Avg:  0.0, Max: 0, Diff: 0, Sum: 0, Workers: 4
[776.756s][debug][gc,phases      ] GC(34)     Total                          Min: 0, Avg:  0.0, Max: 0, Diff: 0, Sum: 0, Workers: 4
[776.756s][debug][gc,phases      ] GC(34)   Weak JFR Old Object Samples    Min:  0.0, Avg:  0.0, Max:  0.0, Diff:  0.0, Sum:  0.0, Workers: 4
[776.756s][debug][gc,phases      ] GC(34)     Dead                           Min: 0, Avg:  0.0, Max: 0, Diff: 0, Sum: 0, Workers: 4
[776.756s][debug][gc,phases      ] GC(34)     Total                          Min: 0, Avg:  0.0, Max: 0, Diff: 0, Sum: 0, Workers: 4
[776.756s][debug][gc,phases      ] GC(34) Weak Processing 0.580ms
[776.756s][debug][gc,age         ] GC(34) Desired survivor size 114294784 bytes, new threshold 1 (max threshold 15)
[776.756s][info ][gc,heap        ] GC(34) PSYoungGen: 1835776K(1960960K)->4832K(1985536K) Eden: 1833472K(1833472K)->0K(1865728K) From: 2304K(127488K)->4832K(119808K)
[776.756s][info ][gc,heap        ] GC(34) ParOldGen: 279400K(280576K)->279940K(280576K)
[776.756s][info ][gc,metaspace   ] GC(34) Metaspace: 94826K(96064K)->94826K(96064K) NonClass: 80849K(81536K)->80849K(81536K) Class: 13977K(14528K)->13977K(14528K)
[776.756s][info ][gc             ] GC(34) Pause Young (Allocation Failure) 2065M->278M(2213M) 4.915ms
[776.756s][info ][gc,cpu         ] GC(34) User=0.02s Sys=0.00s Real=0.00s
[776.756s][info ][safepoint      ] Safepoint "ParallelGCFailedAllocation", Time since last: 145882254 ns, Reaching safepoint: 8100 ns, Cleanup: 4200 ns, At safepoint: 5011071 ns, Total: 5023371 ns
[779.756s][info ][safepoint      ] Safepoint "Cleanup", Time since last: 3000214610 ns, Reaching safepoint: 6700 ns, Cleanup: 11400 ns, At safepoint: 2600 ns, Total: 20700 ns
[781.314s][info ][safepoint      ] Safepoint "Cleanup", Time since last: 1557540633 ns, Reaching safepoint: 6900 ns, Cleanup: 12600 ns, At safepoint: 2700 ns, Total: 22200 ns
[782.314s][info ][safepoint      ] Safepoint "Cleanup", Time since last: 1000253548 ns, Reaching safepoint: 7901 ns, Cleanup: 12100 ns, At safepoint: 2600 ns, Total: 22601 ns
[784.314s][info ][safepoint      ] Safepoint "Cleanup", Time since last: 2000185591 ns, Reaching safepoint: 6200 ns, Cleanup: 8900 ns, At safepoint: 3100 ns, Total: 18200 ns
[785.314s][info ][safepoint      ] Safepoint "Cleanup", Time since last: 1000113646 ns, Reaching safepoint: 7000 ns, Cleanup: 12101 ns, At safepoint: 2300 ns, Total: 21401 ns
[790.315s][info ][safepoint      ] Safepoint "Cleanup", Time since last: 5000384460 ns, Reaching safepoint: 5300 ns, Cleanup: 6300 ns, At safepoint: 2300 ns, Total: 13900 ns
[794.315s][info ][safepoint      ] Safepoint "Cleanup", Time since last: 4000476611 ns, Reaching safepoint: 8400 ns, Cleanup: 13700 ns, At safepoint: 2800 ns, Total: 24900 ns
[795.315s][info ][safepoint      ] Safepoint "Cleanup", Time since last: 1000143378 ns, Reaching safepoint: 9800 ns, Cleanup: 13300 ns, At safepoint: 3501 ns, Total: 26601 ns
[798.316s][info ][safepoint      ] Safepoint "Cleanup", Time since last: 3000574516 ns, Reaching safepoint: 9000 ns, Cleanup: 13300 ns, At safepoint: 2800 ns, Total: 25100 ns
[807.739s][info ][safepoint      ] Safepoint "Cleanup", Time since last: 9422855853 ns, Reaching safepoint: 78402 ns, Cleanup: 24100 ns, At safepoint: 7100 ns, Total: 109602 ns
[808.739s][info ][safepoint      ] Safepoint "Cleanup", Time since last: 1000121764 ns, Reaching safepoint: 81701 ns, Cleanup: 10701 ns, At safepoint: 7600 ns, Total: 100002 ns
[809.739s][info ][safepoint      ] Safepoint "Cleanup", Time since last: 1000118263 ns, Reaching safepoint: 78102 ns, Cleanup: 11000 ns, At safepoint: 6300 ns, Total: 95402 ns
[811.394s][info ][gc,start       ] GC(35) Pause Young (Allocation Failure)
[811.398s][debug][gc,phases      ] GC(35) Scavenge 3.611ms
[811.398s][debug][gc,ref         ] GC(35) ReferenceProcessor::execute queues: 1, RefProcThreadModel::Single, marks_oops_alive: false
[811.398s][debug][gc,ref         ] GC(35) Skipped KeepAliveFinalRefsPhase of Reference Processing: no references
[811.398s][debug][gc,ref         ] GC(35) ReferenceProcessor::execute queues: 1, RefProcThreadModel::Single, marks_oops_alive: false
[811.398s][debug][gc,phases      ] GC(35) Reference Processing 0.115ms
[811.398s][debug][gc,phases      ] GC(35)   VM Weak                        Min:  0.0, Avg:  0.0, Max:  0.0, Diff:  0.0, Sum:  0.0, Workers: 4
[811.398s][debug][gc,phases      ] GC(35)     Dead                           Min: 0, Avg:  0.0, Max: 0, Diff: 0, Sum: 0, Workers: 4
[811.398s][debug][gc,phases      ] GC(35)     Total                          Min: 0, Avg: 241.5, Max: 704, Diff: 704, Sum: 966, Workers: 4
[811.398s][debug][gc,phases      ] GC(35)   ObjectSynchronizer Weak        Min:  0.0, Avg:  0.0, Max:  0.0, Diff:  0.0, Sum:  0.0, Workers: 4
[811.398s][debug][gc,phases      ] GC(35)     Dead                           Min: 0, Avg:  0.0, Max: 0, Diff: 0, Sum: 0, Workers: 4
[811.398s][debug][gc,phases      ] GC(35)     Total                          Min: 0, Avg:  1.0, Max: 4, Diff: 4, Sum: 4, Workers: 4
[811.398s][debug][gc,phases      ] GC(35)   JVMTI Tag Weak OopStorage      Min:  0.0, Avg:  0.0, Max:  0.0, Diff:  0.0, Sum:  0.0, Workers: 4
[811.398s][debug][gc,phases      ] GC(35)     Dead                           Min: 0, Avg:  0.0, Max: 0, Diff: 0, Sum: 0, Workers: 4
[811.398s][debug][gc,phases      ] GC(35)     Total                          Min: 0, Avg:  0.0, Max: 0, Diff: 0, Sum: 0, Workers: 4
[811.398s][debug][gc,phases      ] GC(35)   StringTable Weak               Min:  0.1, Avg:  0.1, Max:  0.1, Diff:  0.0, Sum:  0.4, Workers: 4
[811.398s][debug][gc,phases      ] GC(35)     Dead                           Min: 0, Avg:  0.2, Max: 1, Diff: 1, Sum: 1, Workers: 4
[811.398s][debug][gc,phases      ] GC(35)     Total                          Min: 11712, Avg: 12040.8, Max: 12480, Diff: 768, Sum: 48163, Workers: 4
[811.398s][debug][gc,phases      ] GC(35)   ResolvedMethodTable Weak       Min:  0.0, Avg:  0.0, Max:  0.0, Diff:  0.0, Sum:  0.1, Workers: 4
[811.398s][debug][gc,phases      ] GC(35)     Dead                           Min: 0, Avg:  0.2, Max: 1, Diff: 1, Sum: 1, Workers: 4
[811.398s][debug][gc,phases      ] GC(35)     Total                          Min: 2697, Avg: 3304.5, Max: 3556, Diff: 859, Sum: 13218, Workers: 4
[811.398s][debug][gc,phases      ] GC(35)   JNI Weak                       Min:  0.0, Avg:  0.0, Max:  0.0, Diff:  0.0, Sum:  0.0, Workers: 4
[811.398s][debug][gc,phases      ] GC(35)     Dead                           Min: 0, Avg:  0.0, Max: 0, Diff: 0, Sum: 0, Workers: 4
[811.398s][debug][gc,phases      ] GC(35)     Total                          Min: 0, Avg: 12.0, Max: 48, Diff: 48, Sum: 48, Workers: 4
[811.398s][debug][gc,phases      ] GC(35)   StringDedup Table Weak         Min:  0.0, Avg:  0.0, Max:  0.0, Diff:  0.0, Sum:  0.0, Workers: 4
[811.398s][debug][gc,phases      ] GC(35)     Dead                           Min: 0, Avg:  0.0, Max: 0, Diff: 0, Sum: 0, Workers: 4
[811.398s][debug][gc,phases      ] GC(35)     Total                          Min: 0, Avg:  0.0, Max: 0, Diff: 0, Sum: 0, Workers: 4
[811.398s][debug][gc,phases      ] GC(35)   StringDedup Requests0 Weak     Min:  0.0, Avg:  0.0, Max:  0.0, Diff:  0.0, Sum:  0.0, Workers: 4
[811.399s][debug][gc,phases      ] GC(35)     Dead                           Min: 0, Avg:  0.0, Max: 0, Diff: 0, Sum: 0, Workers: 4
[811.399s][debug][gc,phases      ] GC(35)     Total                          Min: 0, Avg:  0.0, Max: 0, Diff: 0, Sum: 0, Workers: 4
[811.399s][debug][gc,phases      ] GC(35)   StringDedup Requests1 Weak     Min:  0.0, Avg:  0.0, Max:  0.0, Diff:  0.0, Sum:  0.0, Workers: 4
[811.399s][debug][gc,phases      ] GC(35)     Dead                           Min: 0, Avg:  0.0, Max: 0, Diff: 0, Sum: 0, Workers: 4
[811.399s][debug][gc,phases      ] GC(35)     Total                          Min: 0, Avg:  0.0, Max: 0, Diff: 0, Sum: 0, Workers: 4
[811.399s][debug][gc,phases      ] GC(35)   Weak JFR Old Object Samples    Min:  0.0, Avg:  0.0, Max:  0.0, Diff:  0.0, Sum:  0.0, Workers: 4
[811.399s][debug][gc,phases      ] GC(35)     Dead                           Min: 0, Avg:  0.0, Max: 0, Diff: 0, Sum: 0, Workers: 4
[811.399s][debug][gc,phases      ] GC(35)     Total                          Min: 0, Avg:  0.0, Max: 0, Diff: 0, Sum: 0, Workers: 4
[811.399s][debug][gc,phases      ] GC(35) Weak Processing 0.414ms
[811.399s][debug][gc,age         ] GC(35) Desired survivor size 106954752 bytes, new threshold 1 (max threshold 15)
[811.399s][info ][gc,heap        ] GC(35) PSYoungGen: 1870388K(1985536K)->1936K(1977344K) Eden: 1865556K(1865728K)->0K(1865728K) From: 4832K(119808K)->1936K(111616K)
[811.399s][info ][gc,heap        ] GC(35) ParOldGen: 279940K(280576K)->282948K(283136K)
[811.399s][info ][gc,metaspace   ] GC(35) Metaspace: 94859K(96064K)->94859K(96064K) NonClass: 80880K(81536K)->80880K(81536K) Class: 13979K(14528K)->13979K(14528K)
[811.399s][info ][gc             ] GC(35) Pause Young (Allocation Failure) 2099M->278M(2207M) 4.289ms
[811.399s][info ][gc,cpu         ] GC(35) User=0.02s Sys=0.00s Real=0.01s
[811.399s][info ][safepoint      ] Safepoint "ParallelGCFailedAllocation", Time since last: 1654917705 ns, Reaching safepoint: 5900 ns, Cleanup: 5500 ns, At safepoint: 4371874 ns, Total: 4383274 ns
[817.399s][info ][safepoint      ] Safepoint "Cleanup", Time since last: 6000392157 ns, Reaching safepoint: 6500 ns, Cleanup: 16901 ns, At safepoint: 2600 ns, Total: 26001 ns
[818.399s][info ][safepoint      ] Safepoint "Cleanup", Time since last: 1000135238 ns, Reaching safepoint: 7100 ns, Cleanup: 11500 ns, At safepoint: 2300 ns, Total: 20900 ns
[820.399s][info ][safepoint      ] Safepoint "Cleanup", Time since last: 2000195174 ns, Reaching safepoint: 7700 ns, Cleanup: 11301 ns, At safepoint: 2300 ns, Total: 21301 ns
[823.400s][info ][safepoint      ] Safepoint "Cleanup", Time since last: 3000252940 ns, Reaching safepoint: 6200 ns, Cleanup: 15900 ns, At safepoint: 2001 ns, Total: 24101 ns
[824.400s][info ][safepoint      ] Safepoint "Cleanup", Time since last: 1000110289 ns, Reaching safepoint: 5200 ns, Cleanup: 13100 ns, At safepoint: 2000 ns, Total: 20300 ns
[826.400s][info ][safepoint      ] Safepoint "Cleanup", Time since last: 2000186478 ns, Reaching safepoint: 6500 ns, Cleanup: 25701 ns, At safepoint: 3100 ns, Total: 35301 ns
[832.401s][info ][safepoint      ] Safepoint "Cleanup", Time since last: 6000474453 ns, Reaching safepoint: 7600 ns, Cleanup: 63101 ns, At safepoint: 3900 ns, Total: 74601 ns
[841.338s][info ][safepoint      ] Safepoint "Cleanup", Time since last: 8937545991 ns, Reaching safepoint: 79001 ns, Cleanup: 11200 ns, At safepoint: 8200 ns, Total: 98401 ns
[843.339s][info ][safepoint      ] Safepoint "Cleanup", Time since last: 2000174986 ns, Reaching safepoint: 79301 ns, Cleanup: 16000 ns, At safepoint: 7100 ns, Total: 102401 ns
[844.339s][info ][safepoint      ] Safepoint "Cleanup", Time since last: 1000113844 ns, Reaching safepoint: 70801 ns, Cleanup: 12300 ns, At safepoint: 10500 ns, Total: 93601 ns
[846.339s][info ][safepoint      ] Safepoint "Cleanup", Time since last: 2000213004 ns, Reaching safepoint: 78102 ns, Cleanup: 10000 ns, At safepoint: 6500 ns, Total: 94602 ns
[847.339s][info ][safepoint      ] Safepoint "Cleanup", Time since last: 1000106644 ns, Reaching safepoint: 78501 ns, Cleanup: 12600 ns, At safepoint: 6400 ns, Total: 97501 ns
[847.986s][info ][gc,start       ] GC(36) Pause Young (Allocation Failure)
[847.989s][debug][gc,phases      ] GC(36) Scavenge 3.070ms
[847.989s][debug][gc,ref         ] GC(36) ReferenceProcessor::execute queues: 1, RefProcThreadModel::Single, marks_oops_alive: false
[847.989s][debug][gc,ref         ] GC(36) Skipped KeepAliveFinalRefsPhase of Reference Processing: no references
[847.989s][debug][gc,ref         ] GC(36) ReferenceProcessor::execute queues: 1, RefProcThreadModel::Single, marks_oops_alive: false
[847.989s][debug][gc,phases      ] GC(36) Reference Processing 0.119ms
[847.989s][debug][gc,phases      ] GC(36)   VM Weak                        Min:  0.0, Avg:  0.0, Max:  0.0, Diff:  0.0, Sum:  0.0, Workers: 4
[847.989s][debug][gc,phases      ] GC(36)     Dead                           Min: 0, Avg:  0.0, Max: 0, Diff: 0, Sum: 0, Workers: 4
[847.989s][debug][gc,phases      ] GC(36)     Total                          Min: 64, Avg: 241.5, Max: 646, Diff: 582, Sum: 966, Workers: 4
[847.989s][debug][gc,phases      ] GC(36)   ObjectSynchronizer Weak        Min:  0.0, Avg:  0.0, Max:  0.0, Diff:  0.0, Sum:  0.0, Workers: 4
[847.989s][debug][gc,phases      ] GC(36)     Dead                           Min: 0, Avg:  0.0, Max: 0, Diff: 0, Sum: 0, Workers: 4
[847.989s][debug][gc,phases      ] GC(36)     Total                          Min: 0, Avg:  1.0, Max: 4, Diff: 4, Sum: 4, Workers: 4
[847.989s][debug][gc,phases      ] GC(36)   JVMTI Tag Weak OopStorage      Min:  0.0, Avg:  0.0, Max:  0.0, Diff:  0.0, Sum:  0.0, Workers: 4
[847.989s][debug][gc,phases      ] GC(36)     Dead                           Min: 0, Avg:  0.0, Max: 0, Diff: 0, Sum: 0, Workers: 4
[847.989s][debug][gc,phases      ] GC(36)     Total                          Min: 0, Avg:  0.0, Max: 0, Diff: 0, Sum: 0, Workers: 4
[847.989s][debug][gc,phases      ] GC(36)   StringTable Weak               Min:  0.1, Avg:  0.1, Max:  0.1, Diff:  0.0, Sum:  0.5, Workers: 4
[847.989s][debug][gc,phases      ] GC(36)     Dead                           Min: 0, Avg:  0.0, Max: 0, Diff: 0, Sum: 0, Workers: 4
[847.989s][debug][gc,phases      ] GC(36)     Total                          Min: 11753, Avg: 12041.8, Max: 12223, Diff: 470, Sum: 48167, Workers: 4
[847.989s][debug][gc,phases      ] GC(36)   ResolvedMethodTable Weak       Min:  0.0, Avg:  0.0, Max:  0.0, Diff:  0.0, Sum:  0.1, Workers: 4
[847.989s][debug][gc,phases      ] GC(36)     Dead                           Min: 0, Avg:  0.0, Max: 0, Diff: 0, Sum: 0, Workers: 4
[847.989s][debug][gc,phases      ] GC(36)     Total                          Min: 2070, Avg: 3304.5, Max: 3989, Diff: 1919, Sum: 13218, Workers: 4
[847.989s][debug][gc,phases      ] GC(36)   JNI Weak                       Min:  0.0, Avg:  0.0, Max:  0.0, Diff:  0.0, Sum:  0.0, Workers: 4
[847.989s][debug][gc,phases      ] GC(36)     Dead                           Min: 0, Avg:  0.0, Max: 0, Diff: 0, Sum: 0, Workers: 4
[847.989s][debug][gc,phases      ] GC(36)     Total                          Min: 0, Avg: 12.0, Max: 48, Diff: 48, Sum: 48, Workers: 4
[847.989s][debug][gc,phases      ] GC(36)   StringDedup Table Weak         Min:  0.0, Avg:  0.0, Max:  0.0, Diff:  0.0, Sum:  0.0, Workers: 4
[847.989s][debug][gc,phases      ] GC(36)     Dead                           Min: 0, Avg:  0.0, Max: 0, Diff: 0, Sum: 0, Workers: 4
[847.989s][debug][gc,phases      ] GC(36)     Total                          Min: 0, Avg:  0.0, Max: 0, Diff: 0, Sum: 0, Workers: 4
[847.989s][debug][gc,phases      ] GC(36)   StringDedup Requests0 Weak     Min:  0.0, Avg:  0.0, Max:  0.0, Diff:  0.0, Sum:  0.0, Workers: 4
[847.989s][debug][gc,phases      ] GC(36)     Dead                           Min: 0, Avg:  0.0, Max: 0, Diff: 0, Sum: 0, Workers: 4
[847.989s][debug][gc,phases      ] GC(36)     Total                          Min: 0, Avg:  0.0, Max: 0, Diff: 0, Sum: 0, Workers: 4
[847.989s][debug][gc,phases      ] GC(36)   StringDedup Requests1 Weak     Min:  0.0, Avg:  0.0, Max:  0.0, Diff:  0.0, Sum:  0.0, Workers: 4
[847.989s][debug][gc,phases      ] GC(36)     Dead                           Min: 0, Avg:  0.0, Max: 0, Diff: 0, Sum: 0, Workers: 4
[847.989s][debug][gc,phases      ] GC(36)     Total                          Min: 0, Avg:  0.0, Max: 0, Diff: 0, Sum: 0, Workers: 4
[847.989s][debug][gc,phases      ] GC(36)   Weak JFR Old Object Samples    Min:  0.0, Avg:  0.0, Max:  0.0, Diff:  0.0, Sum:  0.0, Workers: 4
[847.989s][debug][gc,phases      ] GC(36)     Dead                           Min: 0, Avg:  0.0, Max: 0, Diff: 0, Sum: 0, Workers: 4
[847.989s][debug][gc,phases      ] GC(36)     Total                          Min: 0, Avg:  0.0, Max: 0, Diff: 0, Sum: 0, Workers: 4
[847.989s][debug][gc,phases      ] GC(36) Weak Processing 0.408ms
[847.989s][debug][gc,age         ] GC(36) Desired survivor size 100139008 bytes, new threshold 1 (max threshold 15)
[847.989s][info ][gc,heap        ] GC(36) PSYoungGen: 1867664K(1977344K)->2464K(1999360K) Eden: 1865728K(1865728K)->0K(1894912K) From: 1936K(111616K)->2464K(104448K)
[847.989s][info ][gc,heap        ] GC(36) ParOldGen: 282948K(283136K)->283380K(283648K)
[847.989s][info ][gc,metaspace   ] GC(36) Metaspace: 94909K(96128K)->94909K(96128K) NonClass: 80929K(81600K)->80929K(81600K) Class: 13979K(14528K)->13979K(14528K)
[847.989s][info ][gc             ] GC(36) Pause Young (Allocation Failure) 2100M->279M(2229M) 3.748ms
[847.989s][info ][gc,cpu         ] GC(36) User=0.01s Sys=0.00s Real=0.00s
[847.990s][info ][safepoint      ] Safepoint "ParallelGCFailedAllocation", Time since last: 646319198 ns, Reaching safepoint: 81801 ns, Cleanup: 11100 ns, At safepoint: 3835763 ns, Total: 3928664 ns
[848.990s][info ][safepoint      ] Safepoint "Cleanup", Time since last: 1000090043 ns, Reaching safepoint: 79501 ns, Cleanup: 12900 ns, At safepoint: 7001 ns, Total: 99402 ns
[850.990s][info ][safepoint      ] Safepoint "Cleanup", Time since last: 2000191187 ns, Reaching safepoint: 81201 ns, Cleanup: 11000 ns, At safepoint: 7000 ns, Total: 99201 ns
[851.990s][info ][safepoint      ] Safepoint "Cleanup", Time since last: 1000119544 ns, Reaching safepoint: 78201 ns, Cleanup: 13101 ns, At safepoint: 6900 ns, Total: 98202 ns
[856.991s][info ][safepoint      ] Safepoint "Cleanup", Time since last: 5000435960 ns, Reaching safepoint: 70201 ns, Cleanup: 12200 ns, At safepoint: 8400 ns, Total: 90801 ns
[860.991s][info ][safepoint      ] Safepoint "Cleanup", Time since last: 4000313512 ns, Reaching safepoint: 84301 ns, Cleanup: 12600 ns, At safepoint: 8401 ns, Total: 105302 ns
[866.992s][info ][safepoint      ] Safepoint "Cleanup", Time since last: 6000514162 ns, Reaching safepoint: 78802 ns, Cleanup: 12000 ns, At safepoint: 9800 ns, Total: 100602 ns
[871.992s][info ][safepoint      ] Safepoint "Cleanup", Time since last: 5000410061 ns, Reaching safepoint: 80502 ns, Cleanup: 23600 ns, At safepoint: 6600 ns, Total: 110702 ns
[877.993s][info ][safepoint      ] Safepoint "Cleanup", Time since last: 6000517786 ns, Reaching safepoint: 83902 ns, Cleanup: 11800 ns, At safepoint: 7200 ns, Total: 102902 ns
[880.993s][info ][safepoint      ] Safepoint "Cleanup", Time since last: 3000277784 ns, Reaching safepoint: 79402 ns, Cleanup: 16400 ns, At safepoint: 6100 ns, Total: 101902 ns
[882.994s][info ][safepoint      ] Safepoint "Cleanup", Time since last: 2000196856 ns, Reaching safepoint: 84102 ns, Cleanup: 13900 ns, At safepoint: 7200 ns, Total: 105202 ns
[884.002s][info ][gc,start       ] GC(37) Pause Young (Allocation Failure)
[884.007s][debug][gc,phases      ] GC(37) Scavenge 5.154ms
[884.008s][debug][gc,ref         ] GC(37) ReferenceProcessor::execute queues: 1, RefProcThreadModel::Single, marks_oops_alive: false
[884.008s][debug][gc,ref         ] GC(37) Skipped KeepAliveFinalRefsPhase of Reference Processing: no references
[884.008s][debug][gc,ref         ] GC(37) Skipped PhantomRefsPhase of Reference Processing: no references
[884.008s][debug][gc,phases      ] GC(37) Reference Processing 0.160ms
[884.008s][debug][gc,phases      ] GC(37)   VM Weak                        Min:  0.0, Avg:  0.0, Max:  0.0, Diff:  0.0, Sum:  0.0, Workers: 4
[884.008s][debug][gc,phases      ] GC(37)     Dead                           Min: 0, Avg:  0.0, Max: 0, Diff: 0, Sum: 0, Workers: 4
[884.008s][debug][gc,phases      ] GC(37)     Total                          Min: 0, Avg: 241.5, Max: 576, Diff: 576, Sum: 966, Workers: 4
[884.008s][debug][gc,phases      ] GC(37)   ObjectSynchronizer Weak        Min:  0.0, Avg:  0.0, Max:  0.0, Diff:  0.0, Sum:  0.0, Workers: 4
[884.008s][debug][gc,phases      ] GC(37)     Dead                           Min: 0, Avg:  0.0, Max: 0, Diff: 0, Sum: 0, Workers: 4
[884.008s][debug][gc,phases      ] GC(37)     Total                          Min: 0, Avg:  1.0, Max: 4, Diff: 4, Sum: 4, Workers: 4
[884.008s][debug][gc,phases      ] GC(37)   JVMTI Tag Weak OopStorage      Min:  0.0, Avg:  0.0, Max:  0.0, Diff:  0.0, Sum:  0.0, Workers: 4
[884.008s][debug][gc,phases      ] GC(37)     Dead                           Min: 0, Avg:  0.0, Max: 0, Diff: 0, Sum: 0, Workers: 4
[884.008s][debug][gc,phases      ] GC(37)     Total                          Min: 0, Avg:  0.0, Max: 0, Diff: 0, Sum: 0, Workers: 4
[884.008s][debug][gc,phases      ] GC(37)   StringTable Weak               Min:  0.0, Avg:  0.1, Max:  0.2, Diff:  0.2, Sum:  0.5, Workers: 4
[884.008s][debug][gc,phases      ] GC(37)     Dead                           Min: 0, Avg:  0.0, Max: 0, Diff: 0, Sum: 0, Workers: 4
[884.008s][debug][gc,phases      ] GC(37)     Total                          Min: 0, Avg: 12041.8, Max: 24487, Diff: 24487, Sum: 48167, Workers: 4
[884.008s][debug][gc,phases      ] GC(37)   ResolvedMethodTable Weak       Min:  0.0, Avg:  0.0, Max:  0.1, Diff:  0.1, Sum:  0.1, Workers: 4
[884.008s][debug][gc,phases      ] GC(37)     Dead                           Min: 0, Avg:  0.0, Max: 0, Diff: 0, Sum: 0, Workers: 4
[884.008s][debug][gc,phases      ] GC(37)     Total                          Min: 0, Avg: 3304.5, Max: 7070, Diff: 7070, Sum: 13218, Workers: 4
[884.008s][debug][gc,phases      ] GC(37)   JNI Weak                       Min:  0.0, Avg:  0.0, Max:  0.0, Diff:  0.0, Sum:  0.0, Workers: 4
[884.008s][debug][gc,phases      ] GC(37)     Dead                           Min: 0, Avg:  0.0, Max: 0, Diff: 0, Sum: 0, Workers: 4
[884.008s][debug][gc,phases      ] GC(37)     Total                          Min: 0, Avg: 12.0, Max: 48, Diff: 48, Sum: 48, Workers: 4
[884.008s][debug][gc,phases      ] GC(37)   StringDedup Table Weak         Min:  0.0, Avg:  0.0, Max:  0.0, Diff:  0.0, Sum:  0.0, Workers: 4
[884.008s][debug][gc,phases      ] GC(37)     Dead                           Min: 0, Avg:  0.0, Max: 0, Diff: 0, Sum: 0, Workers: 4
[884.008s][debug][gc,phases      ] GC(37)     Total                          Min: 0, Avg:  0.0, Max: 0, Diff: 0, Sum: 0, Workers: 4
[884.008s][debug][gc,phases      ] GC(37)   StringDedup Requests0 Weak     Min:  0.0, Avg:  0.0, Max:  0.0, Diff:  0.0, Sum:  0.0, Workers: 4
[884.008s][debug][gc,phases      ] GC(37)     Dead                           Min: 0, Avg:  0.0, Max: 0, Diff: 0, Sum: 0, Workers: 4
[884.008s][debug][gc,phases      ] GC(37)     Total                          Min: 0, Avg:  0.0, Max: 0, Diff: 0, Sum: 0, Workers: 4
[884.008s][debug][gc,phases      ] GC(37)   StringDedup Requests1 Weak     Min:  0.0, Avg:  0.0, Max:  0.0, Diff:  0.0, Sum:  0.0, Workers: 4
[884.008s][debug][gc,phases      ] GC(37)     Dead                           Min: 0, Avg:  0.0, Max: 0, Diff: 0, Sum: 0, Workers: 4
[884.008s][debug][gc,phases      ] GC(37)     Total                          Min: 0, Avg:  0.0, Max: 0, Diff: 0, Sum: 0, Workers: 4
[884.008s][debug][gc,phases      ] GC(37)   Weak JFR Old Object Samples    Min:  0.0, Avg:  0.0, Max:  0.0, Diff:  0.0, Sum:  0.0, Workers: 4
[884.008s][debug][gc,phases      ] GC(37)     Dead                           Min: 0, Avg:  0.0, Max: 0, Diff: 0, Sum: 0, Workers: 4
[884.008s][debug][gc,phases      ] GC(37)     Total                          Min: 0, Avg:  0.0, Max: 0, Diff: 0, Sum: 0, Workers: 4
[884.008s][debug][gc,phases      ] GC(37) Weak Processing 0.658ms
[884.008s][debug][gc,age         ] GC(37) Desired survivor size 93323264 bytes, new threshold 1 (max threshold 15)
[884.008s][info ][gc,heap        ] GC(37) PSYoungGen: 1897376K(1999360K)->2128K(1992704K) Eden: 1894912K(1894912K)->0K(1894912K) From: 2464K(104448K)->2128K(97792K)
[884.008s][info ][gc,heap        ] GC(37) ParOldGen: 283380K(283648K)->284140K(284160K)
[884.008s][info ][gc,metaspace   ] GC(37) Metaspace: 94928K(96128K)->94928K(96128K) NonClass: 80949K(81600K)->80949K(81600K) Class: 13979K(14528K)->13979K(14528K)
[884.008s][info ][gc             ] GC(37) Pause Young (Allocation Failure) 2129M->279M(2223M) 6.129ms
[884.008s][info ][gc,cpu         ] GC(37) User=0.01s Sys=0.00s Real=0.01s
[884.008s][info ][safepoint      ] Safepoint "ParallelGCFailedAllocation", Time since last: 1008646568 ns, Reaching safepoint: 6200 ns, Cleanup: 3600 ns, At safepoint: 6223401 ns, Total: 6233201 ns
[885.009s][info ][safepoint      ] Safepoint "Cleanup", Time since last: 1000073828 ns, Reaching safepoint: 7600 ns, Cleanup: 11100 ns, At safepoint: 3100 ns, Total: 21800 ns
[896.009s][info ][safepoint      ] Safepoint "Cleanup", Time since last: 11000758786 ns, Reaching safepoint: 5000 ns, Cleanup: 10600 ns, At safepoint: 2100 ns, Total: 17700 ns
[897.009s][info ][safepoint      ] Safepoint "Cleanup", Time since last: 1000105141 ns, Reaching safepoint: 5600 ns, Cleanup: 9000 ns, At safepoint: 5400 ns, Total: 20000 ns
[902.363s][info ][safepoint      ] Safepoint "Cleanup", Time since last: 5353541392 ns, Reaching safepoint: 7000 ns, Cleanup: 11001 ns, At safepoint: 41400 ns, Total: 59401 ns
[904.363s][info ][safepoint      ] Safepoint "Cleanup", Time since last: 2000171508 ns, Reaching safepoint: 6600 ns, Cleanup: 11601 ns, At safepoint: 3100 ns, Total: 21301 ns
[907.364s][info ][safepoint      ] Safepoint "Cleanup", Time since last: 3000275412 ns, Reaching safepoint: 32100 ns, Cleanup: 12400 ns, At safepoint: 5701 ns, Total: 50201 ns
[908.364s][info ][safepoint      ] Safepoint "Cleanup", Time since last: 1000113804 ns, Reaching safepoint: 8500 ns, Cleanup: 12100 ns, At safepoint: 3200 ns, Total: 23800 ns
[912.364s][info ][safepoint      ] Safepoint "Cleanup", Time since last: 4000342619 ns, Reaching safepoint: 8000 ns, Cleanup: 12900 ns, At safepoint: 2500 ns, Total: 23400 ns
[915.364s][info ][safepoint      ] Safepoint "Cleanup", Time since last: 3000291460 ns, Reaching safepoint: 8400 ns, Cleanup: 40401 ns, At safepoint: 6800 ns, Total: 55601 ns
[916.365s][info ][safepoint      ] Safepoint "Cleanup", Time since last: 1000091538 ns, Reaching safepoint: 5700 ns, Cleanup: 11400 ns, At safepoint: 2400 ns, Total: 19500 ns
[918.365s][info ][safepoint      ] Safepoint "Cleanup", Time since last: 2000215733 ns, Reaching safepoint: 13300 ns, Cleanup: 21200 ns, At safepoint: 8900 ns, Total: 43400 ns
[921.365s][info ][safepoint      ] Safepoint "Cleanup", Time since last: 3000286664 ns, Reaching safepoint: 7600 ns, Cleanup: 14200 ns, At safepoint: 2700 ns, Total: 24500 ns
[922.013s][info ][gc,start       ] GC(38) Pause Young (Allocation Failure)
[922.018s][debug][gc,phases      ] GC(38) Scavenge 4.745ms
[922.018s][debug][gc,ref         ] GC(38) ReferenceProcessor::execute queues: 1, RefProcThreadModel::Single, marks_oops_alive: false
[922.018s][debug][gc,ref         ] GC(38) Skipped KeepAliveFinalRefsPhase of Reference Processing: no references
[922.018s][debug][gc,ref         ] GC(38) ReferenceProcessor::execute queues: 1, RefProcThreadModel::Single, marks_oops_alive: false
[922.018s][debug][gc,phases      ] GC(38) Reference Processing 0.189ms
[922.018s][debug][gc,phases      ] GC(38)   VM Weak                        Min:  0.0, Avg:  0.0, Max:  0.0, Diff:  0.0, Sum:  0.0, Workers: 4
[922.018s][debug][gc,phases      ] GC(38)     Dead                           Min: 0, Avg:  0.0, Max: 0, Diff: 0, Sum: 0, Workers: 4
[922.018s][debug][gc,phases      ] GC(38)     Total                          Min: 0, Avg: 241.5, Max: 832, Diff: 832, Sum: 966, Workers: 4
[922.018s][debug][gc,phases      ] GC(38)   ObjectSynchronizer Weak        Min:  0.0, Avg:  0.0, Max:  0.0, Diff:  0.0, Sum:  0.0, Workers: 4
[922.018s][debug][gc,phases      ] GC(38)     Dead                           Min: 0, Avg:  0.0, Max: 0, Diff: 0, Sum: 0, Workers: 4
[922.018s][debug][gc,phases      ] GC(38)     Total                          Min: 0, Avg:  1.0, Max: 4, Diff: 4, Sum: 4, Workers: 4
[922.018s][debug][gc,phases      ] GC(38)   JVMTI Tag Weak OopStorage      Min:  0.0, Avg:  0.0, Max:  0.0, Diff:  0.0, Sum:  0.0, Workers: 4
[922.018s][debug][gc,phases      ] GC(38)     Dead                           Min: 0, Avg:  0.0, Max: 0, Diff: 0, Sum: 0, Workers: 4
[922.018s][debug][gc,phases      ] GC(38)     Total                          Min: 0, Avg:  0.0, Max: 0, Diff: 0, Sum: 0, Workers: 4
[922.018s][debug][gc,phases      ] GC(38)   StringTable Weak               Min:  0.0, Avg:  0.1, Max:  0.2, Diff:  0.2, Sum:  0.5, Workers: 4
[922.018s][debug][gc,phases      ] GC(38)     Dead                           Min: 0, Avg:  0.0, Max: 0, Diff: 0, Sum: 0, Workers: 4
[922.018s][debug][gc,phases      ] GC(38)     Total                          Min: 0, Avg: 12045.0, Max: 24832, Diff: 24832, Sum: 48180, Workers: 4
[922.018s][debug][gc,phases      ] GC(38)   ResolvedMethodTable Weak       Min:  0.0, Avg:  0.0, Max:  0.1, Diff:  0.1, Sum:  0.1, Workers: 4
[922.018s][debug][gc,phases      ] GC(38)     Dead                           Min: 0, Avg:  0.0, Max: 0, Diff: 0, Sum: 0, Workers: 4
[922.018s][debug][gc,phases      ] GC(38)     Total                          Min: 0, Avg: 3304.5, Max: 6773, Diff: 6773, Sum: 13218, Workers: 4
[922.018s][debug][gc,phases      ] GC(38)   JNI Weak                       Min:  0.0, Avg:  0.0, Max:  0.0, Diff:  0.0, Sum:  0.0, Workers: 4
[922.018s][debug][gc,phases      ] GC(38)     Dead                           Min: 0, Avg:  0.0, Max: 0, Diff: 0, Sum: 0, Workers: 4
[922.018s][debug][gc,phases      ] GC(38)     Total                          Min: 0, Avg: 12.0, Max: 48, Diff: 48, Sum: 48, Workers: 4
[922.018s][debug][gc,phases      ] GC(38)   StringDedup Table Weak         Min:  0.0, Avg:  0.0, Max:  0.0, Diff:  0.0, Sum:  0.0, Workers: 4
[922.018s][debug][gc,phases      ] GC(38)     Dead                           Min: 0, Avg:  0.0, Max: 0, Diff: 0, Sum: 0, Workers: 4
[922.018s][debug][gc,phases      ] GC(38)     Total                          Min: 0, Avg:  0.0, Max: 0, Diff: 0, Sum: 0, Workers: 4
[922.018s][debug][gc,phases      ] GC(38)   StringDedup Requests0 Weak     Min:  0.0, Avg:  0.0, Max:  0.0, Diff:  0.0, Sum:  0.0, Workers: 4
[922.018s][debug][gc,phases      ] GC(38)     Dead                           Min: 0, Avg:  0.0, Max: 0, Diff: 0, Sum: 0, Workers: 4
[922.018s][debug][gc,phases      ] GC(38)     Total                          Min: 0, Avg:  0.0, Max: 0, Diff: 0, Sum: 0, Workers: 4
[922.018s][debug][gc,phases      ] GC(38)   StringDedup Requests1 Weak     Min:  0.0, Avg:  0.0, Max:  0.0, Diff:  0.0, Sum:  0.0, Workers: 4
[922.018s][debug][gc,phases      ] GC(38)     Dead                           Min: 0, Avg:  0.0, Max: 0, Diff: 0, Sum: 0, Workers: 4
[922.018s][debug][gc,phases      ] GC(38)     Total                          Min: 0, Avg:  0.0, Max: 0, Diff: 0, Sum: 0, Workers: 4
[922.018s][debug][gc,phases      ] GC(38)   Weak JFR Old Object Samples    Min:  0.0, Avg:  0.0, Max:  0.0, Diff:  0.0, Sum:  0.0, Workers: 4
[922.018s][debug][gc,phases      ] GC(38)     Dead                           Min: 0, Avg:  0.0, Max: 0, Diff: 0, Sum: 0, Workers: 4
[922.019s][debug][gc,phases      ] GC(38)     Total                          Min: 0, Avg:  0.0, Max: 0, Diff: 0, Sum: 0, Workers: 4
[922.019s][debug][gc,phases      ] GC(38) Weak Processing 0.600ms
[922.019s][debug][gc,age         ] GC(38) Desired survivor size 87031808 bytes, new threshold 1 (max threshold 15)
[922.019s][info ][gc,heap        ] GC(38) PSYoungGen: 1897040K(1992704K)->2224K(2012160K) Eden: 1894912K(1894912K)->0K(1921024K) From: 2128K(97792K)->2224K(91136K)
[922.019s][info ][gc,heap        ] GC(38) ParOldGen: 284140K(284160K)->284480K(284672K)
[922.019s][info ][gc,metaspace   ] GC(38) Metaspace: 94959K(96256K)->94959K(96256K) NonClass: 80979K(81728K)->80979K(81728K) Class: 13979K(14528K)->13979K(14528K)
[922.019s][info ][gc             ] GC(38) Pause Young (Allocation Failure) 2130M->279M(2243M) 5.681ms
[922.019s][info ][gc,cpu         ] GC(38) User=0.01s Sys=0.00s Real=0.01s
[922.019s][info ][safepoint      ] Safepoint "ParallelGCFailedAllocation", Time since last: 647714649 ns, Reaching safepoint: 6800 ns, Cleanup: 3900 ns, At safepoint: 5771994 ns, Total: 5782694 ns
[923.019s][info ][safepoint      ] Safepoint "Cleanup", Time since last: 1000094888 ns, Reaching safepoint: 6900 ns, Cleanup: 13600 ns, At safepoint: 2900 ns, Total: 23400 ns
[925.019s][info ][safepoint      ] Safepoint "Cleanup", Time since last: 2000192076 ns, Reaching safepoint: 10200 ns, Cleanup: 14300 ns, At safepoint: 3600 ns, Total: 28100 ns
[927.019s][info ][safepoint      ] Safepoint "Cleanup", Time since last: 2000266739 ns, Reaching safepoint: 7000 ns, Cleanup: 15700 ns, At safepoint: 2500 ns, Total: 25200 ns
[929.019s][info ][safepoint      ] Safepoint "Cleanup", Time since last: 2000180538 ns, Reaching safepoint: 7500 ns, Cleanup: 11100 ns, At safepoint: 2700 ns, Total: 21300 ns
[936.020s][info ][safepoint      ] Safepoint "Cleanup", Time since last: 7000539680 ns, Reaching safepoint: 6400 ns, Cleanup: 9000 ns, At safepoint: 2400 ns, Total: 17800 ns
[943.021s][info ][safepoint      ] Safepoint "Cleanup", Time since last: 7000630862 ns, Reaching safepoint: 6800 ns, Cleanup: 58101 ns, At safepoint: 3300 ns, Total: 68201 ns
[944.021s][info ][safepoint      ] Safepoint "Cleanup", Time since last: 1000136962 ns, Reaching safepoint: 6400 ns, Cleanup: 8800 ns, At safepoint: 2600 ns, Total: 17800 ns
[945.021s][info ][safepoint      ] Safepoint "Cleanup", Time since last: 1000112162 ns, Reaching safepoint: 6900 ns, Cleanup: 19701 ns, At safepoint: 2900 ns, Total: 29501 ns
[946.021s][info ][safepoint      ] Safepoint "Cleanup", Time since last: 1000107261 ns, Reaching safepoint: 8300 ns, Cleanup: 19601 ns, At safepoint: 2400 ns, Total: 30301 ns
[947.021s][info ][safepoint      ] Safepoint "Cleanup", Time since last: 1000068461 ns, Reaching safepoint: 7300 ns, Cleanup: 8800 ns, At safepoint: 2400 ns, Total: 18500 ns
[948.021s][info ][safepoint      ] Safepoint "Cleanup", Time since last: 1000108662 ns, Reaching safepoint: 6900 ns, Cleanup: 9300 ns, At safepoint: 2900 ns, Total: 19100 ns
[950.022s][info ][safepoint      ] Safepoint "Cleanup", Time since last: 2000209378 ns, Reaching safepoint: 15802 ns, Cleanup: 17702 ns, At safepoint: 6400 ns, Total: 39904 ns
[951.022s][info ][safepoint      ] Safepoint "Cleanup", Time since last: 1000100666 ns, Reaching safepoint: 7200 ns, Cleanup: 9702 ns, At safepoint: 2600 ns, Total: 19502 ns
[953.022s][info ][safepoint      ] Safepoint "Cleanup", Time since last: 2000165064 ns, Reaching safepoint: 8600 ns, Cleanup: 12500 ns, At safepoint: 2900 ns, Total: 24000 ns
[954.022s][info ][safepoint      ] Safepoint "Cleanup", Time since last: 1000131800 ns, Reaching safepoint: 9600 ns, Cleanup: 11300 ns, At safepoint: 3200 ns, Total: 24100 ns
[955.022s][info ][safepoint      ] Safepoint "Cleanup", Time since last: 1000119900 ns, Reaching safepoint: 6300 ns, Cleanup: 9200 ns, At safepoint: 2600 ns, Total: 18100 ns
[956.022s][info ][safepoint      ] Safepoint "Cleanup", Time since last: 1000103899 ns, Reaching safepoint: 8200 ns, Cleanup: 18401 ns, At safepoint: 2600 ns, Total: 29201 ns
[957.022s][info ][safepoint      ] Safepoint "Cleanup", Time since last: 1000107299 ns, Reaching safepoint: 8600 ns, Cleanup: 12700 ns, At safepoint: 6200 ns, Total: 27500 ns
[959.023s][info ][safepoint      ] Safepoint "Cleanup", Time since last: 2000193277 ns, Reaching safepoint: 10001 ns, Cleanup: 11001 ns, At safepoint: 2800 ns, Total: 23802 ns
[960.023s][info ][gc,start       ] GC(39) Pause Young (Allocation Failure)
[960.027s][debug][gc,phases      ] GC(39) Scavenge 4.653ms
[960.027s][debug][gc,ref         ] GC(39) ReferenceProcessor::execute queues: 1, RefProcThreadModel::Single, marks_oops_alive: false
[960.027s][debug][gc,ref         ] GC(39) Skipped KeepAliveFinalRefsPhase of Reference Processing: no references
[960.027s][debug][gc,ref         ] GC(39) ReferenceProcessor::execute queues: 1, RefProcThreadModel::Single, marks_oops_alive: false
[960.028s][debug][gc,phases      ] GC(39) Reference Processing 0.142ms
[960.028s][debug][gc,phases      ] GC(39)   VM Weak                        Min:  0.0, Avg:  0.0, Max:  0.0, Diff:  0.0, Sum:  0.0, Workers: 4
[960.028s][debug][gc,phases      ] GC(39)     Dead                           Min: 0, Avg:  0.0, Max: 0, Diff: 0, Sum: 0, Workers: 4
[960.028s][debug][gc,phases      ] GC(39)     Total                          Min: 0, Avg: 241.5, Max: 512, Diff: 512, Sum: 966, Workers: 4
[960.028s][debug][gc,phases      ] GC(39)   ObjectSynchronizer Weak        Min:  0.0, Avg:  0.0, Max:  0.0, Diff:  0.0, Sum:  0.0, Workers: 4
[960.028s][debug][gc,phases      ] GC(39)     Dead                           Min: 0, Avg:  0.0, Max: 0, Diff: 0, Sum: 0, Workers: 4
[960.028s][debug][gc,phases      ] GC(39)     Total                          Min: 0, Avg:  1.0, Max: 4, Diff: 4, Sum: 4, Workers: 4
[960.028s][debug][gc,phases      ] GC(39)   JVMTI Tag Weak OopStorage      Min:  0.0, Avg:  0.0, Max:  0.0, Diff:  0.0, Sum:  0.0, Workers: 4
[960.028s][debug][gc,phases      ] GC(39)     Dead                           Min: 0, Avg:  0.0, Max: 0, Diff: 0, Sum: 0, Workers: 4
[960.028s][debug][gc,phases      ] GC(39)     Total                          Min: 0, Avg:  0.0, Max: 0, Diff: 0, Sum: 0, Workers: 4
[960.028s][debug][gc,phases      ] GC(39)   StringTable Weak               Min:  0.0, Avg:  0.1, Max:  0.2, Diff:  0.2, Sum:  0.4, Workers: 4
[960.028s][debug][gc,phases      ] GC(39)     Dead                           Min: 0, Avg:  0.0, Max: 0, Diff: 0, Sum: 0, Workers: 4
[960.028s][debug][gc,phases      ] GC(39)     Total                          Min: 0, Avg: 12045.5, Max: 18039, Diff: 18039, Sum: 48182, Workers: 4
[960.028s][debug][gc,phases      ] GC(39)   ResolvedMethodTable Weak       Min:  0.0, Avg:  0.0, Max:  0.0, Diff:  0.0, Sum:  0.1, Workers: 4
[960.028s][debug][gc,phases      ] GC(39)     Dead                           Min: 0, Avg:  0.0, Max: 0, Diff: 0, Sum: 0, Workers: 4
[960.028s][debug][gc,phases      ] GC(39)     Total                          Min: 0, Avg: 3305.0, Max: 5485, Diff: 5485, Sum: 13220, Workers: 4
[960.028s][debug][gc,phases      ] GC(39)   JNI Weak                       Min:  0.0, Avg:  0.0, Max:  0.0, Diff:  0.0, Sum:  0.0, Workers: 4
[960.028s][debug][gc,phases      ] GC(39)     Dead                           Min: 0, Avg:  0.0, Max: 0, Diff: 0, Sum: 0, Workers: 4
[960.028s][debug][gc,phases      ] GC(39)     Total                          Min: 0, Avg: 12.0, Max: 48, Diff: 48, Sum: 48, Workers: 4
[960.028s][debug][gc,phases      ] GC(39)   StringDedup Table Weak         Min:  0.0, Avg:  0.0, Max:  0.0, Diff:  0.0, Sum:  0.0, Workers: 4
[960.028s][debug][gc,phases      ] GC(39)     Dead                           Min: 0, Avg:  0.0, Max: 0, Diff: 0, Sum: 0, Workers: 4
[960.028s][debug][gc,phases      ] GC(39)     Total                          Min: 0, Avg:  0.0, Max: 0, Diff: 0, Sum: 0, Workers: 4
[960.028s][debug][gc,phases      ] GC(39)   StringDedup Requests0 Weak     Min:  0.0, Avg:  0.0, Max:  0.0, Diff:  0.0, Sum:  0.0, Workers: 4
[960.028s][debug][gc,phases      ] GC(39)     Dead                           Min: 0, Avg:  0.0, Max: 0, Diff: 0, Sum: 0, Workers: 4
[960.028s][debug][gc,phases      ] GC(39)     Total                          Min: 0, Avg:  0.0, Max: 0, Diff: 0, Sum: 0, Workers: 4
[960.028s][debug][gc,phases      ] GC(39)   StringDedup Requests1 Weak     Min:  0.0, Avg:  0.0, Max:  0.0, Diff:  0.0, Sum:  0.0, Workers: 4
[960.028s][debug][gc,phases      ] GC(39)     Dead                           Min: 0, Avg:  0.0, Max: 0, Diff: 0, Sum: 0, Workers: 4
[960.028s][debug][gc,phases      ] GC(39)     Total                          Min: 0, Avg:  0.0, Max: 0, Diff: 0, Sum: 0, Workers: 4
[960.028s][debug][gc,phases      ] GC(39)   Weak JFR Old Object Samples    Min:  0.0, Avg:  0.0, Max:  0.0, Diff:  0.0, Sum:  0.0, Workers: 4
[960.028s][debug][gc,phases      ] GC(39)     Dead                           Min: 0, Avg:  0.0, Max: 0, Diff: 0, Sum: 0, Workers: 4
[960.028s][debug][gc,phases      ] GC(39)     Total                          Min: 0, Avg:  0.0, Max: 0, Diff: 0, Sum: 0, Workers: 4
[960.028s][debug][gc,phases      ] GC(39) Weak Processing 0.473ms
[960.028s][debug][gc,age         ] GC(39) Desired survivor size 81264640 bytes, new threshold 1 (max threshold 15)
[960.028s][info ][gc,heap        ] GC(39) PSYoungGen: 1923248K(2012160K)->2288K(2006016K) Eden: 1921024K(1921024K)->0K(1921024K) From: 2224K(91136K)->2288K(84992K)
[960.028s][info ][gc,heap        ] GC(39) ParOldGen: 284480K(284672K)->284881K(285184K)
[960.028s][info ][gc,metaspace   ] GC(39) Metaspace: 94994K(96256K)->94994K(96256K) NonClass: 81012K(81728K)->81012K(81728K) Class: 13981K(14528K)->13981K(14528K)
[960.028s][info ][gc             ] GC(39) Pause Young (Allocation Failure) 2155M->280M(2237M) 5.412ms
[960.028s][info ][gc,cpu         ] GC(39) User=0.01s Sys=0.00s Real=0.01s
[960.028s][info ][safepoint      ] Safepoint "ParallelGCFailedAllocation", Time since last: 999871074 ns, Reaching safepoint: 8200 ns, Cleanup: 14401 ns, At safepoint: 5526893 ns, Total: 5549494 ns
[961.385s][info ][safepoint      ] Safepoint "Cleanup", Time since last: 1356644692 ns, Reaching safepoint: 84201 ns, Cleanup: 13400 ns, At safepoint: 7201 ns, Total: 104802 ns
[964.385s][info ][safepoint      ] Safepoint "Cleanup", Time since last: 3000266726 ns, Reaching safepoint: 80901 ns, Cleanup: 15301 ns, At safepoint: 8000 ns, Total: 104202 ns
[967.386s][info ][safepoint      ] Safepoint "Cleanup", Time since last: 3000336412 ns, Reaching safepoint: 78903 ns, Cleanup: 16801 ns, At safepoint: 7200 ns, Total: 102904 ns
[968.386s][info ][safepoint      ] Safepoint "Cleanup", Time since last: 1000126781 ns, Reaching safepoint: 78403 ns, Cleanup: 11601 ns, At safepoint: 7500 ns, Total: 97504 ns
[969.386s][info ][safepoint      ] Safepoint "Cleanup", Time since last: 1000119533 ns, Reaching safepoint: 78902 ns, Cleanup: 10400 ns, At safepoint: 34501 ns, Total: 123803 ns
[970.386s][info ][safepoint      ] Safepoint "Cleanup", Time since last: 1000133862 ns, Reaching safepoint: 83002 ns, Cleanup: 12800 ns, At safepoint: 7100 ns, Total: 102902 ns
[972.387s][info ][safepoint      ] Safepoint "Cleanup", Time since last: 2000220123 ns, Reaching safepoint: 99003 ns, Cleanup: 16500 ns, At safepoint: 12100 ns, Total: 127603 ns
[973.387s][info ][safepoint      ] Safepoint "Cleanup", Time since last: 1000093295 ns, Reaching safepoint: 80604 ns, Cleanup: 9801 ns, At safepoint: 7800 ns, Total: 98205 ns
[974.387s][info ][safepoint      ] Safepoint "Cleanup", Time since last: 1000131052 ns, Reaching safepoint: 86304 ns, Cleanup: 13901 ns, At safepoint: 7101 ns, Total: 107306 ns
[977.388s][info ][safepoint      ] Safepoint "Cleanup", Time since last: 3000291865 ns, Reaching safepoint: 82502 ns, Cleanup: 11901 ns, At safepoint: 7700 ns, Total: 102103 ns
[980.388s][info ][safepoint      ] Safepoint "Cleanup", Time since last: 3000278015 ns, Reaching safepoint: 88202 ns, Cleanup: 12501 ns, At safepoint: 8300 ns, Total: 109003 ns
[983.388s][info ][safepoint      ] Safepoint "Cleanup", Time since last: 3000298629 ns, Reaching safepoint: 77402 ns, Cleanup: 10701 ns, At safepoint: 6600 ns, Total: 94703 ns
[988.389s][info ][safepoint      ] Safepoint "Cleanup", Time since last: 5000408601 ns, Reaching safepoint: 80202 ns, Cleanup: 15000 ns, At safepoint: 6901 ns, Total: 102103 ns
[991.389s][info ][safepoint      ] Safepoint "Cleanup", Time since last: 3000256195 ns, Reaching safepoint: 83402 ns, Cleanup: 10800 ns, At safepoint: 11200 ns, Total: 105402 ns
[993.390s][info ][safepoint      ] Safepoint "Cleanup", Time since last: 2000214808 ns, Reaching safepoint: 76302 ns, Cleanup: 12201 ns, At safepoint: 7100 ns, Total: 95603 ns
[994.390s][info ][safepoint      ] Safepoint "Cleanup", Time since last: 1000124104 ns, Reaching safepoint: 81802 ns, Cleanup: 12400 ns, At safepoint: 7201 ns, Total: 101403 ns
[995.390s][info ][safepoint      ] Safepoint "Cleanup", Time since last: 1000119304 ns, Reaching safepoint: 75902 ns, Cleanup: 10500 ns, At safepoint: 6800 ns, Total: 93202 ns
[995.536s][info ][gc,start       ] GC(40) Pause Young (Allocation Failure)
[995.539s][debug][gc,phases      ] GC(40) Scavenge 3.065ms
[995.539s][debug][gc,ref         ] GC(40) ReferenceProcessor::execute queues: 1, RefProcThreadModel::Single, marks_oops_alive: false
[995.540s][debug][gc,ref         ] GC(40) Skipped KeepAliveFinalRefsPhase of Reference Processing: no references
[995.540s][debug][gc,ref         ] GC(40) Skipped PhantomRefsPhase of Reference Processing: no references
[995.540s][debug][gc,phases      ] GC(40) Reference Processing 0.132ms
[995.540s][debug][gc,phases      ] GC(40)   VM Weak                        Min:  0.0, Avg:  0.0, Max:  0.0, Diff:  0.0, Sum:  0.0, Workers: 4
[995.540s][debug][gc,phases      ] GC(40)     Dead                           Min: 0, Avg:  0.0, Max: 0, Diff: 0, Sum: 0, Workers: 4
[995.540s][debug][gc,phases      ] GC(40)     Total                          Min: 0, Avg: 241.5, Max: 774, Diff: 774, Sum: 966, Workers: 4
[995.540s][debug][gc,phases      ] GC(40)   ObjectSynchronizer Weak        Min:  0.0, Avg:  0.0, Max:  0.0, Diff:  0.0, Sum:  0.0, Workers: 4
[995.540s][debug][gc,phases      ] GC(40)     Dead                           Min: 0, Avg:  0.0, Max: 0, Diff: 0, Sum: 0, Workers: 4
[995.540s][debug][gc,phases      ] GC(40)     Total                          Min: 0, Avg:  1.0, Max: 4, Diff: 4, Sum: 4, Workers: 4
[995.540s][debug][gc,phases      ] GC(40)   JVMTI Tag Weak OopStorage      Min:  0.0, Avg:  0.0, Max:  0.0, Diff:  0.0, Sum:  0.0, Workers: 4
[995.540s][debug][gc,phases      ] GC(40)     Dead                           Min: 0, Avg:  0.0, Max: 0, Diff: 0, Sum: 0, Workers: 4
[995.540s][debug][gc,phases      ] GC(40)     Total                          Min: 0, Avg:  0.0, Max: 0, Diff: 0, Sum: 0, Workers: 4
[995.540s][debug][gc,phases      ] GC(40)   StringTable Weak               Min:  0.0, Avg:  0.1, Max:  0.1, Diff:  0.1, Sum:  0.4, Workers: 4
[995.540s][debug][gc,phases      ] GC(40)     Dead                           Min: 0, Avg:  0.0, Max: 0, Diff: 0, Sum: 0, Workers: 4
[995.540s][debug][gc,phases      ] GC(40)     Total                          Min: 0, Avg: 12047.0, Max: 16831, Diff: 16831, Sum: 48188, Workers: 4
[995.540s][debug][gc,phases      ] GC(40)   ResolvedMethodTable Weak       Min:  0.0, Avg:  0.0, Max:  0.0, Diff:  0.0, Sum:  0.1, Workers: 4
[995.540s][debug][gc,phases      ] GC(40)     Dead                           Min: 0, Avg:  0.0, Max: 0, Diff: 0, Sum: 0, Workers: 4
[995.540s][debug][gc,phases      ] GC(40)     Total                          Min: 0, Avg: 3305.0, Max: 4845, Diff: 4845, Sum: 13220, Workers: 4
[995.540s][debug][gc,phases      ] GC(40)   JNI Weak                       Min:  0.0, Avg:  0.0, Max:  0.0, Diff:  0.0, Sum:  0.0, Workers: 4
[995.540s][debug][gc,phases      ] GC(40)     Dead                           Min: 0, Avg:  0.0, Max: 0, Diff: 0, Sum: 0, Workers: 4
[995.540s][debug][gc,phases      ] GC(40)     Total                          Min: 0, Avg: 12.0, Max: 48, Diff: 48, Sum: 48, Workers: 4
[995.540s][debug][gc,phases      ] GC(40)   StringDedup Table Weak         Min:  0.0, Avg:  0.0, Max:  0.0, Diff:  0.0, Sum:  0.0, Workers: 4
[995.540s][debug][gc,phases      ] GC(40)     Dead                           Min: 0, Avg:  0.0, Max: 0, Diff: 0, Sum: 0, Workers: 4
[995.540s][debug][gc,phases      ] GC(40)     Total                          Min: 0, Avg:  0.0, Max: 0, Diff: 0, Sum: 0, Workers: 4
[995.540s][debug][gc,phases      ] GC(40)   StringDedup Requests0 Weak     Min:  0.0, Avg:  0.0, Max:  0.0, Diff:  0.0, Sum:  0.0, Workers: 4
[995.540s][debug][gc,phases      ] GC(40)     Dead                           Min: 0, Avg:  0.0, Max: 0, Diff: 0, Sum: 0, Workers: 4
[995.540s][debug][gc,phases      ] GC(40)     Total                          Min: 0, Avg:  0.0, Max: 0, Diff: 0, Sum: 0, Workers: 4
[995.540s][debug][gc,phases      ] GC(40)   StringDedup Requests1 Weak     Min:  0.0, Avg:  0.0, Max:  0.0, Diff:  0.0, Sum:  0.0, Workers: 4
[995.540s][debug][gc,phases      ] GC(40)     Dead                           Min: 0, Avg:  0.0, Max: 0, Diff: 0, Sum: 0, Workers: 4
[995.540s][debug][gc,phases      ] GC(40)     Total                          Min: 0, Avg:  0.0, Max: 0, Diff: 0, Sum: 0, Workers: 4
[995.540s][debug][gc,phases      ] GC(40)   Weak JFR Old Object Samples    Min:  0.0, Avg:  0.0, Max:  0.0, Diff:  0.0, Sum:  0.0, Workers: 4
[995.540s][debug][gc,phases      ] GC(40)     Dead                           Min: 0, Avg:  0.0, Max: 0, Diff: 0, Sum: 0, Workers: 4
[995.540s][debug][gc,phases      ] GC(40)     Total                          Min: 0, Avg:  0.0, Max: 0, Diff: 0, Sum: 0, Workers: 4
[995.540s][debug][gc,phases      ] GC(40) Weak Processing 0.438ms
[995.540s][debug][gc,age         ] GC(40) Desired survivor size 75497472 bytes, new threshold 1 (max threshold 15)
[995.540s][info ][gc,heap        ] GC(40) PSYoungGen: 1923312K(2006016K)->2512K(2023424K) Eden: 1921024K(1921024K)->0K(1944064K) From: 2288K(84992K)->2512K(79360K)
[995.540s][info ][gc,heap        ] GC(40) ParOldGen: 284881K(285184K)->285481K(285696K)
[995.540s][info ][gc,metaspace   ] GC(40) Metaspace: 95011K(96256K)->95011K(96256K) NonClass: 81029K(81728K)->81029K(81728K) Class: 13981K(14528K)->13981K(14528K)
[995.540s][info ][gc             ] GC(40) Pause Young (Allocation Failure) 2156M->281M(2255M) 3.780ms
[995.540s][info ][gc,cpu         ] GC(40) User=0.01s Sys=0.00s Real=0.00s
[995.540s][info ][safepoint      ] Safepoint "ParallelGCFailedAllocation", Time since last: 146160671 ns, Reaching safepoint: 80702 ns, Cleanup: 4101 ns, At safepoint: 3892200 ns, Total: 3977003 ns
[1002.541s][info ][safepoint      ] Safepoint "Cleanup", Time since last: 7000521915 ns, Reaching safepoint: 78103 ns, Cleanup: 10300 ns, At safepoint: 6100 ns, Total: 94503 ns
[1004.542s][info ][safepoint      ] Safepoint "Cleanup", Time since last: 2000721082 ns, Reaching safepoint: 77002 ns, Cleanup: 13001 ns, At safepoint: 7400 ns, Total: 97403 ns
[1005.542s][info ][safepoint      ] Safepoint "Cleanup", Time since last: 1000200338 ns, Reaching safepoint: 79203 ns, Cleanup: 17800 ns, At safepoint: 6200 ns, Total: 103203 ns
[1008.542s][info ][safepoint      ] Safepoint "Cleanup", Time since last: 3000333914 ns, Reaching safepoint: 76802 ns, Cleanup: 10200 ns, At safepoint: 5800 ns, Total: 92802 ns
[1010.543s][info ][safepoint      ] Safepoint "Cleanup", Time since last: 2000206775 ns, Reaching safepoint: 78402 ns, Cleanup: 14701 ns, At safepoint: 6700 ns, Total: 99803 ns
[1012.543s][info ][safepoint      ] Safepoint "Cleanup", Time since last: 2000192975 ns, Reaching safepoint: 80002 ns, Cleanup: 11700 ns, At safepoint: 6900 ns, Total: 98602 ns
[1013.543s][info ][safepoint      ] Safepoint "Cleanup", Time since last: 1000134202 ns, Reaching safepoint: 83603 ns, Cleanup: 12700 ns, At safepoint: 8900 ns, Total: 105203 ns
[1016.544s][info ][safepoint      ] Safepoint "Cleanup", Time since last: 3000437976 ns, Reaching safepoint: 79402 ns, Cleanup: 11600 ns, At safepoint: 7101 ns, Total: 98103 ns
[1017.544s][info ][safepoint      ] Safepoint "Cleanup", Time since last: 1000123658 ns, Reaching safepoint: 77702 ns, Cleanup: 14300 ns, At safepoint: 6700 ns, Total: 98702 ns
[1019.544s][info ][safepoint      ] Safepoint "Cleanup", Time since last: 2000200615 ns, Reaching safepoint: 24101 ns, Cleanup: 10300 ns, At safepoint: 2400 ns, Total: 36801 ns
[1021.412s][info ][safepoint      ] Safepoint "Cleanup", Time since last: 1867817791 ns, Reaching safepoint: 7700 ns, Cleanup: 11001 ns, At safepoint: 2500 ns, Total: 21201 ns
[1025.412s][info ][safepoint      ] Safepoint "Cleanup", Time since last: 4000327326 ns, Reaching safepoint: 7001 ns, Cleanup: 12700 ns, At safepoint: 2500 ns, Total: 22201 ns
[1026.412s][info ][safepoint      ] Safepoint "Cleanup", Time since last: 1000117908 ns, Reaching safepoint: 6600 ns, Cleanup: 11200 ns, At safepoint: 2300 ns, Total: 20100 ns
[1032.389s][info ][gc,start       ] GC(41) Pause Young (Allocation Failure)
[1032.391s][debug][gc,phases      ] GC(41) Scavenge 2.804ms
[1032.392s][debug][gc,ref         ] GC(41) ReferenceProcessor::execute queues: 1, RefProcThreadModel::Single, marks_oops_alive: false
[1032.392s][debug][gc,ref         ] GC(41) Skipped KeepAliveFinalRefsPhase of Reference Processing: no references
[1032.392s][debug][gc,ref         ] GC(41) Skipped PhantomRefsPhase of Reference Processing: no references
[1032.392s][debug][gc,phases      ] GC(41) Reference Processing 0.127ms
[1032.392s][debug][gc,phases      ] GC(41)   VM Weak                        Min:  0.0, Avg:  0.0, Max:  0.0, Diff:  0.0, Sum:  0.0, Workers: 4
[1032.392s][debug][gc,phases      ] GC(41)     Dead                           Min: 0, Avg:  0.0, Max: 0, Diff: 0, Sum: 0, Workers: 4
[1032.392s][debug][gc,phases      ] GC(41)     Total                          Min: 0, Avg: 241.5, Max: 704, Diff: 704, Sum: 966, Workers: 4
[1032.392s][debug][gc,phases      ] GC(41)   ObjectSynchronizer Weak        Min:  0.0, Avg:  0.0, Max:  0.0, Diff:  0.0, Sum:  0.0, Workers: 4
[1032.392s][debug][gc,phases      ] GC(41)     Dead                           Min: 0, Avg:  0.0, Max: 0, Diff: 0, Sum: 0, Workers: 4
[1032.392s][debug][gc,phases      ] GC(41)     Total                          Min: 0, Avg:  1.0, Max: 4, Diff: 4, Sum: 4, Workers: 4
[1032.392s][debug][gc,phases      ] GC(41)   JVMTI Tag Weak OopStorage      Min:  0.0, Avg:  0.0, Max:  0.0, Diff:  0.0, Sum:  0.0, Workers: 4
[1032.392s][debug][gc,phases      ] GC(41)     Dead                           Min: 0, Avg:  0.0, Max: 0, Diff: 0, Sum: 0, Workers: 4
[1032.392s][debug][gc,phases      ] GC(41)     Total                          Min: 0, Avg:  0.0, Max: 0, Diff: 0, Sum: 0, Workers: 4
[1032.392s][debug][gc,phases      ] GC(41)   StringTable Weak               Min:  0.0, Avg:  0.1, Max:  0.2, Diff:  0.2, Sum:  0.5, Workers: 4
[1032.392s][debug][gc,phases      ] GC(41)     Dead                           Min: 0, Avg:  0.0, Max: 0, Diff: 0, Sum: 0, Workers: 4
[1032.392s][debug][gc,phases      ] GC(41)     Total                          Min: 0, Avg: 12047.2, Max: 17597, Diff: 17597, Sum: 48189, Workers: 4
[1032.392s][debug][gc,phases      ] GC(41)   ResolvedMethodTable Weak       Min:  0.0, Avg:  0.0, Max:  0.1, Diff:  0.1, Sum:  0.1, Workers: 4
[1032.392s][debug][gc,phases      ] GC(41)     Dead                           Min: 0, Avg:  0.0, Max: 0, Diff: 0, Sum: 0, Workers: 4
[1032.392s][debug][gc,phases      ] GC(41)     Total                          Min: 0, Avg: 3305.0, Max: 5852, Diff: 5852, Sum: 13220, Workers: 4
[1032.392s][debug][gc,phases      ] GC(41)   JNI Weak                       Min:  0.0, Avg:  0.0, Max:  0.0, Diff:  0.0, Sum:  0.0, Workers: 4
[1032.392s][debug][gc,phases      ] GC(41)     Dead                           Min: 0, Avg:  0.0, Max: 0, Diff: 0, Sum: 0, Workers: 4
[1032.392s][debug][gc,phases      ] GC(41)     Total                          Min: 0, Avg: 12.0, Max: 48, Diff: 48, Sum: 48, Workers: 4
[1032.392s][debug][gc,phases      ] GC(41)   StringDedup Table Weak         Min:  0.0, Avg:  0.0, Max:  0.0, Diff:  0.0, Sum:  0.0, Workers: 4
[1032.392s][debug][gc,phases      ] GC(41)     Dead                           Min: 0, Avg:  0.0, Max: 0, Diff: 0, Sum: 0, Workers: 4
[1032.392s][debug][gc,phases      ] GC(41)     Total                          Min: 0, Avg:  0.0, Max: 0, Diff: 0, Sum: 0, Workers: 4
[1032.392s][debug][gc,phases      ] GC(41)   StringDedup Requests0 Weak     Min:  0.0, Avg:  0.0, Max:  0.0, Diff:  0.0, Sum:  0.0, Workers: 4
[1032.392s][debug][gc,phases      ] GC(41)     Dead                           Min: 0, Avg:  0.0, Max: 0, Diff: 0, Sum: 0, Workers: 4
[1032.392s][debug][gc,phases      ] GC(41)     Total                          Min: 0, Avg:  0.0, Max: 0, Diff: 0, Sum: 0, Workers: 4
[1032.392s][debug][gc,phases      ] GC(41)   StringDedup Requests1 Weak     Min:  0.0, Avg:  0.0, Max:  0.0, Diff:  0.0, Sum:  0.0, Workers: 4
[1032.392s][debug][gc,phases      ] GC(41)     Dead                           Min: 0, Avg:  0.0, Max: 0, Diff: 0, Sum: 0, Workers: 4
[1032.392s][debug][gc,phases      ] GC(41)     Total                          Min: 0, Avg:  0.0, Max: 0, Diff: 0, Sum: 0, Workers: 4
[1032.392s][debug][gc,phases      ] GC(41)   Weak JFR Old Object Samples    Min:  0.0, Avg:  0.0, Max:  0.0, Diff:  0.0, Sum:  0.0, Workers: 4
[1032.392s][debug][gc,phases      ] GC(41)     Dead                           Min: 0, Avg:  0.0, Max: 0, Diff: 0, Sum: 0, Workers: 4
[1032.392s][debug][gc,phases      ] GC(41)     Total                          Min: 0, Avg:  0.0, Max: 0, Diff: 0, Sum: 0, Workers: 4
[1032.392s][debug][gc,phases      ] GC(41) Weak Processing 0.513ms
[1032.392s][debug][gc,age         ] GC(41) Desired survivor size 70254592 bytes, new threshold 1 (max threshold 15)
[1032.392s][info ][gc,heap        ] GC(41) PSYoungGen: 1946576K(2023424K)->2160K(2017792K) Eden: 1944064K(1944064K)->0K(1944064K) From: 2512K(79360K)->2160K(73728K)
[1032.392s][info ][gc,heap        ] GC(41) ParOldGen: 285481K(285696K)->286301K(286720K)
[1032.392s][info ][gc,metaspace   ] GC(41) Metaspace: 95017K(96256K)->95017K(96256K) NonClass: 81035K(81728K)->81035K(81728K) Class: 13981K(14528K)->13981K(14528K)
[1032.392s][info ][gc             ] GC(41) Pause Young (Allocation Failure) 2179M->281M(2250M) 3.602ms
[1032.392s][info ][gc,cpu         ] GC(41) User=0.00s Sys=0.00s Real=0.00s
[1032.392s][info ][safepoint      ] Safepoint "ParallelGCFailedAllocation", Time since last: 5976120038 ns, Reaching safepoint: 7000 ns, Cleanup: 4301 ns, At safepoint: 3683197 ns, Total: 3694498 ns
[1035.393s][info ][safepoint      ] Safepoint "Cleanup", Time since last: 3000251442 ns, Reaching safepoint: 61802 ns, Cleanup: 15300 ns, At safepoint: 8200 ns, Total: 85302 ns
[1038.393s][info ][safepoint      ] Safepoint "Cleanup", Time since last: 3000273081 ns, Reaching safepoint: 79902 ns, Cleanup: 12100 ns, At safepoint: 7900 ns, Total: 99902 ns
[1040.393s][info ][safepoint      ] Safepoint "Cleanup", Time since last: 2000205055 ns, Reaching safepoint: 84402 ns, Cleanup: 11201 ns, At safepoint: 8300 ns, Total: 103903 ns
[1044.394s][info ][safepoint      ] Safepoint "Cleanup", Time since last: 4000369908 ns, Reaching safepoint: 87703 ns, Cleanup: 12800 ns, At safepoint: 7800 ns, Total: 108303 ns
[1046.394s][info ][safepoint      ] Safepoint "Cleanup", Time since last: 2000196285 ns, Reaching safepoint: 6200 ns, Cleanup: 10601 ns, At safepoint: 2500 ns, Total: 19301 ns
[1049.394s][info ][safepoint      ] Safepoint "Cleanup", Time since last: 3000288966 ns, Reaching safepoint: 5901 ns, Cleanup: 13200 ns, At safepoint: 2700 ns, Total: 21801 ns
[1052.395s][info ][safepoint      ] Safepoint "Cleanup", Time since last: 3000269066 ns, Reaching safepoint: 80802 ns, Cleanup: 18201 ns, At safepoint: 6900 ns, Total: 105903 ns
[1054.395s][info ][safepoint      ] Safepoint "Cleanup", Time since last: 2000162792 ns, Reaching safepoint: 7500 ns, Cleanup: 54702 ns, At safepoint: 2600 ns, Total: 64802 ns
[1056.395s][info ][safepoint      ] Safepoint "Cleanup", Time since last: 2000206676 ns, Reaching safepoint: 63202 ns, Cleanup: 14000 ns, At safepoint: 11200 ns, Total: 88402 ns
[1059.395s][info ][safepoint      ] Safepoint "Cleanup", Time since last: 3000246563 ns, Reaching safepoint: 6600 ns, Cleanup: 9301 ns, At safepoint: 2800 ns, Total: 18701 ns
[1061.396s][info ][safepoint      ] Safepoint "Cleanup", Time since last: 2000185340 ns, Reaching safepoint: 80102 ns, Cleanup: 15100 ns, At safepoint: 28701 ns, Total: 123903 ns
[1062.396s][info ][safepoint      ] Safepoint "Cleanup", Time since last: 1000100140 ns, Reaching safepoint: 6300 ns, Cleanup: 23101 ns, At safepoint: 2700 ns, Total: 32101 ns
[1066.396s][info ][safepoint      ] Safepoint "Cleanup", Time since last: 4000318460 ns, Reaching safepoint: 6001 ns, Cleanup: 13800 ns, At safepoint: 3400 ns, Total: 23201 ns
[1067.396s][info ][safepoint      ] Safepoint "Cleanup", Time since last: 1000072640 ns, Reaching safepoint: 6800 ns, Cleanup: 11800 ns, At safepoint: 2400 ns, Total: 21000 ns
[1068.043s][info ][gc,start       ] GC(42) Pause Young (Allocation Failure)
[1068.047s][debug][gc,phases      ] GC(42) Scavenge 4.579ms
[1068.047s][debug][gc,ref         ] GC(42) ReferenceProcessor::execute queues: 1, RefProcThreadModel::Single, marks_oops_alive: false
[1068.047s][debug][gc,ref         ] GC(42) Skipped KeepAliveFinalRefsPhase of Reference Processing: no references
[1068.047s][debug][gc,ref         ] GC(42) Skipped PhantomRefsPhase of Reference Processing: no references
[1068.047s][debug][gc,phases      ] GC(42) Reference Processing 0.126ms
[1068.048s][debug][gc,phases      ] GC(42)   VM Weak                        Min:  0.0, Avg:  0.0, Max:  0.0, Diff:  0.0, Sum:  0.0, Workers: 4
[1068.048s][debug][gc,phases      ] GC(42)     Dead                           Min: 0, Avg:  0.0, Max: 0, Diff: 0, Sum: 0, Workers: 4
[1068.048s][debug][gc,phases      ] GC(42)     Total                          Min: 0, Avg: 241.5, Max: 896, Diff: 896, Sum: 966, Workers: 4
[1068.048s][debug][gc,phases      ] GC(42)   ObjectSynchronizer Weak        Min:  0.0, Avg:  0.0, Max:  0.0, Diff:  0.0, Sum:  0.0, Workers: 4
[1068.048s][debug][gc,phases      ] GC(42)     Dead                           Min: 0, Avg:  0.0, Max: 0, Diff: 0, Sum: 0, Workers: 4
[1068.048s][debug][gc,phases      ] GC(42)     Total                          Min: 0, Avg:  1.0, Max: 4, Diff: 4, Sum: 4, Workers: 4
[1068.048s][debug][gc,phases      ] GC(42)   JVMTI Tag Weak OopStorage      Min:  0.0, Avg:  0.0, Max:  0.0, Diff:  0.0, Sum:  0.0, Workers: 4
[1068.048s][debug][gc,phases      ] GC(42)     Dead                           Min: 0, Avg:  0.0, Max: 0, Diff: 0, Sum: 0, Workers: 4
[1068.048s][debug][gc,phases      ] GC(42)     Total                          Min: 0, Avg:  0.0, Max: 0, Diff: 0, Sum: 0, Workers: 4
[1068.048s][debug][gc,phases      ] GC(42)   StringTable Weak               Min:  0.0, Avg:  0.1, Max:  0.1, Diff:  0.1, Sum:  0.4, Workers: 4
[1068.048s][debug][gc,phases      ] GC(42)     Dead                           Min: 0, Avg:  0.0, Max: 0, Diff: 0, Sum: 0, Workers: 4
[1068.048s][debug][gc,phases      ] GC(42)     Total                          Min: 0, Avg: 12047.2, Max: 16575, Diff: 16575, Sum: 48189, Workers: 4
[1068.048s][debug][gc,phases      ] GC(42)   ResolvedMethodTable Weak       Min:  0.0, Avg:  0.0, Max:  0.0, Diff:  0.0, Sum:  0.1, Workers: 4
[1068.048s][debug][gc,phases      ] GC(42)     Dead                           Min: 0, Avg:  0.0, Max: 0, Diff: 0, Sum: 0, Workers: 4
[1068.048s][debug][gc,phases      ] GC(42)     Total                          Min: 0, Avg: 3305.0, Max: 4629, Diff: 4629, Sum: 13220, Workers: 4
[1068.048s][debug][gc,phases      ] GC(42)   JNI Weak                       Min:  0.0, Avg:  0.0, Max:  0.0, Diff:  0.0, Sum:  0.0, Workers: 4
[1068.048s][debug][gc,phases      ] GC(42)     Dead                           Min: 0, Avg:  0.0, Max: 0, Diff: 0, Sum: 0, Workers: 4
[1068.048s][debug][gc,phases      ] GC(42)     Total                          Min: 0, Avg: 12.0, Max: 48, Diff: 48, Sum: 48, Workers: 4
[1068.048s][debug][gc,phases      ] GC(42)   StringDedup Table Weak         Min:  0.0, Avg:  0.0, Max:  0.0, Diff:  0.0, Sum:  0.0, Workers: 4
[1068.048s][debug][gc,phases      ] GC(42)     Dead                           Min: 0, Avg:  0.0, Max: 0, Diff: 0, Sum: 0, Workers: 4
[1068.048s][debug][gc,phases      ] GC(42)     Total                          Min: 0, Avg:  0.0, Max: 0, Diff: 0, Sum: 0, Workers: 4
[1068.048s][debug][gc,phases      ] GC(42)   StringDedup Requests0 Weak     Min:  0.0, Avg:  0.0, Max:  0.0, Diff:  0.0, Sum:  0.0, Workers: 4
[1068.048s][debug][gc,phases      ] GC(42)     Dead                           Min: 0, Avg:  0.0, Max: 0, Diff: 0, Sum: 0, Workers: 4
[1068.048s][debug][gc,phases      ] GC(42)     Total                          Min: 0, Avg:  0.0, Max: 0, Diff: 0, Sum: 0, Workers: 4
[1068.048s][debug][gc,phases      ] GC(42)   StringDedup Requests1 Weak     Min:  0.0, Avg:  0.0, Max:  0.0, Diff:  0.0, Sum:  0.0, Workers: 4
[1068.048s][debug][gc,phases      ] GC(42)     Dead                           Min: 0, Avg:  0.0, Max: 0, Diff: 0, Sum: 0, Workers: 4
[1068.048s][debug][gc,phases      ] GC(42)     Total                          Min: 0, Avg:  0.0, Max: 0, Diff: 0, Sum: 0, Workers: 4
[1068.048s][debug][gc,phases      ] GC(42)   Weak JFR Old Object Samples    Min:  0.0, Avg:  0.0, Max:  0.0, Diff:  0.0, Sum:  0.0, Workers: 4
[1068.048s][debug][gc,phases      ] GC(42)     Dead                           Min: 0, Avg:  0.0, Max: 0, Diff: 0, Sum: 0, Workers: 4
[1068.048s][debug][gc,phases      ] GC(42)     Total                          Min: 0, Avg:  0.0, Max: 0, Diff: 0, Sum: 0, Workers: 4
[1068.048s][debug][gc,phases      ] GC(42) Weak Processing 0.448ms
[1068.048s][debug][gc,age         ] GC(42) Desired survivor size 65011712 bytes, new threshold 1 (max threshold 15)
[1068.048s][info ][gc,heap        ] GC(42) PSYoungGen: 1946224K(2017792K)->3424K(2033664K) Eden: 1944064K(1944064K)->0K(1965056K) From: 2160K(73728K)->3424K(68608K)
[1068.048s][info ][gc,heap        ] GC(42) ParOldGen: 286301K(286720K)->286973K(287232K)
[1068.048s][info ][gc,metaspace   ] GC(42) Metaspace: 95047K(96320K)->95047K(96320K) NonClass: 81066K(81792K)->81066K(81792K) Class: 13981K(14528K)->13981K(14528K)
[1068.048s][info ][gc             ] GC(42) Pause Young (Allocation Failure) 2180M->283M(2266M) 5.300ms
[1068.048s][info ][gc,cpu         ] GC(42) User=0.02s Sys=0.01s Real=0.01s
[1068.048s][info ][safepoint      ] Safepoint "ParallelGCFailedAllocation", Time since last: 646319400 ns, Reaching safepoint: 14400 ns, Cleanup: 4100 ns, At safepoint: 5377739 ns, Total: 5396239 ns
[1071.048s][info ][safepoint      ] Safepoint "Cleanup", Time since last: 3000227302 ns, Reaching safepoint: 8900 ns, Cleanup: 24201 ns, At safepoint: 2800 ns, Total: 35901 ns
[1072.048s][info ][safepoint      ] Safepoint "Cleanup", Time since last: 1000073866 ns, Reaching safepoint: 6201 ns, Cleanup: 13300 ns, At safepoint: 2300 ns, Total: 21801 ns
[1073.048s][info ][safepoint      ] Safepoint "Cleanup", Time since last: 1000114067 ns, Reaching safepoint: 6600 ns, Cleanup: 11501 ns, At safepoint: 2300 ns, Total: 20401 ns
[1075.049s][info ][safepoint      ] Safepoint "Cleanup", Time since last: 2000177133 ns, Reaching safepoint: 7401 ns, Cleanup: 11000 ns, At safepoint: 2200 ns, Total: 20601 ns
[1085.431s][info ][safepoint      ] Safepoint "Cleanup", Time since last: 10381860336 ns, Reaching safepoint: 9500 ns, Cleanup: 13301 ns, At safepoint: 2400 ns, Total: 25201 ns
[1086.431s][info ][safepoint      ] Safepoint "Cleanup", Time since last: 1000136626 ns, Reaching safepoint: 8100 ns, Cleanup: 12900 ns, At safepoint: 2300 ns, Total: 23300 ns
[1087.431s][info ][safepoint      ] Safepoint "Cleanup", Time since last: 1000106425 ns, Reaching safepoint: 7501 ns, Cleanup: 13400 ns, At safepoint: 2500 ns, Total: 23401 ns
[1094.431s][info ][safepoint      ] Safepoint "Cleanup", Time since last: 7000507823 ns, Reaching safepoint: 7600 ns, Cleanup: 12600 ns, At safepoint: 3000 ns, Total: 23200 ns
[1095.432s][info ][safepoint      ] Safepoint "Cleanup", Time since last: 1000122867 ns, Reaching safepoint: 8700 ns, Cleanup: 17400 ns, At safepoint: 2500 ns, Total: 28600 ns
[1104.432s][info ][safepoint      ] Safepoint "Cleanup", Time since last: 9000713525 ns, Reaching safepoint: 8500 ns, Cleanup: 12601 ns, At safepoint: 3000 ns, Total: 24101 ns
[1105.432s][info ][safepoint      ] Safepoint "Cleanup", Time since last: 1000116904 ns, Reaching safepoint: 8900 ns, Cleanup: 13100 ns, At safepoint: 2900 ns, Total: 24900 ns
[1107.636s][info ][gc,start       ] GC(43) Pause Young (Allocation Failure)
[1107.639s][debug][gc,phases      ] GC(43) Scavenge 3.625ms
[1107.639s][debug][gc,ref         ] GC(43) ReferenceProcessor::execute queues: 1, RefProcThreadModel::Single, marks_oops_alive: false
[1107.639s][debug][gc,ref         ] GC(43) Skipped KeepAliveFinalRefsPhase of Reference Processing: no references
[1107.639s][debug][gc,ref         ] GC(43) Skipped PhantomRefsPhase of Reference Processing: no references
[1107.639s][debug][gc,phases      ] GC(43) Reference Processing 0.116ms
[1107.640s][debug][gc,phases      ] GC(43)   VM Weak                        Min:  0.0, Avg:  0.0, Max:  0.0, Diff:  0.0, Sum:  0.0, Workers: 4
[1107.640s][debug][gc,phases      ] GC(43)     Dead                           Min: 0, Avg:  0.0, Max: 0, Diff: 0, Sum: 0, Workers: 4
[1107.640s][debug][gc,phases      ] GC(43)     Total                          Min: 0, Avg: 241.5, Max: 832, Diff: 832, Sum: 966, Workers: 4
[1107.640s][debug][gc,phases      ] GC(43)   ObjectSynchronizer Weak        Min:  0.0, Avg:  0.0, Max:  0.0, Diff:  0.0, Sum:  0.0, Workers: 4
[1107.640s][debug][gc,phases      ] GC(43)     Dead                           Min: 0, Avg:  0.0, Max: 0, Diff: 0, Sum: 0, Workers: 4
[1107.640s][debug][gc,phases      ] GC(43)     Total                          Min: 0, Avg:  1.0, Max: 4, Diff: 4, Sum: 4, Workers: 4
[1107.640s][debug][gc,phases      ] GC(43)   JVMTI Tag Weak OopStorage      Min:  0.0, Avg:  0.0, Max:  0.0, Diff:  0.0, Sum:  0.0, Workers: 4
[1107.640s][debug][gc,phases      ] GC(43)     Dead                           Min: 0, Avg:  0.0, Max: 0, Diff: 0, Sum: 0, Workers: 4
[1107.640s][debug][gc,phases      ] GC(43)     Total                          Min: 0, Avg:  0.0, Max: 0, Diff: 0, Sum: 0, Workers: 4
[1107.640s][debug][gc,phases      ] GC(43)   StringTable Weak               Min:  0.0, Avg:  0.1, Max:  0.1, Diff:  0.1, Sum:  0.4, Workers: 4
[1107.640s][debug][gc,phases      ] GC(43)     Dead                           Min: 0, Avg:  0.0, Max: 0, Diff: 0, Sum: 0, Workers: 4
[1107.640s][debug][gc,phases      ] GC(43)     Total                          Min: 0, Avg: 12047.2, Max: 18366, Diff: 18366, Sum: 48189, Workers: 4
[1107.640s][debug][gc,phases      ] GC(43)   ResolvedMethodTable Weak       Min:  0.0, Avg:  0.0, Max:  0.0, Diff:  0.0, Sum:  0.1, Workers: 4
[1107.640s][debug][gc,phases      ] GC(43)     Dead                           Min: 0, Avg:  0.0, Max: 0, Diff: 0, Sum: 0, Workers: 4
[1107.640s][debug][gc,phases      ] GC(43)     Total                          Min: 0, Avg: 3305.0, Max: 4896, Diff: 4896, Sum: 13220, Workers: 4
[1107.640s][debug][gc,phases      ] GC(43)   JNI Weak                       Min:  0.0, Avg:  0.0, Max:  0.0, Diff:  0.0, Sum:  0.0, Workers: 4
[1107.640s][debug][gc,phases      ] GC(43)     Dead                           Min: 0, Avg:  0.0, Max: 0, Diff: 0, Sum: 0, Workers: 4
[1107.640s][debug][gc,phases      ] GC(43)     Total                          Min: 0, Avg: 12.0, Max: 48, Diff: 48, Sum: 48, Workers: 4
[1107.640s][debug][gc,phases      ] GC(43)   StringDedup Table Weak         Min:  0.0, Avg:  0.0, Max:  0.0, Diff:  0.0, Sum:  0.0, Workers: 4
[1107.640s][debug][gc,phases      ] GC(43)     Dead                           Min: 0, Avg:  0.0, Max: 0, Diff: 0, Sum: 0, Workers: 4
[1107.640s][debug][gc,phases      ] GC(43)     Total                          Min: 0, Avg:  0.0, Max: 0, Diff: 0, Sum: 0, Workers: 4
[1107.640s][debug][gc,phases      ] GC(43)   StringDedup Requests0 Weak     Min:  0.0, Avg:  0.0, Max:  0.0, Diff:  0.0, Sum:  0.0, Workers: 4
[1107.640s][debug][gc,phases      ] GC(43)     Dead                           Min: 0, Avg:  0.0, Max: 0, Diff: 0, Sum: 0, Workers: 4
[1107.640s][debug][gc,phases      ] GC(43)     Total                          Min: 0, Avg:  0.0, Max: 0, Diff: 0, Sum: 0, Workers: 4
[1107.640s][debug][gc,phases      ] GC(43)   StringDedup Requests1 Weak     Min:  0.0, Avg:  0.0, Max:  0.0, Diff:  0.0, Sum:  0.0, Workers: 4
[1107.640s][debug][gc,phases      ] GC(43)     Dead                           Min: 0, Avg:  0.0, Max: 0, Diff: 0, Sum: 0, Workers: 4
[1107.640s][debug][gc,phases      ] GC(43)     Total                          Min: 0, Avg:  0.0, Max: 0, Diff: 0, Sum: 0, Workers: 4
[1107.640s][debug][gc,phases      ] GC(43)   Weak JFR Old Object Samples    Min:  0.0, Avg:  0.0, Max:  0.0, Diff:  0.0, Sum:  0.0, Workers: 4
[1107.640s][debug][gc,phases      ] GC(43)     Dead                           Min: 0, Avg:  0.0, Max: 0, Diff: 0, Sum: 0, Workers: 4
[1107.640s][debug][gc,phases      ] GC(43)     Total                          Min: 0, Avg:  0.0, Max: 0, Diff: 0, Sum: 0, Workers: 4
[1107.640s][debug][gc,phases      ] GC(43) Weak Processing 0.447ms
[1107.640s][debug][gc,age         ] GC(43) Desired survivor size 60293120 bytes, new threshold 1 (max threshold 15)
[1107.640s][info ][gc,heap        ] GC(43) PSYoungGen: 1968480K(2033664K)->2000K(2028544K) Eden: 1965056K(1965056K)->0K(1965056K) From: 3424K(68608K)->2000K(63488K)
[1107.640s][info ][gc,heap        ] GC(43) ParOldGen: 286973K(287232K)->288501K(288768K)
[1107.640s][info ][gc,metaspace   ] GC(43) Metaspace: 95071K(96320K)->95071K(96320K) NonClass: 81089K(81792K)->81089K(81792K) Class: 13981K(14528K)->13981K(14528K)
[1107.640s][info ][gc             ] GC(43) Pause Young (Allocation Failure) 2202M->283M(2263M) 4.338ms
[1107.640s][info ][gc,cpu         ] GC(43) User=0.01s Sys=0.00s Real=0.01s
[1107.640s][info ][safepoint      ] Safepoint "ParallelGCFailedAllocation", Time since last: 2202991834 ns, Reaching safepoint: 86402 ns, Cleanup: 4700 ns, At safepoint: 4418205 ns, Total: 4509307 ns
[1110.640s][info ][safepoint      ] Safepoint "Cleanup", Time since last: 3000275666 ns, Reaching safepoint: 100802 ns, Cleanup: 10000 ns, At safepoint: 14901 ns, Total: 125703 ns
[1112.641s][info ][safepoint      ] Safepoint "Cleanup", Time since last: 2000207300 ns, Reaching safepoint: 80901 ns, Cleanup: 10001 ns, At safepoint: 6700 ns, Total: 97602 ns
[1134.642s][info ][safepoint      ] Safepoint "Cleanup", Time since last: 22001717201 ns, Reaching safepoint: 80002 ns, Cleanup: 10600 ns, At safepoint: 6400 ns, Total: 97002 ns
[1138.643s][info ][safepoint      ] Safepoint "Cleanup", Time since last: 4000362278 ns, Reaching safepoint: 83001 ns, Cleanup: 19701 ns, At safepoint: 7000 ns, Total: 109702 ns
[1139.643s][info ][safepoint      ] Safepoint "Cleanup", Time since last: 1000130020 ns, Reaching safepoint: 159804 ns, Cleanup: 18000 ns, At safepoint: 13800 ns, Total: 191604 ns
[1144.454s][info ][safepoint      ] Safepoint "Cleanup", Time since last: 4810922396 ns, Reaching safepoint: 6900 ns, Cleanup: 13700 ns, At safepoint: 2800 ns, Total: 23400 ns
[1145.454s][info ][safepoint      ] Safepoint "Cleanup", Time since last: 1000115269 ns, Reaching safepoint: 6900 ns, Cleanup: 9600 ns, At safepoint: 3200 ns, Total: 19700 ns
[1146.454s][info ][safepoint      ] Safepoint "Cleanup", Time since last: 1000116569 ns, Reaching safepoint: 7400 ns, Cleanup: 10901 ns, At safepoint: 3100 ns, Total: 21401 ns
[1148.455s][info ][safepoint      ] Safepoint "Cleanup", Time since last: 2000204536 ns, Reaching safepoint: 7200 ns, Cleanup: 14001 ns, At safepoint: 3900 ns, Total: 25101 ns
[1149.455s][info ][safepoint      ] Safepoint "Cleanup", Time since last: 1000130289 ns, Reaching safepoint: 7400 ns, Cleanup: 11100 ns, At safepoint: 3400 ns, Total: 21900 ns
[1150.889s][info ][gc,start       ] GC(44) Pause Young (Allocation Failure)
[1150.895s][debug][gc,phases      ] GC(44) Scavenge 6.568ms
[1150.895s][debug][gc,ref         ] GC(44) ReferenceProcessor::execute queues: 1, RefProcThreadModel::Single, marks_oops_alive: false
[1150.895s][debug][gc,ref         ] GC(44) Skipped KeepAliveFinalRefsPhase of Reference Processing: no references
[1150.895s][debug][gc,ref         ] GC(44) ReferenceProcessor::execute queues: 1, RefProcThreadModel::Single, marks_oops_alive: false
[1150.895s][debug][gc,phases      ] GC(44) Reference Processing 0.117ms
[1150.896s][debug][gc,phases      ] GC(44)   VM Weak                        Min:  0.0, Avg:  0.0, Max:  0.0, Diff:  0.0, Sum:  0.0, Workers: 4
[1150.896s][debug][gc,phases      ] GC(44)     Dead                           Min: 0, Avg:  0.0, Max: 0, Diff: 0, Sum: 0, Workers: 4
[1150.896s][debug][gc,phases      ] GC(44)     Total                          Min: 0, Avg: 241.5, Max: 838, Diff: 838, Sum: 966, Workers: 4
[1150.896s][debug][gc,phases      ] GC(44)   ObjectSynchronizer Weak        Min:  0.0, Avg:  0.0, Max:  0.0, Diff:  0.0, Sum:  0.0, Workers: 4
[1150.896s][debug][gc,phases      ] GC(44)     Dead                           Min: 0, Avg:  0.0, Max: 0, Diff: 0, Sum: 0, Workers: 4
[1150.896s][debug][gc,phases      ] GC(44)     Total                          Min: 0, Avg:  1.0, Max: 4, Diff: 4, Sum: 4, Workers: 4
[1150.896s][debug][gc,phases      ] GC(44)   JVMTI Tag Weak OopStorage      Min:  0.0, Avg:  0.0, Max:  0.0, Diff:  0.0, Sum:  0.0, Workers: 4
[1150.896s][debug][gc,phases      ] GC(44)     Dead                           Min: 0, Avg:  0.0, Max: 0, Diff: 0, Sum: 0, Workers: 4
[1150.896s][debug][gc,phases      ] GC(44)     Total                          Min: 0, Avg:  0.0, Max: 0, Diff: 0, Sum: 0, Workers: 4
[1150.896s][debug][gc,phases      ] GC(44)   StringTable Weak               Min:  0.1, Avg:  0.1, Max:  0.1, Diff:  0.0, Sum:  0.5, Workers: 4
[1150.896s][debug][gc,phases      ] GC(44)     Dead                           Min: 0, Avg:  0.0, Max: 0, Diff: 0, Sum: 0, Workers: 4
[1150.896s][debug][gc,phases      ] GC(44)     Total                          Min: 11200, Avg: 12048.2, Max: 13761, Diff: 2561, Sum: 48193, Workers: 4
[1150.896s][debug][gc,phases      ] GC(44)   ResolvedMethodTable Weak       Min:  0.0, Avg:  0.0, Max:  0.0, Diff:  0.0, Sum:  0.1, Workers: 4
[1150.896s][debug][gc,phases      ] GC(44)     Dead                           Min: 0, Avg:  0.0, Max: 0, Diff: 0, Sum: 0, Workers: 4
[1150.896s][debug][gc,phases      ] GC(44)     Total                          Min: 3137, Avg: 3305.0, Max: 3490, Diff: 353, Sum: 13220, Workers: 4
[1150.896s][debug][gc,phases      ] GC(44)   JNI Weak                       Min:  0.0, Avg:  0.0, Max:  0.0, Diff:  0.0, Sum:  0.0, Workers: 4
[1150.896s][debug][gc,phases      ] GC(44)     Dead                           Min: 0, Avg:  0.0, Max: 0, Diff: 0, Sum: 0, Workers: 4
[1150.896s][debug][gc,phases      ] GC(44)     Total                          Min: 0, Avg: 12.0, Max: 48, Diff: 48, Sum: 48, Workers: 4
[1150.896s][debug][gc,phases      ] GC(44)   StringDedup Table Weak         Min:  0.0, Avg:  0.0, Max:  0.0, Diff:  0.0, Sum:  0.0, Workers: 4
[1150.896s][debug][gc,phases      ] GC(44)     Dead                           Min: 0, Avg:  0.0, Max: 0, Diff: 0, Sum: 0, Workers: 4
[1150.896s][debug][gc,phases      ] GC(44)     Total                          Min: 0, Avg:  0.0, Max: 0, Diff: 0, Sum: 0, Workers: 4
[1150.896s][debug][gc,phases      ] GC(44)   StringDedup Requests0 Weak     Min:  0.0, Avg:  0.0, Max:  0.0, Diff:  0.0, Sum:  0.0, Workers: 4
[1150.896s][debug][gc,phases      ] GC(44)     Dead                           Min: 0, Avg:  0.0, Max: 0, Diff: 0, Sum: 0, Workers: 4
[1150.896s][debug][gc,phases      ] GC(44)     Total                          Min: 0, Avg:  0.0, Max: 0, Diff: 0, Sum: 0, Workers: 4
[1150.896s][debug][gc,phases      ] GC(44)   StringDedup Requests1 Weak     Min:  0.0, Avg:  0.0, Max:  0.0, Diff:  0.0, Sum:  0.0, Workers: 4
[1150.896s][debug][gc,phases      ] GC(44)     Dead                           Min: 0, Avg:  0.0, Max: 0, Diff: 0, Sum: 0, Workers: 4
[1150.896s][debug][gc,phases      ] GC(44)     Total                          Min: 0, Avg:  0.0, Max: 0, Diff: 0, Sum: 0, Workers: 4
[1150.896s][debug][gc,phases      ] GC(44)   Weak JFR Old Object Samples    Min:  0.0, Avg:  0.0, Max:  0.0, Diff:  0.0, Sum:  0.0, Workers: 4
[1150.896s][debug][gc,phases      ] GC(44)     Dead                           Min: 0, Avg:  0.0, Max: 0, Diff: 0, Sum: 0, Workers: 4
[1150.896s][debug][gc,phases      ] GC(44)     Total                          Min: 0, Avg:  0.0, Max: 0, Diff: 0, Sum: 0, Workers: 4
[1150.896s][debug][gc,phases      ] GC(44) Weak Processing 0.390ms
[1150.896s][debug][gc,age         ] GC(44) Desired survivor size 55574528 bytes, new threshold 1 (max threshold 15)
[1150.896s][info ][gc,heap        ] GC(44) PSYoungGen: 1967056K(2028544K)->5840K(2042880K) Eden: 1965056K(1965056K)->0K(1984000K) From: 2000K(63488K)->5840K(58880K)
[1150.896s][info ][gc,heap        ] GC(44) ParOldGen: 288501K(288768K)->288862K(289280K)
[1150.896s][info ][gc,metaspace   ] GC(44) Metaspace: 95119K(96384K)->95119K(96384K) NonClass: 81136K(81856K)->81136K(81856K) Class: 13983K(14528K)->13983K(14528K)
[1150.896s][info ][gc             ] GC(44) Pause Young (Allocation Failure) 2202M->287M(2277M) 7.220ms
[1150.896s][info ][gc,cpu         ] GC(44) User=0.02s Sys=0.01s Real=0.00s
[1150.896s][info ][safepoint      ] Safepoint "ParallelGCFailedAllocation", Time since last: 1433824953 ns, Reaching safepoint: 8100 ns, Cleanup: 4100 ns, At safepoint: 7300963 ns, Total: 7313163 ns
[1152.896s][info ][safepoint      ] Safepoint "Cleanup", Time since last: 2000163173 ns, Reaching safepoint: 6900 ns, Cleanup: 10100 ns, At safepoint: 2500 ns, Total: 19500 ns
[1153.896s][info ][safepoint      ] Safepoint "Cleanup", Time since last: 1000114488 ns, Reaching safepoint: 6500 ns, Cleanup: 9600 ns, At safepoint: 2400 ns, Total: 18500 ns
[1156.897s][info ][safepoint      ] Safepoint "Cleanup", Time since last: 3000220659 ns, Reaching safepoint: 7501 ns, Cleanup: 9600 ns, At safepoint: 2200 ns, Total: 19301 ns
[1159.897s][info ][safepoint      ] Safepoint "Cleanup", Time since last: 3000184187 ns, Reaching safepoint: 170404 ns, Cleanup: 16201 ns, At safepoint: 43301 ns, Total: 229906 ns
[1161.899s][info ][safepoint      ] Safepoint "Cleanup", Time since last: 2001593705 ns, Reaching safepoint: 83502 ns, Cleanup: 11501 ns, At safepoint: 9300 ns, Total: 104303 ns
[1162.899s][info ][safepoint      ] Safepoint "Cleanup", Time since last: 1000124786 ns, Reaching safepoint: 6401 ns, Cleanup: 14800 ns, At safepoint: 5800 ns, Total: 27001 ns
[1163.899s][info ][safepoint      ] Safepoint "Cleanup", Time since last: 1000113686 ns, Reaching safepoint: 7001 ns, Cleanup: 13000 ns, At safepoint: 2300 ns, Total: 22301 ns
[1165.899s][info ][safepoint      ] Safepoint "Cleanup", Time since last: 2000174215 ns, Reaching safepoint: 5800 ns, Cleanup: 20500 ns, At safepoint: 2300 ns, Total: 28600 ns
[1166.899s][info ][safepoint      ] Safepoint "Cleanup", Time since last: 1000094485 ns, Reaching safepoint: 5600 ns, Cleanup: 10800 ns, At safepoint: 2100 ns, Total: 18500 ns
[1174.902s][info ][safepoint      ] Safepoint "Cleanup", Time since last: 8002793558 ns, Reaching safepoint: 6700 ns, Cleanup: 7901 ns, At safepoint: 2500 ns, Total: 17101 ns
[1175.902s][info ][safepoint      ] Safepoint "Cleanup", Time since last: 1000122081 ns, Reaching safepoint: 6700 ns, Cleanup: 9800 ns, At safepoint: 3000 ns, Total: 19500 ns
[1177.902s][info ][safepoint      ] Safepoint "Cleanup", Time since last: 2000178061 ns, Reaching safepoint: 6900 ns, Cleanup: 11200 ns, At safepoint: 2300 ns, Total: 20400 ns
[1186.903s][info ][safepoint      ] Safepoint "Cleanup", Time since last: 9000711827 ns, Reaching safepoint: 6700 ns, Cleanup: 14000 ns, At safepoint: 2600 ns, Total: 23300 ns
[1187.903s][info ][safepoint      ] Safepoint "Cleanup", Time since last: 1000119340 ns, Reaching safepoint: 6101 ns, Cleanup: 9400 ns, At safepoint: 2400 ns, Total: 17901 ns
[1188.903s][info ][safepoint      ] Safepoint "Cleanup", Time since last: 1000123340 ns, Reaching safepoint: 7000 ns, Cleanup: 10200 ns, At safepoint: 2600 ns, Total: 19800 ns
[1193.904s][info ][safepoint      ] Safepoint "Cleanup", Time since last: 5000395261 ns, Reaching safepoint: 7500 ns, Cleanup: 12900 ns, At safepoint: 2800 ns, Total: 23200 ns
[1196.904s][info ][safepoint      ] Safepoint "Cleanup", Time since last: 3000269502 ns, Reaching safepoint: 8300 ns, Cleanup: 13800 ns, At safepoint: 2800 ns, Total: 24900 ns
[1197.904s][info ][safepoint      ] Safepoint "Cleanup", Time since last: 1000122328 ns, Reaching safepoint: 6601 ns, Cleanup: 9000 ns, At safepoint: 2700 ns, Total: 18301 ns
[1198.642s][info ][gc,start       ] GC(45) Pause Young (Allocation Failure)
[1198.652s][debug][gc,phases      ] GC(45) Scavenge 10.328ms
[1198.652s][debug][gc,ref         ] GC(45) ReferenceProcessor::execute queues: 1, RefProcThreadModel::Single, marks_oops_alive: false
[1198.652s][debug][gc,ref         ] GC(45) Skipped KeepAliveFinalRefsPhase of Reference Processing: no references
[1198.652s][debug][gc,ref         ] GC(45) ReferenceProcessor::execute queues: 1, RefProcThreadModel::Single, marks_oops_alive: false
[1198.652s][debug][gc,phases      ] GC(45) Reference Processing 0.144ms
[1198.652s][debug][gc,phases      ] GC(45)   VM Weak                        Min:  0.0, Avg:  0.0, Max:  0.0, Diff:  0.0, Sum:  0.0, Workers: 4
[1198.652s][debug][gc,phases      ] GC(45)     Dead                           Min: 0, Avg:  0.0, Max: 0, Diff: 0, Sum: 0, Workers: 4
[1198.652s][debug][gc,phases      ] GC(45)     Total                          Min: 0, Avg: 241.5, Max: 518, Diff: 518, Sum: 966, Workers: 4
[1198.652s][debug][gc,phases      ] GC(45)   ObjectSynchronizer Weak        Min:  0.0, Avg:  0.0, Max:  0.0, Diff:  0.0, Sum:  0.0, Workers: 4
[1198.652s][debug][gc,phases      ] GC(45)     Dead                           Min: 0, Avg:  0.0, Max: 0, Diff: 0, Sum: 0, Workers: 4
[1198.652s][debug][gc,phases      ] GC(45)     Total                          Min: 0, Avg:  1.0, Max: 4, Diff: 4, Sum: 4, Workers: 4
[1198.652s][debug][gc,phases      ] GC(45)   JVMTI Tag Weak OopStorage      Min:  0.0, Avg:  0.0, Max:  0.0, Diff:  0.0, Sum:  0.0, Workers: 4
[1198.652s][debug][gc,phases      ] GC(45)     Dead                           Min: 0, Avg:  0.0, Max: 0, Diff: 0, Sum: 0, Workers: 4
[1198.652s][debug][gc,phases      ] GC(45)     Total                          Min: 0, Avg:  0.0, Max: 0, Diff: 0, Sum: 0, Workers: 4
[1198.652s][debug][gc,phases      ] GC(45)   StringTable Weak               Min:  0.0, Avg:  0.1, Max:  0.1, Diff:  0.1, Sum:  0.4, Workers: 4
[1198.652s][debug][gc,phases      ] GC(45)     Dead                           Min: 0, Avg:  0.0, Max: 0, Diff: 0, Sum: 0, Workers: 4
[1198.652s][debug][gc,phases      ] GC(45)     Total                          Min: 0, Avg: 12048.5, Max: 17090, Diff: 17090, Sum: 48194, Workers: 4
[1198.652s][debug][gc,phases      ] GC(45)   ResolvedMethodTable Weak       Min:  0.0, Avg:  0.0, Max:  0.0, Diff:  0.0, Sum:  0.1, Workers: 4
[1198.652s][debug][gc,phases      ] GC(45)     Dead                           Min: 0, Avg:  0.0, Max: 0, Diff: 0, Sum: 0, Workers: 4
[1198.652s][debug][gc,phases      ] GC(45)     Total                          Min: 0, Avg: 3305.0, Max: 4954, Diff: 4954, Sum: 13220, Workers: 4
[1198.652s][debug][gc,phases      ] GC(45)   JNI Weak                       Min:  0.0, Avg:  0.0, Max:  0.0, Diff:  0.0, Sum:  0.0, Workers: 4
[1198.652s][debug][gc,phases      ] GC(45)     Dead                           Min: 0, Avg:  0.0, Max: 0, Diff: 0, Sum: 0, Workers: 4
[1198.652s][debug][gc,phases      ] GC(45)     Total                          Min: 0, Avg: 12.0, Max: 48, Diff: 48, Sum: 48, Workers: 4
[1198.652s][debug][gc,phases      ] GC(45)   StringDedup Table Weak         Min:  0.0, Avg:  0.0, Max:  0.0, Diff:  0.0, Sum:  0.0, Workers: 4
[1198.652s][debug][gc,phases      ] GC(45)     Dead                           Min: 0, Avg:  0.0, Max: 0, Diff: 0, Sum: 0, Workers: 4
[1198.653s][debug][gc,phases      ] GC(45)     Total                          Min: 0, Avg:  0.0, Max: 0, Diff: 0, Sum: 0, Workers: 4
[1198.653s][debug][gc,phases      ] GC(45)   StringDedup Requests0 Weak     Min:  0.0, Avg:  0.0, Max:  0.0, Diff:  0.0, Sum:  0.0, Workers: 4
[1198.653s][debug][gc,phases      ] GC(45)     Dead                           Min: 0, Avg:  0.0, Max: 0, Diff: 0, Sum: 0, Workers: 4
[1198.653s][debug][gc,phases      ] GC(45)     Total                          Min: 0, Avg:  0.0, Max: 0, Diff: 0, Sum: 0, Workers: 4
[1198.653s][debug][gc,phases      ] GC(45)   StringDedup Requests1 Weak     Min:  0.0, Avg:  0.0, Max:  0.0, Diff:  0.0, Sum:  0.0, Workers: 4
[1198.653s][debug][gc,phases      ] GC(45)     Dead                           Min: 0, Avg:  0.0, Max: 0, Diff: 0, Sum: 0, Workers: 4
[1198.653s][debug][gc,phases      ] GC(45)     Total                          Min: 0, Avg:  0.0, Max: 0, Diff: 0, Sum: 0, Workers: 4
[1198.653s][debug][gc,phases      ] GC(45)   Weak JFR Old Object Samples    Min:  0.0, Avg:  0.0, Max:  0.0, Diff:  0.0, Sum:  0.0, Workers: 4
[1198.653s][debug][gc,phases      ] GC(45)     Dead                           Min: 0, Avg:  0.0, Max: 0, Diff: 0, Sum: 0, Workers: 4
[1198.653s][debug][gc,phases      ] GC(45)     Total                          Min: 0, Avg:  0.0, Max: 0, Diff: 0, Sum: 0, Workers: 4
[1198.653s][debug][gc,phases      ] GC(45) Weak Processing 0.430ms
[1198.653s][debug][gc,age         ] GC(45) Desired survivor size 51380224 bytes, new threshold 1 (max threshold 15)
[1198.653s][info ][gc,heap        ] GC(45) PSYoungGen: 1989840K(2042880K)->5712K(2038272K) Eden: 1984000K(1984000K)->0K(1984000K) From: 5840K(58880K)->5712K(54272K)
[1198.653s][info ][gc,heap        ] GC(45) ParOldGen: 288862K(289280K)->292046K(292352K)
[1198.653s][info ][gc,metaspace   ] GC(45) Metaspace: 95151K(96384K)->95151K(96384K) NonClass: 81168K(81856K)->81168K(81856K) Class: 13983K(14528K)->13983K(14528K)
[1198.653s][info ][gc             ] GC(45) Pause Young (Allocation Failure) 2225M->290M(2276M) 11.063ms
[1198.653s][info ][gc,cpu         ] GC(45) User=0.02s Sys=0.00s Real=0.01s
[1198.653s][info ][safepoint      ] Safepoint "ParallelGCFailedAllocation", Time since last: 737220440 ns, Reaching safepoint: 5800 ns, Cleanup: 3900 ns, At safepoint: 11147865 ns, Total: 11157565 ns
[1202.472s][info ][safepoint      ] Safepoint "Cleanup", Time since last: 3818998561 ns, Reaching safepoint: 11701 ns, Cleanup: 26100 ns, At safepoint: 4000 ns, Total: 41801 ns
[1205.472s][info ][safepoint      ] Safepoint "Cleanup", Time since last: 3000285316 ns, Reaching safepoint: 10700 ns, Cleanup: 15901 ns, At safepoint: 2900 ns, Total: 29501 ns
[1209.472s][info ][safepoint      ] Safepoint "Cleanup", Time since last: 4000367050 ns, Reaching safepoint: 8300 ns, Cleanup: 13100 ns, At safepoint: 3100 ns, Total: 24500 ns
[1213.473s][info ][safepoint      ] Safepoint "Cleanup", Time since last: 4000345247 ns, Reaching safepoint: 9001 ns, Cleanup: 12800 ns, At safepoint: 3100 ns, Total: 24901 ns
[1215.473s][info ][safepoint      ] Safepoint "Cleanup", Time since last: 2000215806 ns, Reaching safepoint: 8700 ns, Cleanup: 20200 ns, At safepoint: 2700 ns, Total: 31600 ns
[1216.473s][info ][safepoint      ] Safepoint "Cleanup", Time since last: 1000139954 ns, Reaching safepoint: 15800 ns, Cleanup: 26501 ns, At safepoint: 3000 ns, Total: 45301 ns
[1217.474s][info ][safepoint      ] Safepoint "Cleanup", Time since last: 1000278657 ns, Reaching safepoint: 8600 ns, Cleanup: 12800 ns, At safepoint: 2700 ns, Total: 24100 ns
[1220.474s][info ][safepoint      ] Safepoint "Cleanup", Time since last: 3000280557 ns, Reaching safepoint: 10901 ns, Cleanup: 23400 ns, At safepoint: 8500 ns, Total: 42801 ns
[1225.475s][info ][safepoint      ] Safepoint "Cleanup", Time since last: 5000914909 ns, Reaching safepoint: 11500 ns, Cleanup: 20100 ns, At safepoint: 3300 ns, Total: 34900 ns
[1227.475s][info ][safepoint      ] Safepoint "Cleanup", Time since last: 2000245485 ns, Reaching safepoint: 9001 ns, Cleanup: 16800 ns, At safepoint: 2400 ns, Total: 28201 ns
[1228.475s][info ][safepoint      ] Safepoint "Cleanup", Time since last: 1000128043 ns, Reaching safepoint: 8100 ns, Cleanup: 22800 ns, At safepoint: 2400 ns, Total: 33300 ns
[1229.475s][info ][safepoint      ] Safepoint "Cleanup", Time since last: 1000124922 ns, Reaching safepoint: 9500 ns, Cleanup: 24401 ns, At safepoint: 2400 ns, Total: 36301 ns
[1230.476s][info ][safepoint      ] Safepoint "Cleanup", Time since last: 1000124714 ns, Reaching safepoint: 9900 ns, Cleanup: 14700 ns, At safepoint: 2801 ns, Total: 27401 ns
[1235.476s][info ][safepoint      ] Safepoint "Cleanup", Time since last: 5000485668 ns, Reaching safepoint: 8700 ns, Cleanup: 14201 ns, At safepoint: 47801 ns, Total: 70702 ns
[1239.476s][info ][safepoint      ] Safepoint "Cleanup", Time since last: 4000319035 ns, Reaching safepoint: 8000 ns, Cleanup: 18000 ns, At safepoint: 2600 ns, Total: 28600 ns
[1240.477s][info ][safepoint      ] Safepoint "Cleanup", Time since last: 1000117362 ns, Reaching safepoint: 8000 ns, Cleanup: 13301 ns, At safepoint: 2300 ns, Total: 23601 ns
[1245.477s][info ][safepoint      ] Safepoint "Cleanup", Time since last: 5000444732 ns, Reaching safepoint: 7900 ns, Cleanup: 15500 ns, At safepoint: 2500 ns, Total: 25900 ns
[1245.995s][info ][safepoint      ] Safepoint "ParallelGCFailedAllocation", Time since last: 517735186 ns, Reaching safepoint: 83702 ns, Cleanup: 4000 ns, At safepoint: 10501 ns, Total: 98203 ns
[1245.996s][info ][gc,start       ] GC(46) Pause Young (GCLocker Initiated GC)
[1246.000s][debug][gc,phases      ] GC(46) Scavenge 4.772ms
[1246.001s][debug][gc,ref         ] GC(46) ReferenceProcessor::execute queues: 1, RefProcThreadModel::Single, marks_oops_alive: false
[1246.001s][debug][gc,ref         ] GC(46) Skipped KeepAliveFinalRefsPhase of Reference Processing: no references
[1246.001s][debug][gc,ref         ] GC(46) ReferenceProcessor::execute queues: 1, RefProcThreadModel::Single, marks_oops_alive: false
[1246.001s][debug][gc,phases      ] GC(46) Reference Processing 0.137ms
[1246.001s][debug][gc,phases      ] GC(46)   VM Weak                        Min:  0.0, Avg:  0.0, Max:  0.0, Diff:  0.0, Sum:  0.0, Workers: 4
[1246.001s][debug][gc,phases      ] GC(46)     Dead                           Min: 0, Avg:  0.0, Max: 0, Diff: 0, Sum: 0, Workers: 4
[1246.001s][debug][gc,phases      ] GC(46)     Total                          Min: 0, Avg: 241.5, Max: 966, Diff: 966, Sum: 966, Workers: 4
[1246.001s][debug][gc,phases      ] GC(46)   ObjectSynchronizer Weak        Min:  0.0, Avg:  0.0, Max:  0.0, Diff:  0.0, Sum:  0.0, Workers: 4
[1246.001s][debug][gc,phases      ] GC(46)     Dead                           Min: 0, Avg:  0.0, Max: 0, Diff: 0, Sum: 0, Workers: 4
[1246.001s][debug][gc,phases      ] GC(46)     Total                          Min: 0, Avg:  1.0, Max: 4, Diff: 4, Sum: 4, Workers: 4
[1246.001s][debug][gc,phases      ] GC(46)   JVMTI Tag Weak OopStorage      Min:  0.0, Avg:  0.0, Max:  0.0, Diff:  0.0, Sum:  0.0, Workers: 4
[1246.001s][debug][gc,phases      ] GC(46)     Dead                           Min: 0, Avg:  0.0, Max: 0, Diff: 0, Sum: 0, Workers: 4
[1246.001s][debug][gc,phases      ] GC(46)     Total                          Min: 0, Avg:  0.0, Max: 0, Diff: 0, Sum: 0, Workers: 4
[1246.001s][debug][gc,phases      ] GC(46)   StringTable Weak               Min:  0.0, Avg:  0.1, Max:  0.2, Diff:  0.2, Sum:  0.5, Workers: 4
[1246.001s][debug][gc,phases      ] GC(46)     Dead                           Min: 0, Avg:  0.0, Max: 0, Diff: 0, Sum: 0, Workers: 4
[1246.001s][debug][gc,phases      ] GC(46)     Total                          Min: 0, Avg: 12049.2, Max: 16576, Diff: 16576, Sum: 48197, Workers: 4
[1246.001s][debug][gc,phases      ] GC(46)   ResolvedMethodTable Weak       Min:  0.0, Avg:  0.0, Max:  0.1, Diff:  0.1, Sum:  0.1, Workers: 4
[1246.001s][debug][gc,phases      ] GC(46)     Dead                           Min: 0, Avg:  0.2, Max: 1, Diff: 1, Sum: 1, Workers: 4
[1246.001s][debug][gc,phases      ] GC(46)     Total                          Min: 0, Avg: 3305.2, Max: 4965, Diff: 4965, Sum: 13221, Workers: 4
[1246.001s][debug][gc,phases      ] GC(46)   JNI Weak                       Min:  0.0, Avg:  0.0, Max:  0.0, Diff:  0.0, Sum:  0.0, Workers: 4
[1246.001s][debug][gc,phases      ] GC(46)     Dead                           Min: 0, Avg:  0.0, Max: 0, Diff: 0, Sum: 0, Workers: 4
[1246.001s][debug][gc,phases      ] GC(46)     Total                          Min: 0, Avg: 12.0, Max: 48, Diff: 48, Sum: 48, Workers: 4
[1246.001s][debug][gc,phases      ] GC(46)   StringDedup Table Weak         Min:  0.0, Avg:  0.0, Max:  0.0, Diff:  0.0, Sum:  0.0, Workers: 4
[1246.001s][debug][gc,phases      ] GC(46)     Dead                           Min: 0, Avg:  0.0, Max: 0, Diff: 0, Sum: 0, Workers: 4
[1246.001s][debug][gc,phases      ] GC(46)     Total                          Min: 0, Avg:  0.0, Max: 0, Diff: 0, Sum: 0, Workers: 4
[1246.001s][debug][gc,phases      ] GC(46)   StringDedup Requests0 Weak     Min:  0.0, Avg:  0.0, Max:  0.0, Diff:  0.0, Sum:  0.0, Workers: 4
[1246.001s][debug][gc,phases      ] GC(46)     Dead                           Min: 0, Avg:  0.0, Max: 0, Diff: 0, Sum: 0, Workers: 4
[1246.001s][debug][gc,phases      ] GC(46)     Total                          Min: 0, Avg:  0.0, Max: 0, Diff: 0, Sum: 0, Workers: 4
[1246.001s][debug][gc,phases      ] GC(46)   StringDedup Requests1 Weak     Min:  0.0, Avg:  0.0, Max:  0.0, Diff:  0.0, Sum:  0.0, Workers: 4
[1246.001s][debug][gc,phases      ] GC(46)     Dead                           Min: 0, Avg:  0.0, Max: 0, Diff: 0, Sum: 0, Workers: 4
[1246.001s][debug][gc,phases      ] GC(46)     Total                          Min: 0, Avg:  0.0, Max: 0, Diff: 0, Sum: 0, Workers: 4
[1246.001s][debug][gc,phases      ] GC(46)   Weak JFR Old Object Samples    Min:  0.0, Avg:  0.0, Max:  0.0, Diff:  0.0, Sum:  0.0, Workers: 4
[1246.001s][debug][gc,phases      ] GC(46)     Dead                           Min: 0, Avg:  0.0, Max: 0, Diff: 0, Sum: 0, Workers: 4
[1246.001s][debug][gc,phases      ] GC(46)     Total                          Min: 0, Avg:  0.0, Max: 0, Diff: 0, Sum: 0, Workers: 4
[1246.001s][debug][gc,phases      ] GC(46) Weak Processing 0.472ms
[1246.001s][debug][gc,age         ] GC(46) Desired survivor size 47710208 bytes, new threshold 1 (max threshold 15)
[1246.001s][info ][gc,heap        ] GC(46) PSYoungGen: 1989712K(2038272K)->2738K(2050560K) Eden: 1984000K(1984000K)->0K(2000384K) From: 5712K(54272K)->2738K(50176K)
[1246.001s][info ][gc,heap        ] GC(46) ParOldGen: 292214K(292352K)->296118K(296448K)
[1246.001s][info ][gc,metaspace   ] GC(46) Metaspace: 95185K(96448K)->95185K(96448K) NonClass: 81201K(81920K)->81201K(81920K) Class: 13984K(14528K)->13984K(14528K)
[1246.001s][info ][gc             ] GC(46) Pause Young (GCLocker Initiated GC) 2228M->291M(2292M) 5.500ms
[1246.001s][info ][gc,cpu         ] GC(46) User=0.01s Sys=0.00s Real=0.01s
[1246.001s][info ][safepoint      ] Safepoint "ParallelGCSystemGC", Time since last: 767217 ns, Reaching safepoint: 1900 ns, Cleanup: 1300 ns, At safepoint: 5576927 ns, Total: 5580127 ns
[1247.001s][info ][safepoint      ] Safepoint "Cleanup", Time since last: 1000063466 ns, Reaching safepoint: 6200 ns, Cleanup: 11101 ns, At safepoint: 2500 ns, Total: 19801 ns
[1251.002s][info ][safepoint      ] Safepoint "Cleanup", Time since last: 4000297765 ns, Reaching safepoint: 7900 ns, Cleanup: 11400 ns, At safepoint: 6700 ns, Total: 26000 ns
[1253.002s][info ][safepoint      ] Safepoint "Cleanup", Time since last: 2000098031 ns, Reaching safepoint: 6701 ns, Cleanup: 9900 ns, At safepoint: 2100 ns, Total: 18701 ns
[1256.002s][info ][safepoint      ] Safepoint "Cleanup", Time since last: 3000252274 ns, Reaching safepoint: 6000 ns, Cleanup: 10000 ns, At safepoint: 5600 ns, Total: 21600 ns
[1259.002s][info ][safepoint      ] Safepoint "Cleanup", Time since last: 3000283684 ns, Reaching safepoint: 8001 ns, Cleanup: 11000 ns, At safepoint: 3200 ns, Total: 22201 ns
[1264.489s][info ][safepoint      ] Safepoint "Cleanup", Time since last: 5486724512 ns, Reaching safepoint: 77302 ns, Cleanup: 10800 ns, At safepoint: 6500 ns, Total: 94602 ns
[1265.489s][info ][safepoint      ] Safepoint "Cleanup", Time since last: 1000115637 ns, Reaching safepoint: 69301 ns, Cleanup: 11801 ns, At safepoint: 8900 ns, Total: 90002 ns
[1266.490s][info ][safepoint      ] Safepoint "Cleanup", Time since last: 1000132437 ns, Reaching safepoint: 79502 ns, Cleanup: 12800 ns, At safepoint: 7300 ns, Total: 99602 ns
[1267.490s][info ][safepoint      ] Safepoint "Cleanup", Time since last: 1000124337 ns, Reaching safepoint: 78302 ns, Cleanup: 13600 ns, At safepoint: 6700 ns, Total: 98602 ns
[1273.490s][info ][safepoint      ] Safepoint "Cleanup", Time since last: 6000499477 ns, Reaching safepoint: 80302 ns, Cleanup: 12100 ns, At safepoint: 6200 ns, Total: 98602 ns
[1274.491s][info ][safepoint      ] Safepoint "Cleanup", Time since last: 1000114807 ns, Reaching safepoint: 78702 ns, Cleanup: 11000 ns, At safepoint: 6800 ns, Total: 96502 ns
[1275.491s][info ][safepoint      ] Safepoint "Cleanup", Time since last: 1000130378 ns, Reaching safepoint: 82802 ns, Cleanup: 12200 ns, At safepoint: 6800 ns, Total: 101802 ns
[1276.491s][info ][safepoint      ] Safepoint "Cleanup", Time since last: 1000128077 ns, Reaching safepoint: 80302 ns, Cleanup: 11500 ns, At safepoint: 6200 ns, Total: 98002 ns
[1282.492s][info ][safepoint      ] Safepoint "Cleanup", Time since last: 6000510004 ns, Reaching safepoint: 77902 ns, Cleanup: 9800 ns, At safepoint: 7100 ns, Total: 94802 ns
[1283.492s][info ][safepoint      ] Safepoint "Cleanup", Time since last: 1000128058 ns, Reaching safepoint: 77101 ns, Cleanup: 10701 ns, At safepoint: 6500 ns, Total: 94302 ns
[1284.492s][info ][safepoint      ] Safepoint "Cleanup", Time since last: 1000131357 ns, Reaching safepoint: 101502 ns, Cleanup: 10401 ns, At safepoint: 7400 ns, Total: 119303 ns
[1286.492s][info ][safepoint      ] Safepoint "Cleanup", Time since last: 2000189227 ns, Reaching safepoint: 6800 ns, Cleanup: 45101 ns, At safepoint: 2500 ns, Total: 54401 ns
[1287.493s][info ][safepoint      ] Safepoint "Cleanup", Time since last: 1000076013 ns, Reaching safepoint: 76701 ns, Cleanup: 36501 ns, At safepoint: 7000 ns, Total: 120202 ns
[1287.688s][info ][gc,start       ] GC(47) Pause Young (Allocation Failure)
[1287.691s][debug][gc,phases      ] GC(47) Scavenge 2.858ms
[1287.691s][debug][gc,ref         ] GC(47) ReferenceProcessor::execute queues: 1, RefProcThreadModel::Single, marks_oops_alive: false
[1287.691s][debug][gc,ref         ] GC(47) Skipped KeepAliveFinalRefsPhase of Reference Processing: no references
[1287.691s][debug][gc,ref         ] GC(47) Skipped PhantomRefsPhase of Reference Processing: no references
[1287.691s][debug][gc,phases      ] GC(47) Reference Processing 0.127ms
[1287.691s][debug][gc,phases      ] GC(47)   VM Weak                        Min:  0.0, Avg:  0.0, Max:  0.0, Diff:  0.0, Sum:  0.0, Workers: 4
[1287.691s][debug][gc,phases      ] GC(47)     Dead                           Min: 0, Avg:  0.0, Max: 0, Diff: 0, Sum: 0, Workers: 4
[1287.691s][debug][gc,phases      ] GC(47)     Total                          Min: 0, Avg: 241.5, Max: 896, Diff: 896, Sum: 966, Workers: 4
[1287.691s][debug][gc,phases      ] GC(47)   ObjectSynchronizer Weak        Min:  0.0, Avg:  0.0, Max:  0.0, Diff:  0.0, Sum:  0.0, Workers: 4
[1287.691s][debug][gc,phases      ] GC(47)     Dead                           Min: 0, Avg:  0.0, Max: 0, Diff: 0, Sum: 0, Workers: 4
[1287.691s][debug][gc,phases      ] GC(47)     Total                          Min: 0, Avg:  1.0, Max: 4, Diff: 4, Sum: 4, Workers: 4
[1287.691s][debug][gc,phases      ] GC(47)   JVMTI Tag Weak OopStorage      Min:  0.0, Avg:  0.0, Max:  0.0, Diff:  0.0, Sum:  0.0, Workers: 4
[1287.692s][debug][gc,phases      ] GC(47)     Dead                           Min: 0, Avg:  0.0, Max: 0, Diff: 0, Sum: 0, Workers: 4
[1287.692s][debug][gc,phases      ] GC(47)     Total                          Min: 0, Avg:  0.0, Max: 0, Diff: 0, Sum: 0, Workers: 4
[1287.692s][debug][gc,phases      ] GC(47)   StringTable Weak               Min:  0.0, Avg:  0.1, Max:  0.2, Diff:  0.2, Sum:  0.4, Workers: 4
[1287.692s][debug][gc,phases      ] GC(47)     Dead                           Min: 0, Avg:  0.0, Max: 0, Diff: 0, Sum: 0, Workers: 4
[1287.692s][debug][gc,phases      ] GC(47)     Total                          Min: 0, Avg: 12050.0, Max: 16264, Diff: 16264, Sum: 48200, Workers: 4
[1287.692s][debug][gc,phases      ] GC(47)   ResolvedMethodTable Weak       Min:  0.0, Avg:  0.0, Max:  0.0, Diff:  0.0, Sum:  0.1, Workers: 4
[1287.692s][debug][gc,phases      ] GC(47)     Dead                           Min: 0, Avg:  0.0, Max: 0, Diff: 0, Sum: 0, Workers: 4
[1287.692s][debug][gc,phases      ] GC(47)     Total                          Min: 0, Avg: 3305.2, Max: 5057, Diff: 5057, Sum: 13221, Workers: 4
[1287.692s][debug][gc,phases      ] GC(47)   JNI Weak                       Min:  0.0, Avg:  0.0, Max:  0.0, Diff:  0.0, Sum:  0.0, Workers: 4
[1287.692s][debug][gc,phases      ] GC(47)     Dead                           Min: 0, Avg:  0.0, Max: 0, Diff: 0, Sum: 0, Workers: 4
[1287.692s][debug][gc,phases      ] GC(47)     Total                          Min: 0, Avg: 12.0, Max: 48, Diff: 48, Sum: 48, Workers: 4
[1287.692s][debug][gc,phases      ] GC(47)   StringDedup Table Weak         Min:  0.0, Avg:  0.0, Max:  0.0, Diff:  0.0, Sum:  0.0, Workers: 4
[1287.692s][debug][gc,phases      ] GC(47)     Dead                           Min: 0, Avg:  0.0, Max: 0, Diff: 0, Sum: 0, Workers: 4
[1287.692s][debug][gc,phases      ] GC(47)     Total                          Min: 0, Avg:  0.0, Max: 0, Diff: 0, Sum: 0, Workers: 4
[1287.692s][debug][gc,phases      ] GC(47)   StringDedup Requests0 Weak     Min:  0.0, Avg:  0.0, Max:  0.0, Diff:  0.0, Sum:  0.0, Workers: 4
[1287.692s][debug][gc,phases      ] GC(47)     Dead                           Min: 0, Avg:  0.0, Max: 0, Diff: 0, Sum: 0, Workers: 4
[1287.692s][debug][gc,phases      ] GC(47)     Total                          Min: 0, Avg:  0.0, Max: 0, Diff: 0, Sum: 0, Workers: 4
[1287.692s][debug][gc,phases      ] GC(47)   StringDedup Requests1 Weak     Min:  0.0, Avg:  0.0, Max:  0.0, Diff:  0.0, Sum:  0.0, Workers: 4
[1287.692s][debug][gc,phases      ] GC(47)     Dead                           Min: 0, Avg:  0.0, Max: 0, Diff: 0, Sum: 0, Workers: 4
[1287.692s][debug][gc,phases      ] GC(47)     Total                          Min: 0, Avg:  0.0, Max: 0, Diff: 0, Sum: 0, Workers: 4
[1287.692s][debug][gc,phases      ] GC(47)   Weak JFR Old Object Samples    Min:  0.0, Avg:  0.0, Max:  0.0, Diff:  0.0, Sum:  0.0, Workers: 4
[1287.692s][debug][gc,phases      ] GC(47)     Dead                           Min: 0, Avg:  0.0, Max: 0, Diff: 0, Sum: 0, Workers: 4
[1287.692s][debug][gc,phases      ] GC(47)     Total                          Min: 0, Avg:  0.0, Max: 0, Diff: 0, Sum: 0, Workers: 4
[1287.692s][debug][gc,phases      ] GC(47) Weak Processing 0.448ms
[1287.692s][debug][gc,age         ] GC(47) Desired survivor size 44564480 bytes, new threshold 1 (max threshold 15)
[1287.692s][info ][gc,heap        ] GC(47) PSYoungGen: 2003122K(2050560K)->2032K(2046976K) Eden: 2000384K(2000384K)->0K(2000384K) From: 2738K(50176K)->2032K(46592K)
[1287.692s][info ][gc,heap        ] GC(47) ParOldGen: 296120K(296448K)->296576K(296960K)
[1287.692s][info ][gc,metaspace   ] GC(47) Metaspace: 95215K(96448K)->95215K(96448K) NonClass: 81231K(81920K)->81231K(81920K) Class: 13984K(14528K)->13984K(14528K)
[1287.692s][info ][gc             ] GC(47) Pause Young (Allocation Failure) 2245M->291M(2289M) 3.582ms
[1287.692s][info ][gc,cpu         ] GC(47) User=0.01s Sys=0.00s Real=0.00s
[1287.692s][info ][safepoint      ] Safepoint "ParallelGCFailedAllocation", Time since last: 195479644 ns, Reaching safepoint: 7700 ns, Cleanup: 4401 ns, At safepoint: 3659179 ns, Total: 3671280 ns
[1289.692s][info ][safepoint      ] Safepoint "Cleanup", Time since last: 2000120325 ns, Reaching safepoint: 80601 ns, Cleanup: 14701 ns, At safepoint: 7300 ns, Total: 102602 ns
[1292.692s][info ][safepoint      ] Safepoint "Cleanup", Time since last: 3000312339 ns, Reaching safepoint: 81902 ns, Cleanup: 15901 ns, At safepoint: 10900 ns, Total: 108703 ns
[1294.693s][info ][safepoint      ] Safepoint "Cleanup", Time since last: 2000190556 ns, Reaching safepoint: 83402 ns, Cleanup: 12600 ns, At safepoint: 8300 ns, Total: 104302 ns
[1297.693s][info ][safepoint      ] Safepoint "Cleanup", Time since last: 3000320222 ns, Reaching safepoint: 6800 ns, Cleanup: 11400 ns, At safepoint: 2700 ns, Total: 20900 ns
[1302.694s][info ][safepoint      ] Safepoint "Cleanup", Time since last: 5000415747 ns, Reaching safepoint: 86302 ns, Cleanup: 10200 ns, At safepoint: 12700 ns, Total: 109202 ns
[1303.694s][info ][safepoint      ] Safepoint "Cleanup", Time since last: 1000126853 ns, Reaching safepoint: 5900 ns, Cleanup: 11000 ns, At safepoint: 2400 ns, Total: 19300 ns
[1305.694s][info ][safepoint      ] Safepoint "Cleanup", Time since last: 2000180105 ns, Reaching safepoint: 81701 ns, Cleanup: 11601 ns, At safepoint: 6900 ns, Total: 100202 ns
[1310.694s][info ][safepoint      ] Safepoint "Cleanup", Time since last: 5000390180 ns, Reaching safepoint: 5600 ns, Cleanup: 10201 ns, At safepoint: 2500 ns, Total: 18301 ns
[1311.695s][info ][safepoint      ] Safepoint "Cleanup", Time since last: 1000124425 ns, Reaching safepoint: 7600 ns, Cleanup: 9701 ns, At safepoint: 2600 ns, Total: 19901 ns
[1313.695s][info ][safepoint      ] Safepoint "Cleanup", Time since last: 2000188750 ns, Reaching safepoint: 5500 ns, Cleanup: 10300 ns, At safepoint: 2500 ns, Total: 18300 ns
[1321.507s][info ][safepoint      ] Safepoint "Cleanup", Time since last: 7812056740 ns, Reaching safepoint: 7400 ns, Cleanup: 10700 ns, At safepoint: 2600 ns, Total: 20700 ns
[1323.507s][info ][safepoint      ] Safepoint "Cleanup", Time since last: 2000197313 ns, Reaching safepoint: 5200 ns, Cleanup: 15000 ns, At safepoint: 2000 ns, Total: 22200 ns
[1327.243s][info ][gc,start       ] GC(48) Pause Young (Allocation Failure)
[1327.246s][debug][gc,phases      ] GC(48) Scavenge 2.804ms
[1327.246s][debug][gc,ref         ] GC(48) ReferenceProcessor::execute queues: 1, RefProcThreadModel::Single, marks_oops_alive: false
[1327.246s][debug][gc,ref         ] GC(48) Skipped KeepAliveFinalRefsPhase of Reference Processing: no references
[1327.246s][debug][gc,ref         ] GC(48) Skipped PhantomRefsPhase of Reference Processing: no references
[1327.246s][debug][gc,phases      ] GC(48) Reference Processing 0.137ms
[1327.246s][debug][gc,phases      ] GC(48)   VM Weak                        Min:  0.0, Avg:  0.0, Max:  0.0, Diff:  0.0, Sum:  0.0, Workers: 4
[1327.246s][debug][gc,phases      ] GC(48)     Dead                           Min: 0, Avg:  0.0, Max: 0, Diff: 0, Sum: 0, Workers: 4
[1327.246s][debug][gc,phases      ] GC(48)     Total                          Min: 0, Avg: 241.5, Max: 710, Diff: 710, Sum: 966, Workers: 4
[1327.246s][debug][gc,phases      ] GC(48)   ObjectSynchronizer Weak        Min:  0.0, Avg:  0.0, Max:  0.0, Diff:  0.0, Sum:  0.0, Workers: 4
[1327.246s][debug][gc,phases      ] GC(48)     Dead                           Min: 0, Avg:  0.0, Max: 0, Diff: 0, Sum: 0, Workers: 4
[1327.246s][debug][gc,phases      ] GC(48)     Total                          Min: 0, Avg:  1.0, Max: 4, Diff: 4, Sum: 4, Workers: 4
[1327.246s][debug][gc,phases      ] GC(48)   JVMTI Tag Weak OopStorage      Min:  0.0, Avg:  0.0, Max:  0.0, Diff:  0.0, Sum:  0.0, Workers: 4
[1327.246s][debug][gc,phases      ] GC(48)     Dead                           Min: 0, Avg:  0.0, Max: 0, Diff: 0, Sum: 0, Workers: 4
[1327.246s][debug][gc,phases      ] GC(48)     Total                          Min: 0, Avg:  0.0, Max: 0, Diff: 0, Sum: 0, Workers: 4
[1327.246s][debug][gc,phases      ] GC(48)   StringTable Weak               Min:  0.0, Avg:  0.1, Max:  0.1, Diff:  0.1, Sum:  0.4, Workers: 4
[1327.246s][debug][gc,phases      ] GC(48)     Dead                           Min: 0, Avg:  0.0, Max: 0, Diff: 0, Sum: 0, Workers: 4
[1327.246s][debug][gc,phases      ] GC(48)     Total                          Min: 0, Avg: 12050.5, Max: 16832, Diff: 16832, Sum: 48202, Workers: 4
[1327.246s][debug][gc,phases      ] GC(48)   ResolvedMethodTable Weak       Min:  0.0, Avg:  0.0, Max:  0.0, Diff:  0.0, Sum:  0.1, Workers: 4
[1327.246s][debug][gc,phases      ] GC(48)     Dead                           Min: 0, Avg:  0.0, Max: 0, Diff: 0, Sum: 0, Workers: 4
[1327.246s][debug][gc,phases      ] GC(48)     Total                          Min: 0, Avg: 3305.2, Max: 4658, Diff: 4658, Sum: 13221, Workers: 4
[1327.246s][debug][gc,phases      ] GC(48)   JNI Weak                       Min:  0.0, Avg:  0.0, Max:  0.0, Diff:  0.0, Sum:  0.0, Workers: 4
[1327.246s][debug][gc,phases      ] GC(48)     Dead                           Min: 0, Avg:  0.0, Max: 0, Diff: 0, Sum: 0, Workers: 4
[1327.246s][debug][gc,phases      ] GC(48)     Total                          Min: 0, Avg: 12.0, Max: 48, Diff: 48, Sum: 48, Workers: 4
[1327.246s][debug][gc,phases      ] GC(48)   StringDedup Table Weak         Min:  0.0, Avg:  0.0, Max:  0.0, Diff:  0.0, Sum:  0.0, Workers: 4
[1327.246s][debug][gc,phases      ] GC(48)     Dead                           Min: 0, Avg:  0.0, Max: 0, Diff: 0, Sum: 0, Workers: 4
[1327.246s][debug][gc,phases      ] GC(48)     Total                          Min: 0, Avg:  0.0, Max: 0, Diff: 0, Sum: 0, Workers: 4
[1327.246s][debug][gc,phases      ] GC(48)   StringDedup Requests0 Weak     Min:  0.0, Avg:  0.0, Max:  0.0, Diff:  0.0, Sum:  0.0, Workers: 4
[1327.246s][debug][gc,phases      ] GC(48)     Dead                           Min: 0, Avg:  0.0, Max: 0, Diff: 0, Sum: 0, Workers: 4
[1327.246s][debug][gc,phases      ] GC(48)     Total                          Min: 0, Avg:  0.0, Max: 0, Diff: 0, Sum: 0, Workers: 4
[1327.246s][debug][gc,phases      ] GC(48)   StringDedup Requests1 Weak     Min:  0.0, Avg:  0.0, Max:  0.0, Diff:  0.0, Sum:  0.0, Workers: 4
[1327.246s][debug][gc,phases      ] GC(48)     Dead                           Min: 0, Avg:  0.0, Max: 0, Diff: 0, Sum: 0, Workers: 4
[1327.246s][debug][gc,phases      ] GC(48)     Total                          Min: 0, Avg:  0.0, Max: 0, Diff: 0, Sum: 0, Workers: 4
[1327.246s][debug][gc,phases      ] GC(48)   Weak JFR Old Object Samples    Min:  0.0, Avg:  0.0, Max:  0.0, Diff:  0.0, Sum:  0.0, Workers: 4
[1327.246s][debug][gc,phases      ] GC(48)     Dead                           Min: 0, Avg:  0.0, Max: 0, Diff: 0, Sum: 0, Workers: 4
[1327.246s][debug][gc,phases      ] GC(48)     Total                          Min: 0, Avg:  0.0, Max: 0, Diff: 0, Sum: 0, Workers: 4
[1327.246s][debug][gc,phases      ] GC(48) Weak Processing 0.488ms
[1327.246s][debug][gc,age         ] GC(48) Desired survivor size 41418752 bytes, new threshold 1 (max threshold 15)
[1327.246s][info ][gc,heap        ] GC(48) PSYoungGen: 2002416K(2046976K)->2336K(2056704K) Eden: 2000384K(2000384K)->0K(2013184K) From: 2032K(46592K)->2336K(43520K)
[1327.246s][info ][gc,heap        ] GC(48) ParOldGen: 296576K(296960K)->297136K(297472K)
[1327.246s][info ][gc,metaspace   ] GC(48) Metaspace: 95236K(96512K)->95236K(96512K) NonClass: 81252K(81984K)->81252K(81984K) Class: 13984K(14528K)->13984K(14528K)
[1327.246s][info ][gc             ] GC(48) Pause Young (Allocation Failure) 2245M->292M(2299M) 3.612ms
[1327.247s][info ][gc,cpu         ] GC(48) User=0.01s Sys=0.00s Real=0.01s
[1327.247s][info ][safepoint      ] Safepoint "ParallelGCFailedAllocation", Time since last: 3735784654 ns, Reaching safepoint: 6100 ns, Cleanup: 4500 ns, At safepoint: 3709176 ns, Total: 3719776 ns
[1328.247s][info ][safepoint      ] Safepoint "Cleanup", Time since last: 1000088360 ns, Reaching safepoint: 6000 ns, Cleanup: 11401 ns, At safepoint: 2100 ns, Total: 19501 ns
[1329.247s][info ][safepoint      ] Safepoint "Cleanup", Time since last: 1000114460 ns, Reaching safepoint: 7400 ns, Cleanup: 13900 ns, At safepoint: 2700 ns, Total: 24000 ns
[1335.247s][info ][safepoint      ] Safepoint "Cleanup", Time since last: 6000433036 ns, Reaching safepoint: 8700 ns, Cleanup: 14501 ns, At safepoint: 6100 ns, Total: 29301 ns
[1343.248s][info ][safepoint      ] Safepoint "Cleanup", Time since last: 8000556713 ns, Reaching safepoint: 5700 ns, Cleanup: 10400 ns, At safepoint: 2400 ns, Total: 18500 ns
[1347.248s][info ][safepoint      ] Safepoint "Cleanup", Time since last: 4000361755 ns, Reaching safepoint: 8800 ns, Cleanup: 11201 ns, At safepoint: 2300 ns, Total: 22301 ns
[1352.249s][info ][safepoint      ] Safepoint "Cleanup", Time since last: 5000391673 ns, Reaching safepoint: 6601 ns, Cleanup: 12600 ns, At safepoint: 2300 ns, Total: 21501 ns
[1368.295s][info ][gc,start       ] GC(49) Pause Young (Allocation Failure)
[1368.299s][debug][gc,phases      ] GC(49) Scavenge 4.387ms
[1368.299s][debug][gc,ref         ] GC(49) ReferenceProcessor::execute queues: 1, RefProcThreadModel::Single, marks_oops_alive: false
[1368.299s][debug][gc,ref         ] GC(49) Skipped KeepAliveFinalRefsPhase of Reference Processing: no references
[1368.299s][debug][gc,ref         ] GC(49) Skipped PhantomRefsPhase of Reference Processing: no references
[1368.299s][debug][gc,phases      ] GC(49) Reference Processing 0.116ms
[1368.299s][debug][gc,phases      ] GC(49)   VM Weak                        Min:  0.0, Avg:  0.0, Max:  0.0, Diff:  0.0, Sum:  0.0, Workers: 4
[1368.299s][debug][gc,phases      ] GC(49)     Dead                           Min: 0, Avg:  0.0, Max: 0, Diff: 0, Sum: 0, Workers: 4
[1368.300s][debug][gc,phases      ] GC(49)     Total                          Min: 0, Avg: 241.5, Max: 832, Diff: 832, Sum: 966, Workers: 4
[1368.300s][debug][gc,phases      ] GC(49)   ObjectSynchronizer Weak        Min:  0.0, Avg:  0.0, Max:  0.0, Diff:  0.0, Sum:  0.0, Workers: 4
[1368.300s][debug][gc,phases      ] GC(49)     Dead                           Min: 0, Avg:  0.0, Max: 0, Diff: 0, Sum: 0, Workers: 4
[1368.300s][debug][gc,phases      ] GC(49)     Total                          Min: 0, Avg:  1.0, Max: 4, Diff: 4, Sum: 4, Workers: 4
[1368.300s][debug][gc,phases      ] GC(49)   JVMTI Tag Weak OopStorage      Min:  0.0, Avg:  0.0, Max:  0.0, Diff:  0.0, Sum:  0.0, Workers: 4
[1368.300s][debug][gc,phases      ] GC(49)     Dead                           Min: 0, Avg:  0.0, Max: 0, Diff: 0, Sum: 0, Workers: 4
[1368.300s][debug][gc,phases      ] GC(49)     Total                          Min: 0, Avg:  0.0, Max: 0, Diff: 0, Sum: 0, Workers: 4
[1368.300s][debug][gc,phases      ] GC(49)   StringTable Weak               Min:  0.0, Avg:  0.1, Max:  0.1, Diff:  0.1, Sum:  0.4, Workers: 4
[1368.300s][debug][gc,phases      ] GC(49)     Dead                           Min: 0, Avg:  0.0, Max: 0, Diff: 0, Sum: 0, Workers: 4
[1368.300s][debug][gc,phases      ] GC(49)     Total                          Min: 0, Avg: 12051.8, Max: 16768, Diff: 16768, Sum: 48207, Workers: 4
[1368.300s][debug][gc,phases      ] GC(49)   ResolvedMethodTable Weak       Min:  0.0, Avg:  0.0, Max:  0.0, Diff:  0.0, Sum:  0.1, Workers: 4
[1368.300s][debug][gc,phases      ] GC(49)     Dead                           Min: 0, Avg:  0.0, Max: 0, Diff: 0, Sum: 0, Workers: 4
[1368.300s][debug][gc,phases      ] GC(49)     Total                          Min: 0, Avg: 3305.2, Max: 4928, Diff: 4928, Sum: 13221, Workers: 4
[1368.300s][debug][gc,phases      ] GC(49)   JNI Weak                       Min:  0.0, Avg:  0.0, Max:  0.0, Diff:  0.0, Sum:  0.0, Workers: 4
[1368.300s][debug][gc,phases      ] GC(49)     Dead                           Min: 0, Avg:  0.0, Max: 0, Diff: 0, Sum: 0, Workers: 4
[1368.300s][debug][gc,phases      ] GC(49)     Total                          Min: 0, Avg: 12.0, Max: 48, Diff: 48, Sum: 48, Workers: 4
[1368.300s][debug][gc,phases      ] GC(49)   StringDedup Table Weak         Min:  0.0, Avg:  0.0, Max:  0.0, Diff:  0.0, Sum:  0.0, Workers: 4
[1368.300s][debug][gc,phases      ] GC(49)     Dead                           Min: 0, Avg:  0.0, Max: 0, Diff: 0, Sum: 0, Workers: 4
[1368.300s][debug][gc,phases      ] GC(49)     Total                          Min: 0, Avg:  0.0, Max: 0, Diff: 0, Sum: 0, Workers: 4
[1368.300s][debug][gc,phases      ] GC(49)   StringDedup Requests0 Weak     Min:  0.0, Avg:  0.0, Max:  0.0, Diff:  0.0, Sum:  0.0, Workers: 4
[1368.300s][debug][gc,phases      ] GC(49)     Dead                           Min: 0, Avg:  0.0, Max: 0, Diff: 0, Sum: 0, Workers: 4
[1368.300s][debug][gc,phases      ] GC(49)     Total                          Min: 0, Avg:  0.0, Max: 0, Diff: 0, Sum: 0, Workers: 4
[1368.300s][debug][gc,phases      ] GC(49)   StringDedup Requests1 Weak     Min:  0.0, Avg:  0.0, Max:  0.0, Diff:  0.0, Sum:  0.0, Workers: 4
[1368.300s][debug][gc,phases      ] GC(49)     Dead                           Min: 0, Avg:  0.0, Max: 0, Diff: 0, Sum: 0, Workers: 4
[1368.300s][debug][gc,phases      ] GC(49)     Total                          Min: 0, Avg:  0.0, Max: 0, Diff: 0, Sum: 0, Workers: 4
[1368.300s][debug][gc,phases      ] GC(49)   Weak JFR Old Object Samples    Min:  0.0, Avg:  0.0, Max:  0.0, Diff:  0.0, Sum:  0.0, Workers: 4
[1368.300s][debug][gc,phases      ] GC(49)     Dead                           Min: 0, Avg:  0.0, Max: 0, Diff: 0, Sum: 0, Workers: 4
[1368.300s][debug][gc,phases      ] GC(49)     Total                          Min: 0, Avg:  0.0, Max: 0, Diff: 0, Sum: 0, Workers: 4
[1368.300s][debug][gc,phases      ] GC(49) Weak Processing 0.452ms
[1368.300s][debug][gc,age         ] GC(49) Desired survivor size 38797312 bytes, new threshold 1 (max threshold 15)
[1368.300s][info ][gc,heap        ] GC(49) PSYoungGen: 2015520K(2056704K)->1936K(2053632K) Eden: 2013184K(2013184K)->0K(2013184K) From: 2336K(43520K)->1936K(40448K)
[1368.300s][info ][gc,heap        ] GC(49) ParOldGen: 297136K(297472K)->298044K(298496K)
[1368.300s][info ][gc,metaspace   ] GC(49) Metaspace: 95240K(96512K)->95240K(96512K) NonClass: 81255K(81984K)->81255K(81984K) Class: 13984K(14528K)->13984K(14528K)
[1368.300s][info ][gc             ] GC(49) Pause Young (Allocation Failure) 2258M->292M(2297M) 5.097ms
[1368.300s][info ][gc,cpu         ] GC(49) User=0.01s Sys=0.00s Real=0.01s
[1368.300s][info ][safepoint      ] Safepoint "ParallelGCFailedAllocation", Time since last: 16045942621 ns, Reaching safepoint: 6100 ns, Cleanup: 4200 ns, At safepoint: 5218390 ns, Total: 5228690 ns
[1370.300s][info ][safepoint      ] Safepoint "Cleanup", Time since last: 2000158536 ns, Reaching safepoint: 6000 ns, Cleanup: 9500 ns, At safepoint: 2800 ns, Total: 18300 ns
[1372.300s][info ][safepoint      ] Safepoint "Cleanup", Time since last: 2000207093 ns, Reaching safepoint: 8200 ns, Cleanup: 13701 ns, At safepoint: 3400 ns, Total: 25301 ns
[1373.300s][info ][safepoint      ] Safepoint "Cleanup", Time since last: 1000126197 ns, Reaching safepoint: 6200 ns, Cleanup: 11800 ns, At safepoint: 2400 ns, Total: 20400 ns
[1375.301s][info ][safepoint      ] Safepoint "Cleanup", Time since last: 2000180645 ns, Reaching safepoint: 7000 ns, Cleanup: 8600 ns, At safepoint: 2800 ns, Total: 18400 ns
[1376.301s][info ][safepoint      ] Safepoint "Cleanup", Time since last: 1000113629 ns, Reaching safepoint: 86802 ns, Cleanup: 11700 ns, At safepoint: 71201 ns, Total: 169703 ns
[1380.301s][info ][safepoint      ] Safepoint "Cleanup", Time since last: 4000305814 ns, Reaching safepoint: 6200 ns, Cleanup: 11000 ns, At safepoint: 3201 ns, Total: 20401 ns
[1381.526s][info ][safepoint      ] Safepoint "Cleanup", Time since last: 1225280963 ns, Reaching safepoint: 8000 ns, Cleanup: 13100 ns, At safepoint: 3100 ns, Total: 24200 ns
[1382.527s][info ][safepoint      ] Safepoint "Cleanup", Time since last: 1000129147 ns, Reaching safepoint: 8500 ns, Cleanup: 12500 ns, At safepoint: 2800 ns, Total: 23800 ns
[1383.527s][info ][safepoint      ] Safepoint "Cleanup", Time since last: 1000294650 ns, Reaching safepoint: 10300 ns, Cleanup: 17300 ns, At safepoint: 3200 ns, Total: 30800 ns
[1384.527s][info ][safepoint      ] Safepoint "Cleanup", Time since last: 1000128246 ns, Reaching safepoint: 8101 ns, Cleanup: 14100 ns, At safepoint: 3200 ns, Total: 25401 ns
[1385.527s][info ][safepoint      ] Safepoint "Cleanup", Time since last: 1000135746 ns, Reaching safepoint: 7901 ns, Cleanup: 13200 ns, At safepoint: 2400 ns, Total: 23501 ns
[1394.528s][info ][safepoint      ] Safepoint "Cleanup", Time since last: 9000760791 ns, Reaching safepoint: 9000 ns, Cleanup: 18900 ns, At safepoint: 3300 ns, Total: 31200 ns
[1396.528s][info ][safepoint      ] Safepoint "Cleanup", Time since last: 2000257698 ns, Reaching safepoint: 11100 ns, Cleanup: 14700 ns, At safepoint: 7400 ns, Total: 33200 ns
[1407.529s][info ][safepoint      ] Safepoint "Cleanup", Time since last: 11000822367 ns, Reaching safepoint: 7800 ns, Cleanup: 12200 ns, At safepoint: 2401 ns, Total: 22401 ns
[1408.529s][info ][safepoint      ] Safepoint "Cleanup", Time since last: 1000121634 ns, Reaching safepoint: 11100 ns, Cleanup: 16300 ns, At safepoint: 7900 ns, Total: 35300 ns
[1409.344s][info ][gc,start       ] GC(50) Pause Young (Allocation Failure)
[1409.348s][debug][gc,phases      ] GC(50) Scavenge 4.053ms
[1409.348s][debug][gc,ref         ] GC(50) ReferenceProcessor::execute queues: 1, RefProcThreadModel::Single, marks_oops_alive: false
[1409.348s][debug][gc,ref         ] GC(50) Skipped KeepAliveFinalRefsPhase of Reference Processing: no references
[1409.348s][debug][gc,ref         ] GC(50) ReferenceProcessor::execute queues: 1, RefProcThreadModel::Single, marks_oops_alive: false
[1409.348s][debug][gc,phases      ] GC(50) Reference Processing 0.129ms
[1409.348s][debug][gc,phases      ] GC(50)   VM Weak                        Min:  0.0, Avg:  0.0, Max:  0.0, Diff:  0.0, Sum:  0.0, Workers: 4
[1409.348s][debug][gc,phases      ] GC(50)     Dead                           Min: 0, Avg:  0.0, Max: 0, Diff: 0, Sum: 0, Workers: 4
[1409.348s][debug][gc,phases      ] GC(50)     Total                          Min: 0, Avg: 241.5, Max: 896, Diff: 896, Sum: 966, Workers: 4
[1409.348s][debug][gc,phases      ] GC(50)   ObjectSynchronizer Weak        Min:  0.0, Avg:  0.0, Max:  0.0, Diff:  0.0, Sum:  0.0, Workers: 4
[1409.348s][debug][gc,phases      ] GC(50)     Dead                           Min: 0, Avg:  0.0, Max: 0, Diff: 0, Sum: 0, Workers: 4
[1409.348s][debug][gc,phases      ] GC(50)     Total                          Min: 0, Avg:  1.0, Max: 4, Diff: 4, Sum: 4, Workers: 4
[1409.348s][debug][gc,phases      ] GC(50)   JVMTI Tag Weak OopStorage      Min:  0.0, Avg:  0.0, Max:  0.0, Diff:  0.0, Sum:  0.0, Workers: 4
[1409.348s][debug][gc,phases      ] GC(50)     Dead                           Min: 0, Avg:  0.0, Max: 0, Diff: 0, Sum: 0, Workers: 4
[1409.348s][debug][gc,phases      ] GC(50)     Total                          Min: 0, Avg:  0.0, Max: 0, Diff: 0, Sum: 0, Workers: 4
[1409.348s][debug][gc,phases      ] GC(50)   StringTable Weak               Min:  0.0, Avg:  0.1, Max:  0.1, Diff:  0.1, Sum:  0.4, Workers: 4
[1409.348s][debug][gc,phases      ] GC(50)     Dead                           Min: 0, Avg:  0.2, Max: 1, Diff: 1, Sum: 1, Workers: 4
[1409.348s][debug][gc,phases      ] GC(50)     Total                          Min: 0, Avg: 12056.2, Max: 17122, Diff: 17122, Sum: 48225, Workers: 4
[1409.348s][debug][gc,phases      ] GC(50)   ResolvedMethodTable Weak       Min:  0.0, Avg:  0.1, Max:  0.1, Diff:  0.1, Sum:  0.2, Workers: 4
[1409.348s][debug][gc,phases      ] GC(50)     Dead                           Min: 0, Avg:  2.2, Max: 9, Diff: 9, Sum: 9, Workers: 4
[1409.348s][debug][gc,phases      ] GC(50)     Total                          Min: 0, Avg: 3309.5, Max: 5242, Diff: 5242, Sum: 13238, Workers: 4
[1409.348s][debug][gc,phases      ] GC(50)   JNI Weak                       Min:  0.0, Avg:  0.0, Max:  0.0, Diff:  0.0, Sum:  0.0, Workers: 4
[1409.348s][debug][gc,phases      ] GC(50)     Dead                           Min: 0, Avg:  0.0, Max: 0, Diff: 0, Sum: 0, Workers: 4
[1409.348s][debug][gc,phases      ] GC(50)     Total                          Min: 0, Avg: 12.0, Max: 48, Diff: 48, Sum: 48, Workers: 4
[1409.348s][debug][gc,phases      ] GC(50)   StringDedup Table Weak         Min:  0.0, Avg:  0.0, Max:  0.0, Diff:  0.0, Sum:  0.0, Workers: 4
[1409.348s][debug][gc,phases      ] GC(50)     Dead                           Min: 0, Avg:  0.0, Max: 0, Diff: 0, Sum: 0, Workers: 4
[1409.348s][debug][gc,phases      ] GC(50)     Total                          Min: 0, Avg:  0.0, Max: 0, Diff: 0, Sum: 0, Workers: 4
[1409.348s][debug][gc,phases      ] GC(50)   StringDedup Requests0 Weak     Min:  0.0, Avg:  0.0, Max:  0.0, Diff:  0.0, Sum:  0.0, Workers: 4
[1409.348s][debug][gc,phases      ] GC(50)     Dead                           Min: 0, Avg:  0.0, Max: 0, Diff: 0, Sum: 0, Workers: 4
[1409.348s][debug][gc,phases      ] GC(50)     Total                          Min: 0, Avg:  0.0, Max: 0, Diff: 0, Sum: 0, Workers: 4
[1409.348s][debug][gc,phases      ] GC(50)   StringDedup Requests1 Weak     Min:  0.0, Avg:  0.0, Max:  0.0, Diff:  0.0, Sum:  0.0, Workers: 4
[1409.348s][debug][gc,phases      ] GC(50)     Dead                           Min: 0, Avg:  0.0, Max: 0, Diff: 0, Sum: 0, Workers: 4
[1409.348s][debug][gc,phases      ] GC(50)     Total                          Min: 0, Avg:  0.0, Max: 0, Diff: 0, Sum: 0, Workers: 4
[1409.348s][debug][gc,phases      ] GC(50)   Weak JFR Old Object Samples    Min:  0.0, Avg:  0.0, Max:  0.0, Diff:  0.0, Sum:  0.0, Workers: 4
[1409.348s][debug][gc,phases      ] GC(50)     Dead                           Min: 0, Avg:  0.0, Max: 0, Diff: 0, Sum: 0, Workers: 4
[1409.348s][debug][gc,phases      ] GC(50)     Total                          Min: 0, Avg:  0.0, Max: 0, Diff: 0, Sum: 0, Workers: 4
[1409.348s][debug][gc,phases      ] GC(50) Weak Processing 0.493ms
[1409.348s][debug][gc,age         ] GC(50) Desired survivor size 35651584 bytes, new threshold 1 (max threshold 15)
[1409.348s][info ][gc,heap        ] GC(50) PSYoungGen: 2015120K(2053632K)->3184K(2062336K) Eden: 2013184K(2013184K)->0K(2024448K) From: 1936K(40448K)->3184K(37888K)
[1409.348s][info ][gc,heap        ] GC(50) ParOldGen: 298044K(298496K)->298400K(298496K)
[1409.348s][info ][gc,metaspace   ] GC(50) Metaspace: 95275K(96512K)->95275K(96512K) NonClass: 81284K(81984K)->81284K(81984K) Class: 13991K(14528K)->13991K(14528K)
[1409.348s][info ][gc             ] GC(50) Pause Young (Allocation Failure) 2258M->294M(2305M) 4.828ms
[1409.348s][info ][gc,cpu         ] GC(50) User=0.02s Sys=0.00s Real=0.01s
[1409.348s][info ][safepoint      ] Safepoint "ParallelGCFailedAllocation", Time since last: 814201359 ns, Reaching safepoint: 6500 ns, Cleanup: 4500 ns, At safepoint: 4910394 ns, Total: 4921394 ns
[1411.353s][info ][safepoint      ] Safepoint "Cleanup", Time since last: 2004242046 ns, Reaching safepoint: 7300 ns, Cleanup: 18400 ns, At safepoint: 6800 ns, Total: 32500 ns
[1412.353s][info ][safepoint      ] Safepoint "Cleanup", Time since last: 1000116034 ns, Reaching safepoint: 6600 ns, Cleanup: 13001 ns, At safepoint: 2800 ns, Total: 22401 ns
[1415.353s][info ][safepoint      ] Safepoint "Cleanup", Time since last: 3000230243 ns, Reaching safepoint: 7701 ns, Cleanup: 14900 ns, At safepoint: 2800 ns, Total: 25401 ns
[1416.353s][info ][safepoint      ] Safepoint "Cleanup", Time since last: 1000143829 ns, Reaching safepoint: 8500 ns, Cleanup: 14700 ns, At safepoint: 2200 ns, Total: 25400 ns
[1418.354s][info ][safepoint      ] Safepoint "Cleanup", Time since last: 2000199756 ns, Reaching safepoint: 7100 ns, Cleanup: 15000 ns, At safepoint: 3200 ns, Total: 25300 ns
[1422.354s][info ][safepoint      ] Safepoint "Cleanup", Time since last: 4000315943 ns, Reaching safepoint: 5901 ns, Cleanup: 10000 ns, At safepoint: 3100 ns, Total: 19001 ns
[1435.355s][info ][safepoint      ] Safepoint "Cleanup", Time since last: 13000920983 ns, Reaching safepoint: 7700 ns, Cleanup: 11401 ns, At safepoint: 2900 ns, Total: 22001 ns
[1436.355s][info ][safepoint      ] Safepoint "Cleanup", Time since last: 1000124997 ns, Reaching safepoint: 8100 ns, Cleanup: 12301 ns, At safepoint: 2900 ns, Total: 23301 ns
[1449.600s][info ][gc,start       ] GC(51) Pause Young (Allocation Failure)
[1449.603s][debug][gc,phases      ] GC(51) Scavenge 2.917ms
[1449.603s][debug][gc,ref         ] GC(51) ReferenceProcessor::execute queues: 1, RefProcThreadModel::Single, marks_oops_alive: false
[1449.603s][debug][gc,ref         ] GC(51) Skipped KeepAliveFinalRefsPhase of Reference Processing: no references
[1449.603s][debug][gc,ref         ] GC(51) ReferenceProcessor::execute queues: 1, RefProcThreadModel::Single, marks_oops_alive: false
[1449.603s][debug][gc,phases      ] GC(51) Reference Processing 0.140ms
[1449.603s][debug][gc,phases      ] GC(51)   VM Weak                        Min:  0.0, Avg:  0.0, Max:  0.0, Diff:  0.0, Sum:  0.0, Workers: 4
[1449.603s][debug][gc,phases      ] GC(51)     Dead                           Min: 0, Avg:  0.0, Max: 0, Diff: 0, Sum: 0, Workers: 4
[1449.603s][debug][gc,phases      ] GC(51)     Total                          Min: 0, Avg: 241.5, Max: 512, Diff: 512, Sum: 966, Workers: 4
[1449.603s][debug][gc,phases      ] GC(51)   ObjectSynchronizer Weak        Min:  0.0, Avg:  0.0, Max:  0.0, Diff:  0.0, Sum:  0.0, Workers: 4
[1449.603s][debug][gc,phases      ] GC(51)     Dead                           Min: 0, Avg:  0.0, Max: 0, Diff: 0, Sum: 0, Workers: 4
[1449.603s][debug][gc,phases      ] GC(51)     Total                          Min: 0, Avg:  1.0, Max: 4, Diff: 4, Sum: 4, Workers: 4
[1449.603s][debug][gc,phases      ] GC(51)   JVMTI Tag Weak OopStorage      Min:  0.0, Avg:  0.0, Max:  0.0, Diff:  0.0, Sum:  0.0, Workers: 4
[1449.603s][debug][gc,phases      ] GC(51)     Dead                           Min: 0, Avg:  0.0, Max: 0, Diff: 0, Sum: 0, Workers: 4
[1449.603s][debug][gc,phases      ] GC(51)     Total                          Min: 0, Avg:  0.0, Max: 0, Diff: 0, Sum: 0, Workers: 4
[1449.603s][debug][gc,phases      ] GC(51)   StringTable Weak               Min:  0.0, Avg:  0.1, Max:  0.1, Diff:  0.1, Sum:  0.4, Workers: 4
[1449.603s][debug][gc,phases      ] GC(51)     Dead                           Min: 0, Avg:  0.0, Max: 0, Diff: 0, Sum: 0, Workers: 4
[1449.603s][debug][gc,phases      ] GC(51)     Total                          Min: 0, Avg: 12056.2, Max: 17727, Diff: 17727, Sum: 48225, Workers: 4
[1449.603s][debug][gc,phases      ] GC(51)   ResolvedMethodTable Weak       Min:  0.0, Avg:  0.0, Max:  0.0, Diff:  0.0, Sum:  0.1, Workers: 4
[1449.603s][debug][gc,phases      ] GC(51)     Dead                           Min: 0, Avg:  0.0, Max: 0, Diff: 0, Sum: 0, Workers: 4
[1449.603s][debug][gc,phases      ] GC(51)     Total                          Min: 0, Avg: 3309.5, Max: 5110, Diff: 5110, Sum: 13238, Workers: 4
[1449.603s][debug][gc,phases      ] GC(51)   JNI Weak                       Min:  0.0, Avg:  0.0, Max:  0.0, Diff:  0.0, Sum:  0.0, Workers: 4
[1449.603s][debug][gc,phases      ] GC(51)     Dead                           Min: 0, Avg:  0.0, Max: 0, Diff: 0, Sum: 0, Workers: 4
[1449.603s][debug][gc,phases      ] GC(51)     Total                          Min: 0, Avg: 12.0, Max: 48, Diff: 48, Sum: 48, Workers: 4
[1449.603s][debug][gc,phases      ] GC(51)   StringDedup Table Weak         Min:  0.0, Avg:  0.0, Max:  0.0, Diff:  0.0, Sum:  0.0, Workers: 4
[1449.603s][debug][gc,phases      ] GC(51)     Dead                           Min: 0, Avg:  0.0, Max: 0, Diff: 0, Sum: 0, Workers: 4
[1449.603s][debug][gc,phases      ] GC(51)     Total                          Min: 0, Avg:  0.0, Max: 0, Diff: 0, Sum: 0, Workers: 4
[1449.603s][debug][gc,phases      ] GC(51)   StringDedup Requests0 Weak     Min:  0.0, Avg:  0.0, Max:  0.0, Diff:  0.0, Sum:  0.0, Workers: 4
[1449.603s][debug][gc,phases      ] GC(51)     Dead                           Min: 0, Avg:  0.0, Max: 0, Diff: 0, Sum: 0, Workers: 4
[1449.603s][debug][gc,phases      ] GC(51)     Total                          Min: 0, Avg:  0.0, Max: 0, Diff: 0, Sum: 0, Workers: 4
[1449.603s][debug][gc,phases      ] GC(51)   StringDedup Requests1 Weak     Min:  0.0, Avg:  0.0, Max:  0.0, Diff:  0.0, Sum:  0.0, Workers: 4
[1449.603s][debug][gc,phases      ] GC(51)     Dead                           Min: 0, Avg:  0.0, Max: 0, Diff: 0, Sum: 0, Workers: 4
[1449.603s][debug][gc,phases      ] GC(51)     Total                          Min: 0, Avg:  0.0, Max: 0, Diff: 0, Sum: 0, Workers: 4
[1449.603s][debug][gc,phases      ] GC(51)   Weak JFR Old Object Samples    Min:  0.0, Avg:  0.0, Max:  0.0, Diff:  0.0, Sum:  0.0, Workers: 4
[1449.603s][debug][gc,phases      ] GC(51)     Dead                           Min: 0, Avg:  0.0, Max: 0, Diff: 0, Sum: 0, Workers: 4
[1449.603s][debug][gc,phases      ] GC(51)     Total                          Min: 0, Avg:  0.0, Max: 0, Diff: 0, Sum: 0, Workers: 4
[1449.603s][debug][gc,phases      ] GC(51) Weak Processing 0.424ms
[1449.603s][debug][gc,age         ] GC(51) Desired survivor size 33030144 bytes, new threshold 1 (max threshold 15)
[1449.603s][info ][gc,heap        ] GC(51) PSYoungGen: 2027632K(2062336K)->2016K(2059264K) Eden: 2024448K(2024448K)->0K(2024448K) From: 3184K(37888K)->2016K(34816K)
[1449.603s][info ][gc,heap        ] GC(51) ParOldGen: 298400K(298496K)->299353K(299520K)
[1449.603s][info ][gc,metaspace   ] GC(51) Metaspace: 95279K(96512K)->95279K(96512K) NonClass: 81288K(81984K)->81288K(81984K) Class: 13991K(14528K)->13991K(14528K)
[1449.603s][info ][gc             ] GC(51) Pause Young (Allocation Failure) 2271M->294M(2303M) 3.611ms
[1449.603s][info ][gc,cpu         ] GC(51) User=0.01s Sys=0.00s Real=0.00s
[1449.603s][info ][safepoint      ] Safepoint "ParallelGCFailedAllocation", Time since last: 13244703224 ns, Reaching safepoint: 79001 ns, Cleanup: 3901 ns, At safepoint: 3690070 ns, Total: 3772972 ns
[1450.604s][info ][safepoint      ] Safepoint "Cleanup", Time since last: 1000091040 ns, Reaching safepoint: 6100 ns, Cleanup: 8500 ns, At safepoint: 2100 ns, Total: 16700 ns
[1458.604s][info ][safepoint      ] Safepoint "Cleanup", Time since last: 8000543519 ns, Reaching safepoint: 6000 ns, Cleanup: 10501 ns, At safepoint: 3000 ns, Total: 19501 ns
[1464.605s][info ][safepoint      ] Safepoint "Cleanup", Time since last: 6000464402 ns, Reaching safepoint: 8201 ns, Cleanup: 10400 ns, At safepoint: 2400 ns, Total: 21001 ns
[1491.886s][info ][gc,start       ] GC(52) Pause Young (Allocation Failure)
[1491.890s][debug][gc,phases      ] GC(52) Scavenge 3.605ms
[1491.890s][debug][gc,ref         ] GC(52) ReferenceProcessor::execute queues: 1, RefProcThreadModel::Single, marks_oops_alive: false
[1491.890s][debug][gc,ref         ] GC(52) Skipped KeepAliveFinalRefsPhase of Reference Processing: no references
[1491.890s][debug][gc,ref         ] GC(52) Skipped PhantomRefsPhase of Reference Processing: no references
[1491.890s][debug][gc,phases      ] GC(52) Reference Processing 0.131ms
[1491.890s][debug][gc,phases      ] GC(52)   VM Weak                        Min:  0.0, Avg:  0.0, Max:  0.0, Diff:  0.0, Sum:  0.0, Workers: 4
[1491.890s][debug][gc,phases      ] GC(52)     Dead                           Min: 0, Avg:  0.0, Max: 0, Diff: 0, Sum: 0, Workers: 4
[1491.890s][debug][gc,phases      ] GC(52)     Total                          Min: 0, Avg: 241.5, Max: 582, Diff: 582, Sum: 966, Workers: 4
[1491.890s][debug][gc,phases      ] GC(52)   ObjectSynchronizer Weak        Min:  0.0, Avg:  0.0, Max:  0.0, Diff:  0.0, Sum:  0.0, Workers: 4
[1491.890s][debug][gc,phases      ] GC(52)     Dead                           Min: 0, Avg:  0.0, Max: 0, Diff: 0, Sum: 0, Workers: 4
[1491.890s][debug][gc,phases      ] GC(52)     Total                          Min: 0, Avg:  1.0, Max: 4, Diff: 4, Sum: 4, Workers: 4
[1491.890s][debug][gc,phases      ] GC(52)   JVMTI Tag Weak OopStorage      Min:  0.0, Avg:  0.0, Max:  0.0, Diff:  0.0, Sum:  0.0, Workers: 4
[1491.890s][debug][gc,phases      ] GC(52)     Dead                           Min: 0, Avg:  0.0, Max: 0, Diff: 0, Sum: 0, Workers: 4
[1491.890s][debug][gc,phases      ] GC(52)     Total                          Min: 0, Avg:  0.0, Max: 0, Diff: 0, Sum: 0, Workers: 4
[1491.890s][debug][gc,phases      ] GC(52)   StringTable Weak               Min:  0.0, Avg:  0.1, Max:  0.2, Diff:  0.2, Sum:  0.5, Workers: 4
[1491.890s][debug][gc,phases      ] GC(52)     Dead                           Min: 0, Avg:  0.0, Max: 0, Diff: 0, Sum: 0, Workers: 4
[1491.890s][debug][gc,phases      ] GC(52)     Total                          Min: 0, Avg: 12056.2, Max: 17280, Diff: 17280, Sum: 48225, Workers: 4
[1491.890s][debug][gc,phases      ] GC(52)   ResolvedMethodTable Weak       Min:  0.0, Avg:  0.0, Max:  0.0, Diff:  0.0, Sum:  0.1, Workers: 4
[1491.890s][debug][gc,phases      ] GC(52)     Dead                           Min: 0, Avg:  0.0, Max: 0, Diff: 0, Sum: 0, Workers: 4
[1491.890s][debug][gc,phases      ] GC(52)     Total                          Min: 0, Avg: 3309.5, Max: 5509, Diff: 5509, Sum: 13238, Workers: 4
[1491.890s][debug][gc,phases      ] GC(52)   JNI Weak                       Min:  0.0, Avg:  0.0, Max:  0.0, Diff:  0.0, Sum:  0.0, Workers: 4
[1491.890s][debug][gc,phases      ] GC(52)     Dead                           Min: 0, Avg:  0.0, Max: 0, Diff: 0, Sum: 0, Workers: 4
[1491.890s][debug][gc,phases      ] GC(52)     Total                          Min: 0, Avg: 12.0, Max: 48, Diff: 48, Sum: 48, Workers: 4
[1491.890s][debug][gc,phases      ] GC(52)   StringDedup Table Weak         Min:  0.0, Avg:  0.0, Max:  0.0, Diff:  0.0, Sum:  0.0, Workers: 4
[1491.890s][debug][gc,phases      ] GC(52)     Dead                           Min: 0, Avg:  0.0, Max: 0, Diff: 0, Sum: 0, Workers: 4
[1491.891s][debug][gc,phases      ] GC(52)     Total                          Min: 0, Avg:  0.0, Max: 0, Diff: 0, Sum: 0, Workers: 4
[1491.891s][debug][gc,phases      ] GC(52)   StringDedup Requests0 Weak     Min:  0.0, Avg:  0.0, Max:  0.0, Diff:  0.0, Sum:  0.0, Workers: 4
[1491.891s][debug][gc,phases      ] GC(52)     Dead                           Min: 0, Avg:  0.0, Max: 0, Diff: 0, Sum: 0, Workers: 4
[1491.891s][debug][gc,phases      ] GC(52)     Total                          Min: 0, Avg:  0.0, Max: 0, Diff: 0, Sum: 0, Workers: 4
[1491.891s][debug][gc,phases      ] GC(52)   StringDedup Requests1 Weak     Min:  0.0, Avg:  0.0, Max:  0.0, Diff:  0.0, Sum:  0.0, Workers: 4
[1491.891s][debug][gc,phases      ] GC(52)     Dead                           Min: 0, Avg:  0.0, Max: 0, Diff: 0, Sum: 0, Workers: 4
[1491.891s][debug][gc,phases      ] GC(52)     Total                          Min: 0, Avg:  0.0, Max: 0, Diff: 0, Sum: 0, Workers: 4
[1491.891s][debug][gc,phases      ] GC(52)   Weak JFR Old Object Samples    Min:  0.0, Avg:  0.0, Max:  0.0, Diff:  0.0, Sum:  0.0, Workers: 4
[1491.891s][debug][gc,phases      ] GC(52)     Dead                           Min: 0, Avg:  0.0, Max: 0, Diff: 0, Sum: 0, Workers: 4
[1491.891s][debug][gc,phases      ] GC(52)     Total                          Min: 0, Avg:  0.0, Max: 0, Diff: 0, Sum: 0, Workers: 4
[1491.891s][debug][gc,phases      ] GC(52) Weak Processing 0.455ms
[1491.891s][debug][gc,age         ] GC(52) Desired survivor size 30932992 bytes, new threshold 1 (max threshold 15)
[1491.891s][info ][gc,heap        ] GC(52) PSYoungGen: 2026464K(2059264K)->1984K(2066944K) Eden: 2024448K(2024448K)->0K(2034688K) From: 2016K(34816K)->1984K(32256K)
[1491.891s][info ][gc,heap        ] GC(52) ParOldGen: 299353K(299520K)->299953K(300032K)
[1491.891s][info ][gc,metaspace   ] GC(52) Metaspace: 95286K(96512K)->95286K(96512K) NonClass: 81294K(81984K)->81294K(81984K) Class: 13991K(14528K)->13991K(14528K)
[1491.891s][info ][gc             ] GC(52) Pause Young (Allocation Failure) 2271M->294M(2311M) 4.342ms
[1491.891s][info ][gc,cpu         ] GC(52) User=0.01s Sys=0.00s Real=0.00s
[1491.891s][info ][safepoint      ] Safepoint "ParallelGCFailedAllocation", Time since last: 27281639414 ns, Reaching safepoint: 7500 ns, Cleanup: 4400 ns, At safepoint: 4421992 ns, Total: 4433892 ns
[1509.570s][info ][safepoint      ] Safepoint "Cleanup", Time since last: 17679774505 ns, Reaching safepoint: 10300 ns, Cleanup: 14201 ns, At safepoint: 3100 ns, Total: 27601 ns
[1510.571s][info ][safepoint      ] Safepoint "Cleanup", Time since last: 1000140818 ns, Reaching safepoint: 9800 ns, Cleanup: 13100 ns, At safepoint: 3001 ns, Total: 25901 ns
[1513.571s][info ][safepoint      ] Safepoint "Cleanup", Time since last: 3000281959 ns, Reaching safepoint: 8400 ns, Cleanup: 13900 ns, At safepoint: 3000 ns, Total: 25300 ns
[1515.571s][info ][safepoint      ] Safepoint "Cleanup", Time since last: 2000201794 ns, Reaching safepoint: 8200 ns, Cleanup: 36401 ns, At safepoint: 7400 ns, Total: 52001 ns
[1517.571s][info ][safepoint      ] Safepoint "Cleanup", Time since last: 2000207165 ns, Reaching safepoint: 24800 ns, Cleanup: 17201 ns, At safepoint: 2900 ns, Total: 44901 ns
[1534.573s][info ][safepoint      ] Safepoint "Cleanup", Time since last: 17001322684 ns, Reaching safepoint: 8701 ns, Cleanup: 11600 ns, At safepoint: 3100 ns, Total: 23401 ns
[1534.642s][info ][gc,start       ] GC(53) Pause Young (Allocation Failure)
[1534.645s][debug][gc,phases      ] GC(53) Scavenge 2.564ms
[1534.645s][debug][gc,ref         ] GC(53) ReferenceProcessor::execute queues: 1, RefProcThreadModel::Single, marks_oops_alive: false
[1534.645s][debug][gc,ref         ] GC(53) Skipped KeepAliveFinalRefsPhase of Reference Processing: no references
[1534.645s][debug][gc,ref         ] GC(53) Skipped PhantomRefsPhase of Reference Processing: no references
[1534.645s][debug][gc,phases      ] GC(53) Reference Processing 0.113ms
[1534.645s][debug][gc,phases      ] GC(53)   VM Weak                        Min:  0.0, Avg:  0.0, Max:  0.0, Diff:  0.0, Sum:  0.0, Workers: 4
[1534.645s][debug][gc,phases      ] GC(53)     Dead                           Min: 0, Avg:  0.0, Max: 0, Diff: 0, Sum: 0, Workers: 4
[1534.645s][debug][gc,phases      ] GC(53)     Total                          Min: 0, Avg: 241.5, Max: 966, Diff: 966, Sum: 966, Workers: 4
[1534.645s][debug][gc,phases      ] GC(53)   ObjectSynchronizer Weak        Min:  0.0, Avg:  0.0, Max:  0.0, Diff:  0.0, Sum:  0.0, Workers: 4
[1534.645s][debug][gc,phases      ] GC(53)     Dead                           Min: 0, Avg:  0.0, Max: 0, Diff: 0, Sum: 0, Workers: 4
[1534.645s][debug][gc,phases      ] GC(53)     Total                          Min: 0, Avg:  1.0, Max: 4, Diff: 4, Sum: 4, Workers: 4
[1534.645s][debug][gc,phases      ] GC(53)   JVMTI Tag Weak OopStorage      Min:  0.0, Avg:  0.0, Max:  0.0, Diff:  0.0, Sum:  0.0, Workers: 4
[1534.645s][debug][gc,phases      ] GC(53)     Dead                           Min: 0, Avg:  0.0, Max: 0, Diff: 0, Sum: 0, Workers: 4
[1534.645s][debug][gc,phases      ] GC(53)     Total                          Min: 0, Avg:  0.0, Max: 0, Diff: 0, Sum: 0, Workers: 4
[1534.645s][debug][gc,phases      ] GC(53)   StringTable Weak               Min:  0.0, Avg:  0.1, Max:  0.1, Diff:  0.1, Sum:  0.4, Workers: 4
[1534.645s][debug][gc,phases      ] GC(53)     Dead                           Min: 0, Avg:  0.0, Max: 0, Diff: 0, Sum: 0, Workers: 4
[1534.645s][debug][gc,phases      ] GC(53)     Total                          Min: 0, Avg: 12056.5, Max: 17506, Diff: 17506, Sum: 48226, Workers: 4
[1534.645s][debug][gc,phases      ] GC(53)   ResolvedMethodTable Weak       Min:  0.0, Avg:  0.0, Max:  0.0, Diff:  0.0, Sum:  0.1, Workers: 4
[1534.645s][debug][gc,phases      ] GC(53)     Dead                           Min: 0, Avg:  0.0, Max: 0, Diff: 0, Sum: 0, Workers: 4
[1534.645s][debug][gc,phases      ] GC(53)     Total                          Min: 0, Avg: 3309.5, Max: 4728, Diff: 4728, Sum: 13238, Workers: 4
[1534.645s][debug][gc,phases      ] GC(53)   JNI Weak                       Min:  0.0, Avg:  0.0, Max:  0.0, Diff:  0.0, Sum:  0.0, Workers: 4
[1534.645s][debug][gc,phases      ] GC(53)     Dead                           Min: 0, Avg:  0.0, Max: 0, Diff: 0, Sum: 0, Workers: 4
[1534.645s][debug][gc,phases      ] GC(53)     Total                          Min: 0, Avg: 12.0, Max: 48, Diff: 48, Sum: 48, Workers: 4
[1534.645s][debug][gc,phases      ] GC(53)   StringDedup Table Weak         Min:  0.0, Avg:  0.0, Max:  0.0, Diff:  0.0, Sum:  0.0, Workers: 4
[1534.645s][debug][gc,phases      ] GC(53)     Dead                           Min: 0, Avg:  0.0, Max: 0, Diff: 0, Sum: 0, Workers: 4
[1534.645s][debug][gc,phases      ] GC(53)     Total                          Min: 0, Avg:  0.0, Max: 0, Diff: 0, Sum: 0, Workers: 4
[1534.645s][debug][gc,phases      ] GC(53)   StringDedup Requests0 Weak     Min:  0.0, Avg:  0.0, Max:  0.0, Diff:  0.0, Sum:  0.0, Workers: 4
[1534.645s][debug][gc,phases      ] GC(53)     Dead                           Min: 0, Avg:  0.0, Max: 0, Diff: 0, Sum: 0, Workers: 4
[1534.645s][debug][gc,phases      ] GC(53)     Total                          Min: 0, Avg:  0.0, Max: 0, Diff: 0, Sum: 0, Workers: 4
[1534.645s][debug][gc,phases      ] GC(53)   StringDedup Requests1 Weak     Min:  0.0, Avg:  0.0, Max:  0.0, Diff:  0.0, Sum:  0.0, Workers: 4
[1534.645s][debug][gc,phases      ] GC(53)     Dead                           Min: 0, Avg:  0.0, Max: 0, Diff: 0, Sum: 0, Workers: 4
[1534.645s][debug][gc,phases      ] GC(53)     Total                          Min: 0, Avg:  0.0, Max: 0, Diff: 0, Sum: 0, Workers: 4
[1534.645s][debug][gc,phases      ] GC(53)   Weak JFR Old Object Samples    Min:  0.0, Avg:  0.0, Max:  0.0, Diff:  0.0, Sum:  0.0, Workers: 4
[1534.645s][debug][gc,phases      ] GC(53)     Dead                           Min: 0, Avg:  0.0, Max: 0, Diff: 0, Sum: 0, Workers: 4
[1534.645s][debug][gc,phases      ] GC(53)     Total                          Min: 0, Avg:  0.0, Max: 0, Diff: 0, Sum: 0, Workers: 4
[1534.645s][debug][gc,phases      ] GC(53) Weak Processing 0.447ms
[1534.645s][debug][gc,age         ] GC(53) Desired survivor size 28835840 bytes, new threshold 1 (max threshold 15)
[1534.645s][info ][gc,heap        ] GC(53) PSYoungGen: 2036672K(2066944K)->2000K(2064896K) Eden: 2034688K(2034688K)->0K(2034688K) From: 1984K(32256K)->2000K(30208K)
[1534.645s][info ][gc,heap        ] GC(53) ParOldGen: 299953K(300032K)->300445K(300544K)
[1534.645s][info ][gc,metaspace   ] GC(53) Metaspace: 95309K(96512K)->95309K(96512K) NonClass: 81318K(81984K)->81318K(81984K) Class: 13991K(14528K)->13991K(14528K)
[1534.645s][info ][gc             ] GC(53) Pause Young (Allocation Failure) 2281M->295M(2310M) 3.276ms
[1534.645s][info ][gc,cpu         ] GC(53) User=0.01s Sys=0.00s Real=0.01s
[1534.645s][info ][safepoint      ] Safepoint "ParallelGCFailedAllocation", Time since last: 69227952 ns, Reaching safepoint: 7100 ns, Cleanup: 4300 ns, At safepoint: 3358760 ns, Total: 3370160 ns
[1536.646s][info ][safepoint      ] Safepoint "Cleanup", Time since last: 2000126863 ns, Reaching safepoint: 6700 ns, Cleanup: 22701 ns, At safepoint: 3300 ns, Total: 32701 ns
[1539.646s][info ][safepoint      ] Safepoint "Cleanup", Time since last: 3000248245 ns, Reaching safepoint: 5700 ns, Cleanup: 9400 ns, At safepoint: 2000 ns, Total: 17100 ns
[1548.646s][info ][safepoint      ] Safepoint "Cleanup", Time since last: 9000653852 ns, Reaching safepoint: 6000 ns, Cleanup: 9700 ns, At safepoint: 2200 ns, Total: 17900 ns
[1552.647s][info ][safepoint      ] Safepoint "Cleanup", Time since last: 4000317289 ns, Reaching safepoint: 6400 ns, Cleanup: 13400 ns, At safepoint: 28500 ns, Total: 48300 ns
[1554.647s][info ][safepoint      ] Safepoint "Cleanup", Time since last: 2000172283 ns, Reaching safepoint: 6001 ns, Cleanup: 9900 ns, At safepoint: 2800 ns, Total: 18701 ns
[1562.590s][info ][safepoint      ] Safepoint "Cleanup", Time since last: 7942921714 ns, Reaching safepoint: 211805 ns, Cleanup: 40100 ns, At safepoint: 9401 ns, Total: 261306 ns
[1589.952s][info ][gc,start       ] GC(54) Pause Young (Allocation Failure)
[1589.956s][debug][gc,phases      ] GC(54) Scavenge 3.887ms
[1589.956s][debug][gc,ref         ] GC(54) ReferenceProcessor::execute queues: 1, RefProcThreadModel::Single, marks_oops_alive: false
[1589.956s][debug][gc,ref         ] GC(54) Skipped KeepAliveFinalRefsPhase of Reference Processing: no references
[1589.956s][debug][gc,ref         ] GC(54) Skipped PhantomRefsPhase of Reference Processing: no references
[1589.956s][debug][gc,phases      ] GC(54) Reference Processing 0.177ms
[1589.956s][debug][gc,phases      ] GC(54)   VM Weak                        Min:  0.0, Avg:  0.0, Max:  0.0, Diff:  0.0, Sum:  0.0, Workers: 4
[1589.956s][debug][gc,phases      ] GC(54)     Dead                           Min: 0, Avg:  0.0, Max: 0, Diff: 0, Sum: 0, Workers: 4
[1589.956s][debug][gc,phases      ] GC(54)     Total                          Min: 0, Avg: 241.5, Max: 518, Diff: 518, Sum: 966, Workers: 4
[1589.956s][debug][gc,phases      ] GC(54)   ObjectSynchronizer Weak        Min:  0.0, Avg:  0.0, Max:  0.0, Diff:  0.0, Sum:  0.0, Workers: 4
[1589.956s][debug][gc,phases      ] GC(54)     Dead                           Min: 0, Avg:  0.0, Max: 0, Diff: 0, Sum: 0, Workers: 4
[1589.956s][debug][gc,phases      ] GC(54)     Total                          Min: 0, Avg:  1.0, Max: 4, Diff: 4, Sum: 4, Workers: 4
[1589.956s][debug][gc,phases      ] GC(54)   JVMTI Tag Weak OopStorage      Min:  0.0, Avg:  0.0, Max:  0.0, Diff:  0.0, Sum:  0.0, Workers: 4
[1589.956s][debug][gc,phases      ] GC(54)     Dead                           Min: 0, Avg:  0.0, Max: 0, Diff: 0, Sum: 0, Workers: 4
[1589.956s][debug][gc,phases      ] GC(54)     Total                          Min: 0, Avg:  0.0, Max: 0, Diff: 0, Sum: 0, Workers: 4
[1589.956s][debug][gc,phases      ] GC(54)   StringTable Weak               Min:  0.0, Avg:  0.1, Max:  0.2, Diff:  0.2, Sum:  0.5, Workers: 4
[1589.956s][debug][gc,phases      ] GC(54)     Dead                           Min: 0, Avg:  0.0, Max: 0, Diff: 0, Sum: 0, Workers: 4
[1589.956s][debug][gc,phases      ] GC(54)     Total                          Min: 0, Avg: 12057.5, Max: 16487, Diff: 16487, Sum: 48230, Workers: 4
[1589.956s][debug][gc,phases      ] GC(54)   ResolvedMethodTable Weak       Min:  0.0, Avg:  0.0, Max:  0.0, Diff:  0.0, Sum:  0.1, Workers: 4
[1589.956s][debug][gc,phases      ] GC(54)     Dead                           Min: 0, Avg:  0.0, Max: 0, Diff: 0, Sum: 0, Workers: 4
[1589.956s][debug][gc,phases      ] GC(54)     Total                          Min: 0, Avg: 3309.5, Max: 4687, Diff: 4687, Sum: 13238, Workers: 4
[1589.956s][debug][gc,phases      ] GC(54)   JNI Weak                       Min:  0.0, Avg:  0.0, Max:  0.0, Diff:  0.0, Sum:  0.0, Workers: 4
[1589.956s][debug][gc,phases      ] GC(54)     Dead                           Min: 0, Avg:  0.0, Max: 0, Diff: 0, Sum: 0, Workers: 4
[1589.956s][debug][gc,phases      ] GC(54)     Total                          Min: 0, Avg: 12.0, Max: 48, Diff: 48, Sum: 48, Workers: 4
[1589.957s][debug][gc,phases      ] GC(54)   StringDedup Table Weak         Min:  0.0, Avg:  0.0, Max:  0.0, Diff:  0.0, Sum:  0.0, Workers: 4
[1589.957s][debug][gc,phases      ] GC(54)     Dead                           Min: 0, Avg:  0.0, Max: 0, Diff: 0, Sum: 0, Workers: 4
[1589.957s][debug][gc,phases      ] GC(54)     Total                          Min: 0, Avg:  0.0, Max: 0, Diff: 0, Sum: 0, Workers: 4
[1589.957s][debug][gc,phases      ] GC(54)   StringDedup Requests0 Weak     Min:  0.0, Avg:  0.0, Max:  0.0, Diff:  0.0, Sum:  0.0, Workers: 4
[1589.957s][debug][gc,phases      ] GC(54)     Dead                           Min: 0, Avg:  0.0, Max: 0, Diff: 0, Sum: 0, Workers: 4
[1589.957s][debug][gc,phases      ] GC(54)     Total                          Min: 0, Avg:  0.0, Max: 0, Diff: 0, Sum: 0, Workers: 4
[1589.957s][debug][gc,phases      ] GC(54)   StringDedup Requests1 Weak     Min:  0.0, Avg:  0.0, Max:  0.0, Diff:  0.0, Sum:  0.0, Workers: 4
[1589.957s][debug][gc,phases      ] GC(54)     Dead                           Min: 0, Avg:  0.0, Max: 0, Diff: 0, Sum: 0, Workers: 4
[1589.957s][debug][gc,phases      ] GC(54)     Total                          Min: 0, Avg:  0.0, Max: 0, Diff: 0, Sum: 0, Workers: 4
[1589.957s][debug][gc,phases      ] GC(54)   Weak JFR Old Object Samples    Min:  0.0, Avg:  0.0, Max:  0.0, Diff:  0.0, Sum:  0.0, Workers: 4
[1589.957s][debug][gc,phases      ] GC(54)     Dead                           Min: 0, Avg:  0.0, Max: 0, Diff: 0, Sum: 0, Workers: 4
[1589.957s][debug][gc,phases      ] GC(54)     Total                          Min: 0, Avg:  0.0, Max: 0, Diff: 0, Sum: 0, Workers: 4
[1589.957s][debug][gc,phases      ] GC(54) Weak Processing 0.462ms
[1589.957s][debug][gc,age         ] GC(54) Desired survivor size 26738688 bytes, new threshold 1 (max threshold 15)
[1589.957s][info ][gc,heap        ] GC(54) PSYoungGen: 2036688K(2064896K)->2672K(2071040K) Eden: 2034688K(2034688K)->0K(2042880K) From: 2000K(30208K)->2672K(28160K)
[1589.957s][info ][gc,heap        ] GC(54) ParOldGen: 300445K(300544K)->300665K(301056K)
[1589.957s][info ][gc,metaspace   ] GC(54) Metaspace: 95320K(96576K)->95320K(96576K) NonClass: 81329K(82048K)->81329K(82048K) Class: 13991K(14528K)->13991K(14528K)
[1589.957s][info ][gc             ] GC(54) Pause Young (Allocation Failure) 2282M->296M(2316M) 4.702ms
[1589.957s][info ][gc,cpu         ] GC(54) User=0.01s Sys=0.00s Real=0.01s
[1589.957s][info ][safepoint      ] Safepoint "ParallelGCFailedAllocation", Time since last: 27361066142 ns, Reaching safepoint: 597311 ns, Cleanup: 5300 ns, At safepoint: 4806685 ns, Total: 5409296 ns
[1612.958s][info ][safepoint      ] Safepoint "Cleanup", Time since last: 23001678844 ns, Reaching safepoint: 5601 ns, Cleanup: 9200 ns, At safepoint: 2200 ns, Total: 17001 ns
[1624.617s][info ][safepoint      ] Safepoint "Cleanup", Time since last: 11658866059 ns, Reaching safepoint: 11201 ns, Cleanup: 18800 ns, At safepoint: 2900 ns, Total: 32901 ns
[1625.617s][info ][safepoint      ] Safepoint "Cleanup", Time since last: 1000129660 ns, Reaching safepoint: 8400 ns, Cleanup: 12500 ns, At safepoint: 3200 ns, Total: 24100 ns
[1635.618s][info ][safepoint      ] Safepoint "Cleanup", Time since last: 10000821246 ns, Reaching safepoint: 7400 ns, Cleanup: 13000 ns, At safepoint: 2700 ns, Total: 23100 ns
[1638.619s][info ][safepoint      ] Safepoint "Cleanup", Time since last: 3000253324 ns, Reaching safepoint: 8200 ns, Cleanup: 24800 ns, At safepoint: 2601 ns, Total: 35601 ns
[1641.209s][info ][gc,start       ] GC(55) Pause Young (Allocation Failure)
[1641.212s][debug][gc,phases      ] GC(55) Scavenge 3.407ms
[1641.212s][debug][gc,ref         ] GC(55) ReferenceProcessor::execute queues: 1, RefProcThreadModel::Single, marks_oops_alive: false
[1641.212s][debug][gc,ref         ] GC(55) Skipped KeepAliveFinalRefsPhase of Reference Processing: no references
[1641.212s][debug][gc,ref         ] GC(55) ReferenceProcessor::execute queues: 1, RefProcThreadModel::Single, marks_oops_alive: false
[1641.212s][debug][gc,phases      ] GC(55) Reference Processing 0.116ms
[1641.213s][debug][gc,phases      ] GC(55)   VM Weak                        Min:  0.0, Avg:  0.0, Max:  0.0, Diff:  0.0, Sum:  0.0, Workers: 4
[1641.213s][debug][gc,phases      ] GC(55)     Dead                           Min: 0, Avg:  0.0, Max: 0, Diff: 0, Sum: 0, Workers: 4
[1641.213s][debug][gc,phases      ] GC(55)     Total                          Min: 0, Avg: 241.5, Max: 704, Diff: 704, Sum: 966, Workers: 4
[1641.213s][debug][gc,phases      ] GC(55)   ObjectSynchronizer Weak        Min:  0.0, Avg:  0.0, Max:  0.0, Diff:  0.0, Sum:  0.0, Workers: 4
[1641.213s][debug][gc,phases      ] GC(55)     Dead                           Min: 0, Avg:  0.0, Max: 0, Diff: 0, Sum: 0, Workers: 4
[1641.213s][debug][gc,phases      ] GC(55)     Total                          Min: 0, Avg:  1.0, Max: 4, Diff: 4, Sum: 4, Workers: 4
[1641.213s][debug][gc,phases      ] GC(55)   JVMTI Tag Weak OopStorage      Min:  0.0, Avg:  0.0, Max:  0.0, Diff:  0.0, Sum:  0.0, Workers: 4
[1641.213s][debug][gc,phases      ] GC(55)     Dead                           Min: 0, Avg:  0.0, Max: 0, Diff: 0, Sum: 0, Workers: 4
[1641.213s][debug][gc,phases      ] GC(55)     Total                          Min: 0, Avg:  0.0, Max: 0, Diff: 0, Sum: 0, Workers: 4
[1641.213s][debug][gc,phases      ] GC(55)   StringTable Weak               Min:  0.0, Avg:  0.1, Max:  0.2, Diff:  0.2, Sum:  0.4, Workers: 4
[1641.213s][debug][gc,phases      ] GC(55)     Dead                           Min: 0, Avg:  0.0, Max: 0, Diff: 0, Sum: 0, Workers: 4
[1641.213s][debug][gc,phases      ] GC(55)     Total                          Min: 0, Avg: 12058.5, Max: 26751, Diff: 26751, Sum: 48234, Workers: 4
[1641.213s][debug][gc,phases      ] GC(55)   ResolvedMethodTable Weak       Min:  0.0, Avg:  0.0, Max:  0.1, Diff:  0.1, Sum:  0.1, Workers: 4
[1641.213s][debug][gc,phases      ] GC(55)     Dead                           Min: 0, Avg:  0.5, Max: 2, Diff: 2, Sum: 2, Workers: 4
[1641.213s][debug][gc,phases      ] GC(55)     Total                          Min: 0, Avg: 3310.5, Max: 7580, Diff: 7580, Sum: 13242, Workers: 4
[1641.213s][debug][gc,phases      ] GC(55)   JNI Weak                       Min:  0.0, Avg:  0.0, Max:  0.0, Diff:  0.0, Sum:  0.0, Workers: 4
[1641.213s][debug][gc,phases      ] GC(55)     Dead                           Min: 0, Avg:  0.0, Max: 0, Diff: 0, Sum: 0, Workers: 4
[1641.213s][debug][gc,phases      ] GC(55)     Total                          Min: 0, Avg: 12.0, Max: 48, Diff: 48, Sum: 48, Workers: 4
[1641.213s][debug][gc,phases      ] GC(55)   StringDedup Table Weak         Min:  0.0, Avg:  0.0, Max:  0.0, Diff:  0.0, Sum:  0.0, Workers: 4
[1641.213s][debug][gc,phases      ] GC(55)     Dead                           Min: 0, Avg:  0.0, Max: 0, Diff: 0, Sum: 0, Workers: 4
[1641.213s][debug][gc,phases      ] GC(55)     Total                          Min: 0, Avg:  0.0, Max: 0, Diff: 0, Sum: 0, Workers: 4
[1641.213s][debug][gc,phases      ] GC(55)   StringDedup Requests0 Weak     Min:  0.0, Avg:  0.0, Max:  0.0, Diff:  0.0, Sum:  0.0, Workers: 4
[1641.213s][debug][gc,phases      ] GC(55)     Dead                           Min: 0, Avg:  0.0, Max: 0, Diff: 0, Sum: 0, Workers: 4
[1641.213s][debug][gc,phases      ] GC(55)     Total                          Min: 0, Avg:  0.0, Max: 0, Diff: 0, Sum: 0, Workers: 4
[1641.213s][debug][gc,phases      ] GC(55)   StringDedup Requests1 Weak     Min:  0.0, Avg:  0.0, Max:  0.0, Diff:  0.0, Sum:  0.0, Workers: 4
[1641.213s][debug][gc,phases      ] GC(55)     Dead                           Min: 0, Avg:  0.0, Max: 0, Diff: 0, Sum: 0, Workers: 4
[1641.213s][debug][gc,phases      ] GC(55)     Total                          Min: 0, Avg:  0.0, Max: 0, Diff: 0, Sum: 0, Workers: 4
[1641.213s][debug][gc,phases      ] GC(55)   Weak JFR Old Object Samples    Min:  0.0, Avg:  0.0, Max:  0.0, Diff:  0.0, Sum:  0.0, Workers: 4
[1641.213s][debug][gc,phases      ] GC(55)     Dead                           Min: 0, Avg:  0.0, Max: 0, Diff: 0, Sum: 0, Workers: 4
[1641.213s][debug][gc,phases      ] GC(55)     Total                          Min: 0, Avg:  0.0, Max: 0, Diff: 0, Sum: 0, Workers: 4
[1641.213s][debug][gc,phases      ] GC(55) Weak Processing 0.537ms
[1641.213s][debug][gc,age         ] GC(55) Desired survivor size 24641536 bytes, new threshold 1 (max threshold 15)
[1641.213s][info ][gc,heap        ] GC(55) PSYoungGen: 2045552K(2071040K)->2592K(2068992K) Eden: 2042880K(2042880K)->0K(2042880K) From: 2672K(28160K)->2592K(26112K)
[1641.213s][info ][gc,heap        ] GC(55) ParOldGen: 300665K(301056K)->301109K(301568K)
[1641.213s][info ][gc,metaspace   ] GC(55) Metaspace: 95327K(96576K)->95327K(96576K) NonClass: 81335K(82048K)->81335K(82048K) Class: 13992K(14528K)->13992K(14528K)
[1641.213s][info ][gc             ] GC(55) Pause Young (Allocation Failure) 2291M->296M(2315M) 4.214ms
[1641.213s][info ][gc,cpu         ] GC(55) User=0.02s Sys=0.00s Real=0.00s
[1641.213s][info ][safepoint      ] Safepoint "ParallelGCFailedAllocation", Time since last: 2590144304 ns, Reaching safepoint: 7600 ns, Cleanup: 4200 ns, At safepoint: 4298180 ns, Total: 4309980 ns
[1642.213s][info ][safepoint      ] Safepoint "Cleanup", Time since last: 1000053512 ns, Reaching safepoint: 7100 ns, Cleanup: 9300 ns, At safepoint: 2500 ns, Total: 18900 ns
[1643.213s][info ][safepoint      ] Safepoint "Cleanup", Time since last: 1000211115 ns, Reaching safepoint: 6000 ns, Cleanup: 9700 ns, At safepoint: 3000 ns, Total: 18700 ns
[1645.214s][info ][safepoint      ] Safepoint "Cleanup", Time since last: 2000175425 ns, Reaching safepoint: 5900 ns, Cleanup: 19300 ns, At safepoint: 2300 ns, Total: 27500 ns
[1646.214s][info ][safepoint      ] Safepoint "Cleanup", Time since last: 1000107928 ns, Reaching safepoint: 6300 ns, Cleanup: 8100 ns, At safepoint: 2700 ns, Total: 17100 ns
[1648.214s][info ][safepoint      ] Safepoint "Cleanup", Time since last: 2000169074 ns, Reaching safepoint: 5700 ns, Cleanup: 10200 ns, At safepoint: 2500 ns, Total: 18400 ns
[1649.214s][info ][safepoint      ] Safepoint "Cleanup", Time since last: 1000110538 ns, Reaching safepoint: 7500 ns, Cleanup: 11800 ns, At safepoint: 2600 ns, Total: 21900 ns
[1652.215s][info ][safepoint      ] Safepoint "Cleanup", Time since last: 3000556750 ns, Reaching safepoint: 6900 ns, Cleanup: 9300 ns, At safepoint: 2800 ns, Total: 19000 ns
[1657.215s][info ][safepoint      ] Safepoint "Cleanup", Time since last: 5000383404 ns, Reaching safepoint: 7401 ns, Cleanup: 11700 ns, At safepoint: 2800 ns, Total: 21901 ns
[1664.216s][info ][safepoint      ] Safepoint "Cleanup", Time since last: 7000750369 ns, Reaching safepoint: 6200 ns, Cleanup: 11600 ns, At safepoint: 2900 ns, Total: 20700 ns
[1676.217s][info ][safepoint      ] Safepoint "Cleanup", Time since last: 12001425253 ns, Reaching safepoint: 6901 ns, Cleanup: 10500 ns, At safepoint: 2600 ns, Total: 20001 ns
[1679.217s][info ][safepoint      ] Safepoint "Cleanup", Time since last: 3000258566 ns, Reaching safepoint: 7701 ns, Cleanup: 11500 ns, At safepoint: 2700 ns, Total: 21901 ns
[1683.647s][info ][safepoint      ] Safepoint "Cleanup", Time since last: 4429543450 ns, Reaching safepoint: 6500 ns, Cleanup: 12001 ns, At safepoint: 2800 ns, Total: 21301 ns
[1685.647s][info ][safepoint      ] Safepoint "Cleanup", Time since last: 2000188986 ns, Reaching safepoint: 6000 ns, Cleanup: 11100 ns, At safepoint: 2600 ns, Total: 19700 ns
[1689.135s][info ][gc,start       ] GC(56) Pause Young (Allocation Failure)
[1689.140s][debug][gc,phases      ] GC(56) Scavenge 4.973ms
[1689.140s][debug][gc,ref         ] GC(56) ReferenceProcessor::execute queues: 1, RefProcThreadModel::Single, marks_oops_alive: false
[1689.140s][debug][gc,ref         ] GC(56) Skipped KeepAliveFinalRefsPhase of Reference Processing: no references
[1689.140s][debug][gc,ref         ] GC(56) Skipped PhantomRefsPhase of Reference Processing: no references
[1689.140s][debug][gc,phases      ] GC(56) Reference Processing 0.171ms
[1689.141s][debug][gc,phases      ] GC(56)   VM Weak                        Min:  0.0, Avg:  0.0, Max:  0.0, Diff:  0.0, Sum:  0.0, Workers: 4
[1689.141s][debug][gc,phases      ] GC(56)     Dead                           Min: 0, Avg:  0.0, Max: 0, Diff: 0, Sum: 0, Workers: 4
[1689.141s][debug][gc,phases      ] GC(56)     Total                          Min: 0, Avg: 241.5, Max: 704, Diff: 704, Sum: 966, Workers: 4
[1689.141s][debug][gc,phases      ] GC(56)   ObjectSynchronizer Weak        Min:  0.0, Avg:  0.0, Max:  0.0, Diff:  0.0, Sum:  0.0, Workers: 4
[1689.141s][debug][gc,phases      ] GC(56)     Dead                           Min: 0, Avg:  0.0, Max: 0, Diff: 0, Sum: 0, Workers: 4
[1689.141s][debug][gc,phases      ] GC(56)     Total                          Min: 0, Avg:  1.0, Max: 4, Diff: 4, Sum: 4, Workers: 4
[1689.141s][debug][gc,phases      ] GC(56)   JVMTI Tag Weak OopStorage      Min:  0.0, Avg:  0.0, Max:  0.0, Diff:  0.0, Sum:  0.0, Workers: 4
[1689.141s][debug][gc,phases      ] GC(56)     Dead                           Min: 0, Avg:  0.0, Max: 0, Diff: 0, Sum: 0, Workers: 4
[1689.141s][debug][gc,phases      ] GC(56)     Total                          Min: 0, Avg:  0.0, Max: 0, Diff: 0, Sum: 0, Workers: 4
[1689.141s][debug][gc,phases      ] GC(56)   StringTable Weak               Min:  0.0, Avg:  0.1, Max:  0.2, Diff:  0.2, Sum:  0.4, Workers: 4
[1689.141s][debug][gc,phases      ] GC(56)     Dead                           Min: 0, Avg:  0.0, Max: 0, Diff: 0, Sum: 0, Workers: 4
[1689.141s][debug][gc,phases      ] GC(56)     Total                          Min: 0, Avg: 12060.0, Max: 24191, Diff: 24191, Sum: 48240, Workers: 4
[1689.141s][debug][gc,phases      ] GC(56)   ResolvedMethodTable Weak       Min:  0.0, Avg:  0.1, Max:  0.2, Diff:  0.2, Sum:  0.3, Workers: 4
[1689.141s][debug][gc,phases      ] GC(56)     Dead                           Min: 0, Avg:  0.0, Max: 0, Diff: 0, Sum: 0, Workers: 4
[1689.141s][debug][gc,phases      ] GC(56)     Total                          Min: 0, Avg: 3310.5, Max: 6062, Diff: 6062, Sum: 13242, Workers: 4
[1689.141s][debug][gc,phases      ] GC(56)   JNI Weak                       Min:  0.0, Avg:  0.0, Max:  0.0, Diff:  0.0, Sum:  0.0, Workers: 4
[1689.141s][debug][gc,phases      ] GC(56)     Dead                           Min: 0, Avg:  0.0, Max: 0, Diff: 0, Sum: 0, Workers: 4
[1689.141s][debug][gc,phases      ] GC(56)     Total                          Min: 0, Avg: 12.0, Max: 48, Diff: 48, Sum: 48, Workers: 4
[1689.141s][debug][gc,phases      ] GC(56)   StringDedup Table Weak         Min:  0.0, Avg:  0.0, Max:  0.0, Diff:  0.0, Sum:  0.0, Workers: 4
[1689.141s][debug][gc,phases      ] GC(56)     Dead                           Min: 0, Avg:  0.0, Max: 0, Diff: 0, Sum: 0, Workers: 4
[1689.141s][debug][gc,phases      ] GC(56)     Total                          Min: 0, Avg:  0.0, Max: 0, Diff: 0, Sum: 0, Workers: 4
[1689.141s][debug][gc,phases      ] GC(56)   StringDedup Requests0 Weak     Min:  0.0, Avg:  0.0, Max:  0.0, Diff:  0.0, Sum:  0.0, Workers: 4
[1689.141s][debug][gc,phases      ] GC(56)     Dead                           Min: 0, Avg:  0.0, Max: 0, Diff: 0, Sum: 0, Workers: 4
[1689.141s][debug][gc,phases      ] GC(56)     Total                          Min: 0, Avg:  0.0, Max: 0, Diff: 0, Sum: 0, Workers: 4
[1689.141s][debug][gc,phases      ] GC(56)   StringDedup Requests1 Weak     Min:  0.0, Avg:  0.0, Max:  0.0, Diff:  0.0, Sum:  0.0, Workers: 4
[1689.141s][debug][gc,phases      ] GC(56)     Dead                           Min: 0, Avg:  0.0, Max: 0, Diff: 0, Sum: 0, Workers: 4
[1689.141s][debug][gc,phases      ] GC(56)     Total                          Min: 0, Avg:  0.0, Max: 0, Diff: 0, Sum: 0, Workers: 4
[1689.141s][debug][gc,phases      ] GC(56)   Weak JFR Old Object Samples    Min:  0.0, Avg:  0.0, Max:  0.0, Diff:  0.0, Sum:  0.0, Workers: 4
[1689.141s][debug][gc,phases      ] GC(56)     Dead                           Min: 0, Avg:  0.0, Max: 0, Diff: 0, Sum: 0, Workers: 4
[1689.141s][debug][gc,phases      ] GC(56)     Total                          Min: 0, Avg:  0.0, Max: 0, Diff: 0, Sum: 0, Workers: 4
[1689.141s][debug][gc,phases      ] GC(56) Weak Processing 0.646ms
[1689.141s][debug][gc,age         ] GC(56) Desired survivor size 23068672 bytes, new threshold 1 (max threshold 15)
[1689.141s][info ][gc,heap        ] GC(56) PSYoungGen: 2045472K(2068992K)->3248K(2074624K) Eden: 2042880K(2042880K)->0K(2050560K) From: 2592K(26112K)->3248K(24064K)
[1689.141s][info ][gc,heap        ] GC(56) ParOldGen: 301109K(301568K)->301365K(301568K)
[1689.141s][info ][gc,metaspace   ] GC(56) Metaspace: 95339K(96640K)->95339K(96640K) NonClass: 81346K(82112K)->81346K(82112K) Class: 13992K(14528K)->13992K(14528K)
[1689.141s][info ][gc             ] GC(56) Pause Young (Allocation Failure) 2291M->297M(2320M) 5.951ms
[1689.141s][info ][gc,cpu         ] GC(56) User=0.02s Sys=0.00s Real=0.01s
[1689.141s][info ][safepoint      ] Safepoint "ParallelGCFailedAllocation", Time since last: 3487628630 ns, Reaching safepoint: 7200 ns, Cleanup: 4600 ns, At safepoint: 6036108 ns, Total: 6047908 ns
[1702.142s][info ][safepoint      ] Safepoint "Cleanup", Time since last: 13001411557 ns, Reaching safepoint: 6700 ns, Cleanup: 12700 ns, At safepoint: 3500 ns, Total: 22900 ns
[1706.143s][info ][safepoint      ] Safepoint "Cleanup", Time since last: 4000331233 ns, Reaching safepoint: 78702 ns, Cleanup: 10500 ns, At safepoint: 6200 ns, Total: 95402 ns
[1732.145s][info ][safepoint      ] Safepoint "Cleanup", Time since last: 26001946626 ns, Reaching safepoint: 5700 ns, Cleanup: 9900 ns, At safepoint: 32501 ns, Total: 48101 ns
[1732.192s][info ][gc,start       ] GC(57) Pause Young (Allocation Failure)
[1732.196s][debug][gc,phases      ] GC(57) Scavenge 3.362ms
[1732.196s][debug][gc,ref         ] GC(57) ReferenceProcessor::execute queues: 1, RefProcThreadModel::Single, marks_oops_alive: false
[1732.196s][debug][gc,ref         ] GC(57) Skipped KeepAliveFinalRefsPhase of Reference Processing: no references
[1732.196s][debug][gc,ref         ] GC(57) Skipped PhantomRefsPhase of Reference Processing: no references
[1732.196s][debug][gc,phases      ] GC(57) Reference Processing 0.127ms
[1732.196s][debug][gc,phases      ] GC(57)   VM Weak                        Min:  0.0, Avg:  0.0, Max:  0.0, Diff:  0.0, Sum:  0.0, Workers: 4
[1732.196s][debug][gc,phases      ] GC(57)     Dead                           Min: 0, Avg:  0.0, Max: 0, Diff: 0, Sum: 0, Workers: 4
[1732.196s][debug][gc,phases      ] GC(57)     Total                          Min: 0, Avg: 241.5, Max: 838, Diff: 838, Sum: 966, Workers: 4
[1732.196s][debug][gc,phases      ] GC(57)   ObjectSynchronizer Weak        Min:  0.0, Avg:  0.0, Max:  0.0, Diff:  0.0, Sum:  0.0, Workers: 4
[1732.196s][debug][gc,phases      ] GC(57)     Dead                           Min: 0, Avg:  0.0, Max: 0, Diff: 0, Sum: 0, Workers: 4
[1732.196s][debug][gc,phases      ] GC(57)     Total                          Min: 0, Avg:  1.0, Max: 4, Diff: 4, Sum: 4, Workers: 4
[1732.196s][debug][gc,phases      ] GC(57)   JVMTI Tag Weak OopStorage      Min:  0.0, Avg:  0.0, Max:  0.0, Diff:  0.0, Sum:  0.0, Workers: 4
[1732.196s][debug][gc,phases      ] GC(57)     Dead                           Min: 0, Avg:  0.0, Max: 0, Diff: 0, Sum: 0, Workers: 4
[1732.196s][debug][gc,phases      ] GC(57)     Total                          Min: 0, Avg:  0.0, Max: 0, Diff: 0, Sum: 0, Workers: 4
[1732.196s][debug][gc,phases      ] GC(57)   StringTable Weak               Min:  0.0, Avg:  0.1, Max:  0.2, Diff:  0.2, Sum:  0.5, Workers: 4
[1732.196s][debug][gc,phases      ] GC(57)     Dead                           Min: 0, Avg:  0.0, Max: 0, Diff: 0, Sum: 0, Workers: 4
[1732.196s][debug][gc,phases      ] GC(57)     Total                          Min: 0, Avg: 12060.0, Max: 16192, Diff: 16192, Sum: 48240, Workers: 4
[1732.196s][debug][gc,phases      ] GC(57)   ResolvedMethodTable Weak       Min:  0.0, Avg:  0.0, Max:  0.0, Diff:  0.0, Sum:  0.1, Workers: 4
[1732.196s][debug][gc,phases      ] GC(57)     Dead                           Min: 0, Avg:  0.0, Max: 0, Diff: 0, Sum: 0, Workers: 4
[1732.196s][debug][gc,phases      ] GC(57)     Total                          Min: 2430, Avg: 3310.5, Max: 3949, Diff: 1519, Sum: 13242, Workers: 4
[1732.196s][debug][gc,phases      ] GC(57)   JNI Weak                       Min:  0.0, Avg:  0.0, Max:  0.0, Diff:  0.0, Sum:  0.0, Workers: 4
[1732.196s][debug][gc,phases      ] GC(57)     Dead                           Min: 0, Avg:  0.0, Max: 0, Diff: 0, Sum: 0, Workers: 4
[1732.196s][debug][gc,phases      ] GC(57)     Total                          Min: 0, Avg: 12.0, Max: 48, Diff: 48, Sum: 48, Workers: 4
[1732.196s][debug][gc,phases      ] GC(57)   StringDedup Table Weak         Min:  0.0, Avg:  0.0, Max:  0.0, Diff:  0.0, Sum:  0.0, Workers: 4
[1732.196s][debug][gc,phases      ] GC(57)     Dead                           Min: 0, Avg:  0.0, Max: 0, Diff: 0, Sum: 0, Workers: 4
[1732.196s][debug][gc,phases      ] GC(57)     Total                          Min: 0, Avg:  0.0, Max: 0, Diff: 0, Sum: 0, Workers: 4
[1732.196s][debug][gc,phases      ] GC(57)   StringDedup Requests0 Weak     Min:  0.0, Avg:  0.0, Max:  0.0, Diff:  0.0, Sum:  0.0, Workers: 4
[1732.196s][debug][gc,phases      ] GC(57)     Dead                           Min: 0, Avg:  0.0, Max: 0, Diff: 0, Sum: 0, Workers: 4
[1732.196s][debug][gc,phases      ] GC(57)     Total                          Min: 0, Avg:  0.0, Max: 0, Diff: 0, Sum: 0, Workers: 4
[1732.196s][debug][gc,phases      ] GC(57)   StringDedup Requests1 Weak     Min:  0.0, Avg:  0.0, Max:  0.0, Diff:  0.0, Sum:  0.0, Workers: 4
[1732.196s][debug][gc,phases      ] GC(57)     Dead                           Min: 0, Avg:  0.0, Max: 0, Diff: 0, Sum: 0, Workers: 4
[1732.196s][debug][gc,phases      ] GC(57)     Total                          Min: 0, Avg:  0.0, Max: 0, Diff: 0, Sum: 0, Workers: 4
[1732.196s][debug][gc,phases      ] GC(57)   Weak JFR Old Object Samples    Min:  0.0, Avg:  0.0, Max:  0.0, Diff:  0.0, Sum:  0.0, Workers: 4
[1732.196s][debug][gc,phases      ] GC(57)     Dead                           Min: 0, Avg:  0.0, Max: 0, Diff: 0, Sum: 0, Workers: 4
[1732.196s][debug][gc,phases      ] GC(57)     Total                          Min: 0, Avg:  0.0, Max: 0, Diff: 0, Sum: 0, Workers: 4
[1732.196s][debug][gc,phases      ] GC(57) Weak Processing 0.464ms
[1732.196s][debug][gc,age         ] GC(57) Desired survivor size 21495808 bytes, new threshold 1 (max threshold 15)
[1732.196s][info ][gc,heap        ] GC(57) PSYoungGen: 2053808K(2074624K)->2192K(2073088K) Eden: 2050560K(2050560K)->0K(2050560K) From: 3248K(24064K)->2192K(22528K)
[1732.196s][info ][gc,heap        ] GC(57) ParOldGen: 301365K(301568K)->302705K(303104K)
[1732.196s][info ][gc,metaspace   ] GC(57) Metaspace: 95346K(96640K)->95346K(96640K) NonClass: 81353K(82112K)->81353K(82112K) Class: 13992K(14528K)->13992K(14528K)
[1732.196s][info ][gc             ] GC(57) Pause Young (Allocation Failure) 2299M->297M(2320M) 4.098ms
[1732.196s][info ][gc,cpu         ] GC(57) User=0.01s Sys=0.00s Real=0.01s
[1732.196s][info ][safepoint      ] Safepoint "ParallelGCFailedAllocation", Time since last: 47480438 ns, Reaching safepoint: 6400 ns, Cleanup: 4700 ns, At safepoint: 4186674 ns, Total: 4197774 ns
[1774.669s][info ][safepoint      ] Safepoint "Cleanup", Time since last: 42472829093 ns, Reaching safepoint: 9800 ns, Cleanup: 13300 ns, At safepoint: 44601 ns, Total: 67701 ns
[1777.994s][info ][gc,start       ] GC(58) Pause Young (Allocation Failure)
[1777.998s][debug][gc,phases      ] GC(58) Scavenge 3.471ms
[1777.998s][debug][gc,ref         ] GC(58) ReferenceProcessor::execute queues: 1, RefProcThreadModel::Single, marks_oops_alive: false
[1777.998s][debug][gc,ref         ] GC(58) Skipped KeepAliveFinalRefsPhase of Reference Processing: no references
[1777.998s][debug][gc,ref         ] GC(58) Skipped PhantomRefsPhase of Reference Processing: no references
[1777.998s][debug][gc,phases      ] GC(58) Reference Processing 0.135ms
[1777.998s][debug][gc,phases      ] GC(58)   VM Weak                        Min:  0.0, Avg:  0.0, Max:  0.0, Diff:  0.0, Sum:  0.0, Workers: 4
[1777.998s][debug][gc,phases      ] GC(58)     Dead                           Min: 0, Avg:  0.0, Max: 0, Diff: 0, Sum: 0, Workers: 4
[1777.998s][debug][gc,phases      ] GC(58)     Total                          Min: 0, Avg: 241.5, Max: 902, Diff: 902, Sum: 966, Workers: 4
[1777.998s][debug][gc,phases      ] GC(58)   ObjectSynchronizer Weak        Min:  0.0, Avg:  0.0, Max:  0.0, Diff:  0.0, Sum:  0.0, Workers: 4
[1777.998s][debug][gc,phases      ] GC(58)     Dead                           Min: 0, Avg:  0.0, Max: 0, Diff: 0, Sum: 0, Workers: 4
[1777.998s][debug][gc,phases      ] GC(58)     Total                          Min: 0, Avg:  1.0, Max: 4, Diff: 4, Sum: 4, Workers: 4
[1777.998s][debug][gc,phases      ] GC(58)   JVMTI Tag Weak OopStorage      Min:  0.0, Avg:  0.0, Max:  0.0, Diff:  0.0, Sum:  0.0, Workers: 4
[1777.998s][debug][gc,phases      ] GC(58)     Dead                           Min: 0, Avg:  0.0, Max: 0, Diff: 0, Sum: 0, Workers: 4
[1777.998s][debug][gc,phases      ] GC(58)     Total                          Min: 0, Avg:  0.0, Max: 0, Diff: 0, Sum: 0, Workers: 4
[1777.998s][debug][gc,phases      ] GC(58)   StringTable Weak               Min:  0.1, Avg:  0.1, Max:  0.1, Diff:  0.0, Sum:  0.5, Workers: 4
[1777.998s][debug][gc,phases      ] GC(58)     Dead                           Min: 0, Avg:  0.0, Max: 0, Diff: 0, Sum: 0, Workers: 4
[1777.998s][debug][gc,phases      ] GC(58)     Total                          Min: 11377, Avg: 12060.0, Max: 12608, Diff: 1231, Sum: 48240, Workers: 4
[1777.998s][debug][gc,phases      ] GC(58)   ResolvedMethodTable Weak       Min:  0.0, Avg:  0.0, Max:  0.0, Diff:  0.0, Sum:  0.1, Workers: 4
[1777.998s][debug][gc,phases      ] GC(58)     Dead                           Min: 0, Avg:  0.0, Max: 0, Diff: 0, Sum: 0, Workers: 4
[1777.998s][debug][gc,phases      ] GC(58)     Total                          Min: 3210, Avg: 3310.5, Max: 3399, Diff: 189, Sum: 13242, Workers: 4
[1777.998s][debug][gc,phases      ] GC(58)   JNI Weak                       Min:  0.0, Avg:  0.0, Max:  0.0, Diff:  0.0, Sum:  0.0, Workers: 4
[1777.998s][debug][gc,phases      ] GC(58)     Dead                           Min: 0, Avg:  0.0, Max: 0, Diff: 0, Sum: 0, Workers: 4
[1777.998s][debug][gc,phases      ] GC(58)     Total                          Min: 0, Avg: 12.0, Max: 48, Diff: 48, Sum: 48, Workers: 4
[1777.998s][debug][gc,phases      ] GC(58)   StringDedup Table Weak         Min:  0.0, Avg:  0.0, Max:  0.0, Diff:  0.0, Sum:  0.0, Workers: 4
[1777.998s][debug][gc,phases      ] GC(58)     Dead                           Min: 0, Avg:  0.0, Max: 0, Diff: 0, Sum: 0, Workers: 4
[1777.998s][debug][gc,phases      ] GC(58)     Total                          Min: 0, Avg:  0.0, Max: 0, Diff: 0, Sum: 0, Workers: 4
[1777.998s][debug][gc,phases      ] GC(58)   StringDedup Requests0 Weak     Min:  0.0, Avg:  0.0, Max:  0.0, Diff:  0.0, Sum:  0.0, Workers: 4
[1777.998s][debug][gc,phases      ] GC(58)     Dead                           Min: 0, Avg:  0.0, Max: 0, Diff: 0, Sum: 0, Workers: 4
[1777.998s][debug][gc,phases      ] GC(58)     Total                          Min: 0, Avg:  0.0, Max: 0, Diff: 0, Sum: 0, Workers: 4
[1777.998s][debug][gc,phases      ] GC(58)   StringDedup Requests1 Weak     Min:  0.0, Avg:  0.0, Max:  0.0, Diff:  0.0, Sum:  0.0, Workers: 4
[1777.998s][debug][gc,phases      ] GC(58)     Dead                           Min: 0, Avg:  0.0, Max: 0, Diff: 0, Sum: 0, Workers: 4
[1777.998s][debug][gc,phases      ] GC(58)     Total                          Min: 0, Avg:  0.0, Max: 0, Diff: 0, Sum: 0, Workers: 4
[1777.998s][debug][gc,phases      ] GC(58)   Weak JFR Old Object Samples    Min:  0.0, Avg:  0.0, Max:  0.0, Diff:  0.0, Sum:  0.0, Workers: 4
[1777.998s][debug][gc,phases      ] GC(58)     Dead                           Min: 0, Avg:  0.0, Max: 0, Diff: 0, Sum: 0, Workers: 4
[1777.998s][debug][gc,phases      ] GC(58)     Total                          Min: 0, Avg:  0.0, Max: 0, Diff: 0, Sum: 0, Workers: 4
[1777.998s][debug][gc,phases      ] GC(58) Weak Processing 0.407ms
[1777.998s][debug][gc,age         ] GC(58) Desired survivor size 19922944 bytes, new threshold 1 (max threshold 15)
[1777.998s][info ][gc,heap        ] GC(58) PSYoungGen: 2052727K(2073088K)->1808K(2077696K) Eden: 2050535K(2050560K)->0K(2056704K) From: 2192K(22528K)->1808K(20992K)
[1777.998s][info ][gc,heap        ] GC(58) ParOldGen: 302705K(303104K)->303493K(303616K)
[1777.998s][info ][gc,metaspace   ] GC(58) Metaspace: 95346K(96640K)->95346K(96640K) NonClass: 81353K(82112K)->81353K(82112K) Class: 13992K(14528K)->13992K(14528K)
[1777.998s][info ][gc             ] GC(58) Pause Young (Allocation Failure) 2300M->298M(2325M) 4.166ms
[1777.999s][info ][gc,cpu         ] GC(58) User=0.02s Sys=0.00s Real=0.01s
[1777.999s][info ][safepoint      ] Safepoint "ParallelGCFailedAllocation", Time since last: 3324945472 ns, Reaching safepoint: 6100 ns, Cleanup: 5000 ns, At safepoint: 4248756 ns, Total: 4259856 ns
[1800.227s][info ][safepoint      ] Safepoint "Cleanup", Time since last: 22228402617 ns, Reaching safepoint: 3700 ns, Cleanup: 14100 ns, At safepoint: 4600 ns, Total: 22400 ns
[1801.688s][info ][safepoint      ] Safepoint "Cleanup", Time since last: 1460915510 ns, Reaching safepoint: 11800 ns, Cleanup: 18501 ns, At safepoint: 3300 ns, Total: 33601 ns
[1812.689s][info ][safepoint      ] Safepoint "Cleanup", Time since last: 11000981697 ns, Reaching safepoint: 84401 ns, Cleanup: 11300 ns, At safepoint: 5900 ns, Total: 101601 ns
[1815.689s][info ][safepoint      ] Safepoint "Cleanup", Time since last: 3000240092 ns, Reaching safepoint: 82701 ns, Cleanup: 13800 ns, At safepoint: 6300 ns, Total: 102801 ns
[1820.943s][info ][gc,start       ] GC(59) Pause Young (Allocation Failure)
[1820.946s][debug][gc,phases      ] GC(59) Scavenge 3.125ms
[1820.946s][debug][gc,ref         ] GC(59) ReferenceProcessor::execute queues: 1, RefProcThreadModel::Single, marks_oops_alive: false
[1820.946s][debug][gc,ref         ] GC(59) Skipped KeepAliveFinalRefsPhase of Reference Processing: no references
[1820.946s][debug][gc,ref         ] GC(59) ReferenceProcessor::execute queues: 1, RefProcThreadModel::Single, marks_oops_alive: false
[1820.946s][debug][gc,phases      ] GC(59) Reference Processing 0.098ms
[1820.946s][debug][gc,phases      ] GC(59)   VM Weak                        Min:  0.0, Avg:  0.0, Max:  0.0, Diff:  0.0, Sum:  0.0, Workers: 4
[1820.946s][debug][gc,phases      ] GC(59)     Dead                           Min: 0, Avg:  0.0, Max: 0, Diff: 0, Sum: 0, Workers: 4
[1820.946s][debug][gc,phases      ] GC(59)     Total                          Min: 0, Avg: 241.5, Max: 838, Diff: 838, Sum: 966, Workers: 4
[1820.946s][debug][gc,phases      ] GC(59)   ObjectSynchronizer Weak        Min:  0.0, Avg:  0.0, Max:  0.0, Diff:  0.0, Sum:  0.0, Workers: 4
[1820.946s][debug][gc,phases      ] GC(59)     Dead                           Min: 0, Avg:  0.0, Max: 0, Diff: 0, Sum: 0, Workers: 4
[1820.946s][debug][gc,phases      ] GC(59)     Total                          Min: 0, Avg:  1.0, Max: 4, Diff: 4, Sum: 4, Workers: 4
[1820.946s][debug][gc,phases      ] GC(59)   JVMTI Tag Weak OopStorage      Min:  0.0, Avg:  0.0, Max:  0.0, Diff:  0.0, Sum:  0.0, Workers: 4
[1820.946s][debug][gc,phases      ] GC(59)     Dead                           Min: 0, Avg:  0.0, Max: 0, Diff: 0, Sum: 0, Workers: 4
[1820.946s][debug][gc,phases      ] GC(59)     Total                          Min: 0, Avg:  0.0, Max: 0, Diff: 0, Sum: 0, Workers: 4
[1820.946s][debug][gc,phases      ] GC(59)   StringTable Weak               Min:  0.0, Avg:  0.1, Max:  0.2, Diff:  0.2, Sum:  0.4, Workers: 4
[1820.946s][debug][gc,phases      ] GC(59)     Dead                           Min: 0, Avg:  0.5, Max: 2, Diff: 2, Sum: 2, Workers: 4
[1820.946s][debug][gc,phases      ] GC(59)     Total                          Min: 0, Avg: 12069.8, Max: 25471, Diff: 25471, Sum: 48279, Workers: 4
[1820.946s][debug][gc,phases      ] GC(59)   ResolvedMethodTable Weak       Min:  0.0, Avg:  0.0, Max:  0.1, Diff:  0.1, Sum:  0.1, Workers: 4
[1820.946s][debug][gc,phases      ] GC(59)     Dead                           Min: 0, Avg:  3.2, Max: 10, Diff: 10, Sum: 13, Workers: 4
[1820.946s][debug][gc,phases      ] GC(59)     Total                          Min: 0, Avg: 3320.0, Max: 7249, Diff: 7249, Sum: 13280, Workers: 4
[1820.946s][debug][gc,phases      ] GC(59)   JNI Weak                       Min:  0.0, Avg:  0.0, Max:  0.0, Diff:  0.0, Sum:  0.0, Workers: 4
[1820.946s][debug][gc,phases      ] GC(59)     Dead                           Min: 0, Avg:  0.0, Max: 0, Diff: 0, Sum: 0, Workers: 4
[1820.946s][debug][gc,phases      ] GC(59)     Total                          Min: 0, Avg: 12.0, Max: 48, Diff: 48, Sum: 48, Workers: 4
[1820.946s][debug][gc,phases      ] GC(59)   StringDedup Table Weak         Min:  0.0, Avg:  0.0, Max:  0.0, Diff:  0.0, Sum:  0.0, Workers: 4
[1820.946s][debug][gc,phases      ] GC(59)     Dead                           Min: 0, Avg:  0.0, Max: 0, Diff: 0, Sum: 0, Workers: 4
[1820.946s][debug][gc,phases      ] GC(59)     Total                          Min: 0, Avg:  0.0, Max: 0, Diff: 0, Sum: 0, Workers: 4
[1820.946s][debug][gc,phases      ] GC(59)   StringDedup Requests0 Weak     Min:  0.0, Avg:  0.0, Max:  0.0, Diff:  0.0, Sum:  0.0, Workers: 4
[1820.947s][debug][gc,phases      ] GC(59)     Dead                           Min: 0, Avg:  0.0, Max: 0, Diff: 0, Sum: 0, Workers: 4
[1820.947s][debug][gc,phases      ] GC(59)     Total                          Min: 0, Avg:  0.0, Max: 0, Diff: 0, Sum: 0, Workers: 4
[1820.947s][debug][gc,phases      ] GC(59)   StringDedup Requests1 Weak     Min:  0.0, Avg:  0.0, Max:  0.0, Diff:  0.0, Sum:  0.0, Workers: 4
[1820.947s][debug][gc,phases      ] GC(59)     Dead                           Min: 0, Avg:  0.0, Max: 0, Diff: 0, Sum: 0, Workers: 4
[1820.947s][debug][gc,phases      ] GC(59)     Total                          Min: 0, Avg:  0.0, Max: 0, Diff: 0, Sum: 0, Workers: 4
[1820.947s][debug][gc,phases      ] GC(59)   Weak JFR Old Object Samples    Min:  0.0, Avg:  0.0, Max:  0.0, Diff:  0.0, Sum:  0.0, Workers: 4
[1820.947s][debug][gc,phases      ] GC(59)     Dead                           Min: 0, Avg:  0.0, Max: 0, Diff: 0, Sum: 0, Workers: 4
[1820.947s][debug][gc,phases      ] GC(59)     Total                          Min: 0, Avg:  0.0, Max: 0, Diff: 0, Sum: 0, Workers: 4
[1820.947s][debug][gc,phases      ] GC(59) Weak Processing 0.553ms
[1820.947s][debug][gc,age         ] GC(59) Desired survivor size 18874368 bytes, new threshold 1 (max threshold 15)
[1820.947s][info ][gc,heap        ] GC(59) PSYoungGen: 2058512K(2077696K)->1952K(2076160K) Eden: 2056704K(2056704K)->0K(2056704K) From: 1808K(20992K)->1952K(19456K)
[1820.947s][info ][gc,heap        ] GC(59) ParOldGen: 303493K(303616K)->303833K(304128K)
[1820.947s][info ][gc,metaspace   ] GC(59) Metaspace: 95422K(96640K)->95422K(96640K) NonClass: 81412K(82112K)->81412K(82112K) Class: 14009K(14528K)->14009K(14528K)
[1820.947s][info ][gc             ] GC(59) Pause Young (Allocation Failure) 2306M->298M(2324M) 3.947ms
[1820.947s][info ][gc,cpu         ] GC(59) User=0.00s Sys=0.01s Real=0.01s
[1820.947s][info ][safepoint      ] Safepoint "ParallelGCFailedAllocation", Time since last: 5253269907 ns, Reaching safepoint: 6000 ns, Cleanup: 4700 ns, At safepoint: 4034367 ns, Total: 4045067 ns
[1828.947s][info ][safepoint      ] Safepoint "Cleanup", Time since last: 8000442347 ns, Reaching safepoint: 62301 ns, Cleanup: 9801 ns, At safepoint: 7400 ns, Total: 79502 ns
[1829.947s][info ][safepoint      ] Safepoint "Cleanup", Time since last: 1000133552 ns, Reaching safepoint: 8500 ns, Cleanup: 11900 ns, At safepoint: 2501 ns, Total: 22901 ns
[1845.951s][info ][safepoint      ] Safepoint "Cleanup", Time since last: 16003412055 ns, Reaching safepoint: 6500 ns, Cleanup: 10400 ns, At safepoint: 2200 ns, Total: 19100 ns
[1851.951s][info ][safepoint      ] Safepoint "Cleanup", Time since last: 6000481553 ns, Reaching safepoint: 6400 ns, Cleanup: 10400 ns, At safepoint: 2600 ns, Total: 19400 ns
[1852.951s][info ][safepoint      ] Safepoint "Cleanup", Time since last: 1000124210 ns, Reaching safepoint: 9000 ns, Cleanup: 19100 ns, At safepoint: 2800 ns, Total: 30900 ns
[1855.952s][info ][safepoint      ] Safepoint "Cleanup", Time since last: 3000266227 ns, Reaching safepoint: 6600 ns, Cleanup: 9900 ns, At safepoint: 3000 ns, Total: 19500 ns
[1861.708s][info ][safepoint      ] Safepoint "Cleanup", Time since last: 5756194438 ns, Reaching safepoint: 8400 ns, Cleanup: 11801 ns, At safepoint: 2600 ns, Total: 22801 ns
[1863.998s][info ][gc,start       ] GC(60) Pause Young (Allocation Failure)
[1864.002s][debug][gc,phases      ] GC(60) Scavenge 4.459ms
[1864.002s][debug][gc,ref         ] GC(60) ReferenceProcessor::execute queues: 1, RefProcThreadModel::Single, marks_oops_alive: false
[1864.002s][debug][gc,ref         ] GC(60) Skipped KeepAliveFinalRefsPhase of Reference Processing: no references
[1864.002s][debug][gc,ref         ] GC(60) ReferenceProcessor::execute queues: 1, RefProcThreadModel::Single, marks_oops_alive: false
[1864.002s][debug][gc,phases      ] GC(60) Reference Processing 0.118ms
[1864.002s][debug][gc,phases      ] GC(60)   VM Weak                        Min:  0.0, Avg:  0.0, Max:  0.0, Diff:  0.0, Sum:  0.0, Workers: 4
[1864.002s][debug][gc,phases      ] GC(60)     Dead                           Min: 0, Avg:  0.0, Max: 0, Diff: 0, Sum: 0, Workers: 4
[1864.002s][debug][gc,phases      ] GC(60)     Total                          Min: 0, Avg: 241.5, Max: 832, Diff: 832, Sum: 966, Workers: 4
[1864.002s][debug][gc,phases      ] GC(60)   ObjectSynchronizer Weak        Min:  0.0, Avg:  0.0, Max:  0.0, Diff:  0.0, Sum:  0.0, Workers: 4
[1864.002s][debug][gc,phases      ] GC(60)     Dead                           Min: 0, Avg:  0.0, Max: 0, Diff: 0, Sum: 0, Workers: 4
[1864.002s][debug][gc,phases      ] GC(60)     Total                          Min: 0, Avg:  1.0, Max: 4, Diff: 4, Sum: 4, Workers: 4
[1864.002s][debug][gc,phases      ] GC(60)   JVMTI Tag Weak OopStorage      Min:  0.0, Avg:  0.0, Max:  0.0, Diff:  0.0, Sum:  0.0, Workers: 4
[1864.002s][debug][gc,phases      ] GC(60)     Dead                           Min: 0, Avg:  0.0, Max: 0, Diff: 0, Sum: 0, Workers: 4
[1864.002s][debug][gc,phases      ] GC(60)     Total                          Min: 0, Avg:  0.0, Max: 0, Diff: 0, Sum: 0, Workers: 4
[1864.002s][debug][gc,phases      ] GC(60)   StringTable Weak               Min:  0.0, Avg:  0.1, Max:  0.1, Diff:  0.1, Sum:  0.4, Workers: 4
[1864.003s][debug][gc,phases      ] GC(60)     Dead                           Min: 0, Avg:  0.0, Max: 0, Diff: 0, Sum: 0, Workers: 4
[1864.003s][debug][gc,phases      ] GC(60)     Total                          Min: 0, Avg: 12070.0, Max: 16511, Diff: 16511, Sum: 48280, Workers: 4
[1864.003s][debug][gc,phases      ] GC(60)   ResolvedMethodTable Weak       Min:  0.0, Avg:  0.0, Max:  0.0, Diff:  0.0, Sum:  0.1, Workers: 4
[1864.003s][debug][gc,phases      ] GC(60)     Dead                           Min: 0, Avg:  0.0, Max: 0, Diff: 0, Sum: 0, Workers: 4
[1864.003s][debug][gc,phases      ] GC(60)     Total                          Min: 0, Avg: 3320.0, Max: 4885, Diff: 4885, Sum: 13280, Workers: 4
[1864.003s][debug][gc,phases      ] GC(60)   JNI Weak                       Min:  0.0, Avg:  0.0, Max:  0.0, Diff:  0.0, Sum:  0.0, Workers: 4
[1864.003s][debug][gc,phases      ] GC(60)     Dead                           Min: 0, Avg:  0.0, Max: 0, Diff: 0, Sum: 0, Workers: 4
[1864.003s][debug][gc,phases      ] GC(60)     Total                          Min: 0, Avg: 12.0, Max: 48, Diff: 48, Sum: 48, Workers: 4
[1864.003s][debug][gc,phases      ] GC(60)   StringDedup Table Weak         Min:  0.0, Avg:  0.0, Max:  0.0, Diff:  0.0, Sum:  0.0, Workers: 4
[1864.003s][debug][gc,phases      ] GC(60)     Dead                           Min: 0, Avg:  0.0, Max: 0, Diff: 0, Sum: 0, Workers: 4
[1864.003s][debug][gc,phases      ] GC(60)     Total                          Min: 0, Avg:  0.0, Max: 0, Diff: 0, Sum: 0, Workers: 4
[1864.003s][debug][gc,phases      ] GC(60)   StringDedup Requests0 Weak     Min:  0.0, Avg:  0.0, Max:  0.0, Diff:  0.0, Sum:  0.0, Workers: 4
[1864.003s][debug][gc,phases      ] GC(60)     Dead                           Min: 0, Avg:  0.0, Max: 0, Diff: 0, Sum: 0, Workers: 4
[1864.003s][debug][gc,phases      ] GC(60)     Total                          Min: 0, Avg:  0.0, Max: 0, Diff: 0, Sum: 0, Workers: 4
[1864.003s][debug][gc,phases      ] GC(60)   StringDedup Requests1 Weak     Min:  0.0, Avg:  0.0, Max:  0.0, Diff:  0.0, Sum:  0.0, Workers: 4
[1864.003s][debug][gc,phases      ] GC(60)     Dead                           Min: 0, Avg:  0.0, Max: 0, Diff: 0, Sum: 0, Workers: 4
[1864.003s][debug][gc,phases      ] GC(60)     Total                          Min: 0, Avg:  0.0, Max: 0, Diff: 0, Sum: 0, Workers: 4
[1864.003s][debug][gc,phases      ] GC(60)   Weak JFR Old Object Samples    Min:  0.0, Avg:  0.0, Max:  0.0, Diff:  0.0, Sum:  0.0, Workers: 4
[1864.003s][debug][gc,phases      ] GC(60)     Dead                           Min: 0, Avg:  0.0, Max: 0, Diff: 0, Sum: 0, Workers: 4
[1864.003s][debug][gc,phases      ] GC(60)     Total                          Min: 0, Avg:  0.0, Max: 0, Diff: 0, Sum: 0, Workers: 4
[1864.003s][debug][gc,phases      ] GC(60) Weak Processing 0.457ms
[1864.003s][debug][gc,age         ] GC(60) Desired survivor size 17301504 bytes, new threshold 1 (max threshold 15)
[1864.003s][info ][gc,heap        ] GC(60) PSYoungGen: 2058656K(2076160K)->1856K(2080256K) Eden: 2056704K(2056704K)->0K(2061824K) From: 1952K(19456K)->1856K(18432K)
[1864.003s][info ][gc,heap        ] GC(60) ParOldGen: 303833K(304128K)->304370K(304640K)
[1864.003s][info ][gc,metaspace   ] GC(60) Metaspace: 95429K(96704K)->95429K(96704K) NonClass: 81419K(82176K)->81419K(82176K) Class: 14009K(14528K)->14009K(14528K)
[1864.003s][info ][gc             ] GC(60) Pause Young (Allocation Failure) 2307M->299M(2329M) 5.186ms
[1864.003s][info ][gc,cpu         ] GC(60) User=0.02s Sys=0.00s Real=0.00s
[1864.003s][info ][safepoint      ] Safepoint "ParallelGCFailedAllocation", Time since last: 2289540311 ns, Reaching safepoint: 5800 ns, Cleanup: 4600 ns, At safepoint: 5272988 ns, Total: 5283388 ns
[1892.006s][info ][safepoint      ] Safepoint "Cleanup", Time since last: 28003246399 ns, Reaching safepoint: 152602 ns, Cleanup: 9600 ns, At safepoint: 8800 ns, Total: 171002 ns
[1902.007s][info ][safepoint      ] Safepoint "Cleanup", Time since last: 10000672864 ns, Reaching safepoint: 6700 ns, Cleanup: 9701 ns, At safepoint: 2300 ns, Total: 18701 ns
[1904.007s][info ][safepoint      ] Safepoint "Cleanup", Time since last: 2000186540 ns, Reaching safepoint: 7300 ns, Cleanup: 12401 ns, At safepoint: 2700 ns, Total: 22401 ns
[1909.839s][info ][gc,start       ] GC(61) Pause Young (Allocation Failure)
[1909.844s][debug][gc,phases      ] GC(61) Scavenge 4.221ms
[1909.844s][debug][gc,ref         ] GC(61) ReferenceProcessor::execute queues: 1, RefProcThreadModel::Single, marks_oops_alive: false
[1909.844s][debug][gc,ref         ] GC(61) Skipped KeepAliveFinalRefsPhase of Reference Processing: no references
[1909.844s][debug][gc,ref         ] GC(61) Skipped PhantomRefsPhase of Reference Processing: no references
[1909.844s][debug][gc,phases      ] GC(61) Reference Processing 0.129ms
[1909.844s][debug][gc,phases      ] GC(61)   VM Weak                        Min:  0.0, Avg:  0.0, Max:  0.0, Diff:  0.0, Sum:  0.0, Workers: 4
[1909.844s][debug][gc,phases      ] GC(61)     Dead                           Min: 0, Avg:  0.0, Max: 0, Diff: 0, Sum: 0, Workers: 4
[1909.844s][debug][gc,phases      ] GC(61)     Total                          Min: 0, Avg: 241.5, Max: 966, Diff: 966, Sum: 966, Workers: 4
[1909.844s][debug][gc,phases      ] GC(61)   ObjectSynchronizer Weak        Min:  0.0, Avg:  0.0, Max:  0.0, Diff:  0.0, Sum:  0.0, Workers: 4
[1909.844s][debug][gc,phases      ] GC(61)     Dead                           Min: 0, Avg:  0.0, Max: 0, Diff: 0, Sum: 0, Workers: 4
[1909.844s][debug][gc,phases      ] GC(61)     Total                          Min: 0, Avg:  1.0, Max: 4, Diff: 4, Sum: 4, Workers: 4
[1909.844s][debug][gc,phases      ] GC(61)   JVMTI Tag Weak OopStorage      Min:  0.0, Avg:  0.0, Max:  0.0, Diff:  0.0, Sum:  0.0, Workers: 4
[1909.844s][debug][gc,phases      ] GC(61)     Dead                           Min: 0, Avg:  0.0, Max: 0, Diff: 0, Sum: 0, Workers: 4
[1909.844s][debug][gc,phases      ] GC(61)     Total                          Min: 0, Avg:  0.0, Max: 0, Diff: 0, Sum: 0, Workers: 4
[1909.844s][debug][gc,phases      ] GC(61)   StringTable Weak               Min:  0.0, Avg:  0.1, Max:  0.2, Diff:  0.2, Sum:  0.5, Workers: 4
[1909.844s][debug][gc,phases      ] GC(61)     Dead                           Min: 0, Avg:  0.0, Max: 0, Diff: 0, Sum: 0, Workers: 4
[1909.844s][debug][gc,phases      ] GC(61)     Total                          Min: 0, Avg: 12070.0, Max: 16473, Diff: 16473, Sum: 48280, Workers: 4
[1909.844s][debug][gc,phases      ] GC(61)   ResolvedMethodTable Weak       Min:  0.0, Avg:  0.0, Max:  0.0, Diff:  0.0, Sum:  0.1, Workers: 4
[1909.844s][debug][gc,phases      ] GC(61)     Dead                           Min: 0, Avg:  0.0, Max: 0, Diff: 0, Sum: 0, Workers: 4
[1909.844s][debug][gc,phases      ] GC(61)     Total                          Min: 0, Avg: 3320.0, Max: 4735, Diff: 4735, Sum: 13280, Workers: 4
[1909.844s][debug][gc,phases      ] GC(61)   JNI Weak                       Min:  0.0, Avg:  0.0, Max:  0.0, Diff:  0.0, Sum:  0.0, Workers: 4
[1909.844s][debug][gc,phases      ] GC(61)     Dead                           Min: 0, Avg:  0.0, Max: 0, Diff: 0, Sum: 0, Workers: 4
[1909.844s][debug][gc,phases      ] GC(61)     Total                          Min: 0, Avg: 12.0, Max: 48, Diff: 48, Sum: 48, Workers: 4
[1909.844s][debug][gc,phases      ] GC(61)   StringDedup Table Weak         Min:  0.0, Avg:  0.0, Max:  0.0, Diff:  0.0, Sum:  0.0, Workers: 4
[1909.844s][debug][gc,phases      ] GC(61)     Dead                           Min: 0, Avg:  0.0, Max: 0, Diff: 0, Sum: 0, Workers: 4
[1909.844s][debug][gc,phases      ] GC(61)     Total                          Min: 0, Avg:  0.0, Max: 0, Diff: 0, Sum: 0, Workers: 4
[1909.844s][debug][gc,phases      ] GC(61)   StringDedup Requests0 Weak     Min:  0.0, Avg:  0.0, Max:  0.0, Diff:  0.0, Sum:  0.0, Workers: 4
[1909.844s][debug][gc,phases      ] GC(61)     Dead                           Min: 0, Avg:  0.0, Max: 0, Diff: 0, Sum: 0, Workers: 4
[1909.844s][debug][gc,phases      ] GC(61)     Total                          Min: 0, Avg:  0.0, Max: 0, Diff: 0, Sum: 0, Workers: 4
[1909.844s][debug][gc,phases      ] GC(61)   StringDedup Requests1 Weak     Min:  0.0, Avg:  0.0, Max:  0.0, Diff:  0.0, Sum:  0.0, Workers: 4
[1909.844s][debug][gc,phases      ] GC(61)     Dead                           Min: 0, Avg:  0.0, Max: 0, Diff: 0, Sum: 0, Workers: 4
[1909.844s][debug][gc,phases      ] GC(61)     Total                          Min: 0, Avg:  0.0, Max: 0, Diff: 0, Sum: 0, Workers: 4
[1909.844s][debug][gc,phases      ] GC(61)   Weak JFR Old Object Samples    Min:  0.0, Avg:  0.0, Max:  0.0, Diff:  0.0, Sum:  0.0, Workers: 4
[1909.844s][debug][gc,phases      ] GC(61)     Dead                           Min: 0, Avg:  0.0, Max: 0, Diff: 0, Sum: 0, Workers: 4
[1909.844s][debug][gc,phases      ] GC(61)     Total                          Min: 0, Avg:  0.0, Max: 0, Diff: 0, Sum: 0, Workers: 4
[1909.844s][debug][gc,phases      ] GC(61) Weak Processing 0.461ms
[1909.844s][debug][gc,age         ] GC(61) Desired survivor size 16252928 bytes, new threshold 1 (max threshold 15)
[1909.844s][info ][gc,heap        ] GC(61) PSYoungGen: 2063680K(2080256K)->2816K(2078720K) Eden: 2061824K(2061824K)->0K(2061824K) From: 1856K(18432K)->2816K(16896K)
[1909.844s][info ][gc,heap        ] GC(61) ParOldGen: 304370K(304640K)->304718K(305152K)
[1909.844s][info ][gc,metaspace   ] GC(61) Metaspace: 95440K(96704K)->95440K(96704K) NonClass: 81430K(82176K)->81430K(82176K) Class: 14009K(14528K)->14009K(14528K)
[1909.844s][info ][gc             ] GC(61) Pause Young (Allocation Failure) 2312M->300M(2328M) 4.972ms
[1909.844s][info ][gc,cpu         ] GC(61) User=0.01s Sys=0.00s Real=0.01s
[1909.844s][info ][safepoint      ] Safepoint "ParallelGCFailedAllocation", Time since last: 5832301785 ns, Reaching safepoint: 6400 ns, Cleanup: 4500 ns, At safepoint: 5051682 ns, Total: 5062582 ns
[1911.845s][info ][safepoint      ] Safepoint "Cleanup", Time since last: 2000161967 ns, Reaching safepoint: 6801 ns, Cleanup: 17600 ns, At safepoint: 3300 ns, Total: 27701 ns
[1912.845s][info ][safepoint      ] Safepoint "Cleanup", Time since last: 1000133036 ns, Reaching safepoint: 86101 ns, Cleanup: 18400 ns, At safepoint: 9100 ns, Total: 113601 ns
[1913.845s][info ][safepoint      ] Safepoint "Cleanup", Time since last: 1000217037 ns, Reaching safepoint: 7301 ns, Cleanup: 26600 ns, At safepoint: 9000 ns, Total: 42901 ns
[1914.845s][info ][safepoint      ] Safepoint "Cleanup", Time since last: 1000122736 ns, Reaching safepoint: 7500 ns, Cleanup: 34600 ns, At safepoint: 2500 ns, Total: 44600 ns
[1915.845s][info ][safepoint      ] Safepoint "Cleanup", Time since last: 1000120336 ns, Reaching safepoint: 7500 ns, Cleanup: 21001 ns, At safepoint: 3000 ns, Total: 31501 ns
[1916.846s][info ][safepoint      ] Safepoint "Cleanup", Time since last: 1000122535 ns, Reaching safepoint: 7800 ns, Cleanup: 15401 ns, At safepoint: 7400 ns, Total: 30601 ns
[1917.846s][info ][safepoint      ] Safepoint "Cleanup", Time since last: 1000113935 ns, Reaching safepoint: 6100 ns, Cleanup: 5900 ns, At safepoint: 1800 ns, Total: 13800 ns
[1918.846s][info ][safepoint      ] Safepoint "Cleanup", Time since last: 1000139369 ns, Reaching safepoint: 6600 ns, Cleanup: 9501 ns, At safepoint: 2200 ns, Total: 18301 ns
[1919.846s][info ][safepoint      ] Safepoint "Cleanup", Time since last: 1000128547 ns, Reaching safepoint: 6900 ns, Cleanup: 12801 ns, At safepoint: 2400 ns, Total: 22101 ns
[1921.730s][info ][safepoint      ] Safepoint "Cleanup", Time since last: 1883769151 ns, Reaching safepoint: 12500 ns, Cleanup: 13701 ns, At safepoint: 3100 ns, Total: 29301 ns
[1922.730s][info ][safepoint      ] Safepoint "Cleanup", Time since last: 1000123647 ns, Reaching safepoint: 8400 ns, Cleanup: 12100 ns, At safepoint: 3101 ns, Total: 23601 ns
[1923.730s][info ][safepoint      ] Safepoint "Cleanup", Time since last: 1000084046 ns, Reaching safepoint: 8601 ns, Cleanup: 14300 ns, At safepoint: 3100 ns, Total: 26001 ns
[1925.723s][info ][safepoint      ] Safepoint "Cleanup", Time since last: 1992637710 ns, Reaching safepoint: 7800 ns, Cleanup: 44300 ns, At safepoint: 3001 ns, Total: 55101 ns
[1926.723s][info ][safepoint      ] Safepoint "Cleanup", Time since last: 1000121457 ns, Reaching safepoint: 9900 ns, Cleanup: 16000 ns, At safepoint: 2800 ns, Total: 28700 ns
[1928.723s][info ][safepoint      ] Safepoint "Cleanup", Time since last: 2000184257 ns, Reaching safepoint: 11100 ns, Cleanup: 15400 ns, At safepoint: 7300 ns, Total: 33800 ns
[1932.724s][info ][safepoint      ] Safepoint "Cleanup", Time since last: 4000336712 ns, Reaching safepoint: 14701 ns, Cleanup: 14900 ns, At safepoint: 3400 ns, Total: 33001 ns
[1937.724s][info ][safepoint      ] Safepoint "Cleanup", Time since last: 5000493469 ns, Reaching safepoint: 9900 ns, Cleanup: 14600 ns, At safepoint: 2800 ns, Total: 27300 ns
[1938.540s][info ][gc,start       ] GC(62) Pause Young (Allocation Failure)
[1938.555s][debug][gc,phases      ] GC(62) Scavenge 14.613ms
[1938.555s][debug][gc,ref         ] GC(62) ReferenceProcessor::execute queues: 1, RefProcThreadModel::Single, marks_oops_alive: false
[1938.555s][debug][gc,ref         ] GC(62) Skipped KeepAliveFinalRefsPhase of Reference Processing: no references
[1938.555s][debug][gc,ref         ] GC(62) ReferenceProcessor::execute queues: 1, RefProcThreadModel::Single, marks_oops_alive: false
[1938.555s][debug][gc,phases      ] GC(62) Reference Processing 0.160ms
[1938.555s][debug][gc,phases      ] GC(62)   VM Weak                        Min:  0.0, Avg:  0.0, Max:  0.0, Diff:  0.0, Sum:  0.0, Workers: 4
[1938.555s][debug][gc,phases      ] GC(62)     Dead                           Min: 0, Avg:  0.0, Max: 0, Diff: 0, Sum: 0, Workers: 4
[1938.555s][debug][gc,phases      ] GC(62)     Total                          Min: 0, Avg: 243.0, Max: 588, Diff: 588, Sum: 972, Workers: 4
[1938.555s][debug][gc,phases      ] GC(62)   ObjectSynchronizer Weak        Min:  0.0, Avg:  0.0, Max:  0.0, Diff:  0.0, Sum:  0.0, Workers: 4
[1938.555s][debug][gc,phases      ] GC(62)     Dead                           Min: 0, Avg:  0.0, Max: 0, Diff: 0, Sum: 0, Workers: 4
[1938.555s][debug][gc,phases      ] GC(62)     Total                          Min: 0, Avg:  1.0, Max: 4, Diff: 4, Sum: 4, Workers: 4
[1938.555s][debug][gc,phases      ] GC(62)   JVMTI Tag Weak OopStorage      Min:  0.0, Avg:  0.0, Max:  0.0, Diff:  0.0, Sum:  0.0, Workers: 4
[1938.555s][debug][gc,phases      ] GC(62)     Dead                           Min: 0, Avg:  0.0, Max: 0, Diff: 0, Sum: 0, Workers: 4
[1938.555s][debug][gc,phases      ] GC(62)     Total                          Min: 0, Avg:  0.0, Max: 0, Diff: 0, Sum: 0, Workers: 4
[1938.555s][debug][gc,phases      ] GC(62)   StringTable Weak               Min:  0.0, Avg:  0.1, Max:  0.2, Diff:  0.2, Sum:  0.5, Workers: 4
[1938.555s][debug][gc,phases      ] GC(62)     Dead                           Min: 0, Avg:  0.2, Max: 1, Diff: 1, Sum: 1, Workers: 4
[1938.555s][debug][gc,phases      ] GC(62)     Total                          Min: 0, Avg: 12077.5, Max: 17471, Diff: 17471, Sum: 48310, Workers: 4
[1938.555s][debug][gc,phases      ] GC(62)   ResolvedMethodTable Weak       Min:  0.0, Avg:  0.0, Max:  0.1, Diff:  0.1, Sum:  0.1, Workers: 4
[1938.555s][debug][gc,phases      ] GC(62)     Dead                           Min: 0, Avg:  0.5, Max: 2, Diff: 2, Sum: 2, Workers: 4
[1938.555s][debug][gc,phases      ] GC(62)     Total                          Min: 0, Avg: 3328.0, Max: 6560, Diff: 6560, Sum: 13312, Workers: 4
[1938.555s][debug][gc,phases      ] GC(62)   JNI Weak                       Min:  0.0, Avg:  0.0, Max:  0.0, Diff:  0.0, Sum:  0.0, Workers: 4
[1938.555s][debug][gc,phases      ] GC(62)     Dead                           Min: 0, Avg:  0.0, Max: 0, Diff: 0, Sum: 0, Workers: 4
[1938.555s][debug][gc,phases      ] GC(62)     Total                          Min: 0, Avg: 12.0, Max: 48, Diff: 48, Sum: 48, Workers: 4
[1938.555s][debug][gc,phases      ] GC(62)   StringDedup Table Weak         Min:  0.0, Avg:  0.0, Max:  0.0, Diff:  0.0, Sum:  0.0, Workers: 4
[1938.555s][debug][gc,phases      ] GC(62)     Dead                           Min: 0, Avg:  0.0, Max: 0, Diff: 0, Sum: 0, Workers: 4
[1938.555s][debug][gc,phases      ] GC(62)     Total                          Min: 0, Avg:  0.0, Max: 0, Diff: 0, Sum: 0, Workers: 4
[1938.555s][debug][gc,phases      ] GC(62)   StringDedup Requests0 Weak     Min:  0.0, Avg:  0.0, Max:  0.0, Diff:  0.0, Sum:  0.0, Workers: 4
[1938.555s][debug][gc,phases      ] GC(62)     Dead                           Min: 0, Avg:  0.0, Max: 0, Diff: 0, Sum: 0, Workers: 4
[1938.555s][debug][gc,phases      ] GC(62)     Total                          Min: 0, Avg:  0.0, Max: 0, Diff: 0, Sum: 0, Workers: 4
[1938.555s][debug][gc,phases      ] GC(62)   StringDedup Requests1 Weak     Min:  0.0, Avg:  0.0, Max:  0.0, Diff:  0.0, Sum:  0.0, Workers: 4
[1938.555s][debug][gc,phases      ] GC(62)     Dead                           Min: 0, Avg:  0.0, Max: 0, Diff: 0, Sum: 0, Workers: 4
[1938.555s][debug][gc,phases      ] GC(62)     Total                          Min: 0, Avg:  0.0, Max: 0, Diff: 0, Sum: 0, Workers: 4
[1938.555s][debug][gc,phases      ] GC(62)   Weak JFR Old Object Samples    Min:  0.0, Avg:  0.0, Max:  0.0, Diff:  0.0, Sum:  0.0, Workers: 4
[1938.555s][debug][gc,phases      ] GC(62)     Dead                           Min: 0, Avg:  0.0, Max: 0, Diff: 0, Sum: 0, Workers: 4
[1938.555s][debug][gc,phases      ] GC(62)     Total                          Min: 0, Avg:  0.0, Max: 0, Diff: 0, Sum: 0, Workers: 4
[1938.555s][debug][gc,phases      ] GC(62) Weak Processing 0.662ms
[1938.555s][debug][gc,age         ] GC(62) Desired survivor size 22020096 bytes, new threshold 1 (max threshold 15)
[1938.555s][info ][gc,heap        ] GC(62) PSYoungGen: 2064640K(2078720K)->15856K(2070016K) Eden: 2061824K(2061824K)->0K(2054144K) From: 2816K(16896K)->15856K(15872K)
[1938.555s][info ][gc,heap        ] GC(62) ParOldGen: 304718K(305152K)->311154K(311296K)
[1938.555s][info ][gc,metaspace   ] GC(62) Metaspace: 95719K(97024K)->95719K(97024K) NonClass: 81677K(82432K)->81677K(82432K) Class: 14041K(14592K)->14041K(14592K)
[1938.555s][info ][gc             ] GC(62) Pause Young (Allocation Failure) 2313M->319M(2325M) 15.586ms
[1938.556s][info ][gc,cpu         ] GC(62) User=0.06s Sys=0.00s Real=0.01s
[1938.556s][info ][safepoint      ] Safepoint "ParallelGCFailedAllocation", Time since last: 815812642 ns, Reaching safepoint: 5800 ns, Cleanup: 3901 ns, At safepoint: 15668844 ns, Total: 15678545 ns
[1939.556s][info ][safepoint      ] Safepoint "Cleanup", Time since last: 1000089621 ns, Reaching safepoint: 7800 ns, Cleanup: 13100 ns, At safepoint: 2500 ns, Total: 23400 ns
[1943.556s][info ][safepoint      ] Safepoint "Cleanup", Time since last: 4000307846 ns, Reaching safepoint: 9700 ns, Cleanup: 13600 ns, At safepoint: 2400 ns, Total: 25700 ns
[1949.556s][info ][safepoint      ] Safepoint "Cleanup", Time since last: 6000443289 ns, Reaching safepoint: 6400 ns, Cleanup: 41901 ns, At safepoint: 2700 ns, Total: 51001 ns
[1954.557s][info ][safepoint      ] Safepoint "Cleanup", Time since last: 5000414659 ns, Reaching safepoint: 6900 ns, Cleanup: 14601 ns, At safepoint: 2500 ns, Total: 24001 ns
[1956.557s][info ][safepoint      ] Safepoint "Cleanup", Time since last: 2000136310 ns, Reaching safepoint: 52501 ns, Cleanup: 13701 ns, At safepoint: 6600 ns, Total: 72802 ns
[1958.557s][info ][safepoint      ] Safepoint "Cleanup", Time since last: 2000177290 ns, Reaching safepoint: 6400 ns, Cleanup: 19100 ns, At safepoint: 2900 ns, Total: 28400 ns
[1961.558s][info ][safepoint      ] Safepoint "Cleanup", Time since last: 3000394304 ns, Reaching safepoint: 7600 ns, Cleanup: 22701 ns, At safepoint: 2400 ns, Total: 32701 ns
[1962.558s][info ][safepoint      ] Safepoint "Cleanup", Time since last: 1000111934 ns, Reaching safepoint: 6500 ns, Cleanup: 7200 ns, At safepoint: 2100 ns, Total: 15800 ns
[1963.558s][info ][safepoint      ] Safepoint "Cleanup", Time since last: 1000129035 ns, Reaching safepoint: 7600 ns, Cleanup: 13500 ns, At safepoint: 2400 ns, Total: 23500 ns
[1964.558s][info ][safepoint      ] Safepoint "Cleanup", Time since last: 1000114834 ns, Reaching safepoint: 6901 ns, Cleanup: 8000 ns, At safepoint: 2200 ns, Total: 17101 ns
[1965.558s][info ][safepoint      ] Safepoint "Cleanup", Time since last: 1000113434 ns, Reaching safepoint: 10200 ns, Cleanup: 16501 ns, At safepoint: 7000 ns, Total: 33701 ns
[1966.558s][info ][safepoint      ] Safepoint "Cleanup", Time since last: 1000125059 ns, Reaching safepoint: 7901 ns, Cleanup: 12000 ns, At safepoint: 2500 ns, Total: 22401 ns
[1967.559s][info ][safepoint      ] Safepoint "Cleanup", Time since last: 1000119425 ns, Reaching safepoint: 5800 ns, Cleanup: 14201 ns, At safepoint: 2100 ns, Total: 22101 ns
[1968.559s][info ][safepoint      ] Safepoint "Cleanup", Time since last: 1000090023 ns, Reaching safepoint: 79503 ns, Cleanup: 14101 ns, At safepoint: 5600 ns, Total: 99204 ns
[1974.559s][info ][safepoint      ] Safepoint "Cleanup", Time since last: 6000448206 ns, Reaching safepoint: 7400 ns, Cleanup: 11101 ns, At safepoint: 2800 ns, Total: 21301 ns
[1976.559s][info ][safepoint      ] Safepoint "Cleanup", Time since last: 2000206735 ns, Reaching safepoint: 9001 ns, Cleanup: 19201 ns, At safepoint: 2400 ns, Total: 30602 ns
[1980.260s][info ][gc,start       ] GC(63) Pause Young (Allocation Failure)
[1980.277s][debug][gc,phases      ] GC(63) Scavenge 17.613ms
[1980.277s][debug][gc,ref         ] GC(63) ReferenceProcessor::execute queues: 1, RefProcThreadModel::Single, marks_oops_alive: false
[1980.277s][debug][gc,ref         ] GC(63) Skipped KeepAliveFinalRefsPhase of Reference Processing: no references
[1980.277s][debug][gc,ref         ] GC(63) ReferenceProcessor::execute queues: 1, RefProcThreadModel::Single, marks_oops_alive: false
[1980.277s][debug][gc,phases      ] GC(63) Reference Processing 0.119ms
[1980.278s][debug][gc,phases      ] GC(63)   VM Weak                        Min:  0.0, Avg:  0.0, Max:  0.0, Diff:  0.0, Sum:  0.0, Workers: 4
[1980.278s][debug][gc,phases      ] GC(63)     Dead                           Min: 0, Avg:  0.0, Max: 0, Diff: 0, Sum: 0, Workers: 4
[1980.278s][debug][gc,phases      ] GC(63)     Total                          Min: 0, Avg: 244.0, Max: 784, Diff: 784, Sum: 976, Workers: 4
[1980.278s][debug][gc,phases      ] GC(63)   ObjectSynchronizer Weak        Min:  0.0, Avg:  0.0, Max:  0.0, Diff:  0.0, Sum:  0.0, Workers: 4
[1980.278s][debug][gc,phases      ] GC(63)     Dead                           Min: 0, Avg:  0.0, Max: 0, Diff: 0, Sum: 0, Workers: 4
[1980.278s][debug][gc,phases      ] GC(63)     Total                          Min: 0, Avg:  1.0, Max: 4, Diff: 4, Sum: 4, Workers: 4
[1980.278s][debug][gc,phases      ] GC(63)   JVMTI Tag Weak OopStorage      Min:  0.0, Avg:  0.0, Max:  0.0, Diff:  0.0, Sum:  0.0, Workers: 4
[1980.278s][debug][gc,phases      ] GC(63)     Dead                           Min: 0, Avg:  0.0, Max: 0, Diff: 0, Sum: 0, Workers: 4
[1980.278s][debug][gc,phases      ] GC(63)     Total                          Min: 0, Avg:  0.0, Max: 0, Diff: 0, Sum: 0, Workers: 4
[1980.278s][debug][gc,phases      ] GC(63)   StringTable Weak               Min:  0.0, Avg:  0.1, Max:  0.2, Diff:  0.2, Sum:  0.4, Workers: 4
[1980.278s][debug][gc,phases      ] GC(63)     Dead                           Min: 0, Avg:  0.0, Max: 0, Diff: 0, Sum: 0, Workers: 4
[1980.278s][debug][gc,phases      ] GC(63)     Total                          Min: 0, Avg: 12080.5, Max: 26434, Diff: 26434, Sum: 48322, Workers: 4
[1980.278s][debug][gc,phases      ] GC(63)   ResolvedMethodTable Weak       Min:  0.0, Avg:  0.0, Max:  0.1, Diff:  0.1, Sum:  0.1, Workers: 4
[1980.278s][debug][gc,phases      ] GC(63)     Dead                           Min: 0, Avg:  0.0, Max: 0, Diff: 0, Sum: 0, Workers: 4
[1980.278s][debug][gc,phases      ] GC(63)     Total                          Min: 0, Avg: 3331.2, Max: 7214, Diff: 7214, Sum: 13325, Workers: 4
[1980.278s][debug][gc,phases      ] GC(63)   JNI Weak                       Min:  0.0, Avg:  0.0, Max:  0.0, Diff:  0.0, Sum:  0.0, Workers: 4
[1980.278s][debug][gc,phases      ] GC(63)     Dead                           Min: 0, Avg:  0.0, Max: 0, Diff: 0, Sum: 0, Workers: 4
[1980.278s][debug][gc,phases      ] GC(63)     Total                          Min: 0, Avg: 12.0, Max: 48, Diff: 48, Sum: 48, Workers: 4
[1980.278s][debug][gc,phases      ] GC(63)   StringDedup Table Weak         Min:  0.0, Avg:  0.0, Max:  0.0, Diff:  0.0, Sum:  0.0, Workers: 4
[1980.278s][debug][gc,phases      ] GC(63)     Dead                           Min: 0, Avg:  0.0, Max: 0, Diff: 0, Sum: 0, Workers: 4
[1980.278s][debug][gc,phases      ] GC(63)     Total                          Min: 0, Avg:  0.0, Max: 0, Diff: 0, Sum: 0, Workers: 4
[1980.278s][debug][gc,phases      ] GC(63)   StringDedup Requests0 Weak     Min:  0.0, Avg:  0.0, Max:  0.0, Diff:  0.0, Sum:  0.0, Workers: 4
[1980.278s][debug][gc,phases      ] GC(63)     Dead                           Min: 0, Avg:  0.0, Max: 0, Diff: 0, Sum: 0, Workers: 4
[1980.278s][debug][gc,phases      ] GC(63)     Total                          Min: 0, Avg:  0.0, Max: 0, Diff: 0, Sum: 0, Workers: 4
[1980.278s][debug][gc,phases      ] GC(63)   StringDedup Requests1 Weak     Min:  0.0, Avg:  0.0, Max:  0.0, Diff:  0.0, Sum:  0.0, Workers: 4
[1980.278s][debug][gc,phases      ] GC(63)     Dead                           Min: 0, Avg:  0.0, Max: 0, Diff: 0, Sum: 0, Workers: 4
[1980.278s][debug][gc,phases      ] GC(63)     Total                          Min: 0, Avg:  0.0, Max: 0, Diff: 0, Sum: 0, Workers: 4
[1980.278s][debug][gc,phases      ] GC(63)   Weak JFR Old Object Samples    Min:  0.0, Avg:  0.0, Max:  0.0, Diff:  0.0, Sum:  0.0, Workers: 4
[1980.278s][debug][gc,phases      ] GC(63)     Dead                           Min: 0, Avg:  0.0, Max: 0, Diff: 0, Sum: 0, Workers: 4
[1980.278s][debug][gc,phases      ] GC(63)     Total                          Min: 0, Avg:  0.0, Max: 0, Diff: 0, Sum: 0, Workers: 4
[1980.278s][debug][gc,phases      ] GC(63) Weak Processing 0.544ms
[1980.278s][debug][gc,age         ] GC(63) Desired survivor size 22544384 bytes, new threshold 1 (max threshold 15)
[1980.278s][info ][gc,heap        ] GC(63) PSYoungGen: 2070000K(2070016K)->11083K(2065408K) Eden: 2054144K(2054144K)->0K(2054144K) From: 15856K(15872K)->11083K(11264K)
[1980.278s][info ][gc,heap        ] GC(63) ParOldGen: 311154K(311296K)->326678K(327168K)
[1980.278s][info ][gc,metaspace   ] GC(63) Metaspace: 95820K(97088K)->95820K(97088K) NonClass: 81771K(82496K)->81771K(82496K) Class: 14048K(14592K)->14048K(14592K)
[1980.278s][info ][gc             ] GC(63) Pause Young (Allocation Failure) 2325M->329M(2336M) 18.416ms
[1980.278s][info ][gc,cpu         ] GC(63) User=0.02s Sys=0.03s Real=0.02s
[1980.278s][info ][safepoint      ] Safepoint "ParallelGCFailedAllocation", Time since last: 3700113927 ns, Reaching safepoint: 4900 ns, Cleanup: 3501 ns, At safepoint: 18496614 ns, Total: 18505015 ns
[1983.750s][info ][safepoint      ] Safepoint "Cleanup", Time since last: 3471948584 ns, Reaching safepoint: 7200 ns, Cleanup: 19501 ns, At safepoint: 2901 ns, Total: 29602 ns
[1984.750s][info ][safepoint      ] Safepoint "Cleanup", Time since last: 1000117936 ns, Reaching safepoint: 78801 ns, Cleanup: 17001 ns, At safepoint: 5800 ns, Total: 101602 ns
[1985.750s][info ][safepoint      ] Safepoint "Cleanup", Time since last: 1000119203 ns, Reaching safepoint: 7300 ns, Cleanup: 11300 ns, At safepoint: 2600 ns, Total: 21200 ns
[1986.751s][info ][safepoint      ] Safepoint "Cleanup", Time since last: 1000114203 ns, Reaching safepoint: 6600 ns, Cleanup: 13701 ns, At safepoint: 2600 ns, Total: 22901 ns
[1987.751s][info ][safepoint      ] Safepoint "Cleanup", Time since last: 1000128203 ns, Reaching safepoint: 9000 ns, Cleanup: 18701 ns, At safepoint: 6700 ns, Total: 34401 ns
[1991.751s][info ][safepoint      ] Safepoint "Cleanup", Time since last: 4000345804 ns, Reaching safepoint: 7200 ns, Cleanup: 10700 ns, At safepoint: 2300 ns, Total: 20200 ns
[1997.752s][info ][safepoint      ] Safepoint "Cleanup", Time since last: 6000688000 ns, Reaching safepoint: 6801 ns, Cleanup: 10600 ns, At safepoint: 2500 ns, Total: 19901 ns
[2003.753s][info ][safepoint      ] Safepoint "Cleanup", Time since last: 6000680361 ns, Reaching safepoint: 7000 ns, Cleanup: 14400 ns, At safepoint: 2200 ns, Total: 23600 ns
[2008.753s][info ][safepoint      ] Safepoint "Cleanup", Time since last: 5000386438 ns, Reaching safepoint: 7800 ns, Cleanup: 12701 ns, At safepoint: 3000 ns, Total: 23501 ns
[2011.753s][info ][safepoint      ] Safepoint "Cleanup", Time since last: 3000274563 ns, Reaching safepoint: 7701 ns, Cleanup: 13500 ns, At safepoint: 3700 ns, Total: 24901 ns
[2013.753s][info ][safepoint      ] Safepoint "Cleanup", Time since last: 2000197743 ns, Reaching safepoint: 7500 ns, Cleanup: 11800 ns, At safepoint: 2600 ns, Total: 21900 ns
[2014.754s][info ][safepoint      ] Safepoint "Cleanup", Time since last: 1000117389 ns, Reaching safepoint: 8000 ns, Cleanup: 10200 ns, At safepoint: 2600 ns, Total: 20800 ns
[2017.754s][info ][safepoint      ] Safepoint "Cleanup", Time since last: 3000274916 ns, Reaching safepoint: 9400 ns, Cleanup: 17601 ns, At safepoint: 2600 ns, Total: 29601 ns
[2024.755s][info ][safepoint      ] Safepoint "Cleanup", Time since last: 7000557337 ns, Reaching safepoint: 8000 ns, Cleanup: 47501 ns, At safepoint: 2901 ns, Total: 58402 ns
[2025.755s][info ][safepoint      ] Safepoint "Cleanup", Time since last: 1000119198 ns, Reaching safepoint: 7301 ns, Cleanup: 37801 ns, At safepoint: 5900 ns, Total: 51002 ns
[2026.755s][info ][safepoint      ] Safepoint "Cleanup", Time since last: 1000113699 ns, Reaching safepoint: 7600 ns, Cleanup: 14800 ns, At safepoint: 2300 ns, Total: 24700 ns
[2027.586s][info ][gc,start       ] GC(64) Pause Young (Allocation Failure)
[2027.594s][debug][gc,phases      ] GC(64) Scavenge 8.479ms
[2027.594s][debug][gc,ref         ] GC(64) ReferenceProcessor::execute queues: 1, RefProcThreadModel::Single, marks_oops_alive: false
[2027.594s][debug][gc,ref         ] GC(64) Skipped KeepAliveFinalRefsPhase of Reference Processing: no references
[2027.594s][debug][gc,ref         ] GC(64) ReferenceProcessor::execute queues: 1, RefProcThreadModel::Single, marks_oops_alive: false
[2027.594s][debug][gc,phases      ] GC(64) Reference Processing 0.130ms
[2027.595s][debug][gc,phases      ] GC(64)   VM Weak                        Min:  0.0, Avg:  0.0, Max:  0.0, Diff:  0.0, Sum:  0.0, Workers: 4
[2027.595s][debug][gc,phases      ] GC(64)     Dead                           Min: 0, Avg:  0.0, Max: 0, Diff: 0, Sum: 0, Workers: 4
[2027.595s][debug][gc,phases      ] GC(64)     Total                          Min: 0, Avg: 244.0, Max: 976, Diff: 976, Sum: 976, Workers: 4
[2027.595s][debug][gc,phases      ] GC(64)   ObjectSynchronizer Weak        Min:  0.0, Avg:  0.0, Max:  0.0, Diff:  0.0, Sum:  0.0, Workers: 4
[2027.595s][debug][gc,phases      ] GC(64)     Dead                           Min: 0, Avg:  0.0, Max: 0, Diff: 0, Sum: 0, Workers: 4
[2027.595s][debug][gc,phases      ] GC(64)     Total                          Min: 0, Avg:  1.0, Max: 4, Diff: 4, Sum: 4, Workers: 4
[2027.595s][debug][gc,phases      ] GC(64)   JVMTI Tag Weak OopStorage      Min:  0.0, Avg:  0.0, Max:  0.0, Diff:  0.0, Sum:  0.0, Workers: 4
[2027.595s][debug][gc,phases      ] GC(64)     Dead                           Min: 0, Avg:  0.0, Max: 0, Diff: 0, Sum: 0, Workers: 4
[2027.595s][debug][gc,phases      ] GC(64)     Total                          Min: 0, Avg:  0.0, Max: 0, Diff: 0, Sum: 0, Workers: 4
[2027.595s][debug][gc,phases      ] GC(64)   StringTable Weak               Min:  0.0, Avg:  0.1, Max:  0.2, Diff:  0.2, Sum:  0.5, Workers: 4
[2027.595s][debug][gc,phases      ] GC(64)     Dead                           Min: 0, Avg:  0.5, Max: 2, Diff: 2, Sum: 2, Workers: 4
[2027.595s][debug][gc,phases      ] GC(64)     Total                          Min: 0, Avg: 12087.0, Max: 24703, Diff: 24703, Sum: 48348, Workers: 4
[2027.595s][debug][gc,phases      ] GC(64)   ResolvedMethodTable Weak       Min:  0.0, Avg:  0.0, Max:  0.1, Diff:  0.1, Sum:  0.1, Workers: 4
[2027.595s][debug][gc,phases      ] GC(64)     Dead                           Min: 0, Avg:  1.8, Max: 4, Diff: 4, Sum: 7, Workers: 4
[2027.595s][debug][gc,phases      ] GC(64)     Total                          Min: 0, Avg: 3339.2, Max: 6685, Diff: 6685, Sum: 13357, Workers: 4
[2027.595s][debug][gc,phases      ] GC(64)   JNI Weak                       Min:  0.0, Avg:  0.0, Max:  0.0, Diff:  0.0, Sum:  0.0, Workers: 4
[2027.595s][debug][gc,phases      ] GC(64)     Dead                           Min: 0, Avg:  0.0, Max: 0, Diff: 0, Sum: 0, Workers: 4
[2027.595s][debug][gc,phases      ] GC(64)     Total                          Min: 0, Avg: 12.0, Max: 48, Diff: 48, Sum: 48, Workers: 4
[2027.595s][debug][gc,phases      ] GC(64)   StringDedup Table Weak         Min:  0.0, Avg:  0.0, Max:  0.0, Diff:  0.0, Sum:  0.0, Workers: 4
[2027.595s][debug][gc,phases      ] GC(64)     Dead                           Min: 0, Avg:  0.0, Max: 0, Diff: 0, Sum: 0, Workers: 4
[2027.595s][debug][gc,phases      ] GC(64)     Total                          Min: 0, Avg:  0.0, Max: 0, Diff: 0, Sum: 0, Workers: 4
[2027.595s][debug][gc,phases      ] GC(64)   StringDedup Requests0 Weak     Min:  0.0, Avg:  0.0, Max:  0.0, Diff:  0.0, Sum:  0.0, Workers: 4
[2027.595s][debug][gc,phases      ] GC(64)     Dead                           Min: 0, Avg:  0.0, Max: 0, Diff: 0, Sum: 0, Workers: 4
[2027.595s][debug][gc,phases      ] GC(64)     Total                          Min: 0, Avg:  0.0, Max: 0, Diff: 0, Sum: 0, Workers: 4
[2027.595s][debug][gc,phases      ] GC(64)   StringDedup Requests1 Weak     Min:  0.0, Avg:  0.0, Max:  0.0, Diff:  0.0, Sum:  0.0, Workers: 4
[2027.595s][debug][gc,phases      ] GC(64)     Dead                           Min: 0, Avg:  0.0, Max: 0, Diff: 0, Sum: 0, Workers: 4
[2027.595s][debug][gc,phases      ] GC(64)     Total                          Min: 0, Avg:  0.0, Max: 0, Diff: 0, Sum: 0, Workers: 4
[2027.595s][debug][gc,phases      ] GC(64)   Weak JFR Old Object Samples    Min:  0.0, Avg:  0.0, Max:  0.0, Diff:  0.0, Sum:  0.0, Workers: 4
[2027.595s][debug][gc,phases      ] GC(64)     Dead                           Min: 0, Avg:  0.0, Max: 0, Diff: 0, Sum: 0, Workers: 4
[2027.595s][debug][gc,phases      ] GC(64)     Total                          Min: 0, Avg:  0.0, Max: 0, Diff: 0, Sum: 0, Workers: 4
[2027.595s][debug][gc,phases      ] GC(64) Weak Processing 0.567ms
[2027.595s][debug][gc,age         ] GC(64) Desired survivor size 21495808 bytes, new threshold 1 (max threshold 15)
[2027.595s][info ][gc,heap        ] GC(64) PSYoungGen: 2065227K(2065408K)->2176K(2076160K) Eden: 2054144K(2054144K)->0K(2054144K) From: 11083K(11264K)->2176K(22016K)
[2027.595s][info ][gc,heap        ] GC(64) ParOldGen: 326678K(327168K)->335853K(335872K)
[2027.595s][info ][gc,metaspace   ] GC(64) Metaspace: 95874K(97152K)->95874K(97152K) NonClass: 81812K(82560K)->81812K(82560K) Class: 14061K(14592K)->14061K(14592K)
[2027.595s][info ][gc             ] GC(64) Pause Young (Allocation Failure) 2335M->330M(2355M) 9.322ms
[2027.595s][info ][gc,cpu         ] GC(64) User=0.02s Sys=0.00s Real=0.00s
[2027.595s][info ][safepoint      ] Safepoint "ParallelGCFailedAllocation", Time since last: 830686562 ns, Reaching safepoint: 78902 ns, Cleanup: 14101 ns, At safepoint: 9412741 ns, Total: 9505744 ns
[2029.595s][info ][safepoint      ] Safepoint "Cleanup", Time since last: 2000161495 ns, Reaching safepoint: 6601 ns, Cleanup: 29100 ns, At safepoint: 2300 ns, Total: 38001 ns
[2030.595s][info ][safepoint      ] Safepoint "Cleanup", Time since last: 1000122084 ns, Reaching safepoint: 7201 ns, Cleanup: 13200 ns, At safepoint: 2700 ns, Total: 23101 ns
[2033.597s][info ][safepoint      ] Safepoint "Cleanup", Time since last: 3001627039 ns, Reaching safepoint: 6800 ns, Cleanup: 9800 ns, At safepoint: 2700 ns, Total: 19300 ns
[2034.597s][info ][safepoint      ] Safepoint "Cleanup", Time since last: 1000122169 ns, Reaching safepoint: 7000 ns, Cleanup: 10401 ns, At safepoint: 31701 ns, Total: 49102 ns
[2035.597s][info ][safepoint      ] Safepoint "Cleanup", Time since last: 1000081167 ns, Reaching safepoint: 6701 ns, Cleanup: 14500 ns, At safepoint: 2900 ns, Total: 24101 ns
[2047.769s][info ][safepoint      ] Safepoint "Cleanup", Time since last: 12171515675 ns, Reaching safepoint: 9000 ns, Cleanup: 67302 ns, At safepoint: 3100 ns, Total: 79402 ns
[2107.790s][info ][safepoint      ] Safepoint "Cleanup", Time since last: 60020620960 ns, Reaching safepoint: 7201 ns, Cleanup: 10300 ns, At safepoint: 2700 ns, Total: 20201 ns
[2114.790s][info ][safepoint      ] Safepoint "Cleanup", Time since last: 7000563849 ns, Reaching safepoint: 6901 ns, Cleanup: 15300 ns, At safepoint: 2400 ns, Total: 24601 ns
[2167.169s][info ][safepoint      ] Safepoint "JFRCheckpoint", Time since last: 52379083502 ns, Reaching safepoint: 5800 ns, Cleanup: 28301 ns, At safepoint: 38001 ns, Total: 72102 ns
[2167.172s][info ][gc,heap,exit   ] Heap
[2167.172s][info ][gc,heap,exit   ]  PSYoungGen      total 2076160K, used 1071084K [0x0000000780000000, 0x0000000800000000, 0x0000000800000000)
[2167.172s][info ][gc,heap,exit   ]   eden space 2054144K, 52% used [0x0000000780000000,0x00000007c13db208,0x00000007fd600000)
[2167.172s][info ][gc,heap,exit   ]   from space 22016K, 9% used [0x00000007fea80000,0x00000007feca0048,0x0000000800000000)
[2167.172s][info ][gc,heap,exit   ]   to   space 20992K, 0% used [0x00000007fd600000,0x00000007fd600000,0x00000007fea80000)
[2167.172s][info ][gc,heap,exit   ]  ParOldGen       total 335872K, used 335853K [0x00000006c0000000, 0x00000006d4800000, 0x0000000780000000)
[2167.172s][info ][gc,heap,exit   ]   object space 335872K, 99% used [0x00000006c0000000,0x00000006d47fb7b0,0x00000006d4800000)
[2167.172s][info ][gc,heap,exit   ]  Metaspace       used 96043K, committed 97280K, reserved 1179648K
[2167.172s][info ][gc,heap,exit   ]   class space    used 14078K, committed 14592K, reserved 1048576K
