[0.005s][info][gc,init] CardTable entry size: 512
[0.005s][info][gc     ] Using Parallel
[0.006s][info][gc,init] Version: 21.0.4+7-LTS (release)
[0.006s][info][gc,init] CPUs: 4 total, 4 available
[0.006s][info][gc,init] Memory: 15991M
[0.006s][info][gc,init] Large Page Support: Disabled
[0.006s][info][gc,init] NUMA Support: Disabled
[0.006s][info][gc,init] Compressed Oops: Enabled (Zero based)
[0.006s][info][gc,init] Alignments: Space 512K, Generation 512K, Heap 2M
[0.006s][info][gc,init] Heap Min Capacity: 2054M
[0.006s][info][gc,init] Heap Initial Capacity: 2054M
[0.006s][info][gc,init] Heap Max Capacity: 5G
[0.006s][info][gc,init] Pre-touch: Disabled
[0.006s][info][gc,init] Parallel Workers: 4
[0.022s][info][gc,metaspace] CDS archive(s) mapped at: [0x00007fcc64000000-0x00007fcc64cae000-0x00007fcc64cae000), size 13295616, SharedBaseAddress: 0x00007fcc64000000, ArchiveRelocationMode: 1.
[0.022s][info][gc,metaspace] Compressed class space mapped at: 0x00007fcc65000000-0x00007fcca5000000, reserved size: 1073741824
[0.022s][info][gc,metaspace] Narrow klass base: 0x00007fcc64000000, Narrow klass shift: 0, Narrow klass range: 0x100000000
[0.376s][info][safepoint   ] Safepoint "ICBufferFull", Time since last: 346071710 ns, Reaching safepoint: 4700 ns, Cleanup: 115101 ns, At safepoint: 12900 ns, Total: 132701 ns
[0.534s][info][safepoint   ] Safepoint "RedefineClasses", Time since last: 152810753 ns, Reaching safepoint: 4300 ns, Cleanup: 81701 ns, At safepoint: 5789543 ns, Total: 5875544 ns
[0.670s][info][safepoint   ] Safepoint "JFRCheckpoint", Time since last: 135504923 ns, Reaching safepoint: 77600 ns, Cleanup: 44901 ns, At safepoint: 13500 ns, Total: 136001 ns
[1.424s][info][safepoint   ] Safepoint "ICBufferFull", Time since last: 753656585 ns, Reaching safepoint: 3900 ns, Cleanup: 119801 ns, At safepoint: 2400 ns, Total: 126101 ns
[1.690s][info][safepoint   ] Safepoint "ICBufferFull", Time since last: 266372410 ns, Reaching safepoint: 32300 ns, Cleanup: 131501 ns, At safepoint: 8800 ns, Total: 172601 ns
[2.165s][info][safepoint   ] Safepoint "ICBufferFull", Time since last: 474240878 ns, Reaching safepoint: 2800 ns, Cleanup: 117401 ns, At safepoint: 5100 ns, Total: 125301 ns
[2.191s][info][gc,start    ] GC(0) Pause Young (Metadata GC Threshold)
[2.209s][debug][gc,phases   ] GC(0) Scavenge 17.053ms
[2.209s][debug][gc,ref      ] GC(0) ReferenceProcessor::execute queues: 2, RefProcThreadModel::Multi, marks_oops_alive: false
[2.209s][debug][gc,ref      ] GC(0) ReferenceProcessor::execute queues: 4, RefProcThreadModel::Multi, marks_oops_alive: true
[2.210s][debug][gc,ref      ] GC(0) ReferenceProcessor::execute queues: 1, RefProcThreadModel::Single, marks_oops_alive: false
[2.210s][debug][gc,phases   ] GC(0) Reference Processing 0.743ms
[2.210s][debug][gc,phases   ] GC(0)   VM Weak                        Min:  0.0, Avg:  0.0, Max:  0.0, Diff:  0.0, Sum:  0.0, Workers: 4
[2.210s][debug][gc,phases   ] GC(0)     Dead                           Min: 0, Avg:  0.0, Max: 0, Diff: 0, Sum: 0, Workers: 4
[2.210s][debug][gc,phases   ] GC(0)     Total                          Min: 0, Avg: 63.5, Max: 128, Diff: 128, Sum: 254, Workers: 4
[2.210s][debug][gc,phases   ] GC(0)   ObjectSynchronizer Weak        Min:  0.0, Avg:  0.0, Max:  0.0, Diff:  0.0, Sum:  0.0, Workers: 4
[2.210s][debug][gc,phases   ] GC(0)     Dead                           Min: 0, Avg:  0.2, Max: 1, Diff: 1, Sum: 1, Workers: 4
[2.210s][debug][gc,phases   ] GC(0)     Total                          Min: 0, Avg:  1.8, Max: 7, Diff: 7, Sum: 7, Workers: 4
[2.210s][debug][gc,phases   ] GC(0)   JVMTI Tag Weak OopStorage      Min:  0.0, Avg:  0.0, Max:  0.0, Diff:  0.0, Sum:  0.0, Workers: 4
[2.210s][debug][gc,phases   ] GC(0)     Dead                           Min: 0, Avg:  0.0, Max: 0, Diff: 0, Sum: 0, Workers: 4
[2.210s][debug][gc,phases   ] GC(0)     Total                          Min: 0, Avg:  0.0, Max: 0, Diff: 0, Sum: 0, Workers: 4
[2.210s][debug][gc,phases   ] GC(0)   StringTable Weak               Min:  0.1, Avg:  0.1, Max:  0.1, Diff:  0.0, Sum:  0.3, Workers: 4
[2.210s][debug][gc,phases   ] GC(0)     Dead                           Min: 3, Avg:  7.5, Max: 18, Diff: 15, Sum: 30, Workers: 4
[2.210s][debug][gc,phases   ] GC(0)     Total                          Min: 1792, Avg: 1900.0, Max: 1984, Diff: 192, Sum: 7600, Workers: 4
[2.210s][debug][gc,phases   ] GC(0)   ResolvedMethodTable Weak       Min:  0.0, Avg:  0.0, Max:  0.0, Diff:  0.0, Sum:  0.1, Workers: 4
[2.210s][debug][gc,phases   ] GC(0)     Dead                           Min: 52, Avg: 87.8, Max: 114, Diff: 62, Sum: 351, Workers: 4
[2.210s][debug][gc,phases   ] GC(0)     Total                          Min: 448, Avg: 466.5, Max: 512, Diff: 64, Sum: 1866, Workers: 4
[2.210s][debug][gc,phases   ] GC(0)   JNI Weak                       Min:  0.0, Avg:  0.0, Max:  0.0, Diff:  0.0, Sum:  0.0, Workers: 4
[2.210s][debug][gc,phases   ] GC(0)     Dead                           Min: 0, Avg:  0.0, Max: 0, Diff: 0, Sum: 0, Workers: 4
[2.210s][debug][gc,phases   ] GC(0)     Total                          Min: 0, Avg: 12.0, Max: 48, Diff: 48, Sum: 48, Workers: 4
[2.210s][debug][gc,phases   ] GC(0)   StringDedup Table Weak         Min:  0.0, Avg:  0.0, Max:  0.0, Diff:  0.0, Sum:  0.0, Workers: 4
[2.210s][debug][gc,phases   ] GC(0)     Dead                           Min: 0, Avg:  0.0, Max: 0, Diff: 0, Sum: 0, Workers: 4
[2.210s][debug][gc,phases   ] GC(0)     Total                          Min: 0, Avg:  0.0, Max: 0, Diff: 0, Sum: 0, Workers: 4
[2.210s][debug][gc,phases   ] GC(0)   StringDedup Requests0 Weak     Min:  0.0, Avg:  0.0, Max:  0.0, Diff:  0.0, Sum:  0.0, Workers: 4
[2.210s][debug][gc,phases   ] GC(0)     Dead                           Min: 0, Avg:  0.0, Max: 0, Diff: 0, Sum: 0, Workers: 4
[2.210s][debug][gc,phases   ] GC(0)     Total                          Min: 0, Avg:  0.0, Max: 0, Diff: 0, Sum: 0, Workers: 4
[2.210s][debug][gc,phases   ] GC(0)   StringDedup Requests1 Weak     Min:  0.0, Avg:  0.0, Max:  0.0, Diff:  0.0, Sum:  0.0, Workers: 4
[2.210s][debug][gc,phases   ] GC(0)     Dead                           Min: 0, Avg:  0.0, Max: 0, Diff: 0, Sum: 0, Workers: 4
[2.210s][debug][gc,phases   ] GC(0)     Total                          Min: 0, Avg:  0.0, Max: 0, Diff: 0, Sum: 0, Workers: 4
[2.210s][debug][gc,phases   ] GC(0)   Weak JFR Old Object Samples    Min:  0.0, Avg:  0.0, Max:  0.0, Diff:  0.0, Sum:  0.0, Workers: 4
[2.210s][debug][gc,phases   ] GC(0)     Dead                           Min: 0, Avg:  0.0, Max: 0, Diff: 0, Sum: 0, Workers: 4
[2.210s][debug][gc,phases   ] GC(0)     Total                          Min: 0, Avg:  0.0, Max: 0, Diff: 0, Sum: 0, Workers: 4
[2.210s][debug][gc,phases   ] GC(0) Weak Processing 0.360ms
[2.210s][debug][gc,age      ] GC(0) Desired survivor size 536870912 bytes, new threshold 7 (max threshold 15)
[2.210s][info ][gc,heap     ] GC(0) PSYoungGen: 359855K(1572864K)->36646K(1572864K) Eden: 359855K(1048576K)->0K(1048576K) From: 0K(524288K)->36646K(524288K)
[2.210s][info ][gc,heap     ] GC(0) ParOldGen: 1054K(6144K)->1126K(6144K)
[2.210s][info ][gc,metaspace] GC(0) Metaspace: 21108K(21504K)->21108K(21504K) NonClass: 18742K(18944K)->18742K(18944K) Class: 2365K(2560K)->2365K(2560K)
[2.210s][info ][gc          ] GC(0) Pause Young (Metadata GC Threshold) 352M->36M(1542M) 18.627ms
[2.210s][info ][gc,cpu      ] GC(0) User=0.04s Sys=0.03s Real=0.02s
[2.210s][debug][gc,phases   ] GC(1) Pre Compact 0.029ms
[2.210s][info ][gc,start    ] GC(1) Pause Full (Metadata GC Threshold)
[2.210s][info ][gc,phases,start] GC(1) Marking Phase
[2.220s][debug][gc,phases      ] GC(1) Par Mark 10.156ms
[2.220s][debug][gc,ref         ] GC(1) ReferenceProcessor::execute queues: 2, RefProcThreadModel::Multi, marks_oops_alive: false
[2.221s][debug][gc,ref         ] GC(1) ReferenceProcessor::execute queues: 4, RefProcThreadModel::Multi, marks_oops_alive: true
[2.221s][debug][gc,ref         ] GC(1) ReferenceProcessor::execute queues: 1, RefProcThreadModel::Single, marks_oops_alive: false
[2.221s][debug][gc,phases      ] GC(1) Reference Processing 0.185ms
[2.221s][debug][gc,phases      ] GC(1)   VM Weak                        Min:  0.0, Avg:  0.0, Max:  0.0, Diff:  0.0, Sum:  0.0, Workers: 4
[2.221s][debug][gc,phases      ] GC(1)     Dead                           Min: 0, Avg:  0.0, Max: 0, Diff: 0, Sum: 0, Workers: 4
[2.221s][debug][gc,phases      ] GC(1)     Total                          Min: 0, Avg: 63.5, Max: 254, Diff: 254, Sum: 254, Workers: 4
[2.221s][debug][gc,phases      ] GC(1)   ObjectSynchronizer Weak        Min:  0.0, Avg:  0.0, Max:  0.0, Diff:  0.0, Sum:  0.0, Workers: 4
[2.221s][debug][gc,phases      ] GC(1)     Dead                           Min: 0, Avg:  0.0, Max: 0, Diff: 0, Sum: 0, Workers: 4
[2.221s][debug][gc,phases      ] GC(1)     Total                          Min: 0, Avg:  1.8, Max: 7, Diff: 7, Sum: 7, Workers: 4
[2.221s][debug][gc,phases      ] GC(1)   JVMTI Tag Weak OopStorage      Min:  0.0, Avg:  0.0, Max:  0.0, Diff:  0.0, Sum:  0.0, Workers: 4
[2.221s][debug][gc,phases      ] GC(1)     Dead                           Min: 0, Avg:  0.0, Max: 0, Diff: 0, Sum: 0, Workers: 4
[2.221s][debug][gc,phases      ] GC(1)     Total                          Min: 0, Avg:  0.0, Max: 0, Diff: 0, Sum: 0, Workers: 4
[2.221s][debug][gc,phases      ] GC(1)   StringTable Weak               Min:  0.0, Avg:  0.0, Max:  0.0, Diff:  0.0, Sum:  0.1, Workers: 4
[2.221s][debug][gc,phases      ] GC(1)     Dead                           Min: 0, Avg:  0.0, Max: 0, Diff: 0, Sum: 0, Workers: 4
[2.221s][debug][gc,phases      ] GC(1)     Total                          Min: 0, Avg: 1900.0, Max: 2688, Diff: 2688, Sum: 7600, Workers: 4
[2.221s][debug][gc,phases      ] GC(1)   ResolvedMethodTable Weak       Min:  0.0, Avg:  0.0, Max:  0.0, Diff:  0.0, Sum:  0.0, Workers: 4
[2.221s][debug][gc,phases      ] GC(1)     Dead                           Min: 0, Avg:  0.0, Max: 0, Diff: 0, Sum: 0, Workers: 4
[2.221s][debug][gc,phases      ] GC(1)     Total                          Min: 0, Avg: 466.5, Max: 704, Diff: 704, Sum: 1866, Workers: 4
[2.221s][debug][gc,phases      ] GC(1)   JNI Weak                       Min:  0.0, Avg:  0.0, Max:  0.0, Diff:  0.0, Sum:  0.0, Workers: 4
[2.221s][debug][gc,phases      ] GC(1)     Dead                           Min: 0, Avg:  0.0, Max: 0, Diff: 0, Sum: 0, Workers: 4
[2.221s][debug][gc,phases      ] GC(1)     Total                          Min: 0, Avg: 12.0, Max: 48, Diff: 48, Sum: 48, Workers: 4
[2.221s][debug][gc,phases      ] GC(1)   StringDedup Table Weak         Min:  0.0, Avg:  0.0, Max:  0.0, Diff:  0.0, Sum:  0.0, Workers: 4
[2.221s][debug][gc,phases      ] GC(1)     Dead                           Min: 0, Avg:  0.0, Max: 0, Diff: 0, Sum: 0, Workers: 4
[2.221s][debug][gc,phases      ] GC(1)     Total                          Min: 0, Avg:  0.0, Max: 0, Diff: 0, Sum: 0, Workers: 4
[2.221s][debug][gc,phases      ] GC(1)   StringDedup Requests0 Weak     Min:  0.0, Avg:  0.0, Max:  0.0, Diff:  0.0, Sum:  0.0, Workers: 4
[2.221s][debug][gc,phases      ] GC(1)     Dead                           Min: 0, Avg:  0.0, Max: 0, Diff: 0, Sum: 0, Workers: 4
[2.221s][debug][gc,phases      ] GC(1)     Total                          Min: 0, Avg:  0.0, Max: 0, Diff: 0, Sum: 0, Workers: 4
[2.221s][debug][gc,phases      ] GC(1)   StringDedup Requests1 Weak     Min:  0.0, Avg:  0.0, Max:  0.0, Diff:  0.0, Sum:  0.0, Workers: 4
[2.221s][debug][gc,phases      ] GC(1)     Dead                           Min: 0, Avg:  0.0, Max: 0, Diff: 0, Sum: 0, Workers: 4
[2.221s][debug][gc,phases      ] GC(1)     Total                          Min: 0, Avg:  0.0, Max: 0, Diff: 0, Sum: 0, Workers: 4
[2.221s][debug][gc,phases      ] GC(1)   Weak JFR Old Object Samples    Min:  0.0, Avg:  0.0, Max:  0.0, Diff:  0.0, Sum:  0.0, Workers: 4
[2.221s][debug][gc,phases      ] GC(1)     Dead                           Min: 0, Avg:  0.0, Max: 0, Diff: 0, Sum: 0, Workers: 4
[2.221s][debug][gc,phases      ] GC(1)     Total                          Min: 0, Avg:  0.0, Max: 0, Diff: 0, Sum: 0, Workers: 4
[2.221s][debug][gc,phases      ] GC(1) Weak Processing 0.276ms
[2.221s][debug][gc,phases      ] GC(1) ClassLoaderData 0.035ms
[2.221s][debug][gc,phases      ] GC(1) Trigger cleanups 0.000ms
[2.227s][debug][gc,phases      ] GC(1) Purge Unlinked NMethods 0.002ms
[2.227s][debug][gc,phases      ] GC(1) Unregister NMethods 0.019ms
[2.227s][debug][gc,phases      ] GC(1) Free Code Blobs 0.004ms
[2.227s][debug][gc,phases      ] GC(1) Class Unloading 6.068ms
[2.227s][debug][gc,phases      ] GC(1) Report Object Count 0.001ms
[2.227s][info ][gc,phases      ] GC(1) Marking Phase 16.776ms
[2.227s][info ][gc,phases,start] GC(1) Summary Phase
[2.227s][info ][gc,phases      ] GC(1) Summary Phase 0.007ms
[2.227s][info ][gc,phases,start] GC(1) Adjust Roots
[2.233s][info ][gc,phases      ] GC(1) Adjust Roots 5.516ms
[2.233s][info ][gc,phases,start] GC(1) Compaction Phase
[2.260s][info ][gc,phases      ] GC(1) Compaction Phase 27.546ms
[2.260s][info ][gc,phases,start] GC(1) Post Compact
[2.262s][debug][gc,phases      ] GC(1) Purge Class Loader Data 1.062ms
[2.262s][info ][gc,phases      ] GC(1) Post Compact 2.163ms
[2.262s][info ][gc,heap        ] GC(1) PSYoungGen: 36646K(1572864K)->31408K(1572864K) Eden: 0K(1048576K)->0K(1048576K) From: 36646K(524288K)->31408K(524288K)
[2.262s][info ][gc,heap        ] GC(1) ParOldGen: 1126K(6144K)->6066K(6144K)
[2.262s][info ][gc,metaspace   ] GC(1) Metaspace: 21108K(21504K)->21108K(21504K) NonClass: 18742K(18944K)->18742K(18944K) Class: 2365K(2560K)->2365K(2560K)
[2.262s][info ][gc             ] GC(1) Pause Full (Metadata GC Threshold) 36M->36M(1542M) 52.190ms
[2.262s][info ][gc,cpu         ] GC(1) User=0.12s Sys=0.01s Real=0.05s
[2.262s][info ][safepoint      ] Safepoint "CollectForMetadataAllocation", Time since last: 26743301 ns, Reaching safepoint: 4300 ns, Cleanup: 15600 ns, At safepoint: 70978036 ns, Total: 70997936 ns
[2.651s][info ][safepoint      ] Safepoint "ICBufferFull", Time since last: 388500431 ns, Reaching safepoint: 77700 ns, Cleanup: 107701 ns, At safepoint: 5700 ns, Total: 191101 ns
[2.787s][info ][safepoint      ] Safepoint "ICBufferFull", Time since last: 135481122 ns, Reaching safepoint: 87901 ns, Cleanup: 119301 ns, At safepoint: 6000 ns, Total: 213202 ns
[3.012s][info ][safepoint      ] Safepoint "ICBufferFull", Time since last: 224769095 ns, Reaching safepoint: 3300 ns, Cleanup: 131201 ns, At safepoint: 2000 ns, Total: 136501 ns
[3.764s][info ][safepoint      ] Safepoint "ICBufferFull", Time since last: 752391066 ns, Reaching safepoint: 4700 ns, Cleanup: 140001 ns, At safepoint: 7300 ns, Total: 152001 ns
[3.853s][info ][safepoint      ] Safepoint "ICBufferFull", Time since last: 88651868 ns, Reaching safepoint: 5700 ns, Cleanup: 125801 ns, At safepoint: 2400 ns, Total: 133901 ns
[3.927s][info ][safepoint      ] Safepoint "ICBufferFull", Time since last: 73673755 ns, Reaching safepoint: 4000 ns, Cleanup: 120501 ns, At safepoint: 6000 ns, Total: 130501 ns
[4.535s][info ][gc,start       ] GC(2) Pause Young (Metadata GC Threshold)
[4.596s][debug][gc,phases      ] GC(2) Scavenge 60.891ms
[4.596s][debug][gc,ref         ] GC(2) ReferenceProcessor::execute queues: 4, RefProcThreadModel::Multi, marks_oops_alive: false
[4.596s][debug][gc,ref         ] GC(2) Skipped KeepAliveFinalRefsPhase of Reference Processing: no references
[4.596s][debug][gc,ref         ] GC(2) ReferenceProcessor::execute queues: 2, RefProcThreadModel::Multi, marks_oops_alive: false
[4.596s][debug][gc,phases      ] GC(2) Reference Processing 0.630ms
[4.597s][debug][gc,phases      ] GC(2)   VM Weak                        Min:  0.0, Avg:  0.0, Max:  0.0, Diff:  0.0, Sum:  0.0, Workers: 4
[4.597s][debug][gc,phases      ] GC(2)     Dead                           Min: 0, Avg:  0.0, Max: 0, Diff: 0, Sum: 0, Workers: 4
[4.597s][debug][gc,phases      ] GC(2)     Total                          Min: 0, Avg: 78.2, Max: 313, Diff: 313, Sum: 313, Workers: 4
[4.597s][debug][gc,phases      ] GC(2)   ObjectSynchronizer Weak        Min:  0.0, Avg:  0.0, Max:  0.0, Diff:  0.0, Sum:  0.0, Workers: 4
[4.597s][debug][gc,phases      ] GC(2)     Dead                           Min: 0, Avg:  0.0, Max: 0, Diff: 0, Sum: 0, Workers: 4
[4.597s][debug][gc,phases      ] GC(2)     Total                          Min: 0, Avg:  1.8, Max: 7, Diff: 7, Sum: 7, Workers: 4
[4.597s][debug][gc,phases      ] GC(2)   JVMTI Tag Weak OopStorage      Min:  0.0, Avg:  0.0, Max:  0.0, Diff:  0.0, Sum:  0.0, Workers: 4
[4.597s][debug][gc,phases      ] GC(2)     Dead                           Min: 0, Avg:  0.0, Max: 0, Diff: 0, Sum: 0, Workers: 4
[4.597s][debug][gc,phases      ] GC(2)     Total                          Min: 0, Avg:  0.0, Max: 0, Diff: 0, Sum: 0, Workers: 4
[4.597s][debug][gc,phases      ] GC(2)   StringTable Weak               Min:  0.0, Avg:  0.1, Max:  0.3, Diff:  0.3, Sum:  0.5, Workers: 4
[4.597s][debug][gc,phases      ] GC(2)     Dead                           Min: 0, Avg:  2.5, Max: 5, Diff: 5, Sum: 10, Workers: 4
[4.597s][debug][gc,phases      ] GC(2)     Total                          Min: 0, Avg: 3485.2, Max: 7157, Diff: 7157, Sum: 13941, Workers: 4
[4.597s][debug][gc,phases      ] GC(2)   ResolvedMethodTable Weak       Min:  0.0, Avg:  0.0, Max:  0.1, Diff:  0.1, Sum:  0.1, Workers: 4
[4.597s][debug][gc,phases      ] GC(2)     Dead                           Min: 0, Avg: 252.2, Max: 575, Diff: 575, Sum: 1009, Workers: 4
[4.597s][debug][gc,phases      ] GC(2)     Total                          Min: 0, Avg: 937.0, Max: 1956, Diff: 1956, Sum: 3748, Workers: 4
[4.597s][debug][gc,phases      ] GC(2)   JNI Weak                       Min:  0.0, Avg:  0.0, Max:  0.0, Diff:  0.0, Sum:  0.0, Workers: 4
[4.597s][debug][gc,phases      ] GC(2)     Dead                           Min: 0, Avg:  0.0, Max: 0, Diff: 0, Sum: 0, Workers: 4
[4.597s][debug][gc,phases      ] GC(2)     Total                          Min: 0, Avg: 23.0, Max: 48, Diff: 48, Sum: 92, Workers: 4
[4.597s][debug][gc,phases      ] GC(2)   StringDedup Table Weak         Min:  0.0, Avg:  0.0, Max:  0.0, Diff:  0.0, Sum:  0.0, Workers: 4
[4.597s][debug][gc,phases      ] GC(2)     Dead                           Min: 0, Avg:  0.0, Max: 0, Diff: 0, Sum: 0, Workers: 4
[4.597s][debug][gc,phases      ] GC(2)     Total                          Min: 0, Avg:  0.0, Max: 0, Diff: 0, Sum: 0, Workers: 4
[4.597s][debug][gc,phases      ] GC(2)   StringDedup Requests0 Weak     Min:  0.0, Avg:  0.0, Max:  0.0, Diff:  0.0, Sum:  0.0, Workers: 4
[4.597s][debug][gc,phases      ] GC(2)     Dead                           Min: 0, Avg:  0.0, Max: 0, Diff: 0, Sum: 0, Workers: 4
[4.597s][debug][gc,phases      ] GC(2)     Total                          Min: 0, Avg:  0.0, Max: 0, Diff: 0, Sum: 0, Workers: 4
[4.597s][debug][gc,phases      ] GC(2)   StringDedup Requests1 Weak     Min:  0.0, Avg:  0.0, Max:  0.0, Diff:  0.0, Sum:  0.0, Workers: 4
[4.597s][debug][gc,phases      ] GC(2)     Dead                           Min: 0, Avg:  0.0, Max: 0, Diff: 0, Sum: 0, Workers: 4
[4.597s][debug][gc,phases      ] GC(2)     Total                          Min: 0, Avg:  0.0, Max: 0, Diff: 0, Sum: 0, Workers: 4
[4.597s][debug][gc,phases      ] GC(2)   Weak JFR Old Object Samples    Min:  0.0, Avg:  0.0, Max:  0.0, Diff:  0.0, Sum:  0.0, Workers: 4
[4.597s][debug][gc,phases      ] GC(2)     Dead                           Min: 0, Avg:  0.0, Max: 0, Diff: 0, Sum: 0, Workers: 4
[4.597s][debug][gc,phases      ] GC(2)     Total                          Min: 0, Avg:  0.0, Max: 0, Diff: 0, Sum: 0, Workers: 4
[4.597s][debug][gc,phases      ] GC(2) Weak Processing 0.572ms
[4.597s][debug][gc,age         ] GC(2) Desired survivor size 536870912 bytes, new threshold 7 (max threshold 15)
[4.597s][info ][gc,heap        ] GC(2) PSYoungGen: 597640K(1572864K)->75757K(1572864K) Eden: 566231K(1048576K)->0K(1048576K) From: 31408K(524288K)->75757K(524288K)
[4.597s][info ][gc,heap        ] GC(2) ParOldGen: 6066K(6144K)->6074K(6144K)
[4.597s][info ][gc,metaspace   ] GC(2) Metaspace: 35360K(35840K)->35360K(35840K) NonClass: 30993K(31296K)->30993K(31296K) Class: 4366K(4544K)->4366K(4544K)
[4.597s][info ][gc             ] GC(2) Pause Young (Metadata GC Threshold) 589M->79M(1542M) 62.247ms
[4.597s][info ][gc,cpu         ] GC(2) User=0.15s Sys=0.03s Real=0.06s
[4.597s][debug][gc,phases      ] GC(3) Pre Compact 0.009ms
[4.597s][info ][gc,start       ] GC(3) Pause Full (Metadata GC Threshold)
[4.597s][info ][gc,phases,start] GC(3) Marking Phase
[4.650s][debug][gc,phases      ] GC(3) Par Mark 52.956ms
[4.650s][debug][gc,ref         ] GC(3) ReferenceProcessor::execute queues: 4, RefProcThreadModel::Multi, marks_oops_alive: false
[4.651s][debug][gc,ref         ] GC(3) ReferenceProcessor::execute queues: 4, RefProcThreadModel::Multi, marks_oops_alive: true
[4.651s][debug][gc,ref         ] GC(3) ReferenceProcessor::execute queues: 1, RefProcThreadModel::Single, marks_oops_alive: false
[4.651s][debug][gc,phases      ] GC(3) Reference Processing 0.757ms
[4.651s][debug][gc,phases      ] GC(3)   VM Weak                        Min:  0.0, Avg:  0.0, Max:  0.0, Diff:  0.0, Sum:  0.0, Workers: 4
[4.651s][debug][gc,phases      ] GC(3)     Dead                           Min: 0, Avg:  0.0, Max: 0, Diff: 0, Sum: 0, Workers: 4
[4.651s][debug][gc,phases      ] GC(3)     Total                          Min: 0, Avg: 78.2, Max: 249, Diff: 249, Sum: 313, Workers: 4
[4.651s][debug][gc,phases      ] GC(3)   ObjectSynchronizer Weak        Min:  0.0, Avg:  0.0, Max:  0.0, Diff:  0.0, Sum:  0.0, Workers: 4
[4.651s][debug][gc,phases      ] GC(3)     Dead                           Min: 0, Avg:  0.0, Max: 0, Diff: 0, Sum: 0, Workers: 4
[4.651s][debug][gc,phases      ] GC(3)     Total                          Min: 0, Avg:  1.8, Max: 7, Diff: 7, Sum: 7, Workers: 4
[4.651s][debug][gc,phases      ] GC(3)   JVMTI Tag Weak OopStorage      Min:  0.0, Avg:  0.0, Max:  0.0, Diff:  0.0, Sum:  0.0, Workers: 4
[4.651s][debug][gc,phases      ] GC(3)     Dead                           Min: 0, Avg:  0.0, Max: 0, Diff: 0, Sum: 0, Workers: 4
[4.651s][debug][gc,phases      ] GC(3)     Total                          Min: 0, Avg:  0.0, Max: 0, Diff: 0, Sum: 0, Workers: 4
[4.651s][debug][gc,phases      ] GC(3)   StringTable Weak               Min:  0.0, Avg:  0.1, Max:  0.1, Diff:  0.1, Sum:  0.2, Workers: 4
[4.651s][debug][gc,phases      ] GC(3)     Dead                           Min: 0, Avg:  0.0, Max: 0, Diff: 0, Sum: 0, Workers: 4
[4.651s][debug][gc,phases      ] GC(3)     Total                          Min: 0, Avg: 3485.2, Max: 7488, Diff: 7488, Sum: 13941, Workers: 4
[4.651s][debug][gc,phases      ] GC(3)   ResolvedMethodTable Weak       Min:  0.0, Avg:  0.0, Max:  0.0, Diff:  0.0, Sum:  0.0, Workers: 4
[4.651s][debug][gc,phases      ] GC(3)     Dead                           Min: 0, Avg:  0.0, Max: 0, Diff: 0, Sum: 0, Workers: 4
[4.651s][debug][gc,phases      ] GC(3)     Total                          Min: 0, Avg: 937.0, Max: 2020, Diff: 2020, Sum: 3748, Workers: 4
[4.651s][debug][gc,phases      ] GC(3)   JNI Weak                       Min:  0.0, Avg:  0.0, Max:  0.0, Diff:  0.0, Sum:  0.0, Workers: 4
[4.651s][debug][gc,phases      ] GC(3)     Dead                           Min: 0, Avg:  0.0, Max: 0, Diff: 0, Sum: 0, Workers: 4
[4.651s][debug][gc,phases      ] GC(3)     Total                          Min: 0, Avg: 23.0, Max: 48, Diff: 48, Sum: 92, Workers: 4
[4.651s][debug][gc,phases      ] GC(3)   StringDedup Table Weak         Min:  0.0, Avg:  0.0, Max:  0.0, Diff:  0.0, Sum:  0.0, Workers: 4
[4.651s][debug][gc,phases      ] GC(3)     Dead                           Min: 0, Avg:  0.0, Max: 0, Diff: 0, Sum: 0, Workers: 4
[4.651s][debug][gc,phases      ] GC(3)     Total                          Min: 0, Avg:  0.0, Max: 0, Diff: 0, Sum: 0, Workers: 4
[4.651s][debug][gc,phases      ] GC(3)   StringDedup Requests0 Weak     Min:  0.0, Avg:  0.0, Max:  0.0, Diff:  0.0, Sum:  0.0, Workers: 4
[4.651s][debug][gc,phases      ] GC(3)     Dead                           Min: 0, Avg:  0.0, Max: 0, Diff: 0, Sum: 0, Workers: 4
[4.651s][debug][gc,phases      ] GC(3)     Total                          Min: 0, Avg:  0.0, Max: 0, Diff: 0, Sum: 0, Workers: 4
[4.651s][debug][gc,phases      ] GC(3)   StringDedup Requests1 Weak     Min:  0.0, Avg:  0.0, Max:  0.0, Diff:  0.0, Sum:  0.0, Workers: 4
[4.651s][debug][gc,phases      ] GC(3)     Dead                           Min: 0, Avg:  0.0, Max: 0, Diff: 0, Sum: 0, Workers: 4
[4.651s][debug][gc,phases      ] GC(3)     Total                          Min: 0, Avg:  0.0, Max: 0, Diff: 0, Sum: 0, Workers: 4
[4.651s][debug][gc,phases      ] GC(3)   Weak JFR Old Object Samples    Min:  0.0, Avg:  0.0, Max:  0.0, Diff:  0.0, Sum:  0.0, Workers: 4
[4.651s][debug][gc,phases      ] GC(3)     Dead                           Min: 0, Avg:  0.0, Max: 0, Diff: 0, Sum: 0, Workers: 4
[4.651s][debug][gc,phases      ] GC(3)     Total                          Min: 0, Avg:  0.0, Max: 0, Diff: 0, Sum: 0, Workers: 4
[4.651s][debug][gc,phases      ] GC(3) Weak Processing 0.357ms
[4.651s][debug][gc,phases      ] GC(3) ClassLoaderData 0.046ms
[4.651s][debug][gc,phases      ] GC(3) Trigger cleanups 0.000ms
[4.662s][debug][gc,phases      ] GC(3) Purge Unlinked NMethods 0.833ms
[4.662s][debug][gc,phases      ] GC(3) Unregister NMethods 0.117ms
[4.663s][debug][gc,phases      ] GC(3) Free Code Blobs 0.117ms
[4.663s][debug][gc,phases      ] GC(3) Class Unloading 11.333ms
[4.663s][debug][gc,phases      ] GC(3) Report Object Count 0.001ms
[4.663s][info ][gc,phases      ] GC(3) Marking Phase 65.499ms
[4.663s][info ][gc,phases,start] GC(3) Summary Phase
[4.663s][info ][gc,phases      ] GC(3) Summary Phase 0.008ms
[4.663s][info ][gc,phases,start] GC(3) Adjust Roots
[4.670s][info ][gc,phases      ] GC(3) Adjust Roots 7.689ms
[4.670s][info ][gc,phases,start] GC(3) Compaction Phase
[4.993s][info ][gc,phases      ] GC(3) Compaction Phase 322.304ms
[4.993s][info ][gc,phases,start] GC(3) Post Compact
[4.995s][debug][gc,phases      ] GC(3) Purge Class Loader Data 1.381ms
[4.995s][info ][gc,phases      ] GC(3) Post Compact 2.755ms
[4.995s][info ][gc,heap        ] GC(3) PSYoungGen: 75757K(1572864K)->75565K(1572864K) Eden: 0K(1048576K)->0K(1048576K) From: 75757K(524288K)->75565K(524288K)
[4.995s][info ][gc,heap        ] GC(3) ParOldGen: 6074K(6144K)->5999K(6144K)
[4.995s][info ][gc,metaspace   ] GC(3) Metaspace: 35360K(35840K)->35360K(35840K) NonClass: 30993K(31296K)->30993K(31296K) Class: 4366K(4544K)->4366K(4544K)
[4.995s][info ][gc             ] GC(3) Pause Full (Metadata GC Threshold) 79M->79M(1542M) 398.412ms
[4.995s][info ][gc,cpu         ] GC(3) User=0.76s Sys=0.01s Real=0.40s
[4.996s][info ][safepoint      ] Safepoint "CollectForMetadataAllocation", Time since last: 607774276 ns, Reaching safepoint: 5100 ns, Cleanup: 103801 ns, At safepoint: 460823370 ns, Total: 460932271 ns
[5.400s][info ][safepoint      ] Safepoint "ICBufferFull", Time since last: 404359145 ns, Reaching safepoint: 80401 ns, Cleanup: 144601 ns, At safepoint: 7700 ns, Total: 232702 ns
[5.628s][info ][safepoint      ] Safepoint "ICBufferFull", Time since last: 228077617 ns, Reaching safepoint: 3801 ns, Cleanup: 128300 ns, At safepoint: 5301 ns, Total: 137402 ns
[5.885s][info ][safepoint      ] Safepoint "ICBufferFull", Time since last: 256226429 ns, Reaching safepoint: 80601 ns, Cleanup: 131201 ns, At safepoint: 6900 ns, Total: 218702 ns
[5.971s][info ][safepoint      ] Safepoint "ICBufferFull", Time since last: 86482451 ns, Reaching safepoint: 79200 ns, Cleanup: 128801 ns, At safepoint: 5100 ns, Total: 213101 ns
[6.300s][info ][safepoint      ] Safepoint "ICBufferFull", Time since last: 328689676 ns, Reaching safepoint: 3800 ns, Cleanup: 163701 ns, At safepoint: 2300 ns, Total: 169801 ns
[6.934s][info ][safepoint      ] Safepoint "ICBufferFull", Time since last: 633011167 ns, Reaching safepoint: 6200 ns, Cleanup: 226501 ns, At safepoint: 7200 ns, Total: 239901 ns
[7.269s][info ][gc,start       ] GC(4) Pause Young (Metadata GC Threshold)
[7.340s][debug][gc,phases      ] GC(4) Scavenge 70.848ms
[7.340s][debug][gc,ref         ] GC(4) ReferenceProcessor::execute queues: 4, RefProcThreadModel::Multi, marks_oops_alive: false
[7.341s][debug][gc,ref         ] GC(4) Skipped KeepAliveFinalRefsPhase of Reference Processing: no references
[7.341s][debug][gc,ref         ] GC(4) ReferenceProcessor::execute queues: 4, RefProcThreadModel::Multi, marks_oops_alive: false
[7.342s][debug][gc,phases      ] GC(4) Reference Processing 1.886ms
[7.343s][debug][gc,phases      ] GC(4)   VM Weak                        Min:  0.0, Avg:  0.0, Max:  0.0, Diff:  0.0, Sum:  0.0, Workers: 4
[7.343s][debug][gc,phases      ] GC(4)     Dead                           Min: 0, Avg:  0.0, Max: 0, Diff: 0, Sum: 0, Workers: 4
[7.343s][debug][gc,phases      ] GC(4)     Total                          Min: 0, Avg: 141.2, Max: 320, Diff: 320, Sum: 565, Workers: 4
[7.343s][debug][gc,phases      ] GC(4)   ObjectSynchronizer Weak        Min:  0.0, Avg:  0.0, Max:  0.0, Diff:  0.0, Sum:  0.0, Workers: 4
[7.343s][debug][gc,phases      ] GC(4)     Dead                           Min: 0, Avg:  0.0, Max: 0, Diff: 0, Sum: 0, Workers: 4
[7.343s][debug][gc,phases      ] GC(4)     Total                          Min: 0, Avg:  2.0, Max: 8, Diff: 8, Sum: 8, Workers: 4
[7.343s][debug][gc,phases      ] GC(4)   JVMTI Tag Weak OopStorage      Min:  0.0, Avg:  0.0, Max:  0.0, Diff:  0.0, Sum:  0.0, Workers: 4
[7.343s][debug][gc,phases      ] GC(4)     Dead                           Min: 0, Avg:  0.0, Max: 0, Diff: 0, Sum: 0, Workers: 4
[7.343s][debug][gc,phases      ] GC(4)     Total                          Min: 0, Avg:  0.0, Max: 0, Diff: 0, Sum: 0, Workers: 4
[7.343s][debug][gc,phases      ] GC(4)   StringTable Weak               Min:  0.0, Avg:  0.4, Max:  0.6, Diff:  0.6, Sum:  1.7, Workers: 4
[7.343s][debug][gc,phases      ] GC(4)     Dead                           Min: 0, Avg:  4.2, Max: 10, Diff: 10, Sum: 17, Workers: 4
[7.343s][debug][gc,phases      ] GC(4)     Total                          Min: 0, Avg: 8799.5, Max: 12670, Diff: 12670, Sum: 35198, Workers: 4
[7.343s][debug][gc,phases      ] GC(4)   ResolvedMethodTable Weak       Min:  0.0, Avg:  0.1, Max:  0.2, Diff:  0.2, Sum:  0.5, Workers: 4
[7.343s][debug][gc,phases      ] GC(4)     Dead                           Min: 0, Avg: 902.0, Max: 1410, Diff: 1410, Sum: 3608, Workers: 4
[7.343s][debug][gc,phases      ] GC(4)     Total                          Min: 0, Avg: 2680.5, Max: 4160, Diff: 4160, Sum: 10722, Workers: 4
[7.343s][debug][gc,phases      ] GC(4)   JNI Weak                       Min:  0.0, Avg:  0.0, Max:  0.0, Diff:  0.0, Sum:  0.0, Workers: 4
[7.343s][debug][gc,phases      ] GC(4)     Dead                           Min: 0, Avg:  0.0, Max: 0, Diff: 0, Sum: 0, Workers: 4
[7.343s][debug][gc,phases      ] GC(4)     Total                          Min: 0, Avg: 13.0, Max: 49, Diff: 49, Sum: 52, Workers: 4
[7.343s][debug][gc,phases      ] GC(4)   StringDedup Table Weak         Min:  0.0, Avg:  0.0, Max:  0.0, Diff:  0.0, Sum:  0.0, Workers: 4
[7.343s][debug][gc,phases      ] GC(4)     Dead                           Min: 0, Avg:  0.0, Max: 0, Diff: 0, Sum: 0, Workers: 4
[7.343s][debug][gc,phases      ] GC(4)     Total                          Min: 0, Avg:  0.0, Max: 0, Diff: 0, Sum: 0, Workers: 4
[7.343s][debug][gc,phases      ] GC(4)   StringDedup Requests0 Weak     Min:  0.0, Avg:  0.0, Max:  0.0, Diff:  0.0, Sum:  0.0, Workers: 4
[7.343s][debug][gc,phases      ] GC(4)     Dead                           Min: 0, Avg:  0.0, Max: 0, Diff: 0, Sum: 0, Workers: 4
[7.343s][debug][gc,phases      ] GC(4)     Total                          Min: 0, Avg:  0.0, Max: 0, Diff: 0, Sum: 0, Workers: 4
[7.343s][debug][gc,phases      ] GC(4)   StringDedup Requests1 Weak     Min:  0.0, Avg:  0.0, Max:  0.0, Diff:  0.0, Sum:  0.0, Workers: 4
[7.343s][debug][gc,phases      ] GC(4)     Dead                           Min: 0, Avg:  0.0, Max: 0, Diff: 0, Sum: 0, Workers: 4
[7.343s][debug][gc,phases      ] GC(4)     Total                          Min: 0, Avg:  0.0, Max: 0, Diff: 0, Sum: 0, Workers: 4
[7.343s][debug][gc,phases      ] GC(4)   Weak JFR Old Object Samples    Min:  0.0, Avg:  0.0, Max:  0.0, Diff:  0.0, Sum:  0.0, Workers: 4
[7.343s][debug][gc,phases      ] GC(4)     Dead                           Min: 0, Avg:  0.0, Max: 0, Diff: 0, Sum: 0, Workers: 4
[7.343s][debug][gc,phases      ] GC(4)     Total                          Min: 0, Avg:  0.0, Max: 0, Diff: 0, Sum: 0, Workers: 4
[7.343s][debug][gc,phases      ] GC(4) Weak Processing 1.061ms
[7.343s][debug][gc,age         ] GC(4) Desired survivor size 536870912 bytes, new threshold 7 (max threshold 15)
[7.343s][info ][gc,heap        ] GC(4) PSYoungGen: 406987K(1572864K)->111507K(1572864K) Eden: 331421K(1048576K)->0K(1048576K) From: 75565K(524288K)->111507K(524288K)
[7.343s][info ][gc,heap        ] GC(4) ParOldGen: 5999K(6144K)->6023K(6144K)
[7.343s][info ][gc,metaspace   ] GC(4) Metaspace: 58930K(59776K)->58930K(59776K) NonClass: 49846K(50304K)->49846K(50304K) Class: 9084K(9472K)->9084K(9472K)
[7.343s][info ][gc             ] GC(4) Pause Young (Metadata GC Threshold) 403M->114M(1542M) 73.961ms
[7.343s][info ][gc,cpu         ] GC(4) User=0.21s Sys=0.04s Real=0.07s
[7.343s][debug][gc,phases      ] GC(5) Pre Compact 0.009ms
[7.343s][info ][gc,start       ] GC(5) Pause Full (Metadata GC Threshold)
[7.343s][info ][gc,phases,start] GC(5) Marking Phase
[7.406s][debug][gc,phases      ] GC(5) Par Mark 63.325ms
[7.407s][debug][gc,ref         ] GC(5) ReferenceProcessor::execute queues: 4, RefProcThreadModel::Multi, marks_oops_alive: false
[7.407s][debug][gc,ref         ] GC(5) Skipped KeepAliveFinalRefsPhase of Reference Processing: no references
[7.407s][debug][gc,ref         ] GC(5) ReferenceProcessor::execute queues: 1, RefProcThreadModel::Single, marks_oops_alive: false
[7.407s][debug][gc,phases      ] GC(5) Reference Processing 0.721ms
[7.407s][debug][gc,phases      ] GC(5)   VM Weak                        Min:  0.0, Avg:  0.0, Max:  0.0, Diff:  0.0, Sum:  0.0, Workers: 4
[7.407s][debug][gc,phases      ] GC(5)     Dead                           Min: 0, Avg:  0.0, Max: 0, Diff: 0, Sum: 0, Workers: 4
[7.407s][debug][gc,phases      ] GC(5)     Total                          Min: 0, Avg: 141.2, Max: 320, Diff: 320, Sum: 565, Workers: 4
[7.407s][debug][gc,phases      ] GC(5)   ObjectSynchronizer Weak        Min:  0.0, Avg:  0.0, Max:  0.0, Diff:  0.0, Sum:  0.0, Workers: 4
[7.407s][debug][gc,phases      ] GC(5)     Dead                           Min: 0, Avg:  0.0, Max: 0, Diff: 0, Sum: 0, Workers: 4
[7.407s][debug][gc,phases      ] GC(5)     Total                          Min: 0, Avg:  2.0, Max: 8, Diff: 8, Sum: 8, Workers: 4
[7.407s][debug][gc,phases      ] GC(5)   JVMTI Tag Weak OopStorage      Min:  0.0, Avg:  0.0, Max:  0.0, Diff:  0.0, Sum:  0.0, Workers: 4
[7.407s][debug][gc,phases      ] GC(5)     Dead                           Min: 0, Avg:  0.0, Max: 0, Diff: 0, Sum: 0, Workers: 4
[7.407s][debug][gc,phases      ] GC(5)     Total                          Min: 0, Avg:  0.0, Max: 0, Diff: 0, Sum: 0, Workers: 4
[7.407s][debug][gc,phases      ] GC(5)   StringTable Weak               Min:  0.2, Avg:  0.2, Max:  0.3, Diff:  0.1, Sum:  0.8, Workers: 4
[7.407s][debug][gc,phases      ] GC(5)     Dead                           Min: 0, Avg:  0.0, Max: 0, Diff: 0, Sum: 0, Workers: 4
[7.407s][debug][gc,phases      ] GC(5)     Total                          Min: 6400, Avg: 8799.5, Max: 10238, Diff: 3838, Sum: 35198, Workers: 4
[7.407s][debug][gc,phases      ] GC(5)   ResolvedMethodTable Weak       Min:  0.0, Avg:  0.0, Max:  0.0, Diff:  0.0, Sum:  0.1, Workers: 4
[7.407s][debug][gc,phases      ] GC(5)     Dead                           Min: 0, Avg:  0.0, Max: 0, Diff: 0, Sum: 0, Workers: 4
[7.407s][debug][gc,phases      ] GC(5)     Total                          Min: 0, Avg: 2680.5, Max: 3810, Diff: 3810, Sum: 10722, Workers: 4
[7.407s][debug][gc,phases      ] GC(5)   JNI Weak                       Min:  0.0, Avg:  0.0, Max:  0.0, Diff:  0.0, Sum:  0.0, Workers: 4
[7.407s][debug][gc,phases      ] GC(5)     Dead                           Min: 0, Avg:  0.0, Max: 0, Diff: 0, Sum: 0, Workers: 4
[7.407s][debug][gc,phases      ] GC(5)     Total                          Min: 0, Avg: 13.0, Max: 49, Diff: 49, Sum: 52, Workers: 4
[7.407s][debug][gc,phases      ] GC(5)   StringDedup Table Weak         Min:  0.0, Avg:  0.0, Max:  0.0, Diff:  0.0, Sum:  0.0, Workers: 4
[7.407s][debug][gc,phases      ] GC(5)     Dead                           Min: 0, Avg:  0.0, Max: 0, Diff: 0, Sum: 0, Workers: 4
[7.407s][debug][gc,phases      ] GC(5)     Total                          Min: 0, Avg:  0.0, Max: 0, Diff: 0, Sum: 0, Workers: 4
[7.408s][debug][gc,phases      ] GC(5)   StringDedup Requests0 Weak     Min:  0.0, Avg:  0.0, Max:  0.0, Diff:  0.0, Sum:  0.0, Workers: 4
[7.408s][debug][gc,phases      ] GC(5)     Dead                           Min: 0, Avg:  0.0, Max: 0, Diff: 0, Sum: 0, Workers: 4
[7.408s][debug][gc,phases      ] GC(5)     Total                          Min: 0, Avg:  0.0, Max: 0, Diff: 0, Sum: 0, Workers: 4
[7.408s][debug][gc,phases      ] GC(5)   StringDedup Requests1 Weak     Min:  0.0, Avg:  0.0, Max:  0.0, Diff:  0.0, Sum:  0.0, Workers: 4
[7.408s][debug][gc,phases      ] GC(5)     Dead                           Min: 0, Avg:  0.0, Max: 0, Diff: 0, Sum: 0, Workers: 4
[7.408s][debug][gc,phases      ] GC(5)     Total                          Min: 0, Avg:  0.0, Max: 0, Diff: 0, Sum: 0, Workers: 4
[7.408s][debug][gc,phases      ] GC(5)   Weak JFR Old Object Samples    Min:  0.0, Avg:  0.0, Max:  0.0, Diff:  0.0, Sum:  0.0, Workers: 4
[7.408s][debug][gc,phases      ] GC(5)     Dead                           Min: 0, Avg:  0.0, Max: 0, Diff: 0, Sum: 0, Workers: 4
[7.408s][debug][gc,phases      ] GC(5)     Total                          Min: 0, Avg:  0.0, Max: 0, Diff: 0, Sum: 0, Workers: 4
[7.408s][debug][gc,phases      ] GC(5) Weak Processing 0.497ms
[7.408s][debug][gc,phases      ] GC(5) ClassLoaderData 0.080ms
[7.408s][debug][gc,phases      ] GC(5) Trigger cleanups 0.000ms
[7.418s][debug][gc,phases      ] GC(5) Purge Unlinked NMethods 0.334ms
[7.419s][debug][gc,phases      ] GC(5) Unregister NMethods 0.206ms
[7.419s][debug][gc,phases      ] GC(5) Free Code Blobs 0.056ms
[7.419s][debug][gc,phases      ] GC(5) Class Unloading 11.118ms
[7.419s][debug][gc,phases      ] GC(5) Report Object Count 0.001ms
[7.419s][info ][gc,phases      ] GC(5) Marking Phase 75.740ms
[7.419s][info ][gc,phases,start] GC(5) Summary Phase
[7.419s][info ][gc,phases      ] GC(5) Summary Phase 0.008ms
[7.419s][info ][gc,phases,start] GC(5) Adjust Roots
[7.428s][info ][gc,phases      ] GC(5) Adjust Roots 9.088ms
[7.431s][info ][gc,phases,start] GC(5) Compaction Phase
[7.885s][info ][gc,phases      ] GC(5) Compaction Phase 453.548ms
[7.885s][info ][gc,phases,start] GC(5) Post Compact
[7.886s][debug][gc,phases      ] GC(5) Purge Class Loader Data 0.385ms
[7.887s][info ][gc,phases      ] GC(5) Post Compact 1.941ms
[7.887s][info ][gc,heap        ] GC(5) PSYoungGen: 111507K(1572864K)->111283K(1572864K) Eden: 0K(1048576K)->0K(1048576K) From: 111507K(524288K)->111283K(524288K)
[7.887s][info ][gc,heap        ] GC(5) ParOldGen: 6023K(6144K)->5983K(6144K)
[7.887s][info ][gc,metaspace   ] GC(5) Metaspace: 58930K(59776K)->58930K(59776K) NonClass: 49846K(50304K)->49846K(50304K) Class: 9084K(9472K)->9084K(9472K)
[7.887s][info ][gc             ] GC(5) Pause Full (Metadata GC Threshold) 114M->114M(1542M) 543.890ms
[7.887s][info ][gc,cpu         ] GC(5) User=1.13s Sys=0.02s Real=0.55s
[7.887s][info ][safepoint      ] Safepoint "CollectForMetadataAllocation", Time since last: 335130624 ns, Reaching safepoint: 14900 ns, Cleanup: 106601 ns, At safepoint: 618072154 ns, Total: 618193655 ns
[8.199s][info ][safepoint      ] Safepoint "ICBufferFull", Time since last: 311737048 ns, Reaching safepoint: 81200 ns, Cleanup: 149901 ns, At safepoint: 10401 ns, Total: 241502 ns
[8.298s][info ][safepoint      ] Safepoint "ICBufferFull", Time since last: 99031045 ns, Reaching safepoint: 6100 ns, Cleanup: 116401 ns, At safepoint: 2200 ns, Total: 124701 ns
[8.498s][info ][safepoint      ] Safepoint "ICBufferFull", Time since last: 200260508 ns, Reaching safepoint: 4900 ns, Cleanup: 134701 ns, At safepoint: 1800 ns, Total: 141401 ns
[8.762s][info ][safepoint      ] Safepoint "ICBufferFull", Time since last: 263310783 ns, Reaching safepoint: 4800 ns, Cleanup: 137301 ns, At safepoint: 2900 ns, Total: 145001 ns
[8.927s][info ][safepoint      ] Safepoint "ICBufferFull", Time since last: 164972742 ns, Reaching safepoint: 7101 ns, Cleanup: 153901 ns, At safepoint: 8100 ns, Total: 169102 ns
[9.236s][info ][safepoint      ] Safepoint "ICBufferFull", Time since last: 304521293 ns, Reaching safepoint: 3184124 ns, Cleanup: 1371410 ns, At safepoint: 13700 ns, Total: 4569234 ns
[9.478s][info ][safepoint      ] Safepoint "ICBufferFull", Time since last: 241829121 ns, Reaching safepoint: 6800 ns, Cleanup: 130001 ns, At safepoint: 2400 ns, Total: 139201 ns
[9.641s][info ][safepoint      ] Safepoint "ICBufferFull", Time since last: 162373323 ns, Reaching safepoint: 6400 ns, Cleanup: 132601 ns, At safepoint: 7100 ns, Total: 146101 ns
[10.414s][info ][safepoint      ] Safepoint "ICBufferFull", Time since last: 772804720 ns, Reaching safepoint: 6900 ns, Cleanup: 159801 ns, At safepoint: 10600 ns, Total: 177301 ns
[10.607s][info ][safepoint      ] Safepoint "ICBufferFull", Time since last: 193221955 ns, Reaching safepoint: 4800 ns, Cleanup: 106701 ns, At safepoint: 5400 ns, Total: 116901 ns
[10.998s][info ][safepoint      ] Safepoint "ICBufferFull", Time since last: 391221846 ns, Reaching safepoint: 7100 ns, Cleanup: 114501 ns, At safepoint: 7000 ns, Total: 128601 ns
[10.998s][info ][safepoint      ] Safepoint "ICBufferFull", Time since last: 91801 ns, Reaching safepoint: 77400 ns, Cleanup: 3100 ns, At safepoint: 7300 ns, Total: 87800 ns
[11.000s][info ][safepoint      ] Safepoint "ICBufferFull", Time since last: 1523012 ns, Reaching safepoint: 75500 ns, Cleanup: 2600 ns, At safepoint: 12300 ns, Total: 90400 ns
[12.002s][info ][safepoint      ] Safepoint "Cleanup", Time since last: 1000172535 ns, Reaching safepoint: 2092021 ns, Cleanup: 19701 ns, At safepoint: 13900 ns, Total: 2125622 ns
[14.700s][info ][safepoint      ] Safepoint "Cleanup", Time since last: 2697383734 ns, Reaching safepoint: 2900 ns, Cleanup: 30500 ns, At safepoint: 1100 ns, Total: 34500 ns
[14.902s][info ][safepoint      ] Safepoint "ICBufferFull", Time since last: 202348353 ns, Reaching safepoint: 7800 ns, Cleanup: 146801 ns, At safepoint: 5600 ns, Total: 160201 ns
[15.288s][info ][safepoint      ] Safepoint "ICBufferFull", Time since last: 385110756 ns, Reaching safepoint: 82100 ns, Cleanup: 319703 ns, At safepoint: 28400 ns, Total: 430203 ns
[15.498s][info ][safepoint      ] Safepoint "ICBufferFull", Time since last: 210189513 ns, Reaching safepoint: 7800 ns, Cleanup: 163002 ns, At safepoint: 2300 ns, Total: 173102 ns
[15.680s][info ][safepoint      ] Safepoint "ICBufferFull", Time since last: 181618993 ns, Reaching safepoint: 7900 ns, Cleanup: 135101 ns, At safepoint: 9901 ns, Total: 152902 ns
[15.875s][info ][safepoint      ] Safepoint "ICBufferFull", Time since last: 194783494 ns, Reaching safepoint: 7400 ns, Cleanup: 146902 ns, At safepoint: 5900 ns, Total: 160202 ns
[16.495s][info ][safepoint      ] Safepoint "ICBufferFull", Time since last: 620261860 ns, Reaching safepoint: 7300 ns, Cleanup: 136601 ns, At safepoint: 2700 ns, Total: 146601 ns
[17.554s][info ][safepoint      ] Safepoint "Cleanup", Time since last: 1058271321 ns, Reaching safepoint: 8100 ns, Cleanup: 156902 ns, At safepoint: 3100 ns, Total: 168102 ns
[18.554s][info ][safepoint      ] Safepoint "Cleanup", Time since last: 1000123275 ns, Reaching safepoint: 20300 ns, Cleanup: 92201 ns, At safepoint: 3300 ns, Total: 115801 ns
[19.554s][info ][safepoint      ] Safepoint "Cleanup", Time since last: 1000134004 ns, Reaching safepoint: 8501 ns, Cleanup: 60900 ns, At safepoint: 6800 ns, Total: 76201 ns
[20.555s][info ][safepoint      ] Safepoint "Cleanup", Time since last: 1000126843 ns, Reaching safepoint: 91300 ns, Cleanup: 318603 ns, At safepoint: 9300 ns, Total: 419203 ns
[20.819s][info ][safepoint      ] Safepoint "ICBufferFull", Time since last: 263823590 ns, Reaching safepoint: 87600 ns, Cleanup: 139901 ns, At safepoint: 11300 ns, Total: 238801 ns
[20.988s][info ][safepoint      ] Safepoint "ICBufferFull", Time since last: 168849574 ns, Reaching safepoint: 86000 ns, Cleanup: 151002 ns, At safepoint: 15600 ns, Total: 252602 ns
[21.196s][info ][safepoint      ] Safepoint "ICBufferFull", Time since last: 208239170 ns, Reaching safepoint: 7600 ns, Cleanup: 153401 ns, At safepoint: 2400 ns, Total: 163401 ns
[21.199s][info ][safepoint      ] Safepoint "ICBufferFull", Time since last: 2779121 ns, Reaching safepoint: 81701 ns, Cleanup: 13400 ns, At safepoint: 9600 ns, Total: 104701 ns
[21.343s][info ][safepoint      ] Safepoint "ICBufferFull", Time since last: 143442782 ns, Reaching safepoint: 9600 ns, Cleanup: 153701 ns, At safepoint: 9300 ns, Total: 172601 ns
[21.427s][info ][safepoint      ] Safepoint "ParallelGCFailedAllocation", Time since last: 83491330 ns, Reaching safepoint: 75501 ns, Cleanup: 100500 ns, At safepoint: 14800 ns, Total: 190801 ns
[21.427s][info ][gc,start       ] GC(6) Pause Young (GCLocker Initiated GC)
[21.541s][debug][gc,phases      ] GC(6) Scavenge 114.415ms
[21.542s][debug][gc,ref         ] GC(6) ReferenceProcessor::execute queues: 4, RefProcThreadModel::Multi, marks_oops_alive: false
[21.543s][debug][gc,ref         ] GC(6) Skipped KeepAliveFinalRefsPhase of Reference Processing: no references
[21.543s][debug][gc,ref         ] GC(6) ReferenceProcessor::execute queues: 4, RefProcThreadModel::Multi, marks_oops_alive: false
[21.543s][debug][gc,phases      ] GC(6) Reference Processing 1.393ms
[21.544s][debug][gc,phases      ] GC(6)   VM Weak                        Min:  0.0, Avg:  0.0, Max:  0.0, Diff:  0.0, Sum:  0.0, Workers: 4
[21.544s][debug][gc,phases      ] GC(6)     Dead                           Min: 0, Avg:  0.0, Max: 0, Diff: 0, Sum: 0, Workers: 4
[21.544s][debug][gc,phases      ] GC(6)     Total                          Min: 0, Avg: 192.8, Max: 384, Diff: 384, Sum: 771, Workers: 4
[21.544s][debug][gc,phases      ] GC(6)   ObjectSynchronizer Weak        Min:  0.0, Avg:  0.0, Max:  0.0, Diff:  0.0, Sum:  0.0, Workers: 4
[21.544s][debug][gc,phases      ] GC(6)     Dead                           Min: 0, Avg:  1.8, Max: 7, Diff: 7, Sum: 7, Workers: 4
[21.544s][debug][gc,phases      ] GC(6)     Total                          Min: 0, Avg:  8.8, Max: 35, Diff: 35, Sum: 35, Workers: 4
[21.544s][debug][gc,phases      ] GC(6)   JVMTI Tag Weak OopStorage      Min:  0.0, Avg:  0.0, Max:  0.0, Diff:  0.0, Sum:  0.0, Workers: 4
[21.544s][debug][gc,phases      ] GC(6)     Dead                           Min: 0, Avg:  0.0, Max: 0, Diff: 0, Sum: 0, Workers: 4
[21.544s][debug][gc,phases      ] GC(6)     Total                          Min: 0, Avg:  0.0, Max: 0, Diff: 0, Sum: 0, Workers: 4
[21.544s][debug][gc,phases      ] GC(6)   StringTable Weak               Min:  0.0, Avg:  0.5, Max:  0.7, Diff:  0.7, Sum:  1.9, Workers: 4
[21.544s][debug][gc,phases      ] GC(6)     Dead                           Min: 0, Avg:  7.5, Max: 13, Diff: 13, Sum: 30, Workers: 4
[21.544s][debug][gc,phases      ] GC(6)     Total                          Min: 0, Avg: 11453.8, Max: 15744, Diff: 15744, Sum: 45815, Workers: 4
[21.544s][debug][gc,phases      ] GC(6)   ResolvedMethodTable Weak       Min:  0.2, Avg:  0.3, Max:  0.3, Diff:  0.2, Sum:  1.0, Workers: 4
[21.544s][debug][gc,phases      ] GC(6)     Dead                           Min: 201, Avg: 726.8, Max: 1016, Diff: 815, Sum: 2907, Workers: 4
[21.544s][debug][gc,phases      ] GC(6)     Total                          Min: 2560, Avg: 3589.0, Max: 4884, Diff: 2324, Sum: 14356, Workers: 4
[21.544s][debug][gc,phases      ] GC(6)   JNI Weak                       Min:  0.0, Avg:  0.0, Max:  0.0, Diff:  0.0, Sum:  0.0, Workers: 4
[21.544s][debug][gc,phases      ] GC(6)     Dead                           Min: 0, Avg:  0.0, Max: 0, Diff: 0, Sum: 0, Workers: 4
[21.544s][debug][gc,phases      ] GC(6)     Total                          Min: 0, Avg: 16.0, Max: 48, Diff: 48, Sum: 64, Workers: 4
[21.544s][debug][gc,phases      ] GC(6)   StringDedup Table Weak         Min:  0.0, Avg:  0.0, Max:  0.0, Diff:  0.0, Sum:  0.0, Workers: 4
[21.544s][debug][gc,phases      ] GC(6)     Dead                           Min: 0, Avg:  0.0, Max: 0, Diff: 0, Sum: 0, Workers: 4
[21.544s][debug][gc,phases      ] GC(6)     Total                          Min: 0, Avg:  0.0, Max: 0, Diff: 0, Sum: 0, Workers: 4
[21.544s][debug][gc,phases      ] GC(6)   StringDedup Requests0 Weak     Min:  0.0, Avg:  0.0, Max:  0.0, Diff:  0.0, Sum:  0.0, Workers: 4
[21.544s][debug][gc,phases      ] GC(6)     Dead                           Min: 0, Avg:  0.0, Max: 0, Diff: 0, Sum: 0, Workers: 4
[21.544s][debug][gc,phases      ] GC(6)     Total                          Min: 0, Avg:  0.0, Max: 0, Diff: 0, Sum: 0, Workers: 4
[21.544s][debug][gc,phases      ] GC(6)   StringDedup Requests1 Weak     Min:  0.0, Avg:  0.0, Max:  0.0, Diff:  0.0, Sum:  0.0, Workers: 4
[21.544s][debug][gc,phases      ] GC(6)     Dead                           Min: 0, Avg:  0.0, Max: 0, Diff: 0, Sum: 0, Workers: 4
[21.544s][debug][gc,phases      ] GC(6)     Total                          Min: 0, Avg:  0.0, Max: 0, Diff: 0, Sum: 0, Workers: 4
[21.544s][debug][gc,phases      ] GC(6)   Weak JFR Old Object Samples    Min:  0.0, Avg:  0.0, Max:  0.0, Diff:  0.0, Sum:  0.0, Workers: 4
[21.544s][debug][gc,phases      ] GC(6)     Dead                           Min: 0, Avg:  0.0, Max: 0, Diff: 0, Sum: 0, Workers: 4
[21.544s][debug][gc,phases      ] GC(6)     Total                          Min: 0, Avg:  0.0, Max: 0, Diff: 0, Sum: 0, Workers: 4
[21.544s][debug][gc,phases      ] GC(6) Weak Processing 1.254ms
[21.544s][debug][gc,age         ] GC(6) Desired survivor size 536870912 bytes, new threshold 7 (max threshold 15)
[21.544s][info ][gc,heap        ] GC(6) PSYoungGen: 1159859K(1572864K)->160976K(1572864K) Eden: 1048576K(1048576K)->0K(1048576K) From: 111283K(524288K)->160976K(524288K)
[21.544s][info ][gc,heap        ] GC(6) ParOldGen: 5993K(6144K)->6327K(6656K)
[21.544s][info ][gc,metaspace   ] GC(6) Metaspace: 87766K(88768K)->87766K(88768K) NonClass: 74437K(75008K)->74437K(75008K) Class: 13329K(13760K)->13329K(13760K)
[21.544s][info ][gc             ] GC(6) Pause Young (GCLocker Initiated GC) 1138M->163M(1542M) 117.196ms
[21.544s][info ][gc,cpu         ] GC(6) User=0.28s Sys=0.03s Real=0.11s
[21.544s][info ][safepoint      ] Safepoint "ParallelGCSystemGC", Time since last: 236402 ns, Reaching safepoint: 76801 ns, Cleanup: 1800 ns, At safepoint: 117287384 ns, Total: 117365985 ns
[21.702s][info ][safepoint      ] Safepoint "ICBufferFull", Time since last: 157850391 ns, Reaching safepoint: 28800 ns, Cleanup: 193401 ns, At safepoint: 3500 ns, Total: 225701 ns
[21.918s][info ][safepoint      ] Safepoint "ICBufferFull", Time since last: 215777028 ns, Reaching safepoint: 93201 ns, Cleanup: 243801 ns, At safepoint: 10700 ns, Total: 347702 ns
[22.177s][info ][safepoint      ] Safepoint "ICBufferFull", Time since last: 258596351 ns, Reaching safepoint: 7000 ns, Cleanup: 146501 ns, At safepoint: 2000 ns, Total: 155501 ns
[22.497s][info ][safepoint      ] Safepoint "ICBufferFull", Time since last: 319410009 ns, Reaching safepoint: 9000 ns, Cleanup: 171901 ns, At safepoint: 3000 ns, Total: 183901 ns
[22.714s][info ][safepoint      ] Safepoint "ICBufferFull", Time since last: 217013037 ns, Reaching safepoint: 87000 ns, Cleanup: 130701 ns, At safepoint: 10601 ns, Total: 228302 ns
[22.921s][info ][safepoint      ] Safepoint "ICBufferFull", Time since last: 207296063 ns, Reaching safepoint: 83201 ns, Cleanup: 132101 ns, At safepoint: 6700 ns, Total: 222002 ns
[23.123s][info ][safepoint      ] Safepoint "ICBufferFull", Time since last: 201179717 ns, Reaching safepoint: 189001 ns, Cleanup: 150601 ns, At safepoint: 6400 ns, Total: 346002 ns
[23.446s][info ][safepoint      ] Safepoint "ICBufferFull", Time since last: 322936936 ns, Reaching safepoint: 7900 ns, Cleanup: 149101 ns, At safepoint: 14600 ns, Total: 171601 ns
[23.795s][info ][safepoint      ] Safepoint "ICBufferFull", Time since last: 348918032 ns, Reaching safepoint: 7500 ns, Cleanup: 141701 ns, At safepoint: 2700 ns, Total: 151901 ns
[24.226s][info ][safepoint      ] Safepoint "ICBufferFull", Time since last: 431065551 ns, Reaching safepoint: 83400 ns, Cleanup: 157502 ns, At safepoint: 9900 ns, Total: 250802 ns
[24.602s][info ][safepoint      ] Safepoint "ICBufferFull", Time since last: 375502932 ns, Reaching safepoint: 8400 ns, Cleanup: 151001 ns, At safepoint: 2700 ns, Total: 162101 ns
[24.874s][info ][safepoint      ] Safepoint "ICBufferFull", Time since last: 271496247 ns, Reaching safepoint: 81001 ns, Cleanup: 140501 ns, At safepoint: 8600 ns, Total: 230102 ns
[25.161s][info ][safepoint      ] Safepoint "ICBufferFull", Time since last: 287284767 ns, Reaching safepoint: 7700 ns, Cleanup: 159501 ns, At safepoint: 10600 ns, Total: 177801 ns
[25.315s][info ][safepoint      ] Safepoint "ICBufferFull", Time since last: 153318956 ns, Reaching safepoint: 6700 ns, Cleanup: 149202 ns, At safepoint: 2700 ns, Total: 158602 ns
[25.643s][info ][safepoint      ] Safepoint "ICBufferFull", Time since last: 327545670 ns, Reaching safepoint: 89301 ns, Cleanup: 148301 ns, At safepoint: 7600 ns, Total: 245202 ns
[25.983s][info ][safepoint      ] Safepoint "ICBufferFull", Time since last: 340207365 ns, Reaching safepoint: 9401 ns, Cleanup: 155801 ns, At safepoint: 10900 ns, Total: 176102 ns
[26.282s][info ][gc,start       ] GC(7) Pause Young (Allocation Failure)
[26.418s][debug][gc,phases      ] GC(7) Scavenge 135.859ms
[26.419s][debug][gc,ref         ] GC(7) ReferenceProcessor::execute queues: 4, RefProcThreadModel::Multi, marks_oops_alive: false
[26.419s][debug][gc,ref         ] GC(7) Skipped KeepAliveFinalRefsPhase of Reference Processing: no references
[26.419s][debug][gc,ref         ] GC(7) ReferenceProcessor::execute queues: 1, RefProcThreadModel::Single, marks_oops_alive: false
[26.419s][debug][gc,phases      ] GC(7) Reference Processing 0.811ms
[26.420s][debug][gc,phases      ] GC(7)   VM Weak                        Min:  0.0, Avg:  0.0, Max:  0.0, Diff:  0.0, Sum:  0.0, Workers: 4
[26.420s][debug][gc,phases      ] GC(7)     Dead                           Min: 0, Avg:  0.0, Max: 0, Diff: 0, Sum: 0, Workers: 4
[26.420s][debug][gc,phases      ] GC(7)     Total                          Min: 0, Avg: 228.8, Max: 448, Diff: 448, Sum: 915, Workers: 4
[26.420s][debug][gc,phases      ] GC(7)   ObjectSynchronizer Weak        Min:  0.0, Avg:  0.0, Max:  0.0, Diff:  0.0, Sum:  0.0, Workers: 4
[26.420s][debug][gc,phases      ] GC(7)     Dead                           Min: 0, Avg:  0.0, Max: 0, Diff: 0, Sum: 0, Workers: 4
[26.420s][debug][gc,phases      ] GC(7)     Total                          Min: 0, Avg:  8.8, Max: 35, Diff: 35, Sum: 35, Workers: 4
[26.420s][debug][gc,phases      ] GC(7)   JVMTI Tag Weak OopStorage      Min:  0.0, Avg:  0.0, Max:  0.0, Diff:  0.0, Sum:  0.0, Workers: 4
[26.420s][debug][gc,phases      ] GC(7)     Dead                           Min: 0, Avg:  0.0, Max: 0, Diff: 0, Sum: 0, Workers: 4
[26.420s][debug][gc,phases      ] GC(7)     Total                          Min: 0, Avg:  0.0, Max: 0, Diff: 0, Sum: 0, Workers: 4
[26.420s][debug][gc,phases      ] GC(7)   StringTable Weak               Min:  0.0, Avg:  0.5, Max:  0.6, Diff:  0.6, Sum:  1.9, Workers: 4
[26.420s][debug][gc,phases      ] GC(7)     Dead                           Min: 0, Avg:  1.2, Max: 2, Diff: 2, Sum: 5, Workers: 4
[26.420s][debug][gc,phases      ] GC(7)     Total                          Min: 0, Avg: 11712.8, Max: 16448, Diff: 16448, Sum: 46851, Workers: 4
[26.420s][debug][gc,phases      ] GC(7)   ResolvedMethodTable Weak       Min:  0.0, Avg:  0.1, Max:  0.2, Diff:  0.2, Sum:  0.5, Workers: 4
[26.420s][debug][gc,phases      ] GC(7)     Dead                           Min: 0, Avg: 48.5, Max: 79, Diff: 79, Sum: 194, Workers: 4
[26.420s][debug][gc,phases      ] GC(7)     Total                          Min: 0, Avg: 3126.5, Max: 4410, Diff: 4410, Sum: 12506, Workers: 4
[26.420s][debug][gc,phases      ] GC(7)   JNI Weak                       Min:  0.0, Avg:  0.0, Max:  0.0, Diff:  0.0, Sum:  0.0, Workers: 4
[26.420s][debug][gc,phases      ] GC(7)     Dead                           Min: 0, Avg:  0.0, Max: 0, Diff: 0, Sum: 0, Workers: 4
[26.420s][debug][gc,phases      ] GC(7)     Total                          Min: 0, Avg: 17.0, Max: 60, Diff: 60, Sum: 68, Workers: 4
[26.420s][debug][gc,phases      ] GC(7)   StringDedup Table Weak         Min:  0.0, Avg:  0.0, Max:  0.0, Diff:  0.0, Sum:  0.0, Workers: 4
[26.420s][debug][gc,phases      ] GC(7)     Dead                           Min: 0, Avg:  0.0, Max: 0, Diff: 0, Sum: 0, Workers: 4
[26.420s][debug][gc,phases      ] GC(7)     Total                          Min: 0, Avg:  0.0, Max: 0, Diff: 0, Sum: 0, Workers: 4
[26.420s][debug][gc,phases      ] GC(7)   StringDedup Requests0 Weak     Min:  0.0, Avg:  0.0, Max:  0.0, Diff:  0.0, Sum:  0.0, Workers: 4
[26.420s][debug][gc,phases      ] GC(7)     Dead                           Min: 0, Avg:  0.0, Max: 0, Diff: 0, Sum: 0, Workers: 4
[26.420s][debug][gc,phases      ] GC(7)     Total                          Min: 0, Avg:  0.0, Max: 0, Diff: 0, Sum: 0, Workers: 4
[26.420s][debug][gc,phases      ] GC(7)   StringDedup Requests1 Weak     Min:  0.0, Avg:  0.0, Max:  0.0, Diff:  0.0, Sum:  0.0, Workers: 4
[26.420s][debug][gc,phases      ] GC(7)     Dead                           Min: 0, Avg:  0.0, Max: 0, Diff: 0, Sum: 0, Workers: 4
[26.420s][debug][gc,phases      ] GC(7)     Total                          Min: 0, Avg:  0.0, Max: 0, Diff: 0, Sum: 0, Workers: 4
[26.420s][debug][gc,phases      ] GC(7)   Weak JFR Old Object Samples    Min:  0.0, Avg:  0.0, Max:  0.0, Diff:  0.0, Sum:  0.0, Workers: 4
[26.420s][debug][gc,phases      ] GC(7)     Dead                           Min: 0, Avg:  0.0, Max: 0, Diff: 0, Sum: 0, Workers: 4
[26.420s][debug][gc,phases      ] GC(7)     Total                          Min: 0, Avg:  0.0, Max: 0, Diff: 0, Sum: 0, Workers: 4
[26.420s][debug][gc,phases      ] GC(7) Weak Processing 1.079ms
[26.420s][debug][gc,age         ] GC(7) Desired survivor size 253755392 bytes, new threshold 6 (max threshold 15)
[26.420s][info ][gc,heap        ] GC(7) PSYoungGen: 1209552K(1572864K)->211542K(1572864K) Eden: 1048576K(1048576K)->0K(1048576K) From: 160976K(524288K)->211542K(524288K)
[26.420s][info ][gc,heap        ] GC(7) ParOldGen: 6329K(6656K)->6345K(6656K)
[26.420s][info ][gc,metaspace   ] GC(7) Metaspace: 91442K(92672K)->91442K(92672K) NonClass: 77698K(78400K)->77698K(78400K) Class: 13744K(14272K)->13744K(14272K)
[26.420s][info ][gc             ] GC(7) Pause Young (Allocation Failure) 1187M->212M(1542M) 137.922ms
[26.420s][info ][gc,cpu         ] GC(7) User=0.33s Sys=0.07s Real=0.14s
[26.420s][info ][safepoint      ] Safepoint "ParallelGCFailedAllocation", Time since last: 299219456 ns, Reaching safepoint: 127501 ns, Cleanup: 89701 ns, At safepoint: 138014341 ns, Total: 138231543 ns
[27.081s][info ][safepoint      ] Safepoint "ICBufferFull", Time since last: 659904273 ns, Reaching safepoint: 8000 ns, Cleanup: 190701 ns, At safepoint: 7300 ns, Total: 206001 ns
[27.604s][info ][safepoint      ] Safepoint "ICBufferFull", Time since last: 523692711 ns, Reaching safepoint: 7300 ns, Cleanup: 141201 ns, At safepoint: 9700 ns, Total: 158201 ns
[28.605s][info ][safepoint      ] Safepoint "Cleanup", Time since last: 1000121067 ns, Reaching safepoint: 8800 ns, Cleanup: 168302 ns, At safepoint: 14100 ns, Total: 191202 ns
[29.443s][info ][gc,start       ] GC(8) Pause Young (Allocation Failure)
[29.572s][debug][gc,phases      ] GC(8) Scavenge 128.419ms
[29.572s][debug][gc,ref         ] GC(8) ReferenceProcessor::execute queues: 2, RefProcThreadModel::Multi, marks_oops_alive: false
[29.572s][debug][gc,ref         ] GC(8) Skipped KeepAliveFinalRefsPhase of Reference Processing: no references
[29.572s][debug][gc,ref         ] GC(8) ReferenceProcessor::execute queues: 1, RefProcThreadModel::Single, marks_oops_alive: false
[29.572s][debug][gc,phases      ] GC(8) Reference Processing 0.254ms
[29.573s][debug][gc,phases      ] GC(8)   VM Weak                        Min:  0.0, Avg:  0.0, Max:  0.0, Diff:  0.0, Sum:  0.0, Workers: 4
[29.573s][debug][gc,phases      ] GC(8)     Dead                           Min: 0, Avg:  0.0, Max: 0, Diff: 0, Sum: 0, Workers: 4
[29.573s][debug][gc,phases      ] GC(8)     Total                          Min: 0, Avg: 229.2, Max: 384, Diff: 384, Sum: 917, Workers: 4
[29.573s][debug][gc,phases      ] GC(8)   ObjectSynchronizer Weak        Min:  0.0, Avg:  0.0, Max:  0.0, Diff:  0.0, Sum:  0.0, Workers: 4
[29.573s][debug][gc,phases      ] GC(8)     Dead                           Min: 0, Avg:  0.0, Max: 0, Diff: 0, Sum: 0, Workers: 4
[29.573s][debug][gc,phases      ] GC(8)     Total                          Min: 0, Avg:  8.8, Max: 35, Diff: 35, Sum: 35, Workers: 4
[29.573s][debug][gc,phases      ] GC(8)   JVMTI Tag Weak OopStorage      Min:  0.0, Avg:  0.0, Max:  0.0, Diff:  0.0, Sum:  0.0, Workers: 4
[29.573s][debug][gc,phases      ] GC(8)     Dead                           Min: 0, Avg:  0.0, Max: 0, Diff: 0, Sum: 0, Workers: 4
[29.573s][debug][gc,phases      ] GC(8)     Total                          Min: 0, Avg:  0.0, Max: 0, Diff: 0, Sum: 0, Workers: 4
[29.573s][debug][gc,phases      ] GC(8)   StringTable Weak               Min:  0.0, Avg:  0.4, Max:  0.6, Diff:  0.6, Sum:  1.7, Workers: 4
[29.573s][debug][gc,phases      ] GC(8)     Dead                           Min: 0, Avg:  0.5, Max: 1, Diff: 1, Sum: 2, Workers: 4
[29.573s][debug][gc,phases      ] GC(8)     Total                          Min: 0, Avg: 11754.5, Max: 17728, Diff: 17728, Sum: 47018, Workers: 4
[29.573s][debug][gc,phases      ] GC(8)   ResolvedMethodTable Weak       Min:  0.0, Avg:  0.1, Max:  0.2, Diff:  0.2, Sum:  0.5, Workers: 4
[29.573s][debug][gc,phases      ] GC(8)     Dead                           Min: 0, Avg:  6.8, Max: 27, Diff: 27, Sum: 27, Workers: 4
[29.573s][debug][gc,phases      ] GC(8)     Total                          Min: 0, Avg: 3137.0, Max: 5096, Diff: 5096, Sum: 12548, Workers: 4
[29.573s][debug][gc,phases      ] GC(8)   JNI Weak                       Min:  0.0, Avg:  0.0, Max:  0.0, Diff:  0.0, Sum:  0.0, Workers: 4
[29.573s][debug][gc,phases      ] GC(8)     Dead                           Min: 0, Avg:  0.0, Max: 0, Diff: 0, Sum: 0, Workers: 4
[29.573s][debug][gc,phases      ] GC(8)     Total                          Min: 0, Avg: 15.8, Max: 48, Diff: 48, Sum: 63, Workers: 4
[29.573s][debug][gc,phases      ] GC(8)   StringDedup Table Weak         Min:  0.0, Avg:  0.0, Max:  0.0, Diff:  0.0, Sum:  0.0, Workers: 4
[29.573s][debug][gc,phases      ] GC(8)     Dead                           Min: 0, Avg:  0.0, Max: 0, Diff: 0, Sum: 0, Workers: 4
[29.573s][debug][gc,phases      ] GC(8)     Total                          Min: 0, Avg:  0.0, Max: 0, Diff: 0, Sum: 0, Workers: 4
[29.573s][debug][gc,phases      ] GC(8)   StringDedup Requests0 Weak     Min:  0.0, Avg:  0.0, Max:  0.0, Diff:  0.0, Sum:  0.0, Workers: 4
[29.573s][debug][gc,phases      ] GC(8)     Dead                           Min: 0, Avg:  0.0, Max: 0, Diff: 0, Sum: 0, Workers: 4
[29.573s][debug][gc,phases      ] GC(8)     Total                          Min: 0, Avg:  0.0, Max: 0, Diff: 0, Sum: 0, Workers: 4
[29.573s][debug][gc,phases      ] GC(8)   StringDedup Requests1 Weak     Min:  0.0, Avg:  0.0, Max:  0.0, Diff:  0.0, Sum:  0.0, Workers: 4
[29.573s][debug][gc,phases      ] GC(8)     Dead                           Min: 0, Avg:  0.0, Max: 0, Diff: 0, Sum: 0, Workers: 4
[29.573s][debug][gc,phases      ] GC(8)     Total                          Min: 0, Avg:  0.0, Max: 0, Diff: 0, Sum: 0, Workers: 4
[29.573s][debug][gc,phases      ] GC(8)   Weak JFR Old Object Samples    Min:  0.0, Avg:  0.0, Max:  0.0, Diff:  0.0, Sum:  0.0, Workers: 4
[29.573s][debug][gc,phases      ] GC(8)     Dead                           Min: 0, Avg:  0.0, Max: 0, Diff: 0, Sum: 0, Workers: 4
[29.573s][debug][gc,phases      ] GC(8)     Total                          Min: 0, Avg:  0.0, Max: 0, Diff: 0, Sum: 0, Workers: 4
[29.573s][debug][gc,phases      ] GC(8) Weak Processing 0.980ms
[29.573s][debug][gc,age         ] GC(8) Desired survivor size 299368448 bytes, new threshold 5 (max threshold 15)
[29.573s][info ][gc,heap        ] GC(8) PSYoungGen: 1260118K(1572864K)->235107K(1760256K) Eden: 1048576K(1048576K)->0K(1512448K) From: 211542K(524288K)->235107K(247808K)
[29.573s][info ][gc,heap        ] GC(8) ParOldGen: 6345K(6656K)->6361K(6656K)
[29.573s][info ][gc,metaspace   ] GC(8) Metaspace: 92005K(93184K)->92005K(93184K) NonClass: 78245K(78912K)->78245K(78912K) Class: 13760K(14272K)->13760K(14272K)
[29.573s][info ][gc             ] GC(8) Pause Young (Allocation Failure) 1236M->235M(1725M) 129.814ms
[29.573s][info ][gc,cpu         ] GC(8) User=0.35s Sys=0.08s Real=0.13s
[29.573s][info ][safepoint      ] Safepoint "ParallelGCFailedAllocation", Time since last: 838303559 ns, Reaching safepoint: 94001 ns, Cleanup: 159101 ns, At safepoint: 129915970 ns, Total: 130169072 ns
[30.070s][info ][gc,start       ] GC(9) Pause Young (CodeCache GC Threshold)
[30.264s][debug][gc,phases      ] GC(9) Scavenge 193.768ms
[30.264s][debug][gc,ref         ] GC(9) ReferenceProcessor::execute queues: 2, RefProcThreadModel::Multi, marks_oops_alive: false
[30.264s][debug][gc,ref         ] GC(9) Skipped KeepAliveFinalRefsPhase of Reference Processing: no references
[30.264s][debug][gc,ref         ] GC(9) ReferenceProcessor::execute queues: 1, RefProcThreadModel::Single, marks_oops_alive: false
[30.264s][debug][gc,phases      ] GC(9) Reference Processing 0.284ms
[30.265s][debug][gc,phases      ] GC(9)   VM Weak                        Min:  0.0, Avg:  0.0, Max:  0.0, Diff:  0.0, Sum:  0.0, Workers: 4
[30.265s][debug][gc,phases      ] GC(9)     Dead                           Min: 0, Avg:  0.0, Max: 0, Diff: 0, Sum: 0, Workers: 4
[30.265s][debug][gc,phases      ] GC(9)     Total                          Min: 0, Avg: 229.2, Max: 405, Diff: 405, Sum: 917, Workers: 4
[30.265s][debug][gc,phases      ] GC(9)   ObjectSynchronizer Weak        Min:  0.0, Avg:  0.0, Max:  0.0, Diff:  0.0, Sum:  0.0, Workers: 4
[30.265s][debug][gc,phases      ] GC(9)     Dead                           Min: 0, Avg:  0.0, Max: 0, Diff: 0, Sum: 0, Workers: 4
[30.265s][debug][gc,phases      ] GC(9)     Total                          Min: 0, Avg:  8.8, Max: 35, Diff: 35, Sum: 35, Workers: 4
[30.265s][debug][gc,phases      ] GC(9)   JVMTI Tag Weak OopStorage      Min:  0.0, Avg:  0.0, Max:  0.0, Diff:  0.0, Sum:  0.0, Workers: 4
[30.265s][debug][gc,phases      ] GC(9)     Dead                           Min: 0, Avg:  0.0, Max: 0, Diff: 0, Sum: 0, Workers: 4
[30.265s][debug][gc,phases      ] GC(9)     Total                          Min: 0, Avg:  0.0, Max: 0, Diff: 0, Sum: 0, Workers: 4
[30.265s][debug][gc,phases      ] GC(9)   StringTable Weak               Min:  0.5, Avg:  0.7, Max:  1.0, Diff:  0.4, Sum:  2.9, Workers: 4
[30.265s][debug][gc,phases      ] GC(9)     Dead                           Min: 0, Avg:  0.0, Max: 0, Diff: 0, Sum: 0, Workers: 4
[30.265s][debug][gc,phases      ] GC(9)     Total                          Min: 3840, Avg: 11762.8, Max: 21824, Diff: 17984, Sum: 47051, Workers: 4
[30.265s][debug][gc,phases      ] GC(9)   ResolvedMethodTable Weak       Min:  0.0, Avg:  0.1, Max:  0.2, Diff:  0.2, Sum:  0.5, Workers: 4
[30.265s][debug][gc,phases      ] GC(9)     Dead                           Min: 0, Avg:  0.0, Max: 0, Diff: 0, Sum: 0, Workers: 4
[30.265s][debug][gc,phases      ] GC(9)     Total                          Min: 0, Avg: 3137.0, Max: 5111, Diff: 5111, Sum: 12548, Workers: 4
[30.265s][debug][gc,phases      ] GC(9)   JNI Weak                       Min:  0.0, Avg:  0.0, Max:  0.0, Diff:  0.0, Sum:  0.0, Workers: 4
[30.265s][debug][gc,phases      ] GC(9)     Dead                           Min: 0, Avg:  0.0, Max: 0, Diff: 0, Sum: 0, Workers: 4
[30.265s][debug][gc,phases      ] GC(9)     Total                          Min: 0, Avg: 15.8, Max: 63, Diff: 63, Sum: 63, Workers: 4
[30.265s][debug][gc,phases      ] GC(9)   StringDedup Table Weak         Min:  0.0, Avg:  0.0, Max:  0.0, Diff:  0.0, Sum:  0.0, Workers: 4
[30.265s][debug][gc,phases      ] GC(9)     Dead                           Min: 0, Avg:  0.0, Max: 0, Diff: 0, Sum: 0, Workers: 4
[30.265s][debug][gc,phases      ] GC(9)     Total                          Min: 0, Avg:  0.0, Max: 0, Diff: 0, Sum: 0, Workers: 4
[30.265s][debug][gc,phases      ] GC(9)   StringDedup Requests0 Weak     Min:  0.0, Avg:  0.0, Max:  0.0, Diff:  0.0, Sum:  0.0, Workers: 4
[30.265s][debug][gc,phases      ] GC(9)     Dead                           Min: 0, Avg:  0.0, Max: 0, Diff: 0, Sum: 0, Workers: 4
[30.265s][debug][gc,phases      ] GC(9)     Total                          Min: 0, Avg:  0.0, Max: 0, Diff: 0, Sum: 0, Workers: 4
[30.265s][debug][gc,phases      ] GC(9)   StringDedup Requests1 Weak     Min:  0.0, Avg:  0.0, Max:  0.0, Diff:  0.0, Sum:  0.0, Workers: 4
[30.265s][debug][gc,phases      ] GC(9)     Dead                           Min: 0, Avg:  0.0, Max: 0, Diff: 0, Sum: 0, Workers: 4
[30.265s][debug][gc,phases      ] GC(9)     Total                          Min: 0, Avg:  0.0, Max: 0, Diff: 0, Sum: 0, Workers: 4
[30.265s][debug][gc,phases      ] GC(9)   Weak JFR Old Object Samples    Min:  0.0, Avg:  0.0, Max:  0.0, Diff:  0.0, Sum:  0.0, Workers: 4
[30.265s][debug][gc,phases      ] GC(9)     Dead                           Min: 0, Avg:  0.0, Max: 0, Diff: 0, Sum: 0, Workers: 4
[30.265s][debug][gc,phases      ] GC(9)     Total                          Min: 0, Avg:  0.0, Max: 0, Diff: 0, Sum: 0, Workers: 4
[30.265s][debug][gc,phases      ] GC(9) Weak Processing 1.435ms
[30.265s][debug][gc,age         ] GC(9) Desired survivor size 291504128 bytes, new threshold 4 (max threshold 15)
[30.265s][info ][gc,heap        ] GC(9) PSYoungGen: 436207K(1760256K)->165156K(1804800K) Eden: 201099K(1512448K)->0K(1512448K) From: 235107K(247808K)->165156K(292352K)
[30.265s][info ][gc,heap        ] GC(9) ParOldGen: 6361K(6656K)->78814K(78848K)
[30.265s][info ][gc,metaspace   ] GC(9) Metaspace: 92054K(93248K)->92054K(93248K) NonClass: 78294K(78976K)->78294K(78976K) Class: 13760K(14272K)->13760K(14272K)
[30.265s][info ][gc             ] GC(9) Pause Young (CodeCache GC Threshold) 432M->238M(1839M) 195.671ms
[30.265s][info ][gc,cpu         ] GC(9) User=0.31s Sys=0.06s Real=0.19s
[30.266s][debug][gc,phases      ] GC(10) Pre Compact 0.017ms
[30.266s][info ][gc,start       ] GC(10) Pause Full (CodeCache GC Threshold)
[30.266s][info ][gc,phases,start] GC(10) Marking Phase
[30.364s][debug][gc,phases      ] GC(10) Par Mark 98.086ms
[30.364s][debug][gc,ref         ] GC(10) ReferenceProcessor::execute queues: 4, RefProcThreadModel::Multi, marks_oops_alive: false
[30.364s][debug][gc,ref         ] GC(10) Skipped KeepAliveFinalRefsPhase of Reference Processing: no references
[30.364s][debug][gc,ref         ] GC(10) ReferenceProcessor::execute queues: 1, RefProcThreadModel::Single, marks_oops_alive: false
[30.364s][debug][gc,phases      ] GC(10) Reference Processing 0.428ms
[30.364s][debug][gc,phases      ] GC(10)   VM Weak                        Min:  0.0, Avg:  0.0, Max:  0.0, Diff:  0.0, Sum:  0.0, Workers: 4
[30.364s][debug][gc,phases      ] GC(10)     Dead                           Min: 0, Avg:  0.5, Max: 1, Diff: 1, Sum: 2, Workers: 4
[30.364s][debug][gc,phases      ] GC(10)     Total                          Min: 0, Avg: 229.2, Max: 341, Diff: 341, Sum: 917, Workers: 4
[30.364s][debug][gc,phases      ] GC(10)   ObjectSynchronizer Weak        Min:  0.0, Avg:  0.0, Max:  0.0, Diff:  0.0, Sum:  0.0, Workers: 4
[30.364s][debug][gc,phases      ] GC(10)     Dead                           Min: 0, Avg:  0.0, Max: 0, Diff: 0, Sum: 0, Workers: 4
[30.364s][debug][gc,phases      ] GC(10)     Total                          Min: 0, Avg:  8.8, Max: 35, Diff: 35, Sum: 35, Workers: 4
[30.364s][debug][gc,phases      ] GC(10)   JVMTI Tag Weak OopStorage      Min:  0.0, Avg:  0.0, Max:  0.0, Diff:  0.0, Sum:  0.0, Workers: 4
[30.364s][debug][gc,phases      ] GC(10)     Dead                           Min: 0, Avg:  0.0, Max: 0, Diff: 0, Sum: 0, Workers: 4
[30.364s][debug][gc,phases      ] GC(10)     Total                          Min: 0, Avg:  0.0, Max: 0, Diff: 0, Sum: 0, Workers: 4
[30.364s][debug][gc,phases      ] GC(10)   StringTable Weak               Min:  0.2, Avg:  0.2, Max:  0.2, Diff:  0.0, Sum:  0.7, Workers: 4
[30.364s][debug][gc,phases      ] GC(10)     Dead                           Min: 0, Avg:  0.0, Max: 0, Diff: 0, Sum: 0, Workers: 4
[30.364s][debug][gc,phases      ] GC(10)     Total                          Min: 10368, Avg: 11762.8, Max: 12352, Diff: 1984, Sum: 47051, Workers: 4
[30.364s][debug][gc,phases      ] GC(10)   ResolvedMethodTable Weak       Min:  0.0, Avg:  0.0, Max:  0.0, Diff:  0.0, Sum:  0.2, Workers: 4
[30.364s][debug][gc,phases      ] GC(10)     Dead                           Min: 0, Avg:  0.5, Max: 1, Diff: 1, Sum: 2, Workers: 4
[30.364s][debug][gc,phases      ] GC(10)     Total                          Min: 3042, Avg: 3137.0, Max: 3178, Diff: 136, Sum: 12548, Workers: 4
[30.364s][debug][gc,phases      ] GC(10)   JNI Weak                       Min:  0.0, Avg:  0.0, Max:  0.0, Diff:  0.0, Sum:  0.0, Workers: 4
[30.364s][debug][gc,phases      ] GC(10)     Dead                           Min: 0, Avg:  0.0, Max: 0, Diff: 0, Sum: 0, Workers: 4
[30.364s][debug][gc,phases      ] GC(10)     Total                          Min: 0, Avg: 15.8, Max: 48, Diff: 48, Sum: 63, Workers: 4
[30.364s][debug][gc,phases      ] GC(10)   StringDedup Table Weak         Min:  0.0, Avg:  0.0, Max:  0.0, Diff:  0.0, Sum:  0.0, Workers: 4
[30.364s][debug][gc,phases      ] GC(10)     Dead                           Min: 0, Avg:  0.0, Max: 0, Diff: 0, Sum: 0, Workers: 4
[30.365s][debug][gc,phases      ] GC(10)     Total                          Min: 0, Avg:  0.0, Max: 0, Diff: 0, Sum: 0, Workers: 4
[30.365s][debug][gc,phases      ] GC(10)   StringDedup Requests0 Weak     Min:  0.0, Avg:  0.0, Max:  0.0, Diff:  0.0, Sum:  0.0, Workers: 4
[30.365s][debug][gc,phases      ] GC(10)     Dead                           Min: 0, Avg:  0.0, Max: 0, Diff: 0, Sum: 0, Workers: 4
[30.365s][debug][gc,phases      ] GC(10)     Total                          Min: 0, Avg:  0.0, Max: 0, Diff: 0, Sum: 0, Workers: 4
[30.365s][debug][gc,phases      ] GC(10)   StringDedup Requests1 Weak     Min:  0.0, Avg:  0.0, Max:  0.0, Diff:  0.0, Sum:  0.0, Workers: 4
[30.365s][debug][gc,phases      ] GC(10)     Dead                           Min: 0, Avg:  0.0, Max: 0, Diff: 0, Sum: 0, Workers: 4
[30.365s][debug][gc,phases      ] GC(10)     Total                          Min: 0, Avg:  0.0, Max: 0, Diff: 0, Sum: 0, Workers: 4
[30.365s][debug][gc,phases      ] GC(10)   Weak JFR Old Object Samples    Min:  0.0, Avg:  0.0, Max:  0.0, Diff:  0.0, Sum:  0.0, Workers: 4
[30.365s][debug][gc,phases      ] GC(10)     Dead                           Min: 0, Avg:  0.0, Max: 0, Diff: 0, Sum: 0, Workers: 4
[30.365s][debug][gc,phases      ] GC(10)     Total                          Min: 0, Avg:  0.0, Max: 0, Diff: 0, Sum: 0, Workers: 4
[30.365s][debug][gc,phases      ] GC(10) Weak Processing 0.466ms
[30.365s][debug][gc,phases      ] GC(10) ClassLoaderData 0.217ms
[30.365s][debug][gc,phases      ] GC(10) Trigger cleanups 0.006ms
[30.404s][debug][gc,phases      ] GC(10) Purge Unlinked NMethods 0.385ms
[30.404s][debug][gc,phases      ] GC(10) Unregister NMethods 0.146ms
[30.404s][debug][gc,phases      ] GC(10) Free Code Blobs 0.075ms
[30.415s][debug][gc,phases      ] GC(10) Class Unloading 50.206ms
[30.415s][debug][gc,phases      ] GC(10) Report Object Count 0.001ms
[30.415s][info ][gc,phases      ] GC(10) Marking Phase 149.310ms
[30.415s][info ][gc,phases,start] GC(10) Summary Phase
[30.415s][info ][gc,phases      ] GC(10) Summary Phase 0.011ms
[30.415s][info ][gc,phases,start] GC(10) Adjust Roots
[30.438s][info ][gc,phases      ] GC(10) Adjust Roots 23.381ms
[30.438s][info ][gc,phases,start] GC(10) Compaction Phase
[30.963s][info ][gc,phases      ] GC(10) Compaction Phase 524.360ms
[30.963s][info ][gc,phases,start] GC(10) Post Compact
[30.965s][debug][gc,phases      ] GC(10) Purge Class Loader Data 1.368ms
[30.967s][info ][gc,phases      ] GC(10) Post Compact 4.058ms
[30.967s][info ][gc,heap        ] GC(10) PSYoungGen: 165156K(1804800K)->163613K(1804800K) Eden: 0K(1512448K)->0K(1512448K) From: 165156K(292352K)->163613K(292352K)
[30.967s][info ][gc,heap        ] GC(10) ParOldGen: 78814K(78848K)->78418K(78848K)
[30.967s][info ][gc,metaspace   ] GC(10) Metaspace: 92054K(93248K)->92051K(93248K) NonClass: 78294K(78976K)->78291K(78976K) Class: 13760K(14272K)->13759K(14272K)
[30.967s][info ][gc             ] GC(10) Pause Full (CodeCache GC Threshold) 238M->236M(1839M) 701.567ms
[30.967s][info ][gc,cpu         ] GC(10) User=1.68s Sys=0.02s Real=0.71s
[30.975s][info ][safepoint      ] Safepoint "ParallelGCSystemGC", Time since last: 496338906 ns, Reaching safepoint: 88700 ns, Cleanup: 130501 ns, At safepoint: 905050758 ns, Total: 905269959 ns
[31.536s][info ][safepoint      ] Safepoint "ICBufferFull", Time since last: 561125590 ns, Reaching safepoint: 8900 ns, Cleanup: 180701 ns, At safepoint: 3100 ns, Total: 192701 ns
[32.498s][info ][safepoint      ] Safepoint "ICBufferFull", Time since last: 961341878 ns, Reaching safepoint: 8500 ns, Cleanup: 171402 ns, At safepoint: 2500 ns, Total: 182402 ns
[33.498s][info ][safepoint      ] Safepoint "Cleanup", Time since last: 1000117367 ns, Reaching safepoint: 83401 ns, Cleanup: 167801 ns, At safepoint: 7100 ns, Total: 258302 ns
[34.498s][info ][safepoint      ] Safepoint "Cleanup", Time since last: 1000122267 ns, Reaching safepoint: 83501 ns, Cleanup: 132901 ns, At safepoint: 12200 ns, Total: 228602 ns
[35.499s][info ][safepoint      ] Safepoint "Cleanup", Time since last: 1000118467 ns, Reaching safepoint: 101301 ns, Cleanup: 79500 ns, At safepoint: 7900 ns, Total: 188701 ns
[36.499s][info ][safepoint      ] Safepoint "Cleanup", Time since last: 1000117633 ns, Reaching safepoint: 77900 ns, Cleanup: 44900 ns, At safepoint: 6300 ns, Total: 129100 ns
[37.499s][info ][safepoint      ] Safepoint "Cleanup", Time since last: 1000119233 ns, Reaching safepoint: 79900 ns, Cleanup: 37801 ns, At safepoint: 6900 ns, Total: 124601 ns
[38.499s][info ][safepoint      ] Safepoint "Cleanup", Time since last: 1000121532 ns, Reaching safepoint: 85701 ns, Cleanup: 66800 ns, At safepoint: 9900 ns, Total: 162401 ns
[39.500s][info ][safepoint      ] Safepoint "Cleanup", Time since last: 1000107232 ns, Reaching safepoint: 155301 ns, Cleanup: 31101 ns, At safepoint: 8100 ns, Total: 194502 ns
[40.500s][info ][safepoint      ] Safepoint "Cleanup", Time since last: 1000122132 ns, Reaching safepoint: 84301 ns, Cleanup: 21200 ns, At safepoint: 8200 ns, Total: 113701 ns
[41.500s][info ][safepoint      ] Safepoint "Cleanup", Time since last: 1000131232 ns, Reaching safepoint: 87501 ns, Cleanup: 16800 ns, At safepoint: 8500 ns, Total: 112801 ns
[42.500s][info ][safepoint      ] Safepoint "Cleanup", Time since last: 1000078300 ns, Reaching safepoint: 80100 ns, Cleanup: 22901 ns, At safepoint: 6900 ns, Total: 109901 ns
[43.501s][info ][safepoint      ] Safepoint "Cleanup", Time since last: 1000121812 ns, Reaching safepoint: 81400 ns, Cleanup: 30400 ns, At safepoint: 6400 ns, Total: 118200 ns
[44.501s][info ][safepoint      ] Safepoint "Cleanup", Time since last: 1000124834 ns, Reaching safepoint: 82501 ns, Cleanup: 24900 ns, At safepoint: 7900 ns, Total: 115301 ns
[45.501s][info ][safepoint      ] Safepoint "Cleanup", Time since last: 1000128034 ns, Reaching safepoint: 82801 ns, Cleanup: 21100 ns, At safepoint: 7500 ns, Total: 111401 ns
[46.501s][info ][safepoint      ] Safepoint "Cleanup", Time since last: 1000092834 ns, Reaching safepoint: 88701 ns, Cleanup: 21700 ns, At safepoint: 7700 ns, Total: 118101 ns
[47.502s][info ][safepoint      ] Safepoint "Cleanup", Time since last: 1000140015 ns, Reaching safepoint: 361503 ns, Cleanup: 14500 ns, At safepoint: 12900 ns, Total: 388903 ns
[48.502s][info ][safepoint      ] Safepoint "Cleanup", Time since last: 1000145511 ns, Reaching safepoint: 164901 ns, Cleanup: 8901 ns, At safepoint: 9300 ns, Total: 183102 ns
[49.502s][info ][safepoint      ] Safepoint "Cleanup", Time since last: 1000123411 ns, Reaching safepoint: 47500 ns, Cleanup: 38500 ns, At safepoint: 10600 ns, Total: 96600 ns
[50.503s][info ][safepoint      ] Safepoint "Cleanup", Time since last: 1000093511 ns, Reaching safepoint: 79301 ns, Cleanup: 21100 ns, At safepoint: 8100 ns, Total: 108501 ns
[51.503s][info ][safepoint      ] Safepoint "Cleanup", Time since last: 1000110902 ns, Reaching safepoint: 84201 ns, Cleanup: 17400 ns, At safepoint: 7100 ns, Total: 108701 ns
[52.503s][info ][safepoint      ] Safepoint "Cleanup", Time since last: 1000101868 ns, Reaching safepoint: 109201 ns, Cleanup: 17700 ns, At safepoint: 6900 ns, Total: 133801 ns
[53.503s][info ][safepoint      ] Safepoint "Cleanup", Time since last: 1000130768 ns, Reaching safepoint: 8400 ns, Cleanup: 12800 ns, At safepoint: 2900 ns, Total: 24100 ns
[54.503s][info ][safepoint      ] Safepoint "Cleanup", Time since last: 1000119968 ns, Reaching safepoint: 83001 ns, Cleanup: 10800 ns, At safepoint: 6400 ns, Total: 100201 ns
[55.504s][info ][safepoint      ] Safepoint "Cleanup", Time since last: 1000114668 ns, Reaching safepoint: 9500 ns, Cleanup: 11400 ns, At safepoint: 2600 ns, Total: 23500 ns
[56.504s][info ][safepoint      ] Safepoint "Cleanup", Time since last: 1000104968 ns, Reaching safepoint: 128501 ns, Cleanup: 19400 ns, At safepoint: 8300 ns, Total: 156201 ns
[57.504s][info ][safepoint      ] Safepoint "Cleanup", Time since last: 1000062168 ns, Reaching safepoint: 7900 ns, Cleanup: 18500 ns, At safepoint: 2100 ns, Total: 28500 ns
[58.504s][info ][safepoint      ] Safepoint "Cleanup", Time since last: 1000113068 ns, Reaching safepoint: 8700 ns, Cleanup: 41200 ns, At safepoint: 3600 ns, Total: 53500 ns
[59.504s][info ][safepoint      ] Safepoint "Cleanup", Time since last: 1000094735 ns, Reaching safepoint: 78900 ns, Cleanup: 21700 ns, At safepoint: 5900 ns, Total: 106500 ns
[61.105s][info ][safepoint      ] Safepoint "Cleanup", Time since last: 1600493749 ns, Reaching safepoint: 8900 ns, Cleanup: 31301 ns, At safepoint: 2400 ns, Total: 42601 ns
[62.105s][info ][safepoint      ] Safepoint "Cleanup", Time since last: 1000120192 ns, Reaching safepoint: 7800 ns, Cleanup: 16500 ns, At safepoint: 2100 ns, Total: 26400 ns
[63.105s][info ][safepoint      ] Safepoint "Cleanup", Time since last: 1000119292 ns, Reaching safepoint: 8400 ns, Cleanup: 20200 ns, At safepoint: 2600 ns, Total: 31200 ns
[64.105s][info ][safepoint      ] Safepoint "Cleanup", Time since last: 1000108992 ns, Reaching safepoint: 6300 ns, Cleanup: 92400 ns, At safepoint: 5300 ns, Total: 104000 ns
[64.698s][info ][gc,start       ] GC(11) Pause Young (Allocation Failure)
[64.794s][debug][gc,phases      ] GC(11) Scavenge 95.928ms
[64.794s][debug][gc,ref         ] GC(11) ReferenceProcessor::execute queues: 2, RefProcThreadModel::Multi, marks_oops_alive: false
[64.794s][debug][gc,ref         ] GC(11) Skipped KeepAliveFinalRefsPhase of Reference Processing: no references
[64.794s][debug][gc,ref         ] GC(11) ReferenceProcessor::execute queues: 1, RefProcThreadModel::Single, marks_oops_alive: false
[64.794s][debug][gc,phases      ] GC(11) Reference Processing 0.198ms
[64.795s][debug][gc,phases      ] GC(11)   VM Weak                        Min:  0.0, Avg:  0.0, Max:  0.0, Diff:  0.0, Sum:  0.0, Workers: 4
[64.795s][debug][gc,phases      ] GC(11)     Dead                           Min: 0, Avg:  0.0, Max: 0, Diff: 0, Sum: 0, Workers: 4
[64.795s][debug][gc,phases      ] GC(11)     Total                          Min: 0, Avg: 233.2, Max: 512, Diff: 512, Sum: 933, Workers: 4
[64.795s][debug][gc,phases      ] GC(11)   ObjectSynchronizer Weak        Min:  0.0, Avg:  0.0, Max:  0.0, Diff:  0.0, Sum:  0.0, Workers: 4
[64.795s][debug][gc,phases      ] GC(11)     Dead                           Min: 0, Avg:  0.0, Max: 0, Diff: 0, Sum: 0, Workers: 4
[64.795s][debug][gc,phases      ] GC(11)     Total                          Min: 0, Avg:  0.8, Max: 3, Diff: 3, Sum: 3, Workers: 4
[64.795s][debug][gc,phases      ] GC(11)   JVMTI Tag Weak OopStorage      Min:  0.0, Avg:  0.0, Max:  0.0, Diff:  0.0, Sum:  0.0, Workers: 4
[64.795s][debug][gc,phases      ] GC(11)     Dead                           Min: 0, Avg:  0.0, Max: 0, Diff: 0, Sum: 0, Workers: 4
[64.795s][debug][gc,phases      ] GC(11)     Total                          Min: 0, Avg:  0.0, Max: 0, Diff: 0, Sum: 0, Workers: 4
[64.795s][debug][gc,phases      ] GC(11)   StringTable Weak               Min:  0.0, Avg:  0.3, Max:  0.4, Diff:  0.4, Sum:  1.3, Workers: 4
[64.795s][debug][gc,phases      ] GC(11)     Dead                           Min: 0, Avg:  0.8, Max: 2, Diff: 2, Sum: 3, Workers: 4
[64.795s][debug][gc,phases      ] GC(11)     Total                          Min: 0, Avg: 11828.2, Max: 18560, Diff: 18560, Sum: 47313, Workers: 4
[64.795s][debug][gc,phases      ] GC(11)   ResolvedMethodTable Weak       Min:  0.0, Avg:  0.1, Max:  0.1, Diff:  0.1, Sum:  0.4, Workers: 4
[64.795s][debug][gc,phases      ] GC(11)     Dead                           Min: 0, Avg:  1.2, Max: 4, Diff: 4, Sum: 5, Workers: 4
[64.795s][debug][gc,phases      ] GC(11)     Total                          Min: 0, Avg: 3157.2, Max: 4956, Diff: 4956, Sum: 12629, Workers: 4
[64.795s][debug][gc,phases      ] GC(11)   JNI Weak                       Min:  0.0, Avg:  0.0, Max:  0.0, Diff:  0.0, Sum:  0.0, Workers: 4
[64.795s][debug][gc,phases      ] GC(11)     Dead                           Min: 0, Avg:  0.0, Max: 0, Diff: 0, Sum: 0, Workers: 4
[64.795s][debug][gc,phases      ] GC(11)     Total                          Min: 0, Avg: 12.0, Max: 48, Diff: 48, Sum: 48, Workers: 4
[64.795s][debug][gc,phases      ] GC(11)   StringDedup Table Weak         Min:  0.0, Avg:  0.0, Max:  0.0, Diff:  0.0, Sum:  0.0, Workers: 4
[64.795s][debug][gc,phases      ] GC(11)     Dead                           Min: 0, Avg:  0.0, Max: 0, Diff: 0, Sum: 0, Workers: 4
[64.795s][debug][gc,phases      ] GC(11)     Total                          Min: 0, Avg:  0.0, Max: 0, Diff: 0, Sum: 0, Workers: 4
[64.795s][debug][gc,phases      ] GC(11)   StringDedup Requests0 Weak     Min:  0.0, Avg:  0.0, Max:  0.0, Diff:  0.0, Sum:  0.0, Workers: 4
[64.795s][debug][gc,phases      ] GC(11)     Dead                           Min: 0, Avg:  0.0, Max: 0, Diff: 0, Sum: 0, Workers: 4
[64.795s][debug][gc,phases      ] GC(11)     Total                          Min: 0, Avg:  0.0, Max: 0, Diff: 0, Sum: 0, Workers: 4
[64.795s][debug][gc,phases      ] GC(11)   StringDedup Requests1 Weak     Min:  0.0, Avg:  0.0, Max:  0.0, Diff:  0.0, Sum:  0.0, Workers: 4
[64.795s][debug][gc,phases      ] GC(11)     Dead                           Min: 0, Avg:  0.0, Max: 0, Diff: 0, Sum: 0, Workers: 4
[64.795s][debug][gc,phases      ] GC(11)     Total                          Min: 0, Avg:  0.0, Max: 0, Diff: 0, Sum: 0, Workers: 4
[64.795s][debug][gc,phases      ] GC(11)   Weak JFR Old Object Samples    Min:  0.0, Avg:  0.0, Max:  0.0, Diff:  0.0, Sum:  0.0, Workers: 4
[64.795s][debug][gc,phases      ] GC(11)     Dead                           Min: 0, Avg:  0.0, Max: 0, Diff: 0, Sum: 0, Workers: 4
[64.795s][debug][gc,phases      ] GC(11)     Total                          Min: 0, Avg:  0.0, Max: 0, Diff: 0, Sum: 0, Workers: 4
[64.795s][debug][gc,phases      ] GC(11) Weak Processing 0.796ms
[64.795s][debug][gc,age         ] GC(11) Desired survivor size 286261248 bytes, new threshold 3 (max threshold 15)
[64.795s][info ][gc,heap        ] GC(11) PSYoungGen: 1676061K(1804800K)->79761K(1817600K) Eden: 1512448K(1512448K)->0K(1532928K) From: 163613K(292352K)->79761K(284672K)
[64.795s][info ][gc,heap        ] GC(11) ParOldGen: 78418K(78848K)->165836K(165888K)
[64.795s][info ][gc,metaspace   ] GC(11) Metaspace: 92543K(93760K)->92543K(93760K) NonClass: 78759K(79424K)->78759K(79424K) Class: 13783K(14336K)->13783K(14336K)
[64.795s][info ][gc             ] GC(11) Pause Young (Allocation Failure) 1713M->239M(1937M) 97.068ms
[64.795s][info ][gc,cpu         ] GC(11) User=0.25s Sys=0.06s Real=0.10s
[64.795s][info ][safepoint      ] Safepoint "ParallelGCFailedAllocation", Time since last: 592831104 ns, Reaching safepoint: 7500 ns, Cleanup: 36000 ns, At safepoint: 97152289 ns, Total: 97195789 ns
[65.796s][info ][safepoint      ] Safepoint "Cleanup", Time since last: 1000095092 ns, Reaching safepoint: 80601 ns, Cleanup: 32300 ns, At safepoint: 5800 ns, Total: 118701 ns
[66.796s][info ][safepoint      ] Safepoint "Cleanup", Time since last: 1000137992 ns, Reaching safepoint: 84000 ns, Cleanup: 26701 ns, At safepoint: 7000 ns, Total: 117701 ns
[67.796s][info ][safepoint      ] Safepoint "Cleanup", Time since last: 1000157458 ns, Reaching safepoint: 10400 ns, Cleanup: 42401 ns, At safepoint: 9800 ns, Total: 62601 ns
[68.796s][info ][safepoint      ] Safepoint "Cleanup", Time since last: 1000116134 ns, Reaching safepoint: 79400 ns, Cleanup: 161201 ns, At safepoint: 7400 ns, Total: 248001 ns
[69.797s][info ][safepoint      ] Safepoint "Cleanup", Time since last: 1000078634 ns, Reaching safepoint: 87001 ns, Cleanup: 19900 ns, At safepoint: 6800 ns, Total: 113701 ns
[70.797s][info ][safepoint      ] Safepoint "Cleanup", Time since last: 1000114734 ns, Reaching safepoint: 94601 ns, Cleanup: 31000 ns, At safepoint: 6300 ns, Total: 131901 ns
[71.797s][info ][safepoint      ] Safepoint "Cleanup", Time since last: 1000143934 ns, Reaching safepoint: 83701 ns, Cleanup: 15200 ns, At safepoint: 6600 ns, Total: 105501 ns
[72.797s][info ][safepoint      ] Safepoint "Cleanup", Time since last: 1000131134 ns, Reaching safepoint: 78201 ns, Cleanup: 25400 ns, At safepoint: 6000 ns, Total: 109601 ns
[73.798s][info ][safepoint      ] Safepoint "Cleanup", Time since last: 1000097634 ns, Reaching safepoint: 83100 ns, Cleanup: 19900 ns, At safepoint: 7600 ns, Total: 110600 ns
[74.798s][info ][safepoint      ] Safepoint "Cleanup", Time since last: 1000128421 ns, Reaching safepoint: 80301 ns, Cleanup: 19800 ns, At safepoint: 199202 ns, Total: 299303 ns
[75.798s][info ][safepoint      ] Safepoint "Cleanup", Time since last: 1000135390 ns, Reaching safepoint: 83401 ns, Cleanup: 27100 ns, At safepoint: 7800 ns, Total: 118301 ns
[76.799s][info ][safepoint      ] Safepoint "Cleanup", Time since last: 1000128168 ns, Reaching safepoint: 151201 ns, Cleanup: 18401 ns, At safepoint: 10900 ns, Total: 180502 ns
[77.799s][info ][safepoint      ] Safepoint "Cleanup", Time since last: 1000120068 ns, Reaching safepoint: 82500 ns, Cleanup: 18701 ns, At safepoint: 6600 ns, Total: 107801 ns
[78.799s][info ][safepoint      ] Safepoint "Cleanup", Time since last: 1000122768 ns, Reaching safepoint: 82401 ns, Cleanup: 7600 ns, At safepoint: 5800 ns, Total: 95801 ns
[79.799s][info ][safepoint      ] Safepoint "Cleanup", Time since last: 1000114568 ns, Reaching safepoint: 87301 ns, Cleanup: 14900 ns, At safepoint: 5900 ns, Total: 108101 ns
[80.799s][info ][safepoint      ] Safepoint "Cleanup", Time since last: 1000110068 ns, Reaching safepoint: 81101 ns, Cleanup: 52400 ns, At safepoint: 6200 ns, Total: 139701 ns
[81.800s][info ][safepoint      ] Safepoint "Cleanup", Time since last: 1000114068 ns, Reaching safepoint: 38701 ns, Cleanup: 27500 ns, At safepoint: 6400 ns, Total: 72601 ns
[82.800s][info ][safepoint      ] Safepoint "Cleanup", Time since last: 1000113368 ns, Reaching safepoint: 73001 ns, Cleanup: 52600 ns, At safepoint: 10100 ns, Total: 135701 ns
[83.803s][info ][safepoint      ] Safepoint "Cleanup", Time since last: 1000126952 ns, Reaching safepoint: 3104322 ns, Cleanup: 20300 ns, At safepoint: 6100 ns, Total: 3130722 ns
[84.803s][info ][safepoint      ] Safepoint "Cleanup", Time since last: 1000130746 ns, Reaching safepoint: 81800 ns, Cleanup: 46700 ns, At safepoint: 7701 ns, Total: 136201 ns
[85.804s][info ][safepoint      ] Safepoint "Cleanup", Time since last: 1000126945 ns, Reaching safepoint: 7800 ns, Cleanup: 10100 ns, At safepoint: 2600 ns, Total: 20500 ns
[86.804s][info ][safepoint      ] Safepoint "Cleanup", Time since last: 1000118046 ns, Reaching safepoint: 6600 ns, Cleanup: 6900 ns, At safepoint: 2600 ns, Total: 16100 ns
[87.804s][info ][safepoint      ] Safepoint "Cleanup", Time since last: 1000106245 ns, Reaching safepoint: 291202 ns, Cleanup: 19200 ns, At safepoint: 8300 ns, Total: 318702 ns
[88.804s][info ][safepoint      ] Safepoint "Cleanup", Time since last: 1000119346 ns, Reaching safepoint: 82800 ns, Cleanup: 11100 ns, At safepoint: 7200 ns, Total: 101100 ns
[89.805s][info ][safepoint      ] Safepoint "Cleanup", Time since last: 1000126246 ns, Reaching safepoint: 62300 ns, Cleanup: 9800 ns, At safepoint: 12701 ns, Total: 84801 ns
[90.805s][info ][safepoint      ] Safepoint "Cleanup", Time since last: 1000117645 ns, Reaching safepoint: 6600 ns, Cleanup: 14800 ns, At safepoint: 2400 ns, Total: 23800 ns
[91.805s][info ][safepoint      ] Safepoint "Cleanup", Time since last: 1000129585 ns, Reaching safepoint: 7600 ns, Cleanup: 16400 ns, At safepoint: 2300 ns, Total: 26300 ns
[92.799s][info ][gc,start       ] GC(12) Pause Young (Allocation Failure)
[92.858s][debug][gc,phases      ] GC(12) Scavenge 58.449ms
[92.858s][debug][gc,ref         ] GC(12) ReferenceProcessor::execute queues: 1, RefProcThreadModel::Single, marks_oops_alive: false
[92.858s][debug][gc,ref         ] GC(12) Skipped KeepAliveFinalRefsPhase of Reference Processing: no references
[92.858s][debug][gc,ref         ] GC(12) ReferenceProcessor::execute queues: 1, RefProcThreadModel::Single, marks_oops_alive: false
[92.858s][debug][gc,phases      ] GC(12) Reference Processing 0.322ms
[92.858s][debug][gc,phases      ] GC(12)   VM Weak                        Min:  0.0, Avg:  0.0, Max:  0.0, Diff:  0.0, Sum:  0.0, Workers: 4
[92.858s][debug][gc,phases      ] GC(12)     Dead                           Min: 0, Avg:  0.0, Max: 0, Diff: 0, Sum: 0, Workers: 4
[92.858s][debug][gc,phases      ] GC(12)     Total                          Min: 0, Avg: 233.5, Max: 614, Diff: 614, Sum: 934, Workers: 4
[92.858s][debug][gc,phases      ] GC(12)   ObjectSynchronizer Weak        Min:  0.0, Avg:  0.0, Max:  0.0, Diff:  0.0, Sum:  0.0, Workers: 4
[92.858s][debug][gc,phases      ] GC(12)     Dead                           Min: 0, Avg:  0.0, Max: 0, Diff: 0, Sum: 0, Workers: 4
[92.858s][debug][gc,phases      ] GC(12)     Total                          Min: 0, Avg:  1.0, Max: 4, Diff: 4, Sum: 4, Workers: 4
[92.858s][debug][gc,phases      ] GC(12)   JVMTI Tag Weak OopStorage      Min:  0.0, Avg:  0.0, Max:  0.0, Diff:  0.0, Sum:  0.0, Workers: 4
[92.858s][debug][gc,phases      ] GC(12)     Dead                           Min: 0, Avg:  0.0, Max: 0, Diff: 0, Sum: 0, Workers: 4
[92.859s][debug][gc,phases      ] GC(12)     Total                          Min: 0, Avg:  0.0, Max: 0, Diff: 0, Sum: 0, Workers: 4
[92.859s][debug][gc,phases      ] GC(12)   StringTable Weak               Min:  0.0, Avg:  0.2, Max:  0.2, Diff:  0.2, Sum:  0.6, Workers: 4
[92.859s][debug][gc,phases      ] GC(12)     Dead                           Min: 0, Avg:  0.2, Max: 1, Diff: 1, Sum: 1, Workers: 4
[92.859s][debug][gc,phases      ] GC(12)     Total                          Min: 0, Avg: 11857.8, Max: 16519, Diff: 16519, Sum: 47431, Workers: 4
[92.859s][debug][gc,phases      ] GC(12)   ResolvedMethodTable Weak       Min:  0.0, Avg:  0.1, Max:  0.1, Diff:  0.1, Sum:  0.3, Workers: 4
[92.859s][debug][gc,phases      ] GC(12)     Dead                           Min: 0, Avg:  6.8, Max: 14, Diff: 14, Sum: 27, Workers: 4
[92.859s][debug][gc,phases      ] GC(12)     Total                          Min: 0, Avg: 3171.5, Max: 4578, Diff: 4578, Sum: 12686, Workers: 4
[92.859s][debug][gc,phases      ] GC(12)   JNI Weak                       Min:  0.0, Avg:  0.0, Max:  0.0, Diff:  0.0, Sum:  0.0, Workers: 4
[92.859s][debug][gc,phases      ] GC(12)     Dead                           Min: 0, Avg:  0.0, Max: 0, Diff: 0, Sum: 0, Workers: 4
[92.859s][debug][gc,phases      ] GC(12)     Total                          Min: 0, Avg: 12.0, Max: 48, Diff: 48, Sum: 48, Workers: 4
[92.859s][debug][gc,phases      ] GC(12)   StringDedup Table Weak         Min:  0.0, Avg:  0.0, Max:  0.0, Diff:  0.0, Sum:  0.0, Workers: 4
[92.859s][debug][gc,phases      ] GC(12)     Dead                           Min: 0, Avg:  0.0, Max: 0, Diff: 0, Sum: 0, Workers: 4
[92.859s][debug][gc,phases      ] GC(12)     Total                          Min: 0, Avg:  0.0, Max: 0, Diff: 0, Sum: 0, Workers: 4
[92.859s][debug][gc,phases      ] GC(12)   StringDedup Requests0 Weak     Min:  0.0, Avg:  0.0, Max:  0.0, Diff:  0.0, Sum:  0.0, Workers: 4
[92.859s][debug][gc,phases      ] GC(12)     Dead                           Min: 0, Avg:  0.0, Max: 0, Diff: 0, Sum: 0, Workers: 4
[92.859s][debug][gc,phases      ] GC(12)     Total                          Min: 0, Avg:  0.0, Max: 0, Diff: 0, Sum: 0, Workers: 4
[92.859s][debug][gc,phases      ] GC(12)   StringDedup Requests1 Weak     Min:  0.0, Avg:  0.0, Max:  0.0, Diff:  0.0, Sum:  0.0, Workers: 4
[92.859s][debug][gc,phases      ] GC(12)     Dead                           Min: 0, Avg:  0.0, Max: 0, Diff: 0, Sum: 0, Workers: 4
[92.859s][debug][gc,phases      ] GC(12)     Total                          Min: 0, Avg:  0.0, Max: 0, Diff: 0, Sum: 0, Workers: 4
[92.859s][debug][gc,phases      ] GC(12)   Weak JFR Old Object Samples    Min:  0.0, Avg:  0.0, Max:  0.0, Diff:  0.0, Sum:  0.0, Workers: 4
[92.859s][debug][gc,phases      ] GC(12)     Dead                           Min: 0, Avg:  0.0, Max: 0, Diff: 0, Sum: 0, Workers: 4
[92.859s][debug][gc,phases      ] GC(12)     Total                          Min: 0, Avg:  0.0, Max: 0, Diff: 0, Sum: 0, Workers: 4
[92.859s][debug][gc,phases      ] GC(12) Weak Processing 0.564ms
[92.859s][debug][gc,age         ] GC(12) Desired survivor size 292552704 bytes, new threshold 2 (max threshold 15)
[92.859s][info ][gc,heap        ] GC(12) PSYoungGen: 1612689K(1817600K)->14515K(1547776K) Eden: 1532928K(1532928K)->0K(1532928K) From: 79761K(284672K)->14515K(14848K)
[92.859s][info ][gc,heap        ] GC(12) ParOldGen: 165836K(165888K)->246138K(246272K)
[92.859s][info ][gc,metaspace   ] GC(12) Metaspace: 92995K(94208K)->92995K(94208K) NonClass: 79192K(79872K)->79192K(79872K) Class: 13803K(14336K)->13803K(14336K)
[92.859s][info ][gc             ] GC(12) Pause Young (Allocation Failure) 1736M->254M(1752M) 59.491ms
[92.859s][info ][gc,cpu         ] GC(12) User=0.08s Sys=0.07s Real=0.06s
[92.859s][info ][safepoint      ] Safepoint "ParallelGCFailedAllocation", Time since last: 994274758 ns, Reaching safepoint: 9200 ns, Cleanup: 16700 ns, At safepoint: 59581123 ns, Total: 59607023 ns
[93.859s][info ][safepoint      ] Safepoint "Cleanup", Time since last: 1000097000 ns, Reaching safepoint: 6700 ns, Cleanup: 23300 ns, At safepoint: 2700 ns, Total: 32700 ns
[94.859s][info ][safepoint      ] Safepoint "Cleanup", Time since last: 1000117700 ns, Reaching safepoint: 7400 ns, Cleanup: 17400 ns, At safepoint: 2400 ns, Total: 27200 ns
[95.859s][info ][safepoint      ] Safepoint "Cleanup", Time since last: 1000121800 ns, Reaching safepoint: 7900 ns, Cleanup: 23600 ns, At safepoint: 2600 ns, Total: 34100 ns
[96.859s][info ][safepoint      ] Safepoint "Cleanup", Time since last: 1000117800 ns, Reaching safepoint: 6900 ns, Cleanup: 38900 ns, At safepoint: 3300 ns, Total: 49100 ns
[97.860s][info ][safepoint      ] Safepoint "Cleanup", Time since last: 1000130500 ns, Reaching safepoint: 7900 ns, Cleanup: 21600 ns, At safepoint: 8100 ns, Total: 37600 ns
[98.860s][info ][safepoint      ] Safepoint "Cleanup", Time since last: 1000116600 ns, Reaching safepoint: 7100 ns, Cleanup: 9800 ns, At safepoint: 2800 ns, Total: 19700 ns
[99.860s][info ][safepoint      ] Safepoint "Cleanup", Time since last: 1000128312 ns, Reaching safepoint: 8600 ns, Cleanup: 20700 ns, At safepoint: 2900 ns, Total: 32200 ns
[100.860s][info ][safepoint      ] Safepoint "Cleanup", Time since last: 1000120015 ns, Reaching safepoint: 9900 ns, Cleanup: 44700 ns, At safepoint: 2700 ns, Total: 57300 ns
[101.860s][info ][safepoint      ] Safepoint "Cleanup", Time since last: 1000121915 ns, Reaching safepoint: 8700 ns, Cleanup: 26300 ns, At safepoint: 3300 ns, Total: 38300 ns
[102.860s][info ][safepoint      ] Safepoint "Cleanup", Time since last: 1000129315 ns, Reaching safepoint: 6300 ns, Cleanup: 12800 ns, At safepoint: 2500 ns, Total: 21600 ns
[103.860s][info ][safepoint      ] Safepoint "Cleanup", Time since last: 1000109515 ns, Reaching safepoint: 6000 ns, Cleanup: 12900 ns, At safepoint: 2200 ns, Total: 21100 ns
[104.861s][info ][safepoint      ] Safepoint "Cleanup", Time since last: 1000111715 ns, Reaching safepoint: 6900 ns, Cleanup: 8200 ns, At safepoint: 2000 ns, Total: 17100 ns
[105.861s][info ][safepoint      ] Safepoint "Cleanup", Time since last: 1000117814 ns, Reaching safepoint: 87101 ns, Cleanup: 57500 ns, At safepoint: 11501 ns, Total: 156102 ns
[106.870s][info ][safepoint      ] Safepoint "Cleanup", Time since last: 1008714975 ns, Reaching safepoint: 8800 ns, Cleanup: 64701 ns, At safepoint: 2300 ns, Total: 75801 ns
[107.870s][info ][safepoint      ] Safepoint "Cleanup", Time since last: 1000118139 ns, Reaching safepoint: 9600 ns, Cleanup: 10600 ns, At safepoint: 3000 ns, Total: 23200 ns
[108.870s][info ][safepoint      ] Safepoint "Cleanup", Time since last: 1000123247 ns, Reaching safepoint: 8000 ns, Cleanup: 24500 ns, At safepoint: 2600 ns, Total: 35100 ns
[109.870s][info ][safepoint      ] Safepoint "Cleanup", Time since last: 1000112947 ns, Reaching safepoint: 7400 ns, Cleanup: 22700 ns, At safepoint: 2100 ns, Total: 32200 ns
[110.870s][info ][safepoint      ] Safepoint "Cleanup", Time since last: 1000140747 ns, Reaching safepoint: 7900 ns, Cleanup: 24200 ns, At safepoint: 2600 ns, Total: 34700 ns
[111.870s][info ][safepoint      ] Safepoint "Cleanup", Time since last: 1000123347 ns, Reaching safepoint: 8900 ns, Cleanup: 11900 ns, At safepoint: 2700 ns, Total: 23500 ns
[112.871s][info ][safepoint      ] Safepoint "Cleanup", Time since last: 1000112947 ns, Reaching safepoint: 7800 ns, Cleanup: 11400 ns, At safepoint: 2500 ns, Total: 21700 ns
[113.871s][info ][safepoint      ] Safepoint "Cleanup", Time since last: 1000121746 ns, Reaching safepoint: 9801 ns, Cleanup: 10700 ns, At safepoint: 2500 ns, Total: 23001 ns
[114.871s][info ][safepoint      ] Safepoint "Cleanup", Time since last: 1000115946 ns, Reaching safepoint: 7700 ns, Cleanup: 22300 ns, At safepoint: 2200 ns, Total: 32200 ns
[116.871s][info ][safepoint      ] Safepoint "Cleanup", Time since last: 2000187974 ns, Reaching safepoint: 8700 ns, Cleanup: 13700 ns, At safepoint: 2400 ns, Total: 24800 ns
[117.871s][info ][safepoint      ] Safepoint "Cleanup", Time since last: 1000154936 ns, Reaching safepoint: 7300 ns, Cleanup: 10100 ns, At safepoint: 2500 ns, Total: 19900 ns
[118.871s][info ][safepoint      ] Safepoint "Cleanup", Time since last: 1000115235 ns, Reaching safepoint: 23501 ns, Cleanup: 22600 ns, At safepoint: 5000 ns, Total: 51101 ns
[119.871s][info ][safepoint      ] Safepoint "Cleanup", Time since last: 1000101535 ns, Reaching safepoint: 7100 ns, Cleanup: 10100 ns, At safepoint: 2400 ns, Total: 19600 ns
[121.121s][info ][safepoint      ] Safepoint "Cleanup", Time since last: 1249394714 ns, Reaching safepoint: 8400 ns, Cleanup: 18400 ns, At safepoint: 2900 ns, Total: 29700 ns
[122.121s][info ][safepoint      ] Safepoint "Cleanup", Time since last: 1000121836 ns, Reaching safepoint: 6800 ns, Cleanup: 10700 ns, At safepoint: 2800 ns, Total: 20300 ns
[123.121s][info ][safepoint      ] Safepoint "Cleanup", Time since last: 1000075350 ns, Reaching safepoint: 8119 ns, Cleanup: 16138 ns, At safepoint: 2706 ns, Total: 26963 ns
[124.044s][info ][gc,start       ] GC(13) Pause Young (Allocation Failure)
[124.053s][debug][gc,phases      ] GC(13) Scavenge 8.973ms
[124.053s][debug][gc,ref         ] GC(13) ReferenceProcessor::execute queues: 1, RefProcThreadModel::Single, marks_oops_alive: false
[124.053s][debug][gc,ref         ] GC(13) Skipped KeepAliveFinalRefsPhase of Reference Processing: no references
[124.053s][debug][gc,ref         ] GC(13) ReferenceProcessor::execute queues: 1, RefProcThreadModel::Single, marks_oops_alive: false
[124.053s][debug][gc,phases      ] GC(13) Reference Processing 0.135ms
[124.053s][debug][gc,phases      ] GC(13)   VM Weak                        Min:  0.0, Avg:  0.0, Max:  0.0, Diff:  0.0, Sum:  0.0, Workers: 4
[124.053s][debug][gc,phases      ] GC(13)     Dead                           Min: 0, Avg:  0.0, Max: 0, Diff: 0, Sum: 0, Workers: 4
[124.053s][debug][gc,phases      ] GC(13)     Total                          Min: 0, Avg: 235.0, Max: 940, Diff: 940, Sum: 940, Workers: 4
[124.053s][debug][gc,phases      ] GC(13)   ObjectSynchronizer Weak        Min:  0.0, Avg:  0.0, Max:  0.0, Diff:  0.0, Sum:  0.0, Workers: 4
[124.053s][debug][gc,phases      ] GC(13)     Dead                           Min: 0, Avg:  0.0, Max: 0, Diff: 0, Sum: 0, Workers: 4
[124.053s][debug][gc,phases      ] GC(13)     Total                          Min: 0, Avg:  0.8, Max: 3, Diff: 3, Sum: 3, Workers: 4
[124.053s][debug][gc,phases      ] GC(13)   JVMTI Tag Weak OopStorage      Min:  0.0, Avg:  0.0, Max:  0.0, Diff:  0.0, Sum:  0.0, Workers: 4
[124.053s][debug][gc,phases      ] GC(13)     Dead                           Min: 0, Avg:  0.0, Max: 0, Diff: 0, Sum: 0, Workers: 4
[124.053s][debug][gc,phases      ] GC(13)     Total                          Min: 0, Avg:  0.0, Max: 0, Diff: 0, Sum: 0, Workers: 4
[124.053s][debug][gc,phases      ] GC(13)   StringTable Weak               Min:  0.0, Avg:  0.1, Max:  0.1, Diff:  0.1, Sum:  0.4, Workers: 4
[124.053s][debug][gc,phases      ] GC(13)     Dead                           Min: 0, Avg:  0.5, Max: 2, Diff: 2, Sum: 2, Workers: 4
[124.053s][debug][gc,phases      ] GC(13)     Total                          Min: 0, Avg: 11891.2, Max: 17152, Diff: 17152, Sum: 47565, Workers: 4
[124.053s][debug][gc,phases      ] GC(13)   ResolvedMethodTable Weak       Min:  0.0, Avg:  0.0, Max:  0.1, Diff:  0.1, Sum:  0.2, Workers: 4
[124.053s][debug][gc,phases      ] GC(13)     Dead                           Min: 0, Avg: 16.8, Max: 40, Diff: 40, Sum: 67, Workers: 4
[124.053s][debug][gc,phases      ] GC(13)     Total                          Min: 0, Avg: 3205.8, Max: 4800, Diff: 4800, Sum: 12823, Workers: 4
[124.053s][debug][gc,phases      ] GC(13)   JNI Weak                       Min:  0.0, Avg:  0.0, Max:  0.0, Diff:  0.0, Sum:  0.0, Workers: 4
[124.053s][debug][gc,phases      ] GC(13)     Dead                           Min: 0, Avg:  0.0, Max: 0, Diff: 0, Sum: 0, Workers: 4
[124.053s][debug][gc,phases      ] GC(13)     Total                          Min: 0, Avg: 12.0, Max: 48, Diff: 48, Sum: 48, Workers: 4
[124.053s][debug][gc,phases      ] GC(13)   StringDedup Table Weak         Min:  0.0, Avg:  0.0, Max:  0.0, Diff:  0.0, Sum:  0.0, Workers: 4
[124.053s][debug][gc,phases      ] GC(13)     Dead                           Min: 0, Avg:  0.0, Max: 0, Diff: 0, Sum: 0, Workers: 4
[124.053s][debug][gc,phases      ] GC(13)     Total                          Min: 0, Avg:  0.0, Max: 0, Diff: 0, Sum: 0, Workers: 4
[124.053s][debug][gc,phases      ] GC(13)   StringDedup Requests0 Weak     Min:  0.0, Avg:  0.0, Max:  0.0, Diff:  0.0, Sum:  0.0, Workers: 4
[124.053s][debug][gc,phases      ] GC(13)     Dead                           Min: 0, Avg:  0.0, Max: 0, Diff: 0, Sum: 0, Workers: 4
[124.053s][debug][gc,phases      ] GC(13)     Total                          Min: 0, Avg:  0.0, Max: 0, Diff: 0, Sum: 0, Workers: 4
[124.053s][debug][gc,phases      ] GC(13)   StringDedup Requests1 Weak     Min:  0.0, Avg:  0.0, Max:  0.0, Diff:  0.0, Sum:  0.0, Workers: 4
[124.053s][debug][gc,phases      ] GC(13)     Dead                           Min: 0, Avg:  0.0, Max: 0, Diff: 0, Sum: 0, Workers: 4
[124.053s][debug][gc,phases      ] GC(13)     Total                          Min: 0, Avg:  0.0, Max: 0, Diff: 0, Sum: 0, Workers: 4
[124.053s][debug][gc,phases      ] GC(13)   Weak JFR Old Object Samples    Min:  0.0, Avg:  0.0, Max:  0.0, Diff:  0.0, Sum:  0.0, Workers: 4
[124.053s][debug][gc,phases      ] GC(13)     Dead                           Min: 0, Avg:  0.0, Max: 0, Diff: 0, Sum: 0, Workers: 4
[124.053s][debug][gc,phases      ] GC(13)     Total                          Min: 0, Avg:  0.0, Max: 0, Diff: 0, Sum: 0, Workers: 4
[124.053s][debug][gc,phases      ] GC(13) Weak Processing 0.454ms
[124.053s][debug][gc,age         ] GC(13) Desired survivor size 294125568 bytes, new threshold 1 (max threshold 15)
[124.053s][info ][gc,heap        ] GC(13) PSYoungGen: 1547443K(1547776K)->14019K(1808384K) Eden: 1532928K(1532928K)->0K(1522688K) From: 14515K(14848K)->14019K(285696K)
[124.053s][info ][gc,heap        ] GC(13) ParOldGen: 246138K(246272K)->249894K(250368K)
[124.053s][info ][gc,metaspace   ] GC(13) Metaspace: 93328K(94528K)->93328K(94528K) NonClass: 79471K(80128K)->79471K(80128K) Class: 13857K(14400K)->13857K(14400K)
[124.053s][info ][gc             ] GC(13) Pause Young (Allocation Failure) 1751M->257M(2010M) 9.721ms
[124.053s][info ][gc,cpu         ] GC(13) User=0.03s Sys=0.00s Real=0.01s
[124.053s][info ][safepoint      ] Safepoint "ParallelGCFailedAllocation", Time since last: 922397104 ns, Reaching safepoint: 6716 ns, Cleanup: 14835 ns, At safepoint: 9824564 ns, Total: 9846115 ns
[125.054s][info ][safepoint      ] Safepoint "Cleanup", Time since last: 1000057720 ns, Reaching safepoint: 7800 ns, Cleanup: 22700 ns, At safepoint: 3200 ns, Total: 33700 ns
[126.054s][info ][safepoint      ] Safepoint "Cleanup", Time since last: 1000095559 ns, Reaching safepoint: 82600 ns, Cleanup: 12401 ns, At safepoint: 7000 ns, Total: 102001 ns
[127.054s][info ][safepoint      ] Safepoint "Cleanup", Time since last: 1000144259 ns, Reaching safepoint: 7900 ns, Cleanup: 92100 ns, At safepoint: 6900 ns, Total: 106900 ns
[128.054s][info ][safepoint      ] Safepoint "Cleanup", Time since last: 1000125259 ns, Reaching safepoint: 86001 ns, Cleanup: 28400 ns, At safepoint: 10700 ns, Total: 125101 ns
[129.054s][info ][safepoint      ] Safepoint "Cleanup", Time since last: 1000132859 ns, Reaching safepoint: 85101 ns, Cleanup: 52100 ns, At safepoint: 7800 ns, Total: 145001 ns
[130.055s][info ][safepoint      ] Safepoint "Cleanup", Time since last: 1000174560 ns, Reaching safepoint: 7500 ns, Cleanup: 12300 ns, At safepoint: 2700 ns, Total: 22500 ns
[131.055s][info ][safepoint      ] Safepoint "Cleanup", Time since last: 1000125259 ns, Reaching safepoint: 60500 ns, Cleanup: 43400 ns, At safepoint: 10100 ns, Total: 114000 ns
[132.055s][info ][safepoint      ] Safepoint "Cleanup", Time since last: 1000167618 ns, Reaching safepoint: 80633 ns, Cleanup: 17408 ns, At safepoint: 5702 ns, Total: 103743 ns
[133.055s][info ][safepoint      ] Safepoint "Cleanup", Time since last: 1000151527 ns, Reaching safepoint: 6400 ns, Cleanup: 16801 ns, At safepoint: 3000 ns, Total: 26201 ns
[134.203s][info ][safepoint      ] Safepoint "Cleanup", Time since last: 1147068406 ns, Reaching safepoint: 91605 ns, Cleanup: 147108 ns, At safepoint: 10700 ns, Total: 249413 ns
[135.203s][info ][safepoint      ] Safepoint "Cleanup", Time since last: 1000129525 ns, Reaching safepoint: 86804 ns, Cleanup: 26001 ns, At safepoint: 6201 ns, Total: 119006 ns
[136.203s][info ][safepoint      ] Safepoint "Cleanup", Time since last: 1000121724 ns, Reaching safepoint: 6700 ns, Cleanup: 48103 ns, At safepoint: 6400 ns, Total: 61203 ns
[137.203s][info ][safepoint      ] Safepoint "Cleanup", Time since last: 1000144525 ns, Reaching safepoint: 88005 ns, Cleanup: 23201 ns, At safepoint: 7500 ns, Total: 118706 ns
[138.204s][info ][safepoint      ] Safepoint "Cleanup", Time since last: 1000142625 ns, Reaching safepoint: 82305 ns, Cleanup: 18801 ns, At safepoint: 10800 ns, Total: 111906 ns
[139.204s][info ][safepoint      ] Safepoint "Cleanup", Time since last: 1000121486 ns, Reaching safepoint: 9202 ns, Cleanup: 17904 ns, At safepoint: 2900 ns, Total: 30006 ns
[140.204s][info ][safepoint      ] Safepoint "Cleanup", Time since last: 1000111506 ns, Reaching safepoint: 7102 ns, Cleanup: 25105 ns, At safepoint: 2501 ns, Total: 34708 ns
[141.204s][info ][safepoint      ] Safepoint "Cleanup", Time since last: 1000110224 ns, Reaching safepoint: 99607 ns, Cleanup: 14601 ns, At safepoint: 6600 ns, Total: 120808 ns
[142.204s][info ][safepoint      ] Safepoint "Cleanup", Time since last: 1000126548 ns, Reaching safepoint: 7001 ns, Cleanup: 10000 ns, At safepoint: 2600 ns, Total: 19601 ns
[143.205s][info ][safepoint      ] Safepoint "Cleanup", Time since last: 1000130149 ns, Reaching safepoint: 80605 ns, Cleanup: 9901 ns, At safepoint: 6600 ns, Total: 97106 ns
[144.205s][info ][safepoint      ] Safepoint "Cleanup", Time since last: 1000116348 ns, Reaching safepoint: 7700 ns, Cleanup: 10001 ns, At safepoint: 3100 ns, Total: 20801 ns
[145.205s][info ][safepoint      ] Safepoint "Cleanup", Time since last: 1000121648 ns, Reaching safepoint: 8100 ns, Cleanup: 10501 ns, At safepoint: 2400 ns, Total: 21001 ns
[146.205s][info ][safepoint      ] Safepoint "Cleanup", Time since last: 1000112048 ns, Reaching safepoint: 77805 ns, Cleanup: 64104 ns, At safepoint: 7100 ns, Total: 149009 ns
[147.205s][info ][safepoint      ] Safepoint "Cleanup", Time since last: 1000120263 ns, Reaching safepoint: 6901 ns, Cleanup: 79005 ns, At safepoint: 3600 ns, Total: 89506 ns
[148.205s][info ][safepoint      ] Safepoint "Cleanup", Time since last: 1000128692 ns, Reaching safepoint: 7800 ns, Cleanup: 65005 ns, At safepoint: 4100 ns, Total: 76905 ns
[148.483s][info ][gc,start       ] GC(14) Pause Young (Allocation Failure)
[148.500s][debug][gc,phases      ] GC(14) Scavenge 16.973ms
[148.500s][debug][gc,ref         ] GC(14) ReferenceProcessor::execute queues: 1, RefProcThreadModel::Single, marks_oops_alive: false
[148.500s][debug][gc,ref         ] GC(14) Skipped KeepAliveFinalRefsPhase of Reference Processing: no references
[148.500s][debug][gc,ref         ] GC(14) ReferenceProcessor::execute queues: 1, RefProcThreadModel::Single, marks_oops_alive: false
[148.500s][debug][gc,phases      ] GC(14) Reference Processing 0.153ms
[148.500s][debug][gc,phases      ] GC(14)   VM Weak                        Min:  0.0, Avg:  0.0, Max:  0.0, Diff:  0.0, Sum:  0.0, Workers: 4
[148.500s][debug][gc,phases      ] GC(14)     Dead                           Min: 0, Avg:  0.0, Max: 0, Diff: 0, Sum: 0, Workers: 4
[148.500s][debug][gc,phases      ] GC(14)     Total                          Min: 0, Avg: 238.2, Max: 576, Diff: 576, Sum: 953, Workers: 4
[148.500s][debug][gc,phases      ] GC(14)   ObjectSynchronizer Weak        Min:  0.0, Avg:  0.0, Max:  0.0, Diff:  0.0, Sum:  0.0, Workers: 4
[148.500s][debug][gc,phases      ] GC(14)     Dead                           Min: 0, Avg:  0.0, Max: 0, Diff: 0, Sum: 0, Workers: 4
[148.500s][debug][gc,phases      ] GC(14)     Total                          Min: 0, Avg:  1.0, Max: 4, Diff: 4, Sum: 4, Workers: 4
[148.500s][debug][gc,phases      ] GC(14)   JVMTI Tag Weak OopStorage      Min:  0.0, Avg:  0.0, Max:  0.0, Diff:  0.0, Sum:  0.0, Workers: 4
[148.500s][debug][gc,phases      ] GC(14)     Dead                           Min: 0, Avg:  0.0, Max: 0, Diff: 0, Sum: 0, Workers: 4
[148.500s][debug][gc,phases      ] GC(14)     Total                          Min: 0, Avg:  0.0, Max: 0, Diff: 0, Sum: 0, Workers: 4
[148.500s][debug][gc,phases      ] GC(14)   StringTable Weak               Min:  0.0, Avg:  0.1, Max:  0.2, Diff:  0.2, Sum:  0.5, Workers: 4
[148.500s][debug][gc,phases      ] GC(14)     Dead                           Min: 0, Avg:  0.2, Max: 1, Diff: 1, Sum: 1, Workers: 4
[148.500s][debug][gc,phases      ] GC(14)     Total                          Min: 0, Avg: 11916.8, Max: 16448, Diff: 16448, Sum: 47667, Workers: 4
[148.500s][debug][gc,phases      ] GC(14)   ResolvedMethodTable Weak       Min:  0.0, Avg:  0.0, Max:  0.0, Diff:  0.0, Sum:  0.1, Workers: 4
[148.500s][debug][gc,phases      ] GC(14)     Dead                           Min: 0, Avg:  1.0, Max: 2, Diff: 2, Sum: 4, Workers: 4
[148.500s][debug][gc,phases      ] GC(14)     Total                          Min: 0, Avg: 3224.0, Max: 4918, Diff: 4918, Sum: 12896, Workers: 4
[148.500s][debug][gc,phases      ] GC(14)   JNI Weak                       Min:  0.0, Avg:  0.0, Max:  0.0, Diff:  0.0, Sum:  0.0, Workers: 4
[148.500s][debug][gc,phases      ] GC(14)     Dead                           Min: 0, Avg:  0.0, Max: 0, Diff: 0, Sum: 0, Workers: 4
[148.500s][debug][gc,phases      ] GC(14)     Total                          Min: 0, Avg: 12.0, Max: 48, Diff: 48, Sum: 48, Workers: 4
[148.500s][debug][gc,phases      ] GC(14)   StringDedup Table Weak         Min:  0.0, Avg:  0.0, Max:  0.0, Diff:  0.0, Sum:  0.0, Workers: 4
[148.500s][debug][gc,phases      ] GC(14)     Dead                           Min: 0, Avg:  0.0, Max: 0, Diff: 0, Sum: 0, Workers: 4
[148.500s][debug][gc,phases      ] GC(14)     Total                          Min: 0, Avg:  0.0, Max: 0, Diff: 0, Sum: 0, Workers: 4
[148.500s][debug][gc,phases      ] GC(14)   StringDedup Requests0 Weak     Min:  0.0, Avg:  0.0, Max:  0.0, Diff:  0.0, Sum:  0.0, Workers: 4
[148.500s][debug][gc,phases      ] GC(14)     Dead                           Min: 0, Avg:  0.0, Max: 0, Diff: 0, Sum: 0, Workers: 4
[148.500s][debug][gc,phases      ] GC(14)     Total                          Min: 0, Avg:  0.0, Max: 0, Diff: 0, Sum: 0, Workers: 4
[148.500s][debug][gc,phases      ] GC(14)   StringDedup Requests1 Weak     Min:  0.0, Avg:  0.0, Max:  0.0, Diff:  0.0, Sum:  0.0, Workers: 4
[148.500s][debug][gc,phases      ] GC(14)     Dead                           Min: 0, Avg:  0.0, Max: 0, Diff: 0, Sum: 0, Workers: 4
[148.500s][debug][gc,phases      ] GC(14)     Total                          Min: 0, Avg:  0.0, Max: 0, Diff: 0, Sum: 0, Workers: 4
[148.500s][debug][gc,phases      ] GC(14)   Weak JFR Old Object Samples    Min:  0.0, Avg:  0.0, Max:  0.0, Diff:  0.0, Sum:  0.0, Workers: 4
[148.500s][debug][gc,phases      ] GC(14)     Dead                           Min: 0, Avg:  0.0, Max: 0, Diff: 0, Sum: 0, Workers: 4
[148.500s][debug][gc,phases      ] GC(14)     Total                          Min: 0, Avg:  0.0, Max: 0, Diff: 0, Sum: 0, Workers: 4
[148.500s][debug][gc,phases      ] GC(14) Weak Processing 0.447ms
[148.500s][debug][gc,age         ] GC(14) Desired survivor size 292552704 bytes, new threshold 1 (max threshold 15)
[148.500s][info ][gc,heap        ] GC(14) PSYoungGen: 1536707K(1808384K)->15225K(1809920K) Eden: 1522688K(1522688K)->0K(1522688K) From: 14019K(285696K)->15225K(287232K)
[148.500s][info ][gc,heap        ] GC(14) ParOldGen: 249894K(250368K)->262447K(262656K)
[148.500s][info ][gc,metaspace   ] GC(14) Metaspace: 93673K(94912K)->93673K(94912K) NonClass: 79787K(80512K)->79787K(80512K) Class: 13885K(14400K)->13885K(14400K)
[148.500s][info ][gc             ] GC(14) Pause Young (Allocation Failure) 1744M->271M(2024M) 17.725ms
[148.500s][info ][gc,cpu         ] GC(14) User=0.05s Sys=0.00s Real=0.02s
[148.501s][info ][safepoint      ] Safepoint "ParallelGCFailedAllocation", Time since last: 277171399 ns, Reaching safepoint: 10501 ns, Cleanup: 39403 ns, At safepoint: 17818583 ns, Total: 17868487 ns
[149.958s][info ][safepoint      ] Safepoint "Cleanup", Time since last: 1457297439 ns, Reaching safepoint: 9001 ns, Cleanup: 65604 ns, At safepoint: 2701 ns, Total: 77306 ns
[150.958s][info ][safepoint      ] Safepoint "Cleanup", Time since last: 1000111390 ns, Reaching safepoint: 6800 ns, Cleanup: 23402 ns, At safepoint: 2900 ns, Total: 33102 ns
[151.958s][info ][safepoint      ] Safepoint "Cleanup", Time since last: 1000136392 ns, Reaching safepoint: 7401 ns, Cleanup: 50903 ns, At safepoint: 2400 ns, Total: 60704 ns
[152.958s][info ][safepoint      ] Safepoint "Cleanup", Time since last: 1000067788 ns, Reaching safepoint: 9300 ns, Cleanup: 25502 ns, At safepoint: 5901 ns, Total: 40703 ns
[153.959s][info ][safepoint      ] Safepoint "Cleanup", Time since last: 1000140892 ns, Reaching safepoint: 7400 ns, Cleanup: 11901 ns, At safepoint: 2100 ns, Total: 21401 ns
[154.959s][info ][safepoint      ] Safepoint "Cleanup", Time since last: 1000120791 ns, Reaching safepoint: 7501 ns, Cleanup: 10701 ns, At safepoint: 2400 ns, Total: 20602 ns
[155.959s][info ][safepoint      ] Safepoint "Cleanup", Time since last: 1000165039 ns, Reaching safepoint: 11400 ns, Cleanup: 23002 ns, At safepoint: 2700 ns, Total: 37102 ns
[156.959s][info ][safepoint      ] Safepoint "Cleanup", Time since last: 1000144415 ns, Reaching safepoint: 8801 ns, Cleanup: 28002 ns, At safepoint: 7500 ns, Total: 44303 ns
[157.959s][info ][safepoint      ] Safepoint "Cleanup", Time since last: 1000112014 ns, Reaching safepoint: 6800 ns, Cleanup: 10301 ns, At safepoint: 2600 ns, Total: 19701 ns
[159.960s][info ][safepoint      ] Safepoint "Cleanup", Time since last: 2000387137 ns, Reaching safepoint: 9501 ns, Cleanup: 11301 ns, At safepoint: 2800 ns, Total: 23602 ns
[160.960s][info ][safepoint      ] Safepoint "Cleanup", Time since last: 1000114413 ns, Reaching safepoint: 9201 ns, Cleanup: 13101 ns, At safepoint: 8100 ns, Total: 30402 ns
[161.960s][info ][safepoint      ] Safepoint "Cleanup", Time since last: 1000126514 ns, Reaching safepoint: 7201 ns, Cleanup: 24301 ns, At safepoint: 2101 ns, Total: 33603 ns
[162.960s][info ][safepoint      ] Safepoint "Cleanup", Time since last: 1000112113 ns, Reaching safepoint: 7700 ns, Cleanup: 20702 ns, At safepoint: 2300 ns, Total: 30702 ns
[163.960s][info ][safepoint      ] Safepoint "Cleanup", Time since last: 1000134638 ns, Reaching safepoint: 7101 ns, Cleanup: 11300 ns, At safepoint: 6301 ns, Total: 24702 ns
[164.960s][info ][safepoint      ] Safepoint "Cleanup", Time since last: 1000123921 ns, Reaching safepoint: 9801 ns, Cleanup: 16201 ns, At safepoint: 2300 ns, Total: 28302 ns
[165.961s][info ][safepoint      ] Safepoint "Cleanup", Time since last: 1000122421 ns, Reaching safepoint: 10200 ns, Cleanup: 11201 ns, At safepoint: 5800 ns, Total: 27201 ns
[166.961s][info ][safepoint      ] Safepoint "Cleanup", Time since last: 1000143823 ns, Reaching safepoint: 9400 ns, Cleanup: 18502 ns, At safepoint: 2300 ns, Total: 30202 ns
[167.961s][info ][safepoint      ] Safepoint "Cleanup", Time since last: 1000087518 ns, Reaching safepoint: 7101 ns, Cleanup: 9901 ns, At safepoint: 1900 ns, Total: 18902 ns
[168.961s][info ][safepoint      ] Safepoint "Cleanup", Time since last: 1000105619 ns, Reaching safepoint: 7701 ns, Cleanup: 15001 ns, At safepoint: 2200 ns, Total: 24902 ns
[169.961s][info ][safepoint      ] Safepoint "Cleanup", Time since last: 1000095619 ns, Reaching safepoint: 7401 ns, Cleanup: 11200 ns, At safepoint: 2401 ns, Total: 21002 ns
[170.961s][info ][safepoint      ] Safepoint "Cleanup", Time since last: 1000122621 ns, Reaching safepoint: 10400 ns, Cleanup: 12201 ns, At safepoint: 7401 ns, Total: 30002 ns
[171.961s][info ][safepoint      ] Safepoint "Cleanup", Time since last: 1000123407 ns, Reaching safepoint: 6901 ns, Cleanup: 10101 ns, At safepoint: 7400 ns, Total: 24402 ns
[172.961s][info ][safepoint      ] Safepoint "Cleanup", Time since last: 1000090528 ns, Reaching safepoint: 7500 ns, Cleanup: 13801 ns, At safepoint: 2401 ns, Total: 23702 ns
[173.962s][info ][safepoint      ] Safepoint "Cleanup", Time since last: 1000120029 ns, Reaching safepoint: 6601 ns, Cleanup: 9900 ns, At safepoint: 2301 ns, Total: 18802 ns
[174.962s][info ][safepoint      ] Safepoint "Cleanup", Time since last: 1000117229 ns, Reaching safepoint: 7001 ns, Cleanup: 11801 ns, At safepoint: 2700 ns, Total: 21502 ns
[175.962s][info ][safepoint      ] Safepoint "Cleanup", Time since last: 1000114129 ns, Reaching safepoint: 7001 ns, Cleanup: 11800 ns, At safepoint: 2701 ns, Total: 21502 ns
[176.962s][info ][safepoint      ] Safepoint "Cleanup", Time since last: 1000091127 ns, Reaching safepoint: 7801 ns, Cleanup: 12301 ns, At safepoint: 2100 ns, Total: 22202 ns
[177.962s][info ][safepoint      ] Safepoint "Cleanup", Time since last: 1000120630 ns, Reaching safepoint: 7800 ns, Cleanup: 88706 ns, At safepoint: 5501 ns, Total: 102007 ns
[178.962s][info ][safepoint      ] Safepoint "Cleanup", Time since last: 1000073926 ns, Reaching safepoint: 8301 ns, Cleanup: 72405 ns, At safepoint: 5300 ns, Total: 86006 ns
[179.963s][info ][safepoint      ] Safepoint "Cleanup", Time since last: 1000106998 ns, Reaching safepoint: 6601 ns, Cleanup: 52903 ns, At safepoint: 6600 ns, Total: 66104 ns
[180.454s][info ][gc,start       ] GC(15) Pause Young (Allocation Failure)
[180.464s][debug][gc,phases      ] GC(15) Scavenge 9.436ms
[180.464s][debug][gc,ref         ] GC(15) ReferenceProcessor::execute queues: 1, RefProcThreadModel::Single, marks_oops_alive: false
[180.464s][debug][gc,ref         ] GC(15) Skipped KeepAliveFinalRefsPhase of Reference Processing: no references
[180.464s][debug][gc,ref         ] GC(15) ReferenceProcessor::execute queues: 1, RefProcThreadModel::Single, marks_oops_alive: false
[180.464s][debug][gc,phases      ] GC(15) Reference Processing 0.118ms
[180.464s][debug][gc,phases      ] GC(15)   VM Weak                        Min:  0.0, Avg:  0.0, Max:  0.0, Diff:  0.0, Sum:  0.0, Workers: 4
[180.464s][debug][gc,phases      ] GC(15)     Dead                           Min: 0, Avg:  0.0, Max: 0, Diff: 0, Sum: 0, Workers: 4
[180.464s][debug][gc,phases      ] GC(15)     Total                          Min: 0, Avg: 238.2, Max: 768, Diff: 768, Sum: 953, Workers: 4
[180.464s][debug][gc,phases      ] GC(15)   ObjectSynchronizer Weak        Min:  0.0, Avg:  0.0, Max:  0.0, Diff:  0.0, Sum:  0.0, Workers: 4
[180.464s][debug][gc,phases      ] GC(15)     Dead                           Min: 0, Avg:  0.0, Max: 0, Diff: 0, Sum: 0, Workers: 4
[180.464s][debug][gc,phases      ] GC(15)     Total                          Min: 0, Avg:  0.8, Max: 3, Diff: 3, Sum: 3, Workers: 4
[180.464s][debug][gc,phases      ] GC(15)   JVMTI Tag Weak OopStorage      Min:  0.0, Avg:  0.0, Max:  0.0, Diff:  0.0, Sum:  0.0, Workers: 4
[180.464s][debug][gc,phases      ] GC(15)     Dead                           Min: 0, Avg:  0.0, Max: 0, Diff: 0, Sum: 0, Workers: 4
[180.464s][debug][gc,phases      ] GC(15)     Total                          Min: 0, Avg:  0.0, Max: 0, Diff: 0, Sum: 0, Workers: 4
[180.464s][debug][gc,phases      ] GC(15)   StringTable Weak               Min:  0.0, Avg:  0.1, Max:  0.2, Diff:  0.2, Sum:  0.4, Workers: 4
[180.464s][debug][gc,phases      ] GC(15)     Dead                           Min: 0, Avg:  0.5, Max: 2, Diff: 2, Sum: 2, Workers: 4
[180.464s][debug][gc,phases      ] GC(15)     Total                          Min: 0, Avg: 11943.0, Max: 16448, Diff: 16448, Sum: 47772, Workers: 4
[180.464s][debug][gc,phases      ] GC(15)   ResolvedMethodTable Weak       Min:  0.0, Avg:  0.0, Max:  0.0, Diff:  0.0, Sum:  0.1, Workers: 4
[180.464s][debug][gc,phases      ] GC(15)     Dead                           Min: 0, Avg:  3.2, Max: 12, Diff: 12, Sum: 13, Workers: 4
[180.464s][debug][gc,phases      ] GC(15)     Total                          Min: 0, Avg: 3235.0, Max: 4513, Diff: 4513, Sum: 12940, Workers: 4
[180.464s][debug][gc,phases      ] GC(15)   JNI Weak                       Min:  0.0, Avg:  0.0, Max:  0.0, Diff:  0.0, Sum:  0.0, Workers: 4
[180.464s][debug][gc,phases      ] GC(15)     Dead                           Min: 0, Avg:  0.0, Max: 0, Diff: 0, Sum: 0, Workers: 4
[180.464s][debug][gc,phases      ] GC(15)     Total                          Min: 0, Avg: 12.0, Max: 48, Diff: 48, Sum: 48, Workers: 4
[180.464s][debug][gc,phases      ] GC(15)   StringDedup Table Weak         Min:  0.0, Avg:  0.0, Max:  0.0, Diff:  0.0, Sum:  0.0, Workers: 4
[180.464s][debug][gc,phases      ] GC(15)     Dead                           Min: 0, Avg:  0.0, Max: 0, Diff: 0, Sum: 0, Workers: 4
[180.464s][debug][gc,phases      ] GC(15)     Total                          Min: 0, Avg:  0.0, Max: 0, Diff: 0, Sum: 0, Workers: 4
[180.464s][debug][gc,phases      ] GC(15)   StringDedup Requests0 Weak     Min:  0.0, Avg:  0.0, Max:  0.0, Diff:  0.0, Sum:  0.0, Workers: 4
[180.464s][debug][gc,phases      ] GC(15)     Dead                           Min: 0, Avg:  0.0, Max: 0, Diff: 0, Sum: 0, Workers: 4
[180.464s][debug][gc,phases      ] GC(15)     Total                          Min: 0, Avg:  0.0, Max: 0, Diff: 0, Sum: 0, Workers: 4
[180.464s][debug][gc,phases      ] GC(15)   StringDedup Requests1 Weak     Min:  0.0, Avg:  0.0, Max:  0.0, Diff:  0.0, Sum:  0.0, Workers: 4
[180.464s][debug][gc,phases      ] GC(15)     Dead                           Min: 0, Avg:  0.0, Max: 0, Diff: 0, Sum: 0, Workers: 4
[180.464s][debug][gc,phases      ] GC(15)     Total                          Min: 0, Avg:  0.0, Max: 0, Diff: 0, Sum: 0, Workers: 4
[180.464s][debug][gc,phases      ] GC(15)   Weak JFR Old Object Samples    Min:  0.0, Avg:  0.0, Max:  0.0, Diff:  0.0, Sum:  0.0, Workers: 4
[180.464s][debug][gc,phases      ] GC(15)     Dead                           Min: 0, Avg:  0.0, Max: 0, Diff: 0, Sum: 0, Workers: 4
[180.464s][debug][gc,phases      ] GC(15)     Total                          Min: 0, Avg:  0.0, Max: 0, Diff: 0, Sum: 0, Workers: 4
[180.464s][debug][gc,phases      ] GC(15) Weak Processing 0.462ms
[180.464s][debug][gc,age         ] GC(15) Desired survivor size 290455552 bytes, new threshold 1 (max threshold 15)
[180.464s][info ][gc,heap        ] GC(15) PSYoungGen: 1537913K(1809920K)->6073K(1813504K) Eden: 1522688K(1522688K)->0K(1527808K) From: 15225K(287232K)->6073K(285696K)
[180.464s][info ][gc,heap        ] GC(15) ParOldGen: 262447K(262656K)->273319K(273408K)
[180.464s][info ][gc,metaspace   ] GC(15) Metaspace: 93920K(95168K)->93920K(95168K) NonClass: 80012K(80704K)->80012K(80704K) Class: 13907K(14464K)->13907K(14464K)
[180.464s][info ][gc             ] GC(15) Pause Young (Allocation Failure) 1758M->272M(2038M) 10.162ms
[180.464s][info ][gc,cpu         ] GC(15) User=0.02s Sys=0.01s Real=0.00s
[180.464s][info ][safepoint      ] Safepoint "ParallelGCFailedAllocation", Time since last: 491551901 ns, Reaching safepoint: 7801 ns, Cleanup: 35102 ns, At safepoint: 10255955 ns, Total: 10298858 ns
[181.465s][info ][safepoint      ] Safepoint "Cleanup", Time since last: 1000157392 ns, Reaching safepoint: 6400 ns, Cleanup: 25802 ns, At safepoint: 2000 ns, Total: 34202 ns
[182.465s][info ][safepoint      ] Safepoint "Cleanup", Time since last: 1000121989 ns, Reaching safepoint: 7100 ns, Cleanup: 10401 ns, At safepoint: 2400 ns, Total: 19901 ns
[184.465s][info ][safepoint      ] Safepoint "Cleanup", Time since last: 2000182974 ns, Reaching safepoint: 5701 ns, Cleanup: 14301 ns, At safepoint: 5000 ns, Total: 25002 ns
[185.465s][info ][safepoint      ] Safepoint "Cleanup", Time since last: 1000072286 ns, Reaching safepoint: 6800 ns, Cleanup: 15901 ns, At safepoint: 27002 ns, Total: 49703 ns
[186.465s][info ][safepoint      ] Safepoint "Cleanup", Time since last: 1000103888 ns, Reaching safepoint: 6301 ns, Cleanup: 12900 ns, At safepoint: 2300 ns, Total: 21501 ns
[187.465s][info ][safepoint      ] Safepoint "Cleanup", Time since last: 1000118990 ns, Reaching safepoint: 7600 ns, Cleanup: 21402 ns, At safepoint: 2900 ns, Total: 31902 ns
[188.465s][info ][safepoint      ] Safepoint "Cleanup", Time since last: 1000122406 ns, Reaching safepoint: 8301 ns, Cleanup: 15101 ns, At safepoint: 2900 ns, Total: 26302 ns
[189.466s][info ][safepoint      ] Safepoint "Cleanup", Time since last: 1000122907 ns, Reaching safepoint: 8200 ns, Cleanup: 16601 ns, At safepoint: 2400 ns, Total: 27201 ns
[190.466s][info ][safepoint      ] Safepoint "Cleanup", Time since last: 1000125507 ns, Reaching safepoint: 6900 ns, Cleanup: 11501 ns, At safepoint: 2700 ns, Total: 21101 ns
[191.466s][info ][safepoint      ] Safepoint "Cleanup", Time since last: 1000121207 ns, Reaching safepoint: 6500 ns, Cleanup: 9101 ns, At safepoint: 2200 ns, Total: 17801 ns
[192.466s][info ][safepoint      ] Safepoint "Cleanup", Time since last: 1000114406 ns, Reaching safepoint: 10100 ns, Cleanup: 30802 ns, At safepoint: 3000 ns, Total: 43902 ns
[193.466s][info ][safepoint      ] Safepoint "Cleanup", Time since last: 1000115006 ns, Reaching safepoint: 8101 ns, Cleanup: 24601 ns, At safepoint: 2700 ns, Total: 35402 ns
[194.466s][info ][safepoint      ] Safepoint "Cleanup", Time since last: 1000129215 ns, Reaching safepoint: 5900 ns, Cleanup: 14201 ns, At safepoint: 2000 ns, Total: 22101 ns
[195.466s][info ][safepoint      ] Safepoint "Cleanup", Time since last: 1000114982 ns, Reaching safepoint: 5701 ns, Cleanup: 6700 ns, At safepoint: 1900 ns, Total: 14301 ns
[196.467s][info ][safepoint      ] Safepoint "Cleanup", Time since last: 1000110759 ns, Reaching safepoint: 6800 ns, Cleanup: 17301 ns, At safepoint: 2200 ns, Total: 26301 ns
[197.467s][info ][safepoint      ] Safepoint "Cleanup", Time since last: 1000113959 ns, Reaching safepoint: 7100 ns, Cleanup: 47403 ns, At safepoint: 1900 ns, Total: 56403 ns
[198.467s][info ][safepoint      ] Safepoint "Cleanup", Time since last: 1000124160 ns, Reaching safepoint: 9300 ns, Cleanup: 15301 ns, At safepoint: 2500 ns, Total: 27101 ns
[200.467s][info ][safepoint      ] Safepoint "Cleanup", Time since last: 2000212117 ns, Reaching safepoint: 7301 ns, Cleanup: 39802 ns, At safepoint: 3300 ns, Total: 50403 ns
[201.467s][info ][safepoint      ] Safepoint "Cleanup", Time since last: 1000120859 ns, Reaching safepoint: 5601 ns, Cleanup: 8500 ns, At safepoint: 2000 ns, Total: 16101 ns
[202.467s][info ][safepoint      ] Safepoint "Cleanup", Time since last: 1000105159 ns, Reaching safepoint: 6200 ns, Cleanup: 9200 ns, At safepoint: 2301 ns, Total: 17701 ns
[203.468s][info ][safepoint      ] Safepoint "Cleanup", Time since last: 1000116799 ns, Reaching safepoint: 7300 ns, Cleanup: 13500 ns, At safepoint: 2100 ns, Total: 22900 ns
[204.468s][info ][safepoint      ] Safepoint "Cleanup", Time since last: 1000109022 ns, Reaching safepoint: 6400 ns, Cleanup: 7100 ns, At safepoint: 2200 ns, Total: 15700 ns
[205.468s][info ][safepoint      ] Safepoint "Cleanup", Time since last: 1000115121 ns, Reaching safepoint: 8700 ns, Cleanup: 17100 ns, At safepoint: 2700 ns, Total: 28500 ns
[206.468s][info ][safepoint      ] Safepoint "Cleanup", Time since last: 1000090801 ns, Reaching safepoint: 6401 ns, Cleanup: 10200 ns, At safepoint: 2100 ns, Total: 18701 ns
[209.398s][info ][gc,start       ] GC(16) Pause Young (Allocation Failure)
[209.404s][debug][gc,phases      ] GC(16) Scavenge 5.622ms
[209.404s][debug][gc,ref         ] GC(16) ReferenceProcessor::execute queues: 1, RefProcThreadModel::Single, marks_oops_alive: false
[209.404s][debug][gc,ref         ] GC(16) Skipped KeepAliveFinalRefsPhase of Reference Processing: no references
[209.404s][debug][gc,ref         ] GC(16) ReferenceProcessor::execute queues: 1, RefProcThreadModel::Single, marks_oops_alive: false
[209.404s][debug][gc,phases      ] GC(16) Reference Processing 0.131ms
[209.404s][debug][gc,phases      ] GC(16)   VM Weak                        Min:  0.0, Avg:  0.0, Max:  0.0, Diff:  0.0, Sum:  0.0, Workers: 4
[209.404s][debug][gc,phases      ] GC(16)     Dead                           Min: 0, Avg:  0.0, Max: 0, Diff: 0, Sum: 0, Workers: 4
[209.404s][debug][gc,phases      ] GC(16)     Total                          Min: 0, Avg: 238.2, Max: 576, Diff: 576, Sum: 953, Workers: 4
[209.404s][debug][gc,phases      ] GC(16)   ObjectSynchronizer Weak        Min:  0.0, Avg:  0.0, Max:  0.0, Diff:  0.0, Sum:  0.0, Workers: 4
[209.404s][debug][gc,phases      ] GC(16)     Dead                           Min: 0, Avg:  0.0, Max: 0, Diff: 0, Sum: 0, Workers: 4
[209.404s][debug][gc,phases      ] GC(16)     Total                          Min: 0, Avg:  1.0, Max: 4, Diff: 4, Sum: 4, Workers: 4
[209.404s][debug][gc,phases      ] GC(16)   JVMTI Tag Weak OopStorage      Min:  0.0, Avg:  0.0, Max:  0.0, Diff:  0.0, Sum:  0.0, Workers: 4
[209.404s][debug][gc,phases      ] GC(16)     Dead                           Min: 0, Avg:  0.0, Max: 0, Diff: 0, Sum: 0, Workers: 4
[209.404s][debug][gc,phases      ] GC(16)     Total                          Min: 0, Avg:  0.0, Max: 0, Diff: 0, Sum: 0, Workers: 4
[209.404s][debug][gc,phases      ] GC(16)   StringTable Weak               Min:  0.0, Avg:  0.1, Max:  0.1, Diff:  0.1, Sum:  0.4, Workers: 4
[209.404s][debug][gc,phases      ] GC(16)     Dead                           Min: 0, Avg:  0.0, Max: 0, Diff: 0, Sum: 0, Workers: 4
[209.404s][debug][gc,phases      ] GC(16)     Total                          Min: 0, Avg: 11945.8, Max: 17960, Diff: 17960, Sum: 47783, Workers: 4
[209.404s][debug][gc,phases      ] GC(16)   ResolvedMethodTable Weak       Min:  0.0, Avg:  0.0, Max:  0.0, Diff:  0.0, Sum:  0.1, Workers: 4
[209.404s][debug][gc,phases      ] GC(16)     Dead                           Min: 0, Avg:  0.0, Max: 0, Diff: 0, Sum: 0, Workers: 4
[209.404s][debug][gc,phases      ] GC(16)     Total                          Min: 0, Avg: 3235.5, Max: 4812, Diff: 4812, Sum: 12942, Workers: 4
[209.404s][debug][gc,phases      ] GC(16)   JNI Weak                       Min:  0.0, Avg:  0.0, Max:  0.0, Diff:  0.0, Sum:  0.0, Workers: 4
[209.404s][debug][gc,phases      ] GC(16)     Dead                           Min: 0, Avg:  0.0, Max: 0, Diff: 0, Sum: 0, Workers: 4
[209.404s][debug][gc,phases      ] GC(16)     Total                          Min: 0, Avg: 12.0, Max: 48, Diff: 48, Sum: 48, Workers: 4
[209.404s][debug][gc,phases      ] GC(16)   StringDedup Table Weak         Min:  0.0, Avg:  0.0, Max:  0.0, Diff:  0.0, Sum:  0.0, Workers: 4
[209.404s][debug][gc,phases      ] GC(16)     Dead                           Min: 0, Avg:  0.0, Max: 0, Diff: 0, Sum: 0, Workers: 4
[209.404s][debug][gc,phases      ] GC(16)     Total                          Min: 0, Avg:  0.0, Max: 0, Diff: 0, Sum: 0, Workers: 4
[209.404s][debug][gc,phases      ] GC(16)   StringDedup Requests0 Weak     Min:  0.0, Avg:  0.0, Max:  0.0, Diff:  0.0, Sum:  0.0, Workers: 4
[209.404s][debug][gc,phases      ] GC(16)     Dead                           Min: 0, Avg:  0.0, Max: 0, Diff: 0, Sum: 0, Workers: 4
[209.404s][debug][gc,phases      ] GC(16)     Total                          Min: 0, Avg:  0.0, Max: 0, Diff: 0, Sum: 0, Workers: 4
[209.404s][debug][gc,phases      ] GC(16)   StringDedup Requests1 Weak     Min:  0.0, Avg:  0.0, Max:  0.0, Diff:  0.0, Sum:  0.0, Workers: 4
[209.404s][debug][gc,phases      ] GC(16)     Dead                           Min: 0, Avg:  0.0, Max: 0, Diff: 0, Sum: 0, Workers: 4
[209.404s][debug][gc,phases      ] GC(16)     Total                          Min: 0, Avg:  0.0, Max: 0, Diff: 0, Sum: 0, Workers: 4
[209.404s][debug][gc,phases      ] GC(16)   Weak JFR Old Object Samples    Min:  0.0, Avg:  0.0, Max:  0.0, Diff:  0.0, Sum:  0.0, Workers: 4
[209.404s][debug][gc,phases      ] GC(16)     Dead                           Min: 0, Avg:  0.0, Max: 0, Diff: 0, Sum: 0, Workers: 4
[209.405s][debug][gc,phases      ] GC(16)     Total                          Min: 0, Avg:  0.0, Max: 0, Diff: 0, Sum: 0, Workers: 4
[209.405s][debug][gc,phases      ] GC(16) Weak Processing 0.439ms
[209.405s][debug][gc,age         ] GC(16) Desired survivor size 286261248 bytes, new threshold 1 (max threshold 15)
[209.405s][info ][gc,heap        ] GC(16) PSYoungGen: 1533881K(1813504K)->2720K(1811456K) Eden: 1527808K(1527808K)->0K(1527808K) From: 6073K(285696K)->2720K(283648K)
[209.405s][info ][gc,heap        ] GC(16) ParOldGen: 273319K(273408K)->277844K(278016K)
[209.405s][info ][gc,metaspace   ] GC(16) Metaspace: 93965K(95232K)->93965K(95232K) NonClass: 80057K(80768K)->80057K(80768K) Class: 13908K(14464K)->13908K(14464K)
[209.405s][info ][gc             ] GC(16) Pause Young (Allocation Failure) 1764M->273M(2040M) 6.342ms
[209.405s][info ][gc,cpu         ] GC(16) User=0.02s Sys=0.01s Real=0.00s
[209.405s][info ][safepoint      ] Safepoint "ParallelGCFailedAllocation", Time since last: 2930168509 ns, Reaching safepoint: 18501 ns, Cleanup: 4701 ns, At safepoint: 6427415 ns, Total: 6450617 ns
[210.405s][info ][safepoint      ] Safepoint "Cleanup", Time since last: 1000094882 ns, Reaching safepoint: 5700 ns, Cleanup: 11701 ns, At safepoint: 2300 ns, Total: 19701 ns
[211.405s][info ][safepoint      ] Safepoint "Cleanup", Time since last: 1000113526 ns, Reaching safepoint: 66901 ns, Cleanup: 12800 ns, At safepoint: 14201 ns, Total: 93902 ns
[214.405s][info ][safepoint      ] Safepoint "Cleanup", Time since last: 3000218218 ns, Reaching safepoint: 76705 ns, Cleanup: 10300 ns, At safepoint: 5800 ns, Total: 92805 ns
[218.406s][info ][safepoint      ] Safepoint "Cleanup", Time since last: 4000303835 ns, Reaching safepoint: 5500 ns, Cleanup: 6801 ns, At safepoint: 1900 ns, Total: 14201 ns
[219.406s][info ][safepoint      ] Safepoint "Cleanup", Time since last: 1000120812 ns, Reaching safepoint: 6700 ns, Cleanup: 15201 ns, At safepoint: 3100 ns, Total: 25001 ns
[220.406s][info ][safepoint      ] Safepoint "Cleanup", Time since last: 1000114151 ns, Reaching safepoint: 5600 ns, Cleanup: 8300 ns, At safepoint: 2400 ns, Total: 16300 ns
[222.406s][info ][safepoint      ] Safepoint "Cleanup", Time since last: 2000176599 ns, Reaching safepoint: 6100 ns, Cleanup: 13601 ns, At safepoint: 2300 ns, Total: 22001 ns
[223.406s][info ][safepoint      ] Safepoint "Cleanup", Time since last: 1000128051 ns, Reaching safepoint: 6700 ns, Cleanup: 10100 ns, At safepoint: 2401 ns, Total: 19201 ns
[224.406s][info ][safepoint      ] Safepoint "Cleanup", Time since last: 1000130277 ns, Reaching safepoint: 81604 ns, Cleanup: 12201 ns, At safepoint: 8800 ns, Total: 102605 ns
[226.407s][info ][safepoint      ] Safepoint "Cleanup", Time since last: 2000156093 ns, Reaching safepoint: 5300 ns, Cleanup: 10400 ns, At safepoint: 8001 ns, Total: 23701 ns
[227.407s][info ][safepoint      ] Safepoint "Cleanup", Time since last: 1000103523 ns, Reaching safepoint: 7001 ns, Cleanup: 10200 ns, At safepoint: 2000 ns, Total: 19201 ns
[228.407s][info ][safepoint      ] Safepoint "Cleanup", Time since last: 1000112824 ns, Reaching safepoint: 6101 ns, Cleanup: 7600 ns, At safepoint: 2500 ns, Total: 16201 ns
[229.407s][info ][safepoint      ] Safepoint "Cleanup", Time since last: 1000098024 ns, Reaching safepoint: 6400 ns, Cleanup: 11001 ns, At safepoint: 2100 ns, Total: 19501 ns
[231.407s][info ][safepoint      ] Safepoint "Cleanup", Time since last: 2000174146 ns, Reaching safepoint: 8900 ns, Cleanup: 22101 ns, At safepoint: 2501 ns, Total: 33502 ns
[232.407s][info ][safepoint      ] Safepoint "Cleanup", Time since last: 1000139724 ns, Reaching safepoint: 7200 ns, Cleanup: 9901 ns, At safepoint: 2300 ns, Total: 19401 ns
[233.407s][info ][safepoint      ] Safepoint "Cleanup", Time since last: 1000111768 ns, Reaching safepoint: 6200 ns, Cleanup: 11301 ns, At safepoint: 2300 ns, Total: 19801 ns
[234.408s][info ][safepoint      ] Safepoint "Cleanup", Time since last: 1000114168 ns, Reaching safepoint: 7900 ns, Cleanup: 9701 ns, At safepoint: 2300 ns, Total: 19901 ns
[237.408s][info ][safepoint      ] Safepoint "Cleanup", Time since last: 3000243373 ns, Reaching safepoint: 7400 ns, Cleanup: 10601 ns, At safepoint: 2800 ns, Total: 20801 ns
[238.408s][info ][safepoint      ] Safepoint "Cleanup", Time since last: 1000121999 ns, Reaching safepoint: 91104 ns, Cleanup: 21501 ns, At safepoint: 12201 ns, Total: 124806 ns
[239.408s][info ][safepoint      ] Safepoint "Cleanup", Time since last: 1000149700 ns, Reaching safepoint: 8600 ns, Cleanup: 15101 ns, At safepoint: 6700 ns, Total: 30401 ns
[239.447s][info ][gc,start       ] GC(17) Pause Young (Allocation Failure)
[239.452s][debug][gc,phases      ] GC(17) Scavenge 5.037ms
[239.452s][debug][gc,ref         ] GC(17) ReferenceProcessor::execute queues: 1, RefProcThreadModel::Single, marks_oops_alive: false
[239.452s][debug][gc,ref         ] GC(17) Skipped KeepAliveFinalRefsPhase of Reference Processing: no references
[239.452s][debug][gc,ref         ] GC(17) Skipped PhantomRefsPhase of Reference Processing: no references
[239.452s][debug][gc,phases      ] GC(17) Reference Processing 0.139ms
[239.452s][debug][gc,phases      ] GC(17)   VM Weak                        Min:  0.0, Avg:  0.0, Max:  0.0, Diff:  0.0, Sum:  0.0, Workers: 4
[239.452s][debug][gc,phases      ] GC(17)     Dead                           Min: 0, Avg:  0.0, Max: 0, Diff: 0, Sum: 0, Workers: 4
[239.452s][debug][gc,phases      ] GC(17)     Total                          Min: 0, Avg: 238.2, Max: 505, Diff: 505, Sum: 953, Workers: 4
[239.452s][debug][gc,phases      ] GC(17)   ObjectSynchronizer Weak        Min:  0.0, Avg:  0.0, Max:  0.0, Diff:  0.0, Sum:  0.0, Workers: 4
[239.452s][debug][gc,phases      ] GC(17)     Dead                           Min: 0, Avg:  0.0, Max: 0, Diff: 0, Sum: 0, Workers: 4
[239.452s][debug][gc,phases      ] GC(17)     Total                          Min: 0, Avg:  1.0, Max: 4, Diff: 4, Sum: 4, Workers: 4
[239.452s][debug][gc,phases      ] GC(17)   JVMTI Tag Weak OopStorage      Min:  0.0, Avg:  0.0, Max:  0.0, Diff:  0.0, Sum:  0.0, Workers: 4
[239.452s][debug][gc,phases      ] GC(17)     Dead                           Min: 0, Avg:  0.0, Max: 0, Diff: 0, Sum: 0, Workers: 4
[239.452s][debug][gc,phases      ] GC(17)     Total                          Min: 0, Avg:  0.0, Max: 0, Diff: 0, Sum: 0, Workers: 4
[239.452s][debug][gc,phases      ] GC(17)   StringTable Weak               Min:  0.0, Avg:  0.1, Max:  0.2, Diff:  0.2, Sum:  0.4, Workers: 4
[239.452s][debug][gc,phases      ] GC(17)     Dead                           Min: 0, Avg:  0.0, Max: 0, Diff: 0, Sum: 0, Workers: 4
[239.452s][debug][gc,phases      ] GC(17)     Total                          Min: 0, Avg: 11952.5, Max: 24320, Diff: 24320, Sum: 47810, Workers: 4
[239.452s][debug][gc,phases      ] GC(17)   ResolvedMethodTable Weak       Min:  0.0, Avg:  0.0, Max:  0.1, Diff:  0.1, Sum:  0.1, Workers: 4
[239.452s][debug][gc,phases      ] GC(17)     Dead                           Min: 0, Avg:  0.0, Max: 0, Diff: 0, Sum: 0, Workers: 4
[239.452s][debug][gc,phases      ] GC(17)     Total                          Min: 0, Avg: 3235.5, Max: 7022, Diff: 7022, Sum: 12942, Workers: 4
[239.452s][debug][gc,phases      ] GC(17)   JNI Weak                       Min:  0.0, Avg:  0.0, Max:  0.0, Diff:  0.0, Sum:  0.0, Workers: 4
[239.452s][debug][gc,phases      ] GC(17)     Dead                           Min: 0, Avg:  0.0, Max: 0, Diff: 0, Sum: 0, Workers: 4
[239.452s][debug][gc,phases      ] GC(17)     Total                          Min: 0, Avg: 12.0, Max: 48, Diff: 48, Sum: 48, Workers: 4
[239.452s][debug][gc,phases      ] GC(17)   StringDedup Table Weak         Min:  0.0, Avg:  0.0, Max:  0.0, Diff:  0.0, Sum:  0.0, Workers: 4
[239.452s][debug][gc,phases      ] GC(17)     Dead                           Min: 0, Avg:  0.0, Max: 0, Diff: 0, Sum: 0, Workers: 4
[239.452s][debug][gc,phases      ] GC(17)     Total                          Min: 0, Avg:  0.0, Max: 0, Diff: 0, Sum: 0, Workers: 4
[239.452s][debug][gc,phases      ] GC(17)   StringDedup Requests0 Weak     Min:  0.0, Avg:  0.0, Max:  0.0, Diff:  0.0, Sum:  0.0, Workers: 4
[239.452s][debug][gc,phases      ] GC(17)     Dead                           Min: 0, Avg:  0.0, Max: 0, Diff: 0, Sum: 0, Workers: 4
[239.452s][debug][gc,phases      ] GC(17)     Total                          Min: 0, Avg:  0.0, Max: 0, Diff: 0, Sum: 0, Workers: 4
[239.452s][debug][gc,phases      ] GC(17)   StringDedup Requests1 Weak     Min:  0.0, Avg:  0.0, Max:  0.0, Diff:  0.0, Sum:  0.0, Workers: 4
[239.452s][debug][gc,phases      ] GC(17)     Dead                           Min: 0, Avg:  0.0, Max: 0, Diff: 0, Sum: 0, Workers: 4
[239.452s][debug][gc,phases      ] GC(17)     Total                          Min: 0, Avg:  0.0, Max: 0, Diff: 0, Sum: 0, Workers: 4
[239.452s][debug][gc,phases      ] GC(17)   Weak JFR Old Object Samples    Min:  0.0, Avg:  0.0, Max:  0.0, Diff:  0.0, Sum:  0.0, Workers: 4
[239.452s][debug][gc,phases      ] GC(17)     Dead                           Min: 0, Avg:  0.0, Max: 0, Diff: 0, Sum: 0, Workers: 4
[239.452s][debug][gc,phases      ] GC(17)     Total                          Min: 0, Avg:  0.0, Max: 0, Diff: 0, Sum: 0, Workers: 4
[239.452s][debug][gc,phases      ] GC(17) Weak Processing 0.599ms
[239.452s][debug][gc,age         ] GC(17) Desired survivor size 279969792 bytes, new threshold 1 (max threshold 15)
[239.452s][info ][gc,heap        ] GC(17) PSYoungGen: 1530528K(1811456K)->1488K(1823744K) Eden: 1527808K(1527808K)->0K(1544192K) From: 2720K(283648K)->1488K(279552K)
[239.452s][info ][gc,heap        ] GC(17) ParOldGen: 277844K(278016K)->279236K(279552K)
[239.452s][info ][gc,metaspace   ] GC(17) Metaspace: 94006K(95232K)->94006K(95232K) NonClass: 80098K(80768K)->80098K(80768K) Class: 13908K(14464K)->13908K(14464K)
[239.452s][info ][gc             ] GC(17) Pause Young (Allocation Failure) 1765M->274M(2054M) 5.931ms
[239.453s][info ][gc,cpu         ] GC(17) User=0.01s Sys=0.00s Real=0.00s
[239.453s][info ][safepoint      ] Safepoint "ParallelGCFailedAllocation", Time since last: 38148519 ns, Reaching safepoint: 82504 ns, Cleanup: 5100 ns, At safepoint: 6027604 ns, Total: 6115208 ns
[241.157s][info ][safepoint      ] Safepoint "Cleanup", Time since last: 1704250011 ns, Reaching safepoint: 6900 ns, Cleanup: 12701 ns, At safepoint: 2400 ns, Total: 22001 ns
[243.157s][info ][safepoint      ] Safepoint "Cleanup", Time since last: 2000221024 ns, Reaching safepoint: 86005 ns, Cleanup: 14500 ns, At safepoint: 7201 ns, Total: 107706 ns
[244.157s][info ][safepoint      ] Safepoint "Cleanup", Time since last: 1000151894 ns, Reaching safepoint: 7001 ns, Cleanup: 13700 ns, At safepoint: 2300 ns, Total: 23001 ns
[245.157s][info ][safepoint      ] Safepoint "Cleanup", Time since last: 1000111237 ns, Reaching safepoint: 6800 ns, Cleanup: 17501 ns, At safepoint: 2100 ns, Total: 26401 ns
[246.158s][info ][safepoint      ] Safepoint "Cleanup", Time since last: 1000113237 ns, Reaching safepoint: 8901 ns, Cleanup: 15100 ns, At safepoint: 6600 ns, Total: 30601 ns
[247.158s][info ][safepoint      ] Safepoint "Cleanup", Time since last: 1000258343 ns, Reaching safepoint: 10300 ns, Cleanup: 47402 ns, At safepoint: 6800 ns, Total: 64502 ns
[248.158s][info ][safepoint      ] Safepoint "Cleanup", Time since last: 1000120895 ns, Reaching safepoint: 6000 ns, Cleanup: 40102 ns, At safepoint: 7601 ns, Total: 53703 ns
[249.158s][info ][safepoint      ] Safepoint "Cleanup", Time since last: 1000148978 ns, Reaching safepoint: 6700 ns, Cleanup: 16801 ns, At safepoint: 2000 ns, Total: 25501 ns
[250.158s][info ][safepoint      ] Safepoint "Cleanup", Time since last: 1000124878 ns, Reaching safepoint: 7200 ns, Cleanup: 15701 ns, At safepoint: 2500 ns, Total: 25401 ns
[251.159s][info ][safepoint      ] Safepoint "Cleanup", Time since last: 1000133278 ns, Reaching safepoint: 7700 ns, Cleanup: 19801 ns, At safepoint: 2500 ns, Total: 30001 ns
[252.159s][info ][safepoint      ] Safepoint "Cleanup", Time since last: 1000113875 ns, Reaching safepoint: 7000 ns, Cleanup: 11300 ns, At safepoint: 2201 ns, Total: 20501 ns
[254.159s][info ][safepoint      ] Safepoint "Cleanup", Time since last: 2000169333 ns, Reaching safepoint: 9501 ns, Cleanup: 19001 ns, At safepoint: 2700 ns, Total: 31202 ns
[255.159s][info ][safepoint      ] Safepoint "Cleanup", Time since last: 1000112818 ns, Reaching safepoint: 6300 ns, Cleanup: 13201 ns, At safepoint: 2000 ns, Total: 21501 ns
[256.159s][info ][safepoint      ] Safepoint "Cleanup", Time since last: 1000130219 ns, Reaching safepoint: 7300 ns, Cleanup: 11401 ns, At safepoint: 2300 ns, Total: 21001 ns
[257.159s][info ][safepoint      ] Safepoint "Cleanup", Time since last: 1000127749 ns, Reaching safepoint: 8601 ns, Cleanup: 22301 ns, At safepoint: 3100 ns, Total: 34002 ns
[259.160s][info ][safepoint      ] Safepoint "Cleanup", Time since last: 2000188663 ns, Reaching safepoint: 7501 ns, Cleanup: 18201 ns, At safepoint: 2600 ns, Total: 28302 ns
[260.160s][info ][safepoint      ] Safepoint "Cleanup", Time since last: 1000112102 ns, Reaching safepoint: 6701 ns, Cleanup: 20001 ns, At safepoint: 2700 ns, Total: 29402 ns
[261.160s][info ][safepoint      ] Safepoint "Cleanup", Time since last: 1000128927 ns, Reaching safepoint: 5701 ns, Cleanup: 9500 ns, At safepoint: 2400 ns, Total: 17601 ns
[262.160s][info ][safepoint      ] Safepoint "Cleanup", Time since last: 1000111827 ns, Reaching safepoint: 6901 ns, Cleanup: 10100 ns, At safepoint: 2100 ns, Total: 19101 ns
[263.160s][info ][safepoint      ] Safepoint "Cleanup", Time since last: 1000115027 ns, Reaching safepoint: 6700 ns, Cleanup: 24602 ns, At safepoint: 2900 ns, Total: 34202 ns
[264.160s][info ][safepoint      ] Safepoint "Cleanup", Time since last: 1000111827 ns, Reaching safepoint: 5800 ns, Cleanup: 16301 ns, At safepoint: 2500 ns, Total: 24601 ns
[265.160s][info ][safepoint      ] Safepoint "Cleanup", Time since last: 1000127827 ns, Reaching safepoint: 7901 ns, Cleanup: 17401 ns, At safepoint: 2500 ns, Total: 27802 ns
[266.161s][info ][safepoint      ] Safepoint "Cleanup", Time since last: 1000113446 ns, Reaching safepoint: 6300 ns, Cleanup: 6400 ns, At safepoint: 2300 ns, Total: 15000 ns
[268.161s][info ][safepoint      ] Safepoint "Cleanup", Time since last: 2000204645 ns, Reaching safepoint: 5701 ns, Cleanup: 10800 ns, At safepoint: 2900 ns, Total: 19401 ns
[269.161s][info ][safepoint      ] Safepoint "Cleanup", Time since last: 1000129211 ns, Reaching safepoint: 7301 ns, Cleanup: 15000 ns, At safepoint: 2500 ns, Total: 24801 ns
[269.500s][info ][gc,start       ] GC(18) Pause Young (Allocation Failure)
[269.505s][debug][gc,phases      ] GC(18) Scavenge 5.023ms
[269.505s][debug][gc,ref         ] GC(18) ReferenceProcessor::execute queues: 1, RefProcThreadModel::Single, marks_oops_alive: false
[269.505s][debug][gc,ref         ] GC(18) Skipped KeepAliveFinalRefsPhase of Reference Processing: no references
[269.505s][debug][gc,ref         ] GC(18) Skipped PhantomRefsPhase of Reference Processing: no references
[269.505s][debug][gc,phases      ] GC(18) Reference Processing 0.144ms
[269.505s][debug][gc,phases      ] GC(18)   VM Weak                        Min:  0.0, Avg:  0.0, Max:  0.0, Diff:  0.0, Sum:  0.0, Workers: 4
[269.505s][debug][gc,phases      ] GC(18)     Dead                           Min: 0, Avg:  0.0, Max: 0, Diff: 0, Sum: 0, Workers: 4
[269.505s][debug][gc,phases      ] GC(18)     Total                          Min: 0, Avg: 238.2, Max: 448, Diff: 448, Sum: 953, Workers: 4
[269.505s][debug][gc,phases      ] GC(18)   ObjectSynchronizer Weak        Min:  0.0, Avg:  0.0, Max:  0.0, Diff:  0.0, Sum:  0.0, Workers: 4
[269.505s][debug][gc,phases      ] GC(18)     Dead                           Min: 0, Avg:  0.0, Max: 0, Diff: 0, Sum: 0, Workers: 4
[269.505s][debug][gc,phases      ] GC(18)     Total                          Min: 0, Avg:  1.0, Max: 4, Diff: 4, Sum: 4, Workers: 4
[269.505s][debug][gc,phases      ] GC(18)   JVMTI Tag Weak OopStorage      Min:  0.0, Avg:  0.0, Max:  0.0, Diff:  0.0, Sum:  0.0, Workers: 4
[269.505s][debug][gc,phases      ] GC(18)     Dead                           Min: 0, Avg:  0.0, Max: 0, Diff: 0, Sum: 0, Workers: 4
[269.505s][debug][gc,phases      ] GC(18)     Total                          Min: 0, Avg:  0.0, Max: 0, Diff: 0, Sum: 0, Workers: 4
[269.505s][debug][gc,phases      ] GC(18)   StringTable Weak               Min:  0.0, Avg:  0.1, Max:  0.2, Diff:  0.2, Sum:  0.5, Workers: 4
[269.505s][debug][gc,phases      ] GC(18)     Dead                           Min: 0, Avg:  0.0, Max: 0, Diff: 0, Sum: 0, Workers: 4
[269.505s][debug][gc,phases      ] GC(18)     Total                          Min: 0, Avg: 11956.2, Max: 16896, Diff: 16896, Sum: 47825, Workers: 4
[269.505s][debug][gc,phases      ] GC(18)   ResolvedMethodTable Weak       Min:  0.0, Avg:  0.0, Max:  0.0, Diff:  0.0, Sum:  0.1, Workers: 4
[269.505s][debug][gc,phases      ] GC(18)     Dead                           Min: 0, Avg:  0.0, Max: 0, Diff: 0, Sum: 0, Workers: 4
[269.505s][debug][gc,phases      ] GC(18)     Total                          Min: 0, Avg: 3235.5, Max: 4534, Diff: 4534, Sum: 12942, Workers: 4
[269.505s][debug][gc,phases      ] GC(18)   JNI Weak                       Min:  0.0, Avg:  0.0, Max:  0.0, Diff:  0.0, Sum:  0.0, Workers: 4
[269.505s][debug][gc,phases      ] GC(18)     Dead                           Min: 0, Avg:  0.0, Max: 0, Diff: 0, Sum: 0, Workers: 4
[269.505s][debug][gc,phases      ] GC(18)     Total                          Min: 0, Avg: 12.0, Max: 48, Diff: 48, Sum: 48, Workers: 4
[269.505s][debug][gc,phases      ] GC(18)   StringDedup Table Weak         Min:  0.0, Avg:  0.0, Max:  0.0, Diff:  0.0, Sum:  0.0, Workers: 4
[269.505s][debug][gc,phases      ] GC(18)     Dead                           Min: 0, Avg:  0.0, Max: 0, Diff: 0, Sum: 0, Workers: 4
[269.505s][debug][gc,phases      ] GC(18)     Total                          Min: 0, Avg:  0.0, Max: 0, Diff: 0, Sum: 0, Workers: 4
[269.505s][debug][gc,phases      ] GC(18)   StringDedup Requests0 Weak     Min:  0.0, Avg:  0.0, Max:  0.0, Diff:  0.0, Sum:  0.0, Workers: 4
[269.505s][debug][gc,phases      ] GC(18)     Dead                           Min: 0, Avg:  0.0, Max: 0, Diff: 0, Sum: 0, Workers: 4
[269.505s][debug][gc,phases      ] GC(18)     Total                          Min: 0, Avg:  0.0, Max: 0, Diff: 0, Sum: 0, Workers: 4
[269.505s][debug][gc,phases      ] GC(18)   StringDedup Requests1 Weak     Min:  0.0, Avg:  0.0, Max:  0.0, Diff:  0.0, Sum:  0.0, Workers: 4
[269.505s][debug][gc,phases      ] GC(18)     Dead                           Min: 0, Avg:  0.0, Max: 0, Diff: 0, Sum: 0, Workers: 4
[269.505s][debug][gc,phases      ] GC(18)     Total                          Min: 0, Avg:  0.0, Max: 0, Diff: 0, Sum: 0, Workers: 4
[269.505s][debug][gc,phases      ] GC(18)   Weak JFR Old Object Samples    Min:  0.0, Avg:  0.0, Max:  0.0, Diff:  0.0, Sum:  0.0, Workers: 4
[269.505s][debug][gc,phases      ] GC(18)     Dead                           Min: 0, Avg:  0.0, Max: 0, Diff: 0, Sum: 0, Workers: 4
[269.505s][debug][gc,phases      ] GC(18)     Total                          Min: 0, Avg:  0.0, Max: 0, Diff: 0, Sum: 0, Workers: 4
[269.505s][debug][gc,phases      ] GC(18) Weak Processing 0.469ms
[269.505s][debug][gc,age         ] GC(18) Desired survivor size 272105472 bytes, new threshold 1 (max threshold 15)
[269.505s][info ][gc,heap        ] GC(18) PSYoungGen: 1545680K(1823744K)->1776K(1817600K) Eden: 1544192K(1544192K)->0K(1544192K) From: 1488K(279552K)->1776K(273408K)
[269.505s][info ][gc,heap        ] GC(18) ParOldGen: 279236K(279552K)->279520K(279552K)
[269.505s][info ][gc,metaspace   ] GC(18) Metaspace: 94046K(95296K)->94046K(95296K) NonClass: 80137K(80832K)->80137K(80832K) Class: 13908K(14464K)->13908K(14464K)
[269.505s][info ][gc             ] GC(18) Pause Young (Allocation Failure) 1782M->274M(2048M) 5.784ms
[269.505s][info ][gc,cpu         ] GC(18) User=0.01s Sys=0.00s Real=0.00s
[269.506s][info ][safepoint      ] Safepoint "ParallelGCFailedAllocation", Time since last: 338662733 ns, Reaching safepoint: 7800 ns, Cleanup: 11601 ns, At safepoint: 5875717 ns, Total: 5895118 ns
[270.506s][info ][safepoint      ] Safepoint "Cleanup", Time since last: 1000082410 ns, Reaching safepoint: 6600 ns, Cleanup: 8400 ns, At safepoint: 2301 ns, Total: 17301 ns
[271.506s][info ][safepoint      ] Safepoint "Cleanup", Time since last: 1000094810 ns, Reaching safepoint: 7000 ns, Cleanup: 9700 ns, At safepoint: 2500 ns, Total: 19200 ns
[273.506s][info ][safepoint      ] Safepoint "Cleanup", Time since last: 2000184493 ns, Reaching safepoint: 85704 ns, Cleanup: 10901 ns, At safepoint: 10500 ns, Total: 107105 ns
[275.506s][info ][safepoint      ] Safepoint "Cleanup", Time since last: 2000153519 ns, Reaching safepoint: 8200 ns, Cleanup: 10700 ns, At safepoint: 2200 ns, Total: 21100 ns
[276.506s][info ][safepoint      ] Safepoint "Cleanup", Time since last: 1000101002 ns, Reaching safepoint: 6600 ns, Cleanup: 18201 ns, At safepoint: 1900 ns, Total: 26701 ns
[277.506s][info ][safepoint      ] Safepoint "Cleanup", Time since last: 1000114001 ns, Reaching safepoint: 5400 ns, Cleanup: 15901 ns, At safepoint: 2700 ns, Total: 24001 ns
[278.507s][info ][safepoint      ] Safepoint "Cleanup", Time since last: 1000123602 ns, Reaching safepoint: 7100 ns, Cleanup: 9901 ns, At safepoint: 6200 ns, Total: 23201 ns
[279.507s][info ][safepoint      ] Safepoint "Cleanup", Time since last: 1000116388 ns, Reaching safepoint: 5300 ns, Cleanup: 10901 ns, At safepoint: 2400 ns, Total: 18601 ns
[281.507s][info ][safepoint      ] Safepoint "Cleanup", Time since last: 2000180253 ns, Reaching safepoint: 6600 ns, Cleanup: 8300 ns, At safepoint: 2300 ns, Total: 17200 ns
[284.507s][info ][safepoint      ] Safepoint "Cleanup", Time since last: 3000260914 ns, Reaching safepoint: 6201 ns, Cleanup: 10900 ns, At safepoint: 2000 ns, Total: 19101 ns
[285.507s][info ][safepoint      ] Safepoint "Cleanup", Time since last: 1000114904 ns, Reaching safepoint: 6501 ns, Cleanup: 11400 ns, At safepoint: 2800 ns, Total: 20701 ns
[286.507s][info ][safepoint      ] Safepoint "Cleanup", Time since last: 1000112404 ns, Reaching safepoint: 8201 ns, Cleanup: 8400 ns, At safepoint: 2100 ns, Total: 18701 ns
[287.508s][info ][safepoint      ] Safepoint "Cleanup", Time since last: 1000111704 ns, Reaching safepoint: 5900 ns, Cleanup: 11701 ns, At safepoint: 2200 ns, Total: 19801 ns
[288.508s][info ][safepoint      ] Safepoint "Cleanup", Time since last: 1000115304 ns, Reaching safepoint: 7100 ns, Cleanup: 9101 ns, At safepoint: 2600 ns, Total: 18801 ns
[291.508s][info ][safepoint      ] Safepoint "Cleanup", Time since last: 3000257796 ns, Reaching safepoint: 8500 ns, Cleanup: 12100 ns, At safepoint: 3101 ns, Total: 23701 ns
[292.508s][info ][safepoint      ] Safepoint "Cleanup", Time since last: 1000131089 ns, Reaching safepoint: 6300 ns, Cleanup: 10201 ns, At safepoint: 2300 ns, Total: 18801 ns
[296.508s][info ][safepoint      ] Safepoint "Cleanup", Time since last: 4000255547 ns, Reaching safepoint: 7100 ns, Cleanup: 10300 ns, At safepoint: 2001 ns, Total: 19401 ns
[297.509s][info ][safepoint      ] Safepoint "Cleanup", Time since last: 1000117888 ns, Reaching safepoint: 6201 ns, Cleanup: 12300 ns, At safepoint: 5601 ns, Total: 24102 ns
[298.509s][info ][safepoint      ] Safepoint "Cleanup", Time since last: 1000128989 ns, Reaching safepoint: 5900 ns, Cleanup: 12201 ns, At safepoint: 2200 ns, Total: 20301 ns
[300.056s][info ][gc,start       ] GC(19) Pause Young (Allocation Failure)
[300.059s][debug][gc,phases      ] GC(19) Scavenge 2.981ms
[300.059s][debug][gc,ref         ] GC(19) ReferenceProcessor::execute queues: 1, RefProcThreadModel::Single, marks_oops_alive: false
[300.059s][debug][gc,ref         ] GC(19) Skipped KeepAliveFinalRefsPhase of Reference Processing: no references
[300.059s][debug][gc,ref         ] GC(19) ReferenceProcessor::execute queues: 1, RefProcThreadModel::Single, marks_oops_alive: false
[300.059s][debug][gc,phases      ] GC(19) Reference Processing 0.143ms
[300.060s][debug][gc,phases      ] GC(19)   VM Weak                        Min:  0.0, Avg:  0.0, Max:  0.0, Diff:  0.0, Sum:  0.0, Workers: 4
[300.060s][debug][gc,phases      ] GC(19)     Dead                           Min: 0, Avg:  0.0, Max: 0, Diff: 0, Sum: 0, Workers: 4
[300.060s][debug][gc,phases      ] GC(19)     Total                          Min: 0, Avg: 238.2, Max: 697, Diff: 697, Sum: 953, Workers: 4
[300.060s][debug][gc,phases      ] GC(19)   ObjectSynchronizer Weak        Min:  0.0, Avg:  0.0, Max:  0.0, Diff:  0.0, Sum:  0.0, Workers: 4
[300.060s][debug][gc,phases      ] GC(19)     Dead                           Min: 0, Avg:  0.0, Max: 0, Diff: 0, Sum: 0, Workers: 4
[300.060s][debug][gc,phases      ] GC(19)     Total                          Min: 0, Avg:  1.0, Max: 4, Diff: 4, Sum: 4, Workers: 4
[300.060s][debug][gc,phases      ] GC(19)   JVMTI Tag Weak OopStorage      Min:  0.0, Avg:  0.0, Max:  0.0, Diff:  0.0, Sum:  0.0, Workers: 4
[300.060s][debug][gc,phases      ] GC(19)     Dead                           Min: 0, Avg:  0.0, Max: 0, Diff: 0, Sum: 0, Workers: 4
[300.060s][debug][gc,phases      ] GC(19)     Total                          Min: 0, Avg:  0.0, Max: 0, Diff: 0, Sum: 0, Workers: 4
[300.060s][debug][gc,phases      ] GC(19)   StringTable Weak               Min:  0.0, Avg:  0.1, Max:  0.1, Diff:  0.1, Sum:  0.4, Workers: 4
[300.060s][debug][gc,phases      ] GC(19)     Dead                           Min: 0, Avg:  0.0, Max: 0, Diff: 0, Sum: 0, Workers: 4
[300.060s][debug][gc,phases      ] GC(19)     Total                          Min: 0, Avg: 11959.5, Max: 17152, Diff: 17152, Sum: 47838, Workers: 4
[300.060s][debug][gc,phases      ] GC(19)   ResolvedMethodTable Weak       Min:  0.0, Avg:  0.0, Max:  0.0, Diff:  0.0, Sum:  0.1, Workers: 4
[300.060s][debug][gc,phases      ] GC(19)     Dead                           Min: 0, Avg:  0.0, Max: 0, Diff: 0, Sum: 0, Workers: 4
[300.060s][debug][gc,phases      ] GC(19)     Total                          Min: 0, Avg: 3236.0, Max: 4745, Diff: 4745, Sum: 12944, Workers: 4
[300.060s][debug][gc,phases      ] GC(19)   JNI Weak                       Min:  0.0, Avg:  0.0, Max:  0.0, Diff:  0.0, Sum:  0.0, Workers: 4
[300.060s][debug][gc,phases      ] GC(19)     Dead                           Min: 0, Avg:  0.0, Max: 0, Diff: 0, Sum: 0, Workers: 4
[300.060s][debug][gc,phases      ] GC(19)     Total                          Min: 0, Avg: 12.0, Max: 48, Diff: 48, Sum: 48, Workers: 4
[300.060s][debug][gc,phases      ] GC(19)   StringDedup Table Weak         Min:  0.0, Avg:  0.0, Max:  0.0, Diff:  0.0, Sum:  0.0, Workers: 4
[300.060s][debug][gc,phases      ] GC(19)     Dead                           Min: 0, Avg:  0.0, Max: 0, Diff: 0, Sum: 0, Workers: 4
[300.060s][debug][gc,phases      ] GC(19)     Total                          Min: 0, Avg:  0.0, Max: 0, Diff: 0, Sum: 0, Workers: 4
[300.060s][debug][gc,phases      ] GC(19)   StringDedup Requests0 Weak     Min:  0.0, Avg:  0.0, Max:  0.0, Diff:  0.0, Sum:  0.0, Workers: 4
[300.060s][debug][gc,phases      ] GC(19)     Dead                           Min: 0, Avg:  0.0, Max: 0, Diff: 0, Sum: 0, Workers: 4
[300.060s][debug][gc,phases      ] GC(19)     Total                          Min: 0, Avg:  0.0, Max: 0, Diff: 0, Sum: 0, Workers: 4
[300.060s][debug][gc,phases      ] GC(19)   StringDedup Requests1 Weak     Min:  0.0, Avg:  0.0, Max:  0.0, Diff:  0.0, Sum:  0.0, Workers: 4
[300.060s][debug][gc,phases      ] GC(19)     Dead                           Min: 0, Avg:  0.0, Max: 0, Diff: 0, Sum: 0, Workers: 4
[300.060s][debug][gc,phases      ] GC(19)     Total                          Min: 0, Avg:  0.0, Max: 0, Diff: 0, Sum: 0, Workers: 4
[300.060s][debug][gc,phases      ] GC(19)   Weak JFR Old Object Samples    Min:  0.0, Avg:  0.0, Max:  0.0, Diff:  0.0, Sum:  0.0, Workers: 4
[300.060s][debug][gc,phases      ] GC(19)     Dead                           Min: 0, Avg:  0.0, Max: 0, Diff: 0, Sum: 0, Workers: 4
[300.060s][debug][gc,phases      ] GC(19)     Total                          Min: 0, Avg:  0.0, Max: 0, Diff: 0, Sum: 0, Workers: 4
[300.060s][debug][gc,phases      ] GC(19) Weak Processing 0.421ms
[300.060s][debug][gc,age         ] GC(19) Desired survivor size 263192576 bytes, new threshold 1 (max threshold 15)
[300.060s][info ][gc,heap        ] GC(19) PSYoungGen: 1545826K(1817600K)->1760K(1840128K) Eden: 1544050K(1544192K)->0K(1574400K) From: 1776K(273408K)->1760K(265728K)
[300.060s][info ][gc,heap        ] GC(19) ParOldGen: 279520K(279552K)->280008K(280064K)
[300.060s][info ][gc,metaspace   ] GC(19) Metaspace: 94077K(95296K)->94077K(95296K) NonClass: 80168K(80832K)->80168K(80832K) Class: 13909K(14464K)->13909K(14464K)
[300.060s][info ][gc             ] GC(19) Pause Young (Allocation Failure) 1782M->275M(2070M) 3.693ms
[300.060s][info ][gc,cpu         ] GC(19) User=0.02s Sys=0.00s Real=0.00s
[300.060s][info ][safepoint      ] Safepoint "ParallelGCFailedAllocation", Time since last: 1547285371 ns, Reaching safepoint: 6500 ns, Cleanup: 5000 ns, At safepoint: 3946252 ns, Total: 3957752 ns
[301.181s][info ][safepoint      ] Safepoint "Cleanup", Time since last: 1120789741 ns, Reaching safepoint: 10000 ns, Cleanup: 13901 ns, At safepoint: 2700 ns, Total: 26601 ns
[303.181s][info ][safepoint      ] Safepoint "Cleanup", Time since last: 2000203069 ns, Reaching safepoint: 8301 ns, Cleanup: 12400 ns, At safepoint: 2600 ns, Total: 23301 ns
[305.181s][info ][safepoint      ] Safepoint "Cleanup", Time since last: 2000224170 ns, Reaching safepoint: 10501 ns, Cleanup: 14700 ns, At safepoint: 2800 ns, Total: 28001 ns
[308.182s][info ][safepoint      ] Safepoint "Cleanup", Time since last: 3000296952 ns, Reaching safepoint: 11401 ns, Cleanup: 16900 ns, At safepoint: 2801 ns, Total: 31102 ns
[310.182s][info ][safepoint      ] Safepoint "Cleanup", Time since last: 2000228362 ns, Reaching safepoint: 9500 ns, Cleanup: 26901 ns, At safepoint: 2700 ns, Total: 39101 ns
[311.182s][info ][safepoint      ] Safepoint "Cleanup", Time since last: 1000140233 ns, Reaching safepoint: 10900 ns, Cleanup: 14500 ns, At safepoint: 3001 ns, Total: 28401 ns
[312.182s][info ][safepoint      ] Safepoint "Cleanup", Time since last: 1000131531 ns, Reaching safepoint: 10601 ns, Cleanup: 27901 ns, At safepoint: 3400 ns, Total: 41902 ns
[315.183s][info ][safepoint      ] Safepoint "Cleanup", Time since last: 3000601136 ns, Reaching safepoint: 9701 ns, Cleanup: 14900 ns, At safepoint: 2900 ns, Total: 27501 ns
[316.573s][info ][safepoint      ] Safepoint "Cleanup", Time since last: 1390059421 ns, Reaching safepoint: 15200 ns, Cleanup: 110004 ns, At safepoint: 4700 ns, Total: 129904 ns
[317.573s][info ][safepoint      ] Safepoint "Cleanup", Time since last: 1000123614 ns, Reaching safepoint: 7700 ns, Cleanup: 21401 ns, At safepoint: 2600 ns, Total: 31701 ns
[318.573s][info ][safepoint      ] Safepoint "Cleanup", Time since last: 1000119113 ns, Reaching safepoint: 6801 ns, Cleanup: 16500 ns, At safepoint: 20301 ns, Total: 43602 ns
[319.573s][info ][safepoint      ] Safepoint "Cleanup", Time since last: 1000088513 ns, Reaching safepoint: 8000 ns, Cleanup: 9300 ns, At safepoint: 2300 ns, Total: 19600 ns
[320.574s][info ][safepoint      ] Safepoint "Cleanup", Time since last: 1000128663 ns, Reaching safepoint: 7300 ns, Cleanup: 11200 ns, At safepoint: 2000 ns, Total: 20500 ns
[324.574s][info ][safepoint      ] Safepoint "Cleanup", Time since last: 4000343542 ns, Reaching safepoint: 7801 ns, Cleanup: 20300 ns, At safepoint: 2100 ns, Total: 30201 ns
[326.574s][info ][safepoint      ] Safepoint "Cleanup", Time since last: 2000185412 ns, Reaching safepoint: 6100 ns, Cleanup: 13300 ns, At safepoint: 2100 ns, Total: 21500 ns
[328.574s][info ][safepoint      ] Safepoint "Cleanup", Time since last: 2000183537 ns, Reaching safepoint: 6300 ns, Cleanup: 10400 ns, At safepoint: 2201 ns, Total: 18901 ns
[330.575s][info ][safepoint      ] Safepoint "Cleanup", Time since last: 2000163269 ns, Reaching safepoint: 8600 ns, Cleanup: 9801 ns, At safepoint: 2400 ns, Total: 20801 ns
[332.556s][info ][gc,start       ] GC(20) Pause Young (Allocation Failure)
[332.562s][debug][gc,phases      ] GC(20) Scavenge 6.722ms
[332.563s][debug][gc,ref         ] GC(20) ReferenceProcessor::execute queues: 1, RefProcThreadModel::Single, marks_oops_alive: false
[332.563s][debug][gc,ref         ] GC(20) Skipped KeepAliveFinalRefsPhase of Reference Processing: no references
[332.563s][debug][gc,ref         ] GC(20) ReferenceProcessor::execute queues: 1, RefProcThreadModel::Single, marks_oops_alive: false
[332.563s][debug][gc,phases      ] GC(20) Reference Processing 0.112ms
[332.563s][debug][gc,phases      ] GC(20)   VM Weak                        Min:  0.0, Avg:  0.0, Max:  0.0, Diff:  0.0, Sum:  0.0, Workers: 4
[332.563s][debug][gc,phases      ] GC(20)     Dead                           Min: 0, Avg:  0.0, Max: 0, Diff: 0, Sum: 0, Workers: 4
[332.563s][debug][gc,phases      ] GC(20)     Total                          Min: 0, Avg: 238.5, Max: 704, Diff: 704, Sum: 954, Workers: 4
[332.563s][debug][gc,phases      ] GC(20)   ObjectSynchronizer Weak        Min:  0.0, Avg:  0.0, Max:  0.0, Diff:  0.0, Sum:  0.0, Workers: 4
[332.563s][debug][gc,phases      ] GC(20)     Dead                           Min: 0, Avg:  0.0, Max: 0, Diff: 0, Sum: 0, Workers: 4
[332.563s][debug][gc,phases      ] GC(20)     Total                          Min: 0, Avg:  1.0, Max: 4, Diff: 4, Sum: 4, Workers: 4
[332.563s][debug][gc,phases      ] GC(20)   JVMTI Tag Weak OopStorage      Min:  0.0, Avg:  0.0, Max:  0.0, Diff:  0.0, Sum:  0.0, Workers: 4
[332.563s][debug][gc,phases      ] GC(20)     Dead                           Min: 0, Avg:  0.0, Max: 0, Diff: 0, Sum: 0, Workers: 4
[332.563s][debug][gc,phases      ] GC(20)     Total                          Min: 0, Avg:  0.0, Max: 0, Diff: 0, Sum: 0, Workers: 4
[332.563s][debug][gc,phases      ] GC(20)   StringTable Weak               Min:  0.0, Avg:  0.1, Max:  0.2, Diff:  0.2, Sum:  0.4, Workers: 4
[332.563s][debug][gc,phases      ] GC(20)     Dead                           Min: 0, Avg:  0.5, Max: 1, Diff: 1, Sum: 2, Workers: 4
[332.563s][debug][gc,phases      ] GC(20)     Total                          Min: 0, Avg: 12001.0, Max: 26500, Diff: 26500, Sum: 48004, Workers: 4
[332.563s][debug][gc,phases      ] GC(20)   ResolvedMethodTable Weak       Min:  0.0, Avg:  0.0, Max:  0.1, Diff:  0.1, Sum:  0.1, Workers: 4
[332.563s][debug][gc,phases      ] GC(20)     Dead                           Min: 0, Avg:  2.8, Max: 9, Diff: 9, Sum: 11, Workers: 4
[332.563s][debug][gc,phases      ] GC(20)     Total                          Min: 0, Avg: 3254.5, Max: 7133, Diff: 7133, Sum: 13018, Workers: 4
[332.563s][debug][gc,phases      ] GC(20)   JNI Weak                       Min:  0.0, Avg:  0.0, Max:  0.0, Diff:  0.0, Sum:  0.0, Workers: 4
[332.563s][debug][gc,phases      ] GC(20)     Dead                           Min: 0, Avg:  0.0, Max: 0, Diff: 0, Sum: 0, Workers: 4
[332.563s][debug][gc,phases      ] GC(20)     Total                          Min: 0, Avg: 12.0, Max: 48, Diff: 48, Sum: 48, Workers: 4
[332.563s][debug][gc,phases      ] GC(20)   StringDedup Table Weak         Min:  0.0, Avg:  0.0, Max:  0.0, Diff:  0.0, Sum:  0.0, Workers: 4
[332.563s][debug][gc,phases      ] GC(20)     Dead                           Min: 0, Avg:  0.0, Max: 0, Diff: 0, Sum: 0, Workers: 4
[332.563s][debug][gc,phases      ] GC(20)     Total                          Min: 0, Avg:  0.0, Max: 0, Diff: 0, Sum: 0, Workers: 4
[332.563s][debug][gc,phases      ] GC(20)   StringDedup Requests0 Weak     Min:  0.0, Avg:  0.0, Max:  0.0, Diff:  0.0, Sum:  0.0, Workers: 4
[332.563s][debug][gc,phases      ] GC(20)     Dead                           Min: 0, Avg:  0.0, Max: 0, Diff: 0, Sum: 0, Workers: 4
[332.563s][debug][gc,phases      ] GC(20)     Total                          Min: 0, Avg:  0.0, Max: 0, Diff: 0, Sum: 0, Workers: 4
[332.563s][debug][gc,phases      ] GC(20)   StringDedup Requests1 Weak     Min:  0.0, Avg:  0.0, Max:  0.0, Diff:  0.0, Sum:  0.0, Workers: 4
[332.563s][debug][gc,phases      ] GC(20)     Dead                           Min: 0, Avg:  0.0, Max: 0, Diff: 0, Sum: 0, Workers: 4
[332.563s][debug][gc,phases      ] GC(20)     Total                          Min: 0, Avg:  0.0, Max: 0, Diff: 0, Sum: 0, Workers: 4
[332.563s][debug][gc,phases      ] GC(20)   Weak JFR Old Object Samples    Min:  0.0, Avg:  0.0, Max:  0.0, Diff:  0.0, Sum:  0.0, Workers: 4
[332.563s][debug][gc,phases      ] GC(20)     Dead                           Min: 0, Avg:  0.0, Max: 0, Diff: 0, Sum: 0, Workers: 4
[332.563s][debug][gc,phases      ] GC(20)     Total                          Min: 0, Avg:  0.0, Max: 0, Diff: 0, Sum: 0, Workers: 4
[332.563s][debug][gc,phases      ] GC(20) Weak Processing 0.545ms
[332.563s][debug][gc,age         ] GC(20) Desired survivor size 253231104 bytes, new threshold 1 (max threshold 15)
[332.563s][info ][gc,heap        ] GC(20) PSYoungGen: 1576160K(1840128K)->2576K(1831424K) Eden: 1574400K(1574400K)->0K(1574400K) From: 1760K(265728K)->2576K(257024K)
[332.563s][info ][gc,heap        ] GC(20) ParOldGen: 280008K(280064K)->280608K(281088K)
[332.563s][info ][gc,metaspace   ] GC(20) Metaspace: 94453K(95680K)->94453K(95680K) NonClass: 80501K(81216K)->80501K(81216K) Class: 13951K(14464K)->13951K(14464K)
[332.563s][info ][gc             ] GC(20) Pause Young (Allocation Failure) 1812M->276M(2063M) 7.542ms
[332.563s][info ][gc,cpu         ] GC(20) User=0.01s Sys=0.00s Real=0.00s
[332.563s][info ][safepoint      ] Safepoint "ParallelGCFailedAllocation", Time since last: 1981038850 ns, Reaching safepoint: 8501 ns, Cleanup: 10600 ns, At safepoint: 7636588 ns, Total: 7655689 ns
[335.564s][info ][safepoint      ] Safepoint "Cleanup", Time since last: 3000312411 ns, Reaching safepoint: 8200 ns, Cleanup: 11501 ns, At safepoint: 2900 ns, Total: 22601 ns
[336.564s][info ][safepoint      ] Safepoint "Cleanup", Time since last: 1000127238 ns, Reaching safepoint: 9500 ns, Cleanup: 11001 ns, At safepoint: 2700 ns, Total: 23201 ns
[337.564s][info ][safepoint      ] Safepoint "Cleanup", Time since last: 1000124437 ns, Reaching safepoint: 8001 ns, Cleanup: 13600 ns, At safepoint: 2200 ns, Total: 23801 ns
[338.564s][info ][safepoint      ] Safepoint "Cleanup", Time since last: 1000113638 ns, Reaching safepoint: 6900 ns, Cleanup: 21401 ns, At safepoint: 2100 ns, Total: 30401 ns
[339.564s][info ][safepoint      ] Safepoint "Cleanup", Time since last: 1000113908 ns, Reaching safepoint: 7700 ns, Cleanup: 15500 ns, At safepoint: 2400 ns, Total: 25600 ns
[340.564s][info ][safepoint      ] Safepoint "Cleanup", Time since last: 1000115460 ns, Reaching safepoint: 6100 ns, Cleanup: 7701 ns, At safepoint: 2700 ns, Total: 16501 ns
[341.564s][info ][safepoint      ] Safepoint "Cleanup", Time since last: 1000111859 ns, Reaching safepoint: 7101 ns, Cleanup: 14000 ns, At safepoint: 2400 ns, Total: 23501 ns
[344.565s][info ][safepoint      ] Safepoint "Cleanup", Time since last: 3000285177 ns, Reaching safepoint: 7900 ns, Cleanup: 12201 ns, At safepoint: 2500 ns, Total: 22601 ns
[345.565s][info ][safepoint      ] Safepoint "Cleanup", Time since last: 1000127635 ns, Reaching safepoint: 6100 ns, Cleanup: 11101 ns, At safepoint: 2000 ns, Total: 19201 ns
[347.565s][info ][safepoint      ] Safepoint "Cleanup", Time since last: 2000157315 ns, Reaching safepoint: 6100 ns, Cleanup: 10800 ns, At safepoint: 2101 ns, Total: 19001 ns
[348.565s][info ][safepoint      ] Safepoint "Cleanup", Time since last: 1000131738 ns, Reaching safepoint: 8001 ns, Cleanup: 12000 ns, At safepoint: 2600 ns, Total: 22601 ns
[355.566s][info ][safepoint      ] Safepoint "Cleanup", Time since last: 7000465209 ns, Reaching safepoint: 8300 ns, Cleanup: 15200 ns, At safepoint: 2601 ns, Total: 26101 ns
[357.566s][info ][safepoint      ] Safepoint "Cleanup", Time since last: 2000188153 ns, Reaching safepoint: 6400 ns, Cleanup: 10701 ns, At safepoint: 2100 ns, Total: 19201 ns
[358.566s][info ][safepoint      ] Safepoint "Cleanup", Time since last: 1000112027 ns, Reaching safepoint: 6100 ns, Cleanup: 10301 ns, At safepoint: 2300 ns, Total: 18701 ns
[360.199s][info ][safepoint      ] Safepoint "Cleanup", Time since last: 1632829702 ns, Reaching safepoint: 80003 ns, Cleanup: 8900 ns, At safepoint: 10200 ns, Total: 99103 ns
[361.199s][info ][safepoint      ] Safepoint "Cleanup", Time since last: 1000174767 ns, Reaching safepoint: 78603 ns, Cleanup: 10501 ns, At safepoint: 5800 ns, Total: 94904 ns
[362.200s][info ][safepoint      ] Safepoint "Cleanup", Time since last: 1000126165 ns, Reaching safepoint: 79103 ns, Cleanup: 10600 ns, At safepoint: 7200 ns, Total: 96903 ns
[364.056s][info ][gc,start       ] GC(21) Pause Young (Allocation Failure)
[364.060s][debug][gc,phases      ] GC(21) Scavenge 4.286ms
[364.060s][debug][gc,ref         ] GC(21) ReferenceProcessor::execute queues: 1, RefProcThreadModel::Single, marks_oops_alive: false
[364.060s][debug][gc,ref         ] GC(21) Skipped KeepAliveFinalRefsPhase of Reference Processing: no references
[364.060s][debug][gc,ref         ] GC(21) Skipped PhantomRefsPhase of Reference Processing: no references
[364.060s][debug][gc,phases      ] GC(21) Reference Processing 0.119ms
[364.061s][debug][gc,phases      ] GC(21)   VM Weak                        Min:  0.0, Avg:  0.0, Max:  0.0, Diff:  0.0, Sum:  0.0, Workers: 4
[364.061s][debug][gc,phases      ] GC(21)     Dead                           Min: 0, Avg:  0.0, Max: 0, Diff: 0, Sum: 0, Workers: 4
[364.061s][debug][gc,phases      ] GC(21)     Total                          Min: 0, Avg: 238.5, Max: 832, Diff: 832, Sum: 954, Workers: 4
[364.061s][debug][gc,phases      ] GC(21)   ObjectSynchronizer Weak        Min:  0.0, Avg:  0.0, Max:  0.0, Diff:  0.0, Sum:  0.0, Workers: 4
[364.061s][debug][gc,phases      ] GC(21)     Dead                           Min: 0, Avg:  0.0, Max: 0, Diff: 0, Sum: 0, Workers: 4
[364.061s][debug][gc,phases      ] GC(21)     Total                          Min: 0, Avg:  1.0, Max: 4, Diff: 4, Sum: 4, Workers: 4
[364.061s][debug][gc,phases      ] GC(21)   JVMTI Tag Weak OopStorage      Min:  0.0, Avg:  0.0, Max:  0.0, Diff:  0.0, Sum:  0.0, Workers: 4
[364.061s][debug][gc,phases      ] GC(21)     Dead                           Min: 0, Avg:  0.0, Max: 0, Diff: 0, Sum: 0, Workers: 4
[364.061s][debug][gc,phases      ] GC(21)     Total                          Min: 0, Avg:  0.0, Max: 0, Diff: 0, Sum: 0, Workers: 4
[364.061s][debug][gc,phases      ] GC(21)   StringTable Weak               Min:  0.0, Avg:  0.1, Max:  0.2, Diff:  0.2, Sum:  0.4, Workers: 4
[364.061s][debug][gc,phases      ] GC(21)     Dead                           Min: 0, Avg:  0.0, Max: 0, Diff: 0, Sum: 0, Workers: 4
[364.061s][debug][gc,phases      ] GC(21)     Total                          Min: 0, Avg: 12003.2, Max: 17677, Diff: 17677, Sum: 48013, Workers: 4
[364.061s][debug][gc,phases      ] GC(21)   ResolvedMethodTable Weak       Min:  0.0, Avg:  0.0, Max:  0.0, Diff:  0.0, Sum:  0.1, Workers: 4
[364.061s][debug][gc,phases      ] GC(21)     Dead                           Min: 0, Avg:  0.0, Max: 0, Diff: 0, Sum: 0, Workers: 4
[364.061s][debug][gc,phases      ] GC(21)     Total                          Min: 0, Avg: 3254.5, Max: 4775, Diff: 4775, Sum: 13018, Workers: 4
[364.061s][debug][gc,phases      ] GC(21)   JNI Weak                       Min:  0.0, Avg:  0.0, Max:  0.0, Diff:  0.0, Sum:  0.0, Workers: 4
[364.061s][debug][gc,phases      ] GC(21)     Dead                           Min: 0, Avg:  0.0, Max: 0, Diff: 0, Sum: 0, Workers: 4
[364.061s][debug][gc,phases      ] GC(21)     Total                          Min: 0, Avg: 12.0, Max: 48, Diff: 48, Sum: 48, Workers: 4
[364.061s][debug][gc,phases      ] GC(21)   StringDedup Table Weak         Min:  0.0, Avg:  0.0, Max:  0.0, Diff:  0.0, Sum:  0.0, Workers: 4
[364.061s][debug][gc,phases      ] GC(21)     Dead                           Min: 0, Avg:  0.0, Max: 0, Diff: 0, Sum: 0, Workers: 4
[364.061s][debug][gc,phases      ] GC(21)     Total                          Min: 0, Avg:  0.0, Max: 0, Diff: 0, Sum: 0, Workers: 4
[364.061s][debug][gc,phases      ] GC(21)   StringDedup Requests0 Weak     Min:  0.0, Avg:  0.0, Max:  0.0, Diff:  0.0, Sum:  0.0, Workers: 4
[364.061s][debug][gc,phases      ] GC(21)     Dead                           Min: 0, Avg:  0.0, Max: 0, Diff: 0, Sum: 0, Workers: 4
[364.061s][debug][gc,phases      ] GC(21)     Total                          Min: 0, Avg:  0.0, Max: 0, Diff: 0, Sum: 0, Workers: 4
[364.061s][debug][gc,phases      ] GC(21)   StringDedup Requests1 Weak     Min:  0.0, Avg:  0.0, Max:  0.0, Diff:  0.0, Sum:  0.0, Workers: 4
[364.061s][debug][gc,phases      ] GC(21)     Dead                           Min: 0, Avg:  0.0, Max: 0, Diff: 0, Sum: 0, Workers: 4
[364.061s][debug][gc,phases      ] GC(21)     Total                          Min: 0, Avg:  0.0, Max: 0, Diff: 0, Sum: 0, Workers: 4
[364.061s][debug][gc,phases      ] GC(21)   Weak JFR Old Object Samples    Min:  0.0, Avg:  0.0, Max:  0.0, Diff:  0.0, Sum:  0.0, Workers: 4
[364.061s][debug][gc,phases      ] GC(21)     Dead                           Min: 0, Avg:  0.0, Max: 0, Diff: 0, Sum: 0, Workers: 4
[364.061s][debug][gc,phases      ] GC(21)     Total                          Min: 0, Avg:  0.0, Max: 0, Diff: 0, Sum: 0, Workers: 4
[364.061s][debug][gc,phases      ] GC(21) Weak Processing 0.442ms
[364.061s][debug][gc,age         ] GC(21) Desired survivor size 242745344 bytes, new threshold 1 (max threshold 15)
[364.061s][info ][gc,heap        ] GC(21) PSYoungGen: 1576976K(1831424K)->2048K(1860096K) Eden: 1574400K(1574400K)->0K(1612800K) From: 2576K(257024K)->2048K(247296K)
[364.061s][info ][gc,heap        ] GC(21) ParOldGen: 280608K(281088K)->281320K(281600K)
[364.061s][info ][gc,metaspace   ] GC(21) Metaspace: 94476K(95744K)->94476K(95744K) NonClass: 80524K(81280K)->80524K(81280K) Class: 13951K(14464K)->13951K(14464K)
[364.061s][info ][gc             ] GC(21) Pause Young (Allocation Failure) 1814M->276M(2091M) 5.002ms
[364.061s][info ][gc,cpu         ] GC(21) User=0.01s Sys=0.01s Real=0.00s
[364.061s][info ][safepoint      ] Safepoint "ParallelGCFailedAllocation", Time since last: 1856375400 ns, Reaching safepoint: 6200 ns, Cleanup: 12500 ns, At safepoint: 5082333 ns, Total: 5101033 ns
[365.061s][info ][safepoint      ] Safepoint "Cleanup", Time since last: 1000097149 ns, Reaching safepoint: 6400 ns, Cleanup: 10300 ns, At safepoint: 2000 ns, Total: 18700 ns
[366.061s][info ][safepoint      ] Safepoint "Cleanup", Time since last: 1000126850 ns, Reaching safepoint: 9500 ns, Cleanup: 14601 ns, At safepoint: 3100 ns, Total: 27201 ns
[367.062s][info ][safepoint      ] Safepoint "Cleanup", Time since last: 1000126049 ns, Reaching safepoint: 515314 ns, Cleanup: 13600 ns, At safepoint: 14501 ns, Total: 543415 ns
[368.062s][info ][safepoint      ] Safepoint "Cleanup", Time since last: 1000132750 ns, Reaching safepoint: 7500 ns, Cleanup: 22800 ns, At safepoint: 7201 ns, Total: 37501 ns
[370.062s][info ][safepoint      ] Safepoint "Cleanup", Time since last: 2000188250 ns, Reaching safepoint: 9501 ns, Cleanup: 13800 ns, At safepoint: 2100 ns, Total: 25401 ns
[373.063s][info ][safepoint      ] Safepoint "Cleanup", Time since last: 3000270050 ns, Reaching safepoint: 6400 ns, Cleanup: 9600 ns, At safepoint: 2700 ns, Total: 18700 ns
[375.063s][info ][safepoint      ] Safepoint "Cleanup", Time since last: 2000442462 ns, Reaching safepoint: 8900 ns, Cleanup: 13901 ns, At safepoint: 29101 ns, Total: 51902 ns
[377.063s][info ][safepoint      ] Safepoint "Cleanup", Time since last: 2000196353 ns, Reaching safepoint: 9801 ns, Cleanup: 28400 ns, At safepoint: 2801 ns, Total: 41002 ns
[382.064s][info ][safepoint      ] Safepoint "Cleanup", Time since last: 5000418521 ns, Reaching safepoint: 6500 ns, Cleanup: 11101 ns, At safepoint: 2200 ns, Total: 19801 ns
[383.064s][info ][safepoint      ] Safepoint "Cleanup", Time since last: 1000125443 ns, Reaching safepoint: 8400 ns, Cleanup: 11201 ns, At safepoint: 2700 ns, Total: 22301 ns
[384.064s][info ][safepoint      ] Safepoint "Cleanup", Time since last: 1000110443 ns, Reaching safepoint: 8800 ns, Cleanup: 17501 ns, At safepoint: 3200 ns, Total: 29501 ns
[385.064s][info ][safepoint      ] Safepoint "Cleanup", Time since last: 1000122109 ns, Reaching safepoint: 6700 ns, Cleanup: 10600 ns, At safepoint: 2900 ns, Total: 20200 ns
[387.064s][info ][safepoint      ] Safepoint "Cleanup", Time since last: 2000182334 ns, Reaching safepoint: 8100 ns, Cleanup: 13101 ns, At safepoint: 2800 ns, Total: 24001 ns
[388.065s][info ][safepoint      ] Safepoint "Cleanup", Time since last: 1000146687 ns, Reaching safepoint: 5801 ns, Cleanup: 8500 ns, At safepoint: 2300 ns, Total: 16601 ns
[392.065s][info ][safepoint      ] Safepoint "Cleanup", Time since last: 4000258135 ns, Reaching safepoint: 7101 ns, Cleanup: 13600 ns, At safepoint: 2400 ns, Total: 23101 ns
[393.065s][info ][safepoint      ] Safepoint "Cleanup", Time since last: 1000163294 ns, Reaching safepoint: 6300 ns, Cleanup: 12401 ns, At safepoint: 2600 ns, Total: 21301 ns
[394.065s][info ][safepoint      ] Safepoint "Cleanup", Time since last: 1000119492 ns, Reaching safepoint: 7801 ns, Cleanup: 23000 ns, At safepoint: 2800 ns, Total: 33601 ns
[395.065s][info ][safepoint      ] Safepoint "Cleanup", Time since last: 1000115193 ns, Reaching safepoint: 12200 ns, Cleanup: 25701 ns, At safepoint: 3100 ns, Total: 41001 ns
[396.065s][info ][safepoint      ] Safepoint "Cleanup", Time since last: 1000132570 ns, Reaching safepoint: 8600 ns, Cleanup: 15200 ns, At safepoint: 2200 ns, Total: 26000 ns
[396.143s][info ][gc,start       ] GC(22) Pause Young (Allocation Failure)
[396.150s][debug][gc,phases      ] GC(22) Scavenge 7.535ms
[396.150s][debug][gc,ref         ] GC(22) ReferenceProcessor::execute queues: 1, RefProcThreadModel::Single, marks_oops_alive: false
[396.150s][debug][gc,ref         ] GC(22) Skipped KeepAliveFinalRefsPhase of Reference Processing: no references
[396.150s][debug][gc,ref         ] GC(22) Skipped PhantomRefsPhase of Reference Processing: no references
[396.150s][debug][gc,phases      ] GC(22) Reference Processing 0.183ms
[396.151s][debug][gc,phases      ] GC(22)   VM Weak                        Min:  0.0, Avg:  0.0, Max:  0.0, Diff:  0.0, Sum:  0.0, Workers: 4
[396.151s][debug][gc,phases      ] GC(22)     Dead                           Min: 0, Avg:  0.0, Max: 0, Diff: 0, Sum: 0, Workers: 4
[396.151s][debug][gc,phases      ] GC(22)     Total                          Min: 0, Avg: 238.5, Max: 576, Diff: 576, Sum: 954, Workers: 4
[396.151s][debug][gc,phases      ] GC(22)   ObjectSynchronizer Weak        Min:  0.0, Avg:  0.0, Max:  0.0, Diff:  0.0, Sum:  0.0, Workers: 4
[396.151s][debug][gc,phases      ] GC(22)     Dead                           Min: 0, Avg:  0.0, Max: 0, Diff: 0, Sum: 0, Workers: 4
[396.151s][debug][gc,phases      ] GC(22)     Total                          Min: 0, Avg:  1.0, Max: 4, Diff: 4, Sum: 4, Workers: 4
[396.151s][debug][gc,phases      ] GC(22)   JVMTI Tag Weak OopStorage      Min:  0.0, Avg:  0.0, Max:  0.0, Diff:  0.0, Sum:  0.0, Workers: 4
[396.151s][debug][gc,phases      ] GC(22)     Dead                           Min: 0, Avg:  0.0, Max: 0, Diff: 0, Sum: 0, Workers: 4
[396.151s][debug][gc,phases      ] GC(22)     Total                          Min: 0, Avg:  0.0, Max: 0, Diff: 0, Sum: 0, Workers: 4
[396.151s][debug][gc,phases      ] GC(22)   StringTable Weak               Min:  0.0, Avg:  0.1, Max:  0.2, Diff:  0.2, Sum:  0.5, Workers: 4
[396.151s][debug][gc,phases      ] GC(22)     Dead                           Min: 0, Avg:  0.0, Max: 0, Diff: 0, Sum: 0, Workers: 4
[396.151s][debug][gc,phases      ] GC(22)     Total                          Min: 0, Avg: 12004.2, Max: 24849, Diff: 24849, Sum: 48017, Workers: 4
[396.151s][debug][gc,phases      ] GC(22)   ResolvedMethodTable Weak       Min:  0.0, Avg:  0.0, Max:  0.1, Diff:  0.1, Sum:  0.1, Workers: 4
[396.151s][debug][gc,phases      ] GC(22)     Dead                           Min: 0, Avg:  0.0, Max: 0, Diff: 0, Sum: 0, Workers: 4
[396.151s][debug][gc,phases      ] GC(22)     Total                          Min: 0, Avg: 3254.5, Max: 6569, Diff: 6569, Sum: 13018, Workers: 4
[396.151s][debug][gc,phases      ] GC(22)   JNI Weak                       Min:  0.0, Avg:  0.0, Max:  0.0, Diff:  0.0, Sum:  0.0, Workers: 4
[396.151s][debug][gc,phases      ] GC(22)     Dead                           Min: 0, Avg:  0.0, Max: 0, Diff: 0, Sum: 0, Workers: 4
[396.151s][debug][gc,phases      ] GC(22)     Total                          Min: 0, Avg: 12.0, Max: 48, Diff: 48, Sum: 48, Workers: 4
[396.151s][debug][gc,phases      ] GC(22)   StringDedup Table Weak         Min:  0.0, Avg:  0.0, Max:  0.0, Diff:  0.0, Sum:  0.0, Workers: 4
[396.151s][debug][gc,phases      ] GC(22)     Dead                           Min: 0, Avg:  0.0, Max: 0, Diff: 0, Sum: 0, Workers: 4
[396.151s][debug][gc,phases      ] GC(22)     Total                          Min: 0, Avg:  0.0, Max: 0, Diff: 0, Sum: 0, Workers: 4
[396.151s][debug][gc,phases      ] GC(22)   StringDedup Requests0 Weak     Min:  0.0, Avg:  0.0, Max:  0.0, Diff:  0.0, Sum:  0.0, Workers: 4
[396.151s][debug][gc,phases      ] GC(22)     Dead                           Min: 0, Avg:  0.0, Max: 0, Diff: 0, Sum: 0, Workers: 4
[396.151s][debug][gc,phases      ] GC(22)     Total                          Min: 0, Avg:  0.0, Max: 0, Diff: 0, Sum: 0, Workers: 4
[396.151s][debug][gc,phases      ] GC(22)   StringDedup Requests1 Weak     Min:  0.0, Avg:  0.0, Max:  0.0, Diff:  0.0, Sum:  0.0, Workers: 4
[396.151s][debug][gc,phases      ] GC(22)     Dead                           Min: 0, Avg:  0.0, Max: 0, Diff: 0, Sum: 0, Workers: 4
[396.151s][debug][gc,phases      ] GC(22)     Total                          Min: 0, Avg:  0.0, Max: 0, Diff: 0, Sum: 0, Workers: 4
[396.151s][debug][gc,phases      ] GC(22)   Weak JFR Old Object Samples    Min:  0.0, Avg:  0.0, Max:  0.0, Diff:  0.0, Sum:  0.0, Workers: 4
[396.151s][debug][gc,phases      ] GC(22)     Dead                           Min: 0, Avg:  0.0, Max: 0, Diff: 0, Sum: 0, Workers: 4
[396.151s][debug][gc,phases      ] GC(22)     Total                          Min: 0, Avg:  0.0, Max: 0, Diff: 0, Sum: 0, Workers: 4
[396.151s][debug][gc,phases      ] GC(22) Weak Processing 0.599ms
[396.151s][debug][gc,age         ] GC(22) Desired survivor size 231735296 bytes, new threshold 1 (max threshold 15)
[396.151s][info ][gc,heap        ] GC(22) PSYoungGen: 1614848K(1860096K)->2272K(1849856K) Eden: 1612800K(1612800K)->0K(1612800K) From: 2048K(247296K)->2272K(237056K)
[396.151s][info ][gc,heap        ] GC(22) ParOldGen: 281320K(281600K)->281764K(282112K)
[396.151s][info ][gc,metaspace   ] GC(22) Metaspace: 94498K(95744K)->94498K(95744K) NonClass: 80547K(81280K)->80547K(81280K) Class: 13951K(14464K)->13951K(14464K)
[396.151s][info ][gc             ] GC(22) Pause Young (Allocation Failure) 1851M->277M(2082M) 8.476ms
[396.151s][info ][gc,cpu         ] GC(22) User=0.02s Sys=0.00s Real=0.01s
[396.151s][info ][safepoint      ] Safepoint "ParallelGCFailedAllocation", Time since last: 77016752 ns, Reaching safepoint: 81903 ns, Cleanup: 4200 ns, At safepoint: 8614541 ns, Total: 8700644 ns
[397.151s][info ][safepoint      ] Safepoint "Cleanup", Time since last: 1000099043 ns, Reaching safepoint: 84302 ns, Cleanup: 20601 ns, At safepoint: 9800 ns, Total: 114703 ns
[398.152s][info ][safepoint      ] Safepoint "Cleanup", Time since last: 1000143845 ns, Reaching safepoint: 86202 ns, Cleanup: 16601 ns, At safepoint: 10500 ns, Total: 113303 ns
[400.152s][info ][safepoint      ] Safepoint "Cleanup", Time since last: 2000223888 ns, Reaching safepoint: 82002 ns, Cleanup: 18801 ns, At safepoint: 6900 ns, Total: 107703 ns
[402.152s][info ][safepoint      ] Safepoint "Cleanup", Time since last: 2000202818 ns, Reaching safepoint: 77702 ns, Cleanup: 13200 ns, At safepoint: 7501 ns, Total: 98403 ns
[405.153s][info ][safepoint      ] Safepoint "Cleanup", Time since last: 3000288132 ns, Reaching safepoint: 82502 ns, Cleanup: 19501 ns, At safepoint: 7600 ns, Total: 109603 ns
[406.153s][info ][safepoint      ] Safepoint "Cleanup", Time since last: 1000143676 ns, Reaching safepoint: 87902 ns, Cleanup: 25701 ns, At safepoint: 36801 ns, Total: 150404 ns
[407.153s][info ][safepoint      ] Safepoint "Cleanup", Time since last: 1000139876 ns, Reaching safepoint: 87602 ns, Cleanup: 15601 ns, At safepoint: 8700 ns, Total: 111903 ns
[408.154s][info ][safepoint      ] Safepoint "Cleanup", Time since last: 1000154576 ns, Reaching safepoint: 88602 ns, Cleanup: 26101 ns, At safepoint: 5100 ns, Total: 119803 ns
[409.154s][info ][safepoint      ] Safepoint "Cleanup", Time since last: 1000143325 ns, Reaching safepoint: 84702 ns, Cleanup: 18501 ns, At safepoint: 8200 ns, Total: 111403 ns
[410.154s][info ][safepoint      ] Safepoint "Cleanup", Time since last: 1000135899 ns, Reaching safepoint: 79802 ns, Cleanup: 17501 ns, At safepoint: 6600 ns, Total: 103903 ns
[412.154s][info ][safepoint      ] Safepoint "Cleanup", Time since last: 2000258718 ns, Reaching safepoint: 8500 ns, Cleanup: 11100 ns, At safepoint: 17601 ns, Total: 37201 ns
[413.155s][info ][safepoint      ] Safepoint "Cleanup", Time since last: 1000129258 ns, Reaching safepoint: 82203 ns, Cleanup: 12100 ns, At safepoint: 6600 ns, Total: 100903 ns
[417.155s][info ][safepoint      ] Safepoint "Cleanup", Time since last: 4000346629 ns, Reaching safepoint: 8501 ns, Cleanup: 15700 ns, At safepoint: 9200 ns, Total: 33401 ns
[423.225s][info ][safepoint      ] Safepoint "Cleanup", Time since last: 6070044002 ns, Reaching safepoint: 6400 ns, Cleanup: 8801 ns, At safepoint: 2300 ns, Total: 17501 ns
[425.225s][info ][safepoint      ] Safepoint "Cleanup", Time since last: 2000193711 ns, Reaching safepoint: 9000 ns, Cleanup: 18801 ns, At safepoint: 3100 ns, Total: 30901 ns
[426.225s][info ][safepoint      ] Safepoint "Cleanup", Time since last: 1000136166 ns, Reaching safepoint: 7900 ns, Cleanup: 17200 ns, At safepoint: 2900 ns, Total: 28000 ns
[428.226s][info ][safepoint      ] Safepoint "Cleanup", Time since last: 2000232933 ns, Reaching safepoint: 8401 ns, Cleanup: 12800 ns, At safepoint: 2700 ns, Total: 23901 ns
[429.548s][info ][gc,start       ] GC(23) Pause Young (Allocation Failure)
[429.553s][debug][gc,phases      ] GC(23) Scavenge 4.673ms
[429.553s][debug][gc,ref         ] GC(23) ReferenceProcessor::execute queues: 1, RefProcThreadModel::Single, marks_oops_alive: false
[429.553s][debug][gc,ref         ] GC(23) Skipped KeepAliveFinalRefsPhase of Reference Processing: no references
[429.553s][debug][gc,ref         ] GC(23) Skipped PhantomRefsPhase of Reference Processing: no references
[429.553s][debug][gc,phases      ] GC(23) Reference Processing 0.155ms
[429.554s][debug][gc,phases      ] GC(23)   VM Weak                        Min:  0.0, Avg:  0.0, Max:  0.0, Diff:  0.0, Sum:  0.0, Workers: 4
[429.554s][debug][gc,phases      ] GC(23)     Dead                           Min: 0, Avg:  0.0, Max: 0, Diff: 0, Sum: 0, Workers: 4
[429.554s][debug][gc,phases      ] GC(23)     Total                          Min: 0, Avg: 238.5, Max: 570, Diff: 570, Sum: 954, Workers: 4
[429.554s][debug][gc,phases      ] GC(23)   ObjectSynchronizer Weak        Min:  0.0, Avg:  0.0, Max:  0.0, Diff:  0.0, Sum:  0.0, Workers: 4
[429.554s][debug][gc,phases      ] GC(23)     Dead                           Min: 0, Avg:  0.0, Max: 0, Diff: 0, Sum: 0, Workers: 4
[429.554s][debug][gc,phases      ] GC(23)     Total                          Min: 0, Avg:  1.0, Max: 4, Diff: 4, Sum: 4, Workers: 4
[429.554s][debug][gc,phases      ] GC(23)   JVMTI Tag Weak OopStorage      Min:  0.0, Avg:  0.0, Max:  0.0, Diff:  0.0, Sum:  0.0, Workers: 4
[429.554s][debug][gc,phases      ] GC(23)     Dead                           Min: 0, Avg:  0.0, Max: 0, Diff: 0, Sum: 0, Workers: 4
[429.554s][debug][gc,phases      ] GC(23)     Total                          Min: 0, Avg:  0.0, Max: 0, Diff: 0, Sum: 0, Workers: 4
[429.554s][debug][gc,phases      ] GC(23)   StringTable Weak               Min:  0.0, Avg:  0.1, Max:  0.3, Diff:  0.3, Sum:  0.5, Workers: 4
[429.554s][debug][gc,phases      ] GC(23)     Dead                           Min: 0, Avg:  0.0, Max: 0, Diff: 0, Sum: 0, Workers: 4
[429.554s][debug][gc,phases      ] GC(23)     Total                          Min: 0, Avg: 12007.5, Max: 26782, Diff: 26782, Sum: 48030, Workers: 4
[429.554s][debug][gc,phases      ] GC(23)   ResolvedMethodTable Weak       Min:  0.0, Avg:  0.1, Max:  0.1, Diff:  0.1, Sum:  0.2, Workers: 4
[429.554s][debug][gc,phases      ] GC(23)     Dead                           Min: 0, Avg:  0.0, Max: 0, Diff: 0, Sum: 0, Workers: 4
[429.554s][debug][gc,phases      ] GC(23)     Total                          Min: 0, Avg: 3254.5, Max: 9918, Diff: 9918, Sum: 13018, Workers: 4
[429.554s][debug][gc,phases      ] GC(23)   JNI Weak                       Min:  0.0, Avg:  0.0, Max:  0.0, Diff:  0.0, Sum:  0.0, Workers: 4
[429.554s][debug][gc,phases      ] GC(23)     Dead                           Min: 0, Avg:  0.0, Max: 0, Diff: 0, Sum: 0, Workers: 4
[429.554s][debug][gc,phases      ] GC(23)     Total                          Min: 0, Avg: 12.0, Max: 48, Diff: 48, Sum: 48, Workers: 4
[429.554s][debug][gc,phases      ] GC(23)   StringDedup Table Weak         Min:  0.0, Avg:  0.0, Max:  0.0, Diff:  0.0, Sum:  0.0, Workers: 4
[429.554s][debug][gc,phases      ] GC(23)     Dead                           Min: 0, Avg:  0.0, Max: 0, Diff: 0, Sum: 0, Workers: 4
[429.554s][debug][gc,phases      ] GC(23)     Total                          Min: 0, Avg:  0.0, Max: 0, Diff: 0, Sum: 0, Workers: 4
[429.554s][debug][gc,phases      ] GC(23)   StringDedup Requests0 Weak     Min:  0.0, Avg:  0.0, Max:  0.0, Diff:  0.0, Sum:  0.0, Workers: 4
[429.554s][debug][gc,phases      ] GC(23)     Dead                           Min: 0, Avg:  0.0, Max: 0, Diff: 0, Sum: 0, Workers: 4
[429.554s][debug][gc,phases      ] GC(23)     Total                          Min: 0, Avg:  0.0, Max: 0, Diff: 0, Sum: 0, Workers: 4
[429.554s][debug][gc,phases      ] GC(23)   StringDedup Requests1 Weak     Min:  0.0, Avg:  0.0, Max:  0.0, Diff:  0.0, Sum:  0.0, Workers: 4
[429.554s][debug][gc,phases      ] GC(23)     Dead                           Min: 0, Avg:  0.0, Max: 0, Diff: 0, Sum: 0, Workers: 4
[429.554s][debug][gc,phases      ] GC(23)     Total                          Min: 0, Avg:  0.0, Max: 0, Diff: 0, Sum: 0, Workers: 4
[429.554s][debug][gc,phases      ] GC(23)   Weak JFR Old Object Samples    Min:  0.0, Avg:  0.0, Max:  0.0, Diff:  0.0, Sum:  0.0, Workers: 4
[429.554s][debug][gc,phases      ] GC(23)     Dead                           Min: 0, Avg:  0.0, Max: 0, Diff: 0, Sum: 0, Workers: 4
[429.554s][debug][gc,phases      ] GC(23)     Total                          Min: 0, Avg:  0.0, Max: 0, Diff: 0, Sum: 0, Workers: 4
[429.554s][debug][gc,phases      ] GC(23) Weak Processing 0.699ms
[429.554s][debug][gc,age         ] GC(23) Desired survivor size 220725248 bytes, new threshold 1 (max threshold 15)
[429.554s][info ][gc,heap        ] GC(23) PSYoungGen: 1615072K(1849856K)->2336K(1881600K) Eden: 1612800K(1612800K)->0K(1655296K) From: 2272K(237056K)->2336K(226304K)
[429.554s][info ][gc,heap        ] GC(23) ParOldGen: 281764K(282112K)->282368K(282624K)
[429.554s][info ][gc,metaspace   ] GC(23) Metaspace: 94526K(95744K)->94526K(95744K) NonClass: 80574K(81280K)->80574K(81280K) Class: 13951K(14464K)->13951K(14464K)
[429.554s][info ][gc             ] GC(23) Pause Young (Allocation Failure) 1852M->278M(2113M) 5.687ms
[429.554s][info ][gc,cpu         ] GC(23) User=0.02s Sys=0.00s Real=0.00s
[429.554s][info ][safepoint      ] Safepoint "ParallelGCFailedAllocation", Time since last: 1322650326 ns, Reaching safepoint: 7200 ns, Cleanup: 5001 ns, At safepoint: 5802233 ns, Total: 5814434 ns
[430.554s][info ][safepoint      ] Safepoint "Cleanup", Time since last: 1000089530 ns, Reaching safepoint: 86802 ns, Cleanup: 14800 ns, At safepoint: 11401 ns, Total: 113003 ns
[436.555s][info ][safepoint      ] Safepoint "Cleanup", Time since last: 6000510541 ns, Reaching safepoint: 87202 ns, Cleanup: 16201 ns, At safepoint: 38701 ns, Total: 142104 ns
[438.555s][info ][safepoint      ] Safepoint "Cleanup", Time since last: 2000201461 ns, Reaching safepoint: 7301 ns, Cleanup: 11100 ns, At safepoint: 2600 ns, Total: 21001 ns
[440.555s][info ][safepoint      ] Safepoint "Cleanup", Time since last: 2000199261 ns, Reaching safepoint: 77802 ns, Cleanup: 9701 ns, At safepoint: 7000 ns, Total: 94503 ns
[441.556s][info ][safepoint      ] Safepoint "Cleanup", Time since last: 1000124231 ns, Reaching safepoint: 80502 ns, Cleanup: 10901 ns, At safepoint: 8700 ns, Total: 100103 ns
[442.556s][info ][safepoint      ] Safepoint "Cleanup", Time since last: 1000122831 ns, Reaching safepoint: 82002 ns, Cleanup: 11201 ns, At safepoint: 9500 ns, Total: 102703 ns
[444.556s][info ][safepoint      ] Safepoint "Cleanup", Time since last: 2000213656 ns, Reaching safepoint: 6100 ns, Cleanup: 11800 ns, At safepoint: 2300 ns, Total: 20200 ns
[446.556s][info ][safepoint      ] Safepoint "Cleanup", Time since last: 2000154766 ns, Reaching safepoint: 6200 ns, Cleanup: 12601 ns, At safepoint: 2300 ns, Total: 21101 ns
[448.557s][info ][safepoint      ] Safepoint "Cleanup", Time since last: 2000187283 ns, Reaching safepoint: 7700 ns, Cleanup: 11901 ns, At safepoint: 2700 ns, Total: 22301 ns
[450.557s][info ][safepoint      ] Safepoint "Cleanup", Time since last: 2000189854 ns, Reaching safepoint: 5800 ns, Cleanup: 9300 ns, At safepoint: 2301 ns, Total: 17401 ns
[454.557s][info ][safepoint      ] Safepoint "Cleanup", Time since last: 4000309406 ns, Reaching safepoint: 7100 ns, Cleanup: 15401 ns, At safepoint: 3400 ns, Total: 25901 ns
[457.557s][info ][safepoint      ] Safepoint "Cleanup", Time since last: 3000280979 ns, Reaching safepoint: 83302 ns, Cleanup: 10701 ns, At safepoint: 7000 ns, Total: 101003 ns
[458.558s][info ][safepoint      ] Safepoint "Cleanup", Time since last: 1000135174 ns, Reaching safepoint: 83702 ns, Cleanup: 13500 ns, At safepoint: 11900 ns, Total: 109102 ns
[459.558s][info ][safepoint      ] Safepoint "Cleanup", Time since last: 1000126721 ns, Reaching safepoint: 6501 ns, Cleanup: 13000 ns, At safepoint: 2100 ns, Total: 21601 ns
[460.509s][info ][gc,start       ] GC(24) Pause Young (Allocation Failure)
[460.514s][debug][gc,phases      ] GC(24) Scavenge 4.836ms
[460.514s][debug][gc,ref         ] GC(24) ReferenceProcessor::execute queues: 1, RefProcThreadModel::Single, marks_oops_alive: false
[460.514s][debug][gc,ref         ] GC(24) Skipped KeepAliveFinalRefsPhase of Reference Processing: no references
[460.514s][debug][gc,ref         ] GC(24) Skipped PhantomRefsPhase of Reference Processing: no references
[460.514s][debug][gc,phases      ] GC(24) Reference Processing 0.115ms
[460.515s][debug][gc,phases      ] GC(24)   VM Weak                        Min:  0.0, Avg:  0.0, Max:  0.0, Diff:  0.0, Sum:  0.0, Workers: 4
[460.515s][debug][gc,phases      ] GC(24)     Dead                           Min: 0, Avg:  0.0, Max: 0, Diff: 0, Sum: 0, Workers: 4
[460.515s][debug][gc,phases      ] GC(24)     Total                          Min: 0, Avg: 238.5, Max: 762, Diff: 762, Sum: 954, Workers: 4
[460.515s][debug][gc,phases      ] GC(24)   ObjectSynchronizer Weak        Min:  0.0, Avg:  0.0, Max:  0.0, Diff:  0.0, Sum:  0.0, Workers: 4
[460.515s][debug][gc,phases      ] GC(24)     Dead                           Min: 0, Avg:  0.0, Max: 0, Diff: 0, Sum: 0, Workers: 4
[460.515s][debug][gc,phases      ] GC(24)     Total                          Min: 0, Avg:  1.0, Max: 4, Diff: 4, Sum: 4, Workers: 4
[460.515s][debug][gc,phases      ] GC(24)   JVMTI Tag Weak OopStorage      Min:  0.0, Avg:  0.0, Max:  0.0, Diff:  0.0, Sum:  0.0, Workers: 4
[460.515s][debug][gc,phases      ] GC(24)     Dead                           Min: 0, Avg:  0.0, Max: 0, Diff: 0, Sum: 0, Workers: 4
[460.515s][debug][gc,phases      ] GC(24)     Total                          Min: 0, Avg:  0.0, Max: 0, Diff: 0, Sum: 0, Workers: 4
[460.515s][debug][gc,phases      ] GC(24)   StringTable Weak               Min:  0.1, Avg:  0.1, Max:  0.1, Diff:  0.0, Sum:  0.4, Workers: 4
[460.515s][debug][gc,phases      ] GC(24)     Dead                           Min: 0, Avg:  0.0, Max: 0, Diff: 0, Sum: 0, Workers: 4
[460.515s][debug][gc,phases      ] GC(24)     Total                          Min: 11456, Avg: 12009.8, Max: 12967, Diff: 1511, Sum: 48039, Workers: 4
[460.515s][debug][gc,phases      ] GC(24)   ResolvedMethodTable Weak       Min:  0.0, Avg:  0.0, Max:  0.0, Diff:  0.0, Sum:  0.1, Workers: 4
[460.515s][debug][gc,phases      ] GC(24)     Dead                           Min: 0, Avg:  0.0, Max: 0, Diff: 0, Sum: 0, Workers: 4
[460.515s][debug][gc,phases      ] GC(24)     Total                          Min: 2654, Avg: 3254.5, Max: 3786, Diff: 1132, Sum: 13018, Workers: 4
[460.515s][debug][gc,phases      ] GC(24)   JNI Weak                       Min:  0.0, Avg:  0.0, Max:  0.0, Diff:  0.0, Sum:  0.0, Workers: 4
[460.515s][debug][gc,phases      ] GC(24)     Dead                           Min: 0, Avg:  0.0, Max: 0, Diff: 0, Sum: 0, Workers: 4
[460.515s][debug][gc,phases      ] GC(24)     Total                          Min: 0, Avg: 12.0, Max: 48, Diff: 48, Sum: 48, Workers: 4
[460.515s][debug][gc,phases      ] GC(24)   StringDedup Table Weak         Min:  0.0, Avg:  0.0, Max:  0.0, Diff:  0.0, Sum:  0.0, Workers: 4
[460.515s][debug][gc,phases      ] GC(24)     Dead                           Min: 0, Avg:  0.0, Max: 0, Diff: 0, Sum: 0, Workers: 4
[460.515s][debug][gc,phases      ] GC(24)     Total                          Min: 0, Avg:  0.0, Max: 0, Diff: 0, Sum: 0, Workers: 4
[460.515s][debug][gc,phases      ] GC(24)   StringDedup Requests0 Weak     Min:  0.0, Avg:  0.0, Max:  0.0, Diff:  0.0, Sum:  0.0, Workers: 4
[460.515s][debug][gc,phases      ] GC(24)     Dead                           Min: 0, Avg:  0.0, Max: 0, Diff: 0, Sum: 0, Workers: 4
[460.515s][debug][gc,phases      ] GC(24)     Total                          Min: 0, Avg:  0.0, Max: 0, Diff: 0, Sum: 0, Workers: 4
[460.515s][debug][gc,phases      ] GC(24)   StringDedup Requests1 Weak     Min:  0.0, Avg:  0.0, Max:  0.0, Diff:  0.0, Sum:  0.0, Workers: 4
[460.515s][debug][gc,phases      ] GC(24)     Dead                           Min: 0, Avg:  0.0, Max: 0, Diff: 0, Sum: 0, Workers: 4
[460.515s][debug][gc,phases      ] GC(24)     Total                          Min: 0, Avg:  0.0, Max: 0, Diff: 0, Sum: 0, Workers: 4
[460.515s][debug][gc,phases      ] GC(24)   Weak JFR Old Object Samples    Min:  0.0, Avg:  0.0, Max:  0.0, Diff:  0.0, Sum:  0.0, Workers: 4
[460.515s][debug][gc,phases      ] GC(24)     Dead                           Min: 0, Avg:  0.0, Max: 0, Diff: 0, Sum: 0, Workers: 4
[460.515s][debug][gc,phases      ] GC(24)     Total                          Min: 0, Avg:  0.0, Max: 0, Diff: 0, Sum: 0, Workers: 4
[460.515s][debug][gc,phases      ] GC(24) Weak Processing 0.383ms
[460.515s][debug][gc,age         ] GC(24) Desired survivor size 209715200 bytes, new threshold 1 (max threshold 15)
[460.515s][info ][gc,heap        ] GC(24) PSYoungGen: 1657514K(1881600K)->1680K(1870848K) Eden: 1655177K(1655296K)->0K(1655296K) From: 2336K(226304K)->1680K(215552K)
[460.515s][info ][gc,heap        ] GC(24) ParOldGen: 282368K(282624K)->283241K(283648K)
[460.515s][info ][gc,metaspace   ] GC(24) Metaspace: 94549K(95808K)->94549K(95808K) NonClass: 80597K(81344K)->80597K(81344K) Class: 13951K(14464K)->13951K(14464K)
[460.515s][info ][gc             ] GC(24) Pause Young (Allocation Failure) 1894M->278M(2104M) 5.489ms
[460.515s][info ][gc,cpu         ] GC(24) User=0.01s Sys=0.01s Real=0.01s
[460.515s][info ][safepoint      ] Safepoint "ParallelGCFailedAllocation", Time since last: 951434723 ns, Reaching safepoint: 6100 ns, Cleanup: 5500 ns, At safepoint: 5570727 ns, Total: 5582327 ns
[461.515s][info ][safepoint      ] Safepoint "Cleanup", Time since last: 1000040127 ns, Reaching safepoint: 6900 ns, Cleanup: 11000 ns, At safepoint: 2500 ns, Total: 20400 ns
[462.515s][info ][safepoint      ] Safepoint "Cleanup", Time since last: 1000116530 ns, Reaching safepoint: 6000 ns, Cleanup: 12500 ns, At safepoint: 2000 ns, Total: 20500 ns
[463.515s][info ][safepoint      ] Safepoint "Cleanup", Time since last: 1000114129 ns, Reaching safepoint: 8200 ns, Cleanup: 28901 ns, At safepoint: 2400 ns, Total: 39501 ns
[464.515s][info ][safepoint      ] Safepoint "Cleanup", Time since last: 1000118029 ns, Reaching safepoint: 6600 ns, Cleanup: 11500 ns, At safepoint: 2701 ns, Total: 20801 ns
[466.516s][info ][safepoint      ] Safepoint "Cleanup", Time since last: 2000186936 ns, Reaching safepoint: 80002 ns, Cleanup: 12401 ns, At safepoint: 5700 ns, Total: 98103 ns
[467.516s][info ][safepoint      ] Safepoint "Cleanup", Time since last: 1000118136 ns, Reaching safepoint: 6500 ns, Cleanup: 20700 ns, At safepoint: 37001 ns, Total: 64201 ns
[469.516s][info ][safepoint      ] Safepoint "Cleanup", Time since last: 2000147877 ns, Reaching safepoint: 7400 ns, Cleanup: 9800 ns, At safepoint: 2400 ns, Total: 19600 ns
[470.516s][info ][safepoint      ] Safepoint "Cleanup", Time since last: 1000114890 ns, Reaching safepoint: 7200 ns, Cleanup: 14600 ns, At safepoint: 2500 ns, Total: 24300 ns
[471.516s][info ][safepoint      ] Safepoint "Cleanup", Time since last: 1000133690 ns, Reaching safepoint: 82802 ns, Cleanup: 13400 ns, At safepoint: 7300 ns, Total: 103502 ns
[472.516s][info ][safepoint      ] Safepoint "Cleanup", Time since last: 1000080789 ns, Reaching safepoint: 7500 ns, Cleanup: 21700 ns, At safepoint: 2300 ns, Total: 31500 ns
[473.517s][info ][safepoint      ] Safepoint "Cleanup", Time since last: 1000130278 ns, Reaching safepoint: 8800 ns, Cleanup: 17501 ns, At safepoint: 2500 ns, Total: 28801 ns
[474.517s][info ][safepoint      ] Safepoint "Cleanup", Time since last: 1000113547 ns, Reaching safepoint: 8000 ns, Cleanup: 16700 ns, At safepoint: 2600 ns, Total: 27300 ns
[475.517s][info ][safepoint      ] Safepoint "Cleanup", Time since last: 1000122230 ns, Reaching safepoint: 10000 ns, Cleanup: 17700 ns, At safepoint: 2900 ns, Total: 30600 ns
[476.517s][info ][safepoint      ] Safepoint "Cleanup", Time since last: 1000118174 ns, Reaching safepoint: 7700 ns, Cleanup: 11701 ns, At safepoint: 2500 ns, Total: 21901 ns
[483.246s][info ][safepoint      ] Safepoint "Cleanup", Time since last: 6728407086 ns, Reaching safepoint: 86202 ns, Cleanup: 13800 ns, At safepoint: 39301 ns, Total: 139303 ns
[485.246s][info ][safepoint      ] Safepoint "Cleanup", Time since last: 2000196384 ns, Reaching safepoint: 86301 ns, Cleanup: 11500 ns, At safepoint: 7600 ns, Total: 105401 ns
[487.246s][info ][safepoint      ] Safepoint "Cleanup", Time since last: 2000205815 ns, Reaching safepoint: 107901 ns, Cleanup: 14201 ns, At safepoint: 8400 ns, Total: 130502 ns
[490.247s][info ][safepoint      ] Safepoint "Cleanup", Time since last: 3000297726 ns, Reaching safepoint: 78802 ns, Cleanup: 11300 ns, At safepoint: 7200 ns, Total: 97302 ns
[490.297s][info ][gc,start       ] GC(25) Pause Young (Allocation Failure)
[490.300s][debug][gc,phases      ] GC(25) Scavenge 2.783ms
[490.300s][debug][gc,ref         ] GC(25) ReferenceProcessor::execute queues: 1, RefProcThreadModel::Single, marks_oops_alive: false
[490.300s][debug][gc,ref         ] GC(25) Skipped KeepAliveFinalRefsPhase of Reference Processing: no references
[490.300s][debug][gc,ref         ] GC(25) Skipped PhantomRefsPhase of Reference Processing: no references
[490.300s][debug][gc,phases      ] GC(25) Reference Processing 0.138ms
[490.301s][debug][gc,phases      ] GC(25)   VM Weak                        Min:  0.0, Avg:  0.0, Max:  0.0, Diff:  0.0, Sum:  0.0, Workers: 4
[490.301s][debug][gc,phases      ] GC(25)     Dead                           Min: 0, Avg:  0.0, Max: 0, Diff: 0, Sum: 0, Workers: 4
[490.301s][debug][gc,phases      ] GC(25)     Total                          Min: 0, Avg: 238.5, Max: 826, Diff: 826, Sum: 954, Workers: 4
[490.301s][debug][gc,phases      ] GC(25)   ObjectSynchronizer Weak        Min:  0.0, Avg:  0.0, Max:  0.0, Diff:  0.0, Sum:  0.0, Workers: 4
[490.301s][debug][gc,phases      ] GC(25)     Dead                           Min: 0, Avg:  0.0, Max: 0, Diff: 0, Sum: 0, Workers: 4
[490.301s][debug][gc,phases      ] GC(25)     Total                          Min: 0, Avg:  1.0, Max: 4, Diff: 4, Sum: 4, Workers: 4
[490.301s][debug][gc,phases      ] GC(25)   JVMTI Tag Weak OopStorage      Min:  0.0, Avg:  0.0, Max:  0.0, Diff:  0.0, Sum:  0.0, Workers: 4
[490.301s][debug][gc,phases      ] GC(25)     Dead                           Min: 0, Avg:  0.0, Max: 0, Diff: 0, Sum: 0, Workers: 4
[490.301s][debug][gc,phases      ] GC(25)     Total                          Min: 0, Avg:  0.0, Max: 0, Diff: 0, Sum: 0, Workers: 4
[490.301s][debug][gc,phases      ] GC(25)   StringTable Weak               Min:  0.0, Avg:  0.1, Max:  0.2, Diff:  0.2, Sum:  0.5, Workers: 4
[490.301s][debug][gc,phases      ] GC(25)     Dead                           Min: 0, Avg:  0.0, Max: 0, Diff: 0, Sum: 0, Workers: 4
[490.301s][debug][gc,phases      ] GC(25)     Total                          Min: 0, Avg: 12012.0, Max: 16512, Diff: 16512, Sum: 48048, Workers: 4
[490.301s][debug][gc,phases      ] GC(25)   ResolvedMethodTable Weak       Min:  0.0, Avg:  0.0, Max:  0.0, Diff:  0.0, Sum:  0.1, Workers: 4
[490.301s][debug][gc,phases      ] GC(25)     Dead                           Min: 0, Avg:  0.0, Max: 0, Diff: 0, Sum: 0, Workers: 4
[490.301s][debug][gc,phases      ] GC(25)     Total                          Min: 0, Avg: 3254.5, Max: 4546, Diff: 4546, Sum: 13018, Workers: 4
[490.301s][debug][gc,phases      ] GC(25)   JNI Weak                       Min:  0.0, Avg:  0.0, Max:  0.0, Diff:  0.0, Sum:  0.0, Workers: 4
[490.301s][debug][gc,phases      ] GC(25)     Dead                           Min: 0, Avg:  0.0, Max: 0, Diff: 0, Sum: 0, Workers: 4
[490.301s][debug][gc,phases      ] GC(25)     Total                          Min: 0, Avg: 12.0, Max: 48, Diff: 48, Sum: 48, Workers: 4
[490.301s][debug][gc,phases      ] GC(25)   StringDedup Table Weak         Min:  0.0, Avg:  0.0, Max:  0.0, Diff:  0.0, Sum:  0.0, Workers: 4
[490.301s][debug][gc,phases      ] GC(25)     Dead                           Min: 0, Avg:  0.0, Max: 0, Diff: 0, Sum: 0, Workers: 4
[490.301s][debug][gc,phases      ] GC(25)     Total                          Min: 0, Avg:  0.0, Max: 0, Diff: 0, Sum: 0, Workers: 4
[490.301s][debug][gc,phases      ] GC(25)   StringDedup Requests0 Weak     Min:  0.0, Avg:  0.0, Max:  0.0, Diff:  0.0, Sum:  0.0, Workers: 4
[490.301s][debug][gc,phases      ] GC(25)     Dead                           Min: 0, Avg:  0.0, Max: 0, Diff: 0, Sum: 0, Workers: 4
[490.301s][debug][gc,phases      ] GC(25)     Total                          Min: 0, Avg:  0.0, Max: 0, Diff: 0, Sum: 0, Workers: 4
[490.301s][debug][gc,phases      ] GC(25)   StringDedup Requests1 Weak     Min:  0.0, Avg:  0.0, Max:  0.0, Diff:  0.0, Sum:  0.0, Workers: 4
[490.301s][debug][gc,phases      ] GC(25)     Dead                           Min: 0, Avg:  0.0, Max: 0, Diff: 0, Sum: 0, Workers: 4
[490.301s][debug][gc,phases      ] GC(25)     Total                          Min: 0, Avg:  0.0, Max: 0, Diff: 0, Sum: 0, Workers: 4
[490.301s][debug][gc,phases      ] GC(25)   Weak JFR Old Object Samples    Min:  0.0, Avg:  0.0, Max:  0.0, Diff:  0.0, Sum:  0.0, Workers: 4
[490.301s][debug][gc,phases      ] GC(25)     Dead                           Min: 0, Avg:  0.0, Max: 0, Diff: 0, Sum: 0, Workers: 4
[490.301s][debug][gc,phases      ] GC(25)     Total                          Min: 0, Avg:  0.0, Max: 0, Diff: 0, Sum: 0, Workers: 4
[490.301s][debug][gc,phases      ] GC(25) Weak Processing 0.480ms
[490.301s][debug][gc,age         ] GC(25) Desired survivor size 198180864 bytes, new threshold 1 (max threshold 15)
[490.301s][info ][gc,heap        ] GC(25) PSYoungGen: 1656976K(1870848K)->1808K(1903616K) Eden: 1655296K(1655296K)->0K(1698816K) From: 1680K(215552K)->1808K(204800K)
[490.301s][info ][gc,heap        ] GC(25) ParOldGen: 283241K(283648K)->283561K(283648K)
[490.301s][info ][gc,metaspace   ] GC(25) Metaspace: 94564K(95808K)->94564K(95808K) NonClass: 80612K(81344K)->80612K(81344K) Class: 13951K(14464K)->13951K(14464K)
[490.301s][info ][gc             ] GC(25) Pause Young (Allocation Failure) 1894M->278M(2136M) 3.566ms
[490.301s][info ][gc,cpu         ] GC(25) User=0.01s Sys=0.00s Real=0.00s
[490.301s][info ][safepoint      ] Safepoint "ParallelGCFailedAllocation", Time since last: 50528105 ns, Reaching safepoint: 95503 ns, Cleanup: 5900 ns, At safepoint: 3664687 ns, Total: 3766090 ns
[498.302s][info ][safepoint      ] Safepoint "Cleanup", Time since last: 8000679820 ns, Reaching safepoint: 84302 ns, Cleanup: 15000 ns, At safepoint: 7800 ns, Total: 107102 ns
[499.302s][info ][safepoint      ] Safepoint "Cleanup", Time since last: 1000159800 ns, Reaching safepoint: 84302 ns, Cleanup: 10500 ns, At safepoint: 7400 ns, Total: 102202 ns
[505.303s][info ][safepoint      ] Safepoint "Cleanup", Time since last: 6000545963 ns, Reaching safepoint: 87602 ns, Cleanup: 11800 ns, At safepoint: 10501 ns, Total: 109903 ns
[506.303s][info ][safepoint      ] Safepoint "Cleanup", Time since last: 1000164456 ns, Reaching safepoint: 88902 ns, Cleanup: 12201 ns, At safepoint: 9600 ns, Total: 110703 ns
[516.304s][info ][safepoint      ] Safepoint "Cleanup", Time since last: 10000862635 ns, Reaching safepoint: 79902 ns, Cleanup: 43201 ns, At safepoint: 7100 ns, Total: 130203 ns
[519.304s][info ][safepoint      ] Safepoint "Cleanup", Time since last: 3000296486 ns, Reaching safepoint: 92902 ns, Cleanup: 13700 ns, At safepoint: 9000 ns, Total: 115602 ns
[521.515s][info ][gc,start       ] GC(26) Pause Young (Allocation Failure)
[521.521s][debug][gc,phases      ] GC(26) Scavenge 5.241ms
[521.521s][debug][gc,ref         ] GC(26) ReferenceProcessor::execute queues: 1, RefProcThreadModel::Single, marks_oops_alive: false
[521.521s][debug][gc,ref         ] GC(26) Skipped KeepAliveFinalRefsPhase of Reference Processing: no references
[521.521s][debug][gc,ref         ] GC(26) ReferenceProcessor::execute queues: 1, RefProcThreadModel::Single, marks_oops_alive: false
[521.521s][debug][gc,phases      ] GC(26) Reference Processing 0.129ms
[521.521s][debug][gc,phases      ] GC(26)   VM Weak                        Min:  0.0, Avg:  0.0, Max:  0.0, Diff:  0.0, Sum:  0.0, Workers: 4
[521.521s][debug][gc,phases      ] GC(26)     Dead                           Min: 0, Avg:  0.0, Max: 0, Diff: 0, Sum: 0, Workers: 4
[521.521s][debug][gc,phases      ] GC(26)     Total                          Min: 0, Avg: 238.5, Max: 570, Diff: 570, Sum: 954, Workers: 4
[521.521s][debug][gc,phases      ] GC(26)   ObjectSynchronizer Weak        Min:  0.0, Avg:  0.0, Max:  0.0, Diff:  0.0, Sum:  0.0, Workers: 4
[521.521s][debug][gc,phases      ] GC(26)     Dead                           Min: 0, Avg:  0.0, Max: 0, Diff: 0, Sum: 0, Workers: 4
[521.521s][debug][gc,phases      ] GC(26)     Total                          Min: 0, Avg:  1.0, Max: 4, Diff: 4, Sum: 4, Workers: 4
[521.521s][debug][gc,phases      ] GC(26)   JVMTI Tag Weak OopStorage      Min:  0.0, Avg:  0.0, Max:  0.0, Diff:  0.0, Sum:  0.0, Workers: 4
[521.521s][debug][gc,phases      ] GC(26)     Dead                           Min: 0, Avg:  0.0, Max: 0, Diff: 0, Sum: 0, Workers: 4
[521.521s][debug][gc,phases      ] GC(26)     Total                          Min: 0, Avg:  0.0, Max: 0, Diff: 0, Sum: 0, Workers: 4
[521.521s][debug][gc,phases      ] GC(26)   StringTable Weak               Min:  0.0, Avg:  0.1, Max:  0.2, Diff:  0.2, Sum:  0.5, Workers: 4
[521.521s][debug][gc,phases      ] GC(26)     Dead                           Min: 0, Avg:  0.0, Max: 0, Diff: 0, Sum: 0, Workers: 4
[521.521s][debug][gc,phases      ] GC(26)     Total                          Min: 0, Avg: 12013.0, Max: 17012, Diff: 17012, Sum: 48052, Workers: 4
[521.521s][debug][gc,phases      ] GC(26)   ResolvedMethodTable Weak       Min:  0.0, Avg:  0.0, Max:  0.0, Diff:  0.0, Sum:  0.1, Workers: 4
[521.521s][debug][gc,phases      ] GC(26)     Dead                           Min: 0, Avg:  0.0, Max: 0, Diff: 0, Sum: 0, Workers: 4
[521.521s][debug][gc,phases      ] GC(26)     Total                          Min: 0, Avg: 3254.5, Max: 4686, Diff: 4686, Sum: 13018, Workers: 4
[521.521s][debug][gc,phases      ] GC(26)   JNI Weak                       Min:  0.0, Avg:  0.0, Max:  0.0, Diff:  0.0, Sum:  0.0, Workers: 4
[521.521s][debug][gc,phases      ] GC(26)     Dead                           Min: 0, Avg:  0.0, Max: 0, Diff: 0, Sum: 0, Workers: 4
[521.521s][debug][gc,phases      ] GC(26)     Total                          Min: 0, Avg: 12.0, Max: 48, Diff: 48, Sum: 48, Workers: 4
[521.521s][debug][gc,phases      ] GC(26)   StringDedup Table Weak         Min:  0.0, Avg:  0.0, Max:  0.0, Diff:  0.0, Sum:  0.0, Workers: 4
[521.521s][debug][gc,phases      ] GC(26)     Dead                           Min: 0, Avg:  0.0, Max: 0, Diff: 0, Sum: 0, Workers: 4
[521.521s][debug][gc,phases      ] GC(26)     Total                          Min: 0, Avg:  0.0, Max: 0, Diff: 0, Sum: 0, Workers: 4
[521.521s][debug][gc,phases      ] GC(26)   StringDedup Requests0 Weak     Min:  0.0, Avg:  0.0, Max:  0.0, Diff:  0.0, Sum:  0.0, Workers: 4
[521.521s][debug][gc,phases      ] GC(26)     Dead                           Min: 0, Avg:  0.0, Max: 0, Diff: 0, Sum: 0, Workers: 4
[521.521s][debug][gc,phases      ] GC(26)     Total                          Min: 0, Avg:  0.0, Max: 0, Diff: 0, Sum: 0, Workers: 4
[521.521s][debug][gc,phases      ] GC(26)   StringDedup Requests1 Weak     Min:  0.0, Avg:  0.0, Max:  0.0, Diff:  0.0, Sum:  0.0, Workers: 4
[521.521s][debug][gc,phases      ] GC(26)     Dead                           Min: 0, Avg:  0.0, Max: 0, Diff: 0, Sum: 0, Workers: 4
[521.521s][debug][gc,phases      ] GC(26)     Total                          Min: 0, Avg:  0.0, Max: 0, Diff: 0, Sum: 0, Workers: 4
[521.521s][debug][gc,phases      ] GC(26)   Weak JFR Old Object Samples    Min:  0.0, Avg:  0.0, Max:  0.0, Diff:  0.0, Sum:  0.0, Workers: 4
[521.521s][debug][gc,phases      ] GC(26)     Dead                           Min: 0, Avg:  0.0, Max: 0, Diff: 0, Sum: 0, Workers: 4
[521.521s][debug][gc,phases      ] GC(26)     Total                          Min: 0, Avg:  0.0, Max: 0, Diff: 0, Sum: 0, Workers: 4
[521.521s][debug][gc,phases      ] GC(26) Weak Processing 0.437ms
[521.521s][debug][gc,age         ] GC(26) Desired survivor size 187695104 bytes, new threshold 1 (max threshold 15)
[521.521s][info ][gc,heap        ] GC(26) PSYoungGen: 1700624K(1903616K)->1808K(1892352K) Eden: 1698816K(1698816K)->0K(1698816K) From: 1808K(204800K)->1808K(193536K)
[521.521s][info ][gc,heap        ] GC(26) ParOldGen: 283561K(283648K)->283913K(284160K)
[521.521s][info ][gc,metaspace   ] GC(26) Metaspace: 94573K(95808K)->94573K(95808K) NonClass: 80621K(81344K)->80621K(81344K) Class: 13951K(14464K)->13951K(14464K)
[521.521s][info ][gc             ] GC(26) Pause Young (Allocation Failure) 1937M->279M(2125M) 5.960ms
[521.521s][info ][gc,cpu         ] GC(26) User=0.01s Sys=0.00s Real=0.00s
[521.521s][info ][safepoint      ] Safepoint "ParallelGCFailedAllocation", Time since last: 2210864174 ns, Reaching safepoint: 82402 ns, Cleanup: 4500 ns, At safepoint: 6051331 ns, Total: 6138233 ns
[522.521s][info ][safepoint      ] Safepoint "Cleanup", Time since last: 1000065611 ns, Reaching safepoint: 8600 ns, Cleanup: 12200 ns, At safepoint: 2100 ns, Total: 22900 ns
[528.522s][info ][safepoint      ] Safepoint "Cleanup", Time since last: 6000460382 ns, Reaching safepoint: 6601 ns, Cleanup: 13800 ns, At safepoint: 2100 ns, Total: 22501 ns
[535.523s][info ][safepoint      ] Safepoint "Cleanup", Time since last: 7000589120 ns, Reaching safepoint: 6200 ns, Cleanup: 15100 ns, At safepoint: 2600 ns, Total: 23900 ns
[541.264s][info ][safepoint      ] Safepoint "Cleanup", Time since last: 5741103302 ns, Reaching safepoint: 6900 ns, Cleanup: 12500 ns, At safepoint: 2300 ns, Total: 21700 ns
[548.264s][info ][safepoint      ] Safepoint "Cleanup", Time since last: 7000470601 ns, Reaching safepoint: 8701 ns, Cleanup: 14300 ns, At safepoint: 2800 ns, Total: 25801 ns
[549.264s][info ][safepoint      ] Safepoint "Cleanup", Time since last: 1000124679 ns, Reaching safepoint: 8100 ns, Cleanup: 15100 ns, At safepoint: 36301 ns, Total: 59501 ns
[550.264s][info ][safepoint      ] Safepoint "Cleanup", Time since last: 1000114279 ns, Reaching safepoint: 7800 ns, Cleanup: 15200 ns, At safepoint: 2200 ns, Total: 25200 ns
[553.309s][info ][gc,start       ] GC(27) Pause Young (Allocation Failure)
[553.317s][debug][gc,phases      ] GC(27) Scavenge 7.687ms
[553.317s][debug][gc,ref         ] GC(27) ReferenceProcessor::execute queues: 1, RefProcThreadModel::Single, marks_oops_alive: false
[553.317s][debug][gc,ref         ] GC(27) Skipped KeepAliveFinalRefsPhase of Reference Processing: no references
[553.317s][debug][gc,ref         ] GC(27) Skipped PhantomRefsPhase of Reference Processing: no references
[553.317s][debug][gc,phases      ] GC(27) Reference Processing 0.151ms
[553.317s][debug][gc,phases      ] GC(27)   VM Weak                        Min:  0.0, Avg:  0.0, Max:  0.0, Diff:  0.0, Sum:  0.0, Workers: 4
[553.317s][debug][gc,phases      ] GC(27)     Dead                           Min: 0, Avg:  0.0, Max: 0, Diff: 0, Sum: 0, Workers: 4
[553.317s][debug][gc,phases      ] GC(27)     Total                          Min: 0, Avg: 238.5, Max: 698, Diff: 698, Sum: 954, Workers: 4
[553.317s][debug][gc,phases      ] GC(27)   ObjectSynchronizer Weak        Min:  0.0, Avg:  0.0, Max:  0.0, Diff:  0.0, Sum:  0.0, Workers: 4
[553.317s][debug][gc,phases      ] GC(27)     Dead                           Min: 0, Avg:  0.0, Max: 0, Diff: 0, Sum: 0, Workers: 4
[553.317s][debug][gc,phases      ] GC(27)     Total                          Min: 0, Avg:  1.0, Max: 4, Diff: 4, Sum: 4, Workers: 4
[553.317s][debug][gc,phases      ] GC(27)   JVMTI Tag Weak OopStorage      Min:  0.0, Avg:  0.0, Max:  0.0, Diff:  0.0, Sum:  0.0, Workers: 4
[553.317s][debug][gc,phases      ] GC(27)     Dead                           Min: 0, Avg:  0.0, Max: 0, Diff: 0, Sum: 0, Workers: 4
[553.317s][debug][gc,phases      ] GC(27)     Total                          Min: 0, Avg:  0.0, Max: 0, Diff: 0, Sum: 0, Workers: 4
[553.317s][debug][gc,phases      ] GC(27)   StringTable Weak               Min:  0.0, Avg:  0.1, Max:  0.2, Diff:  0.2, Sum:  0.5, Workers: 4
[553.317s][debug][gc,phases      ] GC(27)     Dead                           Min: 0, Avg:  0.0, Max: 0, Diff: 0, Sum: 0, Workers: 4
[553.317s][debug][gc,phases      ] GC(27)     Total                          Min: 0, Avg: 12013.0, Max: 24512, Diff: 24512, Sum: 48052, Workers: 4
[553.317s][debug][gc,phases      ] GC(27)   ResolvedMethodTable Weak       Min:  0.0, Avg:  0.0, Max:  0.1, Diff:  0.1, Sum:  0.1, Workers: 4
[553.317s][debug][gc,phases      ] GC(27)     Dead                           Min: 0, Avg:  0.0, Max: 0, Diff: 0, Sum: 0, Workers: 4
[553.317s][debug][gc,phases      ] GC(27)     Total                          Min: 0, Avg: 3254.5, Max: 6669, Diff: 6669, Sum: 13018, Workers: 4
[553.317s][debug][gc,phases      ] GC(27)   JNI Weak                       Min:  0.0, Avg:  0.0, Max:  0.0, Diff:  0.0, Sum:  0.0, Workers: 4
[553.317s][debug][gc,phases      ] GC(27)     Dead                           Min: 0, Avg:  0.0, Max: 0, Diff: 0, Sum: 0, Workers: 4
[553.317s][debug][gc,phases      ] GC(27)     Total                          Min: 0, Avg: 12.0, Max: 48, Diff: 48, Sum: 48, Workers: 4
[553.317s][debug][gc,phases      ] GC(27)   StringDedup Table Weak         Min:  0.0, Avg:  0.0, Max:  0.0, Diff:  0.0, Sum:  0.0, Workers: 4
[553.317s][debug][gc,phases      ] GC(27)     Dead                           Min: 0, Avg:  0.0, Max: 0, Diff: 0, Sum: 0, Workers: 4
[553.317s][debug][gc,phases      ] GC(27)     Total                          Min: 0, Avg:  0.0, Max: 0, Diff: 0, Sum: 0, Workers: 4
[553.318s][debug][gc,phases      ] GC(27)   StringDedup Requests0 Weak     Min:  0.0, Avg:  0.0, Max:  0.0, Diff:  0.0, Sum:  0.0, Workers: 4
[553.318s][debug][gc,phases      ] GC(27)     Dead                           Min: 0, Avg:  0.0, Max: 0, Diff: 0, Sum: 0, Workers: 4
[553.318s][debug][gc,phases      ] GC(27)     Total                          Min: 0, Avg:  0.0, Max: 0, Diff: 0, Sum: 0, Workers: 4
[553.318s][debug][gc,phases      ] GC(27)   StringDedup Requests1 Weak     Min:  0.0, Avg:  0.0, Max:  0.0, Diff:  0.0, Sum:  0.0, Workers: 4
[553.318s][debug][gc,phases      ] GC(27)     Dead                           Min: 0, Avg:  0.0, Max: 0, Diff: 0, Sum: 0, Workers: 4
[553.318s][debug][gc,phases      ] GC(27)     Total                          Min: 0, Avg:  0.0, Max: 0, Diff: 0, Sum: 0, Workers: 4
[553.318s][debug][gc,phases      ] GC(27)   Weak JFR Old Object Samples    Min:  0.0, Avg:  0.0, Max:  0.0, Diff:  0.0, Sum:  0.0, Workers: 4
[553.318s][debug][gc,phases      ] GC(27)     Dead                           Min: 0, Avg:  0.0, Max: 0, Diff: 0, Sum: 0, Workers: 4
[553.318s][debug][gc,phases      ] GC(27)     Total                          Min: 0, Avg:  0.0, Max: 0, Diff: 0, Sum: 0, Workers: 4
[553.318s][debug][gc,phases      ] GC(27) Weak Processing 0.585ms
[553.318s][debug][gc,age         ] GC(27) Desired survivor size 176685056 bytes, new threshold 1 (max threshold 15)
[553.318s][info ][gc,heap        ] GC(27) PSYoungGen: 1700624K(1892352K)->3101K(1924608K) Eden: 1698816K(1698816K)->0K(1741312K) From: 1808K(193536K)->3101K(183296K)
[553.318s][info ][gc,heap        ] GC(27) ParOldGen: 283913K(284160K)->284329K(284672K)
[553.318s][info ][gc,metaspace   ] GC(27) Metaspace: 94582K(95808K)->94582K(95808K) NonClass: 80630K(81344K)->80630K(81344K) Class: 13951K(14464K)->13951K(14464K)
[553.318s][info ][gc             ] GC(27) Pause Young (Allocation Failure) 1938M->280M(2157M) 8.590ms
[553.318s][info ][gc,cpu         ] GC(27) User=0.01s Sys=0.00s Real=0.01s
[553.318s][info ][safepoint      ] Safepoint "ParallelGCFailedAllocation", Time since last: 3044516523 ns, Reaching safepoint: 8100 ns, Cleanup: 4500 ns, At safepoint: 8690954 ns, Total: 8703554 ns
[557.318s][info ][safepoint      ] Safepoint "Cleanup", Time since last: 4000298409 ns, Reaching safepoint: 8701 ns, Cleanup: 16400 ns, At safepoint: 2300 ns, Total: 27401 ns
[558.318s][info ][safepoint      ] Safepoint "Cleanup", Time since last: 1000091939 ns, Reaching safepoint: 8600 ns, Cleanup: 13600 ns, At safepoint: 2600 ns, Total: 24800 ns
[566.319s][info ][safepoint      ] Safepoint "Cleanup", Time since last: 8000615747 ns, Reaching safepoint: 7300 ns, Cleanup: 10400 ns, At safepoint: 2900 ns, Total: 20600 ns
[574.319s][info ][safepoint      ] Safepoint "Cleanup", Time since last: 8000528067 ns, Reaching safepoint: 7800 ns, Cleanup: 25501 ns, At safepoint: 6000 ns, Total: 39301 ns
[575.319s][info ][safepoint      ] Safepoint "Cleanup", Time since last: 1000131458 ns, Reaching safepoint: 7500 ns, Cleanup: 13800 ns, At safepoint: 2300 ns, Total: 23600 ns
[576.320s][info ][safepoint      ] Safepoint "Cleanup", Time since last: 1000121058 ns, Reaching safepoint: 7900 ns, Cleanup: 20200 ns, At safepoint: 2900 ns, Total: 31000 ns
[577.320s][info ][safepoint      ] Safepoint "Cleanup", Time since last: 1000119658 ns, Reaching safepoint: 61501 ns, Cleanup: 25901 ns, At safepoint: 3700 ns, Total: 91102 ns
[579.320s][info ][safepoint      ] Safepoint "Cleanup", Time since last: 2000193714 ns, Reaching safepoint: 7100 ns, Cleanup: 11000 ns, At safepoint: 2201 ns, Total: 20301 ns
[587.321s][info ][safepoint      ] Safepoint "Cleanup", Time since last: 8000547386 ns, Reaching safepoint: 7700 ns, Cleanup: 12401 ns, At safepoint: 2400 ns, Total: 22501 ns
[587.645s][info ][gc,start       ] GC(28) Pause Young (Allocation Failure)
[587.651s][debug][gc,phases      ] GC(28) Scavenge 6.653ms
[587.651s][debug][gc,ref         ] GC(28) ReferenceProcessor::execute queues: 1, RefProcThreadModel::Single, marks_oops_alive: false
[587.652s][debug][gc,ref         ] GC(28) Skipped KeepAliveFinalRefsPhase of Reference Processing: no references
[587.652s][debug][gc,ref         ] GC(28) ReferenceProcessor::execute queues: 1, RefProcThreadModel::Single, marks_oops_alive: false
[587.652s][debug][gc,phases      ] GC(28) Reference Processing 0.138ms
[587.652s][debug][gc,phases      ] GC(28)   VM Weak                        Min:  0.0, Avg:  0.0, Max:  0.0, Diff:  0.0, Sum:  0.0, Workers: 4
[587.652s][debug][gc,phases      ] GC(28)     Dead                           Min: 0, Avg:  0.0, Max: 0, Diff: 0, Sum: 0, Workers: 4
[587.652s][debug][gc,phases      ] GC(28)     Total                          Min: 0, Avg: 239.5, Max: 958, Diff: 958, Sum: 958, Workers: 4
[587.652s][debug][gc,phases      ] GC(28)   ObjectSynchronizer Weak        Min:  0.0, Avg:  0.0, Max:  0.0, Diff:  0.0, Sum:  0.0, Workers: 4
[587.652s][debug][gc,phases      ] GC(28)     Dead                           Min: 0, Avg:  0.0, Max: 0, Diff: 0, Sum: 0, Workers: 4
[587.652s][debug][gc,phases      ] GC(28)     Total                          Min: 0, Avg:  1.0, Max: 4, Diff: 4, Sum: 4, Workers: 4
[587.652s][debug][gc,phases      ] GC(28)   JVMTI Tag Weak OopStorage      Min:  0.0, Avg:  0.0, Max:  0.0, Diff:  0.0, Sum:  0.0, Workers: 4
[587.652s][debug][gc,phases      ] GC(28)     Dead                           Min: 0, Avg:  0.0, Max: 0, Diff: 0, Sum: 0, Workers: 4
[587.652s][debug][gc,phases      ] GC(28)     Total                          Min: 0, Avg:  0.0, Max: 0, Diff: 0, Sum: 0, Workers: 4
[587.652s][debug][gc,phases      ] GC(28)   StringTable Weak               Min:  0.0, Avg:  0.1, Max:  0.2, Diff:  0.2, Sum:  0.5, Workers: 4
[587.652s][debug][gc,phases      ] GC(28)     Dead                           Min: 0, Avg:  0.2, Max: 1, Diff: 1, Sum: 1, Workers: 4
[587.652s][debug][gc,phases      ] GC(28)     Total                          Min: 0, Avg: 12014.8, Max: 24891, Diff: 24891, Sum: 48059, Workers: 4
[587.652s][debug][gc,phases      ] GC(28)   ResolvedMethodTable Weak       Min:  0.0, Avg:  0.0, Max:  0.1, Diff:  0.1, Sum:  0.1, Workers: 4
[587.652s][debug][gc,phases      ] GC(28)     Dead                           Min: 0, Avg:  0.2, Max: 1, Diff: 1, Sum: 1, Workers: 4
[587.652s][debug][gc,phases      ] GC(28)     Total                          Min: 0, Avg: 3258.0, Max: 6682, Diff: 6682, Sum: 13032, Workers: 4
[587.652s][debug][gc,phases      ] GC(28)   JNI Weak                       Min:  0.0, Avg:  0.0, Max:  0.0, Diff:  0.0, Sum:  0.0, Workers: 4
[587.652s][debug][gc,phases      ] GC(28)     Dead                           Min: 0, Avg:  0.0, Max: 0, Diff: 0, Sum: 0, Workers: 4
[587.652s][debug][gc,phases      ] GC(28)     Total                          Min: 0, Avg: 12.0, Max: 48, Diff: 48, Sum: 48, Workers: 4
[587.652s][debug][gc,phases      ] GC(28)   StringDedup Table Weak         Min:  0.0, Avg:  0.0, Max:  0.0, Diff:  0.0, Sum:  0.0, Workers: 4
[587.652s][debug][gc,phases      ] GC(28)     Dead                           Min: 0, Avg:  0.0, Max: 0, Diff: 0, Sum: 0, Workers: 4
[587.652s][debug][gc,phases      ] GC(28)     Total                          Min: 0, Avg:  0.0, Max: 0, Diff: 0, Sum: 0, Workers: 4
[587.652s][debug][gc,phases      ] GC(28)   StringDedup Requests0 Weak     Min:  0.0, Avg:  0.0, Max:  0.0, Diff:  0.0, Sum:  0.0, Workers: 4
[587.652s][debug][gc,phases      ] GC(28)     Dead                           Min: 0, Avg:  0.0, Max: 0, Diff: 0, Sum: 0, Workers: 4
[587.652s][debug][gc,phases      ] GC(28)     Total                          Min: 0, Avg:  0.0, Max: 0, Diff: 0, Sum: 0, Workers: 4
[587.652s][debug][gc,phases      ] GC(28)   StringDedup Requests1 Weak     Min:  0.0, Avg:  0.0, Max:  0.0, Diff:  0.0, Sum:  0.0, Workers: 4
[587.652s][debug][gc,phases      ] GC(28)     Dead                           Min: 0, Avg:  0.0, Max: 0, Diff: 0, Sum: 0, Workers: 4
[587.652s][debug][gc,phases      ] GC(28)     Total                          Min: 0, Avg:  0.0, Max: 0, Diff: 0, Sum: 0, Workers: 4
[587.652s][debug][gc,phases      ] GC(28)   Weak JFR Old Object Samples    Min:  0.0, Avg:  0.0, Max:  0.0, Diff:  0.0, Sum:  0.0, Workers: 4
[587.652s][debug][gc,phases      ] GC(28)     Dead                           Min: 0, Avg:  0.0, Max: 0, Diff: 0, Sum: 0, Workers: 4
[587.652s][debug][gc,phases      ] GC(28)     Total                          Min: 0, Avg:  0.0, Max: 0, Diff: 0, Sum: 0, Workers: 4
[587.652s][debug][gc,phases      ] GC(28) Weak Processing 0.539ms
[587.652s][debug][gc,age         ] GC(28) Desired survivor size 166199296 bytes, new threshold 1 (max threshold 15)
[587.652s][info ][gc,heap        ] GC(28) PSYoungGen: 1744413K(1924608K)->2128K(1913856K) Eden: 1741312K(1741312K)->0K(1741312K) From: 3101K(183296K)->2128K(172544K)
[587.652s][info ][gc,heap        ] GC(28) ParOldGen: 284329K(284672K)->284977K(285184K)
[587.652s][info ][gc,metaspace   ] GC(28) Metaspace: 94613K(95808K)->94613K(95808K) NonClass: 80657K(81344K)->80657K(81344K) Class: 13955K(14464K)->13955K(14464K)
[587.652s][info ][gc             ] GC(28) Pause Young (Allocation Failure) 1981M->280M(2147M) 7.478ms
[587.652s][info ][gc,cpu         ] GC(28) User=0.02s Sys=0.00s Real=0.01s
[587.652s][info ][safepoint      ] Safepoint "ParallelGCFailedAllocation", Time since last: 323948189 ns, Reaching safepoint: 7200 ns, Cleanup: 6200 ns, At safepoint: 7557309 ns, Total: 7570709 ns
[590.653s][info ][safepoint      ] Safepoint "Cleanup", Time since last: 3000258299 ns, Reaching safepoint: 82801 ns, Cleanup: 6800 ns, At safepoint: 7900 ns, Total: 97501 ns
[592.653s][info ][safepoint      ] Safepoint "Cleanup", Time since last: 2000237590 ns, Reaching safepoint: 81502 ns, Cleanup: 14700 ns, At safepoint: 7300 ns, Total: 103502 ns
[598.653s][info ][safepoint      ] Safepoint "Cleanup", Time since last: 6000488133 ns, Reaching safepoint: 82601 ns, Cleanup: 11300 ns, At safepoint: 9301 ns, Total: 103202 ns
[599.654s][info ][safepoint      ] Safepoint "Cleanup", Time since last: 1000144123 ns, Reaching safepoint: 79901 ns, Cleanup: 16000 ns, At safepoint: 7000 ns, Total: 102901 ns
[601.280s][info ][safepoint      ] Safepoint "Cleanup", Time since last: 1626283155 ns, Reaching safepoint: 8200 ns, Cleanup: 33601 ns, At safepoint: 2500 ns, Total: 44301 ns
[602.281s][info ][safepoint      ] Safepoint "Cleanup", Time since last: 1001017338 ns, Reaching safepoint: 9300 ns, Cleanup: 18200 ns, At safepoint: 2600 ns, Total: 30100 ns
[603.281s][info ][safepoint      ] Safepoint "Cleanup", Time since last: 1000131723 ns, Reaching safepoint: 8300 ns, Cleanup: 17600 ns, At safepoint: 2700 ns, Total: 28600 ns
[604.281s][info ][safepoint      ] Safepoint "Cleanup", Time since last: 1000130109 ns, Reaching safepoint: 10200 ns, Cleanup: 18700 ns, At safepoint: 2400 ns, Total: 31300 ns
[605.282s][info ][safepoint      ] Safepoint "Cleanup", Time since last: 1000133281 ns, Reaching safepoint: 7400 ns, Cleanup: 14200 ns, At safepoint: 2700 ns, Total: 24300 ns
[607.282s][info ][safepoint      ] Safepoint "Cleanup", Time since last: 2000224160 ns, Reaching safepoint: 8900 ns, Cleanup: 21701 ns, At safepoint: 2700 ns, Total: 33301 ns
[609.282s][info ][safepoint      ] Safepoint "Cleanup", Time since last: 2000235565 ns, Reaching safepoint: 8400 ns, Cleanup: 14801 ns, At safepoint: 2800 ns, Total: 26001 ns
[611.282s][info ][safepoint      ] Safepoint "Cleanup", Time since last: 2000190893 ns, Reaching safepoint: 8300 ns, Cleanup: 13400 ns, At safepoint: 2501 ns, Total: 24201 ns
[613.253s][info ][safepoint      ] Safepoint "Cleanup", Time since last: 1970904725 ns, Reaching safepoint: 98702 ns, Cleanup: 87201 ns, At safepoint: 14900 ns, Total: 200803 ns
[614.254s][info ][safepoint      ] Safepoint "Cleanup", Time since last: 1000143183 ns, Reaching safepoint: 83702 ns, Cleanup: 12900 ns, At safepoint: 8200 ns, Total: 104802 ns
[616.254s][info ][safepoint      ] Safepoint "Cleanup", Time since last: 2000190465 ns, Reaching safepoint: 78901 ns, Cleanup: 49801 ns, At safepoint: 7300 ns, Total: 136002 ns
[617.254s][info ][safepoint      ] Safepoint "Cleanup", Time since last: 1000161183 ns, Reaching safepoint: 98302 ns, Cleanup: 15000 ns, At safepoint: 11200 ns, Total: 124502 ns
[617.399s][info ][gc,start       ] GC(29) Pause Young (Allocation Failure)
[617.410s][debug][gc,phases      ] GC(29) Scavenge 10.308ms
[617.410s][debug][gc,ref         ] GC(29) ReferenceProcessor::execute queues: 1, RefProcThreadModel::Single, marks_oops_alive: false
[617.410s][debug][gc,ref         ] GC(29) Skipped KeepAliveFinalRefsPhase of Reference Processing: no references
[617.410s][debug][gc,ref         ] GC(29) ReferenceProcessor::execute queues: 1, RefProcThreadModel::Single, marks_oops_alive: false
[617.410s][debug][gc,phases      ] GC(29) Reference Processing 0.132ms
[617.410s][debug][gc,phases      ] GC(29)   VM Weak                        Min:  0.0, Avg:  0.0, Max:  0.0, Diff:  0.0, Sum:  0.0, Workers: 4
[617.410s][debug][gc,phases      ] GC(29)     Dead                           Min: 0, Avg:  0.0, Max: 0, Diff: 0, Sum: 0, Workers: 4
[617.410s][debug][gc,phases      ] GC(29)     Total                          Min: 0, Avg: 239.5, Max: 768, Diff: 768, Sum: 958, Workers: 4
[617.410s][debug][gc,phases      ] GC(29)   ObjectSynchronizer Weak        Min:  0.0, Avg:  0.0, Max:  0.0, Diff:  0.0, Sum:  0.0, Workers: 4
[617.410s][debug][gc,phases      ] GC(29)     Dead                           Min: 0, Avg:  0.0, Max: 0, Diff: 0, Sum: 0, Workers: 4
[617.410s][debug][gc,phases      ] GC(29)     Total                          Min: 0, Avg:  1.0, Max: 4, Diff: 4, Sum: 4, Workers: 4
[617.410s][debug][gc,phases      ] GC(29)   JVMTI Tag Weak OopStorage      Min:  0.0, Avg:  0.0, Max:  0.0, Diff:  0.0, Sum:  0.0, Workers: 4
[617.410s][debug][gc,phases      ] GC(29)     Dead                           Min: 0, Avg:  0.0, Max: 0, Diff: 0, Sum: 0, Workers: 4
[617.410s][debug][gc,phases      ] GC(29)     Total                          Min: 0, Avg:  0.0, Max: 0, Diff: 0, Sum: 0, Workers: 4
[617.410s][debug][gc,phases      ] GC(29)   StringTable Weak               Min:  0.0, Avg:  0.1, Max:  0.2, Diff:  0.2, Sum:  0.5, Workers: 4
[617.410s][debug][gc,phases      ] GC(29)     Dead                           Min: 0, Avg:  0.0, Max: 0, Diff: 0, Sum: 0, Workers: 4
[617.410s][debug][gc,phases      ] GC(29)     Total                          Min: 0, Avg: 12020.8, Max: 17280, Diff: 17280, Sum: 48083, Workers: 4
[617.410s][debug][gc,phases      ] GC(29)   ResolvedMethodTable Weak       Min:  0.0, Avg:  0.0, Max:  0.0, Diff:  0.0, Sum:  0.1, Workers: 4
[617.410s][debug][gc,phases      ] GC(29)     Dead                           Min: 0, Avg:  0.0, Max: 0, Diff: 0, Sum: 0, Workers: 4
[617.410s][debug][gc,phases      ] GC(29)     Total                          Min: 0, Avg: 3258.0, Max: 4588, Diff: 4588, Sum: 13032, Workers: 4
[617.410s][debug][gc,phases      ] GC(29)   JNI Weak                       Min:  0.0, Avg:  0.0, Max:  0.0, Diff:  0.0, Sum:  0.0, Workers: 4
[617.410s][debug][gc,phases      ] GC(29)     Dead                           Min: 0, Avg:  0.0, Max: 0, Diff: 0, Sum: 0, Workers: 4
[617.410s][debug][gc,phases      ] GC(29)     Total                          Min: 0, Avg: 12.0, Max: 48, Diff: 48, Sum: 48, Workers: 4
[617.410s][debug][gc,phases      ] GC(29)   StringDedup Table Weak         Min:  0.0, Avg:  0.0, Max:  0.0, Diff:  0.0, Sum:  0.0, Workers: 4
[617.410s][debug][gc,phases      ] GC(29)     Dead                           Min: 0, Avg:  0.0, Max: 0, Diff: 0, Sum: 0, Workers: 4
[617.410s][debug][gc,phases      ] GC(29)     Total                          Min: 0, Avg:  0.0, Max: 0, Diff: 0, Sum: 0, Workers: 4
[617.410s][debug][gc,phases      ] GC(29)   StringDedup Requests0 Weak     Min:  0.0, Avg:  0.0, Max:  0.0, Diff:  0.0, Sum:  0.0, Workers: 4
[617.410s][debug][gc,phases      ] GC(29)     Dead                           Min: 0, Avg:  0.0, Max: 0, Diff: 0, Sum: 0, Workers: 4
[617.410s][debug][gc,phases      ] GC(29)     Total                          Min: 0, Avg:  0.0, Max: 0, Diff: 0, Sum: 0, Workers: 4
[617.410s][debug][gc,phases      ] GC(29)   StringDedup Requests1 Weak     Min:  0.0, Avg:  0.0, Max:  0.0, Diff:  0.0, Sum:  0.0, Workers: 4
[617.410s][debug][gc,phases      ] GC(29)     Dead                           Min: 0, Avg:  0.0, Max: 0, Diff: 0, Sum: 0, Workers: 4
[617.410s][debug][gc,phases      ] GC(29)     Total                          Min: 0, Avg:  0.0, Max: 0, Diff: 0, Sum: 0, Workers: 4
[617.410s][debug][gc,phases      ] GC(29)   Weak JFR Old Object Samples    Min:  0.0, Avg:  0.0, Max:  0.0, Diff:  0.0, Sum:  0.0, Workers: 4
[617.410s][debug][gc,phases      ] GC(29)     Dead                           Min: 0, Avg:  0.0, Max: 0, Diff: 0, Sum: 0, Workers: 4
[617.410s][debug][gc,phases      ] GC(29)     Total                          Min: 0, Avg:  0.0, Max: 0, Diff: 0, Sum: 0, Workers: 4
[617.410s][debug][gc,phases      ] GC(29) Weak Processing 0.453ms
[617.410s][debug][gc,age         ] GC(29) Desired survivor size 154664960 bytes, new threshold 1 (max threshold 15)
[617.410s][info ][gc,heap        ] GC(29) PSYoungGen: 1743440K(1913856K)->10832K(1946112K) Eden: 1741312K(1741312K)->0K(1783808K) From: 2128K(172544K)->10832K(162304K)
[617.411s][info ][gc,heap        ] GC(29) ParOldGen: 284977K(285184K)->285105K(285184K)
[617.411s][info ][gc,metaspace   ] GC(29) Metaspace: 94787K(96064K)->94787K(96064K) NonClass: 80818K(81536K)->80818K(81536K) Class: 13969K(14528K)->13969K(14528K)
[617.411s][info ][gc             ] GC(29) Pause Young (Allocation Failure) 1980M->289M(2179M) 11.051ms
[617.411s][info ][gc,cpu         ] GC(29) User=0.03s Sys=0.00s Real=0.01s
[617.411s][info ][safepoint      ] Safepoint "ParallelGCFailedAllocation", Time since last: 145158836 ns, Reaching safepoint: 10400 ns, Cleanup: 5000 ns, At safepoint: 11148487 ns, Total: 11163887 ns
[619.270s][info ][safepoint      ] Safepoint "ParallelGCSystemGC", Time since last: 1859539705 ns, Reaching safepoint: 6500 ns, Cleanup: 16100 ns, At safepoint: 23000 ns, Total: 45600 ns
[619.271s][info ][gc,start       ] GC(30) Pause Young (GCLocker Initiated GC)
[619.283s][debug][gc,phases      ] GC(30) Scavenge 11.711ms
[619.283s][debug][gc,ref         ] GC(30) ReferenceProcessor::execute queues: 1, RefProcThreadModel::Single, marks_oops_alive: false
[619.283s][debug][gc,ref         ] GC(30) Skipped KeepAliveFinalRefsPhase of Reference Processing: no references
[619.283s][debug][gc,ref         ] GC(30) Skipped PhantomRefsPhase of Reference Processing: no references
[619.283s][debug][gc,phases      ] GC(30) Reference Processing 0.183ms
[619.283s][debug][gc,phases      ] GC(30)   VM Weak                        Min:  0.0, Avg:  0.0, Max:  0.0, Diff:  0.0, Sum:  0.0, Workers: 4
[619.283s][debug][gc,phases      ] GC(30)     Dead                           Min: 0, Avg:  0.0, Max: 0, Diff: 0, Sum: 0, Workers: 4
[619.283s][debug][gc,phases      ] GC(30)     Total                          Min: 0, Avg: 239.5, Max: 638, Diff: 638, Sum: 958, Workers: 4
[619.283s][debug][gc,phases      ] GC(30)   ObjectSynchronizer Weak        Min:  0.0, Avg:  0.0, Max:  0.0, Diff:  0.0, Sum:  0.0, Workers: 4
[619.283s][debug][gc,phases      ] GC(30)     Dead                           Min: 0, Avg:  0.0, Max: 0, Diff: 0, Sum: 0, Workers: 4
[619.283s][debug][gc,phases      ] GC(30)     Total                          Min: 0, Avg:  1.0, Max: 4, Diff: 4, Sum: 4, Workers: 4
[619.283s][debug][gc,phases      ] GC(30)   JVMTI Tag Weak OopStorage      Min:  0.0, Avg:  0.0, Max:  0.0, Diff:  0.0, Sum:  0.0, Workers: 4
[619.283s][debug][gc,phases      ] GC(30)     Dead                           Min: 0, Avg:  0.0, Max: 0, Diff: 0, Sum: 0, Workers: 4
[619.283s][debug][gc,phases      ] GC(30)     Total                          Min: 0, Avg:  0.0, Max: 0, Diff: 0, Sum: 0, Workers: 4
[619.283s][debug][gc,phases      ] GC(30)   StringTable Weak               Min:  0.0, Avg:  0.1, Max:  0.1, Diff:  0.1, Sum:  0.4, Workers: 4
[619.283s][debug][gc,phases      ] GC(30)     Dead                           Min: 0, Avg:  0.0, Max: 0, Diff: 0, Sum: 0, Workers: 4
[619.283s][debug][gc,phases      ] GC(30)     Total                          Min: 0, Avg: 12020.8, Max: 16851, Diff: 16851, Sum: 48083, Workers: 4
[619.283s][debug][gc,phases      ] GC(30)   ResolvedMethodTable Weak       Min:  0.0, Avg:  0.0, Max:  0.0, Diff:  0.0, Sum:  0.1, Workers: 4
[619.283s][debug][gc,phases      ] GC(30)     Dead                           Min: 0, Avg:  0.0, Max: 0, Diff: 0, Sum: 0, Workers: 4
[619.283s][debug][gc,phases      ] GC(30)     Total                          Min: 0, Avg: 3258.0, Max: 4455, Diff: 4455, Sum: 13032, Workers: 4
[619.283s][debug][gc,phases      ] GC(30)   JNI Weak                       Min:  0.0, Avg:  0.0, Max:  0.0, Diff:  0.0, Sum:  0.0, Workers: 4
[619.283s][debug][gc,phases      ] GC(30)     Dead                           Min: 0, Avg:  0.0, Max: 0, Diff: 0, Sum: 0, Workers: 4
[619.283s][debug][gc,phases      ] GC(30)     Total                          Min: 0, Avg: 12.0, Max: 48, Diff: 48, Sum: 48, Workers: 4
[619.283s][debug][gc,phases      ] GC(30)   StringDedup Table Weak         Min:  0.0, Avg:  0.0, Max:  0.0, Diff:  0.0, Sum:  0.0, Workers: 4
[619.283s][debug][gc,phases      ] GC(30)     Dead                           Min: 0, Avg:  0.0, Max: 0, Diff: 0, Sum: 0, Workers: 4
[619.283s][debug][gc,phases      ] GC(30)     Total                          Min: 0, Avg:  0.0, Max: 0, Diff: 0, Sum: 0, Workers: 4
[619.283s][debug][gc,phases      ] GC(30)   StringDedup Requests0 Weak     Min:  0.0, Avg:  0.0, Max:  0.0, Diff:  0.0, Sum:  0.0, Workers: 4
[619.283s][debug][gc,phases      ] GC(30)     Dead                           Min: 0, Avg:  0.0, Max: 0, Diff: 0, Sum: 0, Workers: 4
[619.283s][debug][gc,phases      ] GC(30)     Total                          Min: 0, Avg:  0.0, Max: 0, Diff: 0, Sum: 0, Workers: 4
[619.283s][debug][gc,phases      ] GC(30)   StringDedup Requests1 Weak     Min:  0.0, Avg:  0.0, Max:  0.0, Diff:  0.0, Sum:  0.0, Workers: 4
[619.283s][debug][gc,phases      ] GC(30)     Dead                           Min: 0, Avg:  0.0, Max: 0, Diff: 0, Sum: 0, Workers: 4
[619.283s][debug][gc,phases      ] GC(30)     Total                          Min: 0, Avg:  0.0, Max: 0, Diff: 0, Sum: 0, Workers: 4
[619.283s][debug][gc,phases      ] GC(30)   Weak JFR Old Object Samples    Min:  0.0, Avg:  0.0, Max:  0.0, Diff:  0.0, Sum:  0.0, Workers: 4
[619.283s][debug][gc,phases      ] GC(30)     Dead                           Min: 0, Avg:  0.0, Max: 0, Diff: 0, Sum: 0, Workers: 4
[619.283s][debug][gc,phases      ] GC(30)     Total                          Min: 0, Avg:  0.0, Max: 0, Diff: 0, Sum: 0, Workers: 4
[619.283s][debug][gc,phases      ] GC(30) Weak Processing 0.622ms
[619.283s][debug][gc,age         ] GC(30) Desired survivor size 144703488 bytes, new threshold 1 (max threshold 15)
[619.283s][info ][gc,heap        ] GC(30) PSYoungGen: 197306K(1946112K)->4994K(1934848K) Eden: 186474K(1783808K)->0K(1783808K) From: 10832K(162304K)->4994K(151040K)
[619.283s][info ][gc,heap        ] GC(30) ParOldGen: 285105K(285184K)->294813K(294912K)
[619.284s][info ][gc,metaspace   ] GC(30) Metaspace: 94802K(96064K)->94802K(96064K) NonClass: 80833K(81536K)->80833K(81536K) Class: 13969K(14528K)->13969K(14528K)
[619.284s][info ][gc             ] GC(30) Pause Young (GCLocker Initiated GC) 471M->292M(2177M) 12.653ms
[619.284s][info ][gc,cpu         ] GC(30) User=0.02s Sys=0.01s Real=0.01s
[619.284s][info ][safepoint      ] Safepoint "ParallelGCSystemGC", Time since last: 677912 ns, Reaching safepoint: 1500 ns, Cleanup: 900 ns, At safepoint: 12736414 ns, Total: 12738814 ns
[620.284s][info ][safepoint      ] Safepoint "Cleanup", Time since last: 1000100540 ns, Reaching safepoint: 8800 ns, Cleanup: 62501 ns, At safepoint: 13400 ns, Total: 84701 ns
[621.284s][info ][safepoint      ] Safepoint "Cleanup", Time since last: 1000130341 ns, Reaching safepoint: 8400 ns, Cleanup: 119702 ns, At safepoint: 2500 ns, Total: 130602 ns
[622.284s][info ][safepoint      ] Safepoint "Cleanup", Time since last: 1000121940 ns, Reaching safepoint: 9501 ns, Cleanup: 60601 ns, At safepoint: 2400 ns, Total: 72502 ns
[623.284s][info ][safepoint      ] Safepoint "Cleanup", Time since last: 1000121240 ns, Reaching safepoint: 83801 ns, Cleanup: 50801 ns, At safepoint: 12100 ns, Total: 146702 ns
[624.285s][info ][safepoint      ] Safepoint "Cleanup", Time since last: 1000144741 ns, Reaching safepoint: 11200 ns, Cleanup: 39201 ns, At safepoint: 2800 ns, Total: 53201 ns
[624.966s][info ][gc,start       ] GC(31) Pause Young (Allocation Failure)
[624.989s][debug][gc,phases      ] GC(31) Scavenge 23.128ms
[624.989s][debug][gc,ref         ] GC(31) ReferenceProcessor::execute queues: 1, RefProcThreadModel::Single, marks_oops_alive: false
[624.990s][debug][gc,ref         ] GC(31) Skipped KeepAliveFinalRefsPhase of Reference Processing: no references
[624.990s][debug][gc,ref         ] GC(31) ReferenceProcessor::execute queues: 1, RefProcThreadModel::Single, marks_oops_alive: false
[624.990s][debug][gc,phases      ] GC(31) Reference Processing 0.200ms
[624.990s][debug][gc,phases      ] GC(31)   VM Weak                        Min:  0.0, Avg:  0.0, Max:  0.0, Diff:  0.0, Sum:  0.0, Workers: 4
[624.990s][debug][gc,phases      ] GC(31)     Dead                           Min: 0, Avg:  0.0, Max: 0, Diff: 0, Sum: 0, Workers: 4
[624.990s][debug][gc,phases      ] GC(31)     Total                          Min: 0, Avg: 242.5, Max: 650, Diff: 650, Sum: 970, Workers: 4
[624.990s][debug][gc,phases      ] GC(31)   ObjectSynchronizer Weak        Min:  0.0, Avg:  0.0, Max:  0.0, Diff:  0.0, Sum:  0.0, Workers: 4
[624.990s][debug][gc,phases      ] GC(31)     Dead                           Min: 0, Avg:  0.0, Max: 0, Diff: 0, Sum: 0, Workers: 4
[624.990s][debug][gc,phases      ] GC(31)     Total                          Min: 0, Avg:  1.0, Max: 4, Diff: 4, Sum: 4, Workers: 4
[624.990s][debug][gc,phases      ] GC(31)   JVMTI Tag Weak OopStorage      Min:  0.0, Avg:  0.0, Max:  0.0, Diff:  0.0, Sum:  0.0, Workers: 4
[624.990s][debug][gc,phases      ] GC(31)     Dead                           Min: 0, Avg:  0.0, Max: 0, Diff: 0, Sum: 0, Workers: 4
[624.990s][debug][gc,phases      ] GC(31)     Total                          Min: 0, Avg:  0.0, Max: 0, Diff: 0, Sum: 0, Workers: 4
[624.990s][debug][gc,phases      ] GC(31)   StringTable Weak               Min:  0.0, Avg:  0.1, Max:  0.2, Diff:  0.2, Sum:  0.5, Workers: 4
[624.990s][debug][gc,phases      ] GC(31)     Dead                           Min: 0, Avg:  0.5, Max: 2, Diff: 2, Sum: 2, Workers: 4
[624.990s][debug][gc,phases      ] GC(31)     Total                          Min: 0, Avg: 12031.0, Max: 24062, Diff: 24062, Sum: 48124, Workers: 4
[624.990s][debug][gc,phases      ] GC(31)   ResolvedMethodTable Weak       Min:  0.0, Avg:  0.0, Max:  0.1, Diff:  0.1, Sum:  0.1, Workers: 4
[624.990s][debug][gc,phases      ] GC(31)     Dead                           Min: 0, Avg:  1.5, Max: 5, Diff: 5, Sum: 6, Workers: 4
[624.990s][debug][gc,phases      ] GC(31)     Total                          Min: 0, Avg: 3279.0, Max: 6704, Diff: 6704, Sum: 13116, Workers: 4
[624.990s][debug][gc,phases      ] GC(31)   JNI Weak                       Min:  0.0, Avg:  0.0, Max:  0.0, Diff:  0.0, Sum:  0.0, Workers: 4
[624.990s][debug][gc,phases      ] GC(31)     Dead                           Min: 0, Avg:  0.0, Max: 0, Diff: 0, Sum: 0, Workers: 4
[624.990s][debug][gc,phases      ] GC(31)     Total                          Min: 0, Avg: 12.5, Max: 50, Diff: 50, Sum: 50, Workers: 4
[624.990s][debug][gc,phases      ] GC(31)   StringDedup Table Weak         Min:  0.0, Avg:  0.0, Max:  0.0, Diff:  0.0, Sum:  0.0, Workers: 4
[624.990s][debug][gc,phases      ] GC(31)     Dead                           Min: 0, Avg:  0.0, Max: 0, Diff: 0, Sum: 0, Workers: 4
[624.990s][debug][gc,phases      ] GC(31)     Total                          Min: 0, Avg:  0.0, Max: 0, Diff: 0, Sum: 0, Workers: 4
[624.990s][debug][gc,phases      ] GC(31)   StringDedup Requests0 Weak     Min:  0.0, Avg:  0.0, Max:  0.0, Diff:  0.0, Sum:  0.0, Workers: 4
[624.990s][debug][gc,phases      ] GC(31)     Dead                           Min: 0, Avg:  0.0, Max: 0, Diff: 0, Sum: 0, Workers: 4
[624.990s][debug][gc,phases      ] GC(31)     Total                          Min: 0, Avg:  0.0, Max: 0, Diff: 0, Sum: 0, Workers: 4
[624.990s][debug][gc,phases      ] GC(31)   StringDedup Requests1 Weak     Min:  0.0, Avg:  0.0, Max:  0.0, Diff:  0.0, Sum:  0.0, Workers: 4
[624.990s][debug][gc,phases      ] GC(31)     Dead                           Min: 0, Avg:  0.0, Max: 0, Diff: 0, Sum: 0, Workers: 4
[624.990s][debug][gc,phases      ] GC(31)     Total                          Min: 0, Avg:  0.0, Max: 0, Diff: 0, Sum: 0, Workers: 4
[624.990s][debug][gc,phases      ] GC(31)   Weak JFR Old Object Samples    Min:  0.0, Avg:  0.0, Max:  0.0, Diff:  0.0, Sum:  0.0, Workers: 4
[624.990s][debug][gc,phases      ] GC(31)     Dead                           Min: 0, Avg:  0.0, Max: 0, Diff: 0, Sum: 0, Workers: 4
[624.990s][debug][gc,phases      ] GC(31)     Total                          Min: 0, Avg:  0.0, Max: 0, Diff: 0, Sum: 0, Workers: 4
[624.990s][debug][gc,phases      ] GC(31) Weak Processing 0.614ms
[624.990s][debug][gc,age         ] GC(31) Desired survivor size 142606336 bytes, new threshold 1 (max threshold 15)
[624.990s][info ][gc,heap        ] GC(31) PSYoungGen: 1788802K(1934848K)->48841K(1957888K) Eden: 1783808K(1783808K)->0K(1816576K) From: 4994K(151040K)->48841K(141312K)
[624.990s][info ][gc,heap        ] GC(31) ParOldGen: 294813K(294912K)->297941K(297984K)
[624.990s][info ][gc,metaspace   ] GC(31) Metaspace: 94996K(96256K)->94996K(96256K) NonClass: 80999K(81728K)->80999K(81728K) Class: 13997K(14528K)->13997K(14528K)
[624.990s][info ][gc             ] GC(31) Pause Young (Allocation Failure) 2034M->338M(2203M) 24.128ms
[624.990s][info ][gc,cpu         ] GC(31) User=0.06s Sys=0.00s Real=0.03s
[624.990s][info ][safepoint      ] Safepoint "ParallelGCFailedAllocation", Time since last: 680623363 ns, Reaching safepoint: 403906 ns, Cleanup: 363005 ns, At safepoint: 24300256 ns, Total: 25067167 ns
[625.991s][info ][safepoint      ] Safepoint "Cleanup", Time since last: 1000097028 ns, Reaching safepoint: 10600 ns, Cleanup: 33501 ns, At safepoint: 8500 ns, Total: 52601 ns
[626.991s][info ][safepoint      ] Safepoint "Cleanup", Time since last: 1000140785 ns, Reaching safepoint: 11000 ns, Cleanup: 115602 ns, At safepoint: 16500 ns, Total: 143102 ns
[627.991s][info ][safepoint      ] Safepoint "Cleanup", Time since last: 1000147352 ns, Reaching safepoint: 85602 ns, Cleanup: 17300 ns, At safepoint: 7400 ns, Total: 110302 ns
[628.991s][info ][safepoint      ] Safepoint "Cleanup", Time since last: 1000220141 ns, Reaching safepoint: 10900 ns, Cleanup: 16400 ns, At safepoint: 2400 ns, Total: 29700 ns
[629.991s][info ][safepoint      ] Safepoint "Cleanup", Time since last: 1000118840 ns, Reaching safepoint: 9100 ns, Cleanup: 15600 ns, At safepoint: 2700 ns, Total: 27400 ns
[630.992s][info ][safepoint      ] Safepoint "Cleanup", Time since last: 1000122640 ns, Reaching safepoint: 7700 ns, Cleanup: 31600 ns, At safepoint: 2400 ns, Total: 41700 ns
[631.992s][info ][safepoint      ] Safepoint "Cleanup", Time since last: 1000099340 ns, Reaching safepoint: 8600 ns, Cleanup: 31200 ns, At safepoint: 2800 ns, Total: 42600 ns
[632.359s][info ][gc,start       ] GC(32) Pause Young (Allocation Failure)
[632.407s][debug][gc,phases      ] GC(32) Scavenge 48.107ms
[632.408s][debug][gc,ref         ] GC(32) ReferenceProcessor::execute queues: 1, RefProcThreadModel::Single, marks_oops_alive: false
[632.408s][debug][gc,ref         ] GC(32) Skipped KeepAliveFinalRefsPhase of Reference Processing: no references
[632.408s][debug][gc,ref         ] GC(32) ReferenceProcessor::execute queues: 1, RefProcThreadModel::Single, marks_oops_alive: false
[632.408s][debug][gc,phases      ] GC(32) Reference Processing 0.120ms
[632.408s][debug][gc,phases      ] GC(32)   VM Weak                        Min:  0.0, Avg:  0.0, Max:  0.0, Diff:  0.0, Sum:  0.0, Workers: 4
[632.408s][debug][gc,phases      ] GC(32)     Dead                           Min: 0, Avg:  0.0, Max: 0, Diff: 0, Sum: 0, Workers: 4
[632.408s][debug][gc,phases      ] GC(32)     Total                          Min: 0, Avg: 243.5, Max: 960, Diff: 960, Sum: 974, Workers: 4
[632.408s][debug][gc,phases      ] GC(32)   ObjectSynchronizer Weak        Min:  0.0, Avg:  0.0, Max:  0.0, Diff:  0.0, Sum:  0.0, Workers: 4
[632.408s][debug][gc,phases      ] GC(32)     Dead                           Min: 0, Avg:  0.0, Max: 0, Diff: 0, Sum: 0, Workers: 4
[632.408s][debug][gc,phases      ] GC(32)     Total                          Min: 0, Avg:  1.0, Max: 4, Diff: 4, Sum: 4, Workers: 4
[632.408s][debug][gc,phases      ] GC(32)   JVMTI Tag Weak OopStorage      Min:  0.0, Avg:  0.0, Max:  0.0, Diff:  0.0, Sum:  0.0, Workers: 4
[632.408s][debug][gc,phases      ] GC(32)     Dead                           Min: 0, Avg:  0.0, Max: 0, Diff: 0, Sum: 0, Workers: 4
[632.408s][debug][gc,phases      ] GC(32)     Total                          Min: 0, Avg:  0.0, Max: 0, Diff: 0, Sum: 0, Workers: 4
[632.408s][debug][gc,phases      ] GC(32)   StringTable Weak               Min:  0.0, Avg:  0.1, Max:  0.2, Diff:  0.2, Sum:  0.4, Workers: 4
[632.408s][debug][gc,phases      ] GC(32)     Dead                           Min: 0, Avg:  0.2, Max: 1, Diff: 1, Sum: 1, Workers: 4
[632.408s][debug][gc,phases      ] GC(32)     Total                          Min: 0, Avg: 12040.2, Max: 26304, Diff: 26304, Sum: 48161, Workers: 4
[632.408s][debug][gc,phases      ] GC(32)   ResolvedMethodTable Weak       Min:  0.0, Avg:  0.0, Max:  0.1, Diff:  0.1, Sum:  0.1, Workers: 4
[632.408s][debug][gc,phases      ] GC(32)     Dead                           Min: 0, Avg:  0.0, Max: 0, Diff: 0, Sum: 0, Workers: 4
[632.408s][debug][gc,phases      ] GC(32)     Total                          Min: 0, Avg: 3282.0, Max: 7097, Diff: 7097, Sum: 13128, Workers: 4
[632.408s][debug][gc,phases      ] GC(32)   JNI Weak                       Min:  0.0, Avg:  0.0, Max:  0.0, Diff:  0.0, Sum:  0.0, Workers: 4
[632.408s][debug][gc,phases      ] GC(32)     Dead                           Min: 0, Avg:  0.0, Max: 0, Diff: 0, Sum: 0, Workers: 4
[632.408s][debug][gc,phases      ] GC(32)     Total                          Min: 0, Avg: 12.0, Max: 48, Diff: 48, Sum: 48, Workers: 4
[632.408s][debug][gc,phases      ] GC(32)   StringDedup Table Weak         Min:  0.0, Avg:  0.0, Max:  0.0, Diff:  0.0, Sum:  0.0, Workers: 4
[632.408s][debug][gc,phases      ] GC(32)     Dead                           Min: 0, Avg:  0.0, Max: 0, Diff: 0, Sum: 0, Workers: 4
[632.408s][debug][gc,phases      ] GC(32)     Total                          Min: 0, Avg:  0.0, Max: 0, Diff: 0, Sum: 0, Workers: 4
[632.408s][debug][gc,phases      ] GC(32)   StringDedup Requests0 Weak     Min:  0.0, Avg:  0.0, Max:  0.0, Diff:  0.0, Sum:  0.0, Workers: 4
[632.408s][debug][gc,phases      ] GC(32)     Dead                           Min: 0, Avg:  0.0, Max: 0, Diff: 0, Sum: 0, Workers: 4
[632.408s][debug][gc,phases      ] GC(32)     Total                          Min: 0, Avg:  0.0, Max: 0, Diff: 0, Sum: 0, Workers: 4
[632.408s][debug][gc,phases      ] GC(32)   StringDedup Requests1 Weak     Min:  0.0, Avg:  0.0, Max:  0.0, Diff:  0.0, Sum:  0.0, Workers: 4
[632.408s][debug][gc,phases      ] GC(32)     Dead                           Min: 0, Avg:  0.0, Max: 0, Diff: 0, Sum: 0, Workers: 4
[632.408s][debug][gc,phases      ] GC(32)     Total                          Min: 0, Avg:  0.0, Max: 0, Diff: 0, Sum: 0, Workers: 4
[632.408s][debug][gc,phases      ] GC(32)   Weak JFR Old Object Samples    Min:  0.0, Avg:  0.0, Max:  0.0, Diff:  0.0, Sum:  0.0, Workers: 4
[632.408s][debug][gc,phases      ] GC(32)     Dead                           Min: 0, Avg:  0.0, Max: 0, Diff: 0, Sum: 0, Workers: 4
[632.408s][debug][gc,phases      ] GC(32)     Total                          Min: 0, Avg:  0.0, Max: 0, Diff: 0, Sum: 0, Workers: 4
[632.408s][debug][gc,phases      ] GC(32) Weak Processing 0.589ms
[632.408s][debug][gc,age         ] GC(32) Desired survivor size 136839168 bytes, new threshold 1 (max threshold 15)
[632.408s][info ][gc,heap        ] GC(32) PSYoungGen: 1865417K(1957888K)->39200K(1955840K) Eden: 1816576K(1816576K)->0K(1816576K) From: 48841K(141312K)->39200K(139264K)
[632.408s][info ][gc,heap        ] GC(32) ParOldGen: 297941K(297984K)->346177K(346624K)
[632.408s][info ][gc,metaspace   ] GC(32) Metaspace: 95102K(96320K)->95102K(96320K) NonClass: 81100K(81792K)->81100K(81792K) Class: 14001K(14528K)->14001K(14528K)
[632.408s][info ][gc             ] GC(32) Pause Young (Allocation Failure) 2112M->376M(2248M) 48.952ms
[632.408s][info ][gc,cpu         ] GC(32) User=0.09s Sys=0.03s Real=0.05s
[632.408s][info ][safepoint      ] Safepoint "ParallelGCFailedAllocation", Time since last: 367337233 ns, Reaching safepoint: 78802 ns, Cleanup: 12900 ns, At safepoint: 49041397 ns, Total: 49133099 ns
[633.408s][info ][safepoint      ] Safepoint "Cleanup", Time since last: 1000049251 ns, Reaching safepoint: 7400 ns, Cleanup: 52701 ns, At safepoint: 2400 ns, Total: 62501 ns
[634.409s][info ][safepoint      ] Safepoint "Cleanup", Time since last: 1000125253 ns, Reaching safepoint: 11800 ns, Cleanup: 46101 ns, At safepoint: 8700 ns, Total: 66601 ns
[635.409s][info ][safepoint      ] Safepoint "Cleanup", Time since last: 1000120453 ns, Reaching safepoint: 7600 ns, Cleanup: 44201 ns, At safepoint: 2600 ns, Total: 54401 ns
[636.409s][info ][safepoint      ] Safepoint "Cleanup", Time since last: 1000128196 ns, Reaching safepoint: 9401 ns, Cleanup: 64800 ns, At safepoint: 7501 ns, Total: 81702 ns
[637.409s][info ][safepoint      ] Safepoint "Cleanup", Time since last: 1000117720 ns, Reaching safepoint: 82201 ns, Cleanup: 16800 ns, At safepoint: 9400 ns, Total: 108401 ns
[637.958s][info ][safepoint      ] Safepoint "ParallelGCFailedAllocation", Time since last: 549049572 ns, Reaching safepoint: 9000 ns, Cleanup: 30401 ns, At safepoint: 8400 ns, Total: 47801 ns
[637.958s][info ][gc,start       ] GC(33) Pause Young (GCLocker Initiated GC)
[638.001s][debug][gc,phases      ] GC(33) Scavenge 42.857ms
[638.001s][debug][gc,ref         ] GC(33) ReferenceProcessor::execute queues: 1, RefProcThreadModel::Single, marks_oops_alive: false
[638.001s][debug][gc,ref         ] GC(33) Skipped KeepAliveFinalRefsPhase of Reference Processing: no references
[638.001s][debug][gc,ref         ] GC(33) ReferenceProcessor::execute queues: 1, RefProcThreadModel::Single, marks_oops_alive: false
[638.001s][debug][gc,phases      ] GC(33) Reference Processing 0.122ms
[638.002s][debug][gc,phases      ] GC(33)   VM Weak                        Min:  0.0, Avg:  0.0, Max:  0.0, Diff:  0.0, Sum:  0.0, Workers: 4
[638.002s][debug][gc,phases      ] GC(33)     Dead                           Min: 0, Avg:  0.0, Max: 0, Diff: 0, Sum: 0, Workers: 4
[638.002s][debug][gc,phases      ] GC(33)     Total                          Min: 0, Avg: 244.5, Max: 594, Diff: 594, Sum: 978, Workers: 4
[638.002s][debug][gc,phases      ] GC(33)   ObjectSynchronizer Weak        Min:  0.0, Avg:  0.0, Max:  0.0, Diff:  0.0, Sum:  0.0, Workers: 4
[638.002s][debug][gc,phases      ] GC(33)     Dead                           Min: 0, Avg:  0.0, Max: 0, Diff: 0, Sum: 0, Workers: 4
[638.002s][debug][gc,phases      ] GC(33)     Total                          Min: 0, Avg:  1.0, Max: 4, Diff: 4, Sum: 4, Workers: 4
[638.002s][debug][gc,phases      ] GC(33)   JVMTI Tag Weak OopStorage      Min:  0.0, Avg:  0.0, Max:  0.0, Diff:  0.0, Sum:  0.0, Workers: 4
[638.002s][debug][gc,phases      ] GC(33)     Dead                           Min: 0, Avg:  0.0, Max: 0, Diff: 0, Sum: 0, Workers: 4
[638.002s][debug][gc,phases      ] GC(33)     Total                          Min: 0, Avg:  0.0, Max: 0, Diff: 0, Sum: 0, Workers: 4
[638.002s][debug][gc,phases      ] GC(33)   StringTable Weak               Min:  0.0, Avg:  0.1, Max:  0.2, Diff:  0.2, Sum:  0.5, Workers: 4
[638.002s][debug][gc,phases      ] GC(33)     Dead                           Min: 0, Avg:  0.2, Max: 1, Diff: 1, Sum: 1, Workers: 4
[638.002s][debug][gc,phases      ] GC(33)     Total                          Min: 0, Avg: 12055.8, Max: 16479, Diff: 16479, Sum: 48223, Workers: 4
[638.002s][debug][gc,phases      ] GC(33)   ResolvedMethodTable Weak       Min:  0.0, Avg:  0.0, Max:  0.0, Diff:  0.0, Sum:  0.1, Workers: 4
[638.002s][debug][gc,phases      ] GC(33)     Dead                           Min: 0, Avg:  4.0, Max: 13, Diff: 13, Sum: 16, Workers: 4
[638.002s][debug][gc,phases      ] GC(33)     Total                          Min: 0, Avg: 3286.8, Max: 4631, Diff: 4631, Sum: 13147, Workers: 4
[638.002s][debug][gc,phases      ] GC(33)   JNI Weak                       Min:  0.0, Avg:  0.0, Max:  0.0, Diff:  0.0, Sum:  0.0, Workers: 4
[638.002s][debug][gc,phases      ] GC(33)     Dead                           Min: 0, Avg:  0.0, Max: 0, Diff: 0, Sum: 0, Workers: 4
[638.002s][debug][gc,phases      ] GC(33)     Total                          Min: 0, Avg: 12.0, Max: 48, Diff: 48, Sum: 48, Workers: 4
[638.002s][debug][gc,phases      ] GC(33)   StringDedup Table Weak         Min:  0.0, Avg:  0.0, Max:  0.0, Diff:  0.0, Sum:  0.0, Workers: 4
[638.002s][debug][gc,phases      ] GC(33)     Dead                           Min: 0, Avg:  0.0, Max: 0, Diff: 0, Sum: 0, Workers: 4
[638.002s][debug][gc,phases      ] GC(33)     Total                          Min: 0, Avg:  0.0, Max: 0, Diff: 0, Sum: 0, Workers: 4
[638.002s][debug][gc,phases      ] GC(33)   StringDedup Requests0 Weak     Min:  0.0, Avg:  0.0, Max:  0.0, Diff:  0.0, Sum:  0.0, Workers: 4
[638.002s][debug][gc,phases      ] GC(33)     Dead                           Min: 0, Avg:  0.0, Max: 0, Diff: 0, Sum: 0, Workers: 4
[638.002s][debug][gc,phases      ] GC(33)     Total                          Min: 0, Avg:  0.0, Max: 0, Diff: 0, Sum: 0, Workers: 4
[638.002s][debug][gc,phases      ] GC(33)   StringDedup Requests1 Weak     Min:  0.0, Avg:  0.0, Max:  0.0, Diff:  0.0, Sum:  0.0, Workers: 4
[638.002s][debug][gc,phases      ] GC(33)     Dead                           Min: 0, Avg:  0.0, Max: 0, Diff: 0, Sum: 0, Workers: 4
[638.002s][debug][gc,phases      ] GC(33)     Total                          Min: 0, Avg:  0.0, Max: 0, Diff: 0, Sum: 0, Workers: 4
[638.002s][debug][gc,phases      ] GC(33)   Weak JFR Old Object Samples    Min:  0.0, Avg:  0.0, Max:  0.0, Diff:  0.0, Sum:  0.0, Workers: 4
[638.002s][debug][gc,phases      ] GC(33)     Dead                           Min: 0, Avg:  0.0, Max: 0, Diff: 0, Sum: 0, Workers: 4
[638.002s][debug][gc,phases      ] GC(33)     Total                          Min: 0, Avg:  0.0, Max: 0, Diff: 0, Sum: 0, Workers: 4
[638.002s][debug][gc,phases      ] GC(33) Weak Processing 0.480ms
[638.002s][debug][gc,age         ] GC(33) Desired survivor size 130547712 bytes, new threshold 1 (max threshold 15)
[638.002s][info ][gc,heap        ] GC(33) PSYoungGen: 1855776K(1955840K)->39136K(1969664K) Eden: 1816576K(1816576K)->0K(1836032K) From: 39200K(139264K)->39136K(133632K)
[638.002s][info ][gc,heap        ] GC(33) ParOldGen: 346193K(346624K)->383757K(384000K)
[638.002s][info ][gc,metaspace   ] GC(33) Metaspace: 95238K(96512K)->95238K(96512K) NonClass: 81231K(81920K)->81231K(81920K) Class: 14007K(14592K)->14007K(14592K)
[638.002s][info ][gc             ] GC(33) Pause Young (GCLocker Initiated GC) 2150M->412M(2298M) 43.588ms
[638.002s][info ][gc,cpu         ] GC(33) User=0.09s Sys=0.03s Real=0.04s
[638.002s][info ][safepoint      ] Safepoint "ParallelGCSystemGC", Time since last: 95701 ns, Reaching safepoint: 1800 ns, Cleanup: 700 ns, At safepoint: 43674934 ns, Total: 43677434 ns
[639.397s][info ][safepoint      ] Safepoint "Cleanup", Time since last: 1395119455 ns, Reaching safepoint: 107302 ns, Cleanup: 45501 ns, At safepoint: 7100 ns, Total: 159903 ns
[640.398s][info ][safepoint      ] Safepoint "Cleanup", Time since last: 1000118820 ns, Reaching safepoint: 79401 ns, Cleanup: 36801 ns, At safepoint: 8100 ns, Total: 124302 ns
[641.398s][info ][safepoint      ] Safepoint "Cleanup", Time since last: 1000132920 ns, Reaching safepoint: 84702 ns, Cleanup: 48500 ns, At safepoint: 12101 ns, Total: 145303 ns
[642.398s][info ][safepoint      ] Safepoint "Cleanup", Time since last: 1000135298 ns, Reaching safepoint: 83002 ns, Cleanup: 51000 ns, At safepoint: 8901 ns, Total: 142903 ns
[643.398s][info ][safepoint      ] Safepoint "Cleanup", Time since last: 1000150979 ns, Reaching safepoint: 91402 ns, Cleanup: 56101 ns, At safepoint: 16900 ns, Total: 164403 ns
[644.399s][info ][safepoint      ] Safepoint "Cleanup", Time since last: 1000133544 ns, Reaching safepoint: 86901 ns, Cleanup: 76401 ns, At safepoint: 10300 ns, Total: 173602 ns
[645.372s][info ][safepoint      ] Safepoint "ParallelGCFailedAllocation", Time since last: 973239084 ns, Reaching safepoint: 90601 ns, Cleanup: 35400 ns, At safepoint: 19001 ns, Total: 145002 ns
[645.372s][info ][gc,start       ] GC(34) Pause Young (GCLocker Initiated GC)
[645.412s][debug][gc,phases      ] GC(34) Scavenge 39.177ms
[645.412s][debug][gc,ref         ] GC(34) ReferenceProcessor::execute queues: 1, RefProcThreadModel::Single, marks_oops_alive: false
[645.412s][debug][gc,ref         ] GC(34) Skipped KeepAliveFinalRefsPhase of Reference Processing: no references
[645.412s][debug][gc,ref         ] GC(34) ReferenceProcessor::execute queues: 1, RefProcThreadModel::Single, marks_oops_alive: false
[645.412s][debug][gc,phases      ] GC(34) Reference Processing 0.142ms
[645.412s][debug][gc,phases      ] GC(34)   VM Weak                        Min:  0.0, Avg:  0.0, Max:  0.0, Diff:  0.0, Sum:  0.0, Workers: 4
[645.412s][debug][gc,phases      ] GC(34)     Dead                           Min: 0, Avg:  0.0, Max: 0, Diff: 0, Sum: 0, Workers: 4
[645.412s][debug][gc,phases      ] GC(34)     Total                          Min: 0, Avg: 248.8, Max: 704, Diff: 704, Sum: 995, Workers: 4
[645.412s][debug][gc,phases      ] GC(34)   ObjectSynchronizer Weak        Min:  0.0, Avg:  0.0, Max:  0.0, Diff:  0.0, Sum:  0.0, Workers: 4
[645.412s][debug][gc,phases      ] GC(34)     Dead                           Min: 0, Avg:  0.0, Max: 0, Diff: 0, Sum: 0, Workers: 4
[645.412s][debug][gc,phases      ] GC(34)     Total                          Min: 0, Avg:  1.0, Max: 4, Diff: 4, Sum: 4, Workers: 4
[645.412s][debug][gc,phases      ] GC(34)   JVMTI Tag Weak OopStorage      Min:  0.0, Avg:  0.0, Max:  0.0, Diff:  0.0, Sum:  0.0, Workers: 4
[645.412s][debug][gc,phases      ] GC(34)     Dead                           Min: 0, Avg:  0.0, Max: 0, Diff: 0, Sum: 0, Workers: 4
[645.412s][debug][gc,phases      ] GC(34)     Total                          Min: 0, Avg:  0.0, Max: 0, Diff: 0, Sum: 0, Workers: 4
[645.412s][debug][gc,phases      ] GC(34)   StringTable Weak               Min:  0.0, Avg:  0.1, Max:  0.2, Diff:  0.2, Sum:  0.4, Workers: 4
[645.412s][debug][gc,phases      ] GC(34)     Dead                           Min: 0, Avg:  0.5, Max: 2, Diff: 2, Sum: 2, Workers: 4
[645.412s][debug][gc,phases      ] GC(34)     Total                          Min: 0, Avg: 12085.8, Max: 27199, Diff: 27199, Sum: 48343, Workers: 4
[645.412s][debug][gc,phases      ] GC(34)   ResolvedMethodTable Weak       Min:  0.0, Avg:  0.0, Max:  0.1, Diff:  0.1, Sum:  0.1, Workers: 4
[645.412s][debug][gc,phases      ] GC(34)     Dead                           Min: 0, Avg:  6.0, Max: 12, Diff: 12, Sum: 24, Workers: 4
[645.412s][debug][gc,phases      ] GC(34)     Total                          Min: 0, Avg: 3325.0, Max: 7977, Diff: 7977, Sum: 13300, Workers: 4
[645.412s][debug][gc,phases      ] GC(34)   JNI Weak                       Min:  0.0, Avg:  0.0, Max:  0.0, Diff:  0.0, Sum:  0.0, Workers: 4
[645.412s][debug][gc,phases      ] GC(34)     Dead                           Min: 0, Avg:  0.0, Max: 0, Diff: 0, Sum: 0, Workers: 4
[645.412s][debug][gc,phases      ] GC(34)     Total                          Min: 0, Avg: 12.5, Max: 50, Diff: 50, Sum: 50, Workers: 4
[645.412s][debug][gc,phases      ] GC(34)   StringDedup Table Weak         Min:  0.0, Avg:  0.0, Max:  0.0, Diff:  0.0, Sum:  0.0, Workers: 4
[645.412s][debug][gc,phases      ] GC(34)     Dead                           Min: 0, Avg:  0.0, Max: 0, Diff: 0, Sum: 0, Workers: 4
[645.412s][debug][gc,phases      ] GC(34)     Total                          Min: 0, Avg:  0.0, Max: 0, Diff: 0, Sum: 0, Workers: 4
[645.412s][debug][gc,phases      ] GC(34)   StringDedup Requests0 Weak     Min:  0.0, Avg:  0.0, Max:  0.0, Diff:  0.0, Sum:  0.0, Workers: 4
[645.412s][debug][gc,phases      ] GC(34)     Dead                           Min: 0, Avg:  0.0, Max: 0, Diff: 0, Sum: 0, Workers: 4
[645.412s][debug][gc,phases      ] GC(34)     Total                          Min: 0, Avg:  0.0, Max: 0, Diff: 0, Sum: 0, Workers: 4
[645.412s][debug][gc,phases      ] GC(34)   StringDedup Requests1 Weak     Min:  0.0, Avg:  0.0, Max:  0.0, Diff:  0.0, Sum:  0.0, Workers: 4
[645.412s][debug][gc,phases      ] GC(34)     Dead                           Min: 0, Avg:  0.0, Max: 0, Diff: 0, Sum: 0, Workers: 4
[645.412s][debug][gc,phases      ] GC(34)     Total                          Min: 0, Avg:  0.0, Max: 0, Diff: 0, Sum: 0, Workers: 4
[645.412s][debug][gc,phases      ] GC(34)   Weak JFR Old Object Samples    Min:  0.0, Avg:  0.0, Max:  0.0, Diff:  0.0, Sum:  0.0, Workers: 4
[645.412s][debug][gc,phases      ] GC(34)     Dead                           Min: 0, Avg:  0.0, Max: 0, Diff: 0, Sum: 0, Workers: 4
[645.412s][debug][gc,phases      ] GC(34)     Total                          Min: 0, Avg:  0.0, Max: 0, Diff: 0, Sum: 0, Workers: 4
[645.412s][debug][gc,phases      ] GC(34) Weak Processing 0.528ms
[645.412s][debug][gc,age         ] GC(34) Desired survivor size 124780544 bytes, new threshold 1 (max threshold 15)
[645.412s][info ][gc,heap        ] GC(34) PSYoungGen: 1875168K(1969664K)->38912K(1963520K) Eden: 1836032K(1836032K)->0K(1836032K) From: 39136K(133632K)->38912K(127488K)
[645.412s][info ][gc,heap        ] GC(34) ParOldGen: 384528K(385024K)->420940K(421376K)
[645.412s][info ][gc,metaspace   ] GC(34) Metaspace: 95569K(96832K)->95569K(96832K) NonClass: 81503K(82240K)->81503K(82240K) Class: 14065K(14592K)->14065K(14592K)
[645.412s][info ][gc             ] GC(34) Pause Young (GCLocker Initiated GC) 2206M->449M(2329M) 39.971ms
[645.412s][info ][gc,cpu         ] GC(34) User=0.09s Sys=0.02s Real=0.04s
[645.412s][info ][safepoint      ] Safepoint "ParallelGCSystemGC", Time since last: 127501 ns, Reaching safepoint: 82601 ns, Cleanup: 1400 ns, At safepoint: 40073252 ns, Total: 40157253 ns
[646.413s][info ][safepoint      ] Safepoint "Cleanup", Time since last: 1000085787 ns, Reaching safepoint: 77801 ns, Cleanup: 32201 ns, At safepoint: 5900 ns, Total: 115902 ns
[647.413s][info ][safepoint      ] Safepoint "Cleanup", Time since last: 1000106387 ns, Reaching safepoint: 77101 ns, Cleanup: 52400 ns, At safepoint: 7000 ns, Total: 136501 ns
[648.413s][info ][safepoint      ] Safepoint "Cleanup", Time since last: 1000077354 ns, Reaching safepoint: 7100 ns, Cleanup: 39901 ns, At safepoint: 2700 ns, Total: 49701 ns
[649.413s][info ][safepoint      ] Safepoint "Cleanup", Time since last: 1000096079 ns, Reaching safepoint: 6400 ns, Cleanup: 12800 ns, At safepoint: 2200 ns, Total: 21400 ns
[650.413s][info ][safepoint      ] Safepoint "Cleanup", Time since last: 1000109379 ns, Reaching safepoint: 8900 ns, Cleanup: 47001 ns, At safepoint: 6600 ns, Total: 62501 ns
[651.413s][info ][safepoint      ] Safepoint "Cleanup", Time since last: 1000111379 ns, Reaching safepoint: 9700 ns, Cleanup: 27301 ns, At safepoint: 2800 ns, Total: 39801 ns
[652.414s][info ][safepoint      ] Safepoint "Cleanup", Time since last: 1000126595 ns, Reaching safepoint: 8200 ns, Cleanup: 26600 ns, At safepoint: 2700 ns, Total: 37500 ns
[653.414s][info ][safepoint      ] Safepoint "Cleanup", Time since last: 1000363654 ns, Reaching safepoint: 15101 ns, Cleanup: 35600 ns, At safepoint: 3200 ns, Total: 53901 ns
[657.414s][info ][safepoint      ] Safepoint "Cleanup", Time since last: 4000325801 ns, Reaching safepoint: 7900 ns, Cleanup: 15500 ns, At safepoint: 2300 ns, Total: 25700 ns
[659.415s][info ][safepoint      ] Safepoint "Cleanup", Time since last: 2000185601 ns, Reaching safepoint: 7800 ns, Cleanup: 11800 ns, At safepoint: 2500 ns, Total: 22100 ns
[661.301s][info ][safepoint      ] Safepoint "Cleanup", Time since last: 1886458243 ns, Reaching safepoint: 7300 ns, Cleanup: 35201 ns, At safepoint: 5100 ns, Total: 47601 ns
[662.301s][info ][safepoint      ] Safepoint "Cleanup", Time since last: 1000116102 ns, Reaching safepoint: 8500 ns, Cleanup: 15500 ns, At safepoint: 2700 ns, Total: 26700 ns
[663.301s][info ][safepoint      ] Safepoint "Cleanup", Time since last: 1000110802 ns, Reaching safepoint: 7600 ns, Cleanup: 14700 ns, At safepoint: 2500 ns, Total: 24800 ns
[664.302s][info ][safepoint      ] Safepoint "Cleanup", Time since last: 1000139703 ns, Reaching safepoint: 94601 ns, Cleanup: 68301 ns, At safepoint: 7300 ns, Total: 170202 ns
[664.707s][info ][safepoint      ] Safepoint "ICBufferFull", Time since last: 404909042 ns, Reaching safepoint: 84201 ns, Cleanup: 116102 ns, At safepoint: 10700 ns, Total: 211003 ns
[665.707s][info ][safepoint      ] Safepoint "Cleanup", Time since last: 1000126101 ns, Reaching safepoint: 8000 ns, Cleanup: 98702 ns, At safepoint: 3100 ns, Total: 109802 ns
[666.707s][info ][safepoint      ] Safepoint "Cleanup", Time since last: 1000106219 ns, Reaching safepoint: 6200 ns, Cleanup: 23700 ns, At safepoint: 2300 ns, Total: 32200 ns
[667.707s][info ][safepoint      ] Safepoint "Cleanup", Time since last: 1000091789 ns, Reaching safepoint: 6800 ns, Cleanup: 35401 ns, At safepoint: 2900 ns, Total: 45101 ns
[668.707s][info ][safepoint      ] Safepoint "Cleanup", Time since last: 1000128422 ns, Reaching safepoint: 8300 ns, Cleanup: 15800 ns, At safepoint: 2100 ns, Total: 26200 ns
[669.708s][info ][safepoint      ] Safepoint "Cleanup", Time since last: 1000121822 ns, Reaching safepoint: 7600 ns, Cleanup: 54000 ns, At safepoint: 2200 ns, Total: 63800 ns
[670.708s][info ][safepoint      ] Safepoint "Cleanup", Time since last: 1000128322 ns, Reaching safepoint: 9300 ns, Cleanup: 15901 ns, At safepoint: 3200 ns, Total: 28401 ns
[671.708s][info ][safepoint      ] Safepoint "Cleanup", Time since last: 1000125121 ns, Reaching safepoint: 9500 ns, Cleanup: 30701 ns, At safepoint: 7400 ns, Total: 47601 ns
[672.708s][info ][safepoint      ] Safepoint "Cleanup", Time since last: 1000147922 ns, Reaching safepoint: 7900 ns, Cleanup: 21900 ns, At safepoint: 2400 ns, Total: 32200 ns
[673.708s][info ][safepoint      ] Safepoint "Cleanup", Time since last: 1000123822 ns, Reaching safepoint: 10500 ns, Cleanup: 23901 ns, At safepoint: 2800 ns, Total: 37201 ns
[674.708s][info ][safepoint      ] Safepoint "Cleanup", Time since last: 1000112521 ns, Reaching safepoint: 8100 ns, Cleanup: 19501 ns, At safepoint: 2400 ns, Total: 30001 ns
[675.709s][info ][safepoint      ] Safepoint "Cleanup", Time since last: 1000154697 ns, Reaching safepoint: 9900 ns, Cleanup: 15700 ns, At safepoint: 2700 ns, Total: 28300 ns
[676.709s][info ][safepoint      ] Safepoint "Cleanup", Time since last: 1000123539 ns, Reaching safepoint: 8700 ns, Cleanup: 19700 ns, At safepoint: 2700 ns, Total: 31100 ns
[677.696s][info ][gc,start       ] GC(35) Pause Young (Allocation Failure)
[677.736s][debug][gc,phases      ] GC(35) Scavenge 40.022ms
[677.737s][debug][gc,ref         ] GC(35) ReferenceProcessor::execute queues: 1, RefProcThreadModel::Single, marks_oops_alive: false
[677.737s][debug][gc,ref         ] GC(35) Skipped KeepAliveFinalRefsPhase of Reference Processing: no references
[677.737s][debug][gc,ref         ] GC(35) ReferenceProcessor::execute queues: 1, RefProcThreadModel::Single, marks_oops_alive: false
[677.737s][debug][gc,phases      ] GC(35) Reference Processing 0.164ms
[677.737s][debug][gc,phases      ] GC(35)   VM Weak                        Min:  0.0, Avg:  0.0, Max:  0.0, Diff:  0.0, Sum:  0.0, Workers: 4
[677.737s][debug][gc,phases      ] GC(35)     Dead                           Min: 0, Avg:  0.0, Max: 0, Diff: 0, Sum: 0, Workers: 4
[677.737s][debug][gc,phases      ] GC(35)     Total                          Min: 0, Avg: 249.8, Max: 999, Diff: 999, Sum: 999, Workers: 4
[677.737s][debug][gc,phases      ] GC(35)   ObjectSynchronizer Weak        Min:  0.0, Avg:  0.0, Max:  0.0, Diff:  0.0, Sum:  0.0, Workers: 4
[677.737s][debug][gc,phases      ] GC(35)     Dead                           Min: 0, Avg:  0.0, Max: 0, Diff: 0, Sum: 0, Workers: 4
[677.737s][debug][gc,phases      ] GC(35)     Total                          Min: 0, Avg:  1.5, Max: 6, Diff: 6, Sum: 6, Workers: 4
[677.737s][debug][gc,phases      ] GC(35)   JVMTI Tag Weak OopStorage      Min:  0.0, Avg:  0.0, Max:  0.0, Diff:  0.0, Sum:  0.0, Workers: 4
[677.737s][debug][gc,phases      ] GC(35)     Dead                           Min: 0, Avg:  0.0, Max: 0, Diff: 0, Sum: 0, Workers: 4
[677.737s][debug][gc,phases      ] GC(35)     Total                          Min: 0, Avg:  0.0, Max: 0, Diff: 0, Sum: 0, Workers: 4
[677.737s][debug][gc,phases      ] GC(35)   StringTable Weak               Min:  0.0, Avg:  0.1, Max:  0.3, Diff:  0.3, Sum:  0.5, Workers: 4
[677.737s][debug][gc,phases      ] GC(35)     Dead                           Min: 0, Avg:  0.5, Max: 2, Diff: 2, Sum: 2, Workers: 4
[677.737s][debug][gc,phases      ] GC(35)     Total                          Min: 0, Avg: 12098.5, Max: 27466, Diff: 27466, Sum: 48394, Workers: 4
[677.737s][debug][gc,phases      ] GC(35)   ResolvedMethodTable Weak       Min:  0.0, Avg:  0.0, Max:  0.1, Diff:  0.1, Sum:  0.1, Workers: 4
[677.737s][debug][gc,phases      ] GC(35)     Dead                           Min: 0, Avg:  5.0, Max: 16, Diff: 16, Sum: 20, Workers: 4
[677.737s][debug][gc,phases      ] GC(35)     Total                          Min: 0, Avg: 3333.2, Max: 6949, Diff: 6949, Sum: 13333, Workers: 4
[677.737s][debug][gc,phases      ] GC(35)   JNI Weak                       Min:  0.0, Avg:  0.0, Max:  0.0, Diff:  0.0, Sum:  0.0, Workers: 4
[677.737s][debug][gc,phases      ] GC(35)     Dead                           Min: 0, Avg:  0.0, Max: 0, Diff: 0, Sum: 0, Workers: 4
[677.737s][debug][gc,phases      ] GC(35)     Total                          Min: 0, Avg: 12.0, Max: 48, Diff: 48, Sum: 48, Workers: 4
[677.737s][debug][gc,phases      ] GC(35)   StringDedup Table Weak         Min:  0.0, Avg:  0.0, Max:  0.0, Diff:  0.0, Sum:  0.0, Workers: 4
[677.737s][debug][gc,phases      ] GC(35)     Dead                           Min: 0, Avg:  0.0, Max: 0, Diff: 0, Sum: 0, Workers: 4
[677.737s][debug][gc,phases      ] GC(35)     Total                          Min: 0, Avg:  0.0, Max: 0, Diff: 0, Sum: 0, Workers: 4
[677.737s][debug][gc,phases      ] GC(35)   StringDedup Requests0 Weak     Min:  0.0, Avg:  0.0, Max:  0.0, Diff:  0.0, Sum:  0.0, Workers: 4
[677.737s][debug][gc,phases      ] GC(35)     Dead                           Min: 0, Avg:  0.0, Max: 0, Diff: 0, Sum: 0, Workers: 4
[677.737s][debug][gc,phases      ] GC(35)     Total                          Min: 0, Avg:  0.0, Max: 0, Diff: 0, Sum: 0, Workers: 4
[677.737s][debug][gc,phases      ] GC(35)   StringDedup Requests1 Weak     Min:  0.0, Avg:  0.0, Max:  0.0, Diff:  0.0, Sum:  0.0, Workers: 4
[677.737s][debug][gc,phases      ] GC(35)     Dead                           Min: 0, Avg:  0.0, Max: 0, Diff: 0, Sum: 0, Workers: 4
[677.737s][debug][gc,phases      ] GC(35)     Total                          Min: 0, Avg:  0.0, Max: 0, Diff: 0, Sum: 0, Workers: 4
[677.737s][debug][gc,phases      ] GC(35)   Weak JFR Old Object Samples    Min:  0.0, Avg:  0.0, Max:  0.0, Diff:  0.0, Sum:  0.0, Workers: 4
[677.737s][debug][gc,phases      ] GC(35)     Dead                           Min: 0, Avg:  0.0, Max: 0, Diff: 0, Sum: 0, Workers: 4
[677.737s][debug][gc,phases      ] GC(35)     Total                          Min: 0, Avg:  0.0, Max: 0, Diff: 0, Sum: 0, Workers: 4
[677.737s][debug][gc,phases      ] GC(35) Weak Processing 0.651ms
[677.737s][debug][gc,age         ] GC(35) Desired survivor size 122683392 bytes, new threshold 1 (max threshold 15)
[677.737s][info ][gc,heap        ] GC(35) PSYoungGen: 1874944K(1963520K)->47345K(1977344K) Eden: 1836032K(1836032K)->0K(1855488K) From: 38912K(127488K)->47345K(121856K)
[677.737s][info ][gc,heap        ] GC(35) ParOldGen: 420941K(421376K)->452098K(452608K)
[677.737s][info ][gc,metaspace   ] GC(35) Metaspace: 95759K(97024K)->95759K(97024K) NonClass: 81679K(82368K)->81679K(82368K) Class: 14079K(14656K)->14079K(14656K)
[677.737s][info ][gc             ] GC(35) Pause Young (Allocation Failure) 2242M->487M(2373M) 41.009ms
[677.737s][info ][gc,cpu         ] GC(35) User=0.12s Sys=0.02s Real=0.04s
[677.737s][info ][safepoint      ] Safepoint "ParallelGCFailedAllocation", Time since last: 987477267 ns, Reaching safepoint: 9300 ns, Cleanup: 10001 ns, At safepoint: 41114656 ns, Total: 41133957 ns
[678.738s][info ][safepoint      ] Safepoint "Cleanup", Time since last: 1000100038 ns, Reaching safepoint: 11300 ns, Cleanup: 17201 ns, At safepoint: 2700 ns, Total: 31201 ns
[680.738s][info ][safepoint      ] Safepoint "Cleanup", Time since last: 2000212676 ns, Reaching safepoint: 11101 ns, Cleanup: 159602 ns, At safepoint: 10800 ns, Total: 181503 ns
[681.738s][info ][safepoint      ] Safepoint "Cleanup", Time since last: 1000152239 ns, Reaching safepoint: 10700 ns, Cleanup: 23500 ns, At safepoint: 3100 ns, Total: 37300 ns
[682.738s][info ][safepoint      ] Safepoint "Cleanup", Time since last: 1000126039 ns, Reaching safepoint: 10500 ns, Cleanup: 14900 ns, At safepoint: 2800 ns, Total: 28200 ns
[684.738s][info ][safepoint      ] Safepoint "Cleanup", Time since last: 2000197775 ns, Reaching safepoint: 8301 ns, Cleanup: 14700 ns, At safepoint: 2700 ns, Total: 25701 ns
[687.739s][info ][safepoint      ] Safepoint "Cleanup", Time since last: 3000297349 ns, Reaching safepoint: 9900 ns, Cleanup: 19100 ns, At safepoint: 2800 ns, Total: 31800 ns
[688.739s][info ][safepoint      ] Safepoint "Cleanup", Time since last: 1000129017 ns, Reaching safepoint: 11200 ns, Cleanup: 16001 ns, At safepoint: 2800 ns, Total: 30001 ns
[689.739s][info ][safepoint      ] Safepoint "Cleanup", Time since last: 1000133808 ns, Reaching safepoint: 10700 ns, Cleanup: 21101 ns, At safepoint: 3500 ns, Total: 35301 ns
[690.739s][info ][safepoint      ] Safepoint "Cleanup", Time since last: 1000119146 ns, Reaching safepoint: 8300 ns, Cleanup: 12700 ns, At safepoint: 2800 ns, Total: 23800 ns
[692.740s][info ][safepoint      ] Safepoint "Cleanup", Time since last: 2000228316 ns, Reaching safepoint: 8701 ns, Cleanup: 18100 ns, At safepoint: 2800 ns, Total: 29601 ns
[693.740s][info ][safepoint      ] Safepoint "Cleanup", Time since last: 1000126886 ns, Reaching safepoint: 7900 ns, Cleanup: 16300 ns, At safepoint: 2500 ns, Total: 26700 ns
[694.740s][info ][safepoint      ] Safepoint "Cleanup", Time since last: 1000178886 ns, Reaching safepoint: 10301 ns, Cleanup: 22800 ns, At safepoint: 2900 ns, Total: 36001 ns
[697.740s][info ][safepoint      ] Safepoint "Cleanup", Time since last: 3000426458 ns, Reaching safepoint: 7800 ns, Cleanup: 17900 ns, At safepoint: 2500 ns, Total: 28200 ns
[699.741s][info ][safepoint      ] Safepoint "Cleanup", Time since last: 2000206882 ns, Reaching safepoint: 8700 ns, Cleanup: 12101 ns, At safepoint: 3400 ns, Total: 24201 ns
[741.319s][info ][safepoint      ] Safepoint "Cleanup", Time since last: 41578362334 ns, Reaching safepoint: 6600 ns, Cleanup: 10900 ns, At safepoint: 2000 ns, Total: 19500 ns
[750.320s][info ][safepoint      ] Safepoint "Cleanup", Time since last: 9000645854 ns, Reaching safepoint: 6800 ns, Cleanup: 12400 ns, At safepoint: 2300 ns, Total: 21500 ns
[763.744s][info ][gc,start       ] GC(36) Pause Young (Allocation Failure)
[763.778s][debug][gc,phases      ] GC(36) Scavenge 34.110ms
[763.779s][debug][gc,ref         ] GC(36) ReferenceProcessor::execute queues: 1, RefProcThreadModel::Single, marks_oops_alive: false
[763.779s][debug][gc,ref         ] GC(36) Skipped KeepAliveFinalRefsPhase of Reference Processing: no references
[763.779s][debug][gc,ref         ] GC(36) ReferenceProcessor::execute queues: 1, RefProcThreadModel::Single, marks_oops_alive: false
[763.779s][debug][gc,phases      ] GC(36) Reference Processing 0.122ms
[763.779s][debug][gc,phases      ] GC(36)   VM Weak                        Min:  0.0, Avg:  0.0, Max:  0.0, Diff:  0.0, Sum:  0.0, Workers: 4
[763.779s][debug][gc,phases      ] GC(36)     Dead                           Min: 0, Avg:  0.0, Max: 0, Diff: 0, Sum: 0, Workers: 4
[763.779s][debug][gc,phases      ] GC(36)     Total                          Min: 0, Avg: 251.5, Max: 878, Diff: 878, Sum: 1006, Workers: 4
[763.779s][debug][gc,phases      ] GC(36)   ObjectSynchronizer Weak        Min:  0.0, Avg:  0.0, Max:  0.0, Diff:  0.0, Sum:  0.0, Workers: 4
[763.779s][debug][gc,phases      ] GC(36)     Dead                           Min: 0, Avg:  0.0, Max: 0, Diff: 0, Sum: 0, Workers: 4
[763.779s][debug][gc,phases      ] GC(36)     Total                          Min: 0, Avg:  0.8, Max: 3, Diff: 3, Sum: 3, Workers: 4
[763.779s][debug][gc,phases      ] GC(36)   JVMTI Tag Weak OopStorage      Min:  0.0, Avg:  0.0, Max:  0.0, Diff:  0.0, Sum:  0.0, Workers: 4
[763.779s][debug][gc,phases      ] GC(36)     Dead                           Min: 0, Avg:  0.0, Max: 0, Diff: 0, Sum: 0, Workers: 4
[763.779s][debug][gc,phases      ] GC(36)     Total                          Min: 0, Avg:  0.0, Max: 0, Diff: 0, Sum: 0, Workers: 4
[763.779s][debug][gc,phases      ] GC(36)   StringTable Weak               Min:  0.0, Avg:  0.1, Max:  0.2, Diff:  0.2, Sum:  0.5, Workers: 4
[763.779s][debug][gc,phases      ] GC(36)     Dead                           Min: 0, Avg:  0.2, Max: 1, Diff: 1, Sum: 1, Workers: 4
[763.779s][debug][gc,phases      ] GC(36)     Total                          Min: 0, Avg: 12107.8, Max: 16511, Diff: 16511, Sum: 48431, Workers: 4
[763.779s][debug][gc,phases      ] GC(36)   ResolvedMethodTable Weak       Min:  0.0, Avg:  0.0, Max:  0.1, Diff:  0.1, Sum:  0.2, Workers: 4
[763.779s][debug][gc,phases      ] GC(36)     Dead                           Min: 0, Avg:  1.2, Max: 4, Diff: 4, Sum: 5, Workers: 4
[763.779s][debug][gc,phases      ] GC(36)     Total                          Min: 0, Avg: 3347.8, Max: 4722, Diff: 4722, Sum: 13391, Workers: 4
[763.779s][debug][gc,phases      ] GC(36)   JNI Weak                       Min:  0.0, Avg:  0.0, Max:  0.0, Diff:  0.0, Sum:  0.0, Workers: 4
[763.779s][debug][gc,phases      ] GC(36)     Dead                           Min: 0, Avg:  0.0, Max: 0, Diff: 0, Sum: 0, Workers: 4
[763.779s][debug][gc,phases      ] GC(36)     Total                          Min: 0, Avg: 12.0, Max: 48, Diff: 48, Sum: 48, Workers: 4
[763.779s][debug][gc,phases      ] GC(36)   StringDedup Table Weak         Min:  0.0, Avg:  0.0, Max:  0.0, Diff:  0.0, Sum:  0.0, Workers: 4
[763.779s][debug][gc,phases      ] GC(36)     Dead                           Min: 0, Avg:  0.0, Max: 0, Diff: 0, Sum: 0, Workers: 4
[763.779s][debug][gc,phases      ] GC(36)     Total                          Min: 0, Avg:  0.0, Max: 0, Diff: 0, Sum: 0, Workers: 4
[763.779s][debug][gc,phases      ] GC(36)   StringDedup Requests0 Weak     Min:  0.0, Avg:  0.0, Max:  0.0, Diff:  0.0, Sum:  0.0, Workers: 4
[763.779s][debug][gc,phases      ] GC(36)     Dead                           Min: 0, Avg:  0.0, Max: 0, Diff: 0, Sum: 0, Workers: 4
[763.779s][debug][gc,phases      ] GC(36)     Total                          Min: 0, Avg:  0.0, Max: 0, Diff: 0, Sum: 0, Workers: 4
[763.779s][debug][gc,phases      ] GC(36)   StringDedup Requests1 Weak     Min:  0.0, Avg:  0.0, Max:  0.0, Diff:  0.0, Sum:  0.0, Workers: 4
[763.779s][debug][gc,phases      ] GC(36)     Dead                           Min: 0, Avg:  0.0, Max: 0, Diff: 0, Sum: 0, Workers: 4
[763.779s][debug][gc,phases      ] GC(36)     Total                          Min: 0, Avg:  0.0, Max: 0, Diff: 0, Sum: 0, Workers: 4
[763.779s][debug][gc,phases      ] GC(36)   Weak JFR Old Object Samples    Min:  0.0, Avg:  0.0, Max:  0.0, Diff:  0.0, Sum:  0.0, Workers: 4
[763.779s][debug][gc,phases      ] GC(36)     Dead                           Min: 0, Avg:  0.0, Max: 0, Diff: 0, Sum: 0, Workers: 4
[763.779s][debug][gc,phases      ] GC(36)     Total                          Min: 0, Avg:  0.0, Max: 0, Diff: 0, Sum: 0, Workers: 4
[763.779s][debug][gc,phases      ] GC(36) Weak Processing 0.472ms
[763.779s][debug][gc,age         ] GC(36) Desired survivor size 116916224 bytes, new threshold 1 (max threshold 15)
[763.779s][info ][gc,heap        ] GC(36) PSYoungGen: 1902833K(1977344K)->10083K(1975296K) Eden: 1855488K(1855488K)->0K(1855488K) From: 47345K(121856K)->10083K(119808K)
[763.779s][info ][gc,heap        ] GC(36) ParOldGen: 452098K(452608K)->496904K(497152K)
[763.779s][info ][gc,metaspace   ] GC(36) Metaspace: 95872K(97152K)->95872K(97152K) NonClass: 81771K(82496K)->81771K(82496K) Class: 14101K(14656K)->14101K(14656K)
[763.779s][info ][gc             ] GC(36) Pause Young (Allocation Failure) 2299M->495M(2414M) 34.941ms
[763.779s][info ][gc,cpu         ] GC(36) User=0.09s Sys=0.02s Real=0.04s
[763.779s][info ][safepoint      ] Safepoint "ParallelGCFailedAllocation", Time since last: 13424567080 ns, Reaching safepoint: 80701 ns, Cleanup: 5200 ns, At safepoint: 35026347 ns, Total: 35112248 ns
[848.266s][info ][gc,start       ] GC(37) Pause Young (Allocation Failure)
[848.270s][debug][gc,phases      ] GC(37) Scavenge 4.772ms
[848.271s][debug][gc,ref         ] GC(37) ReferenceProcessor::execute queues: 1, RefProcThreadModel::Single, marks_oops_alive: false
[848.271s][debug][gc,ref         ] GC(37) Skipped KeepAliveFinalRefsPhase of Reference Processing: no references
[848.271s][debug][gc,ref         ] GC(37) Skipped PhantomRefsPhase of Reference Processing: no references
[848.271s][debug][gc,phases      ] GC(37) Reference Processing 0.114ms
[848.271s][debug][gc,phases      ] GC(37)   VM Weak                        Min:  0.0, Avg:  0.0, Max:  0.0, Diff:  0.0, Sum:  0.0, Workers: 4
[848.271s][debug][gc,phases      ] GC(37)     Dead                           Min: 0, Avg:  0.0, Max: 0, Diff: 0, Sum: 0, Workers: 4
[848.271s][debug][gc,phases      ] GC(37)     Total                          Min: 0, Avg: 251.5, Max: 942, Diff: 942, Sum: 1006, Workers: 4
[848.271s][debug][gc,phases      ] GC(37)   ObjectSynchronizer Weak        Min:  0.0, Avg:  0.0, Max:  0.0, Diff:  0.0, Sum:  0.0, Workers: 4
[848.271s][debug][gc,phases      ] GC(37)     Dead                           Min: 0, Avg:  0.0, Max: 0, Diff: 0, Sum: 0, Workers: 4
[848.271s][debug][gc,phases      ] GC(37)     Total                          Min: 0, Avg:  0.8, Max: 3, Diff: 3, Sum: 3, Workers: 4
[848.271s][debug][gc,phases      ] GC(37)   JVMTI Tag Weak OopStorage      Min:  0.0, Avg:  0.0, Max:  0.0, Diff:  0.0, Sum:  0.0, Workers: 4
[848.271s][debug][gc,phases      ] GC(37)     Dead                           Min: 0, Avg:  0.0, Max: 0, Diff: 0, Sum: 0, Workers: 4
[848.271s][debug][gc,phases      ] GC(37)     Total                          Min: 0, Avg:  0.0, Max: 0, Diff: 0, Sum: 0, Workers: 4
[848.271s][debug][gc,phases      ] GC(37)   StringTable Weak               Min:  0.0, Avg:  0.1, Max:  0.1, Diff:  0.1, Sum:  0.4, Workers: 4
[848.271s][debug][gc,phases      ] GC(37)     Dead                           Min: 0, Avg:  0.0, Max: 0, Diff: 0, Sum: 0, Workers: 4
[848.271s][debug][gc,phases      ] GC(37)     Total                          Min: 0, Avg: 12107.8, Max: 17775, Diff: 17775, Sum: 48431, Workers: 4
[848.271s][debug][gc,phases      ] GC(37)   ResolvedMethodTable Weak       Min:  0.0, Avg:  0.0, Max:  0.0, Diff:  0.0, Sum:  0.1, Workers: 4
[848.271s][debug][gc,phases      ] GC(37)     Dead                           Min: 0, Avg:  0.0, Max: 0, Diff: 0, Sum: 0, Workers: 4
[848.271s][debug][gc,phases      ] GC(37)     Total                          Min: 0, Avg: 3347.8, Max: 5021, Diff: 5021, Sum: 13391, Workers: 4
[848.271s][debug][gc,phases      ] GC(37)   JNI Weak                       Min:  0.0, Avg:  0.0, Max:  0.0, Diff:  0.0, Sum:  0.0, Workers: 4
[848.271s][debug][gc,phases      ] GC(37)     Dead                           Min: 0, Avg:  0.0, Max: 0, Diff: 0, Sum: 0, Workers: 4
[848.271s][debug][gc,phases      ] GC(37)     Total                          Min: 0, Avg: 12.0, Max: 48, Diff: 48, Sum: 48, Workers: 4
[848.271s][debug][gc,phases      ] GC(37)   StringDedup Table Weak         Min:  0.0, Avg:  0.0, Max:  0.0, Diff:  0.0, Sum:  0.0, Workers: 4
[848.271s][debug][gc,phases      ] GC(37)     Dead                           Min: 0, Avg:  0.0, Max: 0, Diff: 0, Sum: 0, Workers: 4
[848.271s][debug][gc,phases      ] GC(37)     Total                          Min: 0, Avg:  0.0, Max: 0, Diff: 0, Sum: 0, Workers: 4
[848.271s][debug][gc,phases      ] GC(37)   StringDedup Requests0 Weak     Min:  0.0, Avg:  0.0, Max:  0.0, Diff:  0.0, Sum:  0.0, Workers: 4
[848.271s][debug][gc,phases      ] GC(37)     Dead                           Min: 0, Avg:  0.0, Max: 0, Diff: 0, Sum: 0, Workers: 4
[848.271s][debug][gc,phases      ] GC(37)     Total                          Min: 0, Avg:  0.0, Max: 0, Diff: 0, Sum: 0, Workers: 4
[848.271s][debug][gc,phases      ] GC(37)   StringDedup Requests1 Weak     Min:  0.0, Avg:  0.0, Max:  0.0, Diff:  0.0, Sum:  0.0, Workers: 4
[848.271s][debug][gc,phases      ] GC(37)     Dead                           Min: 0, Avg:  0.0, Max: 0, Diff: 0, Sum: 0, Workers: 4
[848.271s][debug][gc,phases      ] GC(37)     Total                          Min: 0, Avg:  0.0, Max: 0, Diff: 0, Sum: 0, Workers: 4
[848.271s][debug][gc,phases      ] GC(37)   Weak JFR Old Object Samples    Min:  0.0, Avg:  0.0, Max:  0.0, Diff:  0.0, Sum:  0.0, Workers: 4
[848.271s][debug][gc,phases      ] GC(37)     Dead                           Min: 0, Avg:  0.0, Max: 0, Diff: 0, Sum: 0, Workers: 4
[848.271s][debug][gc,phases      ] GC(37)     Total                          Min: 0, Avg:  0.0, Max: 0, Diff: 0, Sum: 0, Workers: 4
[848.271s][debug][gc,phases      ] GC(37) Weak Processing 0.444ms
[848.271s][debug][gc,age         ] GC(37) Desired survivor size 113246208 bytes, new threshold 1 (max threshold 15)
[848.271s][info ][gc,heap        ] GC(37) PSYoungGen: 1865571K(1975296K)->160K(1986560K) Eden: 1855488K(1855488K)->0K(1872384K) From: 10083K(119808K)->160K(114176K)
[848.271s][info ][gc,heap        ] GC(37) ParOldGen: 496904K(497152K)->506246K(506368K)
[848.271s][info ][gc,metaspace   ] GC(37) Metaspace: 95874K(97152K)->95874K(97152K) NonClass: 81773K(82496K)->81773K(82496K) Class: 14101K(14656K)->14101K(14656K)
[848.271s][info ][gc             ] GC(37) Pause Young (Allocation Failure) 2307M->494M(2434M) 5.477ms
[848.271s][info ][gc,cpu         ] GC(37) User=0.01s Sys=0.01s Real=0.01s
[848.271s][info ][safepoint      ] Safepoint "ParallelGCFailedAllocation", Time since last: 84486213423 ns, Reaching safepoint: 6700 ns, Cleanup: 4100 ns, At safepoint: 5566851 ns, Total: 5577651 ns
[868.273s][info ][safepoint      ] Safepoint "Cleanup", Time since last: 20001457632 ns, Reaching safepoint: 80301 ns, Cleanup: 9300 ns, At safepoint: 7000 ns, Total: 96601 ns
[916.276s][info ][safepoint      ] Safepoint "Cleanup", Time since last: 48003333631 ns, Reaching safepoint: 10300 ns, Cleanup: 42501 ns, At safepoint: 2900 ns, Total: 55701 ns
[918.276s][info ][safepoint      ] Safepoint "Cleanup", Time since last: 2000152852 ns, Reaching safepoint: 7000 ns, Cleanup: 13000 ns, At safepoint: 5700 ns, Total: 25700 ns
[933.095s][info ][gc,start       ] GC(38) Pause Young (Allocation Failure)
[933.099s][debug][gc,phases      ] GC(38) Scavenge 3.443ms
[933.099s][debug][gc,ref         ] GC(38) ReferenceProcessor::execute queues: 1, RefProcThreadModel::Single, marks_oops_alive: false
[933.099s][debug][gc,ref         ] GC(38) Skipped KeepAliveFinalRefsPhase of Reference Processing: no references
[933.099s][debug][gc,ref         ] GC(38) ReferenceProcessor::execute queues: 1, RefProcThreadModel::Single, marks_oops_alive: false
[933.099s][debug][gc,phases      ] GC(38) Reference Processing 0.121ms
[933.100s][debug][gc,phases      ] GC(38)   VM Weak                        Min:  0.0, Avg:  0.0, Max:  0.0, Diff:  0.0, Sum:  0.0, Workers: 4
[933.100s][debug][gc,phases      ] GC(38)     Dead                           Min: 0, Avg:  0.0, Max: 0, Diff: 0, Sum: 0, Workers: 4
[933.100s][debug][gc,phases      ] GC(38)     Total                          Min: 0, Avg: 251.5, Max: 1006, Diff: 1006, Sum: 1006, Workers: 4
[933.100s][debug][gc,phases      ] GC(38)   ObjectSynchronizer Weak        Min:  0.0, Avg:  0.0, Max:  0.0, Diff:  0.0, Sum:  0.0, Workers: 4
[933.100s][debug][gc,phases      ] GC(38)     Dead                           Min: 0, Avg:  0.0, Max: 0, Diff: 0, Sum: 0, Workers: 4
[933.100s][debug][gc,phases      ] GC(38)     Total                          Min: 0, Avg:  0.8, Max: 3, Diff: 3, Sum: 3, Workers: 4
[933.100s][debug][gc,phases      ] GC(38)   JVMTI Tag Weak OopStorage      Min:  0.0, Avg:  0.0, Max:  0.0, Diff:  0.0, Sum:  0.0, Workers: 4
[933.100s][debug][gc,phases      ] GC(38)     Dead                           Min: 0, Avg:  0.0, Max: 0, Diff: 0, Sum: 0, Workers: 4
[933.100s][debug][gc,phases      ] GC(38)     Total                          Min: 0, Avg:  0.0, Max: 0, Diff: 0, Sum: 0, Workers: 4
[933.100s][debug][gc,phases      ] GC(38)   StringTable Weak               Min:  0.0, Avg:  0.1, Max:  0.2, Diff:  0.2, Sum:  0.5, Workers: 4
[933.100s][debug][gc,phases      ] GC(38)     Dead                           Min: 0, Avg:  0.0, Max: 0, Diff: 0, Sum: 0, Workers: 4
[933.100s][debug][gc,phases      ] GC(38)     Total                          Min: 0, Avg: 12111.2, Max: 25279, Diff: 25279, Sum: 48445, Workers: 4
[933.100s][debug][gc,phases      ] GC(38)   ResolvedMethodTable Weak       Min:  0.0, Avg:  0.0, Max:  0.1, Diff:  0.1, Sum:  0.2, Workers: 4
[933.100s][debug][gc,phases      ] GC(38)     Dead                           Min: 0, Avg:  0.0, Max: 0, Diff: 0, Sum: 0, Workers: 4
[933.100s][debug][gc,phases      ] GC(38)     Total                          Min: 0, Avg: 3347.8, Max: 7255, Diff: 7255, Sum: 13391, Workers: 4
[933.100s][debug][gc,phases      ] GC(38)   JNI Weak                       Min:  0.0, Avg:  0.0, Max:  0.0, Diff:  0.0, Sum:  0.0, Workers: 4
[933.100s][debug][gc,phases      ] GC(38)     Dead                           Min: 0, Avg:  0.0, Max: 0, Diff: 0, Sum: 0, Workers: 4
[933.100s][debug][gc,phases      ] GC(38)     Total                          Min: 0, Avg: 12.0, Max: 48, Diff: 48, Sum: 48, Workers: 4
[933.100s][debug][gc,phases      ] GC(38)   StringDedup Table Weak         Min:  0.0, Avg:  0.0, Max:  0.0, Diff:  0.0, Sum:  0.0, Workers: 4
[933.100s][debug][gc,phases      ] GC(38)     Dead                           Min: 0, Avg:  0.0, Max: 0, Diff: 0, Sum: 0, Workers: 4
[933.100s][debug][gc,phases      ] GC(38)     Total                          Min: 0, Avg:  0.0, Max: 0, Diff: 0, Sum: 0, Workers: 4
[933.100s][debug][gc,phases      ] GC(38)   StringDedup Requests0 Weak     Min:  0.0, Avg:  0.0, Max:  0.0, Diff:  0.0, Sum:  0.0, Workers: 4
[933.100s][debug][gc,phases      ] GC(38)     Dead                           Min: 0, Avg:  0.0, Max: 0, Diff: 0, Sum: 0, Workers: 4
[933.100s][debug][gc,phases      ] GC(38)     Total                          Min: 0, Avg:  0.0, Max: 0, Diff: 0, Sum: 0, Workers: 4
[933.100s][debug][gc,phases      ] GC(38)   StringDedup Requests1 Weak     Min:  0.0, Avg:  0.0, Max:  0.0, Diff:  0.0, Sum:  0.0, Workers: 4
[933.100s][debug][gc,phases      ] GC(38)     Dead                           Min: 0, Avg:  0.0, Max: 0, Diff: 0, Sum: 0, Workers: 4
[933.100s][debug][gc,phases      ] GC(38)     Total                          Min: 0, Avg:  0.0, Max: 0, Diff: 0, Sum: 0, Workers: 4
[933.100s][debug][gc,phases      ] GC(38)   Weak JFR Old Object Samples    Min:  0.0, Avg:  0.0, Max:  0.0, Diff:  0.0, Sum:  0.0, Workers: 4
[933.100s][debug][gc,phases      ] GC(38)     Dead                           Min: 0, Avg:  0.0, Max: 0, Diff: 0, Sum: 0, Workers: 4
[933.100s][debug][gc,phases      ] GC(38)     Total                          Min: 0, Avg:  0.0, Max: 0, Diff: 0, Sum: 0, Workers: 4
[933.100s][debug][gc,phases      ] GC(38) Weak Processing 0.606ms
[933.100s][debug][gc,age         ] GC(38) Desired survivor size 108527616 bytes, new threshold 1 (max threshold 15)
[933.100s][info ][gc,heap        ] GC(38) PSYoungGen: 1872544K(1986560K)->608K(1982976K) Eden: 1872384K(1872384K)->0K(1872384K) From: 160K(114176K)->608K(110592K)
[933.100s][info ][gc,heap        ] GC(38) ParOldGen: 506246K(506368K)->506278K(506368K)
[933.100s][info ][gc,metaspace   ] GC(38) Metaspace: 95901K(97216K)->95901K(97216K) NonClass: 81799K(82560K)->81799K(82560K) Class: 14101K(14656K)->14101K(14656K)
[933.100s][info ][gc             ] GC(38) Pause Young (Allocation Failure) 2323M->495M(2431M) 4.310ms
[933.100s][info ][gc,cpu         ] GC(38) User=0.01s Sys=0.00s Real=0.00s
[933.100s][info ][safepoint      ] Safepoint "ParallelGCFailedAllocation", Time since last: 14819198965 ns, Reaching safepoint: 6600 ns, Cleanup: 4900 ns, At safepoint: 4418638 ns, Total: 4430138 ns
[934.100s][info ][safepoint      ] Safepoint "Cleanup", Time since last: 1000099731 ns, Reaching safepoint: 9600 ns, Cleanup: 12300 ns, At safepoint: 2400 ns, Total: 24300 ns
[1020.443s][info ][gc,start       ] GC(39) Pause Young (Allocation Failure)
[1020.446s][debug][gc,phases      ] GC(39) Scavenge 2.876ms
[1020.446s][debug][gc,ref         ] GC(39) ReferenceProcessor::execute queues: 1, RefProcThreadModel::Single, marks_oops_alive: false
[1020.446s][debug][gc,ref         ] GC(39) Skipped KeepAliveFinalRefsPhase of Reference Processing: no references
[1020.446s][debug][gc,ref         ] GC(39) Skipped PhantomRefsPhase of Reference Processing: no references
[1020.446s][debug][gc,phases      ] GC(39) Reference Processing 0.111ms
[1020.446s][debug][gc,phases      ] GC(39)   VM Weak                        Min:  0.0, Avg:  0.0, Max:  0.0, Diff:  0.0, Sum:  0.0, Workers: 4
[1020.446s][debug][gc,phases      ] GC(39)     Dead                           Min: 0, Avg:  0.0, Max: 0, Diff: 0, Sum: 0, Workers: 4
[1020.446s][debug][gc,phases      ] GC(39)     Total                          Min: 0, Avg: 251.5, Max: 512, Diff: 512, Sum: 1006, Workers: 4
[1020.446s][debug][gc,phases      ] GC(39)   ObjectSynchronizer Weak        Min:  0.0, Avg:  0.0, Max:  0.0, Diff:  0.0, Sum:  0.0, Workers: 4
[1020.446s][debug][gc,phases      ] GC(39)     Dead                           Min: 0, Avg:  0.0, Max: 0, Diff: 0, Sum: 0, Workers: 4
[1020.446s][debug][gc,phases      ] GC(39)     Total                          Min: 0, Avg:  0.8, Max: 3, Diff: 3, Sum: 3, Workers: 4
[1020.446s][debug][gc,phases      ] GC(39)   JVMTI Tag Weak OopStorage      Min:  0.0, Avg:  0.0, Max:  0.0, Diff:  0.0, Sum:  0.0, Workers: 4
[1020.446s][debug][gc,phases      ] GC(39)     Dead                           Min: 0, Avg:  0.0, Max: 0, Diff: 0, Sum: 0, Workers: 4
[1020.446s][debug][gc,phases      ] GC(39)     Total                          Min: 0, Avg:  0.0, Max: 0, Diff: 0, Sum: 0, Workers: 4
[1020.446s][debug][gc,phases      ] GC(39)   StringTable Weak               Min:  0.0, Avg:  0.1, Max:  0.2, Diff:  0.2, Sum:  0.5, Workers: 4
[1020.446s][debug][gc,phases      ] GC(39)     Dead                           Min: 0, Avg:  0.0, Max: 0, Diff: 0, Sum: 0, Workers: 4
[1020.446s][debug][gc,phases      ] GC(39)     Total                          Min: 0, Avg: 12114.8, Max: 17408, Diff: 17408, Sum: 48459, Workers: 4
[1020.446s][debug][gc,phases      ] GC(39)   ResolvedMethodTable Weak       Min:  0.0, Avg:  0.0, Max:  0.0, Diff:  0.0, Sum:  0.1, Workers: 4
[1020.446s][debug][gc,phases      ] GC(39)     Dead                           Min: 0, Avg:  0.2, Max: 1, Diff: 1, Sum: 1, Workers: 4
[1020.446s][debug][gc,phases      ] GC(39)     Total                          Min: 0, Avg: 3348.0, Max: 5062, Diff: 5062, Sum: 13392, Workers: 4
[1020.446s][debug][gc,phases      ] GC(39)   JNI Weak                       Min:  0.0, Avg:  0.0, Max:  0.0, Diff:  0.0, Sum:  0.0, Workers: 4
[1020.446s][debug][gc,phases      ] GC(39)     Dead                           Min: 0, Avg:  0.0, Max: 0, Diff: 0, Sum: 0, Workers: 4
[1020.446s][debug][gc,phases      ] GC(39)     Total                          Min: 0, Avg: 12.0, Max: 48, Diff: 48, Sum: 48, Workers: 4
[1020.446s][debug][gc,phases      ] GC(39)   StringDedup Table Weak         Min:  0.0, Avg:  0.0, Max:  0.0, Diff:  0.0, Sum:  0.0, Workers: 4
[1020.446s][debug][gc,phases      ] GC(39)     Dead                           Min: 0, Avg:  0.0, Max: 0, Diff: 0, Sum: 0, Workers: 4
[1020.446s][debug][gc,phases      ] GC(39)     Total                          Min: 0, Avg:  0.0, Max: 0, Diff: 0, Sum: 0, Workers: 4
[1020.446s][debug][gc,phases      ] GC(39)   StringDedup Requests0 Weak     Min:  0.0, Avg:  0.0, Max:  0.0, Diff:  0.0, Sum:  0.0, Workers: 4
[1020.446s][debug][gc,phases      ] GC(39)     Dead                           Min: 0, Avg:  0.0, Max: 0, Diff: 0, Sum: 0, Workers: 4
[1020.446s][debug][gc,phases      ] GC(39)     Total                          Min: 0, Avg:  0.0, Max: 0, Diff: 0, Sum: 0, Workers: 4
[1020.446s][debug][gc,phases      ] GC(39)   StringDedup Requests1 Weak     Min:  0.0, Avg:  0.0, Max:  0.0, Diff:  0.0, Sum:  0.0, Workers: 4
[1020.446s][debug][gc,phases      ] GC(39)     Dead                           Min: 0, Avg:  0.0, Max: 0, Diff: 0, Sum: 0, Workers: 4
[1020.446s][debug][gc,phases      ] GC(39)     Total                          Min: 0, Avg:  0.0, Max: 0, Diff: 0, Sum: 0, Workers: 4
[1020.446s][debug][gc,phases      ] GC(39)   Weak JFR Old Object Samples    Min:  0.0, Avg:  0.0, Max:  0.0, Diff:  0.0, Sum:  0.0, Workers: 4
[1020.446s][debug][gc,phases      ] GC(39)     Dead                           Min: 0, Avg:  0.0, Max: 0, Diff: 0, Sum: 0, Workers: 4
[1020.446s][debug][gc,phases      ] GC(39)     Total                          Min: 0, Avg:  0.0, Max: 0, Diff: 0, Sum: 0, Workers: 4
[1020.446s][debug][gc,phases      ] GC(39) Weak Processing 0.496ms
[1020.446s][debug][gc,age         ] GC(39) Desired survivor size 104333312 bytes, new threshold 1 (max threshold 15)
[1020.446s][info ][gc,heap        ] GC(39) PSYoungGen: 1872992K(1982976K)->160K(1995264K) Eden: 1872384K(1872384K)->0K(1889280K) From: 608K(110592K)->160K(105984K)
[1020.446s][info ][gc,heap        ] GC(39) ParOldGen: 506278K(506368K)->506695K(506880K)
[1020.446s][info ][gc,metaspace   ] GC(39) Metaspace: 95902K(97216K)->95902K(97216K) NonClass: 81801K(82560K)->81801K(82560K) Class: 14101K(14656K)->14101K(14656K)
[1020.446s][info ][gc             ] GC(39) Pause Young (Allocation Failure) 2323M->494M(2443M) 3.610ms
[1020.446s][info ][gc,cpu         ] GC(39) User=0.01s Sys=0.00s Real=0.01s
[1020.446s][info ][safepoint      ] Safepoint "ParallelGCFailedAllocation", Time since last: 86342622793 ns, Reaching safepoint: 6600 ns, Cleanup: 4800 ns, At safepoint: 3681129 ns, Total: 3692529 ns
[1026.447s][info ][safepoint      ] Safepoint "Cleanup", Time since last: 6000500143 ns, Reaching safepoint: 85301 ns, Cleanup: 13200 ns, At safepoint: 8700 ns, Total: 107201 ns
[1068.450s][info ][safepoint      ] Safepoint "Cleanup", Time since last: 42003122927 ns, Reaching safepoint: 6100 ns, Cleanup: 16500 ns, At safepoint: 2600 ns, Total: 25200 ns
[1109.745s][info ][gc,start       ] GC(40) Pause Young (Allocation Failure)
[1109.748s][debug][gc,phases      ] GC(40) Scavenge 2.589ms
[1109.748s][debug][gc,ref         ] GC(40) ReferenceProcessor::execute queues: 1, RefProcThreadModel::Single, marks_oops_alive: false
[1109.748s][debug][gc,ref         ] GC(40) Skipped KeepAliveFinalRefsPhase of Reference Processing: no references
[1109.748s][debug][gc,ref         ] GC(40) Skipped PhantomRefsPhase of Reference Processing: no references
[1109.748s][debug][gc,phases      ] GC(40) Reference Processing 0.120ms
[1109.748s][debug][gc,phases      ] GC(40)   VM Weak                        Min:  0.0, Avg:  0.0, Max:  0.0, Diff:  0.0, Sum:  0.0, Workers: 4
[1109.748s][debug][gc,phases      ] GC(40)     Dead                           Min: 0, Avg:  0.0, Max: 0, Diff: 0, Sum: 0, Workers: 4
[1109.748s][debug][gc,phases      ] GC(40)     Total                          Min: 0, Avg: 251.5, Max: 448, Diff: 448, Sum: 1006, Workers: 4
[1109.748s][debug][gc,phases      ] GC(40)   ObjectSynchronizer Weak        Min:  0.0, Avg:  0.0, Max:  0.0, Diff:  0.0, Sum:  0.0, Workers: 4
[1109.748s][debug][gc,phases      ] GC(40)     Dead                           Min: 0, Avg:  0.0, Max: 0, Diff: 0, Sum: 0, Workers: 4
[1109.748s][debug][gc,phases      ] GC(40)     Total                          Min: 0, Avg:  0.8, Max: 3, Diff: 3, Sum: 3, Workers: 4
[1109.748s][debug][gc,phases      ] GC(40)   JVMTI Tag Weak OopStorage      Min:  0.0, Avg:  0.0, Max:  0.0, Diff:  0.0, Sum:  0.0, Workers: 4
[1109.748s][debug][gc,phases      ] GC(40)     Dead                           Min: 0, Avg:  0.0, Max: 0, Diff: 0, Sum: 0, Workers: 4
[1109.748s][debug][gc,phases      ] GC(40)     Total                          Min: 0, Avg:  0.0, Max: 0, Diff: 0, Sum: 0, Workers: 4
[1109.748s][debug][gc,phases      ] GC(40)   StringTable Weak               Min:  0.0, Avg:  0.1, Max:  0.2, Diff:  0.2, Sum:  0.5, Workers: 4
[1109.748s][debug][gc,phases      ] GC(40)     Dead                           Min: 0, Avg:  0.0, Max: 0, Diff: 0, Sum: 0, Workers: 4
[1109.748s][debug][gc,phases      ] GC(40)     Total                          Min: 0, Avg: 12114.8, Max: 16512, Diff: 16512, Sum: 48459, Workers: 4
[1109.748s][debug][gc,phases      ] GC(40)   ResolvedMethodTable Weak       Min:  0.0, Avg:  0.0, Max:  0.0, Diff:  0.0, Sum:  0.1, Workers: 4
[1109.748s][debug][gc,phases      ] GC(40)     Dead                           Min: 0, Avg:  0.0, Max: 0, Diff: 0, Sum: 0, Workers: 4
[1109.748s][debug][gc,phases      ] GC(40)     Total                          Min: 0, Avg: 3348.0, Max: 4519, Diff: 4519, Sum: 13392, Workers: 4
[1109.748s][debug][gc,phases      ] GC(40)   JNI Weak                       Min:  0.0, Avg:  0.0, Max:  0.0, Diff:  0.0, Sum:  0.0, Workers: 4
[1109.748s][debug][gc,phases      ] GC(40)     Dead                           Min: 0, Avg:  0.0, Max: 0, Diff: 0, Sum: 0, Workers: 4
[1109.748s][debug][gc,phases      ] GC(40)     Total                          Min: 0, Avg: 12.0, Max: 48, Diff: 48, Sum: 48, Workers: 4
[1109.748s][debug][gc,phases      ] GC(40)   StringDedup Table Weak         Min:  0.0, Avg:  0.0, Max:  0.0, Diff:  0.0, Sum:  0.0, Workers: 4
[1109.748s][debug][gc,phases      ] GC(40)     Dead                           Min: 0, Avg:  0.0, Max: 0, Diff: 0, Sum: 0, Workers: 4
[1109.748s][debug][gc,phases      ] GC(40)     Total                          Min: 0, Avg:  0.0, Max: 0, Diff: 0, Sum: 0, Workers: 4
[1109.748s][debug][gc,phases      ] GC(40)   StringDedup Requests0 Weak     Min:  0.0, Avg:  0.0, Max:  0.0, Diff:  0.0, Sum:  0.0, Workers: 4
[1109.748s][debug][gc,phases      ] GC(40)     Dead                           Min: 0, Avg:  0.0, Max: 0, Diff: 0, Sum: 0, Workers: 4
[1109.748s][debug][gc,phases      ] GC(40)     Total                          Min: 0, Avg:  0.0, Max: 0, Diff: 0, Sum: 0, Workers: 4
[1109.748s][debug][gc,phases      ] GC(40)   StringDedup Requests1 Weak     Min:  0.0, Avg:  0.0, Max:  0.0, Diff:  0.0, Sum:  0.0, Workers: 4
[1109.748s][debug][gc,phases      ] GC(40)     Dead                           Min: 0, Avg:  0.0, Max: 0, Diff: 0, Sum: 0, Workers: 4
[1109.749s][debug][gc,phases      ] GC(40)     Total                          Min: 0, Avg:  0.0, Max: 0, Diff: 0, Sum: 0, Workers: 4
[1109.749s][debug][gc,phases      ] GC(40)   Weak JFR Old Object Samples    Min:  0.0, Avg:  0.0, Max:  0.0, Diff:  0.0, Sum:  0.0, Workers: 4
[1109.749s][debug][gc,phases      ] GC(40)     Dead                           Min: 0, Avg:  0.0, Max: 0, Diff: 0, Sum: 0, Workers: 4
[1109.749s][debug][gc,phases      ] GC(40)     Total                          Min: 0, Avg:  0.0, Max: 0, Diff: 0, Sum: 0, Workers: 4
[1109.749s][debug][gc,phases      ] GC(40) Weak Processing 0.525ms
[1109.749s][debug][gc,age         ] GC(40) Desired survivor size 99614720 bytes, new threshold 1 (max threshold 15)
[1109.749s][info ][gc,heap        ] GC(40) PSYoungGen: 1889440K(1995264K)->192K(1991168K) Eden: 1889280K(1889280K)->0K(1889280K) From: 160K(105984K)->192K(101888K)
[1109.749s][info ][gc,heap        ] GC(40) ParOldGen: 506695K(506880K)->506727K(506880K)
[1109.749s][info ][gc,metaspace   ] GC(40) Metaspace: 95905K(97216K)->95905K(97216K) NonClass: 81804K(82560K)->81804K(82560K) Class: 14101K(14656K)->14101K(14656K)
[1109.749s][info ][gc             ] GC(40) Pause Young (Allocation Failure) 2339M->495M(2439M) 3.360ms
[1109.749s][info ][gc,cpu         ] GC(40) User=0.01s Sys=0.00s Real=0.01s
[1109.749s][info ][safepoint      ] Safepoint "ParallelGCFailedAllocation", Time since last: 41295092931 ns, Reaching safepoint: 6200 ns, Cleanup: 4900 ns, At safepoint: 3463717 ns, Total: 3474817 ns
[1118.749s][info ][safepoint      ] Safepoint "Cleanup", Time since last: 9000657686 ns, Reaching safepoint: 9200 ns, Cleanup: 14700 ns, At safepoint: 2600 ns, Total: 26500 ns
[1193.755s][info ][safepoint      ] Safepoint "Cleanup", Time since last: 75005598746 ns, Reaching safepoint: 8101 ns, Cleanup: 14401 ns, At safepoint: 3000 ns, Total: 25502 ns
[1198.357s][info ][gc,start       ] GC(41) Pause Young (Allocation Failure)
[1198.361s][debug][gc,phases      ] GC(41) Scavenge 3.224ms
[1198.361s][debug][gc,ref         ] GC(41) ReferenceProcessor::execute queues: 1, RefProcThreadModel::Single, marks_oops_alive: false
[1198.361s][debug][gc,ref         ] GC(41) Skipped KeepAliveFinalRefsPhase of Reference Processing: no references
[1198.361s][debug][gc,ref         ] GC(41) Skipped PhantomRefsPhase of Reference Processing: no references
[1198.361s][debug][gc,phases      ] GC(41) Reference Processing 0.113ms
[1198.361s][debug][gc,phases      ] GC(41)   VM Weak                        Min:  0.0, Avg:  0.0, Max:  0.0, Diff:  0.0, Sum:  0.0, Workers: 4
[1198.361s][debug][gc,phases      ] GC(41)     Dead                           Min: 0, Avg:  0.0, Max: 0, Diff: 0, Sum: 0, Workers: 4
[1198.361s][debug][gc,phases      ] GC(41)     Total                          Min: 46, Avg: 251.5, Max: 832, Diff: 786, Sum: 1006, Workers: 4
[1198.361s][debug][gc,phases      ] GC(41)   ObjectSynchronizer Weak        Min:  0.0, Avg:  0.0, Max:  0.0, Diff:  0.0, Sum:  0.0, Workers: 4
[1198.361s][debug][gc,phases      ] GC(41)     Dead                           Min: 0, Avg:  0.0, Max: 0, Diff: 0, Sum: 0, Workers: 4
[1198.361s][debug][gc,phases      ] GC(41)     Total                          Min: 0, Avg:  0.8, Max: 3, Diff: 3, Sum: 3, Workers: 4
[1198.361s][debug][gc,phases      ] GC(41)   JVMTI Tag Weak OopStorage      Min:  0.0, Avg:  0.0, Max:  0.0, Diff:  0.0, Sum:  0.0, Workers: 4
[1198.361s][debug][gc,phases      ] GC(41)     Dead                           Min: 0, Avg:  0.0, Max: 0, Diff: 0, Sum: 0, Workers: 4
[1198.361s][debug][gc,phases      ] GC(41)     Total                          Min: 0, Avg:  0.0, Max: 0, Diff: 0, Sum: 0, Workers: 4
[1198.361s][debug][gc,phases      ] GC(41)   StringTable Weak               Min:  0.1, Avg:  0.1, Max:  0.1, Diff:  0.0, Sum:  0.5, Workers: 4
[1198.361s][debug][gc,phases      ] GC(41)     Dead                           Min: 0, Avg:  0.0, Max: 0, Diff: 0, Sum: 0, Workers: 4
[1198.361s][debug][gc,phases      ] GC(41)     Total                          Min: 10432, Avg: 12114.8, Max: 13003, Diff: 2571, Sum: 48459, Workers: 4
[1198.361s][debug][gc,phases      ] GC(41)   ResolvedMethodTable Weak       Min:  0.0, Avg:  0.0, Max:  0.0, Diff:  0.0, Sum:  0.1, Workers: 4
[1198.361s][debug][gc,phases      ] GC(41)     Dead                           Min: 0, Avg:  0.0, Max: 0, Diff: 0, Sum: 0, Workers: 4
[1198.361s][debug][gc,phases      ] GC(41)     Total                          Min: 3155, Avg: 3348.0, Max: 3753, Diff: 598, Sum: 13392, Workers: 4
[1198.361s][debug][gc,phases      ] GC(41)   JNI Weak                       Min:  0.0, Avg:  0.0, Max:  0.0, Diff:  0.0, Sum:  0.0, Workers: 4
[1198.361s][debug][gc,phases      ] GC(41)     Dead                           Min: 0, Avg:  0.0, Max: 0, Diff: 0, Sum: 0, Workers: 4
[1198.361s][debug][gc,phases      ] GC(41)     Total                          Min: 0, Avg: 12.0, Max: 48, Diff: 48, Sum: 48, Workers: 4
[1198.361s][debug][gc,phases      ] GC(41)   StringDedup Table Weak         Min:  0.0, Avg:  0.0, Max:  0.0, Diff:  0.0, Sum:  0.0, Workers: 4
[1198.361s][debug][gc,phases      ] GC(41)     Dead                           Min: 0, Avg:  0.0, Max: 0, Diff: 0, Sum: 0, Workers: 4
[1198.361s][debug][gc,phases      ] GC(41)     Total                          Min: 0, Avg:  0.0, Max: 0, Diff: 0, Sum: 0, Workers: 4
[1198.361s][debug][gc,phases      ] GC(41)   StringDedup Requests0 Weak     Min:  0.0, Avg:  0.0, Max:  0.0, Diff:  0.0, Sum:  0.0, Workers: 4
[1198.361s][debug][gc,phases      ] GC(41)     Dead                           Min: 0, Avg:  0.0, Max: 0, Diff: 0, Sum: 0, Workers: 4
[1198.361s][debug][gc,phases      ] GC(41)     Total                          Min: 0, Avg:  0.0, Max: 0, Diff: 0, Sum: 0, Workers: 4
[1198.361s][debug][gc,phases      ] GC(41)   StringDedup Requests1 Weak     Min:  0.0, Avg:  0.0, Max:  0.0, Diff:  0.0, Sum:  0.0, Workers: 4
[1198.361s][debug][gc,phases      ] GC(41)     Dead                           Min: 0, Avg:  0.0, Max: 0, Diff: 0, Sum: 0, Workers: 4
[1198.361s][debug][gc,phases      ] GC(41)     Total                          Min: 0, Avg:  0.0, Max: 0, Diff: 0, Sum: 0, Workers: 4
[1198.361s][debug][gc,phases      ] GC(41)   Weak JFR Old Object Samples    Min:  0.0, Avg:  0.0, Max:  0.0, Diff:  0.0, Sum:  0.0, Workers: 4
[1198.361s][debug][gc,phases      ] GC(41)     Dead                           Min: 0, Avg:  0.0, Max: 0, Diff: 0, Sum: 0, Workers: 4
[1198.361s][debug][gc,phases      ] GC(41)     Total                          Min: 0, Avg:  0.0, Max: 0, Diff: 0, Sum: 0, Workers: 4
[1198.361s][debug][gc,phases      ] GC(41) Weak Processing 0.401ms
[1198.361s][debug][gc,age         ] GC(41) Desired survivor size 94371840 bytes, new threshold 1 (max threshold 15)
[1198.361s][info ][gc,heap        ] GC(41) PSYoungGen: 1889472K(1991168K)->192K(2004992K) Eden: 1889280K(1889280K)->0K(1907712K) From: 192K(101888K)->192K(97280K)
[1198.361s][info ][gc,heap        ] GC(41) ParOldGen: 506727K(506880K)->506751K(506880K)
[1198.361s][info ][gc,metaspace   ] GC(41) Metaspace: 95908K(97216K)->95908K(97216K) NonClass: 81807K(82560K)->81807K(82560K) Class: 14101K(14656K)->14101K(14656K)
[1198.361s][info ][gc             ] GC(41) Pause Young (Allocation Failure) 2340M->495M(2453M) 3.864ms
[1198.361s][info ][gc,cpu         ] GC(41) User=0.01s Sys=0.00s Real=0.00s
[1198.361s][info ][safepoint      ] Safepoint "ParallelGCFailedAllocation", Time since last: 4602363805 ns, Reaching safepoint: 8001 ns, Cleanup: 6000 ns, At safepoint: 3952665 ns, Total: 3966666 ns
[1216.363s][info ][safepoint      ] Safepoint "Cleanup", Time since last: 18001242163 ns, Reaching safepoint: 6500 ns, Cleanup: 12801 ns, At safepoint: 2200 ns, Total: 21501 ns
[1287.793s][info ][gc,start       ] GC(42) Pause Young (Allocation Failure)
[1287.796s][debug][gc,phases      ] GC(42) Scavenge 2.707ms
[1287.796s][debug][gc,ref         ] GC(42) ReferenceProcessor::execute queues: 1, RefProcThreadModel::Single, marks_oops_alive: false
[1287.797s][debug][gc,ref         ] GC(42) Skipped KeepAliveFinalRefsPhase of Reference Processing: no references
[1287.797s][debug][gc,ref         ] GC(42) Skipped PhantomRefsPhase of Reference Processing: no references
[1287.797s][debug][gc,phases      ] GC(42) Reference Processing 0.259ms
[1287.797s][debug][gc,phases      ] GC(42)   VM Weak                        Min:  0.0, Avg:  0.0, Max:  0.0, Diff:  0.0, Sum:  0.0, Workers: 4
[1287.797s][debug][gc,phases      ] GC(42)     Dead                           Min: 0, Avg:  0.0, Max: 0, Diff: 0, Sum: 0, Workers: 4
[1287.797s][debug][gc,phases      ] GC(42)     Total                          Min: 0, Avg: 251.5, Max: 1006, Diff: 1006, Sum: 1006, Workers: 4
[1287.797s][debug][gc,phases      ] GC(42)   ObjectSynchronizer Weak        Min:  0.0, Avg:  0.0, Max:  0.0, Diff:  0.0, Sum:  0.0, Workers: 4
[1287.797s][debug][gc,phases      ] GC(42)     Dead                           Min: 0, Avg:  0.0, Max: 0, Diff: 0, Sum: 0, Workers: 4
[1287.797s][debug][gc,phases      ] GC(42)     Total                          Min: 0, Avg:  1.0, Max: 4, Diff: 4, Sum: 4, Workers: 4
[1287.797s][debug][gc,phases      ] GC(42)   JVMTI Tag Weak OopStorage      Min:  0.0, Avg:  0.0, Max:  0.0, Diff:  0.0, Sum:  0.0, Workers: 4
[1287.797s][debug][gc,phases      ] GC(42)     Dead                           Min: 0, Avg:  0.0, Max: 0, Diff: 0, Sum: 0, Workers: 4
[1287.797s][debug][gc,phases      ] GC(42)     Total                          Min: 0, Avg:  0.0, Max: 0, Diff: 0, Sum: 0, Workers: 4
[1287.797s][debug][gc,phases      ] GC(42)   StringTable Weak               Min:  0.0, Avg:  0.1, Max:  0.2, Diff:  0.2, Sum:  0.5, Workers: 4
[1287.797s][debug][gc,phases      ] GC(42)     Dead                           Min: 0, Avg:  0.0, Max: 0, Diff: 0, Sum: 0, Workers: 4
[1287.797s][debug][gc,phases      ] GC(42)     Total                          Min: 0, Avg: 12114.8, Max: 26944, Diff: 26944, Sum: 48459, Workers: 4
[1287.797s][debug][gc,phases      ] GC(42)   ResolvedMethodTable Weak       Min:  0.0, Avg:  0.0, Max:  0.1, Diff:  0.1, Sum:  0.1, Workers: 4
[1287.797s][debug][gc,phases      ] GC(42)     Dead                           Min: 0, Avg:  0.0, Max: 0, Diff: 0, Sum: 0, Workers: 4
[1287.797s][debug][gc,phases      ] GC(42)     Total                          Min: 0, Avg: 3348.0, Max: 6725, Diff: 6725, Sum: 13392, Workers: 4
[1287.797s][debug][gc,phases      ] GC(42)   JNI Weak                       Min:  0.0, Avg:  0.0, Max:  0.0, Diff:  0.0, Sum:  0.0, Workers: 4
[1287.797s][debug][gc,phases      ] GC(42)     Dead                           Min: 0, Avg:  0.0, Max: 0, Diff: 0, Sum: 0, Workers: 4
[1287.797s][debug][gc,phases      ] GC(42)     Total                          Min: 0, Avg: 12.0, Max: 48, Diff: 48, Sum: 48, Workers: 4
[1287.797s][debug][gc,phases      ] GC(42)   StringDedup Table Weak         Min:  0.0, Avg:  0.0, Max:  0.0, Diff:  0.0, Sum:  0.0, Workers: 4
[1287.797s][debug][gc,phases      ] GC(42)     Dead                           Min: 0, Avg:  0.0, Max: 0, Diff: 0, Sum: 0, Workers: 4
[1287.797s][debug][gc,phases      ] GC(42)     Total                          Min: 0, Avg:  0.0, Max: 0, Diff: 0, Sum: 0, Workers: 4
[1287.797s][debug][gc,phases      ] GC(42)   StringDedup Requests0 Weak     Min:  0.0, Avg:  0.0, Max:  0.0, Diff:  0.0, Sum:  0.0, Workers: 4
[1287.797s][debug][gc,phases      ] GC(42)     Dead                           Min: 0, Avg:  0.0, Max: 0, Diff: 0, Sum: 0, Workers: 4
[1287.797s][debug][gc,phases      ] GC(42)     Total                          Min: 0, Avg:  0.0, Max: 0, Diff: 0, Sum: 0, Workers: 4
[1287.797s][debug][gc,phases      ] GC(42)   StringDedup Requests1 Weak     Min:  0.0, Avg:  0.0, Max:  0.0, Diff:  0.0, Sum:  0.0, Workers: 4
[1287.797s][debug][gc,phases      ] GC(42)     Dead                           Min: 0, Avg:  0.0, Max: 0, Diff: 0, Sum: 0, Workers: 4
[1287.797s][debug][gc,phases      ] GC(42)     Total                          Min: 0, Avg:  0.0, Max: 0, Diff: 0, Sum: 0, Workers: 4
[1287.797s][debug][gc,phases      ] GC(42)   Weak JFR Old Object Samples    Min:  0.0, Avg:  0.0, Max:  0.0, Diff:  0.0, Sum:  0.0, Workers: 4
[1287.797s][debug][gc,phases      ] GC(42)     Dead                           Min: 0, Avg:  0.0, Max: 0, Diff: 0, Sum: 0, Workers: 4
[1287.797s][debug][gc,phases      ] GC(42)     Total                          Min: 0, Avg:  0.0, Max: 0, Diff: 0, Sum: 0, Workers: 4
[1287.797s][debug][gc,phases      ] GC(42) Weak Processing 0.612ms
[1287.797s][debug][gc,age         ] GC(42) Desired survivor size 89653248 bytes, new threshold 1 (max threshold 15)
[1287.797s][info ][gc,heap        ] GC(42) PSYoungGen: 1907904K(2004992K)->192K(1999872K) Eden: 1907712K(1907712K)->0K(1907712K) From: 192K(97280K)->192K(92160K)
[1287.797s][info ][gc,heap        ] GC(42) ParOldGen: 506751K(506880K)->506783K(506880K)
[1287.797s][info ][gc,metaspace   ] GC(42) Metaspace: 95912K(97216K)->95912K(97216K) NonClass: 81811K(82560K)->81811K(82560K) Class: 14101K(14656K)->14101K(14656K)
[1287.797s][info ][gc             ] GC(42) Pause Young (Allocation Failure) 2358M->495M(2448M) 3.729ms
[1287.797s][info ][gc,cpu         ] GC(42) User=0.01s Sys=0.00s Real=0.01s
[1287.797s][info ][safepoint      ] Safepoint "ParallelGCFailedAllocation", Time since last: 71430904320 ns, Reaching safepoint: 6101 ns, Cleanup: 5100 ns, At safepoint: 3832451 ns, Total: 3843652 ns
[1288.797s][info ][safepoint      ] Safepoint "Cleanup", Time since last: 1000102133 ns, Reaching safepoint: 83604 ns, Cleanup: 12400 ns, At safepoint: 7800 ns, Total: 103804 ns
[1318.800s][info ][safepoint      ] Safepoint "Cleanup", Time since last: 30002725866 ns, Reaching safepoint: 6300 ns, Cleanup: 13600 ns, At safepoint: 3000 ns, Total: 22900 ns
[1368.508s][info ][safepoint      ] Safepoint "Cleanup", Time since last: 49708110344 ns, Reaching safepoint: 6200 ns, Cleanup: 11300 ns, At safepoint: 2200 ns, Total: 19700 ns
[1377.744s][info ][gc,start       ] GC(43) Pause Young (Allocation Failure)
[1377.746s][debug][gc,phases      ] GC(43) Scavenge 2.435ms
[1377.747s][debug][gc,ref         ] GC(43) ReferenceProcessor::execute queues: 1, RefProcThreadModel::Single, marks_oops_alive: false
[1377.747s][debug][gc,ref         ] GC(43) Skipped KeepAliveFinalRefsPhase of Reference Processing: no references
[1377.747s][debug][gc,ref         ] GC(43) Skipped PhantomRefsPhase of Reference Processing: no references
[1377.747s][debug][gc,phases      ] GC(43) Reference Processing 0.141ms
[1377.747s][debug][gc,phases      ] GC(43)   VM Weak                        Min:  0.0, Avg:  0.0, Max:  0.0, Diff:  0.0, Sum:  0.0, Workers: 4
[1377.747s][debug][gc,phases      ] GC(43)     Dead                           Min: 0, Avg:  0.0, Max: 0, Diff: 0, Sum: 0, Workers: 4
[1377.747s][debug][gc,phases      ] GC(43)     Total                          Min: 0, Avg: 251.5, Max: 640, Diff: 640, Sum: 1006, Workers: 4
[1377.747s][debug][gc,phases      ] GC(43)   ObjectSynchronizer Weak        Min:  0.0, Avg:  0.0, Max:  0.0, Diff:  0.0, Sum:  0.0, Workers: 4
[1377.747s][debug][gc,phases      ] GC(43)     Dead                           Min: 0, Avg:  0.0, Max: 0, Diff: 0, Sum: 0, Workers: 4
[1377.747s][debug][gc,phases      ] GC(43)     Total                          Min: 0, Avg:  0.8, Max: 3, Diff: 3, Sum: 3, Workers: 4
[1377.747s][debug][gc,phases      ] GC(43)   JVMTI Tag Weak OopStorage      Min:  0.0, Avg:  0.0, Max:  0.0, Diff:  0.0, Sum:  0.0, Workers: 4
[1377.747s][debug][gc,phases      ] GC(43)     Dead                           Min: 0, Avg:  0.0, Max: 0, Diff: 0, Sum: 0, Workers: 4
[1377.747s][debug][gc,phases      ] GC(43)     Total                          Min: 0, Avg:  0.0, Max: 0, Diff: 0, Sum: 0, Workers: 4
[1377.747s][debug][gc,phases      ] GC(43)   StringTable Weak               Min:  0.0, Avg:  0.1, Max:  0.1, Diff:  0.1, Sum:  0.4, Workers: 4
[1377.747s][debug][gc,phases      ] GC(43)     Dead                           Min: 0, Avg:  0.0, Max: 0, Diff: 0, Sum: 0, Workers: 4
[1377.747s][debug][gc,phases      ] GC(43)     Total                          Min: 0, Avg: 12116.0, Max: 17920, Diff: 17920, Sum: 48464, Workers: 4
[1377.747s][debug][gc,phases      ] GC(43)   ResolvedMethodTable Weak       Min:  0.0, Avg:  0.0, Max:  0.0, Diff:  0.0, Sum:  0.1, Workers: 4
[1377.747s][debug][gc,phases      ] GC(43)     Dead                           Min: 0, Avg:  0.0, Max: 0, Diff: 0, Sum: 0, Workers: 4
[1377.747s][debug][gc,phases      ] GC(43)     Total                          Min: 0, Avg: 3348.0, Max: 4622, Diff: 4622, Sum: 13392, Workers: 4
[1377.747s][debug][gc,phases      ] GC(43)   JNI Weak                       Min:  0.0, Avg:  0.0, Max:  0.0, Diff:  0.0, Sum:  0.0, Workers: 4
[1377.747s][debug][gc,phases      ] GC(43)     Dead                           Min: 0, Avg:  0.0, Max: 0, Diff: 0, Sum: 0, Workers: 4
[1377.747s][debug][gc,phases      ] GC(43)     Total                          Min: 0, Avg: 12.0, Max: 48, Diff: 48, Sum: 48, Workers: 4
[1377.747s][debug][gc,phases      ] GC(43)   StringDedup Table Weak         Min:  0.0, Avg:  0.0, Max:  0.0, Diff:  0.0, Sum:  0.0, Workers: 4
[1377.747s][debug][gc,phases      ] GC(43)     Dead                           Min: 0, Avg:  0.0, Max: 0, Diff: 0, Sum: 0, Workers: 4
[1377.747s][debug][gc,phases      ] GC(43)     Total                          Min: 0, Avg:  0.0, Max: 0, Diff: 0, Sum: 0, Workers: 4
[1377.747s][debug][gc,phases      ] GC(43)   StringDedup Requests0 Weak     Min:  0.0, Avg:  0.0, Max:  0.0, Diff:  0.0, Sum:  0.0, Workers: 4
[1377.747s][debug][gc,phases      ] GC(43)     Dead                           Min: 0, Avg:  0.0, Max: 0, Diff: 0, Sum: 0, Workers: 4
[1377.747s][debug][gc,phases      ] GC(43)     Total                          Min: 0, Avg:  0.0, Max: 0, Diff: 0, Sum: 0, Workers: 4
[1377.747s][debug][gc,phases      ] GC(43)   StringDedup Requests1 Weak     Min:  0.0, Avg:  0.0, Max:  0.0, Diff:  0.0, Sum:  0.0, Workers: 4
[1377.747s][debug][gc,phases      ] GC(43)     Dead                           Min: 0, Avg:  0.0, Max: 0, Diff: 0, Sum: 0, Workers: 4
[1377.747s][debug][gc,phases      ] GC(43)     Total                          Min: 0, Avg:  0.0, Max: 0, Diff: 0, Sum: 0, Workers: 4
[1377.747s][debug][gc,phases      ] GC(43)   Weak JFR Old Object Samples    Min:  0.0, Avg:  0.0, Max:  0.0, Diff:  0.0, Sum:  0.0, Workers: 4
[1377.747s][debug][gc,phases      ] GC(43)     Dead                           Min: 0, Avg:  0.0, Max: 0, Diff: 0, Sum: 0, Workers: 4
[1377.747s][debug][gc,phases      ] GC(43)     Total                          Min: 0, Avg:  0.0, Max: 0, Diff: 0, Sum: 0, Workers: 4
[1377.747s][debug][gc,phases      ] GC(43) Weak Processing 0.448ms
[1377.747s][debug][gc,age         ] GC(43) Desired survivor size 84934656 bytes, new threshold 1 (max threshold 15)
[1377.747s][info ][gc,heap        ] GC(43) PSYoungGen: 1907904K(1999872K)->160K(2014208K) Eden: 1907712K(1907712K)->0K(1926656K) From: 192K(92160K)->160K(87552K)
[1377.747s][info ][gc,heap        ] GC(43) ParOldGen: 506783K(506880K)->506815K(506880K)
[1377.747s][info ][gc,metaspace   ] GC(43) Metaspace: 95925K(97216K)->95925K(97216K) NonClass: 81824K(82560K)->81824K(82560K) Class: 14101K(14656K)->14101K(14656K)
[1377.747s][info ][gc             ] GC(43) Pause Young (Allocation Failure) 2358M->495M(2462M) 3.179ms
[1377.747s][info ][gc,cpu         ] GC(43) User=0.00s Sys=0.00s Real=0.01s
[1377.747s][info ][safepoint      ] Safepoint "ParallelGCFailedAllocation", Time since last: 9235456858 ns, Reaching safepoint: 85903 ns, Cleanup: 5500 ns, At safepoint: 3264815 ns, Total: 3356218 ns
[1454.753s][info ][safepoint      ] Safepoint "Cleanup", Time since last: 77005538315 ns, Reaching safepoint: 9101 ns, Cleanup: 35601 ns, At safepoint: 3200 ns, Total: 47902 ns
[1461.753s][info ][safepoint      ] Safepoint "Cleanup", Time since last: 7000563399 ns, Reaching safepoint: 10101 ns, Cleanup: 11800 ns, At safepoint: 2500 ns, Total: 24401 ns
[1463.754s][info ][safepoint      ] Safepoint "Cleanup", Time since last: 2000199211 ns, Reaching safepoint: 6701 ns, Cleanup: 10200 ns, At safepoint: 2100 ns, Total: 19001 ns
[1467.754s][info ][safepoint      ] Safepoint "Cleanup", Time since last: 4000307397 ns, Reaching safepoint: 6700 ns, Cleanup: 12601 ns, At safepoint: 2700 ns, Total: 22001 ns
[1471.896s][info ][gc,start       ] GC(44) Pause Young (Allocation Failure)
[1471.901s][debug][gc,phases      ] GC(44) Scavenge 4.153ms
[1471.901s][debug][gc,ref         ] GC(44) ReferenceProcessor::execute queues: 1, RefProcThreadModel::Single, marks_oops_alive: false
[1471.901s][debug][gc,ref         ] GC(44) Skipped KeepAliveFinalRefsPhase of Reference Processing: no references
[1471.901s][debug][gc,ref         ] GC(44) Skipped PhantomRefsPhase of Reference Processing: no references
[1471.901s][debug][gc,phases      ] GC(44) Reference Processing 0.137ms
[1471.901s][debug][gc,phases      ] GC(44)   VM Weak                        Min:  0.0, Avg:  0.0, Max:  0.0, Diff:  0.0, Sum:  0.0, Workers: 4
[1471.901s][debug][gc,phases      ] GC(44)     Dead                           Min: 0, Avg:  0.0, Max: 0, Diff: 0, Sum: 0, Workers: 4
[1471.901s][debug][gc,phases      ] GC(44)     Total                          Min: 0, Avg: 251.5, Max: 768, Diff: 768, Sum: 1006, Workers: 4
[1471.901s][debug][gc,phases      ] GC(44)   ObjectSynchronizer Weak        Min:  0.0, Avg:  0.0, Max:  0.0, Diff:  0.0, Sum:  0.0, Workers: 4
[1471.901s][debug][gc,phases      ] GC(44)     Dead                           Min: 0, Avg:  0.0, Max: 0, Diff: 0, Sum: 0, Workers: 4
[1471.901s][debug][gc,phases      ] GC(44)     Total                          Min: 0, Avg:  0.8, Max: 3, Diff: 3, Sum: 3, Workers: 4
[1471.901s][debug][gc,phases      ] GC(44)   JVMTI Tag Weak OopStorage      Min:  0.0, Avg:  0.0, Max:  0.0, Diff:  0.0, Sum:  0.0, Workers: 4
[1471.901s][debug][gc,phases      ] GC(44)     Dead                           Min: 0, Avg:  0.0, Max: 0, Diff: 0, Sum: 0, Workers: 4
[1471.901s][debug][gc,phases      ] GC(44)     Total                          Min: 0, Avg:  0.0, Max: 0, Diff: 0, Sum: 0, Workers: 4
[1471.901s][debug][gc,phases      ] GC(44)   StringTable Weak               Min:  0.0, Avg:  0.2, Max:  0.3, Diff:  0.3, Sum:  0.7, Workers: 4
[1471.901s][debug][gc,phases      ] GC(44)     Dead                           Min: 0, Avg:  0.0, Max: 0, Diff: 0, Sum: 0, Workers: 4
[1471.901s][debug][gc,phases      ] GC(44)     Total                          Min: 0, Avg: 12116.2, Max: 25425, Diff: 25425, Sum: 48465, Workers: 4
[1471.901s][debug][gc,phases      ] GC(44)   ResolvedMethodTable Weak       Min:  0.0, Avg:  0.0, Max:  0.1, Diff:  0.1, Sum:  0.1, Workers: 4
[1471.901s][debug][gc,phases      ] GC(44)     Dead                           Min: 0, Avg:  0.0, Max: 0, Diff: 0, Sum: 0, Workers: 4
[1471.901s][debug][gc,phases      ] GC(44)     Total                          Min: 0, Avg: 3348.0, Max: 6755, Diff: 6755, Sum: 13392, Workers: 4
[1471.901s][debug][gc,phases      ] GC(44)   JNI Weak                       Min:  0.0, Avg:  0.0, Max:  0.0, Diff:  0.0, Sum:  0.0, Workers: 4
[1471.901s][debug][gc,phases      ] GC(44)     Dead                           Min: 0, Avg:  0.0, Max: 0, Diff: 0, Sum: 0, Workers: 4
[1471.901s][debug][gc,phases      ] GC(44)     Total                          Min: 0, Avg: 12.0, Max: 48, Diff: 48, Sum: 48, Workers: 4
[1471.901s][debug][gc,phases      ] GC(44)   StringDedup Table Weak         Min:  0.0, Avg:  0.0, Max:  0.0, Diff:  0.0, Sum:  0.0, Workers: 4
[1471.901s][debug][gc,phases      ] GC(44)     Dead                           Min: 0, Avg:  0.0, Max: 0, Diff: 0, Sum: 0, Workers: 4
[1471.901s][debug][gc,phases      ] GC(44)     Total                          Min: 0, Avg:  0.0, Max: 0, Diff: 0, Sum: 0, Workers: 4
[1471.901s][debug][gc,phases      ] GC(44)   StringDedup Requests0 Weak     Min:  0.0, Avg:  0.0, Max:  0.0, Diff:  0.0, Sum:  0.0, Workers: 4
[1471.901s][debug][gc,phases      ] GC(44)     Dead                           Min: 0, Avg:  0.0, Max: 0, Diff: 0, Sum: 0, Workers: 4
[1471.901s][debug][gc,phases      ] GC(44)     Total                          Min: 0, Avg:  0.0, Max: 0, Diff: 0, Sum: 0, Workers: 4
[1471.901s][debug][gc,phases      ] GC(44)   StringDedup Requests1 Weak     Min:  0.0, Avg:  0.0, Max:  0.0, Diff:  0.0, Sum:  0.0, Workers: 4
[1471.901s][debug][gc,phases      ] GC(44)     Dead                           Min: 0, Avg:  0.0, Max: 0, Diff: 0, Sum: 0, Workers: 4
[1471.901s][debug][gc,phases      ] GC(44)     Total                          Min: 0, Avg:  0.0, Max: 0, Diff: 0, Sum: 0, Workers: 4
[1471.901s][debug][gc,phases      ] GC(44)   Weak JFR Old Object Samples    Min:  0.0, Avg:  0.0, Max:  0.0, Diff:  0.0, Sum:  0.0, Workers: 4
[1471.901s][debug][gc,phases      ] GC(44)     Dead                           Min: 0, Avg:  0.0, Max: 0, Diff: 0, Sum: 0, Workers: 4
[1471.901s][debug][gc,phases      ] GC(44)     Total                          Min: 0, Avg:  0.0, Max: 0, Diff: 0, Sum: 0, Workers: 4
[1471.901s][debug][gc,phases      ] GC(44) Weak Processing 0.596ms
[1471.901s][debug][gc,age         ] GC(44) Desired survivor size 79167488 bytes, new threshold 1 (max threshold 15)
[1471.901s][info ][gc,heap        ] GC(44) PSYoungGen: 1926816K(2014208K)->6593K(2009600K) Eden: 1926656K(1926656K)->0K(1926656K) From: 160K(87552K)->6593K(82944K)
[1471.901s][info ][gc,heap        ] GC(44) ParOldGen: 506815K(506880K)->506847K(506880K)
[1471.901s][info ][gc,metaspace   ] GC(44) Metaspace: 95949K(97216K)->95949K(97216K) NonClass: 81848K(82560K)->81848K(82560K) Class: 14101K(14656K)->14101K(14656K)
[1471.901s][info ][gc             ] GC(44) Pause Young (Allocation Failure) 2376M->501M(2457M) 5.027ms
[1471.901s][info ][gc,cpu         ] GC(44) User=0.01s Sys=0.00s Real=0.00s
[1471.901s][info ][safepoint      ] Safepoint "ParallelGCFailedAllocation", Time since last: 4142445522 ns, Reaching safepoint: 7400 ns, Cleanup: 6000 ns, At safepoint: 5141606 ns, Total: 5155006 ns
[1474.902s][info ][safepoint      ] Safepoint "Cleanup", Time since last: 3000232685 ns, Reaching safepoint: 8400 ns, Cleanup: 8700 ns, At safepoint: 3100 ns, Total: 20200 ns
[1475.902s][info ][safepoint      ] Safepoint "Cleanup", Time since last: 1000132902 ns, Reaching safepoint: 6601 ns, Cleanup: 14800 ns, At safepoint: 2300 ns, Total: 23701 ns
[1515.905s][info ][safepoint      ] Safepoint "Cleanup", Time since last: 40002936270 ns, Reaching safepoint: 9700 ns, Cleanup: 28000 ns, At safepoint: 2901 ns, Total: 40601 ns
[1560.295s][info ][gc,start       ] GC(45) Pause Young (Allocation Failure)
[1560.299s][debug][gc,phases      ] GC(45) Scavenge 4.362ms
[1560.299s][debug][gc,ref         ] GC(45) ReferenceProcessor::execute queues: 1, RefProcThreadModel::Single, marks_oops_alive: false
[1560.299s][debug][gc,ref         ] GC(45) Skipped KeepAliveFinalRefsPhase of Reference Processing: no references
[1560.299s][debug][gc,ref         ] GC(45) ReferenceProcessor::execute queues: 1, RefProcThreadModel::Single, marks_oops_alive: false
[1560.299s][debug][gc,phases      ] GC(45) Reference Processing 0.113ms
[1560.300s][debug][gc,phases      ] GC(45)   VM Weak                        Min:  0.0, Avg:  0.0, Max:  0.0, Diff:  0.0, Sum:  0.0, Workers: 4
[1560.300s][debug][gc,phases      ] GC(45)     Dead                           Min: 0, Avg:  0.0, Max: 0, Diff: 0, Sum: 0, Workers: 4
[1560.300s][debug][gc,phases      ] GC(45)     Total                          Min: 0, Avg: 251.5, Max: 686, Diff: 686, Sum: 1006, Workers: 4
[1560.300s][debug][gc,phases      ] GC(45)   ObjectSynchronizer Weak        Min:  0.0, Avg:  0.0, Max:  0.0, Diff:  0.0, Sum:  0.0, Workers: 4
[1560.300s][debug][gc,phases      ] GC(45)     Dead                           Min: 0, Avg:  0.0, Max: 0, Diff: 0, Sum: 0, Workers: 4
[1560.300s][debug][gc,phases      ] GC(45)     Total                          Min: 0, Avg:  0.8, Max: 3, Diff: 3, Sum: 3, Workers: 4
[1560.300s][debug][gc,phases      ] GC(45)   JVMTI Tag Weak OopStorage      Min:  0.0, Avg:  0.0, Max:  0.0, Diff:  0.0, Sum:  0.0, Workers: 4
[1560.300s][debug][gc,phases      ] GC(45)     Dead                           Min: 0, Avg:  0.0, Max: 0, Diff: 0, Sum: 0, Workers: 4
[1560.300s][debug][gc,phases      ] GC(45)     Total                          Min: 0, Avg:  0.0, Max: 0, Diff: 0, Sum: 0, Workers: 4
[1560.300s][debug][gc,phases      ] GC(45)   StringTable Weak               Min:  0.1, Avg:  0.1, Max:  0.1, Diff:  0.1, Sum:  0.5, Workers: 4
[1560.300s][debug][gc,phases      ] GC(45)     Dead                           Min: 0, Avg:  0.0, Max: 0, Diff: 0, Sum: 0, Workers: 4
[1560.300s][debug][gc,phases      ] GC(45)     Total                          Min: 7936, Avg: 12116.2, Max: 13824, Diff: 5888, Sum: 48465, Workers: 4
[1560.300s][debug][gc,phases      ] GC(45)   ResolvedMethodTable Weak       Min:  0.0, Avg:  0.0, Max:  0.0, Diff:  0.0, Sum:  0.1, Workers: 4
[1560.300s][debug][gc,phases      ] GC(45)     Dead                           Min: 0, Avg:  0.0, Max: 0, Diff: 0, Sum: 0, Workers: 4
[1560.300s][debug][gc,phases      ] GC(45)     Total                          Min: 3207, Avg: 3348.0, Max: 3575, Diff: 368, Sum: 13392, Workers: 4
[1560.300s][debug][gc,phases      ] GC(45)   JNI Weak                       Min:  0.0, Avg:  0.0, Max:  0.0, Diff:  0.0, Sum:  0.0, Workers: 4
[1560.300s][debug][gc,phases      ] GC(45)     Dead                           Min: 0, Avg:  0.0, Max: 0, Diff: 0, Sum: 0, Workers: 4
[1560.300s][debug][gc,phases      ] GC(45)     Total                          Min: 0, Avg: 12.0, Max: 48, Diff: 48, Sum: 48, Workers: 4
[1560.300s][debug][gc,phases      ] GC(45)   StringDedup Table Weak         Min:  0.0, Avg:  0.0, Max:  0.0, Diff:  0.0, Sum:  0.0, Workers: 4
[1560.300s][debug][gc,phases      ] GC(45)     Dead                           Min: 0, Avg:  0.0, Max: 0, Diff: 0, Sum: 0, Workers: 4
[1560.300s][debug][gc,phases      ] GC(45)     Total                          Min: 0, Avg:  0.0, Max: 0, Diff: 0, Sum: 0, Workers: 4
[1560.300s][debug][gc,phases      ] GC(45)   StringDedup Requests0 Weak     Min:  0.0, Avg:  0.0, Max:  0.0, Diff:  0.0, Sum:  0.0, Workers: 4
[1560.300s][debug][gc,phases      ] GC(45)     Dead                           Min: 0, Avg:  0.0, Max: 0, Diff: 0, Sum: 0, Workers: 4
[1560.300s][debug][gc,phases      ] GC(45)     Total                          Min: 0, Avg:  0.0, Max: 0, Diff: 0, Sum: 0, Workers: 4
[1560.300s][debug][gc,phases      ] GC(45)   StringDedup Requests1 Weak     Min:  0.0, Avg:  0.0, Max:  0.0, Diff:  0.0, Sum:  0.0, Workers: 4
[1560.300s][debug][gc,phases      ] GC(45)     Dead                           Min: 0, Avg:  0.0, Max: 0, Diff: 0, Sum: 0, Workers: 4
[1560.300s][debug][gc,phases      ] GC(45)     Total                          Min: 0, Avg:  0.0, Max: 0, Diff: 0, Sum: 0, Workers: 4
[1560.300s][debug][gc,phases      ] GC(45)   Weak JFR Old Object Samples    Min:  0.0, Avg:  0.0, Max:  0.0, Diff:  0.0, Sum:  0.0, Workers: 4
[1560.300s][debug][gc,phases      ] GC(45)     Dead                           Min: 0, Avg:  0.0, Max: 0, Diff: 0, Sum: 0, Workers: 4
[1560.300s][debug][gc,phases      ] GC(45)     Total                          Min: 0, Avg:  0.0, Max: 0, Diff: 0, Sum: 0, Workers: 4
[1560.300s][debug][gc,phases      ] GC(45) Weak Processing 0.418ms
[1560.300s][debug][gc,age         ] GC(45) Desired survivor size 74448896 bytes, new threshold 1 (max threshold 15)
[1560.300s][info ][gc,heap        ] GC(45) PSYoungGen: 1933249K(2009600K)->2752K(2024448K) Eden: 1926656K(1926656K)->0K(1947136K) From: 6593K(82944K)->2752K(77312K)
[1560.300s][info ][gc,heap        ] GC(45) ParOldGen: 506847K(506880K)->511714K(512000K)
[1560.300s][info ][gc,metaspace   ] GC(45) Metaspace: 95967K(97280K)->95967K(97280K) NonClass: 81866K(82624K)->81866K(82624K) Class: 14101K(14656K)->14101K(14656K)
[1560.300s][info ][gc             ] GC(45) Pause Young (Allocation Failure) 2382M->502M(2477M) 5.030ms
[1560.300s][info ][gc,cpu         ] GC(45) User=0.01s Sys=0.00s Real=0.00s
[1560.300s][info ][safepoint      ] Safepoint "ParallelGCFailedAllocation", Time since last: 44389733940 ns, Reaching safepoint: 80301 ns, Cleanup: 4800 ns, At safepoint: 5138201 ns, Total: 5223302 ns
[1577.301s][info ][safepoint      ] Safepoint "Cleanup", Time since last: 17001261718 ns, Reaching safepoint: 6100 ns, Cleanup: 13600 ns, At safepoint: 2200 ns, Total: 21900 ns
[1581.301s][info ][safepoint      ] Safepoint "Cleanup", Time since last: 4000323009 ns, Reaching safepoint: 6500 ns, Cleanup: 12000 ns, At safepoint: 2400 ns, Total: 20900 ns
[1649.246s][info ][gc,start       ] GC(46) Pause Young (Allocation Failure)
[1649.249s][debug][gc,phases      ] GC(46) Scavenge 2.901ms
[1649.249s][debug][gc,ref         ] GC(46) ReferenceProcessor::execute queues: 1, RefProcThreadModel::Single, marks_oops_alive: false
[1649.249s][debug][gc,ref         ] GC(46) Skipped KeepAliveFinalRefsPhase of Reference Processing: no references
[1649.249s][debug][gc,ref         ] GC(46) Skipped PhantomRefsPhase of Reference Processing: no references
[1649.249s][debug][gc,phases      ] GC(46) Reference Processing 0.114ms
[1649.249s][debug][gc,phases      ] GC(46)   VM Weak                        Min:  0.0, Avg:  0.0, Max:  0.0, Diff:  0.0, Sum:  0.0, Workers: 4
[1649.249s][debug][gc,phases      ] GC(46)     Dead                           Min: 0, Avg:  0.0, Max: 0, Diff: 0, Sum: 0, Workers: 4
[1649.249s][debug][gc,phases      ] GC(46)     Total                          Min: 0, Avg: 251.5, Max: 558, Diff: 558, Sum: 1006, Workers: 4
[1649.249s][debug][gc,phases      ] GC(46)   ObjectSynchronizer Weak        Min:  0.0, Avg:  0.0, Max:  0.0, Diff:  0.0, Sum:  0.0, Workers: 4
[1649.249s][debug][gc,phases      ] GC(46)     Dead                           Min: 0, Avg:  0.0, Max: 0, Diff: 0, Sum: 0, Workers: 4
[1649.249s][debug][gc,phases      ] GC(46)     Total                          Min: 0, Avg:  0.8, Max: 3, Diff: 3, Sum: 3, Workers: 4
[1649.249s][debug][gc,phases      ] GC(46)   JVMTI Tag Weak OopStorage      Min:  0.0, Avg:  0.0, Max:  0.0, Diff:  0.0, Sum:  0.0, Workers: 4
[1649.249s][debug][gc,phases      ] GC(46)     Dead                           Min: 0, Avg:  0.0, Max: 0, Diff: 0, Sum: 0, Workers: 4
[1649.249s][debug][gc,phases      ] GC(46)     Total                          Min: 0, Avg:  0.0, Max: 0, Diff: 0, Sum: 0, Workers: 4
[1649.249s][debug][gc,phases      ] GC(46)   StringTable Weak               Min:  0.0, Avg:  0.1, Max:  0.1, Diff:  0.1, Sum:  0.4, Workers: 4
[1649.249s][debug][gc,phases      ] GC(46)     Dead                           Min: 0, Avg:  0.0, Max: 0, Diff: 0, Sum: 0, Workers: 4
[1649.249s][debug][gc,phases      ] GC(46)     Total                          Min: 0, Avg: 12116.2, Max: 17728, Diff: 17728, Sum: 48465, Workers: 4
[1649.249s][debug][gc,phases      ] GC(46)   ResolvedMethodTable Weak       Min:  0.0, Avg:  0.0, Max:  0.0, Diff:  0.0, Sum:  0.1, Workers: 4
[1649.249s][debug][gc,phases      ] GC(46)     Dead                           Min: 0, Avg:  0.0, Max: 0, Diff: 0, Sum: 0, Workers: 4
[1649.249s][debug][gc,phases      ] GC(46)     Total                          Min: 0, Avg: 3348.0, Max: 4812, Diff: 4812, Sum: 13392, Workers: 4
[1649.249s][debug][gc,phases      ] GC(46)   JNI Weak                       Min:  0.0, Avg:  0.0, Max:  0.0, Diff:  0.0, Sum:  0.0, Workers: 4
[1649.249s][debug][gc,phases      ] GC(46)     Dead                           Min: 0, Avg:  0.0, Max: 0, Diff: 0, Sum: 0, Workers: 4
[1649.249s][debug][gc,phases      ] GC(46)     Total                          Min: 0, Avg: 12.0, Max: 48, Diff: 48, Sum: 48, Workers: 4
[1649.249s][debug][gc,phases      ] GC(46)   StringDedup Table Weak         Min:  0.0, Avg:  0.0, Max:  0.0, Diff:  0.0, Sum:  0.0, Workers: 4
[1649.249s][debug][gc,phases      ] GC(46)     Dead                           Min: 0, Avg:  0.0, Max: 0, Diff: 0, Sum: 0, Workers: 4
[1649.249s][debug][gc,phases      ] GC(46)     Total                          Min: 0, Avg:  0.0, Max: 0, Diff: 0, Sum: 0, Workers: 4
[1649.249s][debug][gc,phases      ] GC(46)   StringDedup Requests0 Weak     Min:  0.0, Avg:  0.0, Max:  0.0, Diff:  0.0, Sum:  0.0, Workers: 4
[1649.249s][debug][gc,phases      ] GC(46)     Dead                           Min: 0, Avg:  0.0, Max: 0, Diff: 0, Sum: 0, Workers: 4
[1649.249s][debug][gc,phases      ] GC(46)     Total                          Min: 0, Avg:  0.0, Max: 0, Diff: 0, Sum: 0, Workers: 4
[1649.249s][debug][gc,phases      ] GC(46)   StringDedup Requests1 Weak     Min:  0.0, Avg:  0.0, Max:  0.0, Diff:  0.0, Sum:  0.0, Workers: 4
[1649.249s][debug][gc,phases      ] GC(46)     Dead                           Min: 0, Avg:  0.0, Max: 0, Diff: 0, Sum: 0, Workers: 4
[1649.249s][debug][gc,phases      ] GC(46)     Total                          Min: 0, Avg:  0.0, Max: 0, Diff: 0, Sum: 0, Workers: 4
[1649.249s][debug][gc,phases      ] GC(46)   Weak JFR Old Object Samples    Min:  0.0, Avg:  0.0, Max:  0.0, Diff:  0.0, Sum:  0.0, Workers: 4
[1649.250s][debug][gc,phases      ] GC(46)     Dead                           Min: 0, Avg:  0.0, Max: 0, Diff: 0, Sum: 0, Workers: 4
[1649.250s][debug][gc,phases      ] GC(46)     Total                          Min: 0, Avg:  0.0, Max: 0, Diff: 0, Sum: 0, Workers: 4
[1649.250s][debug][gc,phases      ] GC(46) Weak Processing 0.441ms
[1649.250s][debug][gc,age         ] GC(46) Desired survivor size 70254592 bytes, new threshold 1 (max threshold 15)
[1649.250s][info ][gc,heap        ] GC(46) PSYoungGen: 1949888K(2024448K)->160K(2019840K) Eden: 1947136K(1947136K)->0K(1947136K) From: 2752K(77312K)->160K(72704K)
[1649.250s][info ][gc,heap        ] GC(46) ParOldGen: 511714K(512000K)->513964K(514048K)
[1649.250s][info ][gc,metaspace   ] GC(46) Metaspace: 95967K(97280K)->95967K(97280K) NonClass: 81866K(82624K)->81866K(82624K) Class: 14101K(14656K)->14101K(14656K)
[1649.250s][info ][gc             ] GC(46) Pause Young (Allocation Failure) 2403M->502M(2474M) 3.610ms
[1649.250s][info ][gc,cpu         ] GC(46) User=0.00s Sys=0.00s Real=0.01s
[1649.250s][info ][safepoint      ] Safepoint "ParallelGCFailedAllocation", Time since last: 67944432081 ns, Reaching safepoint: 6800 ns, Cleanup: 5100 ns, At safepoint: 3699752 ns, Total: 3711652 ns
[1700.254s][info ][safepoint      ] Safepoint "Cleanup", Time since last: 51004000654 ns, Reaching safepoint: 8300 ns, Cleanup: 14000 ns, At safepoint: 2600 ns, Total: 24900 ns
[1738.898s][info ][gc,start       ] GC(47) Pause Young (Allocation Failure)
[1738.903s][debug][gc,phases      ] GC(47) Scavenge 4.639ms
[1738.903s][debug][gc,ref         ] GC(47) ReferenceProcessor::execute queues: 1, RefProcThreadModel::Single, marks_oops_alive: false
[1738.903s][debug][gc,ref         ] GC(47) Skipped KeepAliveFinalRefsPhase of Reference Processing: no references
[1738.903s][debug][gc,ref         ] GC(47) Skipped PhantomRefsPhase of Reference Processing: no references
[1738.903s][debug][gc,phases      ] GC(47) Reference Processing 0.126ms
[1738.904s][debug][gc,phases      ] GC(47)   VM Weak                        Min:  0.0, Avg:  0.0, Max:  0.0, Diff:  0.0, Sum:  0.0, Workers: 4
[1738.904s][debug][gc,phases      ] GC(47)     Dead                           Min: 0, Avg:  0.0, Max: 0, Diff: 0, Sum: 0, Workers: 4
[1738.904s][debug][gc,phases      ] GC(47)     Total                          Min: 0, Avg: 251.5, Max: 1006, Diff: 1006, Sum: 1006, Workers: 4
[1738.904s][debug][gc,phases      ] GC(47)   ObjectSynchronizer Weak        Min:  0.0, Avg:  0.0, Max:  0.0, Diff:  0.0, Sum:  0.0, Workers: 4
[1738.904s][debug][gc,phases      ] GC(47)     Dead                           Min: 0, Avg:  0.0, Max: 0, Diff: 0, Sum: 0, Workers: 4
[1738.904s][debug][gc,phases      ] GC(47)     Total                          Min: 0, Avg:  0.8, Max: 3, Diff: 3, Sum: 3, Workers: 4
[1738.904s][debug][gc,phases      ] GC(47)   JVMTI Tag Weak OopStorage      Min:  0.0, Avg:  0.0, Max:  0.0, Diff:  0.0, Sum:  0.0, Workers: 4
[1738.904s][debug][gc,phases      ] GC(47)     Dead                           Min: 0, Avg:  0.0, Max: 0, Diff: 0, Sum: 0, Workers: 4
[1738.904s][debug][gc,phases      ] GC(47)     Total                          Min: 0, Avg:  0.0, Max: 0, Diff: 0, Sum: 0, Workers: 4
[1738.904s][debug][gc,phases      ] GC(47)   StringTable Weak               Min:  0.0, Avg:  0.1, Max:  0.5, Diff:  0.5, Sum:  0.5, Workers: 4
[1738.904s][debug][gc,phases      ] GC(47)     Dead                           Min: 0, Avg:  0.0, Max: 0, Diff: 0, Sum: 0, Workers: 4
[1738.904s][debug][gc,phases      ] GC(47)     Total                          Min: 0, Avg: 12116.5, Max: 48466, Diff: 48466, Sum: 48466, Workers: 4
[1738.904s][debug][gc,phases      ] GC(47)   ResolvedMethodTable Weak       Min:  0.0, Avg:  0.0, Max:  0.1, Diff:  0.1, Sum:  0.1, Workers: 4
[1738.904s][debug][gc,phases      ] GC(47)     Dead                           Min: 0, Avg:  0.0, Max: 0, Diff: 0, Sum: 0, Workers: 4
[1738.904s][debug][gc,phases      ] GC(47)     Total                          Min: 0, Avg: 3348.0, Max: 13392, Diff: 13392, Sum: 13392, Workers: 4
[1738.904s][debug][gc,phases      ] GC(47)   JNI Weak                       Min:  0.0, Avg:  0.0, Max:  0.0, Diff:  0.0, Sum:  0.0, Workers: 4
[1738.904s][debug][gc,phases      ] GC(47)     Dead                           Min: 0, Avg:  0.0, Max: 0, Diff: 0, Sum: 0, Workers: 4
[1738.904s][debug][gc,phases      ] GC(47)     Total                          Min: 0, Avg: 12.0, Max: 48, Diff: 48, Sum: 48, Workers: 4
[1738.904s][debug][gc,phases      ] GC(47)   StringDedup Table Weak         Min:  0.0, Avg:  0.0, Max:  0.0, Diff:  0.0, Sum:  0.0, Workers: 4
[1738.904s][debug][gc,phases      ] GC(47)     Dead                           Min: 0, Avg:  0.0, Max: 0, Diff: 0, Sum: 0, Workers: 4
[1738.904s][debug][gc,phases      ] GC(47)     Total                          Min: 0, Avg:  0.0, Max: 0, Diff: 0, Sum: 0, Workers: 4
[1738.904s][debug][gc,phases      ] GC(47)   StringDedup Requests0 Weak     Min:  0.0, Avg:  0.0, Max:  0.0, Diff:  0.0, Sum:  0.0, Workers: 4
[1738.904s][debug][gc,phases      ] GC(47)     Dead                           Min: 0, Avg:  0.0, Max: 0, Diff: 0, Sum: 0, Workers: 4
[1738.904s][debug][gc,phases      ] GC(47)     Total                          Min: 0, Avg:  0.0, Max: 0, Diff: 0, Sum: 0, Workers: 4
[1738.904s][debug][gc,phases      ] GC(47)   StringDedup Requests1 Weak     Min:  0.0, Avg:  0.0, Max:  0.0, Diff:  0.0, Sum:  0.0, Workers: 4
[1738.904s][debug][gc,phases      ] GC(47)     Dead                           Min: 0, Avg:  0.0, Max: 0, Diff: 0, Sum: 0, Workers: 4
[1738.904s][debug][gc,phases      ] GC(47)     Total                          Min: 0, Avg:  0.0, Max: 0, Diff: 0, Sum: 0, Workers: 4
[1738.904s][debug][gc,phases      ] GC(47)   Weak JFR Old Object Samples    Min:  0.0, Avg:  0.0, Max:  0.0, Diff:  0.0, Sum:  0.0, Workers: 4
[1738.904s][debug][gc,phases      ] GC(47)     Dead                           Min: 0, Avg:  0.0, Max: 0, Diff: 0, Sum: 0, Workers: 4
[1738.904s][debug][gc,phases      ] GC(47)     Total                          Min: 0, Avg:  0.0, Max: 0, Diff: 0, Sum: 0, Workers: 4
[1738.904s][debug][gc,phases      ] GC(47) Weak Processing 1.001ms
[1738.904s][debug][gc,age         ] GC(47) Desired survivor size 66060288 bytes, new threshold 1 (max threshold 15)
[1738.904s][info ][gc,heap        ] GC(47) PSYoungGen: 1947296K(2019840K)->160K(2032640K) Eden: 1947136K(1947136K)->0K(1964032K) From: 160K(72704K)->160K(68608K)
[1738.904s][info ][gc,heap        ] GC(47) ParOldGen: 513964K(514048K)->513988K(514048K)
[1738.904s][info ][gc,metaspace   ] GC(47) Metaspace: 95973K(97280K)->95973K(97280K) NonClass: 81872K(82624K)->81872K(82624K) Class: 14101K(14656K)->14101K(14656K)
[1738.904s][info ][gc             ] GC(47) Pause Young (Allocation Failure) 2403M->502M(2487M) 5.924ms
[1738.904s][info ][gc,cpu         ] GC(47) User=0.00s Sys=0.01s Real=0.00s
[1738.904s][info ][safepoint      ] Safepoint "ParallelGCFailedAllocation", Time since last: 38644462850 ns, Reaching safepoint: 8800 ns, Cleanup: 5501 ns, At safepoint: 6060579 ns, Total: 6074880 ns
[1740.904s][info ][safepoint      ] Safepoint "Cleanup", Time since last: 2000216688 ns, Reaching safepoint: 18700 ns, Cleanup: 49101 ns, At safepoint: 4300 ns, Total: 72101 ns
[1759.906s][info ][safepoint      ] Safepoint "Cleanup", Time since last: 19001530314 ns, Reaching safepoint: 9800 ns, Cleanup: 14600 ns, At safepoint: 2700 ns, Total: 27100 ns
[1800.914s][info ][safepoint      ] Safepoint "Cleanup", Time since last: 41008161611 ns, Reaching safepoint: 8900 ns, Cleanup: 30101 ns, At safepoint: 2400 ns, Total: 41401 ns
[1815.921s][info ][safepoint      ] Safepoint "Cleanup", Time since last: 15006361380 ns, Reaching safepoint: 38101 ns, Cleanup: 17000 ns, At safepoint: 3200 ns, Total: 58301 ns
[1818.921s][info ][safepoint      ] Safepoint "Cleanup", Time since last: 3000297435 ns, Reaching safepoint: 9800 ns, Cleanup: 13600 ns, At safepoint: 2500 ns, Total: 25900 ns
[1830.345s][info ][gc,start       ] GC(48) Pause Young (Allocation Failure)
[1830.349s][debug][gc,phases      ] GC(48) Scavenge 3.999ms
[1830.349s][debug][gc,ref         ] GC(48) ReferenceProcessor::execute queues: 1, RefProcThreadModel::Single, marks_oops_alive: false
[1830.349s][debug][gc,ref         ] GC(48) Skipped KeepAliveFinalRefsPhase of Reference Processing: no references
[1830.349s][debug][gc,ref         ] GC(48) ReferenceProcessor::execute queues: 1, RefProcThreadModel::Single, marks_oops_alive: false
[1830.349s][debug][gc,phases      ] GC(48) Reference Processing 0.138ms
[1830.349s][debug][gc,phases      ] GC(48)   VM Weak                        Min:  0.0, Avg:  0.0, Max:  0.0, Diff:  0.0, Sum:  0.0, Workers: 4
[1830.349s][debug][gc,phases      ] GC(48)     Dead                           Min: 0, Avg:  0.0, Max: 0, Diff: 0, Sum: 0, Workers: 4
[1830.349s][debug][gc,phases      ] GC(48)     Total                          Min: 0, Avg: 251.5, Max: 686, Diff: 686, Sum: 1006, Workers: 4
[1830.349s][debug][gc,phases      ] GC(48)   ObjectSynchronizer Weak        Min:  0.0, Avg:  0.0, Max:  0.0, Diff:  0.0, Sum:  0.0, Workers: 4
[1830.349s][debug][gc,phases      ] GC(48)     Dead                           Min: 0, Avg:  0.0, Max: 0, Diff: 0, Sum: 0, Workers: 4
[1830.349s][debug][gc,phases      ] GC(48)     Total                          Min: 0, Avg:  0.8, Max: 3, Diff: 3, Sum: 3, Workers: 4
[1830.349s][debug][gc,phases      ] GC(48)   JVMTI Tag Weak OopStorage      Min:  0.0, Avg:  0.0, Max:  0.0, Diff:  0.0, Sum:  0.0, Workers: 4
[1830.349s][debug][gc,phases      ] GC(48)     Dead                           Min: 0, Avg:  0.0, Max: 0, Diff: 0, Sum: 0, Workers: 4
[1830.349s][debug][gc,phases      ] GC(48)     Total                          Min: 0, Avg:  0.0, Max: 0, Diff: 0, Sum: 0, Workers: 4
[1830.349s][debug][gc,phases      ] GC(48)   StringTable Weak               Min:  0.0, Avg:  0.1, Max:  0.2, Diff:  0.2, Sum:  0.4, Workers: 4
[1830.349s][debug][gc,phases      ] GC(48)     Dead                           Min: 0, Avg:  0.5, Max: 2, Diff: 2, Sum: 2, Workers: 4
[1830.349s][debug][gc,phases      ] GC(48)     Total                          Min: 0, Avg: 12127.0, Max: 18046, Diff: 18046, Sum: 48508, Workers: 4
[1830.349s][debug][gc,phases      ] GC(48)   ResolvedMethodTable Weak       Min:  0.0, Avg:  0.0, Max:  0.0, Diff:  0.0, Sum:  0.1, Workers: 4
[1830.349s][debug][gc,phases      ] GC(48)     Dead                           Min: 0, Avg:  3.2, Max: 8, Diff: 8, Sum: 13, Workers: 4
[1830.349s][debug][gc,phases      ] GC(48)     Total                          Min: 0, Avg: 3359.0, Max: 5144, Diff: 5144, Sum: 13436, Workers: 4
[1830.349s][debug][gc,phases      ] GC(48)   JNI Weak                       Min:  0.0, Avg:  0.0, Max:  0.0, Diff:  0.0, Sum:  0.0, Workers: 4
[1830.349s][debug][gc,phases      ] GC(48)     Dead                           Min: 0, Avg:  0.0, Max: 0, Diff: 0, Sum: 0, Workers: 4
[1830.349s][debug][gc,phases      ] GC(48)     Total                          Min: 0, Avg: 12.0, Max: 48, Diff: 48, Sum: 48, Workers: 4
[1830.349s][debug][gc,phases      ] GC(48)   StringDedup Table Weak         Min:  0.0, Avg:  0.0, Max:  0.0, Diff:  0.0, Sum:  0.0, Workers: 4
[1830.349s][debug][gc,phases      ] GC(48)     Dead                           Min: 0, Avg:  0.0, Max: 0, Diff: 0, Sum: 0, Workers: 4
[1830.349s][debug][gc,phases      ] GC(48)     Total                          Min: 0, Avg:  0.0, Max: 0, Diff: 0, Sum: 0, Workers: 4
[1830.349s][debug][gc,phases      ] GC(48)   StringDedup Requests0 Weak     Min:  0.0, Avg:  0.0, Max:  0.0, Diff:  0.0, Sum:  0.0, Workers: 4
[1830.349s][debug][gc,phases      ] GC(48)     Dead                           Min: 0, Avg:  0.0, Max: 0, Diff: 0, Sum: 0, Workers: 4
[1830.349s][debug][gc,phases      ] GC(48)     Total                          Min: 0, Avg:  0.0, Max: 0, Diff: 0, Sum: 0, Workers: 4
[1830.349s][debug][gc,phases      ] GC(48)   StringDedup Requests1 Weak     Min:  0.0, Avg:  0.0, Max:  0.0, Diff:  0.0, Sum:  0.0, Workers: 4
[1830.349s][debug][gc,phases      ] GC(48)     Dead                           Min: 0, Avg:  0.0, Max: 0, Diff: 0, Sum: 0, Workers: 4
[1830.349s][debug][gc,phases      ] GC(48)     Total                          Min: 0, Avg:  0.0, Max: 0, Diff: 0, Sum: 0, Workers: 4
[1830.349s][debug][gc,phases      ] GC(48)   Weak JFR Old Object Samples    Min:  0.0, Avg:  0.0, Max:  0.0, Diff:  0.0, Sum:  0.0, Workers: 4
[1830.349s][debug][gc,phases      ] GC(48)     Dead                           Min: 0, Avg:  0.0, Max: 0, Diff: 0, Sum: 0, Workers: 4
[1830.349s][debug][gc,phases      ] GC(48)     Total                          Min: 0, Avg:  0.0, Max: 0, Diff: 0, Sum: 0, Workers: 4
[1830.349s][debug][gc,phases      ] GC(48) Weak Processing 0.464ms
[1830.349s][debug][gc,age         ] GC(48) Desired survivor size 62390272 bytes, new threshold 1 (max threshold 15)
[1830.349s][info ][gc,heap        ] GC(48) PSYoungGen: 1964192K(2032640K)->224K(2028544K) Eden: 1964032K(1964032K)->0K(1964032K) From: 160K(68608K)->224K(64512K)
[1830.349s][info ][gc,heap        ] GC(48) ParOldGen: 513988K(514048K)->514012K(514048K)
[1830.349s][info ][gc,metaspace   ] GC(48) Metaspace: 96065K(97344K)->96065K(97344K) NonClass: 81946K(82688K)->81946K(82688K) Class: 14118K(14656K)->14118K(14656K)
[1830.349s][info ][gc             ] GC(48) Pause Young (Allocation Failure) 2420M->502M(2483M) 4.740ms
[1830.349s][info ][gc,cpu         ] GC(48) User=0.01s Sys=0.00s Real=0.01s
[1830.349s][info ][safepoint      ] Safepoint "ParallelGCFailedAllocation", Time since last: 11423445625 ns, Reaching safepoint: 82401 ns, Cleanup: 4900 ns, At safepoint: 4825348 ns, Total: 4912649 ns
[1903.355s][info ][safepoint      ] Safepoint "Cleanup", Time since last: 73005392516 ns, Reaching safepoint: 8700 ns, Cleanup: 14400 ns, At safepoint: 2500 ns, Total: 25600 ns
[1924.143s][info ][gc,start       ] GC(49) Pause Young (Allocation Failure)
[1924.145s][debug][gc,phases      ] GC(49) Scavenge 2.536ms
[1924.145s][debug][gc,ref         ] GC(49) ReferenceProcessor::execute queues: 1, RefProcThreadModel::Single, marks_oops_alive: false
[1924.145s][debug][gc,ref         ] GC(49) Skipped KeepAliveFinalRefsPhase of Reference Processing: no references
[1924.145s][debug][gc,ref         ] GC(49) Skipped PhantomRefsPhase of Reference Processing: no references
[1924.145s][debug][gc,phases      ] GC(49) Reference Processing 0.114ms
[1924.146s][debug][gc,phases      ] GC(49)   VM Weak                        Min:  0.0, Avg:  0.0, Max:  0.0, Diff:  0.0, Sum:  0.0, Workers: 4
[1924.146s][debug][gc,phases      ] GC(49)     Dead                           Min: 0, Avg:  0.0, Max: 0, Diff: 0, Sum: 0, Workers: 4
[1924.146s][debug][gc,phases      ] GC(49)     Total                          Min: 0, Avg: 251.5, Max: 576, Diff: 576, Sum: 1006, Workers: 4
[1924.146s][debug][gc,phases      ] GC(49)   ObjectSynchronizer Weak        Min:  0.0, Avg:  0.0, Max:  0.0, Diff:  0.0, Sum:  0.0, Workers: 4
[1924.146s][debug][gc,phases      ] GC(49)     Dead                           Min: 0, Avg:  0.0, Max: 0, Diff: 0, Sum: 0, Workers: 4
[1924.146s][debug][gc,phases      ] GC(49)     Total                          Min: 0, Avg:  0.8, Max: 3, Diff: 3, Sum: 3, Workers: 4
[1924.146s][debug][gc,phases      ] GC(49)   JVMTI Tag Weak OopStorage      Min:  0.0, Avg:  0.0, Max:  0.0, Diff:  0.0, Sum:  0.0, Workers: 4
[1924.146s][debug][gc,phases      ] GC(49)     Dead                           Min: 0, Avg:  0.0, Max: 0, Diff: 0, Sum: 0, Workers: 4
[1924.146s][debug][gc,phases      ] GC(49)     Total                          Min: 0, Avg:  0.0, Max: 0, Diff: 0, Sum: 0, Workers: 4
[1924.146s][debug][gc,phases      ] GC(49)   StringTable Weak               Min:  0.0, Avg:  0.1, Max:  0.2, Diff:  0.2, Sum:  0.4, Workers: 4
[1924.146s][debug][gc,phases      ] GC(49)     Dead                           Min: 0, Avg:  0.0, Max: 0, Diff: 0, Sum: 0, Workers: 4
[1924.146s][debug][gc,phases      ] GC(49)     Total                          Min: 0, Avg: 12127.0, Max: 27646, Diff: 27646, Sum: 48508, Workers: 4
[1924.146s][debug][gc,phases      ] GC(49)   ResolvedMethodTable Weak       Min:  0.0, Avg:  0.0, Max:  0.1, Diff:  0.1, Sum:  0.1, Workers: 4
[1924.146s][debug][gc,phases      ] GC(49)     Dead                           Min: 0, Avg:  0.0, Max: 0, Diff: 0, Sum: 0, Workers: 4
[1924.146s][debug][gc,phases      ] GC(49)     Total                          Min: 0, Avg: 3359.0, Max: 7605, Diff: 7605, Sum: 13436, Workers: 4
[1924.146s][debug][gc,phases      ] GC(49)   JNI Weak                       Min:  0.0, Avg:  0.0, Max:  0.0, Diff:  0.0, Sum:  0.0, Workers: 4
[1924.146s][debug][gc,phases      ] GC(49)     Dead                           Min: 0, Avg:  0.0, Max: 0, Diff: 0, Sum: 0, Workers: 4
[1924.146s][debug][gc,phases      ] GC(49)     Total                          Min: 0, Avg: 12.0, Max: 48, Diff: 48, Sum: 48, Workers: 4
[1924.146s][debug][gc,phases      ] GC(49)   StringDedup Table Weak         Min:  0.0, Avg:  0.0, Max:  0.0, Diff:  0.0, Sum:  0.0, Workers: 4
[1924.146s][debug][gc,phases      ] GC(49)     Dead                           Min: 0, Avg:  0.0, Max: 0, Diff: 0, Sum: 0, Workers: 4
[1924.146s][debug][gc,phases      ] GC(49)     Total                          Min: 0, Avg:  0.0, Max: 0, Diff: 0, Sum: 0, Workers: 4
[1924.146s][debug][gc,phases      ] GC(49)   StringDedup Requests0 Weak     Min:  0.0, Avg:  0.0, Max:  0.0, Diff:  0.0, Sum:  0.0, Workers: 4
[1924.146s][debug][gc,phases      ] GC(49)     Dead                           Min: 0, Avg:  0.0, Max: 0, Diff: 0, Sum: 0, Workers: 4
[1924.146s][debug][gc,phases      ] GC(49)     Total                          Min: 0, Avg:  0.0, Max: 0, Diff: 0, Sum: 0, Workers: 4
[1924.146s][debug][gc,phases      ] GC(49)   StringDedup Requests1 Weak     Min:  0.0, Avg:  0.0, Max:  0.0, Diff:  0.0, Sum:  0.0, Workers: 4
[1924.146s][debug][gc,phases      ] GC(49)     Dead                           Min: 0, Avg:  0.0, Max: 0, Diff: 0, Sum: 0, Workers: 4
[1924.146s][debug][gc,phases      ] GC(49)     Total                          Min: 0, Avg:  0.0, Max: 0, Diff: 0, Sum: 0, Workers: 4
[1924.146s][debug][gc,phases      ] GC(49)   Weak JFR Old Object Samples    Min:  0.0, Avg:  0.0, Max:  0.0, Diff:  0.0, Sum:  0.0, Workers: 4
[1924.146s][debug][gc,phases      ] GC(49)     Dead                           Min: 0, Avg:  0.0, Max: 0, Diff: 0, Sum: 0, Workers: 4
[1924.146s][debug][gc,phases      ] GC(49)     Total                          Min: 0, Avg:  0.0, Max: 0, Diff: 0, Sum: 0, Workers: 4
[1924.146s][debug][gc,phases      ] GC(49) Weak Processing 0.515ms
[1924.146s][debug][gc,age         ] GC(49) Desired survivor size 58195968 bytes, new threshold 1 (max threshold 15)
[1924.146s][info ][gc,heap        ] GC(49) PSYoungGen: 1964256K(2028544K)->192K(2040320K) Eden: 1964032K(1964032K)->0K(1979392K) From: 224K(64512K)->192K(60928K)
[1924.146s][info ][gc,heap        ] GC(49) ParOldGen: 514012K(514048K)->514052K(514560K)
[1924.146s][info ][gc,metaspace   ] GC(49) Metaspace: 96065K(97344K)->96065K(97344K) NonClass: 81946K(82688K)->81946K(82688K) Class: 14118K(14656K)->14118K(14656K)
[1924.146s][info ][gc             ] GC(49) Pause Young (Allocation Failure) 2420M->502M(2495M) 3.315ms
[1924.146s][info ][gc,cpu         ] GC(49) User=0.01s Sys=0.00s Real=0.00s
[1924.146s][info ][safepoint      ] Safepoint "ParallelGCFailedAllocation", Time since last: 20787962991 ns, Reaching safepoint: 6900 ns, Cleanup: 5100 ns, At safepoint: 3390232 ns, Total: 3402232 ns
[1933.147s][info ][safepoint      ] Safepoint "Cleanup", Time since last: 9000732786 ns, Reaching safepoint: 88101 ns, Cleanup: 15300 ns, At safepoint: 9400 ns, Total: 112801 ns
[1940.148s][info ][safepoint      ] Safepoint "Cleanup", Time since last: 7000620159 ns, Reaching safepoint: 8500 ns, Cleanup: 15500 ns, At safepoint: 2900 ns, Total: 26900 ns
[2018.847s][info ][gc,start       ] GC(50) Pause Young (Allocation Failure)
[2018.850s][debug][gc,phases      ] GC(50) Scavenge 2.544ms
[2018.850s][debug][gc,ref         ] GC(50) ReferenceProcessor::execute queues: 1, RefProcThreadModel::Single, marks_oops_alive: false
[2018.850s][debug][gc,ref         ] GC(50) Skipped KeepAliveFinalRefsPhase of Reference Processing: no references
[2018.850s][debug][gc,ref         ] GC(50) Skipped PhantomRefsPhase of Reference Processing: no references
[2018.850s][debug][gc,phases      ] GC(50) Reference Processing 0.138ms
[2018.850s][debug][gc,phases      ] GC(50)   VM Weak                        Min:  0.0, Avg:  0.0, Max:  0.0, Diff:  0.0, Sum:  0.0, Workers: 4
[2018.851s][debug][gc,phases      ] GC(50)     Dead                           Min: 0, Avg:  0.0, Max: 0, Diff: 0, Sum: 0, Workers: 4
[2018.851s][debug][gc,phases      ] GC(50)     Total                          Min: 0, Avg: 251.5, Max: 1006, Diff: 1006, Sum: 1006, Workers: 4
[2018.851s][debug][gc,phases      ] GC(50)   ObjectSynchronizer Weak        Min:  0.0, Avg:  0.0, Max:  0.0, Diff:  0.0, Sum:  0.0, Workers: 4
[2018.851s][debug][gc,phases      ] GC(50)     Dead                           Min: 0, Avg:  0.0, Max: 0, Diff: 0, Sum: 0, Workers: 4
[2018.851s][debug][gc,phases      ] GC(50)     Total                          Min: 0, Avg:  0.8, Max: 3, Diff: 3, Sum: 3, Workers: 4
[2018.851s][debug][gc,phases      ] GC(50)   JVMTI Tag Weak OopStorage      Min:  0.0, Avg:  0.0, Max:  0.0, Diff:  0.0, Sum:  0.0, Workers: 4
[2018.851s][debug][gc,phases      ] GC(50)     Dead                           Min: 0, Avg:  0.0, Max: 0, Diff: 0, Sum: 0, Workers: 4
[2018.851s][debug][gc,phases      ] GC(50)     Total                          Min: 0, Avg:  0.0, Max: 0, Diff: 0, Sum: 0, Workers: 4
[2018.851s][debug][gc,phases      ] GC(50)   StringTable Weak               Min:  0.0, Avg:  0.1, Max:  0.3, Diff:  0.3, Sum:  0.5, Workers: 4
[2018.851s][debug][gc,phases      ] GC(50)     Dead                           Min: 0, Avg:  0.0, Max: 0, Diff: 0, Sum: 0, Workers: 4
[2018.851s][debug][gc,phases      ] GC(50)     Total                          Min: 0, Avg: 12127.0, Max: 28670, Diff: 28670, Sum: 48508, Workers: 4
[2018.851s][debug][gc,phases      ] GC(50)   ResolvedMethodTable Weak       Min:  0.0, Avg:  0.0, Max:  0.1, Diff:  0.1, Sum:  0.1, Workers: 4
[2018.851s][debug][gc,phases      ] GC(50)     Dead                           Min: 0, Avg:  0.0, Max: 0, Diff: 0, Sum: 0, Workers: 4
[2018.851s][debug][gc,phases      ] GC(50)     Total                          Min: 0, Avg: 3359.0, Max: 6851, Diff: 6851, Sum: 13436, Workers: 4
[2018.851s][debug][gc,phases      ] GC(50)   JNI Weak                       Min:  0.0, Avg:  0.0, Max:  0.0, Diff:  0.0, Sum:  0.0, Workers: 4
[2018.851s][debug][gc,phases      ] GC(50)     Dead                           Min: 0, Avg:  0.0, Max: 0, Diff: 0, Sum: 0, Workers: 4
[2018.851s][debug][gc,phases      ] GC(50)     Total                          Min: 0, Avg: 12.0, Max: 48, Diff: 48, Sum: 48, Workers: 4
[2018.851s][debug][gc,phases      ] GC(50)   StringDedup Table Weak         Min:  0.0, Avg:  0.0, Max:  0.0, Diff:  0.0, Sum:  0.0, Workers: 4
[2018.851s][debug][gc,phases      ] GC(50)     Dead                           Min: 0, Avg:  0.0, Max: 0, Diff: 0, Sum: 0, Workers: 4
[2018.851s][debug][gc,phases      ] GC(50)     Total                          Min: 0, Avg:  0.0, Max: 0, Diff: 0, Sum: 0, Workers: 4
[2018.851s][debug][gc,phases      ] GC(50)   StringDedup Requests0 Weak     Min:  0.0, Avg:  0.0, Max:  0.0, Diff:  0.0, Sum:  0.0, Workers: 4
[2018.851s][debug][gc,phases      ] GC(50)     Dead                           Min: 0, Avg:  0.0, Max: 0, Diff: 0, Sum: 0, Workers: 4
[2018.851s][debug][gc,phases      ] GC(50)     Total                          Min: 0, Avg:  0.0, Max: 0, Diff: 0, Sum: 0, Workers: 4
[2018.851s][debug][gc,phases      ] GC(50)   StringDedup Requests1 Weak     Min:  0.0, Avg:  0.0, Max:  0.0, Diff:  0.0, Sum:  0.0, Workers: 4
[2018.851s][debug][gc,phases      ] GC(50)     Dead                           Min: 0, Avg:  0.0, Max: 0, Diff: 0, Sum: 0, Workers: 4
[2018.851s][debug][gc,phases      ] GC(50)     Total                          Min: 0, Avg:  0.0, Max: 0, Diff: 0, Sum: 0, Workers: 4
[2018.851s][debug][gc,phases      ] GC(50)   Weak JFR Old Object Samples    Min:  0.0, Avg:  0.0, Max:  0.0, Diff:  0.0, Sum:  0.0, Workers: 4
[2018.851s][debug][gc,phases      ] GC(50)     Dead                           Min: 0, Avg:  0.0, Max: 0, Diff: 0, Sum: 0, Workers: 4
[2018.851s][debug][gc,phases      ] GC(50)     Total                          Min: 0, Avg:  0.0, Max: 0, Diff: 0, Sum: 0, Workers: 4
[2018.851s][debug][gc,phases      ] GC(50) Weak Processing 0.641ms
[2018.851s][debug][gc,age         ] GC(50) Desired survivor size 54525952 bytes, new threshold 1 (max threshold 15)
[2018.851s][info ][gc,heap        ] GC(50) PSYoungGen: 1979584K(2040320K)->192K(2036224K) Eden: 1979392K(1979392K)->0K(1979392K) From: 192K(60928K)->192K(56832K)
[2018.851s][info ][gc,heap        ] GC(50) ParOldGen: 514052K(514560K)->514084K(514560K)
[2018.851s][info ][gc,metaspace   ] GC(50) Metaspace: 96068K(97344K)->96068K(97344K) NonClass: 81950K(82688K)->81950K(82688K) Class: 14118K(14656K)->14118K(14656K)
[2018.851s][info ][gc             ] GC(50) Pause Young (Allocation Failure) 2435M->502M(2491M) 3.505ms
[2018.851s][info ][gc,cpu         ] GC(50) User=0.01s Sys=0.00s Real=0.00s
[2018.851s][info ][safepoint      ] Safepoint "ParallelGCFailedAllocation", Time since last: 78699648738 ns, Reaching safepoint: 6300 ns, Cleanup: 4600 ns, At safepoint: 3586930 ns, Total: 3597830 ns
[2113.605s][info ][gc,start       ] GC(51) Pause Young (Allocation Failure)
[2113.606s][debug][gc,phases      ] GC(51) Scavenge 1.407ms
[2113.606s][debug][gc,ref         ] GC(51) ReferenceProcessor::execute queues: 1, RefProcThreadModel::Single, marks_oops_alive: false
[2113.606s][debug][gc,ref         ] GC(51) Skipped KeepAliveFinalRefsPhase of Reference Processing: no references
[2113.606s][debug][gc,ref         ] GC(51) Skipped PhantomRefsPhase of Reference Processing: no references
[2113.606s][debug][gc,phases      ] GC(51) Reference Processing 0.120ms
[2113.607s][debug][gc,phases      ] GC(51)   VM Weak                        Min:  0.0, Avg:  0.0, Max:  0.0, Diff:  0.0, Sum:  0.0, Workers: 4
[2113.607s][debug][gc,phases      ] GC(51)     Dead                           Min: 0, Avg:  0.0, Max: 0, Diff: 0, Sum: 0, Workers: 4
[2113.607s][debug][gc,phases      ] GC(51)     Total                          Min: 0, Avg: 251.5, Max: 704, Diff: 704, Sum: 1006, Workers: 4
[2113.607s][debug][gc,phases      ] GC(51)   ObjectSynchronizer Weak        Min:  0.0, Avg:  0.0, Max:  0.0, Diff:  0.0, Sum:  0.0, Workers: 4
[2113.607s][debug][gc,phases      ] GC(51)     Dead                           Min: 0, Avg:  0.0, Max: 0, Diff: 0, Sum: 0, Workers: 4
[2113.607s][debug][gc,phases      ] GC(51)     Total                          Min: 0, Avg:  0.8, Max: 3, Diff: 3, Sum: 3, Workers: 4
[2113.607s][debug][gc,phases      ] GC(51)   JVMTI Tag Weak OopStorage      Min:  0.0, Avg:  0.0, Max:  0.0, Diff:  0.0, Sum:  0.0, Workers: 4
[2113.607s][debug][gc,phases      ] GC(51)     Dead                           Min: 0, Avg:  0.0, Max: 0, Diff: 0, Sum: 0, Workers: 4
[2113.607s][debug][gc,phases      ] GC(51)     Total                          Min: 0, Avg:  0.0, Max: 0, Diff: 0, Sum: 0, Workers: 4
[2113.607s][debug][gc,phases      ] GC(51)   StringTable Weak               Min:  0.0, Avg:  0.1, Max:  0.2, Diff:  0.2, Sum:  0.5, Workers: 4
[2113.607s][debug][gc,phases      ] GC(51)     Dead                           Min: 0, Avg:  0.0, Max: 0, Diff: 0, Sum: 0, Workers: 4
[2113.607s][debug][gc,phases      ] GC(51)     Total                          Min: 0, Avg: 12127.0, Max: 16575, Diff: 16575, Sum: 48508, Workers: 4
[2113.607s][debug][gc,phases      ] GC(51)   ResolvedMethodTable Weak       Min:  0.0, Avg:  0.0, Max:  0.0, Diff:  0.0, Sum:  0.1, Workers: 4
[2113.607s][debug][gc,phases      ] GC(51)     Dead                           Min: 0, Avg:  0.0, Max: 0, Diff: 0, Sum: 0, Workers: 4
[2113.607s][debug][gc,phases      ] GC(51)     Total                          Min: 0, Avg: 3359.0, Max: 4941, Diff: 4941, Sum: 13436, Workers: 4
[2113.607s][debug][gc,phases      ] GC(51)   JNI Weak                       Min:  0.0, Avg:  0.0, Max:  0.0, Diff:  0.0, Sum:  0.0, Workers: 4
[2113.607s][debug][gc,phases      ] GC(51)     Dead                           Min: 0, Avg:  0.0, Max: 0, Diff: 0, Sum: 0, Workers: 4
[2113.607s][debug][gc,phases      ] GC(51)     Total                          Min: 0, Avg: 12.0, Max: 48, Diff: 48, Sum: 48, Workers: 4
[2113.607s][debug][gc,phases      ] GC(51)   StringDedup Table Weak         Min:  0.0, Avg:  0.0, Max:  0.0, Diff:  0.0, Sum:  0.0, Workers: 4
[2113.607s][debug][gc,phases      ] GC(51)     Dead                           Min: 0, Avg:  0.0, Max: 0, Diff: 0, Sum: 0, Workers: 4
[2113.607s][debug][gc,phases      ] GC(51)     Total                          Min: 0, Avg:  0.0, Max: 0, Diff: 0, Sum: 0, Workers: 4
[2113.607s][debug][gc,phases      ] GC(51)   StringDedup Requests0 Weak     Min:  0.0, Avg:  0.0, Max:  0.0, Diff:  0.0, Sum:  0.0, Workers: 4
[2113.607s][debug][gc,phases      ] GC(51)     Dead                           Min: 0, Avg:  0.0, Max: 0, Diff: 0, Sum: 0, Workers: 4
[2113.607s][debug][gc,phases      ] GC(51)     Total                          Min: 0, Avg:  0.0, Max: 0, Diff: 0, Sum: 0, Workers: 4
[2113.607s][debug][gc,phases      ] GC(51)   StringDedup Requests1 Weak     Min:  0.0, Avg:  0.0, Max:  0.0, Diff:  0.0, Sum:  0.0, Workers: 4
[2113.607s][debug][gc,phases      ] GC(51)     Dead                           Min: 0, Avg:  0.0, Max: 0, Diff: 0, Sum: 0, Workers: 4
[2113.607s][debug][gc,phases      ] GC(51)     Total                          Min: 0, Avg:  0.0, Max: 0, Diff: 0, Sum: 0, Workers: 4
[2113.607s][debug][gc,phases      ] GC(51)   Weak JFR Old Object Samples    Min:  0.0, Avg:  0.0, Max:  0.0, Diff:  0.0, Sum:  0.0, Workers: 4
[2113.607s][debug][gc,phases      ] GC(51)     Dead                           Min: 0, Avg:  0.0, Max: 0, Diff: 0, Sum: 0, Workers: 4
[2113.607s][debug][gc,phases      ] GC(51)     Total                          Min: 0, Avg:  0.0, Max: 0, Diff: 0, Sum: 0, Workers: 4
[2113.607s][debug][gc,phases      ] GC(51) Weak Processing 0.463ms
[2113.607s][debug][gc,age         ] GC(51) Desired survivor size 51380224 bytes, new threshold 1 (max threshold 15)
[2113.607s][info ][gc,heap        ] GC(51) PSYoungGen: 1979584K(2036224K)->160K(2046976K) Eden: 1979392K(1979392K)->0K(1993728K) From: 192K(56832K)->160K(53248K)
[2113.607s][info ][gc,heap        ] GC(51) ParOldGen: 514084K(514560K)->514116K(514560K)
[2113.607s][info ][gc,metaspace   ] GC(51) Metaspace: 96068K(97344K)->96068K(97344K) NonClass: 81950K(82688K)->81950K(82688K) Class: 14118K(14656K)->14118K(14656K)
[2113.607s][info ][gc             ] GC(51) Pause Young (Allocation Failure) 2435M->502M(2501M) 2.116ms
[2113.607s][info ][gc,cpu         ] GC(51) User=0.00s Sys=0.00s Real=0.01s
[2113.607s][info ][safepoint      ] Safepoint "ParallelGCFailedAllocation", Time since last: 94753778968 ns, Reaching safepoint: 6100 ns, Cleanup: 13400 ns, At safepoint: 2212416 ns, Total: 2231916 ns
[2146.609s][info ][safepoint      ] Safepoint "Cleanup", Time since last: 33002363487 ns, Reaching safepoint: 7400 ns, Cleanup: 14800 ns, At safepoint: 2400 ns, Total: 24600 ns
[2170.611s][info ][safepoint      ] Safepoint "Cleanup", Time since last: 24001558185 ns, Reaching safepoint: 7100 ns, Cleanup: 12500 ns, At safepoint: 32000 ns, Total: 51600 ns
[2207.627s][info ][gc,start       ] GC(52) Pause Young (Allocation Failure)
[2207.630s][debug][gc,phases      ] GC(52) Scavenge 2.437ms
[2207.630s][debug][gc,ref         ] GC(52) ReferenceProcessor::execute queues: 1, RefProcThreadModel::Single, marks_oops_alive: false
[2207.630s][debug][gc,ref         ] GC(52) Skipped KeepAliveFinalRefsPhase of Reference Processing: no references
[2207.630s][debug][gc,ref         ] GC(52) Skipped PhantomRefsPhase of Reference Processing: no references
[2207.630s][debug][gc,phases      ] GC(52) Reference Processing 0.116ms
[2207.630s][debug][gc,phases      ] GC(52)   VM Weak                        Min:  0.0, Avg:  0.0, Max:  0.0, Diff:  0.0, Sum:  0.0, Workers: 4
[2207.630s][debug][gc,phases      ] GC(52)     Dead                           Min: 0, Avg:  0.0, Max: 0, Diff: 0, Sum: 0, Workers: 4
[2207.630s][debug][gc,phases      ] GC(52)     Total                          Min: 0, Avg: 251.5, Max: 622, Diff: 622, Sum: 1006, Workers: 4
[2207.630s][debug][gc,phases      ] GC(52)   ObjectSynchronizer Weak        Min:  0.0, Avg:  0.0, Max:  0.0, Diff:  0.0, Sum:  0.0, Workers: 4
[2207.630s][debug][gc,phases      ] GC(52)     Dead                           Min: 0, Avg:  0.0, Max: 0, Diff: 0, Sum: 0, Workers: 4
[2207.630s][debug][gc,phases      ] GC(52)     Total                          Min: 0, Avg:  1.0, Max: 4, Diff: 4, Sum: 4, Workers: 4
[2207.630s][debug][gc,phases      ] GC(52)   JVMTI Tag Weak OopStorage      Min:  0.0, Avg:  0.0, Max:  0.0, Diff:  0.0, Sum:  0.0, Workers: 4
[2207.630s][debug][gc,phases      ] GC(52)     Dead                           Min: 0, Avg:  0.0, Max: 0, Diff: 0, Sum: 0, Workers: 4
[2207.630s][debug][gc,phases      ] GC(52)     Total                          Min: 0, Avg:  0.0, Max: 0, Diff: 0, Sum: 0, Workers: 4
[2207.630s][debug][gc,phases      ] GC(52)   StringTable Weak               Min:  0.0, Avg:  0.1, Max:  0.2, Diff:  0.2, Sum:  0.5, Workers: 4
[2207.630s][debug][gc,phases      ] GC(52)     Dead                           Min: 0, Avg:  0.0, Max: 0, Diff: 0, Sum: 0, Workers: 4
[2207.630s][debug][gc,phases      ] GC(52)     Total                          Min: 0, Avg: 12128.0, Max: 20736, Diff: 20736, Sum: 48512, Workers: 4
[2207.630s][debug][gc,phases      ] GC(52)   ResolvedMethodTable Weak       Min:  0.0, Avg:  0.0, Max:  0.0, Diff:  0.0, Sum:  0.1, Workers: 4
[2207.630s][debug][gc,phases      ] GC(52)     Dead                           Min: 0, Avg:  0.0, Max: 0, Diff: 0, Sum: 0, Workers: 4
[2207.630s][debug][gc,phases      ] GC(52)     Total                          Min: 0, Avg: 3359.0, Max: 4647, Diff: 4647, Sum: 13436, Workers: 4
[2207.630s][debug][gc,phases      ] GC(52)   JNI Weak                       Min:  0.0, Avg:  0.0, Max:  0.0, Diff:  0.0, Sum:  0.0, Workers: 4
[2207.630s][debug][gc,phases      ] GC(52)     Dead                           Min: 0, Avg:  0.0, Max: 0, Diff: 0, Sum: 0, Workers: 4
[2207.630s][debug][gc,phases      ] GC(52)     Total                          Min: 0, Avg: 12.0, Max: 48, Diff: 48, Sum: 48, Workers: 4
[2207.630s][debug][gc,phases      ] GC(52)   StringDedup Table Weak         Min:  0.0, Avg:  0.0, Max:  0.0, Diff:  0.0, Sum:  0.0, Workers: 4
[2207.630s][debug][gc,phases      ] GC(52)     Dead                           Min: 0, Avg:  0.0, Max: 0, Diff: 0, Sum: 0, Workers: 4
[2207.630s][debug][gc,phases      ] GC(52)     Total                          Min: 0, Avg:  0.0, Max: 0, Diff: 0, Sum: 0, Workers: 4
[2207.630s][debug][gc,phases      ] GC(52)   StringDedup Requests0 Weak     Min:  0.0, Avg:  0.0, Max:  0.0, Diff:  0.0, Sum:  0.0, Workers: 4
[2207.630s][debug][gc,phases      ] GC(52)     Dead                           Min: 0, Avg:  0.0, Max: 0, Diff: 0, Sum: 0, Workers: 4
[2207.630s][debug][gc,phases      ] GC(52)     Total                          Min: 0, Avg:  0.0, Max: 0, Diff: 0, Sum: 0, Workers: 4
[2207.630s][debug][gc,phases      ] GC(52)   StringDedup Requests1 Weak     Min:  0.0, Avg:  0.0, Max:  0.0, Diff:  0.0, Sum:  0.0, Workers: 4
[2207.630s][debug][gc,phases      ] GC(52)     Dead                           Min: 0, Avg:  0.0, Max: 0, Diff: 0, Sum: 0, Workers: 4
[2207.630s][debug][gc,phases      ] GC(52)     Total                          Min: 0, Avg:  0.0, Max: 0, Diff: 0, Sum: 0, Workers: 4
[2207.630s][debug][gc,phases      ] GC(52)   Weak JFR Old Object Samples    Min:  0.0, Avg:  0.0, Max:  0.0, Diff:  0.0, Sum:  0.0, Workers: 4
[2207.631s][debug][gc,phases      ] GC(52)     Dead                           Min: 0, Avg:  0.0, Max: 0, Diff: 0, Sum: 0, Workers: 4
[2207.631s][debug][gc,phases      ] GC(52)     Total                          Min: 0, Avg:  0.0, Max: 0, Diff: 0, Sum: 0, Workers: 4
[2207.631s][debug][gc,phases      ] GC(52) Weak Processing 0.494ms
[2207.631s][debug][gc,age         ] GC(52) Desired survivor size 47710208 bytes, new threshold 1 (max threshold 15)
[2207.631s][info ][gc,heap        ] GC(52) PSYoungGen: 1993888K(2046976K)->192K(2043904K) Eden: 1993728K(1993728K)->0K(1993728K) From: 160K(53248K)->192K(50176K)
[2207.631s][info ][gc,heap        ] GC(52) ParOldGen: 514116K(514560K)->514148K(514560K)
[2207.631s][info ][gc,metaspace   ] GC(52) Metaspace: 96069K(97344K)->96069K(97344K) NonClass: 81951K(82688K)->81951K(82688K) Class: 14118K(14656K)->14118K(14656K)
[2207.631s][info ][gc             ] GC(52) Pause Young (Allocation Failure) 2449M->502M(2498M) 3.184ms
[2207.631s][info ][gc,cpu         ] GC(52) User=0.01s Sys=0.00s Real=0.00s
[2207.631s][info ][safepoint      ] Safepoint "ParallelGCFailedAllocation", Time since last: 37016480711 ns, Reaching safepoint: 6400 ns, Cleanup: 4001 ns, At safepoint: 3278016 ns, Total: 3288417 ns
[2303.097s][info ][gc,start       ] GC(53) Pause Young (Allocation Failure)
[2303.099s][debug][gc,phases      ] GC(53) Scavenge 2.394ms
[2303.100s][debug][gc,ref         ] GC(53) ReferenceProcessor::execute queues: 1, RefProcThreadModel::Single, marks_oops_alive: false
[2303.100s][debug][gc,ref         ] GC(53) Skipped KeepAliveFinalRefsPhase of Reference Processing: no references
[2303.100s][debug][gc,ref         ] GC(53) Skipped PhantomRefsPhase of Reference Processing: no references
[2303.100s][debug][gc,phases      ] GC(53) Reference Processing 0.115ms
[2303.100s][debug][gc,phases      ] GC(53)   VM Weak                        Min:  0.0, Avg:  0.0, Max:  0.0, Diff:  0.0, Sum:  0.0, Workers: 4
[2303.100s][debug][gc,phases      ] GC(53)     Dead                           Min: 0, Avg:  0.0, Max: 0, Diff: 0, Sum: 0, Workers: 4
[2303.100s][debug][gc,phases      ] GC(53)     Total                          Min: 0, Avg: 251.5, Max: 750, Diff: 750, Sum: 1006, Workers: 4
[2303.100s][debug][gc,phases      ] GC(53)   ObjectSynchronizer Weak        Min:  0.0, Avg:  0.0, Max:  0.0, Diff:  0.0, Sum:  0.0, Workers: 4
[2303.100s][debug][gc,phases      ] GC(53)     Dead                           Min: 0, Avg:  0.0, Max: 0, Diff: 0, Sum: 0, Workers: 4
[2303.100s][debug][gc,phases      ] GC(53)     Total                          Min: 0, Avg:  0.8, Max: 3, Diff: 3, Sum: 3, Workers: 4
[2303.100s][debug][gc,phases      ] GC(53)   JVMTI Tag Weak OopStorage      Min:  0.0, Avg:  0.0, Max:  0.0, Diff:  0.0, Sum:  0.0, Workers: 4
[2303.100s][debug][gc,phases      ] GC(53)     Dead                           Min: 0, Avg:  0.0, Max: 0, Diff: 0, Sum: 0, Workers: 4
[2303.100s][debug][gc,phases      ] GC(53)     Total                          Min: 0, Avg:  0.0, Max: 0, Diff: 0, Sum: 0, Workers: 4
[2303.100s][debug][gc,phases      ] GC(53)   StringTable Weak               Min:  0.0, Avg:  0.1, Max:  0.2, Diff:  0.2, Sum:  0.4, Workers: 4
[2303.100s][debug][gc,phases      ] GC(53)     Dead                           Min: 0, Avg:  0.0, Max: 0, Diff: 0, Sum: 0, Workers: 4
[2303.100s][debug][gc,phases      ] GC(53)     Total                          Min: 0, Avg: 12128.0, Max: 25664, Diff: 25664, Sum: 48512, Workers: 4
[2303.100s][debug][gc,phases      ] GC(53)   ResolvedMethodTable Weak       Min:  0.0, Avg:  0.0, Max:  0.1, Diff:  0.1, Sum:  0.1, Workers: 4
[2303.100s][debug][gc,phases      ] GC(53)     Dead                           Min: 0, Avg:  0.0, Max: 0, Diff: 0, Sum: 0, Workers: 4
[2303.100s][debug][gc,phases      ] GC(53)     Total                          Min: 0, Avg: 3359.0, Max: 7129, Diff: 7129, Sum: 13436, Workers: 4
[2303.100s][debug][gc,phases      ] GC(53)   JNI Weak                       Min:  0.0, Avg:  0.0, Max:  0.0, Diff:  0.0, Sum:  0.0, Workers: 4
[2303.100s][debug][gc,phases      ] GC(53)     Dead                           Min: 0, Avg:  0.0, Max: 0, Diff: 0, Sum: 0, Workers: 4
[2303.100s][debug][gc,phases      ] GC(53)     Total                          Min: 0, Avg: 12.0, Max: 48, Diff: 48, Sum: 48, Workers: 4
[2303.100s][debug][gc,phases      ] GC(53)   StringDedup Table Weak         Min:  0.0, Avg:  0.0, Max:  0.0, Diff:  0.0, Sum:  0.0, Workers: 4
[2303.100s][debug][gc,phases      ] GC(53)     Dead                           Min: 0, Avg:  0.0, Max: 0, Diff: 0, Sum: 0, Workers: 4
[2303.100s][debug][gc,phases      ] GC(53)     Total                          Min: 0, Avg:  0.0, Max: 0, Diff: 0, Sum: 0, Workers: 4
[2303.100s][debug][gc,phases      ] GC(53)   StringDedup Requests0 Weak     Min:  0.0, Avg:  0.0, Max:  0.0, Diff:  0.0, Sum:  0.0, Workers: 4
[2303.100s][debug][gc,phases      ] GC(53)     Dead                           Min: 0, Avg:  0.0, Max: 0, Diff: 0, Sum: 0, Workers: 4
[2303.100s][debug][gc,phases      ] GC(53)     Total                          Min: 0, Avg:  0.0, Max: 0, Diff: 0, Sum: 0, Workers: 4
[2303.100s][debug][gc,phases      ] GC(53)   StringDedup Requests1 Weak     Min:  0.0, Avg:  0.0, Max:  0.0, Diff:  0.0, Sum:  0.0, Workers: 4
[2303.100s][debug][gc,phases      ] GC(53)     Dead                           Min: 0, Avg:  0.0, Max: 0, Diff: 0, Sum: 0, Workers: 4
[2303.100s][debug][gc,phases      ] GC(53)     Total                          Min: 0, Avg:  0.0, Max: 0, Diff: 0, Sum: 0, Workers: 4
[2303.100s][debug][gc,phases      ] GC(53)   Weak JFR Old Object Samples    Min:  0.0, Avg:  0.0, Max:  0.0, Diff:  0.0, Sum:  0.0, Workers: 4
[2303.100s][debug][gc,phases      ] GC(53)     Dead                           Min: 0, Avg:  0.0, Max: 0, Diff: 0, Sum: 0, Workers: 4
[2303.100s][debug][gc,phases      ] GC(53)     Total                          Min: 0, Avg:  0.0, Max: 0, Diff: 0, Sum: 0, Workers: 4
[2303.100s][debug][gc,phases      ] GC(53) Weak Processing 0.536ms
[2303.100s][debug][gc,age         ] GC(53) Desired survivor size 44564480 bytes, new threshold 1 (max threshold 15)
[2303.100s][info ][gc,heap        ] GC(53) PSYoungGen: 1993920K(2043904K)->160K(2053632K) Eden: 1993728K(1993728K)->0K(2007040K) From: 192K(50176K)->160K(46592K)
[2303.100s][info ][gc,heap        ] GC(53) ParOldGen: 514148K(514560K)->514180K(514560K)
[2303.100s][info ][gc,metaspace   ] GC(53) Metaspace: 96069K(97344K)->96069K(97344K) NonClass: 81951K(82688K)->81951K(82688K) Class: 14118K(14656K)->14118K(14656K)
[2303.100s][info ][gc             ] GC(53) Pause Young (Allocation Failure) 2449M->502M(2508M) 3.172ms
[2303.100s][info ][gc,cpu         ] GC(53) User=0.01s Sys=0.00s Real=0.00s
[2303.100s][info ][safepoint      ] Safepoint "ParallelGCFailedAllocation", Time since last: 95466265087 ns, Reaching safepoint: 6300 ns, Cleanup: 4800 ns, At safepoint: 3275443 ns, Total: 3286543 ns
[2399.297s][info ][gc,start       ] GC(54) Pause Young (Allocation Failure)
[2399.299s][debug][gc,phases      ] GC(54) Scavenge 2.606ms
[2399.300s][debug][gc,ref         ] GC(54) ReferenceProcessor::execute queues: 1, RefProcThreadModel::Single, marks_oops_alive: false
[2399.300s][debug][gc,ref         ] GC(54) Skipped KeepAliveFinalRefsPhase of Reference Processing: no references
[2399.300s][debug][gc,ref         ] GC(54) Skipped PhantomRefsPhase of Reference Processing: no references
[2399.300s][debug][gc,phases      ] GC(54) Reference Processing 0.142ms
[2399.300s][debug][gc,phases      ] GC(54)   VM Weak                        Min:  0.0, Avg:  0.0, Max:  0.0, Diff:  0.0, Sum:  0.0, Workers: 4
[2399.300s][debug][gc,phases      ] GC(54)     Dead                           Min: 0, Avg:  0.0, Max: 0, Diff: 0, Sum: 0, Workers: 4
[2399.300s][debug][gc,phases      ] GC(54)     Total                          Min: 0, Avg: 251.5, Max: 686, Diff: 686, Sum: 1006, Workers: 4
[2399.300s][debug][gc,phases      ] GC(54)   ObjectSynchronizer Weak        Min:  0.0, Avg:  0.0, Max:  0.0, Diff:  0.0, Sum:  0.0, Workers: 4
[2399.300s][debug][gc,phases      ] GC(54)     Dead                           Min: 0, Avg:  0.0, Max: 0, Diff: 0, Sum: 0, Workers: 4
[2399.300s][debug][gc,phases      ] GC(54)     Total                          Min: 0, Avg:  0.8, Max: 3, Diff: 3, Sum: 3, Workers: 4
[2399.300s][debug][gc,phases      ] GC(54)   JVMTI Tag Weak OopStorage      Min:  0.0, Avg:  0.0, Max:  0.0, Diff:  0.0, Sum:  0.0, Workers: 4
[2399.300s][debug][gc,phases      ] GC(54)     Dead                           Min: 0, Avg:  0.0, Max: 0, Diff: 0, Sum: 0, Workers: 4
[2399.300s][debug][gc,phases      ] GC(54)     Total                          Min: 0, Avg:  0.0, Max: 0, Diff: 0, Sum: 0, Workers: 4
[2399.300s][debug][gc,phases      ] GC(54)   StringTable Weak               Min:  0.0, Avg:  0.1, Max:  0.2, Diff:  0.2, Sum:  0.4, Workers: 4
[2399.300s][debug][gc,phases      ] GC(54)     Dead                           Min: 0, Avg:  0.0, Max: 0, Diff: 0, Sum: 0, Workers: 4
[2399.300s][debug][gc,phases      ] GC(54)     Total                          Min: 0, Avg: 12128.8, Max: 25091, Diff: 25091, Sum: 48515, Workers: 4
[2399.300s][debug][gc,phases      ] GC(54)   ResolvedMethodTable Weak       Min:  0.0, Avg:  0.0, Max:  0.1, Diff:  0.1, Sum:  0.1, Workers: 4
[2399.300s][debug][gc,phases      ] GC(54)     Dead                           Min: 0, Avg:  0.0, Max: 0, Diff: 0, Sum: 0, Workers: 4
[2399.300s][debug][gc,phases      ] GC(54)     Total                          Min: 0, Avg: 3359.0, Max: 6926, Diff: 6926, Sum: 13436, Workers: 4
[2399.300s][debug][gc,phases      ] GC(54)   JNI Weak                       Min:  0.0, Avg:  0.0, Max:  0.0, Diff:  0.0, Sum:  0.0, Workers: 4
[2399.300s][debug][gc,phases      ] GC(54)     Dead                           Min: 0, Avg:  0.0, Max: 0, Diff: 0, Sum: 0, Workers: 4
[2399.300s][debug][gc,phases      ] GC(54)     Total                          Min: 0, Avg: 12.0, Max: 48, Diff: 48, Sum: 48, Workers: 4
[2399.300s][debug][gc,phases      ] GC(54)   StringDedup Table Weak         Min:  0.0, Avg:  0.0, Max:  0.0, Diff:  0.0, Sum:  0.0, Workers: 4
[2399.300s][debug][gc,phases      ] GC(54)     Dead                           Min: 0, Avg:  0.0, Max: 0, Diff: 0, Sum: 0, Workers: 4
[2399.300s][debug][gc,phases      ] GC(54)     Total                          Min: 0, Avg:  0.0, Max: 0, Diff: 0, Sum: 0, Workers: 4
[2399.300s][debug][gc,phases      ] GC(54)   StringDedup Requests0 Weak     Min:  0.0, Avg:  0.0, Max:  0.0, Diff:  0.0, Sum:  0.0, Workers: 4
[2399.300s][debug][gc,phases      ] GC(54)     Dead                           Min: 0, Avg:  0.0, Max: 0, Diff: 0, Sum: 0, Workers: 4
[2399.300s][debug][gc,phases      ] GC(54)     Total                          Min: 0, Avg:  0.0, Max: 0, Diff: 0, Sum: 0, Workers: 4
[2399.300s][debug][gc,phases      ] GC(54)   StringDedup Requests1 Weak     Min:  0.0, Avg:  0.0, Max:  0.0, Diff:  0.0, Sum:  0.0, Workers: 4
[2399.300s][debug][gc,phases      ] GC(54)     Dead                           Min: 0, Avg:  0.0, Max: 0, Diff: 0, Sum: 0, Workers: 4
[2399.300s][debug][gc,phases      ] GC(54)     Total                          Min: 0, Avg:  0.0, Max: 0, Diff: 0, Sum: 0, Workers: 4
[2399.300s][debug][gc,phases      ] GC(54)   Weak JFR Old Object Samples    Min:  0.0, Avg:  0.0, Max:  0.0, Diff:  0.0, Sum:  0.0, Workers: 4
[2399.300s][debug][gc,phases      ] GC(54)     Dead                           Min: 0, Avg:  0.0, Max: 0, Diff: 0, Sum: 0, Workers: 4
[2399.300s][debug][gc,phases      ] GC(54)     Total                          Min: 0, Avg:  0.0, Max: 0, Diff: 0, Sum: 0, Workers: 4
[2399.300s][debug][gc,phases      ] GC(54) Weak Processing 0.594ms
[2399.300s][debug][gc,age         ] GC(54) Desired survivor size 41418752 bytes, new threshold 1 (max threshold 15)
[2399.300s][info ][gc,heap        ] GC(54) PSYoungGen: 2007200K(2053632K)->160K(2050560K) Eden: 2007040K(2007040K)->0K(2007040K) From: 160K(46592K)->160K(43520K)
[2399.300s][info ][gc,heap        ] GC(54) ParOldGen: 514180K(514560K)->514204K(514560K)
[2399.300s][info ][gc,metaspace   ] GC(54) Metaspace: 96071K(97344K)->96071K(97344K) NonClass: 81952K(82688K)->81952K(82688K) Class: 14118K(14656K)->14118K(14656K)
[2399.300s][info ][gc             ] GC(54) Pause Young (Allocation Failure) 2462M->502M(2505M) 3.490ms
[2399.300s][info ][gc,cpu         ] GC(54) User=0.01s Sys=0.00s Real=0.00s
[2399.300s][info ][safepoint      ] Safepoint "ParallelGCFailedAllocation", Time since last: 96196570187 ns, Reaching safepoint: 6100 ns, Cleanup: 4500 ns, At safepoint: 3602113 ns, Total: 3612713 ns
[2493.294s][info ][gc,start       ] GC(55) Pause Young (Allocation Failure)
[2493.297s][debug][gc,phases      ] GC(55) Scavenge 2.707ms
[2493.297s][debug][gc,ref         ] GC(55) ReferenceProcessor::execute queues: 1, RefProcThreadModel::Single, marks_oops_alive: false
[2493.297s][debug][gc,ref         ] GC(55) Skipped KeepAliveFinalRefsPhase of Reference Processing: no references
[2493.297s][debug][gc,ref         ] GC(55) Skipped PhantomRefsPhase of Reference Processing: no references
[2493.297s][debug][gc,phases      ] GC(55) Reference Processing 0.116ms
[2493.297s][debug][gc,phases      ] GC(55)   VM Weak                        Min:  0.0, Avg:  0.0, Max:  0.0, Diff:  0.0, Sum:  0.0, Workers: 4
[2493.297s][debug][gc,phases      ] GC(55)     Dead                           Min: 0, Avg:  0.0, Max: 0, Diff: 0, Sum: 0, Workers: 4
[2493.297s][debug][gc,phases      ] GC(55)     Total                          Min: 0, Avg: 251.5, Max: 942, Diff: 942, Sum: 1006, Workers: 4
[2493.297s][debug][gc,phases      ] GC(55)   ObjectSynchronizer Weak        Min:  0.0, Avg:  0.0, Max:  0.0, Diff:  0.0, Sum:  0.0, Workers: 4
[2493.297s][debug][gc,phases      ] GC(55)     Dead                           Min: 0, Avg:  0.0, Max: 0, Diff: 0, Sum: 0, Workers: 4
[2493.297s][debug][gc,phases      ] GC(55)     Total                          Min: 0, Avg:  1.0, Max: 4, Diff: 4, Sum: 4, Workers: 4
[2493.297s][debug][gc,phases      ] GC(55)   JVMTI Tag Weak OopStorage      Min:  0.0, Avg:  0.0, Max:  0.0, Diff:  0.0, Sum:  0.0, Workers: 4
[2493.297s][debug][gc,phases      ] GC(55)     Dead                           Min: 0, Avg:  0.0, Max: 0, Diff: 0, Sum: 0, Workers: 4
[2493.297s][debug][gc,phases      ] GC(55)     Total                          Min: 0, Avg:  0.0, Max: 0, Diff: 0, Sum: 0, Workers: 4
[2493.297s][debug][gc,phases      ] GC(55)   StringTable Weak               Min:  0.0, Avg:  0.1, Max:  0.2, Diff:  0.2, Sum:  0.5, Workers: 4
[2493.297s][debug][gc,phases      ] GC(55)     Dead                           Min: 0, Avg:  0.0, Max: 0, Diff: 0, Sum: 0, Workers: 4
[2493.297s][debug][gc,phases      ] GC(55)     Total                          Min: 0, Avg: 12128.8, Max: 25728, Diff: 25728, Sum: 48515, Workers: 4
[2493.297s][debug][gc,phases      ] GC(55)   ResolvedMethodTable Weak       Min:  0.0, Avg:  0.0, Max:  0.1, Diff:  0.1, Sum:  0.1, Workers: 4
[2493.297s][debug][gc,phases      ] GC(55)     Dead                           Min: 0, Avg:  0.0, Max: 0, Diff: 0, Sum: 0, Workers: 4
[2493.298s][debug][gc,phases      ] GC(55)     Total                          Min: 0, Avg: 3359.0, Max: 7423, Diff: 7423, Sum: 13436, Workers: 4
[2493.298s][debug][gc,phases      ] GC(55)   JNI Weak                       Min:  0.0, Avg:  0.0, Max:  0.0, Diff:  0.0, Sum:  0.0, Workers: 4
[2493.298s][debug][gc,phases      ] GC(55)     Dead                           Min: 0, Avg:  0.0, Max: 0, Diff: 0, Sum: 0, Workers: 4
[2493.298s][debug][gc,phases      ] GC(55)     Total                          Min: 0, Avg: 12.0, Max: 48, Diff: 48, Sum: 48, Workers: 4
[2493.298s][debug][gc,phases      ] GC(55)   StringDedup Table Weak         Min:  0.0, Avg:  0.0, Max:  0.0, Diff:  0.0, Sum:  0.0, Workers: 4
[2493.298s][debug][gc,phases      ] GC(55)     Dead                           Min: 0, Avg:  0.0, Max: 0, Diff: 0, Sum: 0, Workers: 4
[2493.298s][debug][gc,phases      ] GC(55)     Total                          Min: 0, Avg:  0.0, Max: 0, Diff: 0, Sum: 0, Workers: 4
[2493.298s][debug][gc,phases      ] GC(55)   StringDedup Requests0 Weak     Min:  0.0, Avg:  0.0, Max:  0.0, Diff:  0.0, Sum:  0.0, Workers: 4
[2493.298s][debug][gc,phases      ] GC(55)     Dead                           Min: 0, Avg:  0.0, Max: 0, Diff: 0, Sum: 0, Workers: 4
[2493.298s][debug][gc,phases      ] GC(55)     Total                          Min: 0, Avg:  0.0, Max: 0, Diff: 0, Sum: 0, Workers: 4
[2493.298s][debug][gc,phases      ] GC(55)   StringDedup Requests1 Weak     Min:  0.0, Avg:  0.0, Max:  0.0, Diff:  0.0, Sum:  0.0, Workers: 4
[2493.298s][debug][gc,phases      ] GC(55)     Dead                           Min: 0, Avg:  0.0, Max: 0, Diff: 0, Sum: 0, Workers: 4
[2493.298s][debug][gc,phases      ] GC(55)     Total                          Min: 0, Avg:  0.0, Max: 0, Diff: 0, Sum: 0, Workers: 4
[2493.298s][debug][gc,phases      ] GC(55)   Weak JFR Old Object Samples    Min:  0.0, Avg:  0.0, Max:  0.0, Diff:  0.0, Sum:  0.0, Workers: 4
[2493.298s][debug][gc,phases      ] GC(55)     Dead                           Min: 0, Avg:  0.0, Max: 0, Diff: 0, Sum: 0, Workers: 4
[2493.298s][debug][gc,phases      ] GC(55)     Total                          Min: 0, Avg:  0.0, Max: 0, Diff: 0, Sum: 0, Workers: 4
[2493.298s][debug][gc,phases      ] GC(55) Weak Processing 0.542ms
[2493.298s][debug][gc,age         ] GC(55) Desired survivor size 38797312 bytes, new threshold 1 (max threshold 15)
[2493.298s][info ][gc,heap        ] GC(55) PSYoungGen: 2007200K(2050560K)->192K(2059264K) Eden: 2007040K(2007040K)->0K(2018816K) From: 160K(43520K)->192K(40448K)
[2493.298s][info ][gc,heap        ] GC(55) ParOldGen: 514204K(514560K)->514228K(514560K)
[2493.298s][info ][gc,metaspace   ] GC(55) Metaspace: 96075K(97408K)->96075K(97408K) NonClass: 81957K(82752K)->81957K(82752K) Class: 14118K(14656K)->14118K(14656K)
[2493.298s][info ][gc             ] GC(55) Pause Young (Allocation Failure) 2462M->502M(2513M) 3.552ms
[2493.298s][info ][gc,cpu         ] GC(55) User=0.00s Sys=0.01s Real=0.01s
[2493.298s][info ][safepoint      ] Safepoint "ParallelGCFailedAllocation", Time since last: 93993616305 ns, Reaching safepoint: 86102 ns, Cleanup: 6300 ns, At safepoint: 3636699 ns, Total: 3729101 ns
[2518.300s][info ][safepoint      ] Safepoint "Cleanup", Time since last: 25001960003 ns, Reaching safepoint: 76902 ns, Cleanup: 10700 ns, At safepoint: 36701 ns, Total: 124303 ns
[2589.344s][info ][gc,start       ] GC(56) Pause Young (Allocation Failure)
[2589.347s][debug][gc,phases      ] GC(56) Scavenge 2.534ms
[2589.347s][debug][gc,ref         ] GC(56) ReferenceProcessor::execute queues: 1, RefProcThreadModel::Single, marks_oops_alive: false
[2589.347s][debug][gc,ref         ] GC(56) Skipped KeepAliveFinalRefsPhase of Reference Processing: no references
[2589.347s][debug][gc,ref         ] GC(56) Skipped PhantomRefsPhase of Reference Processing: no references
[2589.347s][debug][gc,phases      ] GC(56) Reference Processing 0.116ms
[2589.347s][debug][gc,phases      ] GC(56)   VM Weak                        Min:  0.0, Avg:  0.0, Max:  0.0, Diff:  0.0, Sum:  0.0, Workers: 4
[2589.347s][debug][gc,phases      ] GC(56)     Dead                           Min: 0, Avg:  0.0, Max: 0, Diff: 0, Sum: 0, Workers: 4
[2589.347s][debug][gc,phases      ] GC(56)     Total                          Min: 0, Avg: 251.5, Max: 1006, Diff: 1006, Sum: 1006, Workers: 4
[2589.347s][debug][gc,phases      ] GC(56)   ObjectSynchronizer Weak        Min:  0.0, Avg:  0.0, Max:  0.0, Diff:  0.0, Sum:  0.0, Workers: 4
[2589.347s][debug][gc,phases      ] GC(56)     Dead                           Min: 0, Avg:  0.0, Max: 0, Diff: 0, Sum: 0, Workers: 4
[2589.347s][debug][gc,phases      ] GC(56)     Total                          Min: 0, Avg:  0.8, Max: 3, Diff: 3, Sum: 3, Workers: 4
[2589.348s][debug][gc,phases      ] GC(56)   JVMTI Tag Weak OopStorage      Min:  0.0, Avg:  0.0, Max:  0.0, Diff:  0.0, Sum:  0.0, Workers: 4
[2589.348s][debug][gc,phases      ] GC(56)     Dead                           Min: 0, Avg:  0.0, Max: 0, Diff: 0, Sum: 0, Workers: 4
[2589.348s][debug][gc,phases      ] GC(56)     Total                          Min: 0, Avg:  0.0, Max: 0, Diff: 0, Sum: 0, Workers: 4
[2589.348s][debug][gc,phases      ] GC(56)   StringTable Weak               Min:  0.0, Avg:  0.1, Max:  0.2, Diff:  0.2, Sum:  0.4, Workers: 4
[2589.348s][debug][gc,phases      ] GC(56)     Dead                           Min: 0, Avg:  0.0, Max: 0, Diff: 0, Sum: 0, Workers: 4
[2589.348s][debug][gc,phases      ] GC(56)     Total                          Min: 0, Avg: 12128.8, Max: 27075, Diff: 27075, Sum: 48515, Workers: 4
[2589.348s][debug][gc,phases      ] GC(56)   ResolvedMethodTable Weak       Min:  0.0, Avg:  0.0, Max:  0.1, Diff:  0.1, Sum:  0.1, Workers: 4
[2589.348s][debug][gc,phases      ] GC(56)     Dead                           Min: 0, Avg:  0.0, Max: 0, Diff: 0, Sum: 0, Workers: 4
[2589.348s][debug][gc,phases      ] GC(56)     Total                          Min: 0, Avg: 3359.0, Max: 7415, Diff: 7415, Sum: 13436, Workers: 4
[2589.348s][debug][gc,phases      ] GC(56)   JNI Weak                       Min:  0.0, Avg:  0.0, Max:  0.0, Diff:  0.0, Sum:  0.0, Workers: 4
[2589.348s][debug][gc,phases      ] GC(56)     Dead                           Min: 0, Avg:  0.0, Max: 0, Diff: 0, Sum: 0, Workers: 4
[2589.348s][debug][gc,phases      ] GC(56)     Total                          Min: 0, Avg: 12.0, Max: 48, Diff: 48, Sum: 48, Workers: 4
[2589.348s][debug][gc,phases      ] GC(56)   StringDedup Table Weak         Min:  0.0, Avg:  0.0, Max:  0.0, Diff:  0.0, Sum:  0.0, Workers: 4
[2589.348s][debug][gc,phases      ] GC(56)     Dead                           Min: 0, Avg:  0.0, Max: 0, Diff: 0, Sum: 0, Workers: 4
[2589.348s][debug][gc,phases      ] GC(56)     Total                          Min: 0, Avg:  0.0, Max: 0, Diff: 0, Sum: 0, Workers: 4
[2589.348s][debug][gc,phases      ] GC(56)   StringDedup Requests0 Weak     Min:  0.0, Avg:  0.0, Max:  0.0, Diff:  0.0, Sum:  0.0, Workers: 4
[2589.348s][debug][gc,phases      ] GC(56)     Dead                           Min: 0, Avg:  0.0, Max: 0, Diff: 0, Sum: 0, Workers: 4
[2589.348s][debug][gc,phases      ] GC(56)     Total                          Min: 0, Avg:  0.0, Max: 0, Diff: 0, Sum: 0, Workers: 4
[2589.348s][debug][gc,phases      ] GC(56)   StringDedup Requests1 Weak     Min:  0.0, Avg:  0.0, Max:  0.0, Diff:  0.0, Sum:  0.0, Workers: 4
[2589.348s][debug][gc,phases      ] GC(56)     Dead                           Min: 0, Avg:  0.0, Max: 0, Diff: 0, Sum: 0, Workers: 4
[2589.348s][debug][gc,phases      ] GC(56)     Total                          Min: 0, Avg:  0.0, Max: 0, Diff: 0, Sum: 0, Workers: 4
[2589.348s][debug][gc,phases      ] GC(56)   Weak JFR Old Object Samples    Min:  0.0, Avg:  0.0, Max:  0.0, Diff:  0.0, Sum:  0.0, Workers: 4
[2589.348s][debug][gc,phases      ] GC(56)     Dead                           Min: 0, Avg:  0.0, Max: 0, Diff: 0, Sum: 0, Workers: 4
[2589.348s][debug][gc,phases      ] GC(56)     Total                          Min: 0, Avg:  0.0, Max: 0, Diff: 0, Sum: 0, Workers: 4
[2589.348s][debug][gc,phases      ] GC(56) Weak Processing 0.521ms
[2589.348s][debug][gc,age         ] GC(56) Desired survivor size 36175872 bytes, new threshold 1 (max threshold 15)
[2589.348s][info ][gc,heap        ] GC(56) PSYoungGen: 2019008K(2059264K)->192K(2056704K) Eden: 2018816K(2018816K)->0K(2018816K) From: 192K(40448K)->192K(37888K)
[2589.348s][info ][gc,heap        ] GC(56) ParOldGen: 514228K(514560K)->514260K(514560K)
[2589.348s][info ][gc,metaspace   ] GC(56) Metaspace: 96084K(97408K)->96084K(97408K) NonClass: 81966K(82752K)->81966K(82752K) Class: 14118K(14656K)->14118K(14656K)
[2589.348s][info ][gc             ] GC(56) Pause Young (Allocation Failure) 2473M->502M(2511M) 3.311ms
[2589.348s][info ][gc,cpu         ] GC(56) User=0.01s Sys=0.00s Real=0.01s
[2589.348s][info ][safepoint      ] Safepoint "ParallelGCFailedAllocation", Time since last: 71044490186 ns, Reaching safepoint: 77102 ns, Cleanup: 5100 ns, At safepoint: 3388971 ns, Total: 3471173 ns
[2590.348s][info ][safepoint      ] Safepoint "Cleanup", Time since last: 1000104803 ns, Reaching safepoint: 93101 ns, Cleanup: 10800 ns, At safepoint: 6300 ns, Total: 110201 ns
[2685.763s][info ][gc,start       ] GC(57) Pause Young (Allocation Failure)
[2685.765s][debug][gc,phases      ] GC(57) Scavenge 1.976ms
[2685.765s][debug][gc,ref         ] GC(57) ReferenceProcessor::execute queues: 1, RefProcThreadModel::Single, marks_oops_alive: false
[2685.765s][debug][gc,ref         ] GC(57) Skipped KeepAliveFinalRefsPhase of Reference Processing: no references
[2685.765s][debug][gc,ref         ] GC(57) Skipped PhantomRefsPhase of Reference Processing: no references
[2685.765s][debug][gc,phases      ] GC(57) Reference Processing 0.115ms
[2685.765s][debug][gc,phases      ] GC(57)   VM Weak                        Min:  0.0, Avg:  0.0, Max:  0.0, Diff:  0.0, Sum:  0.0, Workers: 4
[2685.765s][debug][gc,phases      ] GC(57)     Dead                           Min: 0, Avg:  0.0, Max: 0, Diff: 0, Sum: 0, Workers: 4
[2685.765s][debug][gc,phases      ] GC(57)     Total                          Min: 0, Avg: 251.5, Max: 512, Diff: 512, Sum: 1006, Workers: 4
[2685.765s][debug][gc,phases      ] GC(57)   ObjectSynchronizer Weak        Min:  0.0, Avg:  0.0, Max:  0.0, Diff:  0.0, Sum:  0.0, Workers: 4
[2685.765s][debug][gc,phases      ] GC(57)     Dead                           Min: 0, Avg:  0.0, Max: 0, Diff: 0, Sum: 0, Workers: 4
[2685.765s][debug][gc,phases      ] GC(57)     Total                          Min: 0, Avg:  0.8, Max: 3, Diff: 3, Sum: 3, Workers: 4
[2685.765s][debug][gc,phases      ] GC(57)   JVMTI Tag Weak OopStorage      Min:  0.0, Avg:  0.0, Max:  0.0, Diff:  0.0, Sum:  0.0, Workers: 4
[2685.765s][debug][gc,phases      ] GC(57)     Dead                           Min: 0, Avg:  0.0, Max: 0, Diff: 0, Sum: 0, Workers: 4
[2685.765s][debug][gc,phases      ] GC(57)     Total                          Min: 0, Avg:  0.0, Max: 0, Diff: 0, Sum: 0, Workers: 4
[2685.765s][debug][gc,phases      ] GC(57)   StringTable Weak               Min:  0.0, Avg:  0.1, Max:  0.1, Diff:  0.1, Sum:  0.4, Workers: 4
[2685.765s][debug][gc,phases      ] GC(57)     Dead                           Min: 0, Avg:  0.0, Max: 0, Diff: 0, Sum: 0, Workers: 4
[2685.765s][debug][gc,phases      ] GC(57)     Total                          Min: 0, Avg: 12130.5, Max: 18176, Diff: 18176, Sum: 48522, Workers: 4
[2685.765s][debug][gc,phases      ] GC(57)   ResolvedMethodTable Weak       Min:  0.0, Avg:  0.0, Max:  0.0, Diff:  0.0, Sum:  0.1, Workers: 4
[2685.765s][debug][gc,phases      ] GC(57)     Dead                           Min: 0, Avg:  0.0, Max: 0, Diff: 0, Sum: 0, Workers: 4
[2685.765s][debug][gc,phases      ] GC(57)     Total                          Min: 0, Avg: 3359.0, Max: 4815, Diff: 4815, Sum: 13436, Workers: 4
[2685.765s][debug][gc,phases      ] GC(57)   JNI Weak                       Min:  0.0, Avg:  0.0, Max:  0.0, Diff:  0.0, Sum:  0.0, Workers: 4
[2685.765s][debug][gc,phases      ] GC(57)     Dead                           Min: 0, Avg:  0.0, Max: 0, Diff: 0, Sum: 0, Workers: 4
[2685.765s][debug][gc,phases      ] GC(57)     Total                          Min: 0, Avg: 12.0, Max: 48, Diff: 48, Sum: 48, Workers: 4
[2685.765s][debug][gc,phases      ] GC(57)   StringDedup Table Weak         Min:  0.0, Avg:  0.0, Max:  0.0, Diff:  0.0, Sum:  0.0, Workers: 4
[2685.765s][debug][gc,phases      ] GC(57)     Dead                           Min: 0, Avg:  0.0, Max: 0, Diff: 0, Sum: 0, Workers: 4
[2685.765s][debug][gc,phases      ] GC(57)     Total                          Min: 0, Avg:  0.0, Max: 0, Diff: 0, Sum: 0, Workers: 4
[2685.765s][debug][gc,phases      ] GC(57)   StringDedup Requests0 Weak     Min:  0.0, Avg:  0.0, Max:  0.0, Diff:  0.0, Sum:  0.0, Workers: 4
[2685.765s][debug][gc,phases      ] GC(57)     Dead                           Min: 0, Avg:  0.0, Max: 0, Diff: 0, Sum: 0, Workers: 4
[2685.765s][debug][gc,phases      ] GC(57)     Total                          Min: 0, Avg:  0.0, Max: 0, Diff: 0, Sum: 0, Workers: 4
[2685.765s][debug][gc,phases      ] GC(57)   StringDedup Requests1 Weak     Min:  0.0, Avg:  0.0, Max:  0.0, Diff:  0.0, Sum:  0.0, Workers: 4
[2685.765s][debug][gc,phases      ] GC(57)     Dead                           Min: 0, Avg:  0.0, Max: 0, Diff: 0, Sum: 0, Workers: 4
[2685.765s][debug][gc,phases      ] GC(57)     Total                          Min: 0, Avg:  0.0, Max: 0, Diff: 0, Sum: 0, Workers: 4
[2685.765s][debug][gc,phases      ] GC(57)   Weak JFR Old Object Samples    Min:  0.0, Avg:  0.0, Max:  0.0, Diff:  0.0, Sum:  0.0, Workers: 4
[2685.765s][debug][gc,phases      ] GC(57)     Dead                           Min: 0, Avg:  0.0, Max: 0, Diff: 0, Sum: 0, Workers: 4
[2685.765s][debug][gc,phases      ] GC(57)     Total                          Min: 0, Avg:  0.0, Max: 0, Diff: 0, Sum: 0, Workers: 4
[2685.765s][debug][gc,phases      ] GC(57) Weak Processing 0.450ms
[2685.765s][debug][gc,age         ] GC(57) Desired survivor size 33554432 bytes, new threshold 1 (max threshold 15)
[2685.765s][info ][gc,heap        ] GC(57) PSYoungGen: 2019008K(2056704K)->160K(2064384K) Eden: 2018816K(2018816K)->0K(2029056K) From: 192K(37888K)->160K(35328K)
[2685.765s][info ][gc,heap        ] GC(57) ParOldGen: 514260K(514560K)->514292K(514560K)
[2685.765s][info ][gc,metaspace   ] GC(57) Metaspace: 96091K(97408K)->96091K(97408K) NonClass: 81973K(82752K)->81973K(82752K) Class: 14118K(14656K)->14118K(14656K)
[2685.765s][info ][gc             ] GC(57) Pause Young (Allocation Failure) 2473M->502M(2518M) 2.674ms
[2685.765s][info ][gc,cpu         ] GC(57) User=0.00s Sys=0.00s Real=0.00s
[2685.765s][info ][safepoint      ] Safepoint "ParallelGCFailedAllocation", Time since last: 95414680667 ns, Reaching safepoint: 7601 ns, Cleanup: 4100 ns, At safepoint: 2783636 ns, Total: 2795337 ns
[2715.768s][info ][safepoint      ] Safepoint "Cleanup", Time since last: 30002192369 ns, Reaching safepoint: 6300 ns, Cleanup: 15700 ns, At safepoint: 2400 ns, Total: 24400 ns
[2780.787s][info ][gc,start       ] GC(58) Pause Young (Allocation Failure)
[2780.790s][debug][gc,phases      ] GC(58) Scavenge 3.036ms
[2780.791s][debug][gc,ref         ] GC(58) ReferenceProcessor::execute queues: 1, RefProcThreadModel::Single, marks_oops_alive: false
[2780.791s][debug][gc,ref         ] GC(58) Skipped KeepAliveFinalRefsPhase of Reference Processing: no references
[2780.791s][debug][gc,ref         ] GC(58) Skipped PhantomRefsPhase of Reference Processing: no references
[2780.791s][debug][gc,phases      ] GC(58) Reference Processing 0.117ms
[2780.791s][debug][gc,phases      ] GC(58)   VM Weak                        Min:  0.0, Avg:  0.0, Max:  0.0, Diff:  0.0, Sum:  0.0, Workers: 4
[2780.791s][debug][gc,phases      ] GC(58)     Dead                           Min: 0, Avg:  0.0, Max: 0, Diff: 0, Sum: 0, Workers: 4
[2780.791s][debug][gc,phases      ] GC(58)     Total                          Min: 0, Avg: 251.5, Max: 640, Diff: 640, Sum: 1006, Workers: 4
[2780.791s][debug][gc,phases      ] GC(58)   ObjectSynchronizer Weak        Min:  0.0, Avg:  0.0, Max:  0.0, Diff:  0.0, Sum:  0.0, Workers: 4
[2780.791s][debug][gc,phases      ] GC(58)     Dead                           Min: 0, Avg:  0.0, Max: 0, Diff: 0, Sum: 0, Workers: 4
[2780.791s][debug][gc,phases      ] GC(58)     Total                          Min: 0, Avg:  0.8, Max: 3, Diff: 3, Sum: 3, Workers: 4
[2780.791s][debug][gc,phases      ] GC(58)   JVMTI Tag Weak OopStorage      Min:  0.0, Avg:  0.0, Max:  0.0, Diff:  0.0, Sum:  0.0, Workers: 4
[2780.791s][debug][gc,phases      ] GC(58)     Dead                           Min: 0, Avg:  0.0, Max: 0, Diff: 0, Sum: 0, Workers: 4
[2780.791s][debug][gc,phases      ] GC(58)     Total                          Min: 0, Avg:  0.0, Max: 0, Diff: 0, Sum: 0, Workers: 4
[2780.791s][debug][gc,phases      ] GC(58)   StringTable Weak               Min:  0.0, Avg:  0.1, Max:  0.2, Diff:  0.2, Sum:  0.4, Workers: 4
[2780.791s][debug][gc,phases      ] GC(58)     Dead                           Min: 0, Avg:  0.0, Max: 0, Diff: 0, Sum: 0, Workers: 4
[2780.791s][debug][gc,phases      ] GC(58)     Total                          Min: 0, Avg: 12131.0, Max: 27520, Diff: 27520, Sum: 48524, Workers: 4
[2780.791s][debug][gc,phases      ] GC(58)   ResolvedMethodTable Weak       Min:  0.0, Avg:  0.0, Max:  0.1, Diff:  0.1, Sum:  0.1, Workers: 4
[2780.791s][debug][gc,phases      ] GC(58)     Dead                           Min: 0, Avg:  0.0, Max: 0, Diff: 0, Sum: 0, Workers: 4
[2780.791s][debug][gc,phases      ] GC(58)     Total                          Min: 0, Avg: 3359.0, Max: 7494, Diff: 7494, Sum: 13436, Workers: 4
[2780.791s][debug][gc,phases      ] GC(58)   JNI Weak                       Min:  0.0, Avg:  0.0, Max:  0.0, Diff:  0.0, Sum:  0.0, Workers: 4
[2780.791s][debug][gc,phases      ] GC(58)     Dead                           Min: 0, Avg:  0.0, Max: 0, Diff: 0, Sum: 0, Workers: 4
[2780.791s][debug][gc,phases      ] GC(58)     Total                          Min: 0, Avg: 12.0, Max: 48, Diff: 48, Sum: 48, Workers: 4
[2780.791s][debug][gc,phases      ] GC(58)   StringDedup Table Weak         Min:  0.0, Avg:  0.0, Max:  0.0, Diff:  0.0, Sum:  0.0, Workers: 4
[2780.791s][debug][gc,phases      ] GC(58)     Dead                           Min: 0, Avg:  0.0, Max: 0, Diff: 0, Sum: 0, Workers: 4
[2780.791s][debug][gc,phases      ] GC(58)     Total                          Min: 0, Avg:  0.0, Max: 0, Diff: 0, Sum: 0, Workers: 4
[2780.791s][debug][gc,phases      ] GC(58)   StringDedup Requests0 Weak     Min:  0.0, Avg:  0.0, Max:  0.0, Diff:  0.0, Sum:  0.0, Workers: 4
[2780.791s][debug][gc,phases      ] GC(58)     Dead                           Min: 0, Avg:  0.0, Max: 0, Diff: 0, Sum: 0, Workers: 4
[2780.791s][debug][gc,phases      ] GC(58)     Total                          Min: 0, Avg:  0.0, Max: 0, Diff: 0, Sum: 0, Workers: 4
[2780.791s][debug][gc,phases      ] GC(58)   StringDedup Requests1 Weak     Min:  0.0, Avg:  0.0, Max:  0.0, Diff:  0.0, Sum:  0.0, Workers: 4
[2780.791s][debug][gc,phases      ] GC(58)     Dead                           Min: 0, Avg:  0.0, Max: 0, Diff: 0, Sum: 0, Workers: 4
[2780.791s][debug][gc,phases      ] GC(58)     Total                          Min: 0, Avg:  0.0, Max: 0, Diff: 0, Sum: 0, Workers: 4
[2780.791s][debug][gc,phases      ] GC(58)   Weak JFR Old Object Samples    Min:  0.0, Avg:  0.0, Max:  0.0, Diff:  0.0, Sum:  0.0, Workers: 4
[2780.791s][debug][gc,phases      ] GC(58)     Dead                           Min: 0, Avg:  0.0, Max: 0, Diff: 0, Sum: 0, Workers: 4
[2780.791s][debug][gc,phases      ] GC(58)     Total                          Min: 0, Avg:  0.0, Max: 0, Diff: 0, Sum: 0, Workers: 4
[2780.791s][debug][gc,phases      ] GC(58) Weak Processing 0.533ms
[2780.791s][debug][gc,age         ] GC(58) Desired survivor size 30932992 bytes, new threshold 1 (max threshold 15)
[2780.791s][info ][gc,heap        ] GC(58) PSYoungGen: 2029216K(2064384K)->192K(2061824K) Eden: 2029056K(2029056K)->0K(2029056K) From: 160K(35328K)->192K(32768K)
[2780.791s][info ][gc,heap        ] GC(58) ParOldGen: 514292K(514560K)->514324K(514560K)
[2780.791s][info ][gc,metaspace   ] GC(58) Metaspace: 96101K(97408K)->96101K(97408K) NonClass: 81983K(82752K)->81983K(82752K) Class: 14118K(14656K)->14118K(14656K)
[2780.791s][info ][gc             ] GC(58) Pause Young (Allocation Failure) 2483M->502M(2516M) 3.827ms
[2780.791s][info ][gc,cpu         ] GC(58) User=0.00s Sys=0.01s Real=0.00s
[2780.791s][info ][safepoint      ] Safepoint "ParallelGCFailedAllocation", Time since last: 65019666328 ns, Reaching safepoint: 6401 ns, Cleanup: 4200 ns, At safepoint: 3907345 ns, Total: 3917946 ns
[2792.792s][info ][safepoint      ] Safepoint "Cleanup", Time since last: 12000962578 ns, Reaching safepoint: 7400 ns, Cleanup: 11600 ns, At safepoint: 22400 ns, Total: 41400 ns
[2842.796s][info ][safepoint      ] Safepoint "Cleanup", Time since last: 50004113764 ns, Reaching safepoint: 82400 ns, Cleanup: 10801 ns, At safepoint: 35600 ns, Total: 128801 ns
[2876.944s][info ][gc,start       ] GC(59) Pause Young (Allocation Failure)
[2876.947s][debug][gc,phases      ] GC(59) Scavenge 2.822ms
[2876.947s][debug][gc,ref         ] GC(59) ReferenceProcessor::execute queues: 1, RefProcThreadModel::Single, marks_oops_alive: false
[2876.947s][debug][gc,ref         ] GC(59) Skipped KeepAliveFinalRefsPhase of Reference Processing: no references
[2876.947s][debug][gc,ref         ] GC(59) Skipped PhantomRefsPhase of Reference Processing: no references
[2876.947s][debug][gc,phases      ] GC(59) Reference Processing 0.117ms
[2876.948s][debug][gc,phases      ] GC(59)   VM Weak                        Min:  0.0, Avg:  0.0, Max:  0.0, Diff:  0.0, Sum:  0.0, Workers: 4
[2876.948s][debug][gc,phases      ] GC(59)     Dead                           Min: 0, Avg:  0.0, Max: 0, Diff: 0, Sum: 0, Workers: 4
[2876.948s][debug][gc,phases      ] GC(59)     Total                          Min: 0, Avg: 251.5, Max: 558, Diff: 558, Sum: 1006, Workers: 4
[2876.948s][debug][gc,phases      ] GC(59)   ObjectSynchronizer Weak        Min:  0.0, Avg:  0.0, Max:  0.0, Diff:  0.0, Sum:  0.0, Workers: 4
[2876.948s][debug][gc,phases      ] GC(59)     Dead                           Min: 0, Avg:  0.0, Max: 0, Diff: 0, Sum: 0, Workers: 4
[2876.948s][debug][gc,phases      ] GC(59)     Total                          Min: 0, Avg:  0.8, Max: 3, Diff: 3, Sum: 3, Workers: 4
[2876.948s][debug][gc,phases      ] GC(59)   JVMTI Tag Weak OopStorage      Min:  0.0, Avg:  0.0, Max:  0.0, Diff:  0.0, Sum:  0.0, Workers: 4
[2876.948s][debug][gc,phases      ] GC(59)     Dead                           Min: 0, Avg:  0.0, Max: 0, Diff: 0, Sum: 0, Workers: 4
[2876.948s][debug][gc,phases      ] GC(59)     Total                          Min: 0, Avg:  0.0, Max: 0, Diff: 0, Sum: 0, Workers: 4
[2876.948s][debug][gc,phases      ] GC(59)   StringTable Weak               Min:  0.0, Avg:  0.1, Max:  0.2, Diff:  0.2, Sum:  0.4, Workers: 4
[2876.948s][debug][gc,phases      ] GC(59)     Dead                           Min: 0, Avg:  0.0, Max: 0, Diff: 0, Sum: 0, Workers: 4
[2876.948s][debug][gc,phases      ] GC(59)     Total                          Min: 0, Avg: 12131.0, Max: 26112, Diff: 26112, Sum: 48524, Workers: 4
[2876.948s][debug][gc,phases      ] GC(59)   ResolvedMethodTable Weak       Min:  0.0, Avg:  0.0, Max:  0.1, Diff:  0.1, Sum:  0.1, Workers: 4
[2876.948s][debug][gc,phases      ] GC(59)     Dead                           Min: 0, Avg:  0.0, Max: 0, Diff: 0, Sum: 0, Workers: 4
[2876.948s][debug][gc,phases      ] GC(59)     Total                          Min: 0, Avg: 3359.0, Max: 7495, Diff: 7495, Sum: 13436, Workers: 4
[2876.948s][debug][gc,phases      ] GC(59)   JNI Weak                       Min:  0.0, Avg:  0.0, Max:  0.0, Diff:  0.0, Sum:  0.0, Workers: 4
[2876.948s][debug][gc,phases      ] GC(59)     Dead                           Min: 0, Avg:  0.0, Max: 0, Diff: 0, Sum: 0, Workers: 4
[2876.948s][debug][gc,phases      ] GC(59)     Total                          Min: 0, Avg: 12.0, Max: 48, Diff: 48, Sum: 48, Workers: 4
[2876.948s][debug][gc,phases      ] GC(59)   StringDedup Table Weak         Min:  0.0, Avg:  0.0, Max:  0.0, Diff:  0.0, Sum:  0.0, Workers: 4
[2876.948s][debug][gc,phases      ] GC(59)     Dead                           Min: 0, Avg:  0.0, Max: 0, Diff: 0, Sum: 0, Workers: 4
[2876.948s][debug][gc,phases      ] GC(59)     Total                          Min: 0, Avg:  0.0, Max: 0, Diff: 0, Sum: 0, Workers: 4
[2876.948s][debug][gc,phases      ] GC(59)   StringDedup Requests0 Weak     Min:  0.0, Avg:  0.0, Max:  0.0, Diff:  0.0, Sum:  0.0, Workers: 4
[2876.948s][debug][gc,phases      ] GC(59)     Dead                           Min: 0, Avg:  0.0, Max: 0, Diff: 0, Sum: 0, Workers: 4
[2876.948s][debug][gc,phases      ] GC(59)     Total                          Min: 0, Avg:  0.0, Max: 0, Diff: 0, Sum: 0, Workers: 4
[2876.948s][debug][gc,phases      ] GC(59)   StringDedup Requests1 Weak     Min:  0.0, Avg:  0.0, Max:  0.0, Diff:  0.0, Sum:  0.0, Workers: 4
[2876.948s][debug][gc,phases      ] GC(59)     Dead                           Min: 0, Avg:  0.0, Max: 0, Diff: 0, Sum: 0, Workers: 4
[2876.948s][debug][gc,phases      ] GC(59)     Total                          Min: 0, Avg:  0.0, Max: 0, Diff: 0, Sum: 0, Workers: 4
[2876.948s][debug][gc,phases      ] GC(59)   Weak JFR Old Object Samples    Min:  0.0, Avg:  0.0, Max:  0.0, Diff:  0.0, Sum:  0.0, Workers: 4
[2876.948s][debug][gc,phases      ] GC(59)     Dead                           Min: 0, Avg:  0.0, Max: 0, Diff: 0, Sum: 0, Workers: 4
[2876.948s][debug][gc,phases      ] GC(59)     Total                          Min: 0, Avg:  0.0, Max: 0, Diff: 0, Sum: 0, Workers: 4
[2876.948s][debug][gc,phases      ] GC(59) Weak Processing 0.563ms
[2876.948s][debug][gc,age         ] GC(59) Desired survivor size 28835840 bytes, new threshold 1 (max threshold 15)
[2876.948s][info ][gc,heap        ] GC(59) PSYoungGen: 2029248K(2061824K)->160K(2068992K) Eden: 2029056K(2029056K)->0K(2038784K) From: 192K(32768K)->160K(30208K)
[2876.948s][info ][gc,heap        ] GC(59) ParOldGen: 514324K(514560K)->514348K(514560K)
[2876.948s][info ][gc,metaspace   ] GC(59) Metaspace: 96102K(97408K)->96102K(97408K) NonClass: 81983K(82752K)->81983K(82752K) Class: 14118K(14656K)->14118K(14656K)
[2876.948s][info ][gc             ] GC(59) Pause Young (Allocation Failure) 2483M->502M(2523M) 3.638ms
[2876.948s][info ][gc,cpu         ] GC(59) User=0.01s Sys=0.00s Real=0.01s
[2876.948s][info ][safepoint      ] Safepoint "ParallelGCFailedAllocation", Time since last: 34147822950 ns, Reaching safepoint: 79400 ns, Cleanup: 5200 ns, At safepoint: 3716739 ns, Total: 3801339 ns
[2892.949s][info ][safepoint      ] Safepoint "Cleanup", Time since last: 16001259108 ns, Reaching safepoint: 7200 ns, Cleanup: 25001 ns, At safepoint: 2200 ns, Total: 34401 ns
[2973.844s][info ][gc,start       ] GC(60) Pause Young (Allocation Failure)
[2973.847s][debug][gc,phases      ] GC(60) Scavenge 2.706ms
[2973.847s][debug][gc,ref         ] GC(60) ReferenceProcessor::execute queues: 1, RefProcThreadModel::Single, marks_oops_alive: false
[2973.847s][debug][gc,ref         ] GC(60) Skipped KeepAliveFinalRefsPhase of Reference Processing: no references
[2973.847s][debug][gc,ref         ] GC(60) Skipped PhantomRefsPhase of Reference Processing: no references
[2973.847s][debug][gc,phases      ] GC(60) Reference Processing 0.115ms
[2973.848s][debug][gc,phases      ] GC(60)   VM Weak                        Min:  0.0, Avg:  0.0, Max:  0.0, Diff:  0.0, Sum:  0.0, Workers: 4
[2973.848s][debug][gc,phases      ] GC(60)     Dead                           Min: 0, Avg:  0.0, Max: 0, Diff: 0, Sum: 0, Workers: 4
[2973.848s][debug][gc,phases      ] GC(60)     Total                          Min: 0, Avg: 251.5, Max: 366, Diff: 366, Sum: 1006, Workers: 4
[2973.848s][debug][gc,phases      ] GC(60)   ObjectSynchronizer Weak        Min:  0.0, Avg:  0.0, Max:  0.0, Diff:  0.0, Sum:  0.0, Workers: 4
[2973.848s][debug][gc,phases      ] GC(60)     Dead                           Min: 0, Avg:  0.0, Max: 0, Diff: 0, Sum: 0, Workers: 4
[2973.848s][debug][gc,phases      ] GC(60)     Total                          Min: 0, Avg:  0.8, Max: 3, Diff: 3, Sum: 3, Workers: 4
[2973.848s][debug][gc,phases      ] GC(60)   JVMTI Tag Weak OopStorage      Min:  0.0, Avg:  0.0, Max:  0.0, Diff:  0.0, Sum:  0.0, Workers: 4
[2973.848s][debug][gc,phases      ] GC(60)     Dead                           Min: 0, Avg:  0.0, Max: 0, Diff: 0, Sum: 0, Workers: 4
[2973.848s][debug][gc,phases      ] GC(60)     Total                          Min: 0, Avg:  0.0, Max: 0, Diff: 0, Sum: 0, Workers: 4
[2973.848s][debug][gc,phases      ] GC(60)   StringTable Weak               Min:  0.0, Avg:  0.1, Max:  0.1, Diff:  0.1, Sum:  0.4, Workers: 4
[2973.848s][debug][gc,phases      ] GC(60)     Dead                           Min: 0, Avg:  0.0, Max: 0, Diff: 0, Sum: 0, Workers: 4
[2973.848s][debug][gc,phases      ] GC(60)     Total                          Min: 0, Avg: 12135.2, Max: 16512, Diff: 16512, Sum: 48541, Workers: 4
[2973.848s][debug][gc,phases      ] GC(60)   ResolvedMethodTable Weak       Min:  0.0, Avg:  0.0, Max:  0.0, Diff:  0.0, Sum:  0.1, Workers: 4
[2973.848s][debug][gc,phases      ] GC(60)     Dead                           Min: 0, Avg:  0.0, Max: 0, Diff: 0, Sum: 0, Workers: 4
[2973.848s][debug][gc,phases      ] GC(60)     Total                          Min: 0, Avg: 3359.0, Max: 4759, Diff: 4759, Sum: 13436, Workers: 4
[2973.848s][debug][gc,phases      ] GC(60)   JNI Weak                       Min:  0.0, Avg:  0.0, Max:  0.0, Diff:  0.0, Sum:  0.0, Workers: 4
[2973.848s][debug][gc,phases      ] GC(60)     Dead                           Min: 0, Avg:  0.0, Max: 0, Diff: 0, Sum: 0, Workers: 4
[2973.848s][debug][gc,phases      ] GC(60)     Total                          Min: 0, Avg: 12.0, Max: 48, Diff: 48, Sum: 48, Workers: 4
[2973.848s][debug][gc,phases      ] GC(60)   StringDedup Table Weak         Min:  0.0, Avg:  0.0, Max:  0.0, Diff:  0.0, Sum:  0.0, Workers: 4
[2973.848s][debug][gc,phases      ] GC(60)     Dead                           Min: 0, Avg:  0.0, Max: 0, Diff: 0, Sum: 0, Workers: 4
[2973.848s][debug][gc,phases      ] GC(60)     Total                          Min: 0, Avg:  0.0, Max: 0, Diff: 0, Sum: 0, Workers: 4
[2973.848s][debug][gc,phases      ] GC(60)   StringDedup Requests0 Weak     Min:  0.0, Avg:  0.0, Max:  0.0, Diff:  0.0, Sum:  0.0, Workers: 4
[2973.848s][debug][gc,phases      ] GC(60)     Dead                           Min: 0, Avg:  0.0, Max: 0, Diff: 0, Sum: 0, Workers: 4
[2973.848s][debug][gc,phases      ] GC(60)     Total                          Min: 0, Avg:  0.0, Max: 0, Diff: 0, Sum: 0, Workers: 4
[2973.848s][debug][gc,phases      ] GC(60)   StringDedup Requests1 Weak     Min:  0.0, Avg:  0.0, Max:  0.0, Diff:  0.0, Sum:  0.0, Workers: 4
[2973.848s][debug][gc,phases      ] GC(60)     Dead                           Min: 0, Avg:  0.0, Max: 0, Diff: 0, Sum: 0, Workers: 4
[2973.848s][debug][gc,phases      ] GC(60)     Total                          Min: 0, Avg:  0.0, Max: 0, Diff: 0, Sum: 0, Workers: 4
[2973.848s][debug][gc,phases      ] GC(60)   Weak JFR Old Object Samples    Min:  0.0, Avg:  0.0, Max:  0.0, Diff:  0.0, Sum:  0.0, Workers: 4
[2973.848s][debug][gc,phases      ] GC(60)     Dead                           Min: 0, Avg:  0.0, Max: 0, Diff: 0, Sum: 0, Workers: 4
[2973.848s][debug][gc,phases      ] GC(60)     Total                          Min: 0, Avg:  0.0, Max: 0, Diff: 0, Sum: 0, Workers: 4
[2973.848s][debug][gc,phases      ] GC(60) Weak Processing 0.437ms
[2973.848s][debug][gc,age         ] GC(60) Desired survivor size 26738688 bytes, new threshold 1 (max threshold 15)
[2973.848s][info ][gc,heap        ] GC(60) PSYoungGen: 2038944K(2068992K)->224K(2066944K) Eden: 2038784K(2038784K)->0K(2038784K) From: 160K(30208K)->224K(28160K)
[2973.848s][info ][gc,heap        ] GC(60) ParOldGen: 514348K(514560K)->514372K(514560K)
[2973.848s][info ][gc,metaspace   ] GC(60) Metaspace: 96129K(97408K)->96129K(97408K) NonClass: 82006K(82752K)->82006K(82752K) Class: 14122K(14656K)->14122K(14656K)
[2973.848s][info ][gc             ] GC(60) Pause Young (Allocation Failure) 2493M->502M(2521M) 3.410ms
[2973.848s][info ][gc,cpu         ] GC(60) User=0.00s Sys=0.00s Real=0.01s
[2973.848s][info ][safepoint      ] Safepoint "ParallelGCFailedAllocation", Time since last: 80894964315 ns, Reaching safepoint: 80701 ns, Cleanup: 5300 ns, At safepoint: 3490531 ns, Total: 3576532 ns
[3015.851s][info ][safepoint      ] Safepoint "Cleanup", Time since last: 42003143406 ns, Reaching safepoint: 6500 ns, Cleanup: 11001 ns, At safepoint: 2700 ns, Total: 20201 ns
[3068.857s][info ][gc,start       ] GC(61) Pause Young (Allocation Failure)
[3068.859s][debug][gc,phases      ] GC(61) Scavenge 1.862ms
[3068.860s][debug][gc,ref         ] GC(61) ReferenceProcessor::execute queues: 1, RefProcThreadModel::Single, marks_oops_alive: false
[3068.860s][debug][gc,ref         ] GC(61) Skipped KeepAliveFinalRefsPhase of Reference Processing: no references
[3068.860s][debug][gc,ref         ] GC(61) ReferenceProcessor::execute queues: 1, RefProcThreadModel::Single, marks_oops_alive: false
[3068.860s][debug][gc,phases      ] GC(61) Reference Processing 0.141ms
[3068.860s][debug][gc,phases      ] GC(61)   VM Weak                        Min:  0.0, Avg:  0.0, Max:  0.0, Diff:  0.0, Sum:  0.0, Workers: 4
[3068.860s][debug][gc,phases      ] GC(61)     Dead                           Min: 0, Avg:  0.0, Max: 0, Diff: 0, Sum: 0, Workers: 4
[3068.860s][debug][gc,phases      ] GC(61)     Total                          Min: 0, Avg: 251.5, Max: 704, Diff: 704, Sum: 1006, Workers: 4
[3068.860s][debug][gc,phases      ] GC(61)   ObjectSynchronizer Weak        Min:  0.0, Avg:  0.0, Max:  0.0, Diff:  0.0, Sum:  0.0, Workers: 4
[3068.860s][debug][gc,phases      ] GC(61)     Dead                           Min: 0, Avg:  0.0, Max: 0, Diff: 0, Sum: 0, Workers: 4
[3068.860s][debug][gc,phases      ] GC(61)     Total                          Min: 0, Avg:  0.8, Max: 3, Diff: 3, Sum: 3, Workers: 4
[3068.860s][debug][gc,phases      ] GC(61)   JVMTI Tag Weak OopStorage      Min:  0.0, Avg:  0.0, Max:  0.0, Diff:  0.0, Sum:  0.0, Workers: 4
[3068.860s][debug][gc,phases      ] GC(61)     Dead                           Min: 0, Avg:  0.0, Max: 0, Diff: 0, Sum: 0, Workers: 4
[3068.860s][debug][gc,phases      ] GC(61)     Total                          Min: 0, Avg:  0.0, Max: 0, Diff: 0, Sum: 0, Workers: 4
[3068.860s][debug][gc,phases      ] GC(61)   StringTable Weak               Min:  0.0, Avg:  0.1, Max:  0.2, Diff:  0.2, Sum:  0.5, Workers: 4
[3068.860s][debug][gc,phases      ] GC(61)     Dead                           Min: 0, Avg:  0.0, Max: 0, Diff: 0, Sum: 0, Workers: 4
[3068.860s][debug][gc,phases      ] GC(61)     Total                          Min: 0, Avg: 12135.2, Max: 16768, Diff: 16768, Sum: 48541, Workers: 4
[3068.860s][debug][gc,phases      ] GC(61)   ResolvedMethodTable Weak       Min:  0.0, Avg:  0.0, Max:  0.0, Diff:  0.0, Sum:  0.1, Workers: 4
[3068.860s][debug][gc,phases      ] GC(61)     Dead                           Min: 0, Avg:  0.0, Max: 0, Diff: 0, Sum: 0, Workers: 4
[3068.860s][debug][gc,phases      ] GC(61)     Total                          Min: 0, Avg: 3359.0, Max: 4722, Diff: 4722, Sum: 13436, Workers: 4
[3068.860s][debug][gc,phases      ] GC(61)   JNI Weak                       Min:  0.0, Avg:  0.0, Max:  0.0, Diff:  0.0, Sum:  0.0, Workers: 4
[3068.860s][debug][gc,phases      ] GC(61)     Dead                           Min: 0, Avg:  0.0, Max: 0, Diff: 0, Sum: 0, Workers: 4
[3068.860s][debug][gc,phases      ] GC(61)     Total                          Min: 0, Avg: 12.0, Max: 48, Diff: 48, Sum: 48, Workers: 4
[3068.860s][debug][gc,phases      ] GC(61)   StringDedup Table Weak         Min:  0.0, Avg:  0.0, Max:  0.0, Diff:  0.0, Sum:  0.0, Workers: 4
[3068.860s][debug][gc,phases      ] GC(61)     Dead                           Min: 0, Avg:  0.0, Max: 0, Diff: 0, Sum: 0, Workers: 4
[3068.860s][debug][gc,phases      ] GC(61)     Total                          Min: 0, Avg:  0.0, Max: 0, Diff: 0, Sum: 0, Workers: 4
[3068.860s][debug][gc,phases      ] GC(61)   StringDedup Requests0 Weak     Min:  0.0, Avg:  0.0, Max:  0.0, Diff:  0.0, Sum:  0.0, Workers: 4
[3068.860s][debug][gc,phases      ] GC(61)     Dead                           Min: 0, Avg:  0.0, Max: 0, Diff: 0, Sum: 0, Workers: 4
[3068.860s][debug][gc,phases      ] GC(61)     Total                          Min: 0, Avg:  0.0, Max: 0, Diff: 0, Sum: 0, Workers: 4
[3068.860s][debug][gc,phases      ] GC(61)   StringDedup Requests1 Weak     Min:  0.0, Avg:  0.0, Max:  0.0, Diff:  0.0, Sum:  0.0, Workers: 4
[3068.860s][debug][gc,phases      ] GC(61)     Dead                           Min: 0, Avg:  0.0, Max: 0, Diff: 0, Sum: 0, Workers: 4
[3068.860s][debug][gc,phases      ] GC(61)     Total                          Min: 0, Avg:  0.0, Max: 0, Diff: 0, Sum: 0, Workers: 4
[3068.860s][debug][gc,phases      ] GC(61)   Weak JFR Old Object Samples    Min:  0.0, Avg:  0.0, Max:  0.0, Diff:  0.0, Sum:  0.0, Workers: 4
[3068.860s][debug][gc,phases      ] GC(61)     Dead                           Min: 0, Avg:  0.0, Max: 0, Diff: 0, Sum: 0, Workers: 4
[3068.860s][debug][gc,phases      ] GC(61)     Total                          Min: 0, Avg:  0.0, Max: 0, Diff: 0, Sum: 0, Workers: 4
[3068.860s][debug][gc,phases      ] GC(61) Weak Processing 0.509ms
[3068.860s][debug][gc,age         ] GC(61) Desired survivor size 24641536 bytes, new threshold 1 (max threshold 15)
[3068.860s][info ][gc,heap        ] GC(61) PSYoungGen: 2039008K(2066944K)->224K(2073088K) Eden: 2038784K(2038784K)->0K(2046976K) From: 224K(28160K)->224K(26112K)
[3068.860s][info ][gc,heap        ] GC(61) ParOldGen: 514372K(514560K)->514404K(514560K)
[3068.860s][info ][gc,metaspace   ] GC(61) Metaspace: 96156K(97408K)->96156K(97408K) NonClass: 82034K(82752K)->82034K(82752K) Class: 14122K(14656K)->14122K(14656K)
[3068.860s][info ][gc             ] GC(61) Pause Young (Allocation Failure) 2493M->502M(2527M) 2.677ms
[3068.860s][info ][gc,cpu         ] GC(61) User=0.01s Sys=0.00s Real=0.00s
[3068.860s][info ][safepoint      ] Safepoint "ParallelGCFailedAllocation", Time since last: 53006315860 ns, Reaching safepoint: 8200 ns, Cleanup: 3800 ns, At safepoint: 2759722 ns, Total: 2771722 ns
[3165.745s][info ][gc,start       ] GC(62) Pause Young (Allocation Failure)
[3165.748s][debug][gc,phases      ] GC(62) Scavenge 2.664ms
[3165.748s][debug][gc,ref         ] GC(62) ReferenceProcessor::execute queues: 1, RefProcThreadModel::Single, marks_oops_alive: false
[3165.748s][debug][gc,ref         ] GC(62) Skipped KeepAliveFinalRefsPhase of Reference Processing: no references
[3165.748s][debug][gc,ref         ] GC(62) Skipped PhantomRefsPhase of Reference Processing: no references
[3165.748s][debug][gc,phases      ] GC(62) Reference Processing 0.138ms
[3165.748s][debug][gc,phases      ] GC(62)   VM Weak                        Min:  0.0, Avg:  0.0, Max:  0.0, Diff:  0.0, Sum:  0.0, Workers: 4
[3165.748s][debug][gc,phases      ] GC(62)     Dead                           Min: 0, Avg:  0.0, Max: 0, Diff: 0, Sum: 0, Workers: 4
[3165.748s][debug][gc,phases      ] GC(62)     Total                          Min: 0, Avg: 251.5, Max: 558, Diff: 558, Sum: 1006, Workers: 4
[3165.748s][debug][gc,phases      ] GC(62)   ObjectSynchronizer Weak        Min:  0.0, Avg:  0.0, Max:  0.0, Diff:  0.0, Sum:  0.0, Workers: 4
[3165.748s][debug][gc,phases      ] GC(62)     Dead                           Min: 0, Avg:  0.0, Max: 0, Diff: 0, Sum: 0, Workers: 4
[3165.748s][debug][gc,phases      ] GC(62)     Total                          Min: 0, Avg:  0.8, Max: 3, Diff: 3, Sum: 3, Workers: 4
[3165.748s][debug][gc,phases      ] GC(62)   JVMTI Tag Weak OopStorage      Min:  0.0, Avg:  0.0, Max:  0.0, Diff:  0.0, Sum:  0.0, Workers: 4
[3165.748s][debug][gc,phases      ] GC(62)     Dead                           Min: 0, Avg:  0.0, Max: 0, Diff: 0, Sum: 0, Workers: 4
[3165.748s][debug][gc,phases      ] GC(62)     Total                          Min: 0, Avg:  0.0, Max: 0, Diff: 0, Sum: 0, Workers: 4
[3165.748s][debug][gc,phases      ] GC(62)   StringTable Weak               Min:  0.0, Avg:  0.1, Max:  0.2, Diff:  0.2, Sum:  0.4, Workers: 4
[3165.748s][debug][gc,phases      ] GC(62)     Dead                           Min: 0, Avg:  0.0, Max: 0, Diff: 0, Sum: 0, Workers: 4
[3165.748s][debug][gc,phases      ] GC(62)     Total                          Min: 0, Avg: 12135.2, Max: 26077, Diff: 26077, Sum: 48541, Workers: 4
[3165.748s][debug][gc,phases      ] GC(62)   ResolvedMethodTable Weak       Min:  0.0, Avg:  0.0, Max:  0.1, Diff:  0.1, Sum:  0.1, Workers: 4
[3165.748s][debug][gc,phases      ] GC(62)     Dead                           Min: 0, Avg:  0.0, Max: 0, Diff: 0, Sum: 0, Workers: 4
[3165.748s][debug][gc,phases      ] GC(62)     Total                          Min: 0, Avg: 3359.0, Max: 7776, Diff: 7776, Sum: 13436, Workers: 4
[3165.748s][debug][gc,phases      ] GC(62)   JNI Weak                       Min:  0.0, Avg:  0.0, Max:  0.0, Diff:  0.0, Sum:  0.0, Workers: 4
[3165.748s][debug][gc,phases      ] GC(62)     Dead                           Min: 0, Avg:  0.0, Max: 0, Diff: 0, Sum: 0, Workers: 4
[3165.748s][debug][gc,phases      ] GC(62)     Total                          Min: 0, Avg: 12.0, Max: 48, Diff: 48, Sum: 48, Workers: 4
[3165.748s][debug][gc,phases      ] GC(62)   StringDedup Table Weak         Min:  0.0, Avg:  0.0, Max:  0.0, Diff:  0.0, Sum:  0.0, Workers: 4
[3165.748s][debug][gc,phases      ] GC(62)     Dead                           Min: 0, Avg:  0.0, Max: 0, Diff: 0, Sum: 0, Workers: 4
[3165.748s][debug][gc,phases      ] GC(62)     Total                          Min: 0, Avg:  0.0, Max: 0, Diff: 0, Sum: 0, Workers: 4
[3165.748s][debug][gc,phases      ] GC(62)   StringDedup Requests0 Weak     Min:  0.0, Avg:  0.0, Max:  0.0, Diff:  0.0, Sum:  0.0, Workers: 4
[3165.748s][debug][gc,phases      ] GC(62)     Dead                           Min: 0, Avg:  0.0, Max: 0, Diff: 0, Sum: 0, Workers: 4
[3165.748s][debug][gc,phases      ] GC(62)     Total                          Min: 0, Avg:  0.0, Max: 0, Diff: 0, Sum: 0, Workers: 4
[3165.748s][debug][gc,phases      ] GC(62)   StringDedup Requests1 Weak     Min:  0.0, Avg:  0.0, Max:  0.0, Diff:  0.0, Sum:  0.0, Workers: 4
[3165.748s][debug][gc,phases      ] GC(62)     Dead                           Min: 0, Avg:  0.0, Max: 0, Diff: 0, Sum: 0, Workers: 4
[3165.748s][debug][gc,phases      ] GC(62)     Total                          Min: 0, Avg:  0.0, Max: 0, Diff: 0, Sum: 0, Workers: 4
[3165.748s][debug][gc,phases      ] GC(62)   Weak JFR Old Object Samples    Min:  0.0, Avg:  0.0, Max:  0.0, Diff:  0.0, Sum:  0.0, Workers: 4
[3165.748s][debug][gc,phases      ] GC(62)     Dead                           Min: 0, Avg:  0.0, Max: 0, Diff: 0, Sum: 0, Workers: 4
[3165.748s][debug][gc,phases      ] GC(62)     Total                          Min: 0, Avg:  0.0, Max: 0, Diff: 0, Sum: 0, Workers: 4
[3165.748s][debug][gc,phases      ] GC(62) Weak Processing 0.603ms
[3165.748s][debug][gc,age         ] GC(62) Desired survivor size 23068672 bytes, new threshold 1 (max threshold 15)
[3165.748s][info ][gc,heap        ] GC(62) PSYoungGen: 2047200K(2073088K)->224K(2071040K) Eden: 2046976K(2046976K)->0K(2046976K) From: 224K(26112K)->224K(24064K)
[3165.748s][info ][gc,heap        ] GC(62) ParOldGen: 514404K(514560K)->514428K(514560K)
[3165.748s][info ][gc,metaspace   ] GC(62) Metaspace: 96156K(97408K)->96156K(97408K) NonClass: 82034K(82752K)->82034K(82752K) Class: 14122K(14656K)->14122K(14656K)
[3165.748s][info ][gc             ] GC(62) Pause Young (Allocation Failure) 2501M->502M(2525M) 3.592ms
[3165.748s][info ][gc,cpu         ] GC(62) User=0.01s Sys=0.00s Real=0.01s
[3165.748s][info ][safepoint      ] Safepoint "ParallelGCFailedAllocation", Time since last: 96884479117 ns, Reaching safepoint: 90501 ns, Cleanup: 5100 ns, At safepoint: 3730126 ns, Total: 3825727 ns
[3262.904s][info ][gc,start       ] GC(63) Pause Young (Allocation Failure)
[3262.906s][debug][gc,phases      ] GC(63) Scavenge 1.539ms
[3262.906s][debug][gc,ref         ] GC(63) ReferenceProcessor::execute queues: 1, RefProcThreadModel::Single, marks_oops_alive: false
[3262.906s][debug][gc,ref         ] GC(63) Skipped KeepAliveFinalRefsPhase of Reference Processing: no references
[3262.906s][debug][gc,ref         ] GC(63) Skipped PhantomRefsPhase of Reference Processing: no references
[3262.906s][debug][gc,phases      ] GC(63) Reference Processing 0.114ms
[3262.906s][debug][gc,phases      ] GC(63)   VM Weak                        Min:  0.0, Avg:  0.0, Max:  0.0, Diff:  0.0, Sum:  0.0, Workers: 4
[3262.906s][debug][gc,phases      ] GC(63)     Dead                           Min: 0, Avg:  0.0, Max: 0, Diff: 0, Sum: 0, Workers: 4
[3262.906s][debug][gc,phases      ] GC(63)     Total                          Min: 0, Avg: 251.5, Max: 494, Diff: 494, Sum: 1006, Workers: 4
[3262.906s][debug][gc,phases      ] GC(63)   ObjectSynchronizer Weak        Min:  0.0, Avg:  0.0, Max:  0.0, Diff:  0.0, Sum:  0.0, Workers: 4
[3262.906s][debug][gc,phases      ] GC(63)     Dead                           Min: 0, Avg:  0.0, Max: 0, Diff: 0, Sum: 0, Workers: 4
[3262.906s][debug][gc,phases      ] GC(63)     Total                          Min: 0, Avg:  0.8, Max: 3, Diff: 3, Sum: 3, Workers: 4
[3262.906s][debug][gc,phases      ] GC(63)   JVMTI Tag Weak OopStorage      Min:  0.0, Avg:  0.0, Max:  0.0, Diff:  0.0, Sum:  0.0, Workers: 4
[3262.906s][debug][gc,phases      ] GC(63)     Dead                           Min: 0, Avg:  0.0, Max: 0, Diff: 0, Sum: 0, Workers: 4
[3262.906s][debug][gc,phases      ] GC(63)     Total                          Min: 0, Avg:  0.0, Max: 0, Diff: 0, Sum: 0, Workers: 4
[3262.906s][debug][gc,phases      ] GC(63)   StringTable Weak               Min:  0.0, Avg:  0.1, Max:  0.2, Diff:  0.2, Sum:  0.5, Workers: 4
[3262.906s][debug][gc,phases      ] GC(63)     Dead                           Min: 0, Avg:  0.0, Max: 0, Diff: 0, Sum: 0, Workers: 4
[3262.906s][debug][gc,phases      ] GC(63)     Total                          Min: 0, Avg: 12135.2, Max: 16640, Diff: 16640, Sum: 48541, Workers: 4
[3262.906s][debug][gc,phases      ] GC(63)   ResolvedMethodTable Weak       Min:  0.0, Avg:  0.0, Max:  0.1, Diff:  0.1, Sum:  0.1, Workers: 4
[3262.906s][debug][gc,phases      ] GC(63)     Dead                           Min: 0, Avg:  0.0, Max: 0, Diff: 0, Sum: 0, Workers: 4
[3262.906s][debug][gc,phases      ] GC(63)     Total                          Min: 0, Avg: 3359.0, Max: 7303, Diff: 7303, Sum: 13436, Workers: 4
[3262.906s][debug][gc,phases      ] GC(63)   JNI Weak                       Min:  0.0, Avg:  0.0, Max:  0.0, Diff:  0.0, Sum:  0.0, Workers: 4
[3262.906s][debug][gc,phases      ] GC(63)     Dead                           Min: 0, Avg:  0.0, Max: 0, Diff: 0, Sum: 0, Workers: 4
[3262.906s][debug][gc,phases      ] GC(63)     Total                          Min: 0, Avg: 12.0, Max: 48, Diff: 48, Sum: 48, Workers: 4
[3262.906s][debug][gc,phases      ] GC(63)   StringDedup Table Weak         Min:  0.0, Avg:  0.0, Max:  0.0, Diff:  0.0, Sum:  0.0, Workers: 4
[3262.906s][debug][gc,phases      ] GC(63)     Dead                           Min: 0, Avg:  0.0, Max: 0, Diff: 0, Sum: 0, Workers: 4
[3262.906s][debug][gc,phases      ] GC(63)     Total                          Min: 0, Avg:  0.0, Max: 0, Diff: 0, Sum: 0, Workers: 4
[3262.906s][debug][gc,phases      ] GC(63)   StringDedup Requests0 Weak     Min:  0.0, Avg:  0.0, Max:  0.0, Diff:  0.0, Sum:  0.0, Workers: 4
[3262.906s][debug][gc,phases      ] GC(63)     Dead                           Min: 0, Avg:  0.0, Max: 0, Diff: 0, Sum: 0, Workers: 4
[3262.906s][debug][gc,phases      ] GC(63)     Total                          Min: 0, Avg:  0.0, Max: 0, Diff: 0, Sum: 0, Workers: 4
[3262.906s][debug][gc,phases      ] GC(63)   StringDedup Requests1 Weak     Min:  0.0, Avg:  0.0, Max:  0.0, Diff:  0.0, Sum:  0.0, Workers: 4
[3262.906s][debug][gc,phases      ] GC(63)     Dead                           Min: 0, Avg:  0.0, Max: 0, Diff: 0, Sum: 0, Workers: 4
[3262.906s][debug][gc,phases      ] GC(63)     Total                          Min: 0, Avg:  0.0, Max: 0, Diff: 0, Sum: 0, Workers: 4
[3262.906s][debug][gc,phases      ] GC(63)   Weak JFR Old Object Samples    Min:  0.0, Avg:  0.0, Max:  0.0, Diff:  0.0, Sum:  0.0, Workers: 4
[3262.907s][debug][gc,phases      ] GC(63)     Dead                           Min: 0, Avg:  0.0, Max: 0, Diff: 0, Sum: 0, Workers: 4
[3262.907s][debug][gc,phases      ] GC(63)     Total                          Min: 0, Avg:  0.0, Max: 0, Diff: 0, Sum: 0, Workers: 4
[3262.907s][debug][gc,phases      ] GC(63) Weak Processing 0.501ms
[3262.907s][debug][gc,age         ] GC(63) Desired survivor size 21495808 bytes, new threshold 1 (max threshold 15)
[3262.907s][info ][gc,heap        ] GC(63) PSYoungGen: 2047200K(2071040K)->128K(2076160K) Eden: 2046976K(2046976K)->0K(2053632K) From: 224K(24064K)->128K(22528K)
[3262.907s][info ][gc,heap        ] GC(63) ParOldGen: 514428K(514560K)->514460K(514560K)
[3262.907s][info ][gc,metaspace   ] GC(63) Metaspace: 96158K(97408K)->96158K(97408K) NonClass: 82035K(82752K)->82035K(82752K) Class: 14122K(14656K)->14122K(14656K)
[3262.907s][info ][gc             ] GC(63) Pause Young (Allocation Failure) 2501M->502M(2530M) 2.273ms
[3262.907s][info ][gc,cpu         ] GC(63) User=0.01s Sys=0.00s Real=0.01s
[3262.907s][info ][safepoint      ] Safepoint "ParallelGCFailedAllocation", Time since last: 97155749452 ns, Reaching safepoint: 5700 ns, Cleanup: 4000 ns, At safepoint: 2371044 ns, Total: 2380744 ns
[3315.910s][info ][safepoint      ] Safepoint "Cleanup", Time since last: 53003723646 ns, Reaching safepoint: 7701 ns, Cleanup: 13401 ns, At safepoint: 2200 ns, Total: 23302 ns
[3359.845s][info ][gc,start       ] GC(64) Pause Young (Allocation Failure)
[3359.848s][debug][gc,phases      ] GC(64) Scavenge 2.872ms
[3359.848s][debug][gc,ref         ] GC(64) ReferenceProcessor::execute queues: 1, RefProcThreadModel::Single, marks_oops_alive: false
[3359.848s][debug][gc,ref         ] GC(64) Skipped KeepAliveFinalRefsPhase of Reference Processing: no references
[3359.848s][debug][gc,ref         ] GC(64) ReferenceProcessor::execute queues: 1, RefProcThreadModel::Single, marks_oops_alive: false
[3359.848s][debug][gc,phases      ] GC(64) Reference Processing 0.125ms
[3359.849s][debug][gc,phases      ] GC(64)   VM Weak                        Min:  0.0, Avg:  0.0, Max:  0.0, Diff:  0.0, Sum:  0.0, Workers: 4
[3359.849s][debug][gc,phases      ] GC(64)     Dead                           Min: 0, Avg:  0.0, Max: 0, Diff: 0, Sum: 0, Workers: 4
[3359.849s][debug][gc,phases      ] GC(64)     Total                          Min: 0, Avg: 251.5, Max: 942, Diff: 942, Sum: 1006, Workers: 4
[3359.849s][debug][gc,phases      ] GC(64)   ObjectSynchronizer Weak        Min:  0.0, Avg:  0.0, Max:  0.0, Diff:  0.0, Sum:  0.0, Workers: 4
[3359.849s][debug][gc,phases      ] GC(64)     Dead                           Min: 0, Avg:  0.0, Max: 0, Diff: 0, Sum: 0, Workers: 4
[3359.849s][debug][gc,phases      ] GC(64)     Total                          Min: 0, Avg:  0.8, Max: 3, Diff: 3, Sum: 3, Workers: 4
[3359.849s][debug][gc,phases      ] GC(64)   JVMTI Tag Weak OopStorage      Min:  0.0, Avg:  0.0, Max:  0.0, Diff:  0.0, Sum:  0.0, Workers: 4
[3359.849s][debug][gc,phases      ] GC(64)     Dead                           Min: 0, Avg:  0.0, Max: 0, Diff: 0, Sum: 0, Workers: 4
[3359.849s][debug][gc,phases      ] GC(64)     Total                          Min: 0, Avg:  0.0, Max: 0, Diff: 0, Sum: 0, Workers: 4
[3359.849s][debug][gc,phases      ] GC(64)   StringTable Weak               Min:  0.0, Avg:  0.1, Max:  0.2, Diff:  0.2, Sum:  0.4, Workers: 4
[3359.849s][debug][gc,phases      ] GC(64)     Dead                           Min: 0, Avg:  0.0, Max: 0, Diff: 0, Sum: 0, Workers: 4
[3359.849s][debug][gc,phases      ] GC(64)     Total                          Min: 0, Avg: 12135.2, Max: 25821, Diff: 25821, Sum: 48541, Workers: 4
[3359.849s][debug][gc,phases      ] GC(64)   ResolvedMethodTable Weak       Min:  0.0, Avg:  0.0, Max:  0.1, Diff:  0.1, Sum:  0.1, Workers: 4
[3359.849s][debug][gc,phases      ] GC(64)     Dead                           Min: 0, Avg:  0.0, Max: 0, Diff: 0, Sum: 0, Workers: 4
[3359.849s][debug][gc,phases      ] GC(64)     Total                          Min: 0, Avg: 3359.0, Max: 7387, Diff: 7387, Sum: 13436, Workers: 4
[3359.849s][debug][gc,phases      ] GC(64)   JNI Weak                       Min:  0.0, Avg:  0.0, Max:  0.0, Diff:  0.0, Sum:  0.0, Workers: 4
[3359.849s][debug][gc,phases      ] GC(64)     Dead                           Min: 0, Avg:  0.0, Max: 0, Diff: 0, Sum: 0, Workers: 4
[3359.849s][debug][gc,phases      ] GC(64)     Total                          Min: 0, Avg: 12.0, Max: 48, Diff: 48, Sum: 48, Workers: 4
[3359.849s][debug][gc,phases      ] GC(64)   StringDedup Table Weak         Min:  0.0, Avg:  0.0, Max:  0.0, Diff:  0.0, Sum:  0.0, Workers: 4
[3359.849s][debug][gc,phases      ] GC(64)     Dead                           Min: 0, Avg:  0.0, Max: 0, Diff: 0, Sum: 0, Workers: 4
[3359.849s][debug][gc,phases      ] GC(64)     Total                          Min: 0, Avg:  0.0, Max: 0, Diff: 0, Sum: 0, Workers: 4
[3359.849s][debug][gc,phases      ] GC(64)   StringDedup Requests0 Weak     Min:  0.0, Avg:  0.0, Max:  0.0, Diff:  0.0, Sum:  0.0, Workers: 4
[3359.849s][debug][gc,phases      ] GC(64)     Dead                           Min: 0, Avg:  0.0, Max: 0, Diff: 0, Sum: 0, Workers: 4
[3359.849s][debug][gc,phases      ] GC(64)     Total                          Min: 0, Avg:  0.0, Max: 0, Diff: 0, Sum: 0, Workers: 4
[3359.849s][debug][gc,phases      ] GC(64)   StringDedup Requests1 Weak     Min:  0.0, Avg:  0.0, Max:  0.0, Diff:  0.0, Sum:  0.0, Workers: 4
[3359.849s][debug][gc,phases      ] GC(64)     Dead                           Min: 0, Avg:  0.0, Max: 0, Diff: 0, Sum: 0, Workers: 4
[3359.849s][debug][gc,phases      ] GC(64)     Total                          Min: 0, Avg:  0.0, Max: 0, Diff: 0, Sum: 0, Workers: 4
[3359.849s][debug][gc,phases      ] GC(64)   Weak JFR Old Object Samples    Min:  0.0, Avg:  0.0, Max:  0.0, Diff:  0.0, Sum:  0.0, Workers: 4
[3359.849s][debug][gc,phases      ] GC(64)     Dead                           Min: 0, Avg:  0.0, Max: 0, Diff: 0, Sum: 0, Workers: 4
[3359.849s][debug][gc,phases      ] GC(64)     Total                          Min: 0, Avg:  0.0, Max: 0, Diff: 0, Sum: 0, Workers: 4
[3359.849s][debug][gc,phases      ] GC(64) Weak Processing 0.531ms
[3359.849s][debug][gc,age         ] GC(64) Desired survivor size 19398656 bytes, new threshold 1 (max threshold 15)
[3359.849s][info ][gc,heap        ] GC(64) PSYoungGen: 2053760K(2076160K)->192K(2074624K) Eden: 2053632K(2053632K)->0K(2053632K) From: 128K(22528K)->192K(20992K)
[3359.849s][info ][gc,heap        ] GC(64) ParOldGen: 514460K(514560K)->514492K(514560K)
[3359.849s][info ][gc,metaspace   ] GC(64) Metaspace: 96161K(97408K)->96161K(97408K) NonClass: 82038K(82752K)->82038K(82752K) Class: 14122K(14656K)->14122K(14656K)
[3359.849s][info ][gc             ] GC(64) Pause Young (Allocation Failure) 2508M->502M(2528M) 3.675ms
[3359.849s][info ][gc,cpu         ] GC(64) User=0.00s Sys=0.00s Real=0.01s
[3359.849s][info ][safepoint      ] Safepoint "ParallelGCFailedAllocation", Time since last: 43934792651 ns, Reaching safepoint: 7300 ns, Cleanup: 4300 ns, At safepoint: 3786732 ns, Total: 3798332 ns
[3413.853s][info ][safepoint      ] Safepoint "Cleanup", Time since last: 54003682709 ns, Reaching safepoint: 6400 ns, Cleanup: 19201 ns, At safepoint: 2100 ns, Total: 27701 ns
[3414.853s][info ][safepoint      ] Safepoint "Cleanup", Time since last: 1000125703 ns, Reaching safepoint: 6900 ns, Cleanup: 11400 ns, At safepoint: 2200 ns, Total: 20500 ns
[3452.855s][info ][safepoint      ] Safepoint "Cleanup", Time since last: 38002559423 ns, Reaching safepoint: 6500 ns, Cleanup: 12901 ns, At safepoint: 2700 ns, Total: 22101 ns
[3455.956s][info ][gc,start       ] GC(65) Pause Young (Allocation Failure)
[3455.959s][debug][gc,phases      ] GC(65) Scavenge 2.740ms
[3455.959s][debug][gc,ref         ] GC(65) ReferenceProcessor::execute queues: 1, RefProcThreadModel::Single, marks_oops_alive: false
[3455.959s][debug][gc,ref         ] GC(65) Skipped KeepAliveFinalRefsPhase of Reference Processing: no references
[3455.959s][debug][gc,ref         ] GC(65) Skipped PhantomRefsPhase of Reference Processing: no references
[3455.959s][debug][gc,phases      ] GC(65) Reference Processing 0.143ms
[3455.959s][debug][gc,phases      ] GC(65)   VM Weak                        Min:  0.0, Avg:  0.0, Max:  0.0, Diff:  0.0, Sum:  0.0, Workers: 4
[3455.959s][debug][gc,phases      ] GC(65)     Dead                           Min: 0, Avg:  0.0, Max: 0, Diff: 0, Sum: 0, Workers: 4
[3455.959s][debug][gc,phases      ] GC(65)     Total                          Min: 0, Avg: 251.5, Max: 512, Diff: 512, Sum: 1006, Workers: 4
[3455.959s][debug][gc,phases      ] GC(65)   ObjectSynchronizer Weak        Min:  0.0, Avg:  0.0, Max:  0.0, Diff:  0.0, Sum:  0.0, Workers: 4
[3455.959s][debug][gc,phases      ] GC(65)     Dead                           Min: 0, Avg:  0.0, Max: 0, Diff: 0, Sum: 0, Workers: 4
[3455.959s][debug][gc,phases      ] GC(65)     Total                          Min: 0, Avg:  0.8, Max: 3, Diff: 3, Sum: 3, Workers: 4
[3455.959s][debug][gc,phases      ] GC(65)   JVMTI Tag Weak OopStorage      Min:  0.0, Avg:  0.0, Max:  0.0, Diff:  0.0, Sum:  0.0, Workers: 4
[3455.959s][debug][gc,phases      ] GC(65)     Dead                           Min: 0, Avg:  0.0, Max: 0, Diff: 0, Sum: 0, Workers: 4
[3455.959s][debug][gc,phases      ] GC(65)     Total                          Min: 0, Avg:  0.0, Max: 0, Diff: 0, Sum: 0, Workers: 4
[3455.959s][debug][gc,phases      ] GC(65)   StringTable Weak               Min:  0.0, Avg:  0.1, Max:  0.2, Diff:  0.2, Sum:  0.5, Workers: 4
[3455.959s][debug][gc,phases      ] GC(65)     Dead                           Min: 0, Avg:  0.0, Max: 0, Diff: 0, Sum: 0, Workers: 4
[3455.959s][debug][gc,phases      ] GC(65)     Total                          Min: 0, Avg: 12135.2, Max: 17344, Diff: 17344, Sum: 48541, Workers: 4
[3455.959s][debug][gc,phases      ] GC(65)   ResolvedMethodTable Weak       Min:  0.0, Avg:  0.0, Max:  0.0, Diff:  0.0, Sum:  0.1, Workers: 4
[3455.959s][debug][gc,phases      ] GC(65)     Dead                           Min: 0, Avg:  0.0, Max: 0, Diff: 0, Sum: 0, Workers: 4
[3455.959s][debug][gc,phases      ] GC(65)     Total                          Min: 0, Avg: 3359.0, Max: 4743, Diff: 4743, Sum: 13436, Workers: 4
[3455.959s][debug][gc,phases      ] GC(65)   JNI Weak                       Min:  0.0, Avg:  0.0, Max:  0.0, Diff:  0.0, Sum:  0.0, Workers: 4
[3455.959s][debug][gc,phases      ] GC(65)     Dead                           Min: 0, Avg:  0.0, Max: 0, Diff: 0, Sum: 0, Workers: 4
[3455.959s][debug][gc,phases      ] GC(65)     Total                          Min: 0, Avg: 12.0, Max: 48, Diff: 48, Sum: 48, Workers: 4
[3455.959s][debug][gc,phases      ] GC(65)   StringDedup Table Weak         Min:  0.0, Avg:  0.0, Max:  0.0, Diff:  0.0, Sum:  0.0, Workers: 4
[3455.959s][debug][gc,phases      ] GC(65)     Dead                           Min: 0, Avg:  0.0, Max: 0, Diff: 0, Sum: 0, Workers: 4
[3455.959s][debug][gc,phases      ] GC(65)     Total                          Min: 0, Avg:  0.0, Max: 0, Diff: 0, Sum: 0, Workers: 4
[3455.959s][debug][gc,phases      ] GC(65)   StringDedup Requests0 Weak     Min:  0.0, Avg:  0.0, Max:  0.0, Diff:  0.0, Sum:  0.0, Workers: 4
[3455.959s][debug][gc,phases      ] GC(65)     Dead                           Min: 0, Avg:  0.0, Max: 0, Diff: 0, Sum: 0, Workers: 4
[3455.959s][debug][gc,phases      ] GC(65)     Total                          Min: 0, Avg:  0.0, Max: 0, Diff: 0, Sum: 0, Workers: 4
[3455.959s][debug][gc,phases      ] GC(65)   StringDedup Requests1 Weak     Min:  0.0, Avg:  0.0, Max:  0.0, Diff:  0.0, Sum:  0.0, Workers: 4
[3455.959s][debug][gc,phases      ] GC(65)     Dead                           Min: 0, Avg:  0.0, Max: 0, Diff: 0, Sum: 0, Workers: 4
[3455.959s][debug][gc,phases      ] GC(65)     Total                          Min: 0, Avg:  0.0, Max: 0, Diff: 0, Sum: 0, Workers: 4
[3455.959s][debug][gc,phases      ] GC(65)   Weak JFR Old Object Samples    Min:  0.0, Avg:  0.0, Max:  0.0, Diff:  0.0, Sum:  0.0, Workers: 4
[3455.959s][debug][gc,phases      ] GC(65)     Dead                           Min: 0, Avg:  0.0, Max: 0, Diff: 0, Sum: 0, Workers: 4
[3455.959s][debug][gc,phases      ] GC(65)     Total                          Min: 0, Avg:  0.0, Max: 0, Diff: 0, Sum: 0, Workers: 4
[3455.959s][debug][gc,phases      ] GC(65) Weak Processing 0.474ms
[3455.959s][debug][gc,age         ] GC(65) Desired survivor size 19398656 bytes, new threshold 1 (max threshold 15)
[3455.959s][info ][gc,heap        ] GC(65) PSYoungGen: 2053824K(2074624K)->5617K(2078208K) Eden: 2053632K(2053632K)->0K(2059264K) From: 192K(20992K)->5617K(18944K)
[3455.959s][info ][gc,heap        ] GC(65) ParOldGen: 514492K(514560K)->514524K(514560K)
[3455.959s][info ][gc,metaspace   ] GC(65) Metaspace: 96173K(97472K)->96173K(97472K) NonClass: 82050K(82816K)->82050K(82816K) Class: 14122K(14656K)->14122K(14656K)
[3455.960s][info ][gc             ] GC(65) Pause Young (Allocation Failure) 2508M->507M(2532M) 3.516ms
[3455.960s][info ][gc,cpu         ] GC(65) User=0.01s Sys=0.00s Real=0.00s
[3455.960s][info ][safepoint      ] Safepoint "ParallelGCFailedAllocation", Time since last: 3100555762 ns, Reaching safepoint: 6100 ns, Cleanup: 4000 ns, At safepoint: 3597506 ns, Total: 3607606 ns
[3552.894s][info ][gc,start       ] GC(66) Pause Young (Allocation Failure)
[3552.900s][debug][gc,phases      ] GC(66) Scavenge 5.920ms
[3552.900s][debug][gc,ref         ] GC(66) ReferenceProcessor::execute queues: 1, RefProcThreadModel::Single, marks_oops_alive: false
[3552.900s][debug][gc,ref         ] GC(66) Skipped KeepAliveFinalRefsPhase of Reference Processing: no references
[3552.900s][debug][gc,ref         ] GC(66) Skipped PhantomRefsPhase of Reference Processing: no references
[3552.900s][debug][gc,phases      ] GC(66) Reference Processing 0.146ms
[3552.901s][debug][gc,phases      ] GC(66)   VM Weak                        Min:  0.0, Avg:  0.0, Max:  0.0, Diff:  0.0, Sum:  0.0, Workers: 4
[3552.901s][debug][gc,phases      ] GC(66)     Dead                           Min: 0, Avg:  0.0, Max: 0, Diff: 0, Sum: 0, Workers: 4
[3552.901s][debug][gc,phases      ] GC(66)     Total                          Min: 0, Avg: 251.5, Max: 558, Diff: 558, Sum: 1006, Workers: 4
[3552.901s][debug][gc,phases      ] GC(66)   ObjectSynchronizer Weak        Min:  0.0, Avg:  0.0, Max:  0.0, Diff:  0.0, Sum:  0.0, Workers: 4
[3552.901s][debug][gc,phases      ] GC(66)     Dead                           Min: 0, Avg:  0.0, Max: 0, Diff: 0, Sum: 0, Workers: 4
[3552.901s][debug][gc,phases      ] GC(66)     Total                          Min: 0, Avg:  0.8, Max: 3, Diff: 3, Sum: 3, Workers: 4
[3552.901s][debug][gc,phases      ] GC(66)   JVMTI Tag Weak OopStorage      Min:  0.0, Avg:  0.0, Max:  0.0, Diff:  0.0, Sum:  0.0, Workers: 4
[3552.901s][debug][gc,phases      ] GC(66)     Dead                           Min: 0, Avg:  0.0, Max: 0, Diff: 0, Sum: 0, Workers: 4
[3552.901s][debug][gc,phases      ] GC(66)     Total                          Min: 0, Avg:  0.0, Max: 0, Diff: 0, Sum: 0, Workers: 4
[3552.901s][debug][gc,phases      ] GC(66)   StringTable Weak               Min:  0.0, Avg:  0.2, Max:  0.4, Diff:  0.4, Sum:  0.8, Workers: 4
[3552.901s][debug][gc,phases      ] GC(66)     Dead                           Min: 0, Avg:  0.0, Max: 0, Diff: 0, Sum: 0, Workers: 4
[3552.901s][debug][gc,phases      ] GC(66)     Total                          Min: 0, Avg: 12135.2, Max: 24541, Diff: 24541, Sum: 48541, Workers: 4
[3552.901s][debug][gc,phases      ] GC(66)   ResolvedMethodTable Weak       Min:  0.0, Avg:  0.0, Max:  0.1, Diff:  0.1, Sum:  0.1, Workers: 4
[3552.901s][debug][gc,phases      ] GC(66)     Dead                           Min: 0, Avg:  0.0, Max: 0, Diff: 0, Sum: 0, Workers: 4
[3552.901s][debug][gc,phases      ] GC(66)     Total                          Min: 0, Avg: 3359.0, Max: 6925, Diff: 6925, Sum: 13436, Workers: 4
[3552.901s][debug][gc,phases      ] GC(66)   JNI Weak                       Min:  0.0, Avg:  0.0, Max:  0.0, Diff:  0.0, Sum:  0.0, Workers: 4
[3552.901s][debug][gc,phases      ] GC(66)     Dead                           Min: 0, Avg:  0.0, Max: 0, Diff: 0, Sum: 0, Workers: 4
[3552.901s][debug][gc,phases      ] GC(66)     Total                          Min: 0, Avg: 12.0, Max: 48, Diff: 48, Sum: 48, Workers: 4
[3552.901s][debug][gc,phases      ] GC(66)   StringDedup Table Weak         Min:  0.0, Avg:  0.0, Max:  0.0, Diff:  0.0, Sum:  0.0, Workers: 4
[3552.901s][debug][gc,phases      ] GC(66)     Dead                           Min: 0, Avg:  0.0, Max: 0, Diff: 0, Sum: 0, Workers: 4
[3552.901s][debug][gc,phases      ] GC(66)     Total                          Min: 0, Avg:  0.0, Max: 0, Diff: 0, Sum: 0, Workers: 4
[3552.901s][debug][gc,phases      ] GC(66)   StringDedup Requests0 Weak     Min:  0.0, Avg:  0.0, Max:  0.0, Diff:  0.0, Sum:  0.0, Workers: 4
[3552.901s][debug][gc,phases      ] GC(66)     Dead                           Min: 0, Avg:  0.0, Max: 0, Diff: 0, Sum: 0, Workers: 4
[3552.901s][debug][gc,phases      ] GC(66)     Total                          Min: 0, Avg:  0.0, Max: 0, Diff: 0, Sum: 0, Workers: 4
[3552.901s][debug][gc,phases      ] GC(66)   StringDedup Requests1 Weak     Min:  0.0, Avg:  0.0, Max:  0.0, Diff:  0.0, Sum:  0.0, Workers: 4
[3552.901s][debug][gc,phases      ] GC(66)     Dead                           Min: 0, Avg:  0.0, Max: 0, Diff: 0, Sum: 0, Workers: 4
[3552.901s][debug][gc,phases      ] GC(66)     Total                          Min: 0, Avg:  0.0, Max: 0, Diff: 0, Sum: 0, Workers: 4
[3552.901s][debug][gc,phases      ] GC(66)   Weak JFR Old Object Samples    Min:  0.0, Avg:  0.0, Max:  0.0, Diff:  0.0, Sum:  0.0, Workers: 4
[3552.901s][debug][gc,phases      ] GC(66)     Dead                           Min: 0, Avg:  0.0, Max: 0, Diff: 0, Sum: 0, Workers: 4
[3552.901s][debug][gc,phases      ] GC(66)     Total                          Min: 0, Avg:  0.0, Max: 0, Diff: 0, Sum: 0, Workers: 4
[3552.901s][debug][gc,phases      ] GC(66) Weak Processing 0.725ms
[3552.901s][debug][gc,age         ] GC(66) Desired survivor size 17825792 bytes, new threshold 1 (max threshold 15)
[3552.901s][info ][gc,heap        ] GC(66) PSYoungGen: 2064881K(2078208K)->288K(2078208K) Eden: 2059264K(2059264K)->0K(2059264K) From: 5617K(18944K)->288K(18944K)
[3552.901s][info ][gc,heap        ] GC(66) ParOldGen: 514524K(514560K)->519383K(519680K)
[3552.901s][info ][gc,metaspace   ] GC(66) Metaspace: 96186K(97472K)->96186K(97472K) NonClass: 82063K(82816K)->82063K(82816K) Class: 14122K(14656K)->14122K(14656K)
[3552.901s][info ][gc             ] GC(66) Pause Young (Allocation Failure) 2518M->507M(2537M) 6.940ms
[3552.901s][info ][gc,cpu         ] GC(66) User=0.00s Sys=0.00s Real=0.01s
[3552.901s][info ][safepoint      ] Safepoint "ParallelGCFailedAllocation", Time since last: 96934401701 ns, Reaching safepoint: 85202 ns, Cleanup: 9900 ns, At safepoint: 7027849 ns, Total: 7122951 ns
[3615.905s][info ][safepoint      ] Safepoint "Cleanup", Time since last: 63004300646 ns, Reaching safepoint: 7600 ns, Cleanup: 11500 ns, At safepoint: 2501 ns, Total: 21601 ns
[3621.906s][info ][safepoint      ] Safepoint "Cleanup", Time since last: 6000481081 ns, Reaching safepoint: 8500 ns, Cleanup: 23200 ns, At safepoint: 2700 ns, Total: 34400 ns
[3638.911s][info ][safepoint      ] Safepoint "Cleanup", Time since last: 17005289725 ns, Reaching safepoint: 8701 ns, Cleanup: 11900 ns, At safepoint: 2800 ns, Total: 23401 ns
[3645.648s][info ][gc,start       ] GC(67) Pause Young (Allocation Failure)
[3645.649s][debug][gc,phases      ] GC(67) Scavenge 1.502ms
[3645.649s][debug][gc,ref         ] GC(67) ReferenceProcessor::execute queues: 1, RefProcThreadModel::Single, marks_oops_alive: false
[3645.649s][debug][gc,ref         ] GC(67) Skipped KeepAliveFinalRefsPhase of Reference Processing: no references
[3645.649s][debug][gc,ref         ] GC(67) ReferenceProcessor::execute queues: 1, RefProcThreadModel::Single, marks_oops_alive: false
[3645.649s][debug][gc,phases      ] GC(67) Reference Processing 0.136ms
[3645.650s][debug][gc,phases      ] GC(67)   VM Weak                        Min:  0.0, Avg:  0.0, Max:  0.0, Diff:  0.0, Sum:  0.0, Workers: 4
[3645.650s][debug][gc,phases      ] GC(67)     Dead                           Min: 0, Avg:  0.0, Max: 0, Diff: 0, Sum: 0, Workers: 4
[3645.650s][debug][gc,phases      ] GC(67)     Total                          Min: 0, Avg: 251.5, Max: 896, Diff: 896, Sum: 1006, Workers: 4
[3645.650s][debug][gc,phases      ] GC(67)   ObjectSynchronizer Weak        Min:  0.0, Avg:  0.0, Max:  0.0, Diff:  0.0, Sum:  0.0, Workers: 4
[3645.650s][debug][gc,phases      ] GC(67)     Dead                           Min: 0, Avg:  0.0, Max: 0, Diff: 0, Sum: 0, Workers: 4
[3645.650s][debug][gc,phases      ] GC(67)     Total                          Min: 0, Avg:  0.8, Max: 3, Diff: 3, Sum: 3, Workers: 4
[3645.650s][debug][gc,phases      ] GC(67)   JVMTI Tag Weak OopStorage      Min:  0.0, Avg:  0.0, Max:  0.0, Diff:  0.0, Sum:  0.0, Workers: 4
[3645.650s][debug][gc,phases      ] GC(67)     Dead                           Min: 0, Avg:  0.0, Max: 0, Diff: 0, Sum: 0, Workers: 4
[3645.650s][debug][gc,phases      ] GC(67)     Total                          Min: 0, Avg:  0.0, Max: 0, Diff: 0, Sum: 0, Workers: 4
[3645.650s][debug][gc,phases      ] GC(67)   StringTable Weak               Min:  0.0, Avg:  0.1, Max:  0.1, Diff:  0.1, Sum:  0.4, Workers: 4
[3645.650s][debug][gc,phases      ] GC(67)     Dead                           Min: 0, Avg:  0.0, Max: 0, Diff: 0, Sum: 0, Workers: 4
[3645.650s][debug][gc,phases      ] GC(67)     Total                          Min: 0, Avg: 12136.2, Max: 16865, Diff: 16865, Sum: 48545, Workers: 4
[3645.650s][debug][gc,phases      ] GC(67)   ResolvedMethodTable Weak       Min:  0.0, Avg:  0.0, Max:  0.0, Diff:  0.0, Sum:  0.1, Workers: 4
[3645.650s][debug][gc,phases      ] GC(67)     Dead                           Min: 0, Avg:  0.0, Max: 0, Diff: 0, Sum: 0, Workers: 4
[3645.650s][debug][gc,phases      ] GC(67)     Total                          Min: 0, Avg: 3359.0, Max: 4628, Diff: 4628, Sum: 13436, Workers: 4
[3645.650s][debug][gc,phases      ] GC(67)   JNI Weak                       Min:  0.0, Avg:  0.0, Max:  0.0, Diff:  0.0, Sum:  0.0, Workers: 4
[3645.650s][debug][gc,phases      ] GC(67)     Dead                           Min: 0, Avg:  0.0, Max: 0, Diff: 0, Sum: 0, Workers: 4
[3645.650s][debug][gc,phases      ] GC(67)     Total                          Min: 0, Avg: 12.0, Max: 48, Diff: 48, Sum: 48, Workers: 4
[3645.650s][debug][gc,phases      ] GC(67)   StringDedup Table Weak         Min:  0.0, Avg:  0.0, Max:  0.0, Diff:  0.0, Sum:  0.0, Workers: 4
[3645.650s][debug][gc,phases      ] GC(67)     Dead                           Min: 0, Avg:  0.0, Max: 0, Diff: 0, Sum: 0, Workers: 4
[3645.650s][debug][gc,phases      ] GC(67)     Total                          Min: 0, Avg:  0.0, Max: 0, Diff: 0, Sum: 0, Workers: 4
[3645.650s][debug][gc,phases      ] GC(67)   StringDedup Requests0 Weak     Min:  0.0, Avg:  0.0, Max:  0.0, Diff:  0.0, Sum:  0.0, Workers: 4
[3645.650s][debug][gc,phases      ] GC(67)     Dead                           Min: 0, Avg:  0.0, Max: 0, Diff: 0, Sum: 0, Workers: 4
[3645.650s][debug][gc,phases      ] GC(67)     Total                          Min: 0, Avg:  0.0, Max: 0, Diff: 0, Sum: 0, Workers: 4
[3645.650s][debug][gc,phases      ] GC(67)   StringDedup Requests1 Weak     Min:  0.0, Avg:  0.0, Max:  0.0, Diff:  0.0, Sum:  0.0, Workers: 4
[3645.650s][debug][gc,phases      ] GC(67)     Dead                           Min: 0, Avg:  0.0, Max: 0, Diff: 0, Sum: 0, Workers: 4
[3645.650s][debug][gc,phases      ] GC(67)     Total                          Min: 0, Avg:  0.0, Max: 0, Diff: 0, Sum: 0, Workers: 4
[3645.650s][debug][gc,phases      ] GC(67)   Weak JFR Old Object Samples    Min:  0.0, Avg:  0.0, Max:  0.0, Diff:  0.0, Sum:  0.0, Workers: 4
[3645.650s][debug][gc,phases      ] GC(67)     Dead                           Min: 0, Avg:  0.0, Max: 0, Diff: 0, Sum: 0, Workers: 4
[3645.650s][debug][gc,phases      ] GC(67)     Total                          Min: 0, Avg:  0.0, Max: 0, Diff: 0, Sum: 0, Workers: 4
[3645.650s][debug][gc,phases      ] GC(67) Weak Processing 0.445ms
[3645.650s][debug][gc,age         ] GC(67) Desired survivor size 16777216 bytes, new threshold 1 (max threshold 15)
[3645.650s][info ][gc,heap        ] GC(67) PSYoungGen: 2059552K(2078208K)->736K(2080768K) Eden: 2059264K(2059264K)->0K(2063360K) From: 288K(18944K)->736K(17408K)
[3645.650s][info ][gc,heap        ] GC(67) ParOldGen: 519383K(519680K)->519527K(519680K)
[3645.650s][info ][gc,metaspace   ] GC(67) Metaspace: 96196K(97472K)->96196K(97472K) NonClass: 82073K(82816K)->82073K(82816K) Class: 14122K(14656K)->14122K(14656K)
[3645.650s][info ][gc             ] GC(67) Pause Young (Allocation Failure) 2518M->508M(2539M) 2.224ms
[3645.650s][info ][gc,cpu         ] GC(67) User=0.01s Sys=0.00s Real=0.00s
[3645.650s][info ][safepoint      ] Safepoint "ParallelGCFailedAllocation", Time since last: 6736408671 ns, Reaching safepoint: 7400 ns, Cleanup: 5001 ns, At safepoint: 2298842 ns, Total: 2311243 ns
[3740.545s][info ][gc,start       ] GC(68) Pause Young (Allocation Failure)
[3740.548s][debug][gc,phases      ] GC(68) Scavenge 2.910ms
[3740.548s][debug][gc,ref         ] GC(68) ReferenceProcessor::execute queues: 1, RefProcThreadModel::Single, marks_oops_alive: false
[3740.548s][debug][gc,ref         ] GC(68) Skipped KeepAliveFinalRefsPhase of Reference Processing: no references
[3740.548s][debug][gc,ref         ] GC(68) Skipped PhantomRefsPhase of Reference Processing: no references
[3740.548s][debug][gc,phases      ] GC(68) Reference Processing 0.143ms
[3740.548s][debug][gc,phases      ] GC(68)   VM Weak                        Min:  0.0, Avg:  0.0, Max:  0.0, Diff:  0.0, Sum:  0.0, Workers: 4
[3740.548s][debug][gc,phases      ] GC(68)     Dead                           Min: 0, Avg:  0.0, Max: 0, Diff: 0, Sum: 0, Workers: 4
[3740.548s][debug][gc,phases      ] GC(68)     Total                          Min: 0, Avg: 251.5, Max: 704, Diff: 704, Sum: 1006, Workers: 4
[3740.548s][debug][gc,phases      ] GC(68)   ObjectSynchronizer Weak        Min:  0.0, Avg:  0.0, Max:  0.0, Diff:  0.0, Sum:  0.0, Workers: 4
[3740.548s][debug][gc,phases      ] GC(68)     Dead                           Min: 0, Avg:  0.0, Max: 0, Diff: 0, Sum: 0, Workers: 4
[3740.548s][debug][gc,phases      ] GC(68)     Total                          Min: 0, Avg:  0.8, Max: 3, Diff: 3, Sum: 3, Workers: 4
[3740.548s][debug][gc,phases      ] GC(68)   JVMTI Tag Weak OopStorage      Min:  0.0, Avg:  0.0, Max:  0.0, Diff:  0.0, Sum:  0.0, Workers: 4
[3740.548s][debug][gc,phases      ] GC(68)     Dead                           Min: 0, Avg:  0.0, Max: 0, Diff: 0, Sum: 0, Workers: 4
[3740.548s][debug][gc,phases      ] GC(68)     Total                          Min: 0, Avg:  0.0, Max: 0, Diff: 0, Sum: 0, Workers: 4
[3740.548s][debug][gc,phases      ] GC(68)   StringTable Weak               Min:  0.0, Avg:  0.1, Max:  0.1, Diff:  0.1, Sum:  0.4, Workers: 4
[3740.548s][debug][gc,phases      ] GC(68)     Dead                           Min: 0, Avg:  0.0, Max: 0, Diff: 0, Sum: 0, Workers: 4
[3740.548s][debug][gc,phases      ] GC(68)     Total                          Min: 0, Avg: 12136.2, Max: 16640, Diff: 16640, Sum: 48545, Workers: 4
[3740.548s][debug][gc,phases      ] GC(68)   ResolvedMethodTable Weak       Min:  0.0, Avg:  0.0, Max:  0.0, Diff:  0.0, Sum:  0.1, Workers: 4
[3740.548s][debug][gc,phases      ] GC(68)     Dead                           Min: 0, Avg:  0.0, Max: 0, Diff: 0, Sum: 0, Workers: 4
[3740.548s][debug][gc,phases      ] GC(68)     Total                          Min: 0, Avg: 3359.0, Max: 5036, Diff: 5036, Sum: 13436, Workers: 4
[3740.548s][debug][gc,phases      ] GC(68)   JNI Weak                       Min:  0.0, Avg:  0.0, Max:  0.0, Diff:  0.0, Sum:  0.0, Workers: 4
[3740.548s][debug][gc,phases      ] GC(68)     Dead                           Min: 0, Avg:  0.0, Max: 0, Diff: 0, Sum: 0, Workers: 4
[3740.548s][debug][gc,phases      ] GC(68)     Total                          Min: 0, Avg: 12.0, Max: 48, Diff: 48, Sum: 48, Workers: 4
[3740.548s][debug][gc,phases      ] GC(68)   StringDedup Table Weak         Min:  0.0, Avg:  0.0, Max:  0.0, Diff:  0.0, Sum:  0.0, Workers: 4
[3740.548s][debug][gc,phases      ] GC(68)     Dead                           Min: 0, Avg:  0.0, Max: 0, Diff: 0, Sum: 0, Workers: 4
[3740.548s][debug][gc,phases      ] GC(68)     Total                          Min: 0, Avg:  0.0, Max: 0, Diff: 0, Sum: 0, Workers: 4
[3740.548s][debug][gc,phases      ] GC(68)   StringDedup Requests0 Weak     Min:  0.0, Avg:  0.0, Max:  0.0, Diff:  0.0, Sum:  0.0, Workers: 4
[3740.548s][debug][gc,phases      ] GC(68)     Dead                           Min: 0, Avg:  0.0, Max: 0, Diff: 0, Sum: 0, Workers: 4
[3740.548s][debug][gc,phases      ] GC(68)     Total                          Min: 0, Avg:  0.0, Max: 0, Diff: 0, Sum: 0, Workers: 4
[3740.548s][debug][gc,phases      ] GC(68)   StringDedup Requests1 Weak     Min:  0.0, Avg:  0.0, Max:  0.0, Diff:  0.0, Sum:  0.0, Workers: 4
[3740.549s][debug][gc,phases      ] GC(68)     Dead                           Min: 0, Avg:  0.0, Max: 0, Diff: 0, Sum: 0, Workers: 4
[3740.549s][debug][gc,phases      ] GC(68)     Total                          Min: 0, Avg:  0.0, Max: 0, Diff: 0, Sum: 0, Workers: 4
[3740.549s][debug][gc,phases      ] GC(68)   Weak JFR Old Object Samples    Min:  0.0, Avg:  0.0, Max:  0.0, Diff:  0.0, Sum:  0.0, Workers: 4
[3740.549s][debug][gc,phases      ] GC(68)     Dead                           Min: 0, Avg:  0.0, Max: 0, Diff: 0, Sum: 0, Workers: 4
[3740.549s][debug][gc,phases      ] GC(68)     Total                          Min: 0, Avg:  0.0, Max: 0, Diff: 0, Sum: 0, Workers: 4
[3740.549s][debug][gc,phases      ] GC(68) Weak Processing 0.461ms
[3740.549s][debug][gc,age         ] GC(68) Desired survivor size 15728640 bytes, new threshold 1 (max threshold 15)
[3740.549s][info ][gc,heap        ] GC(68) PSYoungGen: 2064096K(2080768K)->192K(2079744K) Eden: 2063360K(2063360K)->0K(2063360K) From: 736K(17408K)->192K(16384K)
[3740.549s][info ][gc,heap        ] GC(68) ParOldGen: 519527K(519680K)->520048K(520192K)
[3740.549s][info ][gc,metaspace   ] GC(68) Metaspace: 96196K(97472K)->96196K(97472K) NonClass: 82073K(82816K)->82073K(82816K) Class: 14122K(14656K)->14122K(14656K)
[3740.549s][info ][gc             ] GC(68) Pause Young (Allocation Failure) 2523M->508M(2539M) 3.677ms
[3740.549s][info ][gc,cpu         ] GC(68) User=0.00s Sys=0.00s Real=0.01s
[3740.549s][info ][safepoint      ] Safepoint "ParallelGCFailedAllocation", Time since last: 94894888488 ns, Reaching safepoint: 8100 ns, Cleanup: 5000 ns, At safepoint: 3759655 ns, Total: 3772755 ns
[3781.552s][info ][safepoint      ] Safepoint "Cleanup", Time since last: 41002939292 ns, Reaching safepoint: 8700 ns, Cleanup: 14600 ns, At safepoint: 2400 ns, Total: 25700 ns
[3817.554s][info ][safepoint      ] Safepoint "Cleanup", Time since last: 36002582180 ns, Reaching safepoint: 78101 ns, Cleanup: 11000 ns, At safepoint: 28400 ns, Total: 117501 ns
[3838.149s][info ][gc,start       ] GC(69) Pause Young (Allocation Failure)
[3838.152s][debug][gc,phases      ] GC(69) Scavenge 3.038ms
[3838.152s][debug][gc,ref         ] GC(69) ReferenceProcessor::execute queues: 1, RefProcThreadModel::Single, marks_oops_alive: false
[3838.152s][debug][gc,ref         ] GC(69) Skipped KeepAliveFinalRefsPhase of Reference Processing: no references
[3838.152s][debug][gc,ref         ] GC(69) Skipped PhantomRefsPhase of Reference Processing: no references
[3838.152s][debug][gc,phases      ] GC(69) Reference Processing 0.117ms
[3838.152s][debug][gc,phases      ] GC(69)   VM Weak                        Min:  0.0, Avg:  0.0, Max:  0.0, Diff:  0.0, Sum:  0.0, Workers: 4
[3838.152s][debug][gc,phases      ] GC(69)     Dead                           Min: 0, Avg:  0.0, Max: 0, Diff: 0, Sum: 0, Workers: 4
[3838.152s][debug][gc,phases      ] GC(69)     Total                          Min: 0, Avg: 251.5, Max: 750, Diff: 750, Sum: 1006, Workers: 4
[3838.152s][debug][gc,phases      ] GC(69)   ObjectSynchronizer Weak        Min:  0.0, Avg:  0.0, Max:  0.0, Diff:  0.0, Sum:  0.0, Workers: 4
[3838.152s][debug][gc,phases      ] GC(69)     Dead                           Min: 0, Avg:  0.0, Max: 0, Diff: 0, Sum: 0, Workers: 4
[3838.152s][debug][gc,phases      ] GC(69)     Total                          Min: 0, Avg:  0.8, Max: 3, Diff: 3, Sum: 3, Workers: 4
[3838.152s][debug][gc,phases      ] GC(69)   JVMTI Tag Weak OopStorage      Min:  0.0, Avg:  0.0, Max:  0.0, Diff:  0.0, Sum:  0.0, Workers: 4
[3838.152s][debug][gc,phases      ] GC(69)     Dead                           Min: 0, Avg:  0.0, Max: 0, Diff: 0, Sum: 0, Workers: 4
[3838.152s][debug][gc,phases      ] GC(69)     Total                          Min: 0, Avg:  0.0, Max: 0, Diff: 0, Sum: 0, Workers: 4
[3838.152s][debug][gc,phases      ] GC(69)   StringTable Weak               Min:  0.0, Avg:  0.1, Max:  0.2, Diff:  0.2, Sum:  0.5, Workers: 4
[3838.152s][debug][gc,phases      ] GC(69)     Dead                           Min: 0, Avg:  0.0, Max: 0, Diff: 0, Sum: 0, Workers: 4
[3838.152s][debug][gc,phases      ] GC(69)     Total                          Min: 0, Avg: 12136.2, Max: 17280, Diff: 17280, Sum: 48545, Workers: 4
[3838.152s][debug][gc,phases      ] GC(69)   ResolvedMethodTable Weak       Min:  0.0, Avg:  0.0, Max:  0.0, Diff:  0.0, Sum:  0.1, Workers: 4
[3838.152s][debug][gc,phases      ] GC(69)     Dead                           Min: 0, Avg:  0.0, Max: 0, Diff: 0, Sum: 0, Workers: 4
[3838.152s][debug][gc,phases      ] GC(69)     Total                          Min: 0, Avg: 3359.0, Max: 4815, Diff: 4815, Sum: 13436, Workers: 4
[3838.152s][debug][gc,phases      ] GC(69)   JNI Weak                       Min:  0.0, Avg:  0.0, Max:  0.0, Diff:  0.0, Sum:  0.0, Workers: 4
[3838.152s][debug][gc,phases      ] GC(69)     Dead                           Min: 0, Avg:  0.0, Max: 0, Diff: 0, Sum: 0, Workers: 4
[3838.152s][debug][gc,phases      ] GC(69)     Total                          Min: 0, Avg: 12.0, Max: 48, Diff: 48, Sum: 48, Workers: 4
[3838.152s][debug][gc,phases      ] GC(69)   StringDedup Table Weak         Min:  0.0, Avg:  0.0, Max:  0.0, Diff:  0.0, Sum:  0.0, Workers: 4
[3838.152s][debug][gc,phases      ] GC(69)     Dead                           Min: 0, Avg:  0.0, Max: 0, Diff: 0, Sum: 0, Workers: 4
[3838.152s][debug][gc,phases      ] GC(69)     Total                          Min: 0, Avg:  0.0, Max: 0, Diff: 0, Sum: 0, Workers: 4
[3838.152s][debug][gc,phases      ] GC(69)   StringDedup Requests0 Weak     Min:  0.0, Avg:  0.0, Max:  0.0, Diff:  0.0, Sum:  0.0, Workers: 4
[3838.152s][debug][gc,phases      ] GC(69)     Dead                           Min: 0, Avg:  0.0, Max: 0, Diff: 0, Sum: 0, Workers: 4
[3838.152s][debug][gc,phases      ] GC(69)     Total                          Min: 0, Avg:  0.0, Max: 0, Diff: 0, Sum: 0, Workers: 4
[3838.152s][debug][gc,phases      ] GC(69)   StringDedup Requests1 Weak     Min:  0.0, Avg:  0.0, Max:  0.0, Diff:  0.0, Sum:  0.0, Workers: 4
[3838.152s][debug][gc,phases      ] GC(69)     Dead                           Min: 0, Avg:  0.0, Max: 0, Diff: 0, Sum: 0, Workers: 4
[3838.152s][debug][gc,phases      ] GC(69)     Total                          Min: 0, Avg:  0.0, Max: 0, Diff: 0, Sum: 0, Workers: 4
[3838.152s][debug][gc,phases      ] GC(69)   Weak JFR Old Object Samples    Min:  0.0, Avg:  0.0, Max:  0.0, Diff:  0.0, Sum:  0.0, Workers: 4
[3838.152s][debug][gc,phases      ] GC(69)     Dead                           Min: 0, Avg:  0.0, Max: 0, Diff: 0, Sum: 0, Workers: 4
[3838.152s][debug][gc,phases      ] GC(69)     Total                          Min: 0, Avg:  0.0, Max: 0, Diff: 0, Sum: 0, Workers: 4
[3838.152s][debug][gc,phases      ] GC(69) Weak Processing 0.436ms
[3838.152s][debug][gc,age         ] GC(69) Desired survivor size 14155776 bytes, new threshold 1 (max threshold 15)
[3838.152s][info ][gc,heap        ] GC(69) PSYoungGen: 2063552K(2079744K)->192K(2083328K) Eden: 2063360K(2063360K)->0K(2067968K) From: 192K(16384K)->192K(15360K)
[3838.152s][info ][gc,heap        ] GC(69) ParOldGen: 520048K(520192K)->520080K(520192K)
[3838.152s][info ][gc,metaspace   ] GC(69) Metaspace: 96213K(97472K)->96213K(97472K) NonClass: 82090K(82816K)->82090K(82816K) Class: 14122K(14656K)->14122K(14656K)
[3838.152s][info ][gc             ] GC(69) Pause Young (Allocation Failure) 2523M->508M(2542M) 3.732ms
[3838.152s][info ][gc,cpu         ] GC(69) User=0.01s Sys=0.00s Real=0.00s
[3838.152s][info ][safepoint      ] Safepoint "ParallelGCFailedAllocation", Time since last: 20594330556 ns, Reaching safepoint: 6800 ns, Cleanup: 5100 ns, At safepoint: 3808645 ns, Total: 3820545 ns
[3870.155s][info ][safepoint      ] Safepoint "Cleanup", Time since last: 32002286503 ns, Reaching safepoint: 6400 ns, Cleanup: 11800 ns, At safepoint: 2400 ns, Total: 20600 ns
[3916.158s][info ][safepoint      ] Safepoint "Cleanup", Time since last: 46003209459 ns, Reaching safepoint: 7700 ns, Cleanup: 21000 ns, At safepoint: 2400 ns, Total: 31100 ns
[3933.494s][info ][gc,start       ] GC(70) Pause Young (Allocation Failure)
[3933.497s][debug][gc,phases      ] GC(70) Scavenge 2.965ms
[3933.497s][debug][gc,ref         ] GC(70) ReferenceProcessor::execute queues: 1, RefProcThreadModel::Single, marks_oops_alive: false
[3933.497s][debug][gc,ref         ] GC(70) Skipped KeepAliveFinalRefsPhase of Reference Processing: no references
[3933.497s][debug][gc,ref         ] GC(70) ReferenceProcessor::execute queues: 1, RefProcThreadModel::Single, marks_oops_alive: false
[3933.497s][debug][gc,phases      ] GC(70) Reference Processing 0.139ms
[3933.497s][debug][gc,phases      ] GC(70)   VM Weak                        Min:  0.0, Avg:  0.0, Max:  0.0, Diff:  0.0, Sum:  0.0, Workers: 4
[3933.497s][debug][gc,phases      ] GC(70)     Dead                           Min: 0, Avg:  0.0, Max: 0, Diff: 0, Sum: 0, Workers: 4
[3933.497s][debug][gc,phases      ] GC(70)     Total                          Min: 0, Avg: 251.5, Max: 686, Diff: 686, Sum: 1006, Workers: 4
[3933.497s][debug][gc,phases      ] GC(70)   ObjectSynchronizer Weak        Min:  0.0, Avg:  0.0, Max:  0.0, Diff:  0.0, Sum:  0.0, Workers: 4
[3933.497s][debug][gc,phases      ] GC(70)     Dead                           Min: 0, Avg:  0.0, Max: 0, Diff: 0, Sum: 0, Workers: 4
[3933.497s][debug][gc,phases      ] GC(70)     Total                          Min: 0, Avg:  0.8, Max: 3, Diff: 3, Sum: 3, Workers: 4
[3933.497s][debug][gc,phases      ] GC(70)   JVMTI Tag Weak OopStorage      Min:  0.0, Avg:  0.0, Max:  0.0, Diff:  0.0, Sum:  0.0, Workers: 4
[3933.497s][debug][gc,phases      ] GC(70)     Dead                           Min: 0, Avg:  0.0, Max: 0, Diff: 0, Sum: 0, Workers: 4
[3933.497s][debug][gc,phases      ] GC(70)     Total                          Min: 0, Avg:  0.0, Max: 0, Diff: 0, Sum: 0, Workers: 4
[3933.497s][debug][gc,phases      ] GC(70)   StringTable Weak               Min:  0.0, Avg:  0.1, Max:  0.2, Diff:  0.2, Sum:  0.5, Workers: 4
[3933.497s][debug][gc,phases      ] GC(70)     Dead                           Min: 0, Avg:  0.0, Max: 0, Diff: 0, Sum: 0, Workers: 4
[3933.497s][debug][gc,phases      ] GC(70)     Total                          Min: 0, Avg: 12136.5, Max: 17408, Diff: 17408, Sum: 48546, Workers: 4
[3933.497s][debug][gc,phases      ] GC(70)   ResolvedMethodTable Weak       Min:  0.0, Avg:  0.0, Max:  0.0, Diff:  0.0, Sum:  0.1, Workers: 4
[3933.498s][debug][gc,phases      ] GC(70)     Dead                           Min: 0, Avg:  0.0, Max: 0, Diff: 0, Sum: 0, Workers: 4
[3933.498s][debug][gc,phases      ] GC(70)     Total                          Min: 0, Avg: 3359.0, Max: 5052, Diff: 5052, Sum: 13436, Workers: 4
[3933.498s][debug][gc,phases      ] GC(70)   JNI Weak                       Min:  0.0, Avg:  0.0, Max:  0.0, Diff:  0.0, Sum:  0.0, Workers: 4
[3933.498s][debug][gc,phases      ] GC(70)     Dead                           Min: 0, Avg:  0.0, Max: 0, Diff: 0, Sum: 0, Workers: 4
[3933.498s][debug][gc,phases      ] GC(70)     Total                          Min: 0, Avg: 12.0, Max: 48, Diff: 48, Sum: 48, Workers: 4
[3933.498s][debug][gc,phases      ] GC(70)   StringDedup Table Weak         Min:  0.0, Avg:  0.0, Max:  0.0, Diff:  0.0, Sum:  0.0, Workers: 4
[3933.498s][debug][gc,phases      ] GC(70)     Dead                           Min: 0, Avg:  0.0, Max: 0, Diff: 0, Sum: 0, Workers: 4
[3933.498s][debug][gc,phases      ] GC(70)     Total                          Min: 0, Avg:  0.0, Max: 0, Diff: 0, Sum: 0, Workers: 4
[3933.498s][debug][gc,phases      ] GC(70)   StringDedup Requests0 Weak     Min:  0.0, Avg:  0.0, Max:  0.0, Diff:  0.0, Sum:  0.0, Workers: 4
[3933.498s][debug][gc,phases      ] GC(70)     Dead                           Min: 0, Avg:  0.0, Max: 0, Diff: 0, Sum: 0, Workers: 4
[3933.498s][debug][gc,phases      ] GC(70)     Total                          Min: 0, Avg:  0.0, Max: 0, Diff: 0, Sum: 0, Workers: 4
[3933.498s][debug][gc,phases      ] GC(70)   StringDedup Requests1 Weak     Min:  0.0, Avg:  0.0, Max:  0.0, Diff:  0.0, Sum:  0.0, Workers: 4
[3933.498s][debug][gc,phases      ] GC(70)     Dead                           Min: 0, Avg:  0.0, Max: 0, Diff: 0, Sum: 0, Workers: 4
[3933.498s][debug][gc,phases      ] GC(70)     Total                          Min: 0, Avg:  0.0, Max: 0, Diff: 0, Sum: 0, Workers: 4
[3933.498s][debug][gc,phases      ] GC(70)   Weak JFR Old Object Samples    Min:  0.0, Avg:  0.0, Max:  0.0, Diff:  0.0, Sum:  0.0, Workers: 4
[3933.498s][debug][gc,phases      ] GC(70)     Dead                           Min: 0, Avg:  0.0, Max: 0, Diff: 0, Sum: 0, Workers: 4
[3933.498s][debug][gc,phases      ] GC(70)     Total                          Min: 0, Avg:  0.0, Max: 0, Diff: 0, Sum: 0, Workers: 4
[3933.498s][debug][gc,phases      ] GC(70) Weak Processing 0.496ms
[3933.498s][debug][gc,age         ] GC(70) Desired survivor size 13107200 bytes, new threshold 1 (max threshold 15)
[3933.498s][info ][gc,heap        ] GC(70) PSYoungGen: 2068160K(2083328K)->192K(2081792K) Eden: 2067968K(2067968K)->0K(2067968K) From: 192K(15360K)->192K(13824K)
[3933.498s][info ][gc,heap        ] GC(70) ParOldGen: 520080K(520192K)->520112K(520192K)
[3933.498s][info ][gc,metaspace   ] GC(70) Metaspace: 96234K(97536K)->96234K(97536K) NonClass: 82112K(82880K)->82112K(82880K) Class: 14122K(14656K)->14122K(14656K)
[3933.498s][info ][gc             ] GC(70) Pause Young (Allocation Failure) 2527M->508M(2541M) 3.755ms
[3933.498s][info ][gc,cpu         ] GC(70) User=0.01s Sys=0.00s Real=0.01s
[3933.498s][info ][safepoint      ] Safepoint "ParallelGCFailedAllocation", Time since last: 17335826071 ns, Reaching safepoint: 83501 ns, Cleanup: 4700 ns, At safepoint: 3850638 ns, Total: 3938839 ns
[4030.645s][info ][gc,start       ] GC(71) Pause Young (Allocation Failure)
[4030.648s][debug][gc,phases      ] GC(71) Scavenge 3.304ms
[4030.648s][debug][gc,ref         ] GC(71) ReferenceProcessor::execute queues: 1, RefProcThreadModel::Single, marks_oops_alive: false
[4030.648s][debug][gc,ref         ] GC(71) Skipped KeepAliveFinalRefsPhase of Reference Processing: no references
[4030.648s][debug][gc,ref         ] GC(71) Skipped PhantomRefsPhase of Reference Processing: no references
[4030.648s][debug][gc,phases      ] GC(71) Reference Processing 0.198ms
[4030.649s][debug][gc,phases      ] GC(71)   VM Weak                        Min:  0.0, Avg:  0.0, Max:  0.0, Diff:  0.0, Sum:  0.0, Workers: 4
[4030.649s][debug][gc,phases      ] GC(71)     Dead                           Min: 0, Avg:  0.0, Max: 0, Diff: 0, Sum: 0, Workers: 4
[4030.649s][debug][gc,phases      ] GC(71)     Total                          Min: 0, Avg: 251.5, Max: 640, Diff: 640, Sum: 1006, Workers: 4
[4030.649s][debug][gc,phases      ] GC(71)   ObjectSynchronizer Weak        Min:  0.0, Avg:  0.0, Max:  0.0, Diff:  0.0, Sum:  0.0, Workers: 4
[4030.649s][debug][gc,phases      ] GC(71)     Dead                           Min: 0, Avg:  0.0, Max: 0, Diff: 0, Sum: 0, Workers: 4
[4030.649s][debug][gc,phases      ] GC(71)     Total                          Min: 0, Avg:  0.8, Max: 3, Diff: 3, Sum: 3, Workers: 4
[4030.649s][debug][gc,phases      ] GC(71)   JVMTI Tag Weak OopStorage      Min:  0.0, Avg:  0.0, Max:  0.0, Diff:  0.0, Sum:  0.0, Workers: 4
[4030.649s][debug][gc,phases      ] GC(71)     Dead                           Min: 0, Avg:  0.0, Max: 0, Diff: 0, Sum: 0, Workers: 4
[4030.649s][debug][gc,phases      ] GC(71)     Total                          Min: 0, Avg:  0.0, Max: 0, Diff: 0, Sum: 0, Workers: 4
[4030.649s][debug][gc,phases      ] GC(71)   StringTable Weak               Min:  0.0, Avg:  0.2, Max:  0.3, Diff:  0.3, Sum:  0.7, Workers: 4
[4030.649s][debug][gc,phases      ] GC(71)     Dead                           Min: 0, Avg:  0.0, Max: 0, Diff: 0, Sum: 0, Workers: 4
[4030.649s][debug][gc,phases      ] GC(71)     Total                          Min: 0, Avg: 12136.5, Max: 18240, Diff: 18240, Sum: 48546, Workers: 4
[4030.649s][debug][gc,phases      ] GC(71)   ResolvedMethodTable Weak       Min:  0.0, Avg:  0.1, Max:  0.1, Diff:  0.1, Sum:  0.2, Workers: 4
[4030.649s][debug][gc,phases      ] GC(71)     Dead                           Min: 0, Avg:  0.0, Max: 0, Diff: 0, Sum: 0, Workers: 4
[4030.649s][debug][gc,phases      ] GC(71)     Total                          Min: 0, Avg: 3359.0, Max: 6717, Diff: 6717, Sum: 13436, Workers: 4
[4030.649s][debug][gc,phases      ] GC(71)   JNI Weak                       Min:  0.0, Avg:  0.0, Max:  0.0, Diff:  0.0, Sum:  0.0, Workers: 4
[4030.649s][debug][gc,phases      ] GC(71)     Dead                           Min: 0, Avg:  0.0, Max: 0, Diff: 0, Sum: 0, Workers: 4
[4030.649s][debug][gc,phases      ] GC(71)     Total                          Min: 0, Avg: 12.0, Max: 48, Diff: 48, Sum: 48, Workers: 4
[4030.649s][debug][gc,phases      ] GC(71)   StringDedup Table Weak         Min:  0.0, Avg:  0.0, Max:  0.0, Diff:  0.0, Sum:  0.0, Workers: 4
[4030.649s][debug][gc,phases      ] GC(71)     Dead                           Min: 0, Avg:  0.0, Max: 0, Diff: 0, Sum: 0, Workers: 4
[4030.649s][debug][gc,phases      ] GC(71)     Total                          Min: 0, Avg:  0.0, Max: 0, Diff: 0, Sum: 0, Workers: 4
[4030.649s][debug][gc,phases      ] GC(71)   StringDedup Requests0 Weak     Min:  0.0, Avg:  0.0, Max:  0.0, Diff:  0.0, Sum:  0.0, Workers: 4
[4030.649s][debug][gc,phases      ] GC(71)     Dead                           Min: 0, Avg:  0.0, Max: 0, Diff: 0, Sum: 0, Workers: 4
[4030.649s][debug][gc,phases      ] GC(71)     Total                          Min: 0, Avg:  0.0, Max: 0, Diff: 0, Sum: 0, Workers: 4
[4030.649s][debug][gc,phases      ] GC(71)   StringDedup Requests1 Weak     Min:  0.0, Avg:  0.0, Max:  0.0, Diff:  0.0, Sum:  0.0, Workers: 4
[4030.649s][debug][gc,phases      ] GC(71)     Dead                           Min: 0, Avg:  0.0, Max: 0, Diff: 0, Sum: 0, Workers: 4
[4030.649s][debug][gc,phases      ] GC(71)     Total                          Min: 0, Avg:  0.0, Max: 0, Diff: 0, Sum: 0, Workers: 4
[4030.649s][debug][gc,phases      ] GC(71)   Weak JFR Old Object Samples    Min:  0.0, Avg:  0.0, Max:  0.0, Diff:  0.0, Sum:  0.0, Workers: 4
[4030.649s][debug][gc,phases      ] GC(71)     Dead                           Min: 0, Avg:  0.0, Max: 0, Diff: 0, Sum: 0, Workers: 4
[4030.649s][debug][gc,phases      ] GC(71)     Total                          Min: 0, Avg:  0.0, Max: 0, Diff: 0, Sum: 0, Workers: 4
[4030.649s][debug][gc,phases      ] GC(71) Weak Processing 0.661ms
[4030.649s][debug][gc,age         ] GC(71) Desired survivor size 12582912 bytes, new threshold 1 (max threshold 15)
[4030.649s][info ][gc,heap        ] GC(71) PSYoungGen: 2068160K(2081792K)->192K(2084864K) Eden: 2067968K(2067968K)->0K(2072064K) From: 192K(13824K)->192K(12800K)
[4030.649s][info ][gc,heap        ] GC(71) ParOldGen: 520112K(520192K)->520144K(520192K)
[4030.649s][info ][gc,metaspace   ] GC(71) Metaspace: 96235K(97536K)->96235K(97536K) NonClass: 82113K(82880K)->82113K(82880K) Class: 14122K(14656K)->14122K(14656K)
[4030.649s][info ][gc             ] GC(71) Pause Young (Allocation Failure) 2527M->508M(2544M) 4.311ms
[4030.649s][info ][gc,cpu         ] GC(71) User=0.01s Sys=0.00s Real=0.01s
[4030.649s][info ][safepoint      ] Safepoint "ParallelGCFailedAllocation", Time since last: 97146732514 ns, Reaching safepoint: 81701 ns, Cleanup: 6000 ns, At safepoint: 4486336 ns, Total: 4574037 ns
[4128.114s][info ][gc,start       ] GC(72) Pause Young (Allocation Failure)
[4128.117s][debug][gc,phases      ] GC(72) Scavenge 2.329ms
[4128.117s][debug][gc,ref         ] GC(72) ReferenceProcessor::execute queues: 1, RefProcThreadModel::Single, marks_oops_alive: false
[4128.117s][debug][gc,ref         ] GC(72) Skipped KeepAliveFinalRefsPhase of Reference Processing: no references
[4128.117s][debug][gc,ref         ] GC(72) Skipped PhantomRefsPhase of Reference Processing: no references
[4128.117s][debug][gc,phases      ] GC(72) Reference Processing 0.112ms
[4128.117s][debug][gc,phases      ] GC(72)   VM Weak                        Min:  0.0, Avg:  0.0, Max:  0.0, Diff:  0.0, Sum:  0.0, Workers: 4
[4128.117s][debug][gc,phases      ] GC(72)     Dead                           Min: 0, Avg:  0.0, Max: 0, Diff: 0, Sum: 0, Workers: 4
[4128.117s][debug][gc,phases      ] GC(72)     Total                          Min: 0, Avg: 251.5, Max: 704, Diff: 704, Sum: 1006, Workers: 4
[4128.117s][debug][gc,phases      ] GC(72)   ObjectSynchronizer Weak        Min:  0.0, Avg:  0.0, Max:  0.0, Diff:  0.0, Sum:  0.0, Workers: 4
[4128.117s][debug][gc,phases      ] GC(72)     Dead                           Min: 0, Avg:  0.0, Max: 0, Diff: 0, Sum: 0, Workers: 4
[4128.117s][debug][gc,phases      ] GC(72)     Total                          Min: 0, Avg:  0.8, Max: 3, Diff: 3, Sum: 3, Workers: 4
[4128.117s][debug][gc,phases      ] GC(72)   JVMTI Tag Weak OopStorage      Min:  0.0, Avg:  0.0, Max:  0.0, Diff:  0.0, Sum:  0.0, Workers: 4
[4128.117s][debug][gc,phases      ] GC(72)     Dead                           Min: 0, Avg:  0.0, Max: 0, Diff: 0, Sum: 0, Workers: 4
[4128.117s][debug][gc,phases      ] GC(72)     Total                          Min: 0, Avg:  0.0, Max: 0, Diff: 0, Sum: 0, Workers: 4
[4128.117s][debug][gc,phases      ] GC(72)   StringTable Weak               Min:  0.1, Avg:  0.1, Max:  0.1, Diff:  0.0, Sum:  0.5, Workers: 4
[4128.117s][debug][gc,phases      ] GC(72)     Dead                           Min: 0, Avg:  0.0, Max: 0, Diff: 0, Sum: 0, Workers: 4
[4128.117s][debug][gc,phases      ] GC(72)     Total                          Min: 10880, Avg: 12136.5, Max: 13056, Diff: 2176, Sum: 48546, Workers: 4
[4128.117s][debug][gc,phases      ] GC(72)   ResolvedMethodTable Weak       Min:  0.0, Avg:  0.0, Max:  0.0, Diff:  0.0, Sum:  0.1, Workers: 4
[4128.117s][debug][gc,phases      ] GC(72)     Dead                           Min: 0, Avg:  0.0, Max: 0, Diff: 0, Sum: 0, Workers: 4
[4128.117s][debug][gc,phases      ] GC(72)     Total                          Min: 3179, Avg: 3359.0, Max: 3638, Diff: 459, Sum: 13436, Workers: 4
[4128.117s][debug][gc,phases      ] GC(72)   JNI Weak                       Min:  0.0, Avg:  0.0, Max:  0.0, Diff:  0.0, Sum:  0.0, Workers: 4
[4128.117s][debug][gc,phases      ] GC(72)     Dead                           Min: 0, Avg:  0.0, Max: 0, Diff: 0, Sum: 0, Workers: 4
[4128.117s][debug][gc,phases      ] GC(72)     Total                          Min: 0, Avg: 12.0, Max: 48, Diff: 48, Sum: 48, Workers: 4
[4128.117s][debug][gc,phases      ] GC(72)   StringDedup Table Weak         Min:  0.0, Avg:  0.0, Max:  0.0, Diff:  0.0, Sum:  0.0, Workers: 4
[4128.117s][debug][gc,phases      ] GC(72)     Dead                           Min: 0, Avg:  0.0, Max: 0, Diff: 0, Sum: 0, Workers: 4
[4128.117s][debug][gc,phases      ] GC(72)     Total                          Min: 0, Avg:  0.0, Max: 0, Diff: 0, Sum: 0, Workers: 4
[4128.117s][debug][gc,phases      ] GC(72)   StringDedup Requests0 Weak     Min:  0.0, Avg:  0.0, Max:  0.0, Diff:  0.0, Sum:  0.0, Workers: 4
[4128.117s][debug][gc,phases      ] GC(72)     Dead                           Min: 0, Avg:  0.0, Max: 0, Diff: 0, Sum: 0, Workers: 4
[4128.117s][debug][gc,phases      ] GC(72)     Total                          Min: 0, Avg:  0.0, Max: 0, Diff: 0, Sum: 0, Workers: 4
[4128.117s][debug][gc,phases      ] GC(72)   StringDedup Requests1 Weak     Min:  0.0, Avg:  0.0, Max:  0.0, Diff:  0.0, Sum:  0.0, Workers: 4
[4128.117s][debug][gc,phases      ] GC(72)     Dead                           Min: 0, Avg:  0.0, Max: 0, Diff: 0, Sum: 0, Workers: 4
[4128.117s][debug][gc,phases      ] GC(72)     Total                          Min: 0, Avg:  0.0, Max: 0, Diff: 0, Sum: 0, Workers: 4
[4128.117s][debug][gc,phases      ] GC(72)   Weak JFR Old Object Samples    Min:  0.0, Avg:  0.0, Max:  0.0, Diff:  0.0, Sum:  0.0, Workers: 4
[4128.117s][debug][gc,phases      ] GC(72)     Dead                           Min: 0, Avg:  0.0, Max: 0, Diff: 0, Sum: 0, Workers: 4
[4128.117s][debug][gc,phases      ] GC(72)     Total                          Min: 0, Avg:  0.0, Max: 0, Diff: 0, Sum: 0, Workers: 4
[4128.117s][debug][gc,phases      ] GC(72) Weak Processing 0.388ms
[4128.117s][debug][gc,age         ] GC(72) Desired survivor size 11534336 bytes, new threshold 1 (max threshold 15)
[4128.117s][info ][gc,heap        ] GC(72) PSYoungGen: 2072256K(2084864K)->160K(2084352K) Eden: 2072064K(2072064K)->0K(2072064K) From: 192K(12800K)->160K(12288K)
[4128.117s][info ][gc,heap        ] GC(72) ParOldGen: 520144K(520192K)->520176K(520192K)
[4128.117s][info ][gc,metaspace   ] GC(72) Metaspace: 96235K(97536K)->96235K(97536K) NonClass: 82113K(82880K)->82113K(82880K) Class: 14122K(14656K)->14122K(14656K)
[4128.117s][info ][gc             ] GC(72) Pause Young (Allocation Failure) 2531M->508M(2543M) 2.942ms
[4128.117s][info ][gc,cpu         ] GC(72) User=0.00s Sys=0.00s Real=0.00s
[4128.117s][info ][safepoint      ] Safepoint "ParallelGCFailedAllocation", Time since last: 97465143654 ns, Reaching safepoint: 5501 ns, Cleanup: 4400 ns, At safepoint: 3056422 ns, Total: 3066323 ns
[4216.123s][info ][safepoint      ] Safepoint "Cleanup", Time since last: 88006142765 ns, Reaching safepoint: 7202 ns, Cleanup: 11203 ns, At safepoint: 2301 ns, Total: 20706 ns
[4217.124s][info ][safepoint      ] Safepoint "Cleanup", Time since last: 1000154384 ns, Reaching safepoint: 13204 ns, Cleanup: 16004 ns, At safepoint: 2801 ns, Total: 32009 ns
[4223.135s][info ][gc,start       ] GC(73) Pause Young (Allocation Failure)
[4223.138s][debug][gc,phases      ] GC(73) Scavenge 2.899ms
[4223.138s][debug][gc,ref         ] GC(73) ReferenceProcessor::execute queues: 1, RefProcThreadModel::Single, marks_oops_alive: false
[4223.138s][debug][gc,ref         ] GC(73) Skipped KeepAliveFinalRefsPhase of Reference Processing: no references
[4223.138s][debug][gc,ref         ] GC(73) ReferenceProcessor::execute queues: 1, RefProcThreadModel::Single, marks_oops_alive: false
[4223.138s][debug][gc,phases      ] GC(73) Reference Processing 0.174ms
[4223.139s][debug][gc,phases      ] GC(73)   VM Weak                        Min:  0.0, Avg:  0.0, Max:  0.0, Diff:  0.0, Sum:  0.0, Workers: 4
[4223.139s][debug][gc,phases      ] GC(73)     Dead                           Min: 0, Avg:  0.0, Max: 0, Diff: 0, Sum: 0, Workers: 4
[4223.139s][debug][gc,phases      ] GC(73)     Total                          Min: 0, Avg: 251.5, Max: 1006, Diff: 1006, Sum: 1006, Workers: 4
[4223.139s][debug][gc,phases      ] GC(73)   ObjectSynchronizer Weak        Min:  0.0, Avg:  0.0, Max:  0.0, Diff:  0.0, Sum:  0.0, Workers: 4
[4223.139s][debug][gc,phases      ] GC(73)     Dead                           Min: 0, Avg:  0.0, Max: 0, Diff: 0, Sum: 0, Workers: 4
[4223.139s][debug][gc,phases      ] GC(73)     Total                          Min: 0, Avg:  0.8, Max: 3, Diff: 3, Sum: 3, Workers: 4
[4223.139s][debug][gc,phases      ] GC(73)   JVMTI Tag Weak OopStorage      Min:  0.0, Avg:  0.0, Max:  0.0, Diff:  0.0, Sum:  0.0, Workers: 4
[4223.139s][debug][gc,phases      ] GC(73)     Dead                           Min: 0, Avg:  0.0, Max: 0, Diff: 0, Sum: 0, Workers: 4
[4223.139s][debug][gc,phases      ] GC(73)     Total                          Min: 0, Avg:  0.0, Max: 0, Diff: 0, Sum: 0, Workers: 4
[4223.139s][debug][gc,phases      ] GC(73)   StringTable Weak               Min:  0.0, Avg:  0.1, Max:  0.2, Diff:  0.2, Sum:  0.4, Workers: 4
[4223.139s][debug][gc,phases      ] GC(73)     Dead                           Min: 0, Avg:  0.0, Max: 0, Diff: 0, Sum: 0, Workers: 4
[4223.139s][debug][gc,phases      ] GC(73)     Total                          Min: 0, Avg: 12136.5, Max: 25024, Diff: 25024, Sum: 48546, Workers: 4
[4223.139s][debug][gc,phases      ] GC(73)   ResolvedMethodTable Weak       Min:  0.0, Avg:  0.0, Max:  0.1, Diff:  0.1, Sum:  0.1, Workers: 4
[4223.139s][debug][gc,phases      ] GC(73)     Dead                           Min: 0, Avg:  0.0, Max: 0, Diff: 0, Sum: 0, Workers: 4
[4223.139s][debug][gc,phases      ] GC(73)     Total                          Min: 0, Avg: 3359.0, Max: 6844, Diff: 6844, Sum: 13436, Workers: 4
[4223.139s][debug][gc,phases      ] GC(73)   JNI Weak                       Min:  0.0, Avg:  0.0, Max:  0.0, Diff:  0.0, Sum:  0.0, Workers: 4
[4223.139s][debug][gc,phases      ] GC(73)     Dead                           Min: 0, Avg:  0.0, Max: 0, Diff: 0, Sum: 0, Workers: 4
[4223.139s][debug][gc,phases      ] GC(73)     Total                          Min: 0, Avg: 12.0, Max: 48, Diff: 48, Sum: 48, Workers: 4
[4223.139s][debug][gc,phases      ] GC(73)   StringDedup Table Weak         Min:  0.0, Avg:  0.0, Max:  0.0, Diff:  0.0, Sum:  0.0, Workers: 4
[4223.139s][debug][gc,phases      ] GC(73)     Dead                           Min: 0, Avg:  0.0, Max: 0, Diff: 0, Sum: 0, Workers: 4
[4223.139s][debug][gc,phases      ] GC(73)     Total                          Min: 0, Avg:  0.0, Max: 0, Diff: 0, Sum: 0, Workers: 4
[4223.139s][debug][gc,phases      ] GC(73)   StringDedup Requests0 Weak     Min:  0.0, Avg:  0.0, Max:  0.0, Diff:  0.0, Sum:  0.0, Workers: 4
[4223.139s][debug][gc,phases      ] GC(73)     Dead                           Min: 0, Avg:  0.0, Max: 0, Diff: 0, Sum: 0, Workers: 4
[4223.139s][debug][gc,phases      ] GC(73)     Total                          Min: 0, Avg:  0.0, Max: 0, Diff: 0, Sum: 0, Workers: 4
[4223.139s][debug][gc,phases      ] GC(73)   StringDedup Requests1 Weak     Min:  0.0, Avg:  0.0, Max:  0.0, Diff:  0.0, Sum:  0.0, Workers: 4
[4223.139s][debug][gc,phases      ] GC(73)     Dead                           Min: 0, Avg:  0.0, Max: 0, Diff: 0, Sum: 0, Workers: 4
[4223.139s][debug][gc,phases      ] GC(73)     Total                          Min: 0, Avg:  0.0, Max: 0, Diff: 0, Sum: 0, Workers: 4
[4223.139s][debug][gc,phases      ] GC(73)   Weak JFR Old Object Samples    Min:  0.0, Avg:  0.0, Max:  0.0, Diff:  0.0, Sum:  0.0, Workers: 4
[4223.139s][debug][gc,phases      ] GC(73)     Dead                           Min: 0, Avg:  0.0, Max: 0, Diff: 0, Sum: 0, Workers: 4
[4223.139s][debug][gc,phases      ] GC(73)     Total                          Min: 0, Avg:  0.0, Max: 0, Diff: 0, Sum: 0, Workers: 4
[4223.139s][debug][gc,phases      ] GC(73) Weak Processing 0.599ms
[4223.139s][debug][gc,age         ] GC(73) Desired survivor size 10485760 bytes, new threshold 1 (max threshold 15)
[4223.139s][info ][gc,heap        ] GC(73) PSYoungGen: 2072224K(2084352K)->224K(2086912K) Eden: 2072064K(2072064K)->0K(2075648K) From: 160K(12288K)->224K(11264K)
[4223.139s][info ][gc,heap        ] GC(73) ParOldGen: 520176K(520192K)->520208K(520704K)
[4223.139s][info ][gc,metaspace   ] GC(73) Metaspace: 96240K(97536K)->96240K(97536K) NonClass: 82117K(82880K)->82117K(82880K) Class: 14122K(14656K)->14122K(14656K)
[4223.139s][info ][gc             ] GC(73) Pause Young (Allocation Failure) 2531M->508M(2546M) 3.861ms
[4223.139s][info ][gc,cpu         ] GC(73) User=0.00s Sys=0.00s Real=0.00s
[4223.139s][info ][safepoint      ] Safepoint "ParallelGCFailedAllocation", Time since last: 6011426595 ns, Reaching safepoint: 8812 ns, Cleanup: 4105 ns, At safepoint: 3959715 ns, Total: 3972632 ns
[4293.144s][info ][safepoint      ] Safepoint "Cleanup", Time since last: 70005169924 ns, Reaching safepoint: 79005 ns, Cleanup: 11301 ns, At safepoint: 5400 ns, Total: 95706 ns
[4318.146s][info ][safepoint      ] Safepoint "Cleanup", Time since last: 25001984664 ns, Reaching safepoint: 84405 ns, Cleanup: 11101 ns, At safepoint: 7000 ns, Total: 102506 ns
[4320.157s][info ][gc,start       ] GC(74) Pause Young (Allocation Failure)
[4320.160s][debug][gc,phases      ] GC(74) Scavenge 3.168ms
[4320.160s][debug][gc,ref         ] GC(74) ReferenceProcessor::execute queues: 1, RefProcThreadModel::Single, marks_oops_alive: false
[4320.160s][debug][gc,ref         ] GC(74) Skipped KeepAliveFinalRefsPhase of Reference Processing: no references
[4320.160s][debug][gc,ref         ] GC(74) Skipped PhantomRefsPhase of Reference Processing: no references
[4320.160s][debug][gc,phases      ] GC(74) Reference Processing 0.110ms
[4320.161s][debug][gc,phases      ] GC(74)   VM Weak                        Min:  0.0, Avg:  0.0, Max:  0.0, Diff:  0.0, Sum:  0.0, Workers: 4
[4320.161s][debug][gc,phases      ] GC(74)     Dead                           Min: 0, Avg:  0.0, Max: 0, Diff: 0, Sum: 0, Workers: 4
[4320.161s][debug][gc,phases      ] GC(74)     Total                          Min: 0, Avg: 251.5, Max: 1006, Diff: 1006, Sum: 1006, Workers: 4
[4320.161s][debug][gc,phases      ] GC(74)   ObjectSynchronizer Weak        Min:  0.0, Avg:  0.0, Max:  0.0, Diff:  0.0, Sum:  0.0, Workers: 4
[4320.161s][debug][gc,phases      ] GC(74)     Dead                           Min: 0, Avg:  0.0, Max: 0, Diff: 0, Sum: 0, Workers: 4
[4320.161s][debug][gc,phases      ] GC(74)     Total                          Min: 0, Avg:  0.8, Max: 3, Diff: 3, Sum: 3, Workers: 4
[4320.161s][debug][gc,phases      ] GC(74)   JVMTI Tag Weak OopStorage      Min:  0.0, Avg:  0.0, Max:  0.0, Diff:  0.0, Sum:  0.0, Workers: 4
[4320.161s][debug][gc,phases      ] GC(74)     Dead                           Min: 0, Avg:  0.0, Max: 0, Diff: 0, Sum: 0, Workers: 4
[4320.161s][debug][gc,phases      ] GC(74)     Total                          Min: 0, Avg:  0.0, Max: 0, Diff: 0, Sum: 0, Workers: 4
[4320.161s][debug][gc,phases      ] GC(74)   StringTable Weak               Min:  0.0, Avg:  0.1, Max:  0.1, Diff:  0.1, Sum:  0.4, Workers: 4
[4320.161s][debug][gc,phases      ] GC(74)     Dead                           Min: 0, Avg:  0.0, Max: 0, Diff: 0, Sum: 0, Workers: 4
[4320.161s][debug][gc,phases      ] GC(74)     Total                          Min: 0, Avg: 12137.2, Max: 17189, Diff: 17189, Sum: 48549, Workers: 4
[4320.161s][debug][gc,phases      ] GC(74)   ResolvedMethodTable Weak       Min:  0.0, Avg:  0.0, Max:  0.0, Diff:  0.0, Sum:  0.1, Workers: 4
[4320.161s][debug][gc,phases      ] GC(74)     Dead                           Min: 0, Avg:  0.0, Max: 0, Diff: 0, Sum: 0, Workers: 4
[4320.161s][debug][gc,phases      ] GC(74)     Total                          Min: 0, Avg: 3359.0, Max: 4729, Diff: 4729, Sum: 13436, Workers: 4
[4320.161s][debug][gc,phases      ] GC(74)   JNI Weak                       Min:  0.0, Avg:  0.0, Max:  0.0, Diff:  0.0, Sum:  0.0, Workers: 4
[4320.161s][debug][gc,phases      ] GC(74)     Dead                           Min: 0, Avg:  0.0, Max: 0, Diff: 0, Sum: 0, Workers: 4
[4320.161s][debug][gc,phases      ] GC(74)     Total                          Min: 0, Avg: 12.0, Max: 48, Diff: 48, Sum: 48, Workers: 4
[4320.161s][debug][gc,phases      ] GC(74)   StringDedup Table Weak         Min:  0.0, Avg:  0.0, Max:  0.0, Diff:  0.0, Sum:  0.0, Workers: 4
[4320.161s][debug][gc,phases      ] GC(74)     Dead                           Min: 0, Avg:  0.0, Max: 0, Diff: 0, Sum: 0, Workers: 4
[4320.161s][debug][gc,phases      ] GC(74)     Total                          Min: 0, Avg:  0.0, Max: 0, Diff: 0, Sum: 0, Workers: 4
[4320.161s][debug][gc,phases      ] GC(74)   StringDedup Requests0 Weak     Min:  0.0, Avg:  0.0, Max:  0.0, Diff:  0.0, Sum:  0.0, Workers: 4
[4320.161s][debug][gc,phases      ] GC(74)     Dead                           Min: 0, Avg:  0.0, Max: 0, Diff: 0, Sum: 0, Workers: 4
[4320.161s][debug][gc,phases      ] GC(74)     Total                          Min: 0, Avg:  0.0, Max: 0, Diff: 0, Sum: 0, Workers: 4
[4320.161s][debug][gc,phases      ] GC(74)   StringDedup Requests1 Weak     Min:  0.0, Avg:  0.0, Max:  0.0, Diff:  0.0, Sum:  0.0, Workers: 4
[4320.161s][debug][gc,phases      ] GC(74)     Dead                           Min: 0, Avg:  0.0, Max: 0, Diff: 0, Sum: 0, Workers: 4
[4320.161s][debug][gc,phases      ] GC(74)     Total                          Min: 0, Avg:  0.0, Max: 0, Diff: 0, Sum: 0, Workers: 4
[4320.161s][debug][gc,phases      ] GC(74)   Weak JFR Old Object Samples    Min:  0.0, Avg:  0.0, Max:  0.0, Diff:  0.0, Sum:  0.0, Workers: 4
[4320.161s][debug][gc,phases      ] GC(74)     Dead                           Min: 0, Avg:  0.0, Max: 0, Diff: 0, Sum: 0, Workers: 4
[4320.161s][debug][gc,phases      ] GC(74)     Total                          Min: 0, Avg:  0.0, Max: 0, Diff: 0, Sum: 0, Workers: 4
[4320.161s][debug][gc,phases      ] GC(74) Weak Processing 0.464ms
[4320.161s][debug][gc,age         ] GC(74) Desired survivor size 9961472 bytes, new threshold 1 (max threshold 15)
[4320.161s][info ][gc,heap        ] GC(74) PSYoungGen: 2075872K(2086912K)->224K(2085888K) Eden: 2075648K(2075648K)->0K(2075648K) From: 224K(11264K)->224K(10240K)
[4320.161s][info ][gc,heap        ] GC(74) ParOldGen: 520208K(520704K)->520240K(520704K)
[4320.161s][info ][gc,metaspace   ] GC(74) Metaspace: 96248K(97536K)->96248K(97536K) NonClass: 82125K(82880K)->82125K(82880K) Class: 14122K(14656K)->14122K(14656K)
[4320.161s][info ][gc             ] GC(74) Pause Young (Allocation Failure) 2535M->508M(2545M) 3.870ms
[4320.161s][info ][gc,cpu         ] GC(74) User=0.01s Sys=0.00s Real=0.00s
[4320.161s][info ][safepoint      ] Safepoint "ParallelGCFailedAllocation", Time since last: 2010707715 ns, Reaching safepoint: 6101 ns, Cleanup: 4000 ns, At safepoint: 3968350 ns, Total: 3978451 ns
[4343.162s][info ][safepoint      ] Safepoint "Cleanup", Time since last: 23001414504 ns, Reaching safepoint: 5500 ns, Cleanup: 9900 ns, At safepoint: 2401 ns, Total: 17801 ns
[4418.179s][info ][gc,start       ] GC(75) Pause Young (Allocation Failure)
[4418.184s][debug][gc,phases      ] GC(75) Scavenge 4.062ms
[4418.184s][debug][gc,ref         ] GC(75) ReferenceProcessor::execute queues: 1, RefProcThreadModel::Single, marks_oops_alive: false
[4418.184s][debug][gc,ref         ] GC(75) Skipped KeepAliveFinalRefsPhase of Reference Processing: no references
[4418.184s][debug][gc,ref         ] GC(75) Skipped PhantomRefsPhase of Reference Processing: no references
[4418.184s][debug][gc,phases      ] GC(75) Reference Processing 0.454ms
[4418.184s][debug][gc,phases      ] GC(75)   VM Weak                        Min:  0.0, Avg:  0.0, Max:  0.0, Diff:  0.0, Sum:  0.0, Workers: 4
[4418.184s][debug][gc,phases      ] GC(75)     Dead                           Min: 0, Avg:  0.0, Max: 0, Diff: 0, Sum: 0, Workers: 4
[4418.184s][debug][gc,phases      ] GC(75)     Total                          Min: 0, Avg: 251.5, Max: 640, Diff: 640, Sum: 1006, Workers: 4
[4418.184s][debug][gc,phases      ] GC(75)   ObjectSynchronizer Weak        Min:  0.0, Avg:  0.0, Max:  0.0, Diff:  0.0, Sum:  0.0, Workers: 4
[4418.184s][debug][gc,phases      ] GC(75)     Dead                           Min: 0, Avg:  0.0, Max: 0, Diff: 0, Sum: 0, Workers: 4
[4418.184s][debug][gc,phases      ] GC(75)     Total                          Min: 0, Avg:  0.8, Max: 3, Diff: 3, Sum: 3, Workers: 4
[4418.184s][debug][gc,phases      ] GC(75)   JVMTI Tag Weak OopStorage      Min:  0.0, Avg:  0.0, Max:  0.0, Diff:  0.0, Sum:  0.0, Workers: 4
[4418.184s][debug][gc,phases      ] GC(75)     Dead                           Min: 0, Avg:  0.0, Max: 0, Diff: 0, Sum: 0, Workers: 4
[4418.184s][debug][gc,phases      ] GC(75)     Total                          Min: 0, Avg:  0.0, Max: 0, Diff: 0, Sum: 0, Workers: 4
[4418.184s][debug][gc,phases      ] GC(75)   StringTable Weak               Min:  0.0, Avg:  0.1, Max:  0.2, Diff:  0.2, Sum:  0.5, Workers: 4
[4418.184s][debug][gc,phases      ] GC(75)     Dead                           Min: 0, Avg:  0.0, Max: 0, Diff: 0, Sum: 0, Workers: 4
[4418.184s][debug][gc,phases      ] GC(75)     Total                          Min: 0, Avg: 12137.2, Max: 18368, Diff: 18368, Sum: 48549, Workers: 4
[4418.184s][debug][gc,phases      ] GC(75)   ResolvedMethodTable Weak       Min:  0.0, Avg:  0.0, Max:  0.0, Diff:  0.0, Sum:  0.1, Workers: 4
[4418.184s][debug][gc,phases      ] GC(75)     Dead                           Min: 0, Avg:  0.0, Max: 0, Diff: 0, Sum: 0, Workers: 4
[4418.184s][debug][gc,phases      ] GC(75)     Total                          Min: 0, Avg: 3359.0, Max: 4717, Diff: 4717, Sum: 13436, Workers: 4
[4418.184s][debug][gc,phases      ] GC(75)   JNI Weak                       Min:  0.0, Avg:  0.0, Max:  0.0, Diff:  0.0, Sum:  0.0, Workers: 4
[4418.184s][debug][gc,phases      ] GC(75)     Dead                           Min: 0, Avg:  0.0, Max: 0, Diff: 0, Sum: 0, Workers: 4
[4418.184s][debug][gc,phases      ] GC(75)     Total                          Min: 0, Avg: 12.0, Max: 48, Diff: 48, Sum: 48, Workers: 4
[4418.184s][debug][gc,phases      ] GC(75)   StringDedup Table Weak         Min:  0.0, Avg:  0.0, Max:  0.0, Diff:  0.0, Sum:  0.0, Workers: 4
[4418.184s][debug][gc,phases      ] GC(75)     Dead                           Min: 0, Avg:  0.0, Max: 0, Diff: 0, Sum: 0, Workers: 4
[4418.184s][debug][gc,phases      ] GC(75)     Total                          Min: 0, Avg:  0.0, Max: 0, Diff: 0, Sum: 0, Workers: 4
[4418.184s][debug][gc,phases      ] GC(75)   StringDedup Requests0 Weak     Min:  0.0, Avg:  0.0, Max:  0.0, Diff:  0.0, Sum:  0.0, Workers: 4
[4418.184s][debug][gc,phases      ] GC(75)     Dead                           Min: 0, Avg:  0.0, Max: 0, Diff: 0, Sum: 0, Workers: 4
[4418.184s][debug][gc,phases      ] GC(75)     Total                          Min: 0, Avg:  0.0, Max: 0, Diff: 0, Sum: 0, Workers: 4
[4418.184s][debug][gc,phases      ] GC(75)   StringDedup Requests1 Weak     Min:  0.0, Avg:  0.0, Max:  0.0, Diff:  0.0, Sum:  0.0, Workers: 4
[4418.184s][debug][gc,phases      ] GC(75)     Dead                           Min: 0, Avg:  0.0, Max: 0, Diff: 0, Sum: 0, Workers: 4
[4418.184s][debug][gc,phases      ] GC(75)     Total                          Min: 0, Avg:  0.0, Max: 0, Diff: 0, Sum: 0, Workers: 4
[4418.185s][debug][gc,phases      ] GC(75)   Weak JFR Old Object Samples    Min:  0.0, Avg:  0.0, Max:  0.0, Diff:  0.0, Sum:  0.0, Workers: 4
[4418.185s][debug][gc,phases      ] GC(75)     Dead                           Min: 0, Avg:  0.0, Max: 0, Diff: 0, Sum: 0, Workers: 4
[4418.185s][debug][gc,phases      ] GC(75)     Total                          Min: 0, Avg:  0.0, Max: 0, Diff: 0, Sum: 0, Workers: 4
[4418.185s][debug][gc,phases      ] GC(75) Weak Processing 0.442ms
[4418.185s][debug][gc,age         ] GC(75) Desired survivor size 8912896 bytes, new threshold 1 (max threshold 15)
[4418.185s][info ][gc,heap        ] GC(75) PSYoungGen: 2075872K(2085888K)->192K(2088448K) Eden: 2075648K(2075648K)->0K(2078720K) From: 224K(10240K)->192K(9728K)
[4418.185s][info ][gc,heap        ] GC(75) ParOldGen: 520240K(520704K)->520272K(520704K)
[4418.185s][info ][gc,metaspace   ] GC(75) Metaspace: 96248K(97536K)->96248K(97536K) NonClass: 82126K(82880K)->82126K(82880K) Class: 14122K(14656K)->14122K(14656K)
[4418.185s][info ][gc             ] GC(75) Pause Young (Allocation Failure) 2535M->508M(2548M) 5.124ms
[4418.185s][info ][gc,cpu         ] GC(75) User=0.00s Sys=0.00s Real=0.00s
[4418.185s][info ][safepoint      ] Safepoint "ParallelGCFailedAllocation", Time since last: 75016904655 ns, Reaching safepoint: 7100 ns, Cleanup: 4401 ns, At safepoint: 5216504 ns, Total: 5228005 ns
[4462.188s][info ][safepoint      ] Safepoint "Cleanup", Time since last: 44003082790 ns, Reaching safepoint: 6800 ns, Cleanup: 13301 ns, At safepoint: 4000 ns, Total: 24101 ns
[4515.203s][info ][gc,start       ] GC(76) Pause Young (Allocation Failure)
[4515.206s][debug][gc,phases      ] GC(76) Scavenge 2.898ms
[4515.207s][debug][gc,ref         ] GC(76) ReferenceProcessor::execute queues: 1, RefProcThreadModel::Single, marks_oops_alive: false
[4515.207s][debug][gc,ref         ] GC(76) Skipped KeepAliveFinalRefsPhase of Reference Processing: no references
[4515.207s][debug][gc,ref         ] GC(76) Skipped PhantomRefsPhase of Reference Processing: no references
[4515.207s][debug][gc,phases      ] GC(76) Reference Processing 0.138ms
[4515.207s][debug][gc,phases      ] GC(76)   VM Weak                        Min:  0.0, Avg:  0.0, Max:  0.0, Diff:  0.0, Sum:  0.0, Workers: 4
[4515.207s][debug][gc,phases      ] GC(76)     Dead                           Min: 0, Avg:  0.0, Max: 0, Diff: 0, Sum: 0, Workers: 4
[4515.207s][debug][gc,phases      ] GC(76)     Total                          Min: 0, Avg: 251.5, Max: 704, Diff: 704, Sum: 1006, Workers: 4
[4515.207s][debug][gc,phases      ] GC(76)   ObjectSynchronizer Weak        Min:  0.0, Avg:  0.0, Max:  0.0, Diff:  0.0, Sum:  0.0, Workers: 4
[4515.207s][debug][gc,phases      ] GC(76)     Dead                           Min: 0, Avg:  0.0, Max: 0, Diff: 0, Sum: 0, Workers: 4
[4515.207s][debug][gc,phases      ] GC(76)     Total                          Min: 0, Avg:  0.8, Max: 3, Diff: 3, Sum: 3, Workers: 4
[4515.207s][debug][gc,phases      ] GC(76)   JVMTI Tag Weak OopStorage      Min:  0.0, Avg:  0.0, Max:  0.0, Diff:  0.0, Sum:  0.0, Workers: 4
[4515.207s][debug][gc,phases      ] GC(76)     Dead                           Min: 0, Avg:  0.0, Max: 0, Diff: 0, Sum: 0, Workers: 4
[4515.207s][debug][gc,phases      ] GC(76)     Total                          Min: 0, Avg:  0.0, Max: 0, Diff: 0, Sum: 0, Workers: 4
[4515.207s][debug][gc,phases      ] GC(76)   StringTable Weak               Min:  0.0, Avg:  0.1, Max:  0.2, Diff:  0.2, Sum:  0.5, Workers: 4
[4515.207s][debug][gc,phases      ] GC(76)     Dead                           Min: 0, Avg:  0.0, Max: 0, Diff: 0, Sum: 0, Workers: 4
[4515.207s][debug][gc,phases      ] GC(76)     Total                          Min: 0, Avg: 12137.2, Max: 26085, Diff: 26085, Sum: 48549, Workers: 4
[4515.207s][debug][gc,phases      ] GC(76)   ResolvedMethodTable Weak       Min:  0.0, Avg:  0.0, Max:  0.1, Diff:  0.1, Sum:  0.1, Workers: 4
[4515.207s][debug][gc,phases      ] GC(76)     Dead                           Min: 0, Avg:  0.0, Max: 0, Diff: 0, Sum: 0, Workers: 4
[4515.207s][debug][gc,phases      ] GC(76)     Total                          Min: 0, Avg: 3359.0, Max: 6827, Diff: 6827, Sum: 13436, Workers: 4
[4515.207s][debug][gc,phases      ] GC(76)   JNI Weak                       Min:  0.0, Avg:  0.0, Max:  0.0, Diff:  0.0, Sum:  0.0, Workers: 4
[4515.207s][debug][gc,phases      ] GC(76)     Dead                           Min: 0, Avg:  0.0, Max: 0, Diff: 0, Sum: 0, Workers: 4
[4515.207s][debug][gc,phases      ] GC(76)     Total                          Min: 0, Avg: 12.0, Max: 48, Diff: 48, Sum: 48, Workers: 4
[4515.207s][debug][gc,phases      ] GC(76)   StringDedup Table Weak         Min:  0.0, Avg:  0.0, Max:  0.0, Diff:  0.0, Sum:  0.0, Workers: 4
[4515.207s][debug][gc,phases      ] GC(76)     Dead                           Min: 0, Avg:  0.0, Max: 0, Diff: 0, Sum: 0, Workers: 4
[4515.207s][debug][gc,phases      ] GC(76)     Total                          Min: 0, Avg:  0.0, Max: 0, Diff: 0, Sum: 0, Workers: 4
[4515.207s][debug][gc,phases      ] GC(76)   StringDedup Requests0 Weak     Min:  0.0, Avg:  0.0, Max:  0.0, Diff:  0.0, Sum:  0.0, Workers: 4
[4515.207s][debug][gc,phases      ] GC(76)     Dead                           Min: 0, Avg:  0.0, Max: 0, Diff: 0, Sum: 0, Workers: 4
[4515.207s][debug][gc,phases      ] GC(76)     Total                          Min: 0, Avg:  0.0, Max: 0, Diff: 0, Sum: 0, Workers: 4
[4515.207s][debug][gc,phases      ] GC(76)   StringDedup Requests1 Weak     Min:  0.0, Avg:  0.0, Max:  0.0, Diff:  0.0, Sum:  0.0, Workers: 4
[4515.207s][debug][gc,phases      ] GC(76)     Dead                           Min: 0, Avg:  0.0, Max: 0, Diff: 0, Sum: 0, Workers: 4
[4515.207s][debug][gc,phases      ] GC(76)     Total                          Min: 0, Avg:  0.0, Max: 0, Diff: 0, Sum: 0, Workers: 4
[4515.207s][debug][gc,phases      ] GC(76)   Weak JFR Old Object Samples    Min:  0.0, Avg:  0.0, Max:  0.0, Diff:  0.0, Sum:  0.0, Workers: 4
[4515.207s][debug][gc,phases      ] GC(76)     Dead                           Min: 0, Avg:  0.0, Max: 0, Diff: 0, Sum: 0, Workers: 4
[4515.207s][debug][gc,phases      ] GC(76)     Total                          Min: 0, Avg:  0.0, Max: 0, Diff: 0, Sum: 0, Workers: 4
[4515.207s][debug][gc,phases      ] GC(76) Weak Processing 0.590ms
[4515.207s][debug][gc,age         ] GC(76) Desired survivor size 8388608 bytes, new threshold 1 (max threshold 15)
[4515.207s][info ][gc,heap        ] GC(76) PSYoungGen: 2078912K(2088448K)->128K(2087424K) Eden: 2078720K(2078720K)->0K(2078720K) From: 192K(9728K)->128K(8704K)
[4515.207s][info ][gc,heap        ] GC(76) ParOldGen: 520272K(520704K)->520304K(520704K)
[4515.207s][info ][gc,metaspace   ] GC(76) Metaspace: 96251K(97536K)->96251K(97536K) NonClass: 82128K(82880K)->82128K(82880K) Class: 14122K(14656K)->14122K(14656K)
[4515.207s][info ][gc             ] GC(76) Pause Young (Allocation Failure) 2538M->508M(2547M) 3.781ms
[4515.207s][info ][gc,cpu         ] GC(76) User=0.01s Sys=0.00s Real=0.01s
[4515.207s][info ][safepoint      ] Safepoint "ParallelGCFailedAllocation", Time since last: 53015690049 ns, Reaching safepoint: 6000 ns, Cleanup: 4800 ns, At safepoint: 3879816 ns, Total: 3890616 ns
[4516.207s][info ][safepoint      ] Safepoint "Cleanup", Time since last: 1000096107 ns, Reaching safepoint: 6600 ns, Cleanup: 10801 ns, At safepoint: 2000 ns, Total: 19401 ns
[4611.226s][info ][gc,start       ] GC(77) Pause Young (Allocation Failure)
[4611.228s][debug][gc,phases      ] GC(77) Scavenge 2.704ms
[4611.228s][debug][gc,ref         ] GC(77) ReferenceProcessor::execute queues: 1, RefProcThreadModel::Single, marks_oops_alive: false
[4611.228s][debug][gc,ref         ] GC(77) Skipped KeepAliveFinalRefsPhase of Reference Processing: no references
[4611.228s][debug][gc,ref         ] GC(77) Skipped PhantomRefsPhase of Reference Processing: no references
[4611.228s][debug][gc,phases      ] GC(77) Reference Processing 0.123ms
[4611.230s][debug][gc,phases      ] GC(77)   VM Weak                        Min:  0.0, Avg:  0.0, Max:  0.0, Diff:  0.0, Sum:  0.0, Workers: 4
[4611.230s][debug][gc,phases      ] GC(77)     Dead                           Min: 0, Avg:  0.0, Max: 0, Diff: 0, Sum: 0, Workers: 4
[4611.230s][debug][gc,phases      ] GC(77)     Total                          Min: 0, Avg: 251.5, Max: 878, Diff: 878, Sum: 1006, Workers: 4
[4611.230s][debug][gc,phases      ] GC(77)   ObjectSynchronizer Weak        Min:  0.0, Avg:  0.0, Max:  0.0, Diff:  0.0, Sum:  0.0, Workers: 4
[4611.230s][debug][gc,phases      ] GC(77)     Dead                           Min: 0, Avg:  0.0, Max: 0, Diff: 0, Sum: 0, Workers: 4
[4611.230s][debug][gc,phases      ] GC(77)     Total                          Min: 0, Avg:  0.8, Max: 3, Diff: 3, Sum: 3, Workers: 4
[4611.230s][debug][gc,phases      ] GC(77)   JVMTI Tag Weak OopStorage      Min:  0.0, Avg:  0.0, Max:  0.0, Diff:  0.0, Sum:  0.0, Workers: 4
[4611.230s][debug][gc,phases      ] GC(77)     Dead                           Min: 0, Avg:  0.0, Max: 0, Diff: 0, Sum: 0, Workers: 4
[4611.230s][debug][gc,phases      ] GC(77)     Total                          Min: 0, Avg:  0.0, Max: 0, Diff: 0, Sum: 0, Workers: 4
[4611.230s][debug][gc,phases      ] GC(77)   StringTable Weak               Min:  0.1, Avg:  0.5, Max:  1.7, Diff:  1.5, Sum:  2.0, Workers: 4
[4611.230s][debug][gc,phases      ] GC(77)     Dead                           Min: 0, Avg:  0.0, Max: 0, Diff: 0, Sum: 0, Workers: 4
[4611.230s][debug][gc,phases      ] GC(77)     Total                          Min: 10880, Avg: 12137.2, Max: 12837, Diff: 1957, Sum: 48549, Workers: 4
[4611.230s][debug][gc,phases      ] GC(77)   ResolvedMethodTable Weak       Min:  0.0, Avg:  0.0, Max:  0.0, Diff:  0.0, Sum:  0.1, Workers: 4
[4611.230s][debug][gc,phases      ] GC(77)     Dead                           Min: 0, Avg:  0.0, Max: 0, Diff: 0, Sum: 0, Workers: 4
[4611.230s][debug][gc,phases      ] GC(77)     Total                          Min: 0, Avg: 3359.0, Max: 4636, Diff: 4636, Sum: 13436, Workers: 4
[4611.230s][debug][gc,phases      ] GC(77)   JNI Weak                       Min:  0.0, Avg:  0.0, Max:  0.0, Diff:  0.0, Sum:  0.0, Workers: 4
[4611.230s][debug][gc,phases      ] GC(77)     Dead                           Min: 0, Avg:  0.0, Max: 0, Diff: 0, Sum: 0, Workers: 4
[4611.230s][debug][gc,phases      ] GC(77)     Total                          Min: 0, Avg: 12.0, Max: 48, Diff: 48, Sum: 48, Workers: 4
[4611.230s][debug][gc,phases      ] GC(77)   StringDedup Table Weak         Min:  0.0, Avg:  0.0, Max:  0.0, Diff:  0.0, Sum:  0.0, Workers: 4
[4611.230s][debug][gc,phases      ] GC(77)     Dead                           Min: 0, Avg:  0.0, Max: 0, Diff: 0, Sum: 0, Workers: 4
[4611.230s][debug][gc,phases      ] GC(77)     Total                          Min: 0, Avg:  0.0, Max: 0, Diff: 0, Sum: 0, Workers: 4
[4611.230s][debug][gc,phases      ] GC(77)   StringDedup Requests0 Weak     Min:  0.0, Avg:  0.0, Max:  0.0, Diff:  0.0, Sum:  0.0, Workers: 4
[4611.230s][debug][gc,phases      ] GC(77)     Dead                           Min: 0, Avg:  0.0, Max: 0, Diff: 0, Sum: 0, Workers: 4
[4611.230s][debug][gc,phases      ] GC(77)     Total                          Min: 0, Avg:  0.0, Max: 0, Diff: 0, Sum: 0, Workers: 4
[4611.230s][debug][gc,phases      ] GC(77)   StringDedup Requests1 Weak     Min:  0.0, Avg:  0.0, Max:  0.0, Diff:  0.0, Sum:  0.0, Workers: 4
[4611.230s][debug][gc,phases      ] GC(77)     Dead                           Min: 0, Avg:  0.0, Max: 0, Diff: 0, Sum: 0, Workers: 4
[4611.230s][debug][gc,phases      ] GC(77)     Total                          Min: 0, Avg:  0.0, Max: 0, Diff: 0, Sum: 0, Workers: 4
[4611.230s][debug][gc,phases      ] GC(77)   Weak JFR Old Object Samples    Min:  0.0, Avg:  0.0, Max:  0.0, Diff:  0.0, Sum:  0.0, Workers: 4
[4611.230s][debug][gc,phases      ] GC(77)     Dead                           Min: 0, Avg:  0.0, Max: 0, Diff: 0, Sum: 0, Workers: 4
[4611.230s][debug][gc,phases      ] GC(77)     Total                          Min: 0, Avg:  0.0, Max: 0, Diff: 0, Sum: 0, Workers: 4
[4611.230s][debug][gc,phases      ] GC(77) Weak Processing 1.948ms
[4611.230s][debug][gc,age         ] GC(77) Desired survivor size 7864320 bytes, new threshold 1 (max threshold 15)
[4611.230s][info ][gc,heap        ] GC(77) PSYoungGen: 2078848K(2087424K)->160K(2089472K) Eden: 2078720K(2078720K)->0K(2081280K) From: 128K(8704K)->160K(8192K)
[4611.230s][info ][gc,heap        ] GC(77) ParOldGen: 520304K(520704K)->520336K(520704K)
[4611.230s][info ][gc,metaspace   ] GC(77) Metaspace: 96252K(97536K)->96252K(97536K) NonClass: 82129K(82880K)->82129K(82880K) Class: 14122K(14656K)->14122K(14656K)
[4611.230s][info ][gc             ] GC(77) Pause Young (Allocation Failure) 2538M->508M(2549M) 4.911ms
[4611.231s][info ][gc,cpu         ] GC(77) User=0.01s Sys=0.00s Real=0.01s
[4611.231s][info ][safepoint      ] Safepoint "ParallelGCFailedAllocation", Time since last: 95018096793 ns, Reaching safepoint: 5900 ns, Cleanup: 4400 ns, At safepoint: 5017590 ns, Total: 5027890 ns
[4708.250s][info ][gc,start       ] GC(78) Pause Young (Allocation Failure)
[4708.252s][debug][gc,phases      ] GC(78) Scavenge 2.239ms
[4708.252s][debug][gc,ref         ] GC(78) ReferenceProcessor::execute queues: 1, RefProcThreadModel::Single, marks_oops_alive: false
[4708.252s][debug][gc,ref         ] GC(78) Skipped KeepAliveFinalRefsPhase of Reference Processing: no references
[4708.252s][debug][gc,ref         ] GC(78) Skipped PhantomRefsPhase of Reference Processing: no references
[4708.252s][debug][gc,phases      ] GC(78) Reference Processing 0.128ms
[4708.252s][debug][gc,phases      ] GC(78)   VM Weak                        Min:  0.0, Avg:  0.0, Max:  0.0, Diff:  0.0, Sum:  0.0, Workers: 4
[4708.252s][debug][gc,phases      ] GC(78)     Dead                           Min: 0, Avg:  0.0, Max: 0, Diff: 0, Sum: 0, Workers: 4
[4708.252s][debug][gc,phases      ] GC(78)     Total                          Min: 0, Avg: 251.5, Max: 640, Diff: 640, Sum: 1006, Workers: 4
[4708.252s][debug][gc,phases      ] GC(78)   ObjectSynchronizer Weak        Min:  0.0, Avg:  0.0, Max:  0.0, Diff:  0.0, Sum:  0.0, Workers: 4
[4708.252s][debug][gc,phases      ] GC(78)     Dead                           Min: 0, Avg:  0.0, Max: 0, Diff: 0, Sum: 0, Workers: 4
[4708.252s][debug][gc,phases      ] GC(78)     Total                          Min: 0, Avg:  0.8, Max: 3, Diff: 3, Sum: 3, Workers: 4
[4708.253s][debug][gc,phases      ] GC(78)   JVMTI Tag Weak OopStorage      Min:  0.0, Avg:  0.0, Max:  0.0, Diff:  0.0, Sum:  0.0, Workers: 4
[4708.253s][debug][gc,phases      ] GC(78)     Dead                           Min: 0, Avg:  0.0, Max: 0, Diff: 0, Sum: 0, Workers: 4
[4708.253s][debug][gc,phases      ] GC(78)     Total                          Min: 0, Avg:  0.0, Max: 0, Diff: 0, Sum: 0, Workers: 4
[4708.253s][debug][gc,phases      ] GC(78)   StringTable Weak               Min:  0.0, Avg:  0.1, Max:  0.2, Diff:  0.2, Sum:  0.5, Workers: 4
[4708.253s][debug][gc,phases      ] GC(78)     Dead                           Min: 0, Avg:  0.0, Max: 0, Diff: 0, Sum: 0, Workers: 4
[4708.253s][debug][gc,phases      ] GC(78)     Total                          Min: 0, Avg: 12137.2, Max: 17536, Diff: 17536, Sum: 48549, Workers: 4
[4708.253s][debug][gc,phases      ] GC(78)   ResolvedMethodTable Weak       Min:  0.0, Avg:  0.0, Max:  0.0, Diff:  0.0, Sum:  0.1, Workers: 4
[4708.253s][debug][gc,phases      ] GC(78)     Dead                           Min: 0, Avg:  0.0, Max: 0, Diff: 0, Sum: 0, Workers: 4
[4708.253s][debug][gc,phases      ] GC(78)     Total                          Min: 0, Avg: 3359.0, Max: 5040, Diff: 5040, Sum: 13436, Workers: 4
[4708.253s][debug][gc,phases      ] GC(78)   JNI Weak                       Min:  0.0, Avg:  0.0, Max:  0.0, Diff:  0.0, Sum:  0.0, Workers: 4
[4708.253s][debug][gc,phases      ] GC(78)     Dead                           Min: 0, Avg:  0.0, Max: 0, Diff: 0, Sum: 0, Workers: 4
[4708.253s][debug][gc,phases      ] GC(78)     Total                          Min: 0, Avg: 12.0, Max: 48, Diff: 48, Sum: 48, Workers: 4
[4708.253s][debug][gc,phases      ] GC(78)   StringDedup Table Weak         Min:  0.0, Avg:  0.0, Max:  0.0, Diff:  0.0, Sum:  0.0, Workers: 4
[4708.253s][debug][gc,phases      ] GC(78)     Dead                           Min: 0, Avg:  0.0, Max: 0, Diff: 0, Sum: 0, Workers: 4
[4708.253s][debug][gc,phases      ] GC(78)     Total                          Min: 0, Avg:  0.0, Max: 0, Diff: 0, Sum: 0, Workers: 4
[4708.253s][debug][gc,phases      ] GC(78)   StringDedup Requests0 Weak     Min:  0.0, Avg:  0.0, Max:  0.0, Diff:  0.0, Sum:  0.0, Workers: 4
[4708.253s][debug][gc,phases      ] GC(78)     Dead                           Min: 0, Avg:  0.0, Max: 0, Diff: 0, Sum: 0, Workers: 4
[4708.253s][debug][gc,phases      ] GC(78)     Total                          Min: 0, Avg:  0.0, Max: 0, Diff: 0, Sum: 0, Workers: 4
[4708.253s][debug][gc,phases      ] GC(78)   StringDedup Requests1 Weak     Min:  0.0, Avg:  0.0, Max:  0.0, Diff:  0.0, Sum:  0.0, Workers: 4
[4708.253s][debug][gc,phases      ] GC(78)     Dead                           Min: 0, Avg:  0.0, Max: 0, Diff: 0, Sum: 0, Workers: 4
[4708.253s][debug][gc,phases      ] GC(78)     Total                          Min: 0, Avg:  0.0, Max: 0, Diff: 0, Sum: 0, Workers: 4
[4708.253s][debug][gc,phases      ] GC(78)   Weak JFR Old Object Samples    Min:  0.0, Avg:  0.0, Max:  0.0, Diff:  0.0, Sum:  0.0, Workers: 4
[4708.253s][debug][gc,phases      ] GC(78)     Dead                           Min: 0, Avg:  0.0, Max: 0, Diff: 0, Sum: 0, Workers: 4
[4708.253s][debug][gc,phases      ] GC(78)     Total                          Min: 0, Avg:  0.0, Max: 0, Diff: 0, Sum: 0, Workers: 4
[4708.253s][debug][gc,phases      ] GC(78) Weak Processing 0.442ms
[4708.253s][debug][gc,age         ] GC(78) Desired survivor size 7340032 bytes, new threshold 1 (max threshold 15)
[4708.253s][info ][gc,heap        ] GC(78) PSYoungGen: 2081440K(2089472K)->160K(2088960K) Eden: 2081280K(2081280K)->0K(2081280K) From: 160K(8192K)->160K(7680K)
[4708.253s][info ][gc,heap        ] GC(78) ParOldGen: 520336K(520704K)->520368K(520704K)
[4708.253s][info ][gc,metaspace   ] GC(78) Metaspace: 96252K(97536K)->96252K(97536K) NonClass: 82129K(82880K)->82129K(82880K) Class: 14122K(14656K)->14122K(14656K)
[4708.253s][info ][gc             ] GC(78) Pause Young (Allocation Failure) 2540M->508M(2548M) 2.927ms
[4708.253s][info ][gc,cpu         ] GC(78) User=0.00s Sys=0.00s Real=0.00s
[4708.253s][info ][safepoint      ] Safepoint "ParallelGCFailedAllocation", Time since last: 97019177742 ns, Reaching safepoint: 6000 ns, Cleanup: 4401 ns, At safepoint: 3021645 ns, Total: 3032046 ns
[4805.795s][info ][gc,start       ] GC(79) Pause Young (Allocation Failure)
[4805.797s][debug][gc,phases      ] GC(79) Scavenge 1.890ms
[4805.797s][debug][gc,ref         ] GC(79) ReferenceProcessor::execute queues: 1, RefProcThreadModel::Single, marks_oops_alive: false
[4805.797s][debug][gc,ref         ] GC(79) Skipped KeepAliveFinalRefsPhase of Reference Processing: no references
[4805.797s][debug][gc,ref         ] GC(79) Skipped PhantomRefsPhase of Reference Processing: no references
[4805.797s][debug][gc,phases      ] GC(79) Reference Processing 0.113ms
[4805.797s][debug][gc,phases      ] GC(79)   VM Weak                        Min:  0.0, Avg:  0.0, Max:  0.0, Diff:  0.0, Sum:  0.0, Workers: 4
[4805.797s][debug][gc,phases      ] GC(79)     Dead                           Min: 0, Avg:  0.0, Max: 0, Diff: 0, Sum: 0, Workers: 4
[4805.797s][debug][gc,phases      ] GC(79)     Total                          Min: 0, Avg: 251.5, Max: 640, Diff: 640, Sum: 1006, Workers: 4
[4805.797s][debug][gc,phases      ] GC(79)   ObjectSynchronizer Weak        Min:  0.0, Avg:  0.0, Max:  0.0, Diff:  0.0, Sum:  0.0, Workers: 4
[4805.797s][debug][gc,phases      ] GC(79)     Dead                           Min: 0, Avg:  0.0, Max: 0, Diff: 0, Sum: 0, Workers: 4
[4805.797s][debug][gc,phases      ] GC(79)     Total                          Min: 0, Avg:  0.8, Max: 3, Diff: 3, Sum: 3, Workers: 4
[4805.797s][debug][gc,phases      ] GC(79)   JVMTI Tag Weak OopStorage      Min:  0.0, Avg:  0.0, Max:  0.0, Diff:  0.0, Sum:  0.0, Workers: 4
[4805.797s][debug][gc,phases      ] GC(79)     Dead                           Min: 0, Avg:  0.0, Max: 0, Diff: 0, Sum: 0, Workers: 4
[4805.797s][debug][gc,phases      ] GC(79)     Total                          Min: 0, Avg:  0.0, Max: 0, Diff: 0, Sum: 0, Workers: 4
[4805.797s][debug][gc,phases      ] GC(79)   StringTable Weak               Min:  0.0, Avg:  0.1, Max:  0.1, Diff:  0.1, Sum:  0.4, Workers: 4
[4805.797s][debug][gc,phases      ] GC(79)     Dead                           Min: 0, Avg:  0.0, Max: 0, Diff: 0, Sum: 0, Workers: 4
[4805.797s][debug][gc,phases      ] GC(79)     Total                          Min: 0, Avg: 12137.2, Max: 19712, Diff: 19712, Sum: 48549, Workers: 4
[4805.797s][debug][gc,phases      ] GC(79)   ResolvedMethodTable Weak       Min:  0.0, Avg:  0.0, Max:  0.0, Diff:  0.0, Sum:  0.1, Workers: 4
[4805.797s][debug][gc,phases      ] GC(79)     Dead                           Min: 0, Avg:  0.0, Max: 0, Diff: 0, Sum: 0, Workers: 4
[4805.797s][debug][gc,phases      ] GC(79)     Total                          Min: 0, Avg: 3359.0, Max: 4759, Diff: 4759, Sum: 13436, Workers: 4
[4805.797s][debug][gc,phases      ] GC(79)   JNI Weak                       Min:  0.0, Avg:  0.0, Max:  0.0, Diff:  0.0, Sum:  0.0, Workers: 4
[4805.797s][debug][gc,phases      ] GC(79)     Dead                           Min: 0, Avg:  0.0, Max: 0, Diff: 0, Sum: 0, Workers: 4
[4805.797s][debug][gc,phases      ] GC(79)     Total                          Min: 0, Avg: 12.0, Max: 48, Diff: 48, Sum: 48, Workers: 4
[4805.797s][debug][gc,phases      ] GC(79)   StringDedup Table Weak         Min:  0.0, Avg:  0.0, Max:  0.0, Diff:  0.0, Sum:  0.0, Workers: 4
[4805.797s][debug][gc,phases      ] GC(79)     Dead                           Min: 0, Avg:  0.0, Max: 0, Diff: 0, Sum: 0, Workers: 4
[4805.797s][debug][gc,phases      ] GC(79)     Total                          Min: 0, Avg:  0.0, Max: 0, Diff: 0, Sum: 0, Workers: 4
[4805.797s][debug][gc,phases      ] GC(79)   StringDedup Requests0 Weak     Min:  0.0, Avg:  0.0, Max:  0.0, Diff:  0.0, Sum:  0.0, Workers: 4
[4805.797s][debug][gc,phases      ] GC(79)     Dead                           Min: 0, Avg:  0.0, Max: 0, Diff: 0, Sum: 0, Workers: 4
[4805.797s][debug][gc,phases      ] GC(79)     Total                          Min: 0, Avg:  0.0, Max: 0, Diff: 0, Sum: 0, Workers: 4
[4805.797s][debug][gc,phases      ] GC(79)   StringDedup Requests1 Weak     Min:  0.0, Avg:  0.0, Max:  0.0, Diff:  0.0, Sum:  0.0, Workers: 4
[4805.797s][debug][gc,phases      ] GC(79)     Dead                           Min: 0, Avg:  0.0, Max: 0, Diff: 0, Sum: 0, Workers: 4
[4805.797s][debug][gc,phases      ] GC(79)     Total                          Min: 0, Avg:  0.0, Max: 0, Diff: 0, Sum: 0, Workers: 4
[4805.797s][debug][gc,phases      ] GC(79)   Weak JFR Old Object Samples    Min:  0.0, Avg:  0.0, Max:  0.0, Diff:  0.0, Sum:  0.0, Workers: 4
[4805.797s][debug][gc,phases      ] GC(79)     Dead                           Min: 0, Avg:  0.0, Max: 0, Diff: 0, Sum: 0, Workers: 4
[4805.797s][debug][gc,phases      ] GC(79)     Total                          Min: 0, Avg:  0.0, Max: 0, Diff: 0, Sum: 0, Workers: 4
[4805.797s][debug][gc,phases      ] GC(79) Weak Processing 0.442ms
[4805.797s][debug][gc,age         ] GC(79) Desired survivor size 6815744 bytes, new threshold 1 (max threshold 15)
[4805.797s][info ][gc,heap        ] GC(79) PSYoungGen: 2081440K(2088960K)->160K(2090496K) Eden: 2081280K(2081280K)->0K(2083328K) From: 160K(7680K)->160K(7168K)
[4805.797s][info ][gc,heap        ] GC(79) ParOldGen: 520368K(520704K)->520400K(520704K)
[4805.797s][info ][gc,metaspace   ] GC(79) Metaspace: 96255K(97536K)->96255K(97536K) NonClass: 82133K(82880K)->82133K(82880K) Class: 14122K(14656K)->14122K(14656K)
[4805.797s][info ][gc             ] GC(79) Pause Young (Allocation Failure) 2540M->508M(2550M) 2.556ms
[4805.797s][info ][gc,cpu         ] GC(79) User=0.01s Sys=0.01s Real=0.00s
[4805.797s][info ][safepoint      ] Safepoint "ParallelGCFailedAllocation", Time since last: 97541766144 ns, Reaching safepoint: 88001 ns, Cleanup: 5200 ns, At safepoint: 2653833 ns, Total: 2747034 ns
[4815.798s][info ][safepoint      ] Safepoint "Cleanup", Time since last: 10000683654 ns, Reaching safepoint: 6500 ns, Cleanup: 16500 ns, At safepoint: 2500 ns, Total: 25500 ns
[4892.803s][info ][safepoint      ] Safepoint "Cleanup", Time since last: 77005156840 ns, Reaching safepoint: 6300 ns, Cleanup: 11200 ns, At safepoint: 2100 ns, Total: 19600 ns
[4903.050s][info ][gc,start       ] GC(80) Pause Young (Allocation Failure)
[4903.052s][debug][gc,phases      ] GC(80) Scavenge 2.007ms
[4903.052s][debug][gc,ref         ] GC(80) ReferenceProcessor::execute queues: 1, RefProcThreadModel::Single, marks_oops_alive: false
[4903.052s][debug][gc,ref         ] GC(80) Skipped KeepAliveFinalRefsPhase of Reference Processing: no references
[4903.052s][debug][gc,ref         ] GC(80) Skipped PhantomRefsPhase of Reference Processing: no references
[4903.052s][debug][gc,phases      ] GC(80) Reference Processing 0.130ms
[4903.052s][debug][gc,phases      ] GC(80)   VM Weak                        Min:  0.0, Avg:  0.0, Max:  0.0, Diff:  0.0, Sum:  0.0, Workers: 4
[4903.052s][debug][gc,phases      ] GC(80)     Dead                           Min: 0, Avg:  0.0, Max: 0, Diff: 0, Sum: 0, Workers: 4
[4903.052s][debug][gc,phases      ] GC(80)     Total                          Min: 0, Avg: 251.5, Max: 686, Diff: 686, Sum: 1006, Workers: 4
[4903.052s][debug][gc,phases      ] GC(80)   ObjectSynchronizer Weak        Min:  0.0, Avg:  0.0, Max:  0.0, Diff:  0.0, Sum:  0.0, Workers: 4
[4903.052s][debug][gc,phases      ] GC(80)     Dead                           Min: 0, Avg:  0.0, Max: 0, Diff: 0, Sum: 0, Workers: 4
[4903.052s][debug][gc,phases      ] GC(80)     Total                          Min: 0, Avg:  0.8, Max: 3, Diff: 3, Sum: 3, Workers: 4
[4903.052s][debug][gc,phases      ] GC(80)   JVMTI Tag Weak OopStorage      Min:  0.0, Avg:  0.0, Max:  0.0, Diff:  0.0, Sum:  0.0, Workers: 4
[4903.052s][debug][gc,phases      ] GC(80)     Dead                           Min: 0, Avg:  0.0, Max: 0, Diff: 0, Sum: 0, Workers: 4
[4903.052s][debug][gc,phases      ] GC(80)     Total                          Min: 0, Avg:  0.0, Max: 0, Diff: 0, Sum: 0, Workers: 4
[4903.052s][debug][gc,phases      ] GC(80)   StringTable Weak               Min:  0.0, Avg:  0.1, Max:  0.2, Diff:  0.2, Sum:  0.5, Workers: 4
[4903.052s][debug][gc,phases      ] GC(80)     Dead                           Min: 0, Avg:  0.0, Max: 0, Diff: 0, Sum: 0, Workers: 4
[4903.052s][debug][gc,phases      ] GC(80)     Total                          Min: 0, Avg: 12137.2, Max: 17125, Diff: 17125, Sum: 48549, Workers: 4
[4903.052s][debug][gc,phases      ] GC(80)   ResolvedMethodTable Weak       Min:  0.0, Avg:  0.0, Max:  0.0, Diff:  0.0, Sum:  0.1, Workers: 4
[4903.052s][debug][gc,phases      ] GC(80)     Dead                           Min: 0, Avg:  0.0, Max: 0, Diff: 0, Sum: 0, Workers: 4
[4903.052s][debug][gc,phases      ] GC(80)     Total                          Min: 0, Avg: 3359.0, Max: 4767, Diff: 4767, Sum: 13436, Workers: 4
[4903.052s][debug][gc,phases      ] GC(80)   JNI Weak                       Min:  0.0, Avg:  0.0, Max:  0.0, Diff:  0.0, Sum:  0.0, Workers: 4
[4903.052s][debug][gc,phases      ] GC(80)     Dead                           Min: 0, Avg:  0.0, Max: 0, Diff: 0, Sum: 0, Workers: 4
[4903.052s][debug][gc,phases      ] GC(80)     Total                          Min: 0, Avg: 12.0, Max: 48, Diff: 48, Sum: 48, Workers: 4
[4903.052s][debug][gc,phases      ] GC(80)   StringDedup Table Weak         Min:  0.0, Avg:  0.0, Max:  0.0, Diff:  0.0, Sum:  0.0, Workers: 4
[4903.052s][debug][gc,phases      ] GC(80)     Dead                           Min: 0, Avg:  0.0, Max: 0, Diff: 0, Sum: 0, Workers: 4
[4903.052s][debug][gc,phases      ] GC(80)     Total                          Min: 0, Avg:  0.0, Max: 0, Diff: 0, Sum: 0, Workers: 4
[4903.052s][debug][gc,phases      ] GC(80)   StringDedup Requests0 Weak     Min:  0.0, Avg:  0.0, Max:  0.0, Diff:  0.0, Sum:  0.0, Workers: 4
[4903.053s][debug][gc,phases      ] GC(80)     Dead                           Min: 0, Avg:  0.0, Max: 0, Diff: 0, Sum: 0, Workers: 4
[4903.053s][debug][gc,phases      ] GC(80)     Total                          Min: 0, Avg:  0.0, Max: 0, Diff: 0, Sum: 0, Workers: 4
[4903.053s][debug][gc,phases      ] GC(80)   StringDedup Requests1 Weak     Min:  0.0, Avg:  0.0, Max:  0.0, Diff:  0.0, Sum:  0.0, Workers: 4
[4903.053s][debug][gc,phases      ] GC(80)     Dead                           Min: 0, Avg:  0.0, Max: 0, Diff: 0, Sum: 0, Workers: 4
[4903.053s][debug][gc,phases      ] GC(80)     Total                          Min: 0, Avg:  0.0, Max: 0, Diff: 0, Sum: 0, Workers: 4
[4903.053s][debug][gc,phases      ] GC(80)   Weak JFR Old Object Samples    Min:  0.0, Avg:  0.0, Max:  0.0, Diff:  0.0, Sum:  0.0, Workers: 4
[4903.053s][debug][gc,phases      ] GC(80)     Dead                           Min: 0, Avg:  0.0, Max: 0, Diff: 0, Sum: 0, Workers: 4
[4903.053s][debug][gc,phases      ] GC(80)     Total                          Min: 0, Avg:  0.0, Max: 0, Diff: 0, Sum: 0, Workers: 4
[4903.053s][debug][gc,phases      ] GC(80) Weak Processing 0.435ms
[4903.053s][debug][gc,age         ] GC(80) Desired survivor size 6291456 bytes, new threshold 1 (max threshold 15)
[4903.053s][info ][gc,heap        ] GC(80) PSYoungGen: 2083488K(2090496K)->192K(2089984K) Eden: 2083328K(2083328K)->0K(2083328K) From: 160K(7168K)->192K(6656K)
[4903.053s][info ][gc,heap        ] GC(80) ParOldGen: 520400K(520704K)->520432K(520704K)
[4903.053s][info ][gc,metaspace   ] GC(80) Metaspace: 96260K(97536K)->96260K(97536K) NonClass: 82138K(82880K)->82138K(82880K) Class: 14122K(14656K)->14122K(14656K)
[4903.053s][info ][gc             ] GC(80) Pause Young (Allocation Failure) 2542M->508M(2549M) 2.708ms
[4903.053s][info ][gc,cpu         ] GC(80) User=0.00s Sys=0.00s Real=0.00s
[4903.053s][info ][safepoint      ] Safepoint "ParallelGCFailedAllocation", Time since last: 10246654674 ns, Reaching safepoint: 7500 ns, Cleanup: 5700 ns, At safepoint: 2816931 ns, Total: 2830131 ns
[5001.595s][info ][gc,start       ] GC(81) Pause Young (Allocation Failure)
[5001.597s][debug][gc,phases      ] GC(81) Scavenge 1.839ms
[5001.597s][debug][gc,ref         ] GC(81) ReferenceProcessor::execute queues: 1, RefProcThreadModel::Single, marks_oops_alive: false
[5001.597s][debug][gc,ref         ] GC(81) Skipped KeepAliveFinalRefsPhase of Reference Processing: no references
[5001.597s][debug][gc,ref         ] GC(81) Skipped PhantomRefsPhase of Reference Processing: no references
[5001.597s][debug][gc,phases      ] GC(81) Reference Processing 0.131ms
[5001.597s][debug][gc,phases      ] GC(81)   VM Weak                        Min:  0.0, Avg:  0.0, Max:  0.0, Diff:  0.0, Sum:  0.0, Workers: 4
[5001.597s][debug][gc,phases      ] GC(81)     Dead                           Min: 0, Avg:  0.0, Max: 0, Diff: 0, Sum: 0, Workers: 4
[5001.597s][debug][gc,phases      ] GC(81)     Total                          Min: 0, Avg: 251.5, Max: 622, Diff: 622, Sum: 1006, Workers: 4
[5001.597s][debug][gc,phases      ] GC(81)   ObjectSynchronizer Weak        Min:  0.0, Avg:  0.0, Max:  0.0, Diff:  0.0, Sum:  0.0, Workers: 4
[5001.597s][debug][gc,phases      ] GC(81)     Dead                           Min: 0, Avg:  0.0, Max: 0, Diff: 0, Sum: 0, Workers: 4
[5001.597s][debug][gc,phases      ] GC(81)     Total                          Min: 0, Avg:  0.8, Max: 3, Diff: 3, Sum: 3, Workers: 4
[5001.597s][debug][gc,phases      ] GC(81)   JVMTI Tag Weak OopStorage      Min:  0.0, Avg:  0.0, Max:  0.0, Diff:  0.0, Sum:  0.0, Workers: 4
[5001.597s][debug][gc,phases      ] GC(81)     Dead                           Min: 0, Avg:  0.0, Max: 0, Diff: 0, Sum: 0, Workers: 4
[5001.597s][debug][gc,phases      ] GC(81)     Total                          Min: 0, Avg:  0.0, Max: 0, Diff: 0, Sum: 0, Workers: 4
[5001.597s][debug][gc,phases      ] GC(81)   StringTable Weak               Min:  0.0, Avg:  0.1, Max:  0.2, Diff:  0.2, Sum:  0.6, Workers: 4
[5001.597s][debug][gc,phases      ] GC(81)     Dead                           Min: 0, Avg:  0.0, Max: 0, Diff: 0, Sum: 0, Workers: 4
[5001.597s][debug][gc,phases      ] GC(81)     Total                          Min: 0, Avg: 12137.2, Max: 19237, Diff: 19237, Sum: 48549, Workers: 4
[5001.597s][debug][gc,phases      ] GC(81)   ResolvedMethodTable Weak       Min:  0.0, Avg:  0.0, Max:  0.0, Diff:  0.0, Sum:  0.1, Workers: 4
[5001.597s][debug][gc,phases      ] GC(81)     Dead                           Min: 0, Avg:  0.0, Max: 0, Diff: 0, Sum: 0, Workers: 4
[5001.597s][debug][gc,phases      ] GC(81)     Total                          Min: 0, Avg: 3359.0, Max: 4695, Diff: 4695, Sum: 13436, Workers: 4
[5001.597s][debug][gc,phases      ] GC(81)   JNI Weak                       Min:  0.0, Avg:  0.0, Max:  0.0, Diff:  0.0, Sum:  0.0, Workers: 4
[5001.597s][debug][gc,phases      ] GC(81)     Dead                           Min: 0, Avg:  0.0, Max: 0, Diff: 0, Sum: 0, Workers: 4
[5001.597s][debug][gc,phases      ] GC(81)     Total                          Min: 0, Avg: 12.0, Max: 48, Diff: 48, Sum: 48, Workers: 4
[5001.597s][debug][gc,phases      ] GC(81)   StringDedup Table Weak         Min:  0.0, Avg:  0.0, Max:  0.0, Diff:  0.0, Sum:  0.0, Workers: 4
[5001.597s][debug][gc,phases      ] GC(81)     Dead                           Min: 0, Avg:  0.0, Max: 0, Diff: 0, Sum: 0, Workers: 4
[5001.597s][debug][gc,phases      ] GC(81)     Total                          Min: 0, Avg:  0.0, Max: 0, Diff: 0, Sum: 0, Workers: 4
[5001.597s][debug][gc,phases      ] GC(81)   StringDedup Requests0 Weak     Min:  0.0, Avg:  0.0, Max:  0.0, Diff:  0.0, Sum:  0.0, Workers: 4
[5001.597s][debug][gc,phases      ] GC(81)     Dead                           Min: 0, Avg:  0.0, Max: 0, Diff: 0, Sum: 0, Workers: 4
[5001.597s][debug][gc,phases      ] GC(81)     Total                          Min: 0, Avg:  0.0, Max: 0, Diff: 0, Sum: 0, Workers: 4
[5001.597s][debug][gc,phases      ] GC(81)   StringDedup Requests1 Weak     Min:  0.0, Avg:  0.0, Max:  0.0, Diff:  0.0, Sum:  0.0, Workers: 4
[5001.597s][debug][gc,phases      ] GC(81)     Dead                           Min: 0, Avg:  0.0, Max: 0, Diff: 0, Sum: 0, Workers: 4
[5001.597s][debug][gc,phases      ] GC(81)     Total                          Min: 0, Avg:  0.0, Max: 0, Diff: 0, Sum: 0, Workers: 4
[5001.597s][debug][gc,phases      ] GC(81)   Weak JFR Old Object Samples    Min:  0.0, Avg:  0.0, Max:  0.0, Diff:  0.0, Sum:  0.0, Workers: 4
[5001.597s][debug][gc,phases      ] GC(81)     Dead                           Min: 0, Avg:  0.0, Max: 0, Diff: 0, Sum: 0, Workers: 4
[5001.597s][debug][gc,phases      ] GC(81)     Total                          Min: 0, Avg:  0.0, Max: 0, Diff: 0, Sum: 0, Workers: 4
[5001.597s][debug][gc,phases      ] GC(81) Weak Processing 0.536ms
[5001.597s][debug][gc,age         ] GC(81) Desired survivor size 5767168 bytes, new threshold 1 (max threshold 15)
[5001.597s][info ][gc,heap        ] GC(81) PSYoungGen: 2083520K(2089984K)->192K(2091520K) Eden: 2083328K(2083328K)->0K(2085376K) From: 192K(6656K)->192K(6144K)
[5001.597s][info ][gc,heap        ] GC(81) ParOldGen: 520432K(520704K)->520464K(520704K)
[5001.597s][info ][gc,metaspace   ] GC(81) Metaspace: 96260K(97536K)->96260K(97536K) NonClass: 82138K(82880K)->82138K(82880K) Class: 14122K(14656K)->14122K(14656K)
[5001.597s][info ][gc             ] GC(81) Pause Young (Allocation Failure) 2542M->508M(2551M) 2.658ms
[5001.597s][info ][gc,cpu         ] GC(81) User=0.01s Sys=0.00s Real=0.00s
[5001.597s][info ][safepoint      ] Safepoint "ParallelGCFailedAllocation", Time since last: 98541906064 ns, Reaching safepoint: 5300 ns, Cleanup: 4600 ns, At safepoint: 2762524 ns, Total: 2772424 ns
[5100.094s][info ][gc,start       ] GC(82) Pause Young (Allocation Failure)
[5100.097s][debug][gc,phases      ] GC(82) Scavenge 2.616ms
[5100.097s][debug][gc,ref         ] GC(82) ReferenceProcessor::execute queues: 1, RefProcThreadModel::Single, marks_oops_alive: false
[5100.097s][debug][gc,ref         ] GC(82) Skipped KeepAliveFinalRefsPhase of Reference Processing: no references
[5100.097s][debug][gc,ref         ] GC(82) Skipped PhantomRefsPhase of Reference Processing: no references
[5100.097s][debug][gc,phases      ] GC(82) Reference Processing 0.114ms
[5100.097s][debug][gc,phases      ] GC(82)   VM Weak                        Min:  0.0, Avg:  0.0, Max:  0.0, Diff:  0.0, Sum:  0.0, Workers: 4
[5100.097s][debug][gc,phases      ] GC(82)     Dead                           Min: 0, Avg:  0.0, Max: 0, Diff: 0, Sum: 0, Workers: 4
[5100.097s][debug][gc,phases      ] GC(82)     Total                          Min: 0, Avg: 251.5, Max: 558, Diff: 558, Sum: 1006, Workers: 4
[5100.097s][debug][gc,phases      ] GC(82)   ObjectSynchronizer Weak        Min:  0.0, Avg:  0.0, Max:  0.0, Diff:  0.0, Sum:  0.0, Workers: 4
[5100.097s][debug][gc,phases      ] GC(82)     Dead                           Min: 0, Avg:  0.0, Max: 0, Diff: 0, Sum: 0, Workers: 4
[5100.097s][debug][gc,phases      ] GC(82)     Total                          Min: 0, Avg:  0.8, Max: 3, Diff: 3, Sum: 3, Workers: 4
[5100.097s][debug][gc,phases      ] GC(82)   JVMTI Tag Weak OopStorage      Min:  0.0, Avg:  0.0, Max:  0.0, Diff:  0.0, Sum:  0.0, Workers: 4
[5100.097s][debug][gc,phases      ] GC(82)     Dead                           Min: 0, Avg:  0.0, Max: 0, Diff: 0, Sum: 0, Workers: 4
[5100.097s][debug][gc,phases      ] GC(82)     Total                          Min: 0, Avg:  0.0, Max: 0, Diff: 0, Sum: 0, Workers: 4
[5100.097s][debug][gc,phases      ] GC(82)   StringTable Weak               Min:  0.0, Avg:  0.1, Max:  0.2, Diff:  0.2, Sum:  0.4, Workers: 4
[5100.097s][debug][gc,phases      ] GC(82)     Dead                           Min: 0, Avg:  0.0, Max: 0, Diff: 0, Sum: 0, Workers: 4
[5100.097s][debug][gc,phases      ] GC(82)     Total                          Min: 0, Avg: 12137.2, Max: 27904, Diff: 27904, Sum: 48549, Workers: 4
[5100.097s][debug][gc,phases      ] GC(82)   ResolvedMethodTable Weak       Min:  0.0, Avg:  0.0, Max:  0.1, Diff:  0.1, Sum:  0.1, Workers: 4
[5100.097s][debug][gc,phases      ] GC(82)     Dead                           Min: 0, Avg:  0.0, Max: 0, Diff: 0, Sum: 0, Workers: 4
[5100.097s][debug][gc,phases      ] GC(82)     Total                          Min: 0, Avg: 3359.0, Max: 8106, Diff: 8106, Sum: 13436, Workers: 4
[5100.097s][debug][gc,phases      ] GC(82)   JNI Weak                       Min:  0.0, Avg:  0.0, Max:  0.0, Diff:  0.0, Sum:  0.0, Workers: 4
[5100.097s][debug][gc,phases      ] GC(82)     Dead                           Min: 0, Avg:  0.0, Max: 0, Diff: 0, Sum: 0, Workers: 4
[5100.097s][debug][gc,phases      ] GC(82)     Total                          Min: 0, Avg: 12.0, Max: 48, Diff: 48, Sum: 48, Workers: 4
[5100.097s][debug][gc,phases      ] GC(82)   StringDedup Table Weak         Min:  0.0, Avg:  0.0, Max:  0.0, Diff:  0.0, Sum:  0.0, Workers: 4
[5100.097s][debug][gc,phases      ] GC(82)     Dead                           Min: 0, Avg:  0.0, Max: 0, Diff: 0, Sum: 0, Workers: 4
[5100.097s][debug][gc,phases      ] GC(82)     Total                          Min: 0, Avg:  0.0, Max: 0, Diff: 0, Sum: 0, Workers: 4
[5100.097s][debug][gc,phases      ] GC(82)   StringDedup Requests0 Weak     Min:  0.0, Avg:  0.0, Max:  0.0, Diff:  0.0, Sum:  0.0, Workers: 4
[5100.097s][debug][gc,phases      ] GC(82)     Dead                           Min: 0, Avg:  0.0, Max: 0, Diff: 0, Sum: 0, Workers: 4
[5100.097s][debug][gc,phases      ] GC(82)     Total                          Min: 0, Avg:  0.0, Max: 0, Diff: 0, Sum: 0, Workers: 4
[5100.097s][debug][gc,phases      ] GC(82)   StringDedup Requests1 Weak     Min:  0.0, Avg:  0.0, Max:  0.0, Diff:  0.0, Sum:  0.0, Workers: 4
[5100.097s][debug][gc,phases      ] GC(82)     Dead                           Min: 0, Avg:  0.0, Max: 0, Diff: 0, Sum: 0, Workers: 4
[5100.097s][debug][gc,phases      ] GC(82)     Total                          Min: 0, Avg:  0.0, Max: 0, Diff: 0, Sum: 0, Workers: 4
[5100.097s][debug][gc,phases      ] GC(82)   Weak JFR Old Object Samples    Min:  0.0, Avg:  0.0, Max:  0.0, Diff:  0.0, Sum:  0.0, Workers: 4
[5100.097s][debug][gc,phases      ] GC(82)     Dead                           Min: 0, Avg:  0.0, Max: 0, Diff: 0, Sum: 0, Workers: 4
[5100.097s][debug][gc,phases      ] GC(82)     Total                          Min: 0, Avg:  0.0, Max: 0, Diff: 0, Sum: 0, Workers: 4
[5100.097s][debug][gc,phases      ] GC(82) Weak Processing 0.509ms
[5100.098s][debug][gc,age         ] GC(82) Desired survivor size 5242880 bytes, new threshold 1 (max threshold 15)
[5100.098s][info ][gc,heap        ] GC(82) PSYoungGen: 2085568K(2091520K)->224K(2091008K) Eden: 2085376K(2085376K)->0K(2085376K) From: 192K(6144K)->224K(5632K)
[5100.098s][info ][gc,heap        ] GC(82) ParOldGen: 520464K(520704K)->520496K(520704K)
[5100.098s][info ][gc,metaspace   ] GC(82) Metaspace: 96262K(97536K)->96262K(97536K) NonClass: 82140K(82880K)->82140K(82880K) Class: 14122K(14656K)->14122K(14656K)
[5100.098s][info ][gc             ] GC(82) Pause Young (Allocation Failure) 2544M->508M(2550M) 3.377ms
[5100.098s][info ][gc,cpu         ] GC(82) User=0.00s Sys=0.00s Real=0.00s
[5100.098s][info ][safepoint      ] Safepoint "ParallelGCFailedAllocation", Time since last: 98496782493 ns, Reaching safepoint: 6600 ns, Cleanup: 5500 ns, At safepoint: 3466125 ns, Total: 3478225 ns
[5118.099s][info ][safepoint      ] Safepoint "Cleanup", Time since last: 18001351752 ns, Reaching safepoint: 7000 ns, Cleanup: 13300 ns, At safepoint: 2600 ns, Total: 22900 ns
[5168.102s][info ][safepoint      ] Safepoint "Cleanup", Time since last: 50003425831 ns, Reaching safepoint: 7601 ns, Cleanup: 13000 ns, At safepoint: 2700 ns, Total: 23301 ns
[5197.367s][info ][gc,start       ] GC(83) Pause Young (Allocation Failure)
[5197.369s][debug][gc,phases      ] GC(83) Scavenge 2.011ms
[5197.369s][debug][gc,ref         ] GC(83) ReferenceProcessor::execute queues: 1, RefProcThreadModel::Single, marks_oops_alive: false
[5197.369s][debug][gc,ref         ] GC(83) Skipped KeepAliveFinalRefsPhase of Reference Processing: no references
[5197.369s][debug][gc,ref         ] GC(83) Skipped PhantomRefsPhase of Reference Processing: no references
[5197.369s][debug][gc,phases      ] GC(83) Reference Processing 0.111ms
[5197.370s][debug][gc,phases      ] GC(83)   VM Weak                        Min:  0.0, Avg:  0.0, Max:  0.0, Diff:  0.0, Sum:  0.0, Workers: 4
[5197.370s][debug][gc,phases      ] GC(83)     Dead                           Min: 0, Avg:  0.0, Max: 0, Diff: 0, Sum: 0, Workers: 4
[5197.370s][debug][gc,phases      ] GC(83)     Total                          Min: 0, Avg: 251.5, Max: 1006, Diff: 1006, Sum: 1006, Workers: 4
[5197.370s][debug][gc,phases      ] GC(83)   ObjectSynchronizer Weak        Min:  0.0, Avg:  0.0, Max:  0.0, Diff:  0.0, Sum:  0.0, Workers: 4
[5197.370s][debug][gc,phases      ] GC(83)     Dead                           Min: 0, Avg:  0.0, Max: 0, Diff: 0, Sum: 0, Workers: 4
[5197.370s][debug][gc,phases      ] GC(83)     Total                          Min: 0, Avg:  0.8, Max: 3, Diff: 3, Sum: 3, Workers: 4
[5197.370s][debug][gc,phases      ] GC(83)   JVMTI Tag Weak OopStorage      Min:  0.0, Avg:  0.0, Max:  0.0, Diff:  0.0, Sum:  0.0, Workers: 4
[5197.370s][debug][gc,phases      ] GC(83)     Dead                           Min: 0, Avg:  0.0, Max: 0, Diff: 0, Sum: 0, Workers: 4
[5197.370s][debug][gc,phases      ] GC(83)     Total                          Min: 0, Avg:  0.0, Max: 0, Diff: 0, Sum: 0, Workers: 4
[5197.370s][debug][gc,phases      ] GC(83)   StringTable Weak               Min:  0.0, Avg:  0.1, Max:  0.2, Diff:  0.2, Sum:  0.5, Workers: 4
[5197.370s][debug][gc,phases      ] GC(83)     Dead                           Min: 0, Avg:  0.0, Max: 0, Diff: 0, Sum: 0, Workers: 4
[5197.370s][debug][gc,phases      ] GC(83)     Total                          Min: 0, Avg: 12137.2, Max: 17856, Diff: 17856, Sum: 48549, Workers: 4
[5197.370s][debug][gc,phases      ] GC(83)   ResolvedMethodTable Weak       Min:  0.0, Avg:  0.0, Max:  0.0, Diff:  0.0, Sum:  0.1, Workers: 4
[5197.370s][debug][gc,phases      ] GC(83)     Dead                           Min: 0, Avg:  0.0, Max: 0, Diff: 0, Sum: 0, Workers: 4
[5197.370s][debug][gc,phases      ] GC(83)     Total                          Min: 0, Avg: 3359.0, Max: 4640, Diff: 4640, Sum: 13436, Workers: 4
[5197.370s][debug][gc,phases      ] GC(83)   JNI Weak                       Min:  0.0, Avg:  0.0, Max:  0.0, Diff:  0.0, Sum:  0.0, Workers: 4
[5197.370s][debug][gc,phases      ] GC(83)     Dead                           Min: 0, Avg:  0.0, Max: 0, Diff: 0, Sum: 0, Workers: 4
[5197.370s][debug][gc,phases      ] GC(83)     Total                          Min: 0, Avg: 12.0, Max: 48, Diff: 48, Sum: 48, Workers: 4
[5197.370s][debug][gc,phases      ] GC(83)   StringDedup Table Weak         Min:  0.0, Avg:  0.0, Max:  0.0, Diff:  0.0, Sum:  0.0, Workers: 4
[5197.370s][debug][gc,phases      ] GC(83)     Dead                           Min: 0, Avg:  0.0, Max: 0, Diff: 0, Sum: 0, Workers: 4
[5197.370s][debug][gc,phases      ] GC(83)     Total                          Min: 0, Avg:  0.0, Max: 0, Diff: 0, Sum: 0, Workers: 4
[5197.370s][debug][gc,phases      ] GC(83)   StringDedup Requests0 Weak     Min:  0.0, Avg:  0.0, Max:  0.0, Diff:  0.0, Sum:  0.0, Workers: 4
[5197.370s][debug][gc,phases      ] GC(83)     Dead                           Min: 0, Avg:  0.0, Max: 0, Diff: 0, Sum: 0, Workers: 4
[5197.370s][debug][gc,phases      ] GC(83)     Total                          Min: 0, Avg:  0.0, Max: 0, Diff: 0, Sum: 0, Workers: 4
[5197.370s][debug][gc,phases      ] GC(83)   StringDedup Requests1 Weak     Min:  0.0, Avg:  0.0, Max:  0.0, Diff:  0.0, Sum:  0.0, Workers: 4
[5197.370s][debug][gc,phases      ] GC(83)     Dead                           Min: 0, Avg:  0.0, Max: 0, Diff: 0, Sum: 0, Workers: 4
[5197.370s][debug][gc,phases      ] GC(83)     Total                          Min: 0, Avg:  0.0, Max: 0, Diff: 0, Sum: 0, Workers: 4
[5197.370s][debug][gc,phases      ] GC(83)   Weak JFR Old Object Samples    Min:  0.0, Avg:  0.0, Max:  0.0, Diff:  0.0, Sum:  0.0, Workers: 4
[5197.370s][debug][gc,phases      ] GC(83)     Dead                           Min: 0, Avg:  0.0, Max: 0, Diff: 0, Sum: 0, Workers: 4
[5197.370s][debug][gc,phases      ] GC(83)     Total                          Min: 0, Avg:  0.0, Max: 0, Diff: 0, Sum: 0, Workers: 4
[5197.370s][debug][gc,phases      ] GC(83) Weak Processing 0.458ms
[5197.370s][debug][gc,age         ] GC(83) Desired survivor size 4718592 bytes, new threshold 1 (max threshold 15)
[5197.370s][info ][gc,heap        ] GC(83) PSYoungGen: 2085600K(2091008K)->128K(2092544K) Eden: 2085376K(2085376K)->0K(2087424K) From: 224K(5632K)->128K(5120K)
[5197.370s][info ][gc,heap        ] GC(83) ParOldGen: 520496K(520704K)->520528K(520704K)
[5197.370s][info ][gc,metaspace   ] GC(83) Metaspace: 96270K(97536K)->96270K(97536K) NonClass: 82148K(82880K)->82148K(82880K) Class: 14122K(14656K)->14122K(14656K)
[5197.370s][info ][gc             ] GC(83) Pause Young (Allocation Failure) 2545M->508M(2552M) 2.713ms
[5197.370s][info ][gc,cpu         ] GC(83) User=0.01s Sys=0.00s Real=0.00s
[5197.370s][info ][safepoint      ] Safepoint "ParallelGCFailedAllocation", Time since last: 29264605117 ns, Reaching safepoint: 8000 ns, Cleanup: 4800 ns, At safepoint: 2833820 ns, Total: 2846620 ns
[5294.944s][info ][gc,start       ] GC(84) Pause Young (Allocation Failure)
[5294.946s][debug][gc,phases      ] GC(84) Scavenge 2.466ms
[5294.947s][debug][gc,ref         ] GC(84) ReferenceProcessor::execute queues: 1, RefProcThreadModel::Single, marks_oops_alive: false
[5294.947s][debug][gc,ref         ] GC(84) Skipped KeepAliveFinalRefsPhase of Reference Processing: no references
[5294.947s][debug][gc,ref         ] GC(84) Skipped PhantomRefsPhase of Reference Processing: no references
[5294.947s][debug][gc,phases      ] GC(84) Reference Processing 0.110ms
[5294.947s][debug][gc,phases      ] GC(84)   VM Weak                        Min:  0.0, Avg:  0.0, Max:  0.0, Diff:  0.0, Sum:  0.0, Workers: 4
[5294.947s][debug][gc,phases      ] GC(84)     Dead                           Min: 0, Avg:  0.0, Max: 0, Diff: 0, Sum: 0, Workers: 4
[5294.947s][debug][gc,phases      ] GC(84)     Total                          Min: 128, Avg: 251.5, Max: 558, Diff: 430, Sum: 1006, Workers: 4
[5294.947s][debug][gc,phases      ] GC(84)   ObjectSynchronizer Weak        Min:  0.0, Avg:  0.0, Max:  0.0, Diff:  0.0, Sum:  0.0, Workers: 4
[5294.947s][debug][gc,phases      ] GC(84)     Dead                           Min: 0, Avg:  0.0, Max: 0, Diff: 0, Sum: 0, Workers: 4
[5294.947s][debug][gc,phases      ] GC(84)     Total                          Min: 0, Avg:  0.8, Max: 3, Diff: 3, Sum: 3, Workers: 4
[5294.947s][debug][gc,phases      ] GC(84)   JVMTI Tag Weak OopStorage      Min:  0.0, Avg:  0.0, Max:  0.0, Diff:  0.0, Sum:  0.0, Workers: 4
[5294.947s][debug][gc,phases      ] GC(84)     Dead                           Min: 0, Avg:  0.0, Max: 0, Diff: 0, Sum: 0, Workers: 4
[5294.947s][debug][gc,phases      ] GC(84)     Total                          Min: 0, Avg:  0.0, Max: 0, Diff: 0, Sum: 0, Workers: 4
[5294.947s][debug][gc,phases      ] GC(84)   StringTable Weak               Min:  0.1, Avg:  0.1, Max:  0.1, Diff:  0.0, Sum:  0.4, Workers: 4
[5294.947s][debug][gc,phases      ] GC(84)     Dead                           Min: 0, Avg:  0.0, Max: 0, Diff: 0, Sum: 0, Workers: 4
[5294.947s][debug][gc,phases      ] GC(84)     Total                          Min: 10944, Avg: 12137.2, Max: 13696, Diff: 2752, Sum: 48549, Workers: 4
[5294.947s][debug][gc,phases      ] GC(84)   ResolvedMethodTable Weak       Min:  0.0, Avg:  0.0, Max:  0.0, Diff:  0.0, Sum:  0.1, Workers: 4
[5294.947s][debug][gc,phases      ] GC(84)     Dead                           Min: 0, Avg:  0.0, Max: 0, Diff: 0, Sum: 0, Workers: 4
[5294.947s][debug][gc,phases      ] GC(84)     Total                          Min: 3226, Avg: 3359.0, Max: 3662, Diff: 436, Sum: 13436, Workers: 4
[5294.947s][debug][gc,phases      ] GC(84)   JNI Weak                       Min:  0.0, Avg:  0.0, Max:  0.0, Diff:  0.0, Sum:  0.0, Workers: 4
[5294.947s][debug][gc,phases      ] GC(84)     Dead                           Min: 0, Avg:  0.0, Max: 0, Diff: 0, Sum: 0, Workers: 4
[5294.947s][debug][gc,phases      ] GC(84)     Total                          Min: 0, Avg: 12.0, Max: 48, Diff: 48, Sum: 48, Workers: 4
[5294.947s][debug][gc,phases      ] GC(84)   StringDedup Table Weak         Min:  0.0, Avg:  0.0, Max:  0.0, Diff:  0.0, Sum:  0.0, Workers: 4
[5294.947s][debug][gc,phases      ] GC(84)     Dead                           Min: 0, Avg:  0.0, Max: 0, Diff: 0, Sum: 0, Workers: 4
[5294.947s][debug][gc,phases      ] GC(84)     Total                          Min: 0, Avg:  0.0, Max: 0, Diff: 0, Sum: 0, Workers: 4
[5294.947s][debug][gc,phases      ] GC(84)   StringDedup Requests0 Weak     Min:  0.0, Avg:  0.0, Max:  0.0, Diff:  0.0, Sum:  0.0, Workers: 4
[5294.947s][debug][gc,phases      ] GC(84)     Dead                           Min: 0, Avg:  0.0, Max: 0, Diff: 0, Sum: 0, Workers: 4
[5294.947s][debug][gc,phases      ] GC(84)     Total                          Min: 0, Avg:  0.0, Max: 0, Diff: 0, Sum: 0, Workers: 4
[5294.947s][debug][gc,phases      ] GC(84)   StringDedup Requests1 Weak     Min:  0.0, Avg:  0.0, Max:  0.0, Diff:  0.0, Sum:  0.0, Workers: 4
[5294.947s][debug][gc,phases      ] GC(84)     Dead                           Min: 0, Avg:  0.0, Max: 0, Diff: 0, Sum: 0, Workers: 4
[5294.947s][debug][gc,phases      ] GC(84)     Total                          Min: 0, Avg:  0.0, Max: 0, Diff: 0, Sum: 0, Workers: 4
[5294.947s][debug][gc,phases      ] GC(84)   Weak JFR Old Object Samples    Min:  0.0, Avg:  0.0, Max:  0.0, Diff:  0.0, Sum:  0.0, Workers: 4
[5294.947s][debug][gc,phases      ] GC(84)     Dead                           Min: 0, Avg:  0.0, Max: 0, Diff: 0, Sum: 0, Workers: 4
[5294.947s][debug][gc,phases      ] GC(84)     Total                          Min: 0, Avg:  0.0, Max: 0, Diff: 0, Sum: 0, Workers: 4
[5294.947s][debug][gc,phases      ] GC(84) Weak Processing 0.378ms
[5294.947s][debug][gc,age         ] GC(84) Desired survivor size 4718592 bytes, new threshold 1 (max threshold 15)
[5294.947s][info ][gc,heap        ] GC(84) PSYoungGen: 2087552K(2092544K)->192K(2092032K) Eden: 2087424K(2087424K)->0K(2087424K) From: 128K(5120K)->192K(4608K)
[5294.947s][info ][gc,heap        ] GC(84) ParOldGen: 520528K(520704K)->520552K(520704K)
[5294.947s][info ][gc,metaspace   ] GC(84) Metaspace: 96270K(97536K)->96270K(97536K) NonClass: 82148K(82880K)->82148K(82880K) Class: 14122K(14656K)->14122K(14656K)
[5294.947s][info ][gc             ] GC(84) Pause Young (Allocation Failure) 2546M->508M(2551M) 3.070ms
[5294.947s][info ][gc,cpu         ] GC(84) User=0.01s Sys=0.00s Real=0.01s
[5294.947s][info ][safepoint      ] Safepoint "ParallelGCFailedAllocation", Time since last: 97573917384 ns, Reaching safepoint: 83805 ns, Cleanup: 6301 ns, At safepoint: 3179610 ns, Total: 3269716 ns
[5393.418s][info ][gc,start       ] GC(85) Pause Young (Allocation Failure)
[5393.420s][debug][gc,phases      ] GC(85) Scavenge 1.576ms
[5393.420s][debug][gc,ref         ] GC(85) ReferenceProcessor::execute queues: 1, RefProcThreadModel::Single, marks_oops_alive: false
[5393.420s][debug][gc,ref         ] GC(85) Skipped KeepAliveFinalRefsPhase of Reference Processing: no references
[5393.420s][debug][gc,ref         ] GC(85) Skipped PhantomRefsPhase of Reference Processing: no references
[5393.420s][debug][gc,phases      ] GC(85) Reference Processing 0.128ms
[5393.420s][debug][gc,phases      ] GC(85)   VM Weak                        Min:  0.0, Avg:  0.0, Max:  0.0, Diff:  0.0, Sum:  0.0, Workers: 4
[5393.420s][debug][gc,phases      ] GC(85)     Dead                           Min: 0, Avg:  0.0, Max: 0, Diff: 0, Sum: 0, Workers: 4
[5393.420s][debug][gc,phases      ] GC(85)     Total                          Min: 0, Avg: 251.5, Max: 640, Diff: 640, Sum: 1006, Workers: 4
[5393.420s][debug][gc,phases      ] GC(85)   ObjectSynchronizer Weak        Min:  0.0, Avg:  0.0, Max:  0.0, Diff:  0.0, Sum:  0.0, Workers: 4
[5393.420s][debug][gc,phases      ] GC(85)     Dead                           Min: 0, Avg:  0.0, Max: 0, Diff: 0, Sum: 0, Workers: 4
[5393.420s][debug][gc,phases      ] GC(85)     Total                          Min: 0, Avg:  0.8, Max: 3, Diff: 3, Sum: 3, Workers: 4
[5393.420s][debug][gc,phases      ] GC(85)   JVMTI Tag Weak OopStorage      Min:  0.0, Avg:  0.0, Max:  0.0, Diff:  0.0, Sum:  0.0, Workers: 4
[5393.420s][debug][gc,phases      ] GC(85)     Dead                           Min: 0, Avg:  0.0, Max: 0, Diff: 0, Sum: 0, Workers: 4
[5393.420s][debug][gc,phases      ] GC(85)     Total                          Min: 0, Avg:  0.0, Max: 0, Diff: 0, Sum: 0, Workers: 4
[5393.420s][debug][gc,phases      ] GC(85)   StringTable Weak               Min:  0.1, Avg:  0.1, Max:  0.1, Diff:  0.0, Sum:  0.5, Workers: 4
[5393.420s][debug][gc,phases      ] GC(85)     Dead                           Min: 0, Avg:  0.0, Max: 0, Diff: 0, Sum: 0, Workers: 4
[5393.420s][debug][gc,phases      ] GC(85)     Total                          Min: 10624, Avg: 12142.2, Max: 12928, Diff: 2304, Sum: 48569, Workers: 4
[5393.420s][debug][gc,phases      ] GC(85)   ResolvedMethodTable Weak       Min:  0.0, Avg:  0.1, Max:  0.1, Diff:  0.1, Sum:  0.2, Workers: 4
[5393.420s][debug][gc,phases      ] GC(85)     Dead                           Min: 0, Avg:  0.0, Max: 0, Diff: 0, Sum: 0, Workers: 4
[5393.420s][debug][gc,phases      ] GC(85)     Total                          Min: 1271, Avg: 3359.0, Max: 4459, Diff: 3188, Sum: 13436, Workers: 4
[5393.420s][debug][gc,phases      ] GC(85)   JNI Weak                       Min:  0.0, Avg:  0.0, Max:  0.0, Diff:  0.0, Sum:  0.0, Workers: 4
[5393.420s][debug][gc,phases      ] GC(85)     Dead                           Min: 0, Avg:  0.0, Max: 0, Diff: 0, Sum: 0, Workers: 4
[5393.420s][debug][gc,phases      ] GC(85)     Total                          Min: 0, Avg: 12.0, Max: 48, Diff: 48, Sum: 48, Workers: 4
[5393.420s][debug][gc,phases      ] GC(85)   StringDedup Table Weak         Min:  0.0, Avg:  0.0, Max:  0.0, Diff:  0.0, Sum:  0.0, Workers: 4
[5393.420s][debug][gc,phases      ] GC(85)     Dead                           Min: 0, Avg:  0.0, Max: 0, Diff: 0, Sum: 0, Workers: 4
[5393.420s][debug][gc,phases      ] GC(85)     Total                          Min: 0, Avg:  0.0, Max: 0, Diff: 0, Sum: 0, Workers: 4
[5393.420s][debug][gc,phases      ] GC(85)   StringDedup Requests0 Weak     Min:  0.0, Avg:  0.0, Max:  0.0, Diff:  0.0, Sum:  0.0, Workers: 4
[5393.420s][debug][gc,phases      ] GC(85)     Dead                           Min: 0, Avg:  0.0, Max: 0, Diff: 0, Sum: 0, Workers: 4
[5393.420s][debug][gc,phases      ] GC(85)     Total                          Min: 0, Avg:  0.0, Max: 0, Diff: 0, Sum: 0, Workers: 4
[5393.420s][debug][gc,phases      ] GC(85)   StringDedup Requests1 Weak     Min:  0.0, Avg:  0.0, Max:  0.0, Diff:  0.0, Sum:  0.0, Workers: 4
[5393.420s][debug][gc,phases      ] GC(85)     Dead                           Min: 0, Avg:  0.0, Max: 0, Diff: 0, Sum: 0, Workers: 4
[5393.420s][debug][gc,phases      ] GC(85)     Total                          Min: 0, Avg:  0.0, Max: 0, Diff: 0, Sum: 0, Workers: 4
[5393.420s][debug][gc,phases      ] GC(85)   Weak JFR Old Object Samples    Min:  0.0, Avg:  0.0, Max:  0.0, Diff:  0.0, Sum:  0.0, Workers: 4
[5393.420s][debug][gc,phases      ] GC(85)     Dead                           Min: 0, Avg:  0.0, Max: 0, Diff: 0, Sum: 0, Workers: 4
[5393.420s][debug][gc,phases      ] GC(85)     Total                          Min: 0, Avg:  0.0, Max: 0, Diff: 0, Sum: 0, Workers: 4
[5393.420s][debug][gc,phases      ] GC(85) Weak Processing 0.480ms
[5393.420s][debug][gc,age         ] GC(85) Desired survivor size 4194304 bytes, new threshold 1 (max threshold 15)
[5393.420s][info ][gc,heap        ] GC(85) PSYoungGen: 2087616K(2092032K)->160K(2093056K) Eden: 2087424K(2087424K)->0K(2088448K) From: 192K(4608K)->160K(4608K)
[5393.420s][info ][gc,heap        ] GC(85) ParOldGen: 520552K(520704K)->520584K(520704K)
[5393.420s][info ][gc,metaspace   ] GC(85) Metaspace: 96271K(97536K)->96271K(97536K) NonClass: 82148K(82880K)->82148K(82880K) Class: 14122K(14656K)->14122K(14656K)
[5393.420s][info ][gc             ] GC(85) Pause Young (Allocation Failure) 2547M->508M(2552M) 2.308ms
[5393.420s][info ][gc,cpu         ] GC(85) User=0.00s Sys=0.00s Real=0.00s
[5393.420s][info ][safepoint      ] Safepoint "ParallelGCFailedAllocation", Time since last: 98470983215 ns, Reaching safepoint: 5501 ns, Cleanup: 4100 ns, At safepoint: 2388101 ns, Total: 2397702 ns
[5441.424s][info ][safepoint      ] Safepoint "Cleanup", Time since last: 48003243330 ns, Reaching safepoint: 8600 ns, Cleanup: 11901 ns, At safepoint: 2400 ns, Total: 22901 ns
[5490.444s][info ][gc,start       ] GC(86) Pause Young (Allocation Failure)
[5490.447s][debug][gc,phases      ] GC(86) Scavenge 2.822ms
[5490.447s][debug][gc,ref         ] GC(86) ReferenceProcessor::execute queues: 1, RefProcThreadModel::Single, marks_oops_alive: false
[5490.447s][debug][gc,ref         ] GC(86) Skipped KeepAliveFinalRefsPhase of Reference Processing: no references
[5490.447s][debug][gc,ref         ] GC(86) ReferenceProcessor::execute queues: 1, RefProcThreadModel::Single, marks_oops_alive: false
[5490.447s][debug][gc,phases      ] GC(86) Reference Processing 0.146ms
[5490.447s][debug][gc,phases      ] GC(86)   VM Weak                        Min:  0.0, Avg:  0.0, Max:  0.0, Diff:  0.0, Sum:  0.0, Workers: 4
[5490.447s][debug][gc,phases      ] GC(86)     Dead                           Min: 0, Avg:  0.0, Max: 0, Diff: 0, Sum: 0, Workers: 4
[5490.447s][debug][gc,phases      ] GC(86)     Total                          Min: 0, Avg: 251.5, Max: 704, Diff: 704, Sum: 1006, Workers: 4
[5490.447s][debug][gc,phases      ] GC(86)   ObjectSynchronizer Weak        Min:  0.0, Avg:  0.0, Max:  0.0, Diff:  0.0, Sum:  0.0, Workers: 4
[5490.447s][debug][gc,phases      ] GC(86)     Dead                           Min: 0, Avg:  0.0, Max: 0, Diff: 0, Sum: 0, Workers: 4
[5490.447s][debug][gc,phases      ] GC(86)     Total                          Min: 0, Avg:  0.8, Max: 3, Diff: 3, Sum: 3, Workers: 4
[5490.447s][debug][gc,phases      ] GC(86)   JVMTI Tag Weak OopStorage      Min:  0.0, Avg:  0.0, Max:  0.0, Diff:  0.0, Sum:  0.0, Workers: 4
[5490.447s][debug][gc,phases      ] GC(86)     Dead                           Min: 0, Avg:  0.0, Max: 0, Diff: 0, Sum: 0, Workers: 4
[5490.447s][debug][gc,phases      ] GC(86)     Total                          Min: 0, Avg:  0.0, Max: 0, Diff: 0, Sum: 0, Workers: 4
[5490.447s][debug][gc,phases      ] GC(86)   StringTable Weak               Min:  0.0, Avg:  0.1, Max:  0.2, Diff:  0.2, Sum:  0.4, Workers: 4
[5490.447s][debug][gc,phases      ] GC(86)     Dead                           Min: 0, Avg:  0.0, Max: 0, Diff: 0, Sum: 0, Workers: 4
[5490.447s][debug][gc,phases      ] GC(86)     Total                          Min: 0, Avg: 12142.2, Max: 17337, Diff: 17337, Sum: 48569, Workers: 4
[5490.447s][debug][gc,phases      ] GC(86)   ResolvedMethodTable Weak       Min:  0.0, Avg:  0.0, Max:  0.0, Diff:  0.0, Sum:  0.1, Workers: 4
[5490.447s][debug][gc,phases      ] GC(86)     Dead                           Min: 0, Avg:  0.0, Max: 0, Diff: 0, Sum: 0, Workers: 4
[5490.447s][debug][gc,phases      ] GC(86)     Total                          Min: 0, Avg: 3359.0, Max: 4786, Diff: 4786, Sum: 13436, Workers: 4
[5490.447s][debug][gc,phases      ] GC(86)   JNI Weak                       Min:  0.0, Avg:  0.0, Max:  0.0, Diff:  0.0, Sum:  0.0, Workers: 4
[5490.447s][debug][gc,phases      ] GC(86)     Dead                           Min: 0, Avg:  0.0, Max: 0, Diff: 0, Sum: 0, Workers: 4
[5490.447s][debug][gc,phases      ] GC(86)     Total                          Min: 0, Avg: 12.0, Max: 48, Diff: 48, Sum: 48, Workers: 4
[5490.447s][debug][gc,phases      ] GC(86)   StringDedup Table Weak         Min:  0.0, Avg:  0.0, Max:  0.0, Diff:  0.0, Sum:  0.0, Workers: 4
[5490.447s][debug][gc,phases      ] GC(86)     Dead                           Min: 0, Avg:  0.0, Max: 0, Diff: 0, Sum: 0, Workers: 4
[5490.447s][debug][gc,phases      ] GC(86)     Total                          Min: 0, Avg:  0.0, Max: 0, Diff: 0, Sum: 0, Workers: 4
[5490.447s][debug][gc,phases      ] GC(86)   StringDedup Requests0 Weak     Min:  0.0, Avg:  0.0, Max:  0.0, Diff:  0.0, Sum:  0.0, Workers: 4
[5490.447s][debug][gc,phases      ] GC(86)     Dead                           Min: 0, Avg:  0.0, Max: 0, Diff: 0, Sum: 0, Workers: 4
[5490.447s][debug][gc,phases      ] GC(86)     Total                          Min: 0, Avg:  0.0, Max: 0, Diff: 0, Sum: 0, Workers: 4
[5490.447s][debug][gc,phases      ] GC(86)   StringDedup Requests1 Weak     Min:  0.0, Avg:  0.0, Max:  0.0, Diff:  0.0, Sum:  0.0, Workers: 4
[5490.447s][debug][gc,phases      ] GC(86)     Dead                           Min: 0, Avg:  0.0, Max: 0, Diff: 0, Sum: 0, Workers: 4
[5490.447s][debug][gc,phases      ] GC(86)     Total                          Min: 0, Avg:  0.0, Max: 0, Diff: 0, Sum: 0, Workers: 4
[5490.447s][debug][gc,phases      ] GC(86)   Weak JFR Old Object Samples    Min:  0.0, Avg:  0.0, Max:  0.0, Diff:  0.0, Sum:  0.0, Workers: 4
[5490.447s][debug][gc,phases      ] GC(86)     Dead                           Min: 0, Avg:  0.0, Max: 0, Diff: 0, Sum: 0, Workers: 4
[5490.447s][debug][gc,phases      ] GC(86)     Total                          Min: 0, Avg:  0.0, Max: 0, Diff: 0, Sum: 0, Workers: 4
[5490.447s][debug][gc,phases      ] GC(86) Weak Processing 0.449ms
[5490.447s][debug][gc,age         ] GC(86) Desired survivor size 4194304 bytes, new threshold 1 (max threshold 15)
[5490.447s][info ][gc,heap        ] GC(86) PSYoungGen: 2088608K(2093056K)->224K(2092544K) Eden: 2088448K(2088448K)->0K(2088448K) From: 160K(4608K)->224K(4096K)
[5490.447s][info ][gc,heap        ] GC(86) ParOldGen: 520584K(520704K)->520608K(520704K)
[5490.447s][info ][gc,metaspace   ] GC(86) Metaspace: 96276K(97536K)->96276K(97536K) NonClass: 82153K(82880K)->82153K(82880K) Class: 14122K(14656K)->14122K(14656K)
[5490.447s][info ][gc             ] GC(86) Pause Young (Allocation Failure) 2548M->508M(2552M) 3.554ms
[5490.447s][info ][gc,cpu         ] GC(86) User=0.01s Sys=0.00s Real=0.01s
[5490.447s][info ][safepoint      ] Safepoint "ParallelGCFailedAllocation", Time since last: 49020135428 ns, Reaching safepoint: 6900 ns, Cleanup: 4601 ns, At safepoint: 3661492 ns, Total: 3672993 ns
[5588.896s][info ][gc,start       ] GC(87) Pause Young (Allocation Failure)
[5588.901s][debug][gc,phases      ] GC(87) Scavenge 5.911ms
[5588.902s][debug][gc,ref         ] GC(87) ReferenceProcessor::execute queues: 1, RefProcThreadModel::Single, marks_oops_alive: false
[5588.902s][debug][gc,ref         ] GC(87) Skipped KeepAliveFinalRefsPhase of Reference Processing: no references
[5588.902s][debug][gc,ref         ] GC(87) Skipped PhantomRefsPhase of Reference Processing: no references
[5588.902s][debug][gc,phases      ] GC(87) Reference Processing 0.114ms
[5588.902s][debug][gc,phases      ] GC(87)   VM Weak                        Min:  0.0, Avg:  0.0, Max:  0.0, Diff:  0.0, Sum:  0.0, Workers: 4
[5588.902s][debug][gc,phases      ] GC(87)     Dead                           Min: 0, Avg:  0.0, Max: 0, Diff: 0, Sum: 0, Workers: 4
[5588.902s][debug][gc,phases      ] GC(87)     Total                          Min: 0, Avg: 251.5, Max: 1006, Diff: 1006, Sum: 1006, Workers: 4
[5588.902s][debug][gc,phases      ] GC(87)   ObjectSynchronizer Weak        Min:  0.0, Avg:  0.0, Max:  0.0, Diff:  0.0, Sum:  0.0, Workers: 4
[5588.902s][debug][gc,phases      ] GC(87)     Dead                           Min: 0, Avg:  0.0, Max: 0, Diff: 0, Sum: 0, Workers: 4
[5588.902s][debug][gc,phases      ] GC(87)     Total                          Min: 0, Avg:  0.8, Max: 3, Diff: 3, Sum: 3, Workers: 4
[5588.902s][debug][gc,phases      ] GC(87)   JVMTI Tag Weak OopStorage      Min:  0.0, Avg:  0.0, Max:  0.0, Diff:  0.0, Sum:  0.0, Workers: 4
[5588.902s][debug][gc,phases      ] GC(87)     Dead                           Min: 0, Avg:  0.0, Max: 0, Diff: 0, Sum: 0, Workers: 4
[5588.902s][debug][gc,phases      ] GC(87)     Total                          Min: 0, Avg:  0.0, Max: 0, Diff: 0, Sum: 0, Workers: 4
[5588.902s][debug][gc,phases      ] GC(87)   StringTable Weak               Min:  0.0, Avg:  0.1, Max:  0.2, Diff:  0.2, Sum:  0.5, Workers: 4
[5588.902s][debug][gc,phases      ] GC(87)     Dead                           Min: 0, Avg:  0.0, Max: 0, Diff: 0, Sum: 0, Workers: 4
[5588.902s][debug][gc,phases      ] GC(87)     Total                          Min: 0, Avg: 12142.2, Max: 16704, Diff: 16704, Sum: 48569, Workers: 4
[5588.902s][debug][gc,phases      ] GC(87)   ResolvedMethodTable Weak       Min:  0.0, Avg:  0.0, Max:  0.0, Diff:  0.0, Sum:  0.1, Workers: 4
[5588.902s][debug][gc,phases      ] GC(87)     Dead                           Min: 0, Avg:  0.0, Max: 0, Diff: 0, Sum: 0, Workers: 4
[5588.902s][debug][gc,phases      ] GC(87)     Total                          Min: 0, Avg: 3359.0, Max: 5157, Diff: 5157, Sum: 13436, Workers: 4
[5588.902s][debug][gc,phases      ] GC(87)   JNI Weak                       Min:  0.0, Avg:  0.0, Max:  0.0, Diff:  0.0, Sum:  0.0, Workers: 4
[5588.902s][debug][gc,phases      ] GC(87)     Dead                           Min: 0, Avg:  0.0, Max: 0, Diff: 0, Sum: 0, Workers: 4
[5588.902s][debug][gc,phases      ] GC(87)     Total                          Min: 0, Avg: 12.0, Max: 48, Diff: 48, Sum: 48, Workers: 4
[5588.902s][debug][gc,phases      ] GC(87)   StringDedup Table Weak         Min:  0.0, Avg:  0.0, Max:  0.0, Diff:  0.0, Sum:  0.0, Workers: 4
[5588.902s][debug][gc,phases      ] GC(87)     Dead                           Min: 0, Avg:  0.0, Max: 0, Diff: 0, Sum: 0, Workers: 4
[5588.902s][debug][gc,phases      ] GC(87)     Total                          Min: 0, Avg:  0.0, Max: 0, Diff: 0, Sum: 0, Workers: 4
[5588.902s][debug][gc,phases      ] GC(87)   StringDedup Requests0 Weak     Min:  0.0, Avg:  0.0, Max:  0.0, Diff:  0.0, Sum:  0.0, Workers: 4
[5588.902s][debug][gc,phases      ] GC(87)     Dead                           Min: 0, Avg:  0.0, Max: 0, Diff: 0, Sum: 0, Workers: 4
[5588.902s][debug][gc,phases      ] GC(87)     Total                          Min: 0, Avg:  0.0, Max: 0, Diff: 0, Sum: 0, Workers: 4
[5588.902s][debug][gc,phases      ] GC(87)   StringDedup Requests1 Weak     Min:  0.0, Avg:  0.0, Max:  0.0, Diff:  0.0, Sum:  0.0, Workers: 4
[5588.902s][debug][gc,phases      ] GC(87)     Dead                           Min: 0, Avg:  0.0, Max: 0, Diff: 0, Sum: 0, Workers: 4
[5588.902s][debug][gc,phases      ] GC(87)     Total                          Min: 0, Avg:  0.0, Max: 0, Diff: 0, Sum: 0, Workers: 4
[5588.902s][debug][gc,phases      ] GC(87)   Weak JFR Old Object Samples    Min:  0.0, Avg:  0.0, Max:  0.0, Diff:  0.0, Sum:  0.0, Workers: 4
[5588.902s][debug][gc,phases      ] GC(87)     Dead                           Min: 0, Avg:  0.0, Max: 0, Diff: 0, Sum: 0, Workers: 4
[5588.902s][debug][gc,phases      ] GC(87)     Total                          Min: 0, Avg:  0.0, Max: 0, Diff: 0, Sum: 0, Workers: 4
[5588.902s][debug][gc,phases      ] GC(87) Weak Processing 0.470ms
[5588.902s][debug][gc,age         ] GC(87) Desired survivor size 3670016 bytes, new threshold 1 (max threshold 15)
[5588.902s][info ][gc,heap        ] GC(87) PSYoungGen: 2088672K(2092544K)->160K(2093568K) Eden: 2088448K(2088448K)->0K(2089472K) From: 224K(4096K)->160K(4096K)
[5588.902s][info ][gc,heap        ] GC(87) ParOldGen: 520608K(520704K)->520640K(520704K)
[5588.902s][info ][gc,metaspace   ] GC(87) Metaspace: 96278K(97536K)->96278K(97536K) NonClass: 82155K(82880K)->82155K(82880K) Class: 14122K(14656K)->14122K(14656K)
[5588.902s][info ][gc             ] GC(87) Pause Young (Allocation Failure) 2548M->508M(2553M) 6.664ms
[5588.902s][info ][gc,cpu         ] GC(87) User=0.00s Sys=0.00s Real=0.00s
[5588.902s][info ][safepoint      ] Safepoint "ParallelGCFailedAllocation", Time since last: 98447933360 ns, Reaching safepoint: 6600 ns, Cleanup: 4601 ns, At safepoint: 6774573 ns, Total: 6785774 ns
[5687.497s][info ][gc,start       ] GC(88) Pause Young (Allocation Failure)
[5687.499s][debug][gc,phases      ] GC(88) Scavenge 1.500ms
[5687.499s][debug][gc,ref         ] GC(88) ReferenceProcessor::execute queues: 1, RefProcThreadModel::Single, marks_oops_alive: false
[5687.499s][debug][gc,ref         ] GC(88) Skipped KeepAliveFinalRefsPhase of Reference Processing: no references
[5687.499s][debug][gc,ref         ] GC(88) Skipped PhantomRefsPhase of Reference Processing: no references
[5687.499s][debug][gc,phases      ] GC(88) Reference Processing 0.112ms
[5687.499s][debug][gc,phases      ] GC(88)   VM Weak                        Min:  0.0, Avg:  0.0, Max:  0.0, Diff:  0.0, Sum:  0.0, Workers: 4
[5687.499s][debug][gc,phases      ] GC(88)     Dead                           Min: 0, Avg:  0.0, Max: 0, Diff: 0, Sum: 0, Workers: 4
[5687.499s][debug][gc,phases      ] GC(88)     Total                          Min: 0, Avg: 251.5, Max: 960, Diff: 960, Sum: 1006, Workers: 4
[5687.499s][debug][gc,phases      ] GC(88)   ObjectSynchronizer Weak        Min:  0.0, Avg:  0.0, Max:  0.0, Diff:  0.0, Sum:  0.0, Workers: 4
[5687.499s][debug][gc,phases      ] GC(88)     Dead                           Min: 0, Avg:  0.0, Max: 0, Diff: 0, Sum: 0, Workers: 4
[5687.499s][debug][gc,phases      ] GC(88)     Total                          Min: 0, Avg:  0.8, Max: 3, Diff: 3, Sum: 3, Workers: 4
[5687.499s][debug][gc,phases      ] GC(88)   JVMTI Tag Weak OopStorage      Min:  0.0, Avg:  0.0, Max:  0.0, Diff:  0.0, Sum:  0.0, Workers: 4
[5687.499s][debug][gc,phases      ] GC(88)     Dead                           Min: 0, Avg:  0.0, Max: 0, Diff: 0, Sum: 0, Workers: 4
[5687.499s][debug][gc,phases      ] GC(88)     Total                          Min: 0, Avg:  0.0, Max: 0, Diff: 0, Sum: 0, Workers: 4
[5687.499s][debug][gc,phases      ] GC(88)   StringTable Weak               Min:  0.0, Avg:  0.1, Max:  0.1, Diff:  0.1, Sum:  0.4, Workers: 4
[5687.499s][debug][gc,phases      ] GC(88)     Dead                           Min: 0, Avg:  0.0, Max: 0, Diff: 0, Sum: 0, Workers: 4
[5687.499s][debug][gc,phases      ] GC(88)     Total                          Min: 0, Avg: 12142.2, Max: 17664, Diff: 17664, Sum: 48569, Workers: 4
[5687.499s][debug][gc,phases      ] GC(88)   ResolvedMethodTable Weak       Min:  0.0, Avg:  0.0, Max:  0.0, Diff:  0.0, Sum:  0.1, Workers: 4
[5687.499s][debug][gc,phases      ] GC(88)     Dead                           Min: 0, Avg:  0.0, Max: 0, Diff: 0, Sum: 0, Workers: 4
[5687.500s][debug][gc,phases      ] GC(88)     Total                          Min: 0, Avg: 3359.0, Max: 4973, Diff: 4973, Sum: 13436, Workers: 4
[5687.500s][debug][gc,phases      ] GC(88)   JNI Weak                       Min:  0.0, Avg:  0.0, Max:  0.0, Diff:  0.0, Sum:  0.0, Workers: 4
[5687.500s][debug][gc,phases      ] GC(88)     Dead                           Min: 0, Avg:  0.0, Max: 0, Diff: 0, Sum: 0, Workers: 4
[5687.500s][debug][gc,phases      ] GC(88)     Total                          Min: 0, Avg: 12.0, Max: 48, Diff: 48, Sum: 48, Workers: 4
[5687.500s][debug][gc,phases      ] GC(88)   StringDedup Table Weak         Min:  0.0, Avg:  0.0, Max:  0.0, Diff:  0.0, Sum:  0.0, Workers: 4
[5687.500s][debug][gc,phases      ] GC(88)     Dead                           Min: 0, Avg:  0.0, Max: 0, Diff: 0, Sum: 0, Workers: 4
[5687.500s][debug][gc,phases      ] GC(88)     Total                          Min: 0, Avg:  0.0, Max: 0, Diff: 0, Sum: 0, Workers: 4
[5687.500s][debug][gc,phases      ] GC(88)   StringDedup Requests0 Weak     Min:  0.0, Avg:  0.0, Max:  0.0, Diff:  0.0, Sum:  0.0, Workers: 4
[5687.500s][debug][gc,phases      ] GC(88)     Dead                           Min: 0, Avg:  0.0, Max: 0, Diff: 0, Sum: 0, Workers: 4
[5687.500s][debug][gc,phases      ] GC(88)     Total                          Min: 0, Avg:  0.0, Max: 0, Diff: 0, Sum: 0, Workers: 4
[5687.500s][debug][gc,phases      ] GC(88)   StringDedup Requests1 Weak     Min:  0.0, Avg:  0.0, Max:  0.0, Diff:  0.0, Sum:  0.0, Workers: 4
[5687.500s][debug][gc,phases      ] GC(88)     Dead                           Min: 0, Avg:  0.0, Max: 0, Diff: 0, Sum: 0, Workers: 4
[5687.500s][debug][gc,phases      ] GC(88)     Total                          Min: 0, Avg:  0.0, Max: 0, Diff: 0, Sum: 0, Workers: 4
[5687.500s][debug][gc,phases      ] GC(88)   Weak JFR Old Object Samples    Min:  0.0, Avg:  0.0, Max:  0.0, Diff:  0.0, Sum:  0.0, Workers: 4
[5687.500s][debug][gc,phases      ] GC(88)     Dead                           Min: 0, Avg:  0.0, Max: 0, Diff: 0, Sum: 0, Workers: 4
[5687.500s][debug][gc,phases      ] GC(88)     Total                          Min: 0, Avg:  0.0, Max: 0, Diff: 0, Sum: 0, Workers: 4
[5687.500s][debug][gc,phases      ] GC(88) Weak Processing 0.434ms
[5687.500s][debug][gc,age         ] GC(88) Desired survivor size 3145728 bytes, new threshold 1 (max threshold 15)
[5687.500s][info ][gc,heap        ] GC(88) PSYoungGen: 2089632K(2093568K)->160K(2093056K) Eden: 2089472K(2089472K)->0K(2089472K) From: 160K(4096K)->160K(3584K)
[5687.500s][info ][gc,heap        ] GC(88) ParOldGen: 520640K(520704K)->520672K(520704K)
[5687.500s][info ][gc,metaspace   ] GC(88) Metaspace: 96278K(97536K)->96278K(97536K) NonClass: 82155K(82880K)->82155K(82880K) Class: 14122K(14656K)->14122K(14656K)
[5687.500s][info ][gc             ] GC(88) Pause Young (Allocation Failure) 2549M->508M(2552M) 2.187ms
[5687.500s][info ][gc,cpu         ] GC(88) User=0.01s Sys=0.00s Real=0.00s
[5687.500s][info ][safepoint      ] Safepoint "ParallelGCFailedAllocation", Time since last: 98595198384 ns, Reaching safepoint: 6600 ns, Cleanup: 4900 ns, At safepoint: 2259944 ns, Total: 2271444 ns
[5716.502s][info ][safepoint      ] Safepoint "Cleanup", Time since last: 29002127587 ns, Reaching safepoint: 5900 ns, Cleanup: 16500 ns, At safepoint: 2200 ns, Total: 24600 ns
[5783.844s][info ][gc,start       ] GC(89) Pause Young (Allocation Failure)
[5783.847s][debug][gc,phases      ] GC(89) Scavenge 3.369ms
[5783.847s][debug][gc,ref         ] GC(89) ReferenceProcessor::execute queues: 1, RefProcThreadModel::Single, marks_oops_alive: false
[5783.847s][debug][gc,ref         ] GC(89) Skipped KeepAliveFinalRefsPhase of Reference Processing: no references
[5783.847s][debug][gc,ref         ] GC(89) Skipped PhantomRefsPhase of Reference Processing: no references
[5783.847s][debug][gc,phases      ] GC(89) Reference Processing 0.112ms
[5783.848s][debug][gc,phases      ] GC(89)   VM Weak                        Min:  0.0, Avg:  0.0, Max:  0.0, Diff:  0.0, Sum:  0.0, Workers: 4
[5783.848s][debug][gc,phases      ] GC(89)     Dead                           Min: 0, Avg:  0.0, Max: 0, Diff: 0, Sum: 0, Workers: 4
[5783.848s][debug][gc,phases      ] GC(89)     Total                          Min: 0, Avg: 251.5, Max: 750, Diff: 750, Sum: 1006, Workers: 4
[5783.848s][debug][gc,phases      ] GC(89)   ObjectSynchronizer Weak        Min:  0.0, Avg:  0.0, Max:  0.0, Diff:  0.0, Sum:  0.0, Workers: 4
[5783.848s][debug][gc,phases      ] GC(89)     Dead                           Min: 0, Avg:  0.0, Max: 0, Diff: 0, Sum: 0, Workers: 4
[5783.848s][debug][gc,phases      ] GC(89)     Total                          Min: 0, Avg:  0.8, Max: 3, Diff: 3, Sum: 3, Workers: 4
[5783.848s][debug][gc,phases      ] GC(89)   JVMTI Tag Weak OopStorage      Min:  0.0, Avg:  0.0, Max:  0.0, Diff:  0.0, Sum:  0.0, Workers: 4
[5783.848s][debug][gc,phases      ] GC(89)     Dead                           Min: 0, Avg:  0.0, Max: 0, Diff: 0, Sum: 0, Workers: 4
[5783.848s][debug][gc,phases      ] GC(89)     Total                          Min: 0, Avg:  0.0, Max: 0, Diff: 0, Sum: 0, Workers: 4
[5783.848s][debug][gc,phases      ] GC(89)   StringTable Weak               Min:  0.0, Avg:  0.1, Max:  0.2, Diff:  0.2, Sum:  0.4, Workers: 4
[5783.848s][debug][gc,phases      ] GC(89)     Dead                           Min: 0, Avg:  0.0, Max: 0, Diff: 0, Sum: 0, Workers: 4
[5783.848s][debug][gc,phases      ] GC(89)     Total                          Min: 0, Avg: 12143.0, Max: 25468, Diff: 25468, Sum: 48572, Workers: 4
[5783.848s][debug][gc,phases      ] GC(89)   ResolvedMethodTable Weak       Min:  0.0, Avg:  0.0, Max:  0.1, Diff:  0.1, Sum:  0.1, Workers: 4
[5783.848s][debug][gc,phases      ] GC(89)     Dead                           Min: 0, Avg:  0.0, Max: 0, Diff: 0, Sum: 0, Workers: 4
[5783.848s][debug][gc,phases      ] GC(89)     Total                          Min: 0, Avg: 3359.0, Max: 7851, Diff: 7851, Sum: 13436, Workers: 4
[5783.848s][debug][gc,phases      ] GC(89)   JNI Weak                       Min:  0.0, Avg:  0.0, Max:  0.0, Diff:  0.0, Sum:  0.0, Workers: 4
[5783.848s][debug][gc,phases      ] GC(89)     Dead                           Min: 0, Avg:  0.0, Max: 0, Diff: 0, Sum: 0, Workers: 4
[5783.848s][debug][gc,phases      ] GC(89)     Total                          Min: 0, Avg: 12.0, Max: 48, Diff: 48, Sum: 48, Workers: 4
[5783.848s][debug][gc,phases      ] GC(89)   StringDedup Table Weak         Min:  0.0, Avg:  0.0, Max:  0.0, Diff:  0.0, Sum:  0.0, Workers: 4
[5783.848s][debug][gc,phases      ] GC(89)     Dead                           Min: 0, Avg:  0.0, Max: 0, Diff: 0, Sum: 0, Workers: 4
[5783.848s][debug][gc,phases      ] GC(89)     Total                          Min: 0, Avg:  0.0, Max: 0, Diff: 0, Sum: 0, Workers: 4
[5783.848s][debug][gc,phases      ] GC(89)   StringDedup Requests0 Weak     Min:  0.0, Avg:  0.0, Max:  0.0, Diff:  0.0, Sum:  0.0, Workers: 4
[5783.848s][debug][gc,phases      ] GC(89)     Dead                           Min: 0, Avg:  0.0, Max: 0, Diff: 0, Sum: 0, Workers: 4
[5783.848s][debug][gc,phases      ] GC(89)     Total                          Min: 0, Avg:  0.0, Max: 0, Diff: 0, Sum: 0, Workers: 4
[5783.848s][debug][gc,phases      ] GC(89)   StringDedup Requests1 Weak     Min:  0.0, Avg:  0.0, Max:  0.0, Diff:  0.0, Sum:  0.0, Workers: 4
[5783.848s][debug][gc,phases      ] GC(89)     Dead                           Min: 0, Avg:  0.0, Max: 0, Diff: 0, Sum: 0, Workers: 4
[5783.848s][debug][gc,phases      ] GC(89)     Total                          Min: 0, Avg:  0.0, Max: 0, Diff: 0, Sum: 0, Workers: 4
[5783.848s][debug][gc,phases      ] GC(89)   Weak JFR Old Object Samples    Min:  0.0, Avg:  0.0, Max:  0.0, Diff:  0.0, Sum:  0.0, Workers: 4
[5783.848s][debug][gc,phases      ] GC(89)     Dead                           Min: 0, Avg:  0.0, Max: 0, Diff: 0, Sum: 0, Workers: 4
[5783.848s][debug][gc,phases      ] GC(89)     Total                          Min: 0, Avg:  0.0, Max: 0, Diff: 0, Sum: 0, Workers: 4
[5783.848s][debug][gc,phases      ] GC(89) Weak Processing 0.527ms
[5783.848s][debug][gc,age         ] GC(89) Desired survivor size 3145728 bytes, new threshold 1 (max threshold 15)
[5783.848s][info ][gc,heap        ] GC(89) PSYoungGen: 2089632K(2093056K)->192K(2094080K) Eden: 2089472K(2089472K)->0K(2091008K) From: 160K(3584K)->192K(3072K)
[5783.848s][info ][gc,heap        ] GC(89) ParOldGen: 520672K(520704K)->520696K(520704K)
[5783.848s][info ][gc,metaspace   ] GC(89) Metaspace: 96305K(97600K)->96305K(97600K) NonClass: 82183K(82944K)->82183K(82944K) Class: 14122K(14656K)->14122K(14656K)
[5783.848s][info ][gc             ] GC(89) Pause Young (Allocation Failure) 2549M->508M(2553M) 4.148ms
[5783.848s][info ][gc,cpu         ] GC(89) User=0.01s Sys=0.00s Real=0.01s
[5783.848s][info ][safepoint      ] Safepoint "ParallelGCFailedAllocation", Time since last: 67341896602 ns, Reaching safepoint: 82202 ns, Cleanup: 5000 ns, At safepoint: 4226463 ns, Total: 4313665 ns
[5798.849s][info ][safepoint      ] Safepoint "Cleanup", Time since last: 15001070832 ns, Reaching safepoint: 8700 ns, Cleanup: 19101 ns, At safepoint: 37200 ns, Total: 65001 ns
[5842.852s][info ][safepoint      ] Safepoint "Cleanup", Time since last: 44003184970 ns, Reaching safepoint: 5700 ns, Cleanup: 12600 ns, At safepoint: 29301 ns, Total: 47601 ns
[5882.095s][info ][gc,start       ] GC(90) Pause Young (Allocation Failure)
[5882.098s][debug][gc,phases      ] GC(90) Scavenge 2.840ms
[5882.098s][debug][gc,ref         ] GC(90) ReferenceProcessor::execute queues: 1, RefProcThreadModel::Single, marks_oops_alive: false
[5882.098s][debug][gc,ref         ] GC(90) Skipped KeepAliveFinalRefsPhase of Reference Processing: no references
[5882.098s][debug][gc,ref         ] GC(90) Skipped PhantomRefsPhase of Reference Processing: no references
[5882.098s][debug][gc,phases      ] GC(90) Reference Processing 0.113ms
[5882.098s][debug][gc,phases      ] GC(90)   VM Weak                        Min:  0.0, Avg:  0.0, Max:  0.0, Diff:  0.0, Sum:  0.0, Workers: 4
[5882.098s][debug][gc,phases      ] GC(90)     Dead                           Min: 0, Avg:  0.0, Max: 0, Diff: 0, Sum: 0, Workers: 4
[5882.098s][debug][gc,phases      ] GC(90)     Total                          Min: 0, Avg: 251.5, Max: 622, Diff: 622, Sum: 1006, Workers: 4
[5882.098s][debug][gc,phases      ] GC(90)   ObjectSynchronizer Weak        Min:  0.0, Avg:  0.0, Max:  0.0, Diff:  0.0, Sum:  0.0, Workers: 4
[5882.098s][debug][gc,phases      ] GC(90)     Dead                           Min: 0, Avg:  0.0, Max: 0, Diff: 0, Sum: 0, Workers: 4
[5882.098s][debug][gc,phases      ] GC(90)     Total                          Min: 0, Avg:  0.8, Max: 3, Diff: 3, Sum: 3, Workers: 4
[5882.098s][debug][gc,phases      ] GC(90)   JVMTI Tag Weak OopStorage      Min:  0.0, Avg:  0.0, Max:  0.0, Diff:  0.0, Sum:  0.0, Workers: 4
[5882.098s][debug][gc,phases      ] GC(90)     Dead                           Min: 0, Avg:  0.0, Max: 0, Diff: 0, Sum: 0, Workers: 4
[5882.098s][debug][gc,phases      ] GC(90)     Total                          Min: 0, Avg:  0.0, Max: 0, Diff: 0, Sum: 0, Workers: 4
[5882.098s][debug][gc,phases      ] GC(90)   StringTable Weak               Min:  0.0, Avg:  0.1, Max:  0.2, Diff:  0.2, Sum:  0.5, Workers: 4
[5882.098s][debug][gc,phases      ] GC(90)     Dead                           Min: 0, Avg:  0.0, Max: 0, Diff: 0, Sum: 0, Workers: 4
[5882.098s][debug][gc,phases      ] GC(90)     Total                          Min: 0, Avg: 12143.0, Max: 17216, Diff: 17216, Sum: 48572, Workers: 4
[5882.098s][debug][gc,phases      ] GC(90)   ResolvedMethodTable Weak       Min:  0.0, Avg:  0.0, Max:  0.0, Diff:  0.0, Sum:  0.1, Workers: 4
[5882.098s][debug][gc,phases      ] GC(90)     Dead                           Min: 0, Avg:  0.0, Max: 0, Diff: 0, Sum: 0, Workers: 4
[5882.098s][debug][gc,phases      ] GC(90)     Total                          Min: 0, Avg: 3359.0, Max: 5778, Diff: 5778, Sum: 13436, Workers: 4
[5882.098s][debug][gc,phases      ] GC(90)   JNI Weak                       Min:  0.0, Avg:  0.0, Max:  0.0, Diff:  0.0, Sum:  0.0, Workers: 4
[5882.098s][debug][gc,phases      ] GC(90)     Dead                           Min: 0, Avg:  0.0, Max: 0, Diff: 0, Sum: 0, Workers: 4
[5882.098s][debug][gc,phases      ] GC(90)     Total                          Min: 0, Avg: 12.0, Max: 48, Diff: 48, Sum: 48, Workers: 4
[5882.098s][debug][gc,phases      ] GC(90)   StringDedup Table Weak         Min:  0.0, Avg:  0.0, Max:  0.0, Diff:  0.0, Sum:  0.0, Workers: 4
[5882.098s][debug][gc,phases      ] GC(90)     Dead                           Min: 0, Avg:  0.0, Max: 0, Diff: 0, Sum: 0, Workers: 4
[5882.098s][debug][gc,phases      ] GC(90)     Total                          Min: 0, Avg:  0.0, Max: 0, Diff: 0, Sum: 0, Workers: 4
[5882.098s][debug][gc,phases      ] GC(90)   StringDedup Requests0 Weak     Min:  0.0, Avg:  0.0, Max:  0.0, Diff:  0.0, Sum:  0.0, Workers: 4
[5882.098s][debug][gc,phases      ] GC(90)     Dead                           Min: 0, Avg:  0.0, Max: 0, Diff: 0, Sum: 0, Workers: 4
[5882.098s][debug][gc,phases      ] GC(90)     Total                          Min: 0, Avg:  0.0, Max: 0, Diff: 0, Sum: 0, Workers: 4
[5882.098s][debug][gc,phases      ] GC(90)   StringDedup Requests1 Weak     Min:  0.0, Avg:  0.0, Max:  0.0, Diff:  0.0, Sum:  0.0, Workers: 4
[5882.098s][debug][gc,phases      ] GC(90)     Dead                           Min: 0, Avg:  0.0, Max: 0, Diff: 0, Sum: 0, Workers: 4
[5882.098s][debug][gc,phases      ] GC(90)     Total                          Min: 0, Avg:  0.0, Max: 0, Diff: 0, Sum: 0, Workers: 4
[5882.098s][debug][gc,phases      ] GC(90)   Weak JFR Old Object Samples    Min:  0.0, Avg:  0.0, Max:  0.0, Diff:  0.0, Sum:  0.0, Workers: 4
[5882.098s][debug][gc,phases      ] GC(90)     Dead                           Min: 0, Avg:  0.0, Max: 0, Diff: 0, Sum: 0, Workers: 4
[5882.098s][debug][gc,phases      ] GC(90)     Total                          Min: 0, Avg:  0.0, Max: 0, Diff: 0, Sum: 0, Workers: 4
[5882.098s][debug][gc,phases      ] GC(90) Weak Processing 0.478ms
[5882.098s][debug][gc,age         ] GC(90) Desired survivor size 3145728 bytes, new threshold 1 (max threshold 15)
[5882.099s][info ][gc,heap        ] GC(90) PSYoungGen: 2091200K(2094080K)->192K(2094080K) Eden: 2091008K(2091008K)->0K(2091008K) From: 192K(3072K)->192K(3072K)
[5882.099s][info ][gc,heap        ] GC(90) ParOldGen: 520696K(520704K)->520728K(521216K)
[5882.099s][info ][gc,metaspace   ] GC(90) Metaspace: 96307K(97600K)->96307K(97600K) NonClass: 82184K(82944K)->82184K(82944K) Class: 14122K(14656K)->14122K(14656K)
[5882.099s][info ][gc             ] GC(90) Pause Young (Allocation Failure) 2550M->508M(2554M) 3.584ms
[5882.099s][info ][gc,cpu         ] GC(90) User=0.01s Sys=0.00s Real=0.00s
[5882.099s][info ][safepoint      ] Safepoint "ParallelGCFailedAllocation", Time since last: 39242335934 ns, Reaching safepoint: 105701 ns, Cleanup: 8600 ns, At safepoint: 3706845 ns, Total: 3821146 ns
[5980.344s][info ][gc,start       ] GC(91) Pause Young (Allocation Failure)
[5980.347s][debug][gc,phases      ] GC(91) Scavenge 2.676ms
[5980.347s][debug][gc,ref         ] GC(91) ReferenceProcessor::execute queues: 1, RefProcThreadModel::Single, marks_oops_alive: false
[5980.347s][debug][gc,ref         ] GC(91) Skipped KeepAliveFinalRefsPhase of Reference Processing: no references
[5980.347s][debug][gc,ref         ] GC(91) Skipped PhantomRefsPhase of Reference Processing: no references
[5980.347s][debug][gc,phases      ] GC(91) Reference Processing 0.133ms
[5980.347s][debug][gc,phases      ] GC(91)   VM Weak                        Min:  0.0, Avg:  0.0, Max:  0.0, Diff:  0.0, Sum:  0.0, Workers: 4
[5980.347s][debug][gc,phases      ] GC(91)     Dead                           Min: 0, Avg:  0.0, Max: 0, Diff: 0, Sum: 0, Workers: 4
[5980.347s][debug][gc,phases      ] GC(91)     Total                          Min: 0, Avg: 251.5, Max: 704, Diff: 704, Sum: 1006, Workers: 4
[5980.347s][debug][gc,phases      ] GC(91)   ObjectSynchronizer Weak        Min:  0.0, Avg:  0.0, Max:  0.0, Diff:  0.0, Sum:  0.0, Workers: 4
[5980.347s][debug][gc,phases      ] GC(91)     Dead                           Min: 0, Avg:  0.0, Max: 0, Diff: 0, Sum: 0, Workers: 4
[5980.347s][debug][gc,phases      ] GC(91)     Total                          Min: 0, Avg:  0.8, Max: 3, Diff: 3, Sum: 3, Workers: 4
[5980.347s][debug][gc,phases      ] GC(91)   JVMTI Tag Weak OopStorage      Min:  0.0, Avg:  0.0, Max:  0.0, Diff:  0.0, Sum:  0.0, Workers: 4
[5980.347s][debug][gc,phases      ] GC(91)     Dead                           Min: 0, Avg:  0.0, Max: 0, Diff: 0, Sum: 0, Workers: 4
[5980.347s][debug][gc,phases      ] GC(91)     Total                          Min: 0, Avg:  0.0, Max: 0, Diff: 0, Sum: 0, Workers: 4
[5980.347s][debug][gc,phases      ] GC(91)   StringTable Weak               Min:  0.0, Avg:  0.1, Max:  0.2, Diff:  0.2, Sum:  0.5, Workers: 4
[5980.347s][debug][gc,phases      ] GC(91)     Dead                           Min: 0, Avg:  0.0, Max: 0, Diff: 0, Sum: 0, Workers: 4
[5980.347s][debug][gc,phases      ] GC(91)     Total                          Min: 0, Avg: 12143.0, Max: 16572, Diff: 16572, Sum: 48572, Workers: 4
[5980.347s][debug][gc,phases      ] GC(91)   ResolvedMethodTable Weak       Min:  0.0, Avg:  0.0, Max:  0.0, Diff:  0.0, Sum:  0.1, Workers: 4
[5980.347s][debug][gc,phases      ] GC(91)     Dead                           Min: 0, Avg:  0.0, Max: 0, Diff: 0, Sum: 0, Workers: 4
[5980.347s][debug][gc,phases      ] GC(91)     Total                          Min: 0, Avg: 3359.0, Max: 4900, Diff: 4900, Sum: 13436, Workers: 4
[5980.347s][debug][gc,phases      ] GC(91)   JNI Weak                       Min:  0.0, Avg:  0.0, Max:  0.0, Diff:  0.0, Sum:  0.0, Workers: 4
[5980.347s][debug][gc,phases      ] GC(91)     Dead                           Min: 0, Avg:  0.0, Max: 0, Diff: 0, Sum: 0, Workers: 4
[5980.347s][debug][gc,phases      ] GC(91)     Total                          Min: 0, Avg: 12.0, Max: 48, Diff: 48, Sum: 48, Workers: 4
[5980.347s][debug][gc,phases      ] GC(91)   StringDedup Table Weak         Min:  0.0, Avg:  0.0, Max:  0.0, Diff:  0.0, Sum:  0.0, Workers: 4
[5980.347s][debug][gc,phases      ] GC(91)     Dead                           Min: 0, Avg:  0.0, Max: 0, Diff: 0, Sum: 0, Workers: 4
[5980.347s][debug][gc,phases      ] GC(91)     Total                          Min: 0, Avg:  0.0, Max: 0, Diff: 0, Sum: 0, Workers: 4
[5980.348s][debug][gc,phases      ] GC(91)   StringDedup Requests0 Weak     Min:  0.0, Avg:  0.0, Max:  0.0, Diff:  0.0, Sum:  0.0, Workers: 4
[5980.348s][debug][gc,phases      ] GC(91)     Dead                           Min: 0, Avg:  0.0, Max: 0, Diff: 0, Sum: 0, Workers: 4
[5980.348s][debug][gc,phases      ] GC(91)     Total                          Min: 0, Avg:  0.0, Max: 0, Diff: 0, Sum: 0, Workers: 4
[5980.348s][debug][gc,phases      ] GC(91)   StringDedup Requests1 Weak     Min:  0.0, Avg:  0.0, Max:  0.0, Diff:  0.0, Sum:  0.0, Workers: 4
[5980.348s][debug][gc,phases      ] GC(91)     Dead                           Min: 0, Avg:  0.0, Max: 0, Diff: 0, Sum: 0, Workers: 4
[5980.348s][debug][gc,phases      ] GC(91)     Total                          Min: 0, Avg:  0.0, Max: 0, Diff: 0, Sum: 0, Workers: 4
[5980.348s][debug][gc,phases      ] GC(91)   Weak JFR Old Object Samples    Min:  0.0, Avg:  0.0, Max:  0.0, Diff:  0.0, Sum:  0.0, Workers: 4
[5980.348s][debug][gc,phases      ] GC(91)     Dead                           Min: 0, Avg:  0.0, Max: 0, Diff: 0, Sum: 0, Workers: 4
[5980.348s][debug][gc,phases      ] GC(91)     Total                          Min: 0, Avg:  0.0, Max: 0, Diff: 0, Sum: 0, Workers: 4
[5980.348s][debug][gc,phases      ] GC(91) Weak Processing 0.507ms
[5980.348s][debug][gc,age         ] GC(91) Desired survivor size 2621440 bytes, new threshold 1 (max threshold 15)
[5980.348s][info ][gc,heap        ] GC(91) PSYoungGen: 2091200K(2094080K)->160K(2094592K) Eden: 2091008K(2091008K)->0K(2091520K) From: 192K(3072K)->160K(3072K)
[5980.348s][info ][gc,heap        ] GC(91) ParOldGen: 520728K(521216K)->520760K(521216K)
[5980.348s][info ][gc,metaspace   ] GC(91) Metaspace: 96307K(97600K)->96307K(97600K) NonClass: 82184K(82944K)->82184K(82944K) Class: 14122K(14656K)->14122K(14656K)
[5980.348s][info ][gc             ] GC(91) Pause Young (Allocation Failure) 2550M->508M(2554M) 3.450ms
[5980.348s][info ][gc,cpu         ] GC(91) User=0.01s Sys=0.00s Real=0.01s
[5980.348s][info ][safepoint      ] Safepoint "ParallelGCFailedAllocation", Time since last: 98245446089 ns, Reaching safepoint: 88701 ns, Cleanup: 5400 ns, At safepoint: 3566330 ns, Total: 3660431 ns
[6076.144s][info ][gc,start       ] GC(92) Pause Young (Allocation Failure)
[6076.147s][debug][gc,phases      ] GC(92) Scavenge 2.895ms
[6076.147s][debug][gc,ref         ] GC(92) ReferenceProcessor::execute queues: 1, RefProcThreadModel::Single, marks_oops_alive: false
[6076.147s][debug][gc,ref         ] GC(92) Skipped KeepAliveFinalRefsPhase of Reference Processing: no references
[6076.147s][debug][gc,ref         ] GC(92) Skipped PhantomRefsPhase of Reference Processing: no references
[6076.147s][debug][gc,phases      ] GC(92) Reference Processing 0.115ms
[6076.148s][debug][gc,phases      ] GC(92)   VM Weak                        Min:  0.0, Avg:  0.0, Max:  0.0, Diff:  0.0, Sum:  0.0, Workers: 4
[6076.148s][debug][gc,phases      ] GC(92)     Dead                           Min: 0, Avg:  0.0, Max: 0, Diff: 0, Sum: 0, Workers: 4
[6076.148s][debug][gc,phases      ] GC(92)     Total                          Min: 0, Avg: 251.5, Max: 576, Diff: 576, Sum: 1006, Workers: 4
[6076.148s][debug][gc,phases      ] GC(92)   ObjectSynchronizer Weak        Min:  0.0, Avg:  0.0, Max:  0.0, Diff:  0.0, Sum:  0.0, Workers: 4
[6076.148s][debug][gc,phases      ] GC(92)     Dead                           Min: 0, Avg:  0.0, Max: 0, Diff: 0, Sum: 0, Workers: 4
[6076.148s][debug][gc,phases      ] GC(92)     Total                          Min: 0, Avg:  0.8, Max: 3, Diff: 3, Sum: 3, Workers: 4
[6076.148s][debug][gc,phases      ] GC(92)   JVMTI Tag Weak OopStorage      Min:  0.0, Avg:  0.0, Max:  0.0, Diff:  0.0, Sum:  0.0, Workers: 4
[6076.148s][debug][gc,phases      ] GC(92)     Dead                           Min: 0, Avg:  0.0, Max: 0, Diff: 0, Sum: 0, Workers: 4
[6076.148s][debug][gc,phases      ] GC(92)     Total                          Min: 0, Avg:  0.0, Max: 0, Diff: 0, Sum: 0, Workers: 4
[6076.148s][debug][gc,phases      ] GC(92)   StringTable Weak               Min:  0.0, Avg:  0.1, Max:  0.2, Diff:  0.2, Sum:  0.4, Workers: 4
[6076.148s][debug][gc,phases      ] GC(92)     Dead                           Min: 0, Avg:  0.0, Max: 0, Diff: 0, Sum: 0, Workers: 4
[6076.148s][debug][gc,phases      ] GC(92)     Total                          Min: 0, Avg: 12143.0, Max: 27712, Diff: 27712, Sum: 48572, Workers: 4
[6076.148s][debug][gc,phases      ] GC(92)   ResolvedMethodTable Weak       Min:  0.0, Avg:  0.0, Max:  0.1, Diff:  0.1, Sum:  0.1, Workers: 4
[6076.148s][debug][gc,phases      ] GC(92)     Dead                           Min: 0, Avg:  0.0, Max: 0, Diff: 0, Sum: 0, Workers: 4
[6076.148s][debug][gc,phases      ] GC(92)     Total                          Min: 0, Avg: 3359.0, Max: 6788, Diff: 6788, Sum: 13436, Workers: 4
[6076.148s][debug][gc,phases      ] GC(92)   JNI Weak                       Min:  0.0, Avg:  0.0, Max:  0.0, Diff:  0.0, Sum:  0.0, Workers: 4
[6076.148s][debug][gc,phases      ] GC(92)     Dead                           Min: 0, Avg:  0.0, Max: 0, Diff: 0, Sum: 0, Workers: 4
[6076.148s][debug][gc,phases      ] GC(92)     Total                          Min: 0, Avg: 12.0, Max: 48, Diff: 48, Sum: 48, Workers: 4
[6076.148s][debug][gc,phases      ] GC(92)   StringDedup Table Weak         Min:  0.0, Avg:  0.0, Max:  0.0, Diff:  0.0, Sum:  0.0, Workers: 4
[6076.148s][debug][gc,phases      ] GC(92)     Dead                           Min: 0, Avg:  0.0, Max: 0, Diff: 0, Sum: 0, Workers: 4
[6076.148s][debug][gc,phases      ] GC(92)     Total                          Min: 0, Avg:  0.0, Max: 0, Diff: 0, Sum: 0, Workers: 4
[6076.148s][debug][gc,phases      ] GC(92)   StringDedup Requests0 Weak     Min:  0.0, Avg:  0.0, Max:  0.0, Diff:  0.0, Sum:  0.0, Workers: 4
[6076.148s][debug][gc,phases      ] GC(92)     Dead                           Min: 0, Avg:  0.0, Max: 0, Diff: 0, Sum: 0, Workers: 4
[6076.148s][debug][gc,phases      ] GC(92)     Total                          Min: 0, Avg:  0.0, Max: 0, Diff: 0, Sum: 0, Workers: 4
[6076.148s][debug][gc,phases      ] GC(92)   StringDedup Requests1 Weak     Min:  0.0, Avg:  0.0, Max:  0.0, Diff:  0.0, Sum:  0.0, Workers: 4
[6076.148s][debug][gc,phases      ] GC(92)     Dead                           Min: 0, Avg:  0.0, Max: 0, Diff: 0, Sum: 0, Workers: 4
[6076.148s][debug][gc,phases      ] GC(92)     Total                          Min: 0, Avg:  0.0, Max: 0, Diff: 0, Sum: 0, Workers: 4
[6076.148s][debug][gc,phases      ] GC(92)   Weak JFR Old Object Samples    Min:  0.0, Avg:  0.0, Max:  0.0, Diff:  0.0, Sum:  0.0, Workers: 4
[6076.148s][debug][gc,phases      ] GC(92)     Dead                           Min: 0, Avg:  0.0, Max: 0, Diff: 0, Sum: 0, Workers: 4
[6076.148s][debug][gc,phases      ] GC(92)     Total                          Min: 0, Avg:  0.0, Max: 0, Diff: 0, Sum: 0, Workers: 4
[6076.148s][debug][gc,phases      ] GC(92) Weak Processing 0.525ms
[6076.148s][debug][gc,age         ] GC(92) Desired survivor size 2621440 bytes, new threshold 1 (max threshold 15)
[6076.148s][info ][gc,heap        ] GC(92) PSYoungGen: 2091680K(2094592K)->160K(2094080K) Eden: 2091520K(2091520K)->0K(2091520K) From: 160K(3072K)->160K(2560K)
[6076.148s][info ][gc,heap        ] GC(92) ParOldGen: 520760K(521216K)->520792K(521216K)
[6076.148s][info ][gc,metaspace   ] GC(92) Metaspace: 96308K(97600K)->96308K(97600K) NonClass: 82185K(82944K)->82185K(82944K) Class: 14122K(14656K)->14122K(14656K)
[6076.148s][info ][gc             ] GC(92) Pause Young (Allocation Failure) 2551M->508M(2554M) 3.676ms
[6076.148s][info ][gc,cpu         ] GC(92) User=0.01s Sys=0.00s Real=0.01s
[6076.148s][info ][safepoint      ] Safepoint "ParallelGCFailedAllocation", Time since last: 95796378001 ns, Reaching safepoint: 87101 ns, Cleanup: 5800 ns, At safepoint: 3791431 ns, Total: 3884332 ns
[6174.447s][info ][gc,start       ] GC(93) Pause Young (Allocation Failure)
[6174.449s][debug][gc,phases      ] GC(93) Scavenge 2.585ms
[6174.449s][debug][gc,ref         ] GC(93) ReferenceProcessor::execute queues: 1, RefProcThreadModel::Single, marks_oops_alive: false
[6174.449s][debug][gc,ref         ] GC(93) Skipped KeepAliveFinalRefsPhase of Reference Processing: no references
[6174.449s][debug][gc,ref         ] GC(93) Skipped PhantomRefsPhase of Reference Processing: no references
[6174.449s][debug][gc,phases      ] GC(93) Reference Processing 0.114ms
[6174.450s][debug][gc,phases      ] GC(93)   VM Weak                        Min:  0.0, Avg:  0.0, Max:  0.0, Diff:  0.0, Sum:  0.0, Workers: 4
[6174.450s][debug][gc,phases      ] GC(93)     Dead                           Min: 0, Avg:  0.0, Max: 0, Diff: 0, Sum: 0, Workers: 4
[6174.450s][debug][gc,phases      ] GC(93)     Total                          Min: 0, Avg: 251.5, Max: 750, Diff: 750, Sum: 1006, Workers: 4
[6174.450s][debug][gc,phases      ] GC(93)   ObjectSynchronizer Weak        Min:  0.0, Avg:  0.0, Max:  0.0, Diff:  0.0, Sum:  0.0, Workers: 4
[6174.450s][debug][gc,phases      ] GC(93)     Dead                           Min: 0, Avg:  0.0, Max: 0, Diff: 0, Sum: 0, Workers: 4
[6174.450s][debug][gc,phases      ] GC(93)     Total                          Min: 0, Avg:  0.8, Max: 3, Diff: 3, Sum: 3, Workers: 4
[6174.450s][debug][gc,phases      ] GC(93)   JVMTI Tag Weak OopStorage      Min:  0.0, Avg:  0.0, Max:  0.0, Diff:  0.0, Sum:  0.0, Workers: 4
[6174.450s][debug][gc,phases      ] GC(93)     Dead                           Min: 0, Avg:  0.0, Max: 0, Diff: 0, Sum: 0, Workers: 4
[6174.450s][debug][gc,phases      ] GC(93)     Total                          Min: 0, Avg:  0.0, Max: 0, Diff: 0, Sum: 0, Workers: 4
[6174.450s][debug][gc,phases      ] GC(93)   StringTable Weak               Min:  0.0, Avg:  0.1, Max:  0.2, Diff:  0.2, Sum:  0.4, Workers: 4
[6174.450s][debug][gc,phases      ] GC(93)     Dead                           Min: 0, Avg:  0.0, Max: 0, Diff: 0, Sum: 0, Workers: 4
[6174.450s][debug][gc,phases      ] GC(93)     Total                          Min: 0, Avg: 12143.0, Max: 26492, Diff: 26492, Sum: 48572, Workers: 4
[6174.450s][debug][gc,phases      ] GC(93)   ResolvedMethodTable Weak       Min:  0.0, Avg:  0.0, Max:  0.1, Diff:  0.1, Sum:  0.1, Workers: 4
[6174.450s][debug][gc,phases      ] GC(93)     Dead                           Min: 0, Avg:  0.0, Max: 0, Diff: 0, Sum: 0, Workers: 4
[6174.450s][debug][gc,phases      ] GC(93)     Total                          Min: 0, Avg: 3359.0, Max: 7265, Diff: 7265, Sum: 13436, Workers: 4
[6174.450s][debug][gc,phases      ] GC(93)   JNI Weak                       Min:  0.0, Avg:  0.0, Max:  0.0, Diff:  0.0, Sum:  0.0, Workers: 4
[6174.450s][debug][gc,phases      ] GC(93)     Dead                           Min: 0, Avg:  0.0, Max: 0, Diff: 0, Sum: 0, Workers: 4
[6174.450s][debug][gc,phases      ] GC(93)     Total                          Min: 0, Avg: 12.0, Max: 48, Diff: 48, Sum: 48, Workers: 4
[6174.450s][debug][gc,phases      ] GC(93)   StringDedup Table Weak         Min:  0.0, Avg:  0.0, Max:  0.0, Diff:  0.0, Sum:  0.0, Workers: 4
[6174.450s][debug][gc,phases      ] GC(93)     Dead                           Min: 0, Avg:  0.0, Max: 0, Diff: 0, Sum: 0, Workers: 4
[6174.450s][debug][gc,phases      ] GC(93)     Total                          Min: 0, Avg:  0.0, Max: 0, Diff: 0, Sum: 0, Workers: 4
[6174.450s][debug][gc,phases      ] GC(93)   StringDedup Requests0 Weak     Min:  0.0, Avg:  0.0, Max:  0.0, Diff:  0.0, Sum:  0.0, Workers: 4
[6174.450s][debug][gc,phases      ] GC(93)     Dead                           Min: 0, Avg:  0.0, Max: 0, Diff: 0, Sum: 0, Workers: 4
[6174.450s][debug][gc,phases      ] GC(93)     Total                          Min: 0, Avg:  0.0, Max: 0, Diff: 0, Sum: 0, Workers: 4
[6174.450s][debug][gc,phases      ] GC(93)   StringDedup Requests1 Weak     Min:  0.0, Avg:  0.0, Max:  0.0, Diff:  0.0, Sum:  0.0, Workers: 4
[6174.450s][debug][gc,phases      ] GC(93)     Dead                           Min: 0, Avg:  0.0, Max: 0, Diff: 0, Sum: 0, Workers: 4
[6174.450s][debug][gc,phases      ] GC(93)     Total                          Min: 0, Avg:  0.0, Max: 0, Diff: 0, Sum: 0, Workers: 4
[6174.450s][debug][gc,phases      ] GC(93)   Weak JFR Old Object Samples    Min:  0.0, Avg:  0.0, Max:  0.0, Diff:  0.0, Sum:  0.0, Workers: 4
[6174.450s][debug][gc,phases      ] GC(93)     Dead                           Min: 0, Avg:  0.0, Max: 0, Diff: 0, Sum: 0, Workers: 4
[6174.450s][debug][gc,phases      ] GC(93)     Total                          Min: 0, Avg:  0.0, Max: 0, Diff: 0, Sum: 0, Workers: 4
[6174.450s][debug][gc,phases      ] GC(93) Weak Processing 0.540ms
[6174.450s][debug][gc,age         ] GC(93) Desired survivor size 2097152 bytes, new threshold 1 (max threshold 15)
[6174.450s][info ][gc,heap        ] GC(93) PSYoungGen: 2091680K(2094080K)->192K(2095104K) Eden: 2091520K(2091520K)->0K(2092544K) From: 160K(2560K)->192K(2560K)
[6174.450s][info ][gc,heap        ] GC(93) ParOldGen: 520792K(521216K)->520824K(521216K)
[6174.450s][info ][gc,metaspace   ] GC(93) Metaspace: 96308K(97600K)->96308K(97600K) NonClass: 82185K(82944K)->82185K(82944K) Class: 14122K(14656K)->14122K(14656K)
[6174.450s][info ][gc             ] GC(93) Pause Young (Allocation Failure) 2551M->508M(2555M) 3.367ms
[6174.450s][info ][gc,cpu         ] GC(93) User=0.01s Sys=0.00s Real=0.00s
[6174.450s][info ][safepoint      ] Safepoint "ParallelGCFailedAllocation", Time since last: 98298442608 ns, Reaching safepoint: 79501 ns, Cleanup: 5100 ns, At safepoint: 3474423 ns, Total: 3559024 ns
[6273.247s][info ][gc,start       ] GC(94) Pause Young (Allocation Failure)
[6273.250s][debug][gc,phases      ] GC(94) Scavenge 2.423ms
[6273.250s][debug][gc,ref         ] GC(94) ReferenceProcessor::execute queues: 1, RefProcThreadModel::Single, marks_oops_alive: false
[6273.250s][debug][gc,ref         ] GC(94) Skipped KeepAliveFinalRefsPhase of Reference Processing: no references
[6273.250s][debug][gc,ref         ] GC(94) Skipped PhantomRefsPhase of Reference Processing: no references
[6273.250s][debug][gc,phases      ] GC(94) Reference Processing 0.120ms
[6273.250s][debug][gc,phases      ] GC(94)   VM Weak                        Min:  0.0, Avg:  0.0, Max:  0.0, Diff:  0.0, Sum:  0.0, Workers: 4
[6273.250s][debug][gc,phases      ] GC(94)     Dead                           Min: 0, Avg:  0.0, Max: 0, Diff: 0, Sum: 0, Workers: 4
[6273.250s][debug][gc,phases      ] GC(94)     Total                          Min: 0, Avg: 251.5, Max: 640, Diff: 640, Sum: 1006, Workers: 4
[6273.250s][debug][gc,phases      ] GC(94)   ObjectSynchronizer Weak        Min:  0.0, Avg:  0.0, Max:  0.0, Diff:  0.0, Sum:  0.0, Workers: 4
[6273.250s][debug][gc,phases      ] GC(94)     Dead                           Min: 0, Avg:  0.0, Max: 0, Diff: 0, Sum: 0, Workers: 4
[6273.250s][debug][gc,phases      ] GC(94)     Total                          Min: 0, Avg:  0.8, Max: 3, Diff: 3, Sum: 3, Workers: 4
[6273.250s][debug][gc,phases      ] GC(94)   JVMTI Tag Weak OopStorage      Min:  0.0, Avg:  0.0, Max:  0.0, Diff:  0.0, Sum:  0.0, Workers: 4
[6273.250s][debug][gc,phases      ] GC(94)     Dead                           Min: 0, Avg:  0.0, Max: 0, Diff: 0, Sum: 0, Workers: 4
[6273.250s][debug][gc,phases      ] GC(94)     Total                          Min: 0, Avg:  0.0, Max: 0, Diff: 0, Sum: 0, Workers: 4
[6273.250s][debug][gc,phases      ] GC(94)   StringTable Weak               Min:  0.1, Avg:  0.1, Max:  0.2, Diff:  0.1, Sum:  0.5, Workers: 4
[6273.250s][debug][gc,phases      ] GC(94)     Dead                           Min: 0, Avg:  0.0, Max: 0, Diff: 0, Sum: 0, Workers: 4
[6273.250s][debug][gc,phases      ] GC(94)     Total                          Min: 8060, Avg: 12143.0, Max: 14272, Diff: 6212, Sum: 48572, Workers: 4
[6273.250s][debug][gc,phases      ] GC(94)   ResolvedMethodTable Weak       Min:  0.0, Avg:  0.0, Max:  0.0, Diff:  0.0, Sum:  0.1, Workers: 4
[6273.250s][debug][gc,phases      ] GC(94)     Dead                           Min: 0, Avg:  0.0, Max: 0, Diff: 0, Sum: 0, Workers: 4
[6273.250s][debug][gc,phases      ] GC(94)     Total                          Min: 3041, Avg: 3359.0, Max: 3840, Diff: 799, Sum: 13436, Workers: 4
[6273.250s][debug][gc,phases      ] GC(94)   JNI Weak                       Min:  0.0, Avg:  0.0, Max:  0.0, Diff:  0.0, Sum:  0.0, Workers: 4
[6273.250s][debug][gc,phases      ] GC(94)     Dead                           Min: 0, Avg:  0.0, Max: 0, Diff: 0, Sum: 0, Workers: 4
[6273.250s][debug][gc,phases      ] GC(94)     Total                          Min: 0, Avg: 12.0, Max: 48, Diff: 48, Sum: 48, Workers: 4
[6273.250s][debug][gc,phases      ] GC(94)   StringDedup Table Weak         Min:  0.0, Avg:  0.0, Max:  0.0, Diff:  0.0, Sum:  0.0, Workers: 4
[6273.250s][debug][gc,phases      ] GC(94)     Dead                           Min: 0, Avg:  0.0, Max: 0, Diff: 0, Sum: 0, Workers: 4
[6273.250s][debug][gc,phases      ] GC(94)     Total                          Min: 0, Avg:  0.0, Max: 0, Diff: 0, Sum: 0, Workers: 4
[6273.250s][debug][gc,phases      ] GC(94)   StringDedup Requests0 Weak     Min:  0.0, Avg:  0.0, Max:  0.0, Diff:  0.0, Sum:  0.0, Workers: 4
[6273.250s][debug][gc,phases      ] GC(94)     Dead                           Min: 0, Avg:  0.0, Max: 0, Diff: 0, Sum: 0, Workers: 4
[6273.250s][debug][gc,phases      ] GC(94)     Total                          Min: 0, Avg:  0.0, Max: 0, Diff: 0, Sum: 0, Workers: 4
[6273.250s][debug][gc,phases      ] GC(94)   StringDedup Requests1 Weak     Min:  0.0, Avg:  0.0, Max:  0.0, Diff:  0.0, Sum:  0.0, Workers: 4
[6273.250s][debug][gc,phases      ] GC(94)     Dead                           Min: 0, Avg:  0.0, Max: 0, Diff: 0, Sum: 0, Workers: 4
[6273.251s][debug][gc,phases      ] GC(94)     Total                          Min: 0, Avg:  0.0, Max: 0, Diff: 0, Sum: 0, Workers: 4
[6273.251s][debug][gc,phases      ] GC(94)   Weak JFR Old Object Samples    Min:  0.0, Avg:  0.0, Max:  0.0, Diff:  0.0, Sum:  0.0, Workers: 4
[6273.251s][debug][gc,phases      ] GC(94)     Dead                           Min: 0, Avg:  0.0, Max: 0, Diff: 0, Sum: 0, Workers: 4
[6273.251s][debug][gc,phases      ] GC(94)     Total                          Min: 0, Avg:  0.0, Max: 0, Diff: 0, Sum: 0, Workers: 4
[6273.251s][debug][gc,phases      ] GC(94) Weak Processing 0.437ms
[6273.251s][debug][gc,age         ] GC(94) Desired survivor size 2097152 bytes, new threshold 1 (max threshold 15)
[6273.251s][info ][gc,heap        ] GC(94) PSYoungGen: 2092736K(2095104K)->160K(2094592K) Eden: 2092544K(2092544K)->0K(2092544K) From: 192K(2560K)->160K(2048K)
[6273.251s][info ][gc,heap        ] GC(94) ParOldGen: 520824K(521216K)->520856K(521216K)
[6273.251s][info ][gc,metaspace   ] GC(94) Metaspace: 96308K(97600K)->96308K(97600K) NonClass: 82185K(82944K)->82185K(82944K) Class: 14122K(14656K)->14122K(14656K)
[6273.251s][info ][gc             ] GC(94) Pause Young (Allocation Failure) 2552M->508M(2554M) 3.112ms
[6273.251s][info ][gc,cpu         ] GC(94) User=0.01s Sys=0.00s Real=0.00s
[6273.251s][info ][safepoint      ] Safepoint "ParallelGCFailedAllocation", Time since last: 98797476916 ns, Reaching safepoint: 6017 ns, Cleanup: 4913 ns, At safepoint: 3181844 ns, Total: 3192774 ns
[6316.254s][info ][safepoint      ] Safepoint "Cleanup", Time since last: 43002922914 ns, Reaching safepoint: 7201 ns, Cleanup: 11201 ns, At safepoint: 2700 ns, Total: 21102 ns
[6370.681s][info ][gc,start       ] GC(95) Pause Young (Allocation Failure)
[6370.684s][debug][gc,phases      ] GC(95) Scavenge 2.656ms
[6370.684s][debug][gc,ref         ] GC(95) ReferenceProcessor::execute queues: 1, RefProcThreadModel::Single, marks_oops_alive: false
[6370.684s][debug][gc,ref         ] GC(95) Skipped KeepAliveFinalRefsPhase of Reference Processing: no references
[6370.684s][debug][gc,ref         ] GC(95) ReferenceProcessor::execute queues: 1, RefProcThreadModel::Single, marks_oops_alive: false
[6370.684s][debug][gc,phases      ] GC(95) Reference Processing 0.146ms
[6370.685s][debug][gc,phases      ] GC(95)   VM Weak                        Min:  0.0, Avg:  0.0, Max:  0.0, Diff:  0.0, Sum:  0.0, Workers: 4
[6370.685s][debug][gc,phases      ] GC(95)     Dead                           Min: 0, Avg:  0.0, Max: 0, Diff: 0, Sum: 0, Workers: 4
[6370.685s][debug][gc,phases      ] GC(95)     Total                          Min: 0, Avg: 251.5, Max: 1006, Diff: 1006, Sum: 1006, Workers: 4
[6370.685s][debug][gc,phases      ] GC(95)   ObjectSynchronizer Weak        Min:  0.0, Avg:  0.0, Max:  0.0, Diff:  0.0, Sum:  0.0, Workers: 4
[6370.685s][debug][gc,phases      ] GC(95)     Dead                           Min: 0, Avg:  0.0, Max: 0, Diff: 0, Sum: 0, Workers: 4
[6370.685s][debug][gc,phases      ] GC(95)     Total                          Min: 0, Avg:  0.8, Max: 3, Diff: 3, Sum: 3, Workers: 4
[6370.685s][debug][gc,phases      ] GC(95)   JVMTI Tag Weak OopStorage      Min:  0.0, Avg:  0.0, Max:  0.0, Diff:  0.0, Sum:  0.0, Workers: 4
[6370.685s][debug][gc,phases      ] GC(95)     Dead                           Min: 0, Avg:  0.0, Max: 0, Diff: 0, Sum: 0, Workers: 4
[6370.685s][debug][gc,phases      ] GC(95)     Total                          Min: 0, Avg:  0.0, Max: 0, Diff: 0, Sum: 0, Workers: 4
[6370.685s][debug][gc,phases      ] GC(95)   StringTable Weak               Min:  0.0, Avg:  0.1, Max:  0.2, Diff:  0.2, Sum:  0.5, Workers: 4
[6370.685s][debug][gc,phases      ] GC(95)     Dead                           Min: 0, Avg:  0.0, Max: 0, Diff: 0, Sum: 0, Workers: 4
[6370.685s][debug][gc,phases      ] GC(95)     Total                          Min: 0, Avg: 12143.2, Max: 18432, Diff: 18432, Sum: 48573, Workers: 4
[6370.685s][debug][gc,phases      ] GC(95)   ResolvedMethodTable Weak       Min:  0.0, Avg:  0.0, Max:  0.1, Diff:  0.1, Sum:  0.2, Workers: 4
[6370.685s][debug][gc,phases      ] GC(95)     Dead                           Min: 0, Avg:  0.0, Max: 0, Diff: 0, Sum: 0, Workers: 4
[6370.685s][debug][gc,phases      ] GC(95)     Total                          Min: 0, Avg: 3359.0, Max: 4534, Diff: 4534, Sum: 13436, Workers: 4
[6370.685s][debug][gc,phases      ] GC(95)   JNI Weak                       Min:  0.0, Avg:  0.0, Max:  0.0, Diff:  0.0, Sum:  0.0, Workers: 4
[6370.685s][debug][gc,phases      ] GC(95)     Dead                           Min: 0, Avg:  0.0, Max: 0, Diff: 0, Sum: 0, Workers: 4
[6370.685s][debug][gc,phases      ] GC(95)     Total                          Min: 0, Avg: 12.0, Max: 48, Diff: 48, Sum: 48, Workers: 4
[6370.685s][debug][gc,phases      ] GC(95)   StringDedup Table Weak         Min:  0.0, Avg:  0.0, Max:  0.0, Diff:  0.0, Sum:  0.0, Workers: 4
[6370.685s][debug][gc,phases      ] GC(95)     Dead                           Min: 0, Avg:  0.0, Max: 0, Diff: 0, Sum: 0, Workers: 4
[6370.685s][debug][gc,phases      ] GC(95)     Total                          Min: 0, Avg:  0.0, Max: 0, Diff: 0, Sum: 0, Workers: 4
[6370.685s][debug][gc,phases      ] GC(95)   StringDedup Requests0 Weak     Min:  0.0, Avg:  0.0, Max:  0.0, Diff:  0.0, Sum:  0.0, Workers: 4
[6370.685s][debug][gc,phases      ] GC(95)     Dead                           Min: 0, Avg:  0.0, Max: 0, Diff: 0, Sum: 0, Workers: 4
[6370.685s][debug][gc,phases      ] GC(95)     Total                          Min: 0, Avg:  0.0, Max: 0, Diff: 0, Sum: 0, Workers: 4
[6370.685s][debug][gc,phases      ] GC(95)   StringDedup Requests1 Weak     Min:  0.0, Avg:  0.0, Max:  0.0, Diff:  0.0, Sum:  0.0, Workers: 4
[6370.685s][debug][gc,phases      ] GC(95)     Dead                           Min: 0, Avg:  0.0, Max: 0, Diff: 0, Sum: 0, Workers: 4
[6370.685s][debug][gc,phases      ] GC(95)     Total                          Min: 0, Avg:  0.0, Max: 0, Diff: 0, Sum: 0, Workers: 4
[6370.685s][debug][gc,phases      ] GC(95)   Weak JFR Old Object Samples    Min:  0.0, Avg:  0.0, Max:  0.0, Diff:  0.0, Sum:  0.0, Workers: 4
[6370.685s][debug][gc,phases      ] GC(95)     Dead                           Min: 0, Avg:  0.0, Max: 0, Diff: 0, Sum: 0, Workers: 4
[6370.685s][debug][gc,phases      ] GC(95)     Total                          Min: 0, Avg:  0.0, Max: 0, Diff: 0, Sum: 0, Workers: 4
[6370.685s][debug][gc,phases      ] GC(95) Weak Processing 0.556ms
[6370.685s][debug][gc,age         ] GC(95) Desired survivor size 2097152 bytes, new threshold 1 (max threshold 15)
[6370.685s][info ][gc,heap        ] GC(95) PSYoungGen: 2092704K(2094592K)->224K(2095104K) Eden: 2092544K(2092544K)->0K(2093056K) From: 160K(2048K)->224K(2048K)
[6370.685s][info ][gc,heap        ] GC(95) ParOldGen: 520856K(521216K)->520888K(521216K)
[6370.685s][info ][gc,metaspace   ] GC(95) Metaspace: 96309K(97600K)->96309K(97600K) NonClass: 82186K(82944K)->82186K(82944K) Class: 14122K(14656K)->14122K(14656K)
[6370.685s][info ][gc             ] GC(95) Pause Young (Allocation Failure) 2552M->508M(2555M) 3.537ms
[6370.685s][info ][gc,cpu         ] GC(95) User=0.00s Sys=0.00s Real=0.00s
[6370.685s][info ][safepoint      ] Safepoint "ParallelGCFailedAllocation", Time since last: 54427653574 ns, Reaching safepoint: 9500 ns, Cleanup: 4800 ns, At safepoint: 3663639 ns, Total: 3677939 ns
[6468.294s][info ][gc,start       ] GC(96) Pause Young (Allocation Failure)
[6468.295s][debug][gc,phases      ] GC(96) Scavenge 1.368ms
[6468.296s][debug][gc,ref         ] GC(96) ReferenceProcessor::execute queues: 1, RefProcThreadModel::Single, marks_oops_alive: false
[6468.296s][debug][gc,ref         ] GC(96) Skipped KeepAliveFinalRefsPhase of Reference Processing: no references
[6468.296s][debug][gc,ref         ] GC(96) Skipped PhantomRefsPhase of Reference Processing: no references
[6468.296s][debug][gc,phases      ] GC(96) Reference Processing 0.113ms
[6468.296s][debug][gc,phases      ] GC(96)   VM Weak                        Min:  0.0, Avg:  0.0, Max:  0.0, Diff:  0.0, Sum:  0.0, Workers: 4
[6468.296s][debug][gc,phases      ] GC(96)     Dead                           Min: 0, Avg:  0.0, Max: 0, Diff: 0, Sum: 0, Workers: 4
[6468.296s][debug][gc,phases      ] GC(96)     Total                          Min: 0, Avg: 251.5, Max: 686, Diff: 686, Sum: 1006, Workers: 4
[6468.296s][debug][gc,phases      ] GC(96)   ObjectSynchronizer Weak        Min:  0.0, Avg:  0.0, Max:  0.0, Diff:  0.0, Sum:  0.0, Workers: 4
[6468.296s][debug][gc,phases      ] GC(96)     Dead                           Min: 0, Avg:  0.0, Max: 0, Diff: 0, Sum: 0, Workers: 4
[6468.296s][debug][gc,phases      ] GC(96)     Total                          Min: 0, Avg:  0.8, Max: 3, Diff: 3, Sum: 3, Workers: 4
[6468.296s][debug][gc,phases      ] GC(96)   JVMTI Tag Weak OopStorage      Min:  0.0, Avg:  0.0, Max:  0.0, Diff:  0.0, Sum:  0.0, Workers: 4
[6468.296s][debug][gc,phases      ] GC(96)     Dead                           Min: 0, Avg:  0.0, Max: 0, Diff: 0, Sum: 0, Workers: 4
[6468.296s][debug][gc,phases      ] GC(96)     Total                          Min: 0, Avg:  0.0, Max: 0, Diff: 0, Sum: 0, Workers: 4
[6468.296s][debug][gc,phases      ] GC(96)   StringTable Weak               Min:  0.0, Avg:  0.1, Max:  0.1, Diff:  0.1, Sum:  0.4, Workers: 4
[6468.296s][debug][gc,phases      ] GC(96)     Dead                           Min: 0, Avg:  0.0, Max: 0, Diff: 0, Sum: 0, Workers: 4
[6468.296s][debug][gc,phases      ] GC(96)     Total                          Min: 0, Avg: 12143.2, Max: 16512, Diff: 16512, Sum: 48573, Workers: 4
[6468.296s][debug][gc,phases      ] GC(96)   ResolvedMethodTable Weak       Min:  0.0, Avg:  0.0, Max:  0.0, Diff:  0.0, Sum:  0.1, Workers: 4
[6468.296s][debug][gc,phases      ] GC(96)     Dead                           Min: 0, Avg:  0.0, Max: 0, Diff: 0, Sum: 0, Workers: 4
[6468.296s][debug][gc,phases      ] GC(96)     Total                          Min: 0, Avg: 3359.0, Max: 4994, Diff: 4994, Sum: 13436, Workers: 4
[6468.296s][debug][gc,phases      ] GC(96)   JNI Weak                       Min:  0.0, Avg:  0.0, Max:  0.0, Diff:  0.0, Sum:  0.0, Workers: 4
[6468.296s][debug][gc,phases      ] GC(96)     Dead                           Min: 0, Avg:  0.0, Max: 0, Diff: 0, Sum: 0, Workers: 4
[6468.296s][debug][gc,phases      ] GC(96)     Total                          Min: 0, Avg: 12.0, Max: 48, Diff: 48, Sum: 48, Workers: 4
[6468.296s][debug][gc,phases      ] GC(96)   StringDedup Table Weak         Min:  0.0, Avg:  0.0, Max:  0.0, Diff:  0.0, Sum:  0.0, Workers: 4
[6468.296s][debug][gc,phases      ] GC(96)     Dead                           Min: 0, Avg:  0.0, Max: 0, Diff: 0, Sum: 0, Workers: 4
[6468.296s][debug][gc,phases      ] GC(96)     Total                          Min: 0, Avg:  0.0, Max: 0, Diff: 0, Sum: 0, Workers: 4
[6468.296s][debug][gc,phases      ] GC(96)   StringDedup Requests0 Weak     Min:  0.0, Avg:  0.0, Max:  0.0, Diff:  0.0, Sum:  0.0, Workers: 4
[6468.296s][debug][gc,phases      ] GC(96)     Dead                           Min: 0, Avg:  0.0, Max: 0, Diff: 0, Sum: 0, Workers: 4
[6468.296s][debug][gc,phases      ] GC(96)     Total                          Min: 0, Avg:  0.0, Max: 0, Diff: 0, Sum: 0, Workers: 4
[6468.296s][debug][gc,phases      ] GC(96)   StringDedup Requests1 Weak     Min:  0.0, Avg:  0.0, Max:  0.0, Diff:  0.0, Sum:  0.0, Workers: 4
[6468.296s][debug][gc,phases      ] GC(96)     Dead                           Min: 0, Avg:  0.0, Max: 0, Diff: 0, Sum: 0, Workers: 4
[6468.296s][debug][gc,phases      ] GC(96)     Total                          Min: 0, Avg:  0.0, Max: 0, Diff: 0, Sum: 0, Workers: 4
[6468.296s][debug][gc,phases      ] GC(96)   Weak JFR Old Object Samples    Min:  0.0, Avg:  0.0, Max:  0.0, Diff:  0.0, Sum:  0.0, Workers: 4
[6468.296s][debug][gc,phases      ] GC(96)     Dead                           Min: 0, Avg:  0.0, Max: 0, Diff: 0, Sum: 0, Workers: 4
[6468.296s][debug][gc,phases      ] GC(96)     Total                          Min: 0, Avg:  0.0, Max: 0, Diff: 0, Sum: 0, Workers: 4
[6468.296s][debug][gc,phases      ] GC(96) Weak Processing 0.429ms
[6468.296s][debug][gc,age         ] GC(96) Desired survivor size 2097152 bytes, new threshold 1 (max threshold 15)
[6468.296s][info ][gc,heap        ] GC(96) PSYoungGen: 2093280K(2095104K)->160K(2095104K) Eden: 2093056K(2093056K)->0K(2093056K) From: 224K(2048K)->160K(2048K)
[6468.296s][info ][gc,heap        ] GC(96) ParOldGen: 520888K(521216K)->520920K(521216K)
[6468.296s][info ][gc,metaspace   ] GC(96) Metaspace: 96309K(97600K)->96309K(97600K) NonClass: 82186K(82944K)->82186K(82944K) Class: 14122K(14656K)->14122K(14656K)
[6468.296s][info ][gc             ] GC(96) Pause Young (Allocation Failure) 2552M->508M(2555M) 2.020ms
[6468.296s][info ][gc,cpu         ] GC(96) User=0.00s Sys=0.00s Real=0.01s
[6468.296s][info ][safepoint      ] Safepoint "ParallelGCFailedAllocation", Time since last: 97608986668 ns, Reaching safepoint: 82302 ns, Cleanup: 4800 ns, At safepoint: 2121561 ns, Total: 2208663 ns
[6566.733s][info ][gc,start       ] GC(97) Pause Young (Allocation Failure)
[6566.736s][debug][gc,phases      ] GC(97) Scavenge 3.098ms
[6566.736s][debug][gc,ref         ] GC(97) ReferenceProcessor::execute queues: 1, RefProcThreadModel::Single, marks_oops_alive: false
[6566.736s][debug][gc,ref         ] GC(97) Skipped KeepAliveFinalRefsPhase of Reference Processing: no references
[6566.736s][debug][gc,ref         ] GC(97) Skipped PhantomRefsPhase of Reference Processing: no references
[6566.736s][debug][gc,phases      ] GC(97) Reference Processing 0.130ms
[6566.736s][debug][gc,phases      ] GC(97)   VM Weak                        Min:  0.0, Avg:  0.0, Max:  0.0, Diff:  0.0, Sum:  0.0, Workers: 4
[6566.736s][debug][gc,phases      ] GC(97)     Dead                           Min: 0, Avg:  0.0, Max: 0, Diff: 0, Sum: 0, Workers: 4
[6566.736s][debug][gc,phases      ] GC(97)     Total                          Min: 0, Avg: 251.5, Max: 942, Diff: 942, Sum: 1006, Workers: 4
[6566.736s][debug][gc,phases      ] GC(97)   ObjectSynchronizer Weak        Min:  0.0, Avg:  0.0, Max:  0.0, Diff:  0.0, Sum:  0.0, Workers: 4
[6566.736s][debug][gc,phases      ] GC(97)     Dead                           Min: 0, Avg:  0.0, Max: 0, Diff: 0, Sum: 0, Workers: 4
[6566.736s][debug][gc,phases      ] GC(97)     Total                          Min: 0, Avg:  0.8, Max: 3, Diff: 3, Sum: 3, Workers: 4
[6566.736s][debug][gc,phases      ] GC(97)   JVMTI Tag Weak OopStorage      Min:  0.0, Avg:  0.0, Max:  0.0, Diff:  0.0, Sum:  0.0, Workers: 4
[6566.736s][debug][gc,phases      ] GC(97)     Dead                           Min: 0, Avg:  0.0, Max: 0, Diff: 0, Sum: 0, Workers: 4
[6566.736s][debug][gc,phases      ] GC(97)     Total                          Min: 0, Avg:  0.0, Max: 0, Diff: 0, Sum: 0, Workers: 4
[6566.737s][debug][gc,phases      ] GC(97)   StringTable Weak               Min:  0.0, Avg:  0.1, Max:  0.2, Diff:  0.2, Sum:  0.4, Workers: 4
[6566.737s][debug][gc,phases      ] GC(97)     Dead                           Min: 0, Avg:  0.0, Max: 0, Diff: 0, Sum: 0, Workers: 4
[6566.737s][debug][gc,phases      ] GC(97)     Total                          Min: 0, Avg: 12143.2, Max: 24448, Diff: 24448, Sum: 48573, Workers: 4
[6566.737s][debug][gc,phases      ] GC(97)   ResolvedMethodTable Weak       Min:  0.0, Avg:  0.0, Max:  0.1, Diff:  0.1, Sum:  0.1, Workers: 4
[6566.737s][debug][gc,phases      ] GC(97)     Dead                           Min: 0, Avg:  0.0, Max: 0, Diff: 0, Sum: 0, Workers: 4
[6566.737s][debug][gc,phases      ] GC(97)     Total                          Min: 0, Avg: 3359.0, Max: 7001, Diff: 7001, Sum: 13436, Workers: 4
[6566.737s][debug][gc,phases      ] GC(97)   JNI Weak                       Min:  0.0, Avg:  0.0, Max:  0.0, Diff:  0.0, Sum:  0.0, Workers: 4
[6566.737s][debug][gc,phases      ] GC(97)     Dead                           Min: 0, Avg:  0.0, Max: 0, Diff: 0, Sum: 0, Workers: 4
[6566.737s][debug][gc,phases      ] GC(97)     Total                          Min: 0, Avg: 12.0, Max: 48, Diff: 48, Sum: 48, Workers: 4
[6566.737s][debug][gc,phases      ] GC(97)   StringDedup Table Weak         Min:  0.0, Avg:  0.0, Max:  0.0, Diff:  0.0, Sum:  0.0, Workers: 4
[6566.737s][debug][gc,phases      ] GC(97)     Dead                           Min: 0, Avg:  0.0, Max: 0, Diff: 0, Sum: 0, Workers: 4
[6566.737s][debug][gc,phases      ] GC(97)     Total                          Min: 0, Avg:  0.0, Max: 0, Diff: 0, Sum: 0, Workers: 4
[6566.737s][debug][gc,phases      ] GC(97)   StringDedup Requests0 Weak     Min:  0.0, Avg:  0.0, Max:  0.0, Diff:  0.0, Sum:  0.0, Workers: 4
[6566.737s][debug][gc,phases      ] GC(97)     Dead                           Min: 0, Avg:  0.0, Max: 0, Diff: 0, Sum: 0, Workers: 4
[6566.737s][debug][gc,phases      ] GC(97)     Total                          Min: 0, Avg:  0.0, Max: 0, Diff: 0, Sum: 0, Workers: 4
[6566.737s][debug][gc,phases      ] GC(97)   StringDedup Requests1 Weak     Min:  0.0, Avg:  0.0, Max:  0.0, Diff:  0.0, Sum:  0.0, Workers: 4
[6566.737s][debug][gc,phases      ] GC(97)     Dead                           Min: 0, Avg:  0.0, Max: 0, Diff: 0, Sum: 0, Workers: 4
[6566.737s][debug][gc,phases      ] GC(97)     Total                          Min: 0, Avg:  0.0, Max: 0, Diff: 0, Sum: 0, Workers: 4
[6566.737s][debug][gc,phases      ] GC(97)   Weak JFR Old Object Samples    Min:  0.0, Avg:  0.0, Max:  0.0, Diff:  0.0, Sum:  0.0, Workers: 4
[6566.737s][debug][gc,phases      ] GC(97)     Dead                           Min: 0, Avg:  0.0, Max: 0, Diff: 0, Sum: 0, Workers: 4
[6566.737s][debug][gc,phases      ] GC(97)     Total                          Min: 0, Avg:  0.0, Max: 0, Diff: 0, Sum: 0, Workers: 4
[6566.737s][debug][gc,phases      ] GC(97) Weak Processing 0.568ms
[6566.737s][debug][gc,age         ] GC(97) Desired survivor size 1572864 bytes, new threshold 1 (max threshold 15)
[6566.737s][info ][gc,heap        ] GC(97) PSYoungGen: 2093216K(2095104K)->160K(2095616K) Eden: 2093056K(2093056K)->0K(2093568K) From: 160K(2048K)->160K(2048K)
[6566.737s][info ][gc,heap        ] GC(97) ParOldGen: 520920K(521216K)->520952K(521216K)
[6566.737s][info ][gc,metaspace   ] GC(97) Metaspace: 96309K(97600K)->96309K(97600K) NonClass: 82186K(82944K)->82186K(82944K) Class: 14122K(14656K)->14122K(14656K)
[6566.737s][info ][gc             ] GC(97) Pause Young (Allocation Failure) 2552M->508M(2555M) 3.941ms
[6566.737s][info ][gc,cpu         ] GC(97) User=0.01s Sys=0.00s Real=0.01s
[6566.737s][info ][safepoint      ] Safepoint "ParallelGCFailedAllocation", Time since last: 98436606829 ns, Reaching safepoint: 7701 ns, Cleanup: 4400 ns, At safepoint: 4057711 ns, Total: 4069812 ns
[6664.757s][info ][gc,start       ] GC(98) Pause Young (Allocation Failure)
[6664.758s][debug][gc,phases      ] GC(98) Scavenge 1.437ms
[6664.758s][debug][gc,ref         ] GC(98) ReferenceProcessor::execute queues: 1, RefProcThreadModel::Single, marks_oops_alive: false
[6664.758s][debug][gc,ref         ] GC(98) Skipped KeepAliveFinalRefsPhase of Reference Processing: no references
[6664.758s][debug][gc,ref         ] GC(98) ReferenceProcessor::execute queues: 1, RefProcThreadModel::Single, marks_oops_alive: false
[6664.758s][debug][gc,phases      ] GC(98) Reference Processing 0.113ms
[6664.759s][debug][gc,phases      ] GC(98)   VM Weak                        Min:  0.0, Avg:  0.0, Max:  0.0, Diff:  0.0, Sum:  0.0, Workers: 4
[6664.759s][debug][gc,phases      ] GC(98)     Dead                           Min: 0, Avg:  0.0, Max: 0, Diff: 0, Sum: 0, Workers: 4
[6664.759s][debug][gc,phases      ] GC(98)     Total                          Min: 0, Avg: 251.5, Max: 896, Diff: 896, Sum: 1006, Workers: 4
[6664.759s][debug][gc,phases      ] GC(98)   ObjectSynchronizer Weak        Min:  0.0, Avg:  0.0, Max:  0.0, Diff:  0.0, Sum:  0.0, Workers: 4
[6664.759s][debug][gc,phases      ] GC(98)     Dead                           Min: 0, Avg:  0.0, Max: 0, Diff: 0, Sum: 0, Workers: 4
[6664.759s][debug][gc,phases      ] GC(98)     Total                          Min: 0, Avg:  0.8, Max: 3, Diff: 3, Sum: 3, Workers: 4
[6664.759s][debug][gc,phases      ] GC(98)   JVMTI Tag Weak OopStorage      Min:  0.0, Avg:  0.0, Max:  0.0, Diff:  0.0, Sum:  0.0, Workers: 4
[6664.759s][debug][gc,phases      ] GC(98)     Dead                           Min: 0, Avg:  0.0, Max: 0, Diff: 0, Sum: 0, Workers: 4
[6664.759s][debug][gc,phases      ] GC(98)     Total                          Min: 0, Avg:  0.0, Max: 0, Diff: 0, Sum: 0, Workers: 4
[6664.759s][debug][gc,phases      ] GC(98)   StringTable Weak               Min:  0.0, Avg:  0.1, Max:  0.1, Diff:  0.1, Sum:  0.4, Workers: 4
[6664.759s][debug][gc,phases      ] GC(98)     Dead                           Min: 0, Avg:  0.0, Max: 0, Diff: 0, Sum: 0, Workers: 4
[6664.759s][debug][gc,phases      ] GC(98)     Total                          Min: 0, Avg: 12143.5, Max: 17214, Diff: 17214, Sum: 48574, Workers: 4
[6664.759s][debug][gc,phases      ] GC(98)   ResolvedMethodTable Weak       Min:  0.0, Avg:  0.0, Max:  0.0, Diff:  0.0, Sum:  0.1, Workers: 4
[6664.759s][debug][gc,phases      ] GC(98)     Dead                           Min: 0, Avg:  0.0, Max: 0, Diff: 0, Sum: 0, Workers: 4
[6664.759s][debug][gc,phases      ] GC(98)     Total                          Min: 0, Avg: 3359.0, Max: 5114, Diff: 5114, Sum: 13436, Workers: 4
[6664.759s][debug][gc,phases      ] GC(98)   JNI Weak                       Min:  0.0, Avg:  0.0, Max:  0.0, Diff:  0.0, Sum:  0.0, Workers: 4
[6664.759s][debug][gc,phases      ] GC(98)     Dead                           Min: 0, Avg:  0.0, Max: 0, Diff: 0, Sum: 0, Workers: 4
[6664.759s][debug][gc,phases      ] GC(98)     Total                          Min: 0, Avg: 12.0, Max: 48, Diff: 48, Sum: 48, Workers: 4
[6664.759s][debug][gc,phases      ] GC(98)   StringDedup Table Weak         Min:  0.0, Avg:  0.0, Max:  0.0, Diff:  0.0, Sum:  0.0, Workers: 4
[6664.759s][debug][gc,phases      ] GC(98)     Dead                           Min: 0, Avg:  0.0, Max: 0, Diff: 0, Sum: 0, Workers: 4
[6664.759s][debug][gc,phases      ] GC(98)     Total                          Min: 0, Avg:  0.0, Max: 0, Diff: 0, Sum: 0, Workers: 4
[6664.759s][debug][gc,phases      ] GC(98)   StringDedup Requests0 Weak     Min:  0.0, Avg:  0.0, Max:  0.0, Diff:  0.0, Sum:  0.0, Workers: 4
[6664.759s][debug][gc,phases      ] GC(98)     Dead                           Min: 0, Avg:  0.0, Max: 0, Diff: 0, Sum: 0, Workers: 4
[6664.759s][debug][gc,phases      ] GC(98)     Total                          Min: 0, Avg:  0.0, Max: 0, Diff: 0, Sum: 0, Workers: 4
[6664.759s][debug][gc,phases      ] GC(98)   StringDedup Requests1 Weak     Min:  0.0, Avg:  0.0, Max:  0.0, Diff:  0.0, Sum:  0.0, Workers: 4
[6664.759s][debug][gc,phases      ] GC(98)     Dead                           Min: 0, Avg:  0.0, Max: 0, Diff: 0, Sum: 0, Workers: 4
[6664.759s][debug][gc,phases      ] GC(98)     Total                          Min: 0, Avg:  0.0, Max: 0, Diff: 0, Sum: 0, Workers: 4
[6664.759s][debug][gc,phases      ] GC(98)   Weak JFR Old Object Samples    Min:  0.0, Avg:  0.0, Max:  0.0, Diff:  0.0, Sum:  0.0, Workers: 4
[6664.759s][debug][gc,phases      ] GC(98)     Dead                           Min: 0, Avg:  0.0, Max: 0, Diff: 0, Sum: 0, Workers: 4
[6664.759s][debug][gc,phases      ] GC(98)     Total                          Min: 0, Avg:  0.0, Max: 0, Diff: 0, Sum: 0, Workers: 4
[6664.759s][debug][gc,phases      ] GC(98) Weak Processing 0.439ms
[6664.759s][debug][gc,age         ] GC(98) Desired survivor size 1572864 bytes, new threshold 1 (max threshold 15)
[6664.759s][info ][gc,heap        ] GC(98) PSYoungGen: 2093728K(2095616K)->192K(2095104K) Eden: 2093568K(2093568K)->0K(2093568K) From: 160K(2048K)->192K(1536K)
[6664.759s][info ][gc,heap        ] GC(98) ParOldGen: 520952K(521216K)->520984K(521216K)
[6664.759s][info ][gc,metaspace   ] GC(98) Metaspace: 96314K(97600K)->96314K(97600K) NonClass: 82191K(82944K)->82191K(82944K) Class: 14123K(14656K)->14123K(14656K)
[6664.759s][info ][gc             ] GC(98) Pause Young (Allocation Failure) 2553M->508M(2555M) 2.142ms
[6664.759s][info ][gc,cpu         ] GC(98) User=0.00s Sys=0.00s Real=0.00s
[6664.759s][info ][safepoint      ] Safepoint "ParallelGCFailedAllocation", Time since last: 98019831446 ns, Reaching safepoint: 6201 ns, Cleanup: 4600 ns, At safepoint: 2249247 ns, Total: 2260048 ns
[6763.247s][info ][gc,start       ] GC(99) Pause Young (Allocation Failure)
[6763.250s][debug][gc,phases      ] GC(99) Scavenge 2.073ms
[6763.250s][debug][gc,ref         ] GC(99) ReferenceProcessor::execute queues: 1, RefProcThreadModel::Single, marks_oops_alive: false
[6763.250s][debug][gc,ref         ] GC(99) Skipped KeepAliveFinalRefsPhase of Reference Processing: no references
[6763.250s][debug][gc,ref         ] GC(99) Skipped PhantomRefsPhase of Reference Processing: no references
[6763.250s][debug][gc,phases      ] GC(99) Reference Processing 0.124ms
[6763.250s][debug][gc,phases      ] GC(99)   VM Weak                        Min:  0.0, Avg:  0.0, Max:  0.0, Diff:  0.0, Sum:  0.0, Workers: 4
[6763.250s][debug][gc,phases      ] GC(99)     Dead                           Min: 0, Avg:  0.0, Max: 0, Diff: 0, Sum: 0, Workers: 4
[6763.250s][debug][gc,phases      ] GC(99)     Total                          Min: 0, Avg: 251.5, Max: 558, Diff: 558, Sum: 1006, Workers: 4
[6763.250s][debug][gc,phases      ] GC(99)   ObjectSynchronizer Weak        Min:  0.0, Avg:  0.0, Max:  0.0, Diff:  0.0, Sum:  0.0, Workers: 4
[6763.250s][debug][gc,phases      ] GC(99)     Dead                           Min: 0, Avg:  0.0, Max: 0, Diff: 0, Sum: 0, Workers: 4
[6763.250s][debug][gc,phases      ] GC(99)     Total                          Min: 0, Avg:  0.8, Max: 3, Diff: 3, Sum: 3, Workers: 4
[6763.250s][debug][gc,phases      ] GC(99)   JVMTI Tag Weak OopStorage      Min:  0.0, Avg:  0.0, Max:  0.0, Diff:  0.0, Sum:  0.0, Workers: 4
[6763.250s][debug][gc,phases      ] GC(99)     Dead                           Min: 0, Avg:  0.0, Max: 0, Diff: 0, Sum: 0, Workers: 4
[6763.250s][debug][gc,phases      ] GC(99)     Total                          Min: 0, Avg:  0.0, Max: 0, Diff: 0, Sum: 0, Workers: 4
[6763.250s][debug][gc,phases      ] GC(99)   StringTable Weak               Min:  0.0, Avg:  0.1, Max:  0.2, Diff:  0.2, Sum:  0.5, Workers: 4
[6763.250s][debug][gc,phases      ] GC(99)     Dead                           Min: 0, Avg:  0.0, Max: 0, Diff: 0, Sum: 0, Workers: 4
[6763.250s][debug][gc,phases      ] GC(99)     Total                          Min: 0, Avg: 12143.5, Max: 16896, Diff: 16896, Sum: 48574, Workers: 4
[6763.250s][debug][gc,phases      ] GC(99)   ResolvedMethodTable Weak       Min:  0.0, Avg:  0.0, Max:  0.0, Diff:  0.0, Sum:  0.1, Workers: 4
[6763.250s][debug][gc,phases      ] GC(99)     Dead                           Min: 0, Avg:  0.0, Max: 0, Diff: 0, Sum: 0, Workers: 4
[6763.250s][debug][gc,phases      ] GC(99)     Total                          Min: 0, Avg: 3359.0, Max: 4842, Diff: 4842, Sum: 13436, Workers: 4
[6763.250s][debug][gc,phases      ] GC(99)   JNI Weak                       Min:  0.0, Avg:  0.0, Max:  0.0, Diff:  0.0, Sum:  0.0, Workers: 4
[6763.250s][debug][gc,phases      ] GC(99)     Dead                           Min: 0, Avg:  0.0, Max: 0, Diff: 0, Sum: 0, Workers: 4
[6763.250s][debug][gc,phases      ] GC(99)     Total                          Min: 0, Avg: 12.0, Max: 48, Diff: 48, Sum: 48, Workers: 4
[6763.250s][debug][gc,phases      ] GC(99)   StringDedup Table Weak         Min:  0.0, Avg:  0.0, Max:  0.0, Diff:  0.0, Sum:  0.0, Workers: 4
[6763.250s][debug][gc,phases      ] GC(99)     Dead                           Min: 0, Avg:  0.0, Max: 0, Diff: 0, Sum: 0, Workers: 4
[6763.250s][debug][gc,phases      ] GC(99)     Total                          Min: 0, Avg:  0.0, Max: 0, Diff: 0, Sum: 0, Workers: 4
[6763.250s][debug][gc,phases      ] GC(99)   StringDedup Requests0 Weak     Min:  0.0, Avg:  0.0, Max:  0.0, Diff:  0.0, Sum:  0.0, Workers: 4
[6763.250s][debug][gc,phases      ] GC(99)     Dead                           Min: 0, Avg:  0.0, Max: 0, Diff: 0, Sum: 0, Workers: 4
[6763.250s][debug][gc,phases      ] GC(99)     Total                          Min: 0, Avg:  0.0, Max: 0, Diff: 0, Sum: 0, Workers: 4
[6763.250s][debug][gc,phases      ] GC(99)   StringDedup Requests1 Weak     Min:  0.0, Avg:  0.0, Max:  0.0, Diff:  0.0, Sum:  0.0, Workers: 4
[6763.250s][debug][gc,phases      ] GC(99)     Dead                           Min: 0, Avg:  0.0, Max: 0, Diff: 0, Sum: 0, Workers: 4
[6763.250s][debug][gc,phases      ] GC(99)     Total                          Min: 0, Avg:  0.0, Max: 0, Diff: 0, Sum: 0, Workers: 4
[6763.250s][debug][gc,phases      ] GC(99)   Weak JFR Old Object Samples    Min:  0.0, Avg:  0.0, Max:  0.0, Diff:  0.0, Sum:  0.0, Workers: 4
[6763.250s][debug][gc,phases      ] GC(99)     Dead                           Min: 0, Avg:  0.0, Max: 0, Diff: 0, Sum: 0, Workers: 4
[6763.250s][debug][gc,phases      ] GC(99)     Total                          Min: 0, Avg:  0.0, Max: 0, Diff: 0, Sum: 0, Workers: 4
[6763.250s][debug][gc,phases      ] GC(99) Weak Processing 0.487ms
[6763.250s][debug][gc,age         ] GC(99) Desired survivor size 1572864 bytes, new threshold 1 (max threshold 15)
[6763.250s][info ][gc,heap        ] GC(99) PSYoungGen: 2093760K(2095104K)->192K(2095616K) Eden: 2093568K(2093568K)->0K(2094080K) From: 192K(1536K)->192K(1536K)
[6763.250s][info ][gc,heap        ] GC(99) ParOldGen: 520984K(521216K)->521016K(521216K)
[6763.250s][info ][gc,metaspace   ] GC(99) Metaspace: 96314K(97600K)->96314K(97600K) NonClass: 82191K(82944K)->82191K(82944K) Class: 14123K(14656K)->14123K(14656K)
[6763.250s][info ][gc             ] GC(99) Pause Young (Allocation Failure) 2553M->508M(2555M) 2.806ms
[6763.250s][info ][gc,cpu         ] GC(99) User=0.01s Sys=0.00s Real=0.00s
[6763.250s][info ][safepoint      ] Safepoint "ParallelGCFailedAllocation", Time since last: 98488568329 ns, Reaching safepoint: 7100 ns, Cleanup: 4700 ns, At safepoint: 2905847 ns, Total: 2917647 ns
[6793.252s][info ][safepoint      ] Safepoint "Cleanup", Time since last: 30002015994 ns, Reaching safepoint: 6100 ns, Cleanup: 15201 ns, At safepoint: 30600 ns, Total: 51901 ns
[6843.256s][info ][safepoint      ] Safepoint "Cleanup", Time since last: 50003395963 ns, Reaching safepoint: 6600 ns, Cleanup: 12000 ns, At safepoint: 2400 ns, Total: 21000 ns
[6861.948s][info ][gc,start       ] GC(100) Pause Young (Allocation Failure)
[6861.950s][debug][gc,phases      ] GC(100) Scavenge 2.039ms
[6861.950s][debug][gc,ref         ] GC(100) ReferenceProcessor::execute queues: 1, RefProcThreadModel::Single, marks_oops_alive: false
[6861.950s][debug][gc,ref         ] GC(100) Skipped KeepAliveFinalRefsPhase of Reference Processing: no references
[6861.950s][debug][gc,ref         ] GC(100) Skipped PhantomRefsPhase of Reference Processing: no references
[6861.950s][debug][gc,phases      ] GC(100) Reference Processing 0.117ms
[6861.950s][debug][gc,phases      ] GC(100)   VM Weak                        Min:  0.0, Avg:  0.0, Max:  0.0, Diff:  0.0, Sum:  0.0, Workers: 4
[6861.950s][debug][gc,phases      ] GC(100)     Dead                           Min: 0, Avg:  0.0, Max: 0, Diff: 0, Sum: 0, Workers: 4
[6861.950s][debug][gc,phases      ] GC(100)     Total                          Min: 0, Avg: 251.5, Max: 640, Diff: 640, Sum: 1006, Workers: 4
[6861.950s][debug][gc,phases      ] GC(100)   ObjectSynchronizer Weak        Min:  0.0, Avg:  0.0, Max:  0.0, Diff:  0.0, Sum:  0.0, Workers: 4
[6861.950s][debug][gc,phases      ] GC(100)     Dead                           Min: 0, Avg:  0.0, Max: 0, Diff: 0, Sum: 0, Workers: 4
[6861.950s][debug][gc,phases      ] GC(100)     Total                          Min: 0, Avg:  0.8, Max: 3, Diff: 3, Sum: 3, Workers: 4
[6861.950s][debug][gc,phases      ] GC(100)   JVMTI Tag Weak OopStorage      Min:  0.0, Avg:  0.0, Max:  0.0, Diff:  0.0, Sum:  0.0, Workers: 4
[6861.950s][debug][gc,phases      ] GC(100)     Dead                           Min: 0, Avg:  0.0, Max: 0, Diff: 0, Sum: 0, Workers: 4
[6861.950s][debug][gc,phases      ] GC(100)     Total                          Min: 0, Avg:  0.0, Max: 0, Diff: 0, Sum: 0, Workers: 4
[6861.950s][debug][gc,phases      ] GC(100)   StringTable Weak               Min:  0.0, Avg:  0.1, Max:  0.2, Diff:  0.2, Sum:  0.6, Workers: 4
[6861.950s][debug][gc,phases      ] GC(100)     Dead                           Min: 0, Avg:  0.0, Max: 0, Diff: 0, Sum: 0, Workers: 4
[6861.950s][debug][gc,phases      ] GC(100)     Total                          Min: 0, Avg: 12143.5, Max: 17918, Diff: 17918, Sum: 48574, Workers: 4
[6861.950s][debug][gc,phases      ] GC(100)   ResolvedMethodTable Weak       Min:  0.0, Avg:  0.0, Max:  0.0, Diff:  0.0, Sum:  0.1, Workers: 4
[6861.950s][debug][gc,phases      ] GC(100)     Dead                           Min: 0, Avg:  0.0, Max: 0, Diff: 0, Sum: 0, Workers: 4
[6861.950s][debug][gc,phases      ] GC(100)     Total                          Min: 0, Avg: 3359.0, Max: 5646, Diff: 5646, Sum: 13436, Workers: 4
[6861.950s][debug][gc,phases      ] GC(100)   JNI Weak                       Min:  0.0, Avg:  0.0, Max:  0.0, Diff:  0.0, Sum:  0.0, Workers: 4
[6861.950s][debug][gc,phases      ] GC(100)     Dead                           Min: 0, Avg:  0.0, Max: 0, Diff: 0, Sum: 0, Workers: 4
[6861.950s][debug][gc,phases      ] GC(100)     Total                          Min: 0, Avg: 12.0, Max: 48, Diff: 48, Sum: 48, Workers: 4
[6861.950s][debug][gc,phases      ] GC(100)   StringDedup Table Weak         Min:  0.0, Avg:  0.0, Max:  0.0, Diff:  0.0, Sum:  0.0, Workers: 4
[6861.950s][debug][gc,phases      ] GC(100)     Dead                           Min: 0, Avg:  0.0, Max: 0, Diff: 0, Sum: 0, Workers: 4
[6861.950s][debug][gc,phases      ] GC(100)     Total                          Min: 0, Avg:  0.0, Max: 0, Diff: 0, Sum: 0, Workers: 4
[6861.950s][debug][gc,phases      ] GC(100)   StringDedup Requests0 Weak     Min:  0.0, Avg:  0.0, Max:  0.0, Diff:  0.0, Sum:  0.0, Workers: 4
[6861.950s][debug][gc,phases      ] GC(100)     Dead                           Min: 0, Avg:  0.0, Max: 0, Diff: 0, Sum: 0, Workers: 4
[6861.950s][debug][gc,phases      ] GC(100)     Total                          Min: 0, Avg:  0.0, Max: 0, Diff: 0, Sum: 0, Workers: 4
[6861.950s][debug][gc,phases      ] GC(100)   StringDedup Requests1 Weak     Min:  0.0, Avg:  0.0, Max:  0.0, Diff:  0.0, Sum:  0.0, Workers: 4
[6861.950s][debug][gc,phases      ] GC(100)     Dead                           Min: 0, Avg:  0.0, Max: 0, Diff: 0, Sum: 0, Workers: 4
[6861.950s][debug][gc,phases      ] GC(100)     Total                          Min: 0, Avg:  0.0, Max: 0, Diff: 0, Sum: 0, Workers: 4
[6861.950s][debug][gc,phases      ] GC(100)   Weak JFR Old Object Samples    Min:  0.0, Avg:  0.0, Max:  0.0, Diff:  0.0, Sum:  0.0, Workers: 4
[6861.950s][debug][gc,phases      ] GC(100)     Dead                           Min: 0, Avg:  0.0, Max: 0, Diff: 0, Sum: 0, Workers: 4
[6861.950s][debug][gc,phases      ] GC(100)     Total                          Min: 0, Avg:  0.0, Max: 0, Diff: 0, Sum: 0, Workers: 4
[6861.950s][debug][gc,phases      ] GC(100) Weak Processing 0.489ms
[6861.951s][debug][gc,age         ] GC(100) Desired survivor size 1572864 bytes, new threshold 1 (max threshold 15)
[6861.951s][info ][gc,heap        ] GC(100) PSYoungGen: 2094272K(2095616K)->192K(2095616K) Eden: 2094080K(2094080K)->0K(2094080K) From: 192K(1536K)->192K(1536K)
[6861.951s][info ][gc,heap        ] GC(100) ParOldGen: 521016K(521216K)->521048K(521216K)
[6861.951s][info ][gc,metaspace   ] GC(100) Metaspace: 96318K(97600K)->96318K(97600K) NonClass: 82195K(82944K)->82195K(82944K) Class: 14123K(14656K)->14123K(14656K)
[6861.951s][info ][gc             ] GC(100) Pause Young (Allocation Failure) 2553M->509M(2555M) 2.774ms
[6861.951s][info ][gc,cpu         ] GC(100) User=0.01s Sys=0.00s Real=0.00s
[6861.951s][info ][safepoint      ] Safepoint "ParallelGCFailedAllocation", Time since last: 18691858361 ns, Reaching safepoint: 7100 ns, Cleanup: 4800 ns, At safepoint: 2888639 ns, Total: 2900539 ns
[6892.953s][info ][safepoint      ] Safepoint "Cleanup", Time since last: 31002282604 ns, Reaching safepoint: 6400 ns, Cleanup: 12800 ns, At safepoint: 2600 ns, Total: 21800 ns
[6958.344s][info ][gc,start       ] GC(101) Pause Young (Allocation Failure)
[6958.345s][debug][gc,phases      ] GC(101) Scavenge 1.164ms
[6958.345s][debug][gc,ref         ] GC(101) ReferenceProcessor::execute queues: 1, RefProcThreadModel::Single, marks_oops_alive: false
[6958.345s][debug][gc,ref         ] GC(101) Skipped KeepAliveFinalRefsPhase of Reference Processing: no references
[6958.345s][debug][gc,ref         ] GC(101) ReferenceProcessor::execute queues: 1, RefProcThreadModel::Single, marks_oops_alive: false
[6958.345s][debug][gc,phases      ] GC(101) Reference Processing 0.112ms
[6958.345s][debug][gc,phases      ] GC(101)   VM Weak                        Min:  0.0, Avg:  0.0, Max:  0.0, Diff:  0.0, Sum:  0.0, Workers: 4
[6958.345s][debug][gc,phases      ] GC(101)     Dead                           Min: 0, Avg:  0.0, Max: 0, Diff: 0, Sum: 0, Workers: 4
[6958.345s][debug][gc,phases      ] GC(101)     Total                          Min: 0, Avg: 251.5, Max: 896, Diff: 896, Sum: 1006, Workers: 4
[6958.345s][debug][gc,phases      ] GC(101)   ObjectSynchronizer Weak        Min:  0.0, Avg:  0.0, Max:  0.0, Diff:  0.0, Sum:  0.0, Workers: 4
[6958.345s][debug][gc,phases      ] GC(101)     Dead                           Min: 0, Avg:  0.0, Max: 0, Diff: 0, Sum: 0, Workers: 4
[6958.346s][debug][gc,phases      ] GC(101)     Total                          Min: 0, Avg:  0.8, Max: 3, Diff: 3, Sum: 3, Workers: 4
[6958.346s][debug][gc,phases      ] GC(101)   JVMTI Tag Weak OopStorage      Min:  0.0, Avg:  0.0, Max:  0.0, Diff:  0.0, Sum:  0.0, Workers: 4
[6958.346s][debug][gc,phases      ] GC(101)     Dead                           Min: 0, Avg:  0.0, Max: 0, Diff: 0, Sum: 0, Workers: 4
[6958.346s][debug][gc,phases      ] GC(101)     Total                          Min: 0, Avg:  0.0, Max: 0, Diff: 0, Sum: 0, Workers: 4
[6958.346s][debug][gc,phases      ] GC(101)   StringTable Weak               Min:  0.0, Avg:  0.1, Max:  0.1, Diff:  0.1, Sum:  0.4, Workers: 4
[6958.346s][debug][gc,phases      ] GC(101)     Dead                           Min: 0, Avg:  0.0, Max: 0, Diff: 0, Sum: 0, Workers: 4
[6958.346s][debug][gc,phases      ] GC(101)     Total                          Min: 0, Avg: 12143.8, Max: 17600, Diff: 17600, Sum: 48575, Workers: 4
[6958.346s][debug][gc,phases      ] GC(101)   ResolvedMethodTable Weak       Min:  0.0, Avg:  0.0, Max:  0.0, Diff:  0.0, Sum:  0.1, Workers: 4
[6958.346s][debug][gc,phases      ] GC(101)     Dead                           Min: 0, Avg:  0.0, Max: 0, Diff: 0, Sum: 0, Workers: 4
[6958.346s][debug][gc,phases      ] GC(101)     Total                          Min: 0, Avg: 3359.0, Max: 4799, Diff: 4799, Sum: 13436, Workers: 4
[6958.346s][debug][gc,phases      ] GC(101)   JNI Weak                       Min:  0.0, Avg:  0.0, Max:  0.0, Diff:  0.0, Sum:  0.0, Workers: 4
[6958.346s][debug][gc,phases      ] GC(101)     Dead                           Min: 0, Avg:  0.0, Max: 0, Diff: 0, Sum: 0, Workers: 4
[6958.346s][debug][gc,phases      ] GC(101)     Total                          Min: 0, Avg: 12.0, Max: 48, Diff: 48, Sum: 48, Workers: 4
[6958.346s][debug][gc,phases      ] GC(101)   StringDedup Table Weak         Min:  0.0, Avg:  0.0, Max:  0.0, Diff:  0.0, Sum:  0.0, Workers: 4
[6958.346s][debug][gc,phases      ] GC(101)     Dead                           Min: 0, Avg:  0.0, Max: 0, Diff: 0, Sum: 0, Workers: 4
[6958.346s][debug][gc,phases      ] GC(101)     Total                          Min: 0, Avg:  0.0, Max: 0, Diff: 0, Sum: 0, Workers: 4
[6958.346s][debug][gc,phases      ] GC(101)   StringDedup Requests0 Weak     Min:  0.0, Avg:  0.0, Max:  0.0, Diff:  0.0, Sum:  0.0, Workers: 4
[6958.346s][debug][gc,phases      ] GC(101)     Dead                           Min: 0, Avg:  0.0, Max: 0, Diff: 0, Sum: 0, Workers: 4
[6958.346s][debug][gc,phases      ] GC(101)     Total                          Min: 0, Avg:  0.0, Max: 0, Diff: 0, Sum: 0, Workers: 4
[6958.346s][debug][gc,phases      ] GC(101)   StringDedup Requests1 Weak     Min:  0.0, Avg:  0.0, Max:  0.0, Diff:  0.0, Sum:  0.0, Workers: 4
[6958.346s][debug][gc,phases      ] GC(101)     Dead                           Min: 0, Avg:  0.0, Max: 0, Diff: 0, Sum: 0, Workers: 4
[6958.346s][debug][gc,phases      ] GC(101)     Total                          Min: 0, Avg:  0.0, Max: 0, Diff: 0, Sum: 0, Workers: 4
[6958.346s][debug][gc,phases      ] GC(101)   Weak JFR Old Object Samples    Min:  0.0, Avg:  0.0, Max:  0.0, Diff:  0.0, Sum:  0.0, Workers: 4
[6958.346s][debug][gc,phases      ] GC(101)     Dead                           Min: 0, Avg:  0.0, Max: 0, Diff: 0, Sum: 0, Workers: 4
[6958.346s][debug][gc,phases      ] GC(101)     Total                          Min: 0, Avg:  0.0, Max: 0, Diff: 0, Sum: 0, Workers: 4
[6958.346s][debug][gc,phases      ] GC(101) Weak Processing 0.441ms
[6958.346s][debug][gc,age         ] GC(101) Desired survivor size 1572864 bytes, new threshold 1 (max threshold 15)
[6958.346s][info ][gc,heap        ] GC(101) PSYoungGen: 2094272K(2095616K)->224K(2095616K) Eden: 2094080K(2094080K)->0K(2094080K) From: 192K(1536K)->224K(1536K)
[6958.346s][info ][gc,heap        ] GC(101) ParOldGen: 521048K(521216K)->521080K(521216K)
[6958.346s][info ][gc,metaspace   ] GC(101) Metaspace: 96340K(97600K)->96340K(97600K) NonClass: 82216K(82944K)->82216K(82944K) Class: 14123K(14656K)->14123K(14656K)
[6958.346s][info ][gc             ] GC(101) Pause Young (Allocation Failure) 2554M->509M(2555M) 1.820ms
[6958.346s][info ][gc,cpu         ] GC(101) User=0.00s Sys=0.00s Real=0.00s
[6958.346s][info ][safepoint      ] Safepoint "ParallelGCFailedAllocation", Time since last: 65390856738 ns, Reaching safepoint: 78401 ns, Cleanup: 4600 ns, At safepoint: 1918220 ns, Total: 2001221 ns
[7013.350s][info ][safepoint      ] Safepoint "Cleanup", Time since last: 55003697096 ns, Reaching safepoint: 6400 ns, Cleanup: 59301 ns, At safepoint: 2800 ns, Total: 68501 ns
[7134.271s][info ][safepoint      ] Safepoint "Cleanup", Time since last: 120921014451 ns, Reaching safepoint: 7700 ns, Cleanup: 38200 ns, At safepoint: 6600 ns, Total: 52500 ns
[7134.310s][info ][safepoint      ] Safepoint "JFRCheckpoint", Time since last: 39650135 ns, Reaching safepoint: 5200 ns, Cleanup: 17000 ns, At safepoint: 31401 ns, Total: 53601 ns
[7134.317s][info ][gc,heap,exit   ] Heap
[7134.317s][info ][gc,heap,exit   ]  PSYoungGen      total 2095616K, used 1416324K [0x0000000780000000, 0x0000000800000000, 0x0000000800000000)
[7134.317s][info ][gc,heap,exit   ]   eden space 2094080K, 67% used [0x0000000780000000,0x00000007d66e9378,0x00000007ffd00000)
[7134.317s][info ][gc,heap,exit   ]   from space 1536K, 14% used [0x00000007ffe80000,0x00000007ffeb8000,0x0000000800000000)
[7134.317s][info ][gc,heap,exit   ]   to   space 1536K, 0% used [0x00000007ffd00000,0x00000007ffd00000,0x00000007ffe80000)
[7134.317s][info ][gc,heap,exit   ]  ParOldGen       total 521216K, used 521080K [0x00000006c0000000, 0x00000006dfd00000, 0x0000000780000000)
[7134.317s][info ][gc,heap,exit   ]   object space 521216K, 99% used [0x00000006c0000000,0x00000006dfcde028,0x00000006dfd00000)
[7134.317s][info ][gc,heap,exit   ]  Metaspace       used 96462K, committed 97792K, reserved 1179648K
[7134.317s][info ][gc,heap,exit   ]   class space    used 14140K, committed 14720K, reserved 1048576K
