[0.004s][info][gc,init] CardTable entry size: 512
[0.005s][info][gc     ] Using Parallel
[0.006s][info][gc,init] Version: 21.0.4+7-LTS (release)
[0.006s][info][gc,init] CPUs: 4 total, 4 available
[0.006s][info][gc,init] Memory: 15991M
[0.006s][info][gc,init] Large Page Support: Disabled
[0.006s][info][gc,init] NUMA Support: Disabled
[0.006s][info][gc,init] Compressed Oops: Enabled (Zero based)
[0.006s][info][gc,init] Alignments: Space 512K, Generation 512K, Heap 2M
[0.006s][info][gc,init] Heap Min Capacity: 2054M
[0.006s][info][gc,init] Heap Initial Capacity: 2054M
[0.006s][info][gc,init] Heap Max Capacity: 5G
[0.006s][info][gc,init] Pre-touch: Disabled
[0.006s][info][gc,init] Parallel Workers: 4
[0.015s][info][gc,metaspace] CDS archive(s) mapped at: [0x00007f9221000000-0x00007f9221cae000-0x00007f9221cae000), size 13295616, SharedBaseAddress: 0x00007f9221000000, ArchiveRelocationMode: 1.
[0.015s][info][gc,metaspace] Compressed class space mapped at: 0x00007f9222000000-0x00007f9262000000, reserved size: 1073741824
[0.015s][info][gc,metaspace] Narrow klass base: 0x00007f9221000000, Narrow klass shift: 0, Narrow klass range: 0x100000000
[0.349s][info][safepoint   ] Safepoint "ICBufferFull", Time since last: 325844511 ns, Reaching safepoint: 4400 ns, Cleanup: 99706 ns, At safepoint: 10600 ns, Total: 114706 ns
[0.626s][info][safepoint   ] Safepoint "RedefineClasses", Time since last: 271017681 ns, Reaching safepoint: 3900 ns, Cleanup: 121906 ns, At safepoint: 5859024 ns, Total: 5984830 ns
[0.857s][info][safepoint   ] Safepoint "JFRCheckpoint", Time since last: 231390890 ns, Reaching safepoint: 2700 ns, Cleanup: 56703 ns, At safepoint: 7401 ns, Total: 66804 ns
[1.472s][info][safepoint   ] Safepoint "ICBufferFull", Time since last: 614378659 ns, Reaching safepoint: 3200 ns, Cleanup: 112306 ns, At safepoint: 2400 ns, Total: 117906 ns
[1.731s][info][safepoint   ] Safepoint "ICBufferFull", Time since last: 259243030 ns, Reaching safepoint: 3300 ns, Cleanup: 122707 ns, At safepoint: 7300 ns, Total: 133307 ns
[2.202s][info][gc,start    ] GC(0) Pause Young (Metadata GC Threshold)
[2.221s][debug][gc,phases   ] GC(0) Scavenge 19.136ms
[2.221s][debug][gc,ref      ] GC(0) ReferenceProcessor::execute queues: 2, RefProcThreadModel::Multi, marks_oops_alive: false
[2.221s][debug][gc,ref      ] GC(0) ReferenceProcessor::execute queues: 4, RefProcThreadModel::Multi, marks_oops_alive: true
[2.221s][debug][gc,ref      ] GC(0) ReferenceProcessor::execute queues: 1, RefProcThreadModel::Single, marks_oops_alive: false
[2.222s][debug][gc,phases   ] GC(0) Reference Processing 0.467ms
[2.222s][debug][gc,phases   ] GC(0)   VM Weak                        Min:  0.0, Avg:  0.0, Max:  0.0, Diff:  0.0, Sum:  0.0, Workers: 4
[2.222s][debug][gc,phases   ] GC(0)     Dead                           Min: 0, Avg:  0.0, Max: 0, Diff: 0, Sum: 0, Workers: 4
[2.222s][debug][gc,phases   ] GC(0)     Total                          Min: 0, Avg: 63.5, Max: 128, Diff: 128, Sum: 254, Workers: 4
[2.222s][debug][gc,phases   ] GC(0)   ObjectSynchronizer Weak        Min:  0.0, Avg:  0.0, Max:  0.0, Diff:  0.0, Sum:  0.0, Workers: 4
[2.222s][debug][gc,phases   ] GC(0)     Dead                           Min: 0, Avg:  1.0, Max: 4, Diff: 4, Sum: 4, Workers: 4
[2.222s][debug][gc,phases   ] GC(0)     Total                          Min: 0, Avg:  2.2, Max: 9, Diff: 9, Sum: 9, Workers: 4
[2.222s][debug][gc,phases   ] GC(0)   JVMTI Tag Weak OopStorage      Min:  0.0, Avg:  0.0, Max:  0.0, Diff:  0.0, Sum:  0.0, Workers: 4
[2.222s][debug][gc,phases   ] GC(0)     Dead                           Min: 0, Avg:  0.0, Max: 0, Diff: 0, Sum: 0, Workers: 4
[2.222s][debug][gc,phases   ] GC(0)     Total                          Min: 0, Avg:  0.0, Max: 0, Diff: 0, Sum: 0, Workers: 4
[2.222s][debug][gc,phases   ] GC(0)   StringTable Weak               Min:  0.0, Avg:  0.1, Max:  0.1, Diff:  0.1, Sum:  0.3, Workers: 4
[2.222s][debug][gc,phases   ] GC(0)     Dead                           Min: 0, Avg:  7.5, Max: 20, Diff: 20, Sum: 30, Workers: 4
[2.222s][debug][gc,phases   ] GC(0)     Total                          Min: 0, Avg: 1901.0, Max: 3328, Diff: 3328, Sum: 7604, Workers: 4
[2.222s][debug][gc,phases   ] GC(0)   ResolvedMethodTable Weak       Min:  0.0, Avg:  0.0, Max:  0.0, Diff:  0.0, Sum:  0.1, Workers: 4
[2.222s][debug][gc,phases   ] GC(0)     Dead                           Min: 0, Avg: 87.8, Max: 145, Diff: 145, Sum: 351, Workers: 4
[2.222s][debug][gc,phases   ] GC(0)     Total                          Min: 0, Avg: 466.5, Max: 778, Diff: 778, Sum: 1866, Workers: 4
[2.222s][debug][gc,phases   ] GC(0)   JNI Weak                       Min:  0.0, Avg:  0.0, Max:  0.0, Diff:  0.0, Sum:  0.0, Workers: 4
[2.222s][debug][gc,phases   ] GC(0)     Dead                           Min: 0, Avg:  0.0, Max: 0, Diff: 0, Sum: 0, Workers: 4
[2.222s][debug][gc,phases   ] GC(0)     Total                          Min: 0, Avg: 12.5, Max: 50, Diff: 50, Sum: 50, Workers: 4
[2.222s][debug][gc,phases   ] GC(0)   StringDedup Table Weak         Min:  0.0, Avg:  0.0, Max:  0.0, Diff:  0.0, Sum:  0.0, Workers: 4
[2.222s][debug][gc,phases   ] GC(0)     Dead                           Min: 0, Avg:  0.0, Max: 0, Diff: 0, Sum: 0, Workers: 4
[2.222s][debug][gc,phases   ] GC(0)     Total                          Min: 0, Avg:  0.0, Max: 0, Diff: 0, Sum: 0, Workers: 4
[2.222s][debug][gc,phases   ] GC(0)   StringDedup Requests0 Weak     Min:  0.0, Avg:  0.0, Max:  0.0, Diff:  0.0, Sum:  0.0, Workers: 4
[2.222s][debug][gc,phases   ] GC(0)     Dead                           Min: 0, Avg:  0.0, Max: 0, Diff: 0, Sum: 0, Workers: 4
[2.222s][debug][gc,phases   ] GC(0)     Total                          Min: 0, Avg:  0.0, Max: 0, Diff: 0, Sum: 0, Workers: 4
[2.222s][debug][gc,phases   ] GC(0)   StringDedup Requests1 Weak     Min:  0.0, Avg:  0.0, Max:  0.0, Diff:  0.0, Sum:  0.0, Workers: 4
[2.222s][debug][gc,phases   ] GC(0)     Dead                           Min: 0, Avg:  0.0, Max: 0, Diff: 0, Sum: 0, Workers: 4
[2.222s][debug][gc,phases   ] GC(0)     Total                          Min: 0, Avg:  0.0, Max: 0, Diff: 0, Sum: 0, Workers: 4
[2.222s][debug][gc,phases   ] GC(0)   Weak JFR Old Object Samples    Min:  0.0, Avg:  0.0, Max:  0.0, Diff:  0.0, Sum:  0.0, Workers: 4
[2.222s][debug][gc,phases   ] GC(0)     Dead                           Min: 0, Avg:  0.0, Max: 0, Diff: 0, Sum: 0, Workers: 4
[2.222s][debug][gc,phases   ] GC(0)     Total                          Min: 0, Avg:  0.0, Max: 0, Diff: 0, Sum: 0, Workers: 4
[2.222s][debug][gc,phases   ] GC(0) Weak Processing 0.390ms
[2.222s][debug][gc,age      ] GC(0) Desired survivor size 536870912 bytes, new threshold 7 (max threshold 15)
[2.222s][info ][gc,heap     ] GC(0) PSYoungGen: 359855K(1572864K)->36650K(1572864K) Eden: 359855K(1048576K)->0K(1048576K) From: 0K(524288K)->36650K(524288K)
[2.222s][info ][gc,heap     ] GC(0) ParOldGen: 1054K(6144K)->1126K(6144K)
[2.222s][info ][gc,metaspace] GC(0) Metaspace: 21101K(21504K)->21101K(21504K) NonClass: 18744K(18944K)->18744K(18944K) Class: 2356K(2560K)->2356K(2560K)
[2.222s][info ][gc          ] GC(0) Pause Young (Metadata GC Threshold) 352M->36M(1542M) 20.440ms
[2.222s][info ][gc,cpu      ] GC(0) User=0.04s Sys=0.02s Real=0.02s
[2.222s][debug][gc,phases   ] GC(1) Pre Compact 0.010ms
[2.222s][info ][gc,start    ] GC(1) Pause Full (Metadata GC Threshold)
[2.222s][info ][gc,phases,start] GC(1) Marking Phase
[2.236s][debug][gc,phases      ] GC(1) Par Mark 14.333ms
[2.237s][debug][gc,ref         ] GC(1) ReferenceProcessor::execute queues: 2, RefProcThreadModel::Multi, marks_oops_alive: false
[2.237s][debug][gc,ref         ] GC(1) ReferenceProcessor::execute queues: 4, RefProcThreadModel::Multi, marks_oops_alive: true
[2.237s][debug][gc,ref         ] GC(1) ReferenceProcessor::execute queues: 1, RefProcThreadModel::Single, marks_oops_alive: false
[2.237s][debug][gc,phases      ] GC(1) Reference Processing 0.249ms
[2.237s][debug][gc,phases      ] GC(1)   VM Weak                        Min:  0.0, Avg:  0.0, Max:  0.0, Diff:  0.0, Sum:  0.0, Workers: 4
[2.237s][debug][gc,phases      ] GC(1)     Dead                           Min: 0, Avg:  0.0, Max: 0, Diff: 0, Sum: 0, Workers: 4
[2.237s][debug][gc,phases      ] GC(1)     Total                          Min: 0, Avg: 63.5, Max: 190, Diff: 190, Sum: 254, Workers: 4
[2.237s][debug][gc,phases      ] GC(1)   ObjectSynchronizer Weak        Min:  0.0, Avg:  0.0, Max:  0.0, Diff:  0.0, Sum:  0.0, Workers: 4
[2.237s][debug][gc,phases      ] GC(1)     Dead                           Min: 0, Avg:  0.0, Max: 0, Diff: 0, Sum: 0, Workers: 4
[2.237s][debug][gc,phases      ] GC(1)     Total                          Min: 0, Avg:  2.2, Max: 9, Diff: 9, Sum: 9, Workers: 4
[2.237s][debug][gc,phases      ] GC(1)   JVMTI Tag Weak OopStorage      Min:  0.0, Avg:  0.0, Max:  0.0, Diff:  0.0, Sum:  0.0, Workers: 4
[2.237s][debug][gc,phases      ] GC(1)     Dead                           Min: 0, Avg:  0.0, Max: 0, Diff: 0, Sum: 0, Workers: 4
[2.237s][debug][gc,phases      ] GC(1)     Total                          Min: 0, Avg:  0.0, Max: 0, Diff: 0, Sum: 0, Workers: 4
[2.237s][debug][gc,phases      ] GC(1)   StringTable Weak               Min:  0.0, Avg:  0.0, Max:  0.1, Diff:  0.1, Sum:  0.1, Workers: 4
[2.237s][debug][gc,phases      ] GC(1)     Dead                           Min: 0, Avg:  0.0, Max: 0, Diff: 0, Sum: 0, Workers: 4
[2.237s][debug][gc,phases      ] GC(1)     Total                          Min: 0, Avg: 1901.0, Max: 4148, Diff: 4148, Sum: 7604, Workers: 4
[2.237s][debug][gc,phases      ] GC(1)   ResolvedMethodTable Weak       Min:  0.0, Avg:  0.0, Max:  0.0, Diff:  0.0, Sum:  0.0, Workers: 4
[2.237s][debug][gc,phases      ] GC(1)     Dead                           Min: 0, Avg:  0.0, Max: 0, Diff: 0, Sum: 0, Workers: 4
[2.237s][debug][gc,phases      ] GC(1)     Total                          Min: 0, Avg: 466.5, Max: 1088, Diff: 1088, Sum: 1866, Workers: 4
[2.237s][debug][gc,phases      ] GC(1)   JNI Weak                       Min:  0.0, Avg:  0.0, Max:  0.0, Diff:  0.0, Sum:  0.0, Workers: 4
[2.237s][debug][gc,phases      ] GC(1)     Dead                           Min: 0, Avg:  0.0, Max: 0, Diff: 0, Sum: 0, Workers: 4
[2.237s][debug][gc,phases      ] GC(1)     Total                          Min: 0, Avg: 12.5, Max: 50, Diff: 50, Sum: 50, Workers: 4
[2.237s][debug][gc,phases      ] GC(1)   StringDedup Table Weak         Min:  0.0, Avg:  0.0, Max:  0.0, Diff:  0.0, Sum:  0.0, Workers: 4
[2.237s][debug][gc,phases      ] GC(1)     Dead                           Min: 0, Avg:  0.0, Max: 0, Diff: 0, Sum: 0, Workers: 4
[2.237s][debug][gc,phases      ] GC(1)     Total                          Min: 0, Avg:  0.0, Max: 0, Diff: 0, Sum: 0, Workers: 4
[2.237s][debug][gc,phases      ] GC(1)   StringDedup Requests0 Weak     Min:  0.0, Avg:  0.0, Max:  0.0, Diff:  0.0, Sum:  0.0, Workers: 4
[2.237s][debug][gc,phases      ] GC(1)     Dead                           Min: 0, Avg:  0.0, Max: 0, Diff: 0, Sum: 0, Workers: 4
[2.237s][debug][gc,phases      ] GC(1)     Total                          Min: 0, Avg:  0.0, Max: 0, Diff: 0, Sum: 0, Workers: 4
[2.237s][debug][gc,phases      ] GC(1)   StringDedup Requests1 Weak     Min:  0.0, Avg:  0.0, Max:  0.0, Diff:  0.0, Sum:  0.0, Workers: 4
[2.237s][debug][gc,phases      ] GC(1)     Dead                           Min: 0, Avg:  0.0, Max: 0, Diff: 0, Sum: 0, Workers: 4
[2.237s][debug][gc,phases      ] GC(1)     Total                          Min: 0, Avg:  0.0, Max: 0, Diff: 0, Sum: 0, Workers: 4
[2.237s][debug][gc,phases      ] GC(1)   Weak JFR Old Object Samples    Min:  0.0, Avg:  0.0, Max:  0.0, Diff:  0.0, Sum:  0.0, Workers: 4
[2.237s][debug][gc,phases      ] GC(1)     Dead                           Min: 0, Avg:  0.0, Max: 0, Diff: 0, Sum: 0, Workers: 4
[2.237s][debug][gc,phases      ] GC(1)     Total                          Min: 0, Avg:  0.0, Max: 0, Diff: 0, Sum: 0, Workers: 4
[2.237s][debug][gc,phases      ] GC(1) Weak Processing 0.340ms
[2.237s][debug][gc,phases      ] GC(1) ClassLoaderData 0.041ms
[2.237s][debug][gc,phases      ] GC(1) Trigger cleanups 0.000ms
[2.244s][debug][gc,phases      ] GC(1) Purge Unlinked NMethods 0.004ms
[2.244s][debug][gc,phases      ] GC(1) Unregister NMethods 0.041ms
[2.244s][debug][gc,phases      ] GC(1) Free Code Blobs 0.007ms
[2.244s][debug][gc,phases      ] GC(1) Class Unloading 6.892ms
[2.244s][debug][gc,phases      ] GC(1) Report Object Count 0.001ms
[2.244s][info ][gc,phases      ] GC(1) Marking Phase 21.898ms
[2.244s][info ][gc,phases,start] GC(1) Summary Phase
[2.244s][info ][gc,phases      ] GC(1) Summary Phase 0.008ms
[2.244s][info ][gc,phases,start] GC(1) Adjust Roots
[2.249s][info ][gc,phases      ] GC(1) Adjust Roots 4.950ms
[2.249s][info ][gc,phases,start] GC(1) Compaction Phase
[2.270s][info ][gc,phases      ] GC(1) Compaction Phase 21.189ms
[2.270s][info ][gc,phases,start] GC(1) Post Compact
[2.272s][debug][gc,phases      ] GC(1) Purge Class Loader Data 1.094ms
[2.273s][info ][gc,phases      ] GC(1) Post Compact 2.591ms
[2.273s][info ][gc,heap        ] GC(1) PSYoungGen: 36650K(1572864K)->31408K(1572864K) Eden: 0K(1048576K)->0K(1048576K) From: 36650K(524288K)->31408K(524288K)
[2.273s][info ][gc,heap        ] GC(1) ParOldGen: 1126K(6144K)->6105K(6144K)
[2.273s][info ][gc,metaspace   ] GC(1) Metaspace: 21101K(21504K)->21101K(21504K) NonClass: 18744K(18944K)->18744K(18944K) Class: 2356K(2560K)->2356K(2560K)
[2.273s][info ][gc             ] GC(1) Pause Full (Metadata GC Threshold) 36M->36M(1542M) 50.809ms
[2.273s][info ][gc,cpu         ] GC(1) User=0.12s Sys=0.02s Real=0.05s
[2.273s][info ][safepoint      ] Safepoint "CollectForMetadataAllocation", Time since last: 470418302 ns, Reaching safepoint: 4600 ns, Cleanup: 103306 ns, At safepoint: 71388546 ns, Total: 71496452 ns
[2.720s][info ][safepoint      ] Safepoint "ICBufferFull", Time since last: 447451532 ns, Reaching safepoint: 3900 ns, Cleanup: 128308 ns, At safepoint: 2200 ns, Total: 134408 ns
[2.863s][info ][safepoint      ] Safepoint "ICBufferFull", Time since last: 141863541 ns, Reaching safepoint: 76504 ns, Cleanup: 102106 ns, At safepoint: 8400 ns, Total: 187010 ns
[3.032s][info ][safepoint      ] Safepoint "ICBufferFull", Time since last: 169323560 ns, Reaching safepoint: 4600 ns, Cleanup: 126607 ns, At safepoint: 3200 ns, Total: 134407 ns
[3.563s][info ][safepoint      ] Safepoint "ICBufferFull", Time since last: 531143358 ns, Reaching safepoint: 5601 ns, Cleanup: 147908 ns, At safepoint: 3700 ns, Total: 157209 ns
[3.796s][info ][safepoint      ] Safepoint "ICBufferFull", Time since last: 233005879 ns, Reaching safepoint: 4300 ns, Cleanup: 161709 ns, At safepoint: 2200 ns, Total: 168209 ns
[3.932s][info ][safepoint      ] Safepoint "ICBufferFull", Time since last: 135053165 ns, Reaching safepoint: 5201 ns, Cleanup: 141207 ns, At safepoint: 6301 ns, Total: 152709 ns
[4.107s][info ][safepoint      ] Safepoint "ICBufferFull", Time since last: 174788561 ns, Reaching safepoint: 5600 ns, Cleanup: 154209 ns, At safepoint: 8600 ns, Total: 168409 ns
[4.343s][info ][gc,start       ] GC(2) Pause Young (Metadata GC Threshold)
[4.399s][debug][gc,phases      ] GC(2) Scavenge 55.516ms
[4.399s][debug][gc,ref         ] GC(2) ReferenceProcessor::execute queues: 4, RefProcThreadModel::Multi, marks_oops_alive: false
[4.399s][debug][gc,ref         ] GC(2) ReferenceProcessor::execute queues: 4, RefProcThreadModel::Multi, marks_oops_alive: true
[4.399s][debug][gc,ref         ] GC(2) ReferenceProcessor::execute queues: 2, RefProcThreadModel::Multi, marks_oops_alive: false
[4.399s][debug][gc,phases      ] GC(2) Reference Processing 0.612ms
[4.400s][debug][gc,phases      ] GC(2)   VM Weak                        Min:  0.0, Avg:  0.0, Max:  0.0, Diff:  0.0, Sum:  0.0, Workers: 4
[4.400s][debug][gc,phases      ] GC(2)     Dead                           Min: 0, Avg:  0.0, Max: 0, Diff: 0, Sum: 0, Workers: 4
[4.400s][debug][gc,phases      ] GC(2)     Total                          Min: 0, Avg: 78.2, Max: 185, Diff: 185, Sum: 313, Workers: 4
[4.400s][debug][gc,phases      ] GC(2)   ObjectSynchronizer Weak        Min:  0.0, Avg:  0.0, Max:  0.0, Diff:  0.0, Sum:  0.0, Workers: 4
[4.400s][debug][gc,phases      ] GC(2)     Dead                           Min: 0, Avg:  0.0, Max: 0, Diff: 0, Sum: 0, Workers: 4
[4.400s][debug][gc,phases      ] GC(2)     Total                          Min: 0, Avg:  2.2, Max: 9, Diff: 9, Sum: 9, Workers: 4
[4.400s][debug][gc,phases      ] GC(2)   JVMTI Tag Weak OopStorage      Min:  0.0, Avg:  0.0, Max:  0.0, Diff:  0.0, Sum:  0.0, Workers: 4
[4.400s][debug][gc,phases      ] GC(2)     Dead                           Min: 0, Avg:  0.0, Max: 0, Diff: 0, Sum: 0, Workers: 4
[4.400s][debug][gc,phases      ] GC(2)     Total                          Min: 0, Avg:  0.0, Max: 0, Diff: 0, Sum: 0, Workers: 4
[4.400s][debug][gc,phases      ] GC(2)   StringTable Weak               Min:  0.0, Avg:  0.1, Max:  0.2, Diff:  0.2, Sum:  0.5, Workers: 4
[4.400s][debug][gc,phases      ] GC(2)     Dead                           Min: 0, Avg:  2.5, Max: 4, Diff: 4, Sum: 10, Workers: 4
[4.400s][debug][gc,phases      ] GC(2)     Total                          Min: 0, Avg: 3485.5, Max: 5878, Diff: 5878, Sum: 13942, Workers: 4
[4.400s][debug][gc,phases      ] GC(2)   ResolvedMethodTable Weak       Min:  0.0, Avg:  0.0, Max:  0.1, Diff:  0.1, Sum:  0.2, Workers: 4
[4.400s][debug][gc,phases      ] GC(2)     Dead                           Min: 0, Avg: 248.5, Max: 460, Diff: 460, Sum: 994, Workers: 4
[4.400s][debug][gc,phases      ] GC(2)     Total                          Min: 0, Avg: 929.2, Max: 1605, Diff: 1605, Sum: 3717, Workers: 4
[4.400s][debug][gc,phases      ] GC(2)   JNI Weak                       Min:  0.0, Avg:  0.0, Max:  0.0, Diff:  0.0, Sum:  0.0, Workers: 4
[4.400s][debug][gc,phases      ] GC(2)     Dead                           Min: 0, Avg:  0.0, Max: 0, Diff: 0, Sum: 0, Workers: 4
[4.400s][debug][gc,phases      ] GC(2)     Total                          Min: 0, Avg: 12.5, Max: 48, Diff: 48, Sum: 50, Workers: 4
[4.400s][debug][gc,phases      ] GC(2)   StringDedup Table Weak         Min:  0.0, Avg:  0.0, Max:  0.0, Diff:  0.0, Sum:  0.0, Workers: 4
[4.400s][debug][gc,phases      ] GC(2)     Dead                           Min: 0, Avg:  0.0, Max: 0, Diff: 0, Sum: 0, Workers: 4
[4.400s][debug][gc,phases      ] GC(2)     Total                          Min: 0, Avg:  0.0, Max: 0, Diff: 0, Sum: 0, Workers: 4
[4.400s][debug][gc,phases      ] GC(2)   StringDedup Requests0 Weak     Min:  0.0, Avg:  0.0, Max:  0.0, Diff:  0.0, Sum:  0.0, Workers: 4
[4.400s][debug][gc,phases      ] GC(2)     Dead                           Min: 0, Avg:  0.0, Max: 0, Diff: 0, Sum: 0, Workers: 4
[4.400s][debug][gc,phases      ] GC(2)     Total                          Min: 0, Avg:  0.0, Max: 0, Diff: 0, Sum: 0, Workers: 4
[4.400s][debug][gc,phases      ] GC(2)   StringDedup Requests1 Weak     Min:  0.0, Avg:  0.0, Max:  0.0, Diff:  0.0, Sum:  0.0, Workers: 4
[4.400s][debug][gc,phases      ] GC(2)     Dead                           Min: 0, Avg:  0.0, Max: 0, Diff: 0, Sum: 0, Workers: 4
[4.400s][debug][gc,phases      ] GC(2)     Total                          Min: 0, Avg:  0.0, Max: 0, Diff: 0, Sum: 0, Workers: 4
[4.400s][debug][gc,phases      ] GC(2)   Weak JFR Old Object Samples    Min:  0.0, Avg:  0.0, Max:  0.0, Diff:  0.0, Sum:  0.0, Workers: 4
[4.400s][debug][gc,phases      ] GC(2)     Dead                           Min: 0, Avg:  0.0, Max: 0, Diff: 0, Sum: 0, Workers: 4
[4.400s][debug][gc,phases      ] GC(2)     Total                          Min: 0, Avg:  0.0, Max: 0, Diff: 0, Sum: 0, Workers: 4
[4.400s][debug][gc,phases      ] GC(2) Weak Processing 0.495ms
[4.400s][debug][gc,age         ] GC(2) Desired survivor size 536870912 bytes, new threshold 7 (max threshold 15)
[4.400s][info ][gc,heap        ] GC(2) PSYoungGen: 576668K(1572864K)->75704K(1572864K) Eden: 545260K(1048576K)->0K(1048576K) From: 31408K(524288K)->75704K(524288K)
[4.400s][info ][gc,heap        ] GC(2) ParOldGen: 6105K(6144K)->6129K(6144K)
[4.400s][info ][gc,metaspace   ] GC(2) Metaspace: 35382K(35840K)->35382K(35840K) NonClass: 31027K(31296K)->31027K(31296K) Class: 4354K(4544K)->4354K(4544K)
[4.400s][info ][gc             ] GC(2) Pause Young (Metadata GC Threshold) 569M->79M(1542M) 56.780ms
[4.400s][info ][gc,cpu         ] GC(2) User=0.17s Sys=0.03s Real=0.06s
[4.400s][debug][gc,phases      ] GC(3) Pre Compact 0.009ms
[4.400s][info ][gc,start       ] GC(3) Pause Full (Metadata GC Threshold)
[4.400s][info ][gc,phases,start] GC(3) Marking Phase
[4.436s][debug][gc,phases      ] GC(3) Par Mark 36.220ms
[4.437s][debug][gc,ref         ] GC(3) ReferenceProcessor::execute queues: 3, RefProcThreadModel::Multi, marks_oops_alive: false
[4.437s][debug][gc,ref         ] GC(3) ReferenceProcessor::execute queues: 4, RefProcThreadModel::Multi, marks_oops_alive: true
[4.437s][debug][gc,ref         ] GC(3) ReferenceProcessor::execute queues: 1, RefProcThreadModel::Single, marks_oops_alive: false
[4.437s][debug][gc,phases      ] GC(3) Reference Processing 0.380ms
[4.437s][debug][gc,phases      ] GC(3)   VM Weak                        Min:  0.0, Avg:  0.0, Max:  0.0, Diff:  0.0, Sum:  0.0, Workers: 4
[4.437s][debug][gc,phases      ] GC(3)     Dead                           Min: 0, Avg:  0.0, Max: 0, Diff: 0, Sum: 0, Workers: 4
[4.437s][debug][gc,phases      ] GC(3)     Total                          Min: 0, Avg: 78.2, Max: 313, Diff: 313, Sum: 313, Workers: 4
[4.437s][debug][gc,phases      ] GC(3)   ObjectSynchronizer Weak        Min:  0.0, Avg:  0.0, Max:  0.0, Diff:  0.0, Sum:  0.0, Workers: 4
[4.437s][debug][gc,phases      ] GC(3)     Dead                           Min: 0, Avg:  0.0, Max: 0, Diff: 0, Sum: 0, Workers: 4
[4.437s][debug][gc,phases      ] GC(3)     Total                          Min: 0, Avg:  2.2, Max: 9, Diff: 9, Sum: 9, Workers: 4
[4.437s][debug][gc,phases      ] GC(3)   JVMTI Tag Weak OopStorage      Min:  0.0, Avg:  0.0, Max:  0.0, Diff:  0.0, Sum:  0.0, Workers: 4
[4.437s][debug][gc,phases      ] GC(3)     Dead                           Min: 0, Avg:  0.0, Max: 0, Diff: 0, Sum: 0, Workers: 4
[4.437s][debug][gc,phases      ] GC(3)     Total                          Min: 0, Avg:  0.0, Max: 0, Diff: 0, Sum: 0, Workers: 4
[4.437s][debug][gc,phases      ] GC(3)   StringTable Weak               Min:  0.0, Avg:  0.1, Max:  0.1, Diff:  0.1, Sum:  0.2, Workers: 4
[4.437s][debug][gc,phases      ] GC(3)     Dead                           Min: 0, Avg:  0.0, Max: 0, Diff: 0, Sum: 0, Workers: 4
[4.437s][debug][gc,phases      ] GC(3)     Total                          Min: 0, Avg: 3485.5, Max: 4736, Diff: 4736, Sum: 13942, Workers: 4
[4.437s][debug][gc,phases      ] GC(3)   ResolvedMethodTable Weak       Min:  0.0, Avg:  0.0, Max:  0.0, Diff:  0.0, Sum:  0.1, Workers: 4
[4.437s][debug][gc,phases      ] GC(3)     Dead                           Min: 0, Avg:  0.0, Max: 0, Diff: 0, Sum: 0, Workers: 4
[4.437s][debug][gc,phases      ] GC(3)     Total                          Min: 0, Avg: 929.2, Max: 1280, Diff: 1280, Sum: 3717, Workers: 4
[4.437s][debug][gc,phases      ] GC(3)   JNI Weak                       Min:  0.0, Avg:  0.0, Max:  0.0, Diff:  0.0, Sum:  0.0, Workers: 4
[4.437s][debug][gc,phases      ] GC(3)     Dead                           Min: 0, Avg:  0.0, Max: 0, Diff: 0, Sum: 0, Workers: 4
[4.437s][debug][gc,phases      ] GC(3)     Total                          Min: 0, Avg: 12.5, Max: 48, Diff: 48, Sum: 50, Workers: 4
[4.437s][debug][gc,phases      ] GC(3)   StringDedup Table Weak         Min:  0.0, Avg:  0.0, Max:  0.0, Diff:  0.0, Sum:  0.0, Workers: 4
[4.437s][debug][gc,phases      ] GC(3)     Dead                           Min: 0, Avg:  0.0, Max: 0, Diff: 0, Sum: 0, Workers: 4
[4.437s][debug][gc,phases      ] GC(3)     Total                          Min: 0, Avg:  0.0, Max: 0, Diff: 0, Sum: 0, Workers: 4
[4.437s][debug][gc,phases      ] GC(3)   StringDedup Requests0 Weak     Min:  0.0, Avg:  0.0, Max:  0.0, Diff:  0.0, Sum:  0.0, Workers: 4
[4.437s][debug][gc,phases      ] GC(3)     Dead                           Min: 0, Avg:  0.0, Max: 0, Diff: 0, Sum: 0, Workers: 4
[4.437s][debug][gc,phases      ] GC(3)     Total                          Min: 0, Avg:  0.0, Max: 0, Diff: 0, Sum: 0, Workers: 4
[4.437s][debug][gc,phases      ] GC(3)   StringDedup Requests1 Weak     Min:  0.0, Avg:  0.0, Max:  0.0, Diff:  0.0, Sum:  0.0, Workers: 4
[4.437s][debug][gc,phases      ] GC(3)     Dead                           Min: 0, Avg:  0.0, Max: 0, Diff: 0, Sum: 0, Workers: 4
[4.437s][debug][gc,phases      ] GC(3)     Total                          Min: 0, Avg:  0.0, Max: 0, Diff: 0, Sum: 0, Workers: 4
[4.437s][debug][gc,phases      ] GC(3)   Weak JFR Old Object Samples    Min:  0.0, Avg:  0.0, Max:  0.0, Diff:  0.0, Sum:  0.0, Workers: 4
[4.437s][debug][gc,phases      ] GC(3)     Dead                           Min: 0, Avg:  0.0, Max: 0, Diff: 0, Sum: 0, Workers: 4
[4.437s][debug][gc,phases      ] GC(3)     Total                          Min: 0, Avg:  0.0, Max: 0, Diff: 0, Sum: 0, Workers: 4
[4.437s][debug][gc,phases      ] GC(3) Weak Processing 0.402ms
[4.437s][debug][gc,phases      ] GC(3) ClassLoaderData 0.047ms
[4.437s][debug][gc,phases      ] GC(3) Trigger cleanups 0.000ms
[4.448s][debug][gc,phases      ] GC(3) Purge Unlinked NMethods 0.730ms
[4.449s][debug][gc,phases      ] GC(3) Unregister NMethods 0.069ms
[4.449s][debug][gc,phases      ] GC(3) Free Code Blobs 0.138ms
[4.449s][debug][gc,phases      ] GC(3) Class Unloading 11.473ms
[4.449s][debug][gc,phases      ] GC(3) Report Object Count 0.001ms
[4.449s][info ][gc,phases      ] GC(3) Marking Phase 48.564ms
[4.449s][info ][gc,phases,start] GC(3) Summary Phase
[4.449s][info ][gc,phases      ] GC(3) Summary Phase 0.008ms
[4.449s][info ][gc,phases,start] GC(3) Adjust Roots
[4.454s][info ][gc,phases      ] GC(3) Adjust Roots 5.686ms
[4.454s][info ][gc,phases,start] GC(3) Compaction Phase
[4.750s][info ][gc,phases      ] GC(3) Compaction Phase 295.825ms
[4.750s][info ][gc,phases,start] GC(3) Post Compact
[4.752s][debug][gc,phases      ] GC(3) Purge Class Loader Data 1.373ms
[4.753s][info ][gc,phases      ] GC(3) Post Compact 2.610ms
[4.753s][info ][gc,heap        ] GC(3) PSYoungGen: 75704K(1572864K)->75519K(1572864K) Eden: 0K(1048576K)->0K(1048576K) From: 75704K(524288K)->75519K(524288K)
[4.753s][info ][gc,heap        ] GC(3) ParOldGen: 6129K(6144K)->6023K(6144K)
[4.753s][info ][gc,metaspace   ] GC(3) Metaspace: 35382K(35840K)->35382K(35840K) NonClass: 31027K(31296K)->31027K(31296K) Class: 4354K(4544K)->4354K(4544K)
[4.753s][info ][gc             ] GC(3) Pause Full (Metadata GC Threshold) 79M->79M(1542M) 352.830ms
[4.753s][info ][gc,cpu         ] GC(3) User=0.72s Sys=0.02s Real=0.35s
[4.753s][info ][safepoint      ] Safepoint "CollectForMetadataAllocation", Time since last: 236458370 ns, Reaching safepoint: 4400 ns, Cleanup: 129808 ns, At safepoint: 409760149 ns, Total: 409894357 ns
[5.045s][info ][safepoint      ] Safepoint "ICBufferFull", Time since last: 292131847 ns, Reaching safepoint: 77404 ns, Cleanup: 135908 ns, At safepoint: 8800 ns, Total: 222112 ns
[5.354s][info ][safepoint      ] Safepoint "ICBufferFull", Time since last: 308889774 ns, Reaching safepoint: 4100 ns, Cleanup: 134407 ns, At safepoint: 2800 ns, Total: 141307 ns
[5.456s][info ][safepoint      ] Safepoint "ICBufferFull", Time since last: 101557214 ns, Reaching safepoint: 5000 ns, Cleanup: 124507 ns, At safepoint: 5800 ns, Total: 135307 ns
[5.959s][info ][safepoint      ] Safepoint "ICBufferFull", Time since last: 503071307 ns, Reaching safepoint: 5000 ns, Cleanup: 154209 ns, At safepoint: 5200 ns, Total: 164409 ns
[6.464s][info ][safepoint      ] Safepoint "ICBufferFull", Time since last: 504914209 ns, Reaching safepoint: 82504 ns, Cleanup: 148608 ns, At safepoint: 6701 ns, Total: 237813 ns
[7.104s][info ][safepoint      ] Safepoint "ICBufferFull", Time since last: 639597153 ns, Reaching safepoint: 5600 ns, Cleanup: 135708 ns, At safepoint: 5800 ns, Total: 147108 ns
[7.307s][info ][gc,start       ] GC(4) Pause Young (Metadata GC Threshold)
[7.374s][debug][gc,phases      ] GC(4) Scavenge 67.064ms
[7.374s][debug][gc,ref         ] GC(4) ReferenceProcessor::execute queues: 4, RefProcThreadModel::Multi, marks_oops_alive: false
[7.375s][debug][gc,ref         ] GC(4) Skipped KeepAliveFinalRefsPhase of Reference Processing: no references
[7.375s][debug][gc,ref         ] GC(4) ReferenceProcessor::execute queues: 4, RefProcThreadModel::Multi, marks_oops_alive: false
[7.375s][debug][gc,phases      ] GC(4) Reference Processing 0.995ms
[7.376s][debug][gc,phases      ] GC(4)   VM Weak                        Min:  0.0, Avg:  0.0, Max:  0.0, Diff:  0.0, Sum:  0.0, Workers: 4
[7.376s][debug][gc,phases      ] GC(4)     Dead                           Min: 0, Avg:  0.0, Max: 0, Diff: 0, Sum: 0, Workers: 4
[7.376s][debug][gc,phases      ] GC(4)     Total                          Min: 0, Avg: 141.2, Max: 320, Diff: 320, Sum: 565, Workers: 4
[7.376s][debug][gc,phases      ] GC(4)   ObjectSynchronizer Weak        Min:  0.0, Avg:  0.0, Max:  0.0, Diff:  0.0, Sum:  0.0, Workers: 4
[7.376s][debug][gc,phases      ] GC(4)     Dead                           Min: 0, Avg:  0.2, Max: 1, Diff: 1, Sum: 1, Workers: 4
[7.376s][debug][gc,phases      ] GC(4)     Total                          Min: 0, Avg:  2.5, Max: 10, Diff: 10, Sum: 10, Workers: 4
[7.376s][debug][gc,phases      ] GC(4)   JVMTI Tag Weak OopStorage      Min:  0.0, Avg:  0.0, Max:  0.0, Diff:  0.0, Sum:  0.0, Workers: 4
[7.376s][debug][gc,phases      ] GC(4)     Dead                           Min: 0, Avg:  0.0, Max: 0, Diff: 0, Sum: 0, Workers: 4
[7.376s][debug][gc,phases      ] GC(4)     Total                          Min: 0, Avg:  0.0, Max: 0, Diff: 0, Sum: 0, Workers: 4
[7.376s][debug][gc,phases      ] GC(4)   StringTable Weak               Min:  0.0, Avg:  0.3, Max:  0.4, Diff:  0.4, Sum:  1.3, Workers: 4
[7.376s][debug][gc,phases      ] GC(4)     Dead                           Min: 0, Avg:  4.2, Max: 8, Diff: 8, Sum: 17, Workers: 4
[7.376s][debug][gc,phases      ] GC(4)     Total                          Min: 0, Avg: 8833.5, Max: 15232, Diff: 15232, Sum: 35334, Workers: 4
[7.376s][debug][gc,phases      ] GC(4)   ResolvedMethodTable Weak       Min:  0.0, Avg:  0.1, Max:  0.1, Diff:  0.1, Sum:  0.4, Workers: 4
[7.376s][debug][gc,phases      ] GC(4)     Dead                           Min: 0, Avg: 905.5, Max: 1691, Diff: 1691, Sum: 3622, Workers: 4
[7.376s][debug][gc,phases      ] GC(4)     Total                          Min: 0, Avg: 2684.8, Max: 4787, Diff: 4787, Sum: 10739, Workers: 4
[7.376s][debug][gc,phases      ] GC(4)   JNI Weak                       Min:  0.0, Avg:  0.0, Max:  0.0, Diff:  0.0, Sum:  0.0, Workers: 4
[7.376s][debug][gc,phases      ] GC(4)     Dead                           Min: 0, Avg:  0.0, Max: 0, Diff: 0, Sum: 0, Workers: 4
[7.376s][debug][gc,phases      ] GC(4)     Total                          Min: 0, Avg: 12.0, Max: 48, Diff: 48, Sum: 48, Workers: 4
[7.376s][debug][gc,phases      ] GC(4)   StringDedup Table Weak         Min:  0.0, Avg:  0.0, Max:  0.0, Diff:  0.0, Sum:  0.0, Workers: 4
[7.376s][debug][gc,phases      ] GC(4)     Dead                           Min: 0, Avg:  0.0, Max: 0, Diff: 0, Sum: 0, Workers: 4
[7.376s][debug][gc,phases      ] GC(4)     Total                          Min: 0, Avg:  0.0, Max: 0, Diff: 0, Sum: 0, Workers: 4
[7.376s][debug][gc,phases      ] GC(4)   StringDedup Requests0 Weak     Min:  0.0, Avg:  0.0, Max:  0.0, Diff:  0.0, Sum:  0.0, Workers: 4
[7.376s][debug][gc,phases      ] GC(4)     Dead                           Min: 0, Avg:  0.0, Max: 0, Diff: 0, Sum: 0, Workers: 4
[7.376s][debug][gc,phases      ] GC(4)     Total                          Min: 0, Avg:  0.0, Max: 0, Diff: 0, Sum: 0, Workers: 4
[7.376s][debug][gc,phases      ] GC(4)   StringDedup Requests1 Weak     Min:  0.0, Avg:  0.0, Max:  0.0, Diff:  0.0, Sum:  0.0, Workers: 4
[7.376s][debug][gc,phases      ] GC(4)     Dead                           Min: 0, Avg:  0.0, Max: 0, Diff: 0, Sum: 0, Workers: 4
[7.376s][debug][gc,phases      ] GC(4)     Total                          Min: 0, Avg:  0.0, Max: 0, Diff: 0, Sum: 0, Workers: 4
[7.376s][debug][gc,phases      ] GC(4)   Weak JFR Old Object Samples    Min:  0.0, Avg:  0.0, Max:  0.0, Diff:  0.0, Sum:  0.0, Workers: 4
[7.376s][debug][gc,phases      ] GC(4)     Dead                           Min: 0, Avg:  0.0, Max: 0, Diff: 0, Sum: 0, Workers: 4
[7.376s][debug][gc,phases      ] GC(4)     Total                          Min: 0, Avg:  0.0, Max: 0, Diff: 0, Sum: 0, Workers: 4
[7.376s][debug][gc,phases      ] GC(4) Weak Processing 0.832ms
[7.376s][debug][gc,age         ] GC(4) Desired survivor size 536870912 bytes, new threshold 7 (max threshold 15)
[7.376s][info ][gc,heap        ] GC(4) PSYoungGen: 442788K(1572864K)->111502K(1572864K) Eden: 367268K(1048576K)->0K(1048576K) From: 75519K(524288K)->111502K(524288K)
[7.376s][info ][gc,heap        ] GC(4) ParOldGen: 6023K(6144K)->6039K(6144K)
[7.376s][info ][gc,metaspace   ] GC(4) Metaspace: 58963K(59776K)->58963K(59776K) NonClass: 49873K(50304K)->49873K(50304K) Class: 9089K(9472K)->9089K(9472K)
[7.376s][info ][gc             ] GC(4) Pause Young (Metadata GC Threshold) 438M->114M(1542M) 69.043ms
[7.376s][info ][gc,cpu         ] GC(4) User=0.22s Sys=0.01s Real=0.06s
[7.376s][debug][gc,phases      ] GC(5) Pre Compact 0.009ms
[7.376s][info ][gc,start       ] GC(5) Pause Full (Metadata GC Threshold)
[7.376s][info ][gc,phases,start] GC(5) Marking Phase
[7.439s][debug][gc,phases      ] GC(5) Par Mark 62.341ms
[7.439s][debug][gc,ref         ] GC(5) ReferenceProcessor::execute queues: 4, RefProcThreadModel::Multi, marks_oops_alive: false
[7.439s][debug][gc,ref         ] GC(5) Skipped KeepAliveFinalRefsPhase of Reference Processing: no references
[7.439s][debug][gc,ref         ] GC(5) ReferenceProcessor::execute queues: 1, RefProcThreadModel::Single, marks_oops_alive: false
[7.439s][debug][gc,phases      ] GC(5) Reference Processing 0.606ms
[7.440s][debug][gc,phases      ] GC(5)   VM Weak                        Min:  0.0, Avg:  0.0, Max:  0.0, Diff:  0.0, Sum:  0.0, Workers: 4
[7.440s][debug][gc,phases      ] GC(5)     Dead                           Min: 0, Avg:  0.0, Max: 0, Diff: 0, Sum: 0, Workers: 4
[7.440s][debug][gc,phases      ] GC(5)     Total                          Min: 0, Avg: 141.2, Max: 373, Diff: 373, Sum: 565, Workers: 4
[7.440s][debug][gc,phases      ] GC(5)   ObjectSynchronizer Weak        Min:  0.0, Avg:  0.0, Max:  0.0, Diff:  0.0, Sum:  0.0, Workers: 4
[7.440s][debug][gc,phases      ] GC(5)     Dead                           Min: 0, Avg:  0.0, Max: 0, Diff: 0, Sum: 0, Workers: 4
[7.440s][debug][gc,phases      ] GC(5)     Total                          Min: 0, Avg:  2.5, Max: 10, Diff: 10, Sum: 10, Workers: 4
[7.440s][debug][gc,phases      ] GC(5)   JVMTI Tag Weak OopStorage      Min:  0.0, Avg:  0.0, Max:  0.0, Diff:  0.0, Sum:  0.0, Workers: 4
[7.440s][debug][gc,phases      ] GC(5)     Dead                           Min: 0, Avg:  0.0, Max: 0, Diff: 0, Sum: 0, Workers: 4
[7.440s][debug][gc,phases      ] GC(5)     Total                          Min: 0, Avg:  0.0, Max: 0, Diff: 0, Sum: 0, Workers: 4
[7.440s][debug][gc,phases      ] GC(5)   StringTable Weak               Min:  0.0, Avg:  0.1, Max:  0.2, Diff:  0.2, Sum:  0.6, Workers: 4
[7.440s][debug][gc,phases      ] GC(5)     Dead                           Min: 0, Avg:  0.0, Max: 0, Diff: 0, Sum: 0, Workers: 4
[7.440s][debug][gc,phases      ] GC(5)     Total                          Min: 0, Avg: 8833.5, Max: 12096, Diff: 12096, Sum: 35334, Workers: 4
[7.440s][debug][gc,phases      ] GC(5)   ResolvedMethodTable Weak       Min:  0.0, Avg:  0.0, Max:  0.0, Diff:  0.0, Sum:  0.1, Workers: 4
[7.440s][debug][gc,phases      ] GC(5)     Dead                           Min: 0, Avg:  0.0, Max: 0, Diff: 0, Sum: 0, Workers: 4
[7.440s][debug][gc,phases      ] GC(5)     Total                          Min: 0, Avg: 2684.8, Max: 3635, Diff: 3635, Sum: 10739, Workers: 4
[7.440s][debug][gc,phases      ] GC(5)   JNI Weak                       Min:  0.0, Avg:  0.0, Max:  0.0, Diff:  0.0, Sum:  0.0, Workers: 4
[7.440s][debug][gc,phases      ] GC(5)     Dead                           Min: 0, Avg:  0.0, Max: 0, Diff: 0, Sum: 0, Workers: 4
[7.440s][debug][gc,phases      ] GC(5)     Total                          Min: 0, Avg: 12.0, Max: 48, Diff: 48, Sum: 48, Workers: 4
[7.440s][debug][gc,phases      ] GC(5)   StringDedup Table Weak         Min:  0.0, Avg:  0.0, Max:  0.0, Diff:  0.0, Sum:  0.0, Workers: 4
[7.440s][debug][gc,phases      ] GC(5)     Dead                           Min: 0, Avg:  0.0, Max: 0, Diff: 0, Sum: 0, Workers: 4
[7.440s][debug][gc,phases      ] GC(5)     Total                          Min: 0, Avg:  0.0, Max: 0, Diff: 0, Sum: 0, Workers: 4
[7.440s][debug][gc,phases      ] GC(5)   StringDedup Requests0 Weak     Min:  0.0, Avg:  0.0, Max:  0.0, Diff:  0.0, Sum:  0.0, Workers: 4
[7.440s][debug][gc,phases      ] GC(5)     Dead                           Min: 0, Avg:  0.0, Max: 0, Diff: 0, Sum: 0, Workers: 4
[7.440s][debug][gc,phases      ] GC(5)     Total                          Min: 0, Avg:  0.0, Max: 0, Diff: 0, Sum: 0, Workers: 4
[7.440s][debug][gc,phases      ] GC(5)   StringDedup Requests1 Weak     Min:  0.0, Avg:  0.0, Max:  0.0, Diff:  0.0, Sum:  0.0, Workers: 4
[7.440s][debug][gc,phases      ] GC(5)     Dead                           Min: 0, Avg:  0.0, Max: 0, Diff: 0, Sum: 0, Workers: 4
[7.440s][debug][gc,phases      ] GC(5)     Total                          Min: 0, Avg:  0.0, Max: 0, Diff: 0, Sum: 0, Workers: 4
[7.440s][debug][gc,phases      ] GC(5)   Weak JFR Old Object Samples    Min:  0.0, Avg:  0.0, Max:  0.0, Diff:  0.0, Sum:  0.0, Workers: 4
[7.440s][debug][gc,phases      ] GC(5)     Dead                           Min: 0, Avg:  0.0, Max: 0, Diff: 0, Sum: 0, Workers: 4
[7.440s][debug][gc,phases      ] GC(5)     Total                          Min: 0, Avg:  0.0, Max: 0, Diff: 0, Sum: 0, Workers: 4
[7.440s][debug][gc,phases      ] GC(5) Weak Processing 0.492ms
[7.440s][debug][gc,phases      ] GC(5) ClassLoaderData 0.083ms
[7.440s][debug][gc,phases      ] GC(5) Trigger cleanups 0.000ms
[7.451s][debug][gc,phases      ] GC(5) Purge Unlinked NMethods 0.330ms
[7.451s][debug][gc,phases      ] GC(5) Unregister NMethods 0.166ms
[7.451s][debug][gc,phases      ] GC(5) Free Code Blobs 0.062ms
[7.451s][debug][gc,phases      ] GC(5) Class Unloading 11.091ms
[7.451s][debug][gc,phases      ] GC(5) Report Object Count 0.001ms
[7.451s][info ][gc,phases      ] GC(5) Marking Phase 74.658ms
[7.451s][info ][gc,phases,start] GC(5) Summary Phase
[7.451s][info ][gc,phases      ] GC(5) Summary Phase 0.009ms
[7.451s][info ][gc,phases,start] GC(5) Adjust Roots
[7.459s][info ][gc,phases      ] GC(5) Adjust Roots 8.471ms
[7.459s][info ][gc,phases,start] GC(5) Compaction Phase
[7.915s][info ][gc,phases      ] GC(5) Compaction Phase 455.573ms
[7.915s][info ][gc,phases,start] GC(5) Post Compact
[7.916s][debug][gc,phases      ] GC(5) Purge Class Loader Data 0.392ms
[7.917s][info ][gc,phases      ] GC(5) Post Compact 1.847ms
[7.917s][info ][gc,heap        ] GC(5) PSYoungGen: 111502K(1572864K)->111317K(1572864K) Eden: 0K(1048576K)->0K(1048576K) From: 111502K(524288K)->111317K(524288K)
[7.917s][info ][gc,heap        ] GC(5) ParOldGen: 6039K(6144K)->6003K(6144K)
[7.917s][info ][gc,metaspace   ] GC(5) Metaspace: 58963K(59776K)->58963K(59776K) NonClass: 49873K(50304K)->49873K(50304K) Class: 9089K(9472K)->9089K(9472K)
[7.917s][info ][gc             ] GC(5) Pause Full (Metadata GC Threshold) 114M->114M(1542M) 540.696ms
[7.917s][info ][gc,cpu         ] GC(5) User=1.12s Sys=0.02s Real=0.55s
[7.917s][info ][safepoint      ] Safepoint "CollectForMetadataAllocation", Time since last: 202485312 ns, Reaching safepoint: 364320 ns, Cleanup: 69904 ns, At safepoint: 609919438 ns, Total: 610353662 ns
[8.353s][info ][safepoint      ] Safepoint "ICBufferFull", Time since last: 435659484 ns, Reaching safepoint: 84805 ns, Cleanup: 174809 ns, At safepoint: 9501 ns, Total: 269115 ns
[8.453s][info ][safepoint      ] Safepoint "ICBufferFull", Time since last: 100014898 ns, Reaching safepoint: 5400 ns, Cleanup: 111006 ns, At safepoint: 9901 ns, Total: 126307 ns
[8.600s][info ][safepoint      ] Safepoint "ICBufferFull", Time since last: 146509900 ns, Reaching safepoint: 82605 ns, Cleanup: 111206 ns, At safepoint: 4300 ns, Total: 198111 ns
[8.708s][info ][safepoint      ] Safepoint "ICBufferFull", Time since last: 108019946 ns, Reaching safepoint: 5001 ns, Cleanup: 112806 ns, At safepoint: 6400 ns, Total: 124207 ns
[8.958s][info ][safepoint      ] Safepoint "ICBufferFull", Time since last: 250316111 ns, Reaching safepoint: 3000 ns, Cleanup: 110206 ns, At safepoint: 6200 ns, Total: 119406 ns
[9.162s][info ][safepoint      ] Safepoint "ICBufferFull", Time since last: 203082967 ns, Reaching safepoint: 80705 ns, Cleanup: 160609 ns, At safepoint: 6300 ns, Total: 247614 ns
[9.483s][info ][safepoint      ] Safepoint "ICBufferFull", Time since last: 321532396 ns, Reaching safepoint: 84805 ns, Cleanup: 146808 ns, At safepoint: 4001 ns, Total: 235614 ns
[9.661s][info ][safepoint      ] Safepoint "ICBufferFull", Time since last: 177599640 ns, Reaching safepoint: 82705 ns, Cleanup: 121906 ns, At safepoint: 7701 ns, Total: 212312 ns
[10.495s][info ][safepoint      ] Safepoint "ICBufferFull", Time since last: 833270139 ns, Reaching safepoint: 4200 ns, Cleanup: 154409 ns, At safepoint: 2300 ns, Total: 160909 ns
[10.800s][info ][safepoint      ] Safepoint "ICBufferFull", Time since last: 305375392 ns, Reaching safepoint: 88405 ns, Cleanup: 146508 ns, At safepoint: 9501 ns, Total: 244414 ns
[11.817s][info ][safepoint      ] Safepoint "Cleanup", Time since last: 1016750708 ns, Reaching safepoint: 85505 ns, Cleanup: 107506 ns, At safepoint: 11700 ns, Total: 204711 ns
[14.350s][info ][safepoint      ] Safepoint "Cleanup", Time since last: 2532453844 ns, Reaching safepoint: 3700 ns, Cleanup: 43203 ns, At safepoint: 4600 ns, Total: 51503 ns
[14.518s][info ][safepoint      ] Safepoint "ICBufferFull", Time since last: 168002203 ns, Reaching safepoint: 92905 ns, Cleanup: 110907 ns, At safepoint: 9900 ns, Total: 213712 ns
[14.710s][info ][safepoint      ] Safepoint "ICBufferFull", Time since last: 191251705 ns, Reaching safepoint: 84804 ns, Cleanup: 122007 ns, At safepoint: 17201 ns, Total: 224012 ns
[14.918s][info ][safepoint      ] Safepoint "ICBufferFull", Time since last: 207767629 ns, Reaching safepoint: 83805 ns, Cleanup: 127707 ns, At safepoint: 6700 ns, Total: 218212 ns
[15.090s][info ][safepoint      ] Safepoint "ICBufferFull", Time since last: 171871120 ns, Reaching safepoint: 7801 ns, Cleanup: 144908 ns, At safepoint: 15001 ns, Total: 167710 ns
[15.261s][info ][safepoint      ] Safepoint "ICBufferFull", Time since last: 170837234 ns, Reaching safepoint: 6900 ns, Cleanup: 130508 ns, At safepoint: 3500 ns, Total: 140908 ns
[15.406s][info ][safepoint      ] Safepoint "ICBufferFull", Time since last: 145337850 ns, Reaching safepoint: 18201 ns, Cleanup: 137807 ns, At safepoint: 3200 ns, Total: 159208 ns
[16.514s][info ][safepoint      ] Safepoint "Cleanup", Time since last: 1107620924 ns, Reaching safepoint: 12201 ns, Cleanup: 159209 ns, At safepoint: 6700 ns, Total: 178110 ns
[17.514s][info ][safepoint      ] Safepoint "Cleanup", Time since last: 1000130918 ns, Reaching safepoint: 7101 ns, Cleanup: 93305 ns, At safepoint: 8300 ns, Total: 108706 ns
[18.514s][info ][safepoint      ] Safepoint "Cleanup", Time since last: 1000125318 ns, Reaching safepoint: 12501 ns, Cleanup: 65303 ns, At safepoint: 4501 ns, Total: 82305 ns
[19.514s][info ][safepoint      ] Safepoint "Cleanup", Time since last: 1000130418 ns, Reaching safepoint: 6700 ns, Cleanup: 52303 ns, At safepoint: 3000 ns, Total: 62003 ns
[20.515s][info ][safepoint      ] Safepoint "Cleanup", Time since last: 1000151920 ns, Reaching safepoint: 7400 ns, Cleanup: 84305 ns, At safepoint: 9600 ns, Total: 101305 ns
[21.182s][info ][safepoint      ] Safepoint "ICBufferFull", Time since last: 666878619 ns, Reaching safepoint: 89105 ns, Cleanup: 154408 ns, At safepoint: 13601 ns, Total: 257114 ns
[21.315s][info ][safepoint      ] Safepoint "ICBufferFull", Time since last: 133007384 ns, Reaching safepoint: 7901 ns, Cleanup: 147307 ns, At safepoint: 14401 ns, Total: 169609 ns
[21.420s][info ][safepoint      ] Safepoint "ICBufferFull", Time since last: 104330735 ns, Reaching safepoint: 82305 ns, Cleanup: 148908 ns, At safepoint: 15001 ns, Total: 246214 ns
[21.571s][info ][safepoint      ] Safepoint "ICBufferFull", Time since last: 151461480 ns, Reaching safepoint: 86005 ns, Cleanup: 153408 ns, At safepoint: 11701 ns, Total: 251114 ns
[21.710s][info ][safepoint      ] Safepoint "ICBufferFull", Time since last: 138260667 ns, Reaching safepoint: 6401 ns, Cleanup: 155008 ns, At safepoint: 2600 ns, Total: 164009 ns
[21.800s][info ][gc,start       ] GC(6) Pause Young (Allocation Failure)
[21.891s][debug][gc,phases      ] GC(6) Scavenge 90.932ms
[21.891s][debug][gc,ref         ] GC(6) ReferenceProcessor::execute queues: 4, RefProcThreadModel::Multi, marks_oops_alive: false
[21.892s][debug][gc,ref         ] GC(6) Skipped KeepAliveFinalRefsPhase of Reference Processing: no references
[21.892s][debug][gc,ref         ] GC(6) ReferenceProcessor::execute queues: 4, RefProcThreadModel::Multi, marks_oops_alive: false
[21.892s][debug][gc,phases      ] GC(6) Reference Processing 1.629ms
[21.893s][debug][gc,phases      ] GC(6)   VM Weak                        Min:  0.0, Avg:  0.0, Max:  0.0, Diff:  0.0, Sum:  0.0, Workers: 4
[21.893s][debug][gc,phases      ] GC(6)     Dead                           Min: 0, Avg:  0.0, Max: 0, Diff: 0, Sum: 0, Workers: 4
[21.893s][debug][gc,phases      ] GC(6)     Total                          Min: 0, Avg: 192.8, Max: 384, Diff: 384, Sum: 771, Workers: 4
[21.893s][debug][gc,phases      ] GC(6)   ObjectSynchronizer Weak        Min:  0.0, Avg:  0.0, Max:  0.0, Diff:  0.0, Sum:  0.0, Workers: 4
[21.893s][debug][gc,phases      ] GC(6)     Dead                           Min: 0, Avg:  1.5, Max: 6, Diff: 6, Sum: 6, Workers: 4
[21.893s][debug][gc,phases      ] GC(6)     Total                          Min: 0, Avg:  7.5, Max: 30, Diff: 30, Sum: 30, Workers: 4
[21.893s][debug][gc,phases      ] GC(6)   JVMTI Tag Weak OopStorage      Min:  0.0, Avg:  0.0, Max:  0.0, Diff:  0.0, Sum:  0.0, Workers: 4
[21.893s][debug][gc,phases      ] GC(6)     Dead                           Min: 0, Avg:  0.0, Max: 0, Diff: 0, Sum: 0, Workers: 4
[21.893s][debug][gc,phases      ] GC(6)     Total                          Min: 0, Avg:  0.0, Max: 0, Diff: 0, Sum: 0, Workers: 4
[21.893s][debug][gc,phases      ] GC(6)   StringTable Weak               Min:  0.0, Avg:  0.4, Max:  0.6, Diff:  0.6, Sum:  1.7, Workers: 4
[21.893s][debug][gc,phases      ] GC(6)     Dead                           Min: 0, Avg:  7.2, Max: 14, Diff: 14, Sum: 29, Workers: 4
[21.893s][debug][gc,phases      ] GC(6)     Total                          Min: 0, Avg: 11457.5, Max: 16198, Diff: 16198, Sum: 45830, Workers: 4
[21.893s][debug][gc,phases      ] GC(6)   ResolvedMethodTable Weak       Min:  0.0, Avg:  0.2, Max:  0.2, Diff:  0.2, Sum:  0.6, Workers: 4
[21.893s][debug][gc,phases      ] GC(6)     Dead                           Min: 0, Avg: 720.2, Max: 1158, Diff: 1158, Sum: 2881, Workers: 4
[21.893s][debug][gc,phases      ] GC(6)     Total                          Min: 0, Avg: 3581.8, Max: 4928, Diff: 4928, Sum: 14327, Workers: 4
[21.893s][debug][gc,phases      ] GC(6)   JNI Weak                       Min:  0.0, Avg:  0.0, Max:  0.0, Diff:  0.0, Sum:  0.0, Workers: 4
[21.893s][debug][gc,phases      ] GC(6)     Dead                           Min: 0, Avg:  0.0, Max: 0, Diff: 0, Sum: 0, Workers: 4
[21.893s][debug][gc,phases      ] GC(6)     Total                          Min: 0, Avg: 21.8, Max: 48, Diff: 48, Sum: 87, Workers: 4
[21.893s][debug][gc,phases      ] GC(6)   StringDedup Table Weak         Min:  0.0, Avg:  0.0, Max:  0.0, Diff:  0.0, Sum:  0.0, Workers: 4
[21.893s][debug][gc,phases      ] GC(6)     Dead                           Min: 0, Avg:  0.0, Max: 0, Diff: 0, Sum: 0, Workers: 4
[21.893s][debug][gc,phases      ] GC(6)     Total                          Min: 0, Avg:  0.0, Max: 0, Diff: 0, Sum: 0, Workers: 4
[21.893s][debug][gc,phases      ] GC(6)   StringDedup Requests0 Weak     Min:  0.0, Avg:  0.0, Max:  0.0, Diff:  0.0, Sum:  0.0, Workers: 4
[21.893s][debug][gc,phases      ] GC(6)     Dead                           Min: 0, Avg:  0.0, Max: 0, Diff: 0, Sum: 0, Workers: 4
[21.893s][debug][gc,phases      ] GC(6)     Total                          Min: 0, Avg:  0.0, Max: 0, Diff: 0, Sum: 0, Workers: 4
[21.893s][debug][gc,phases      ] GC(6)   StringDedup Requests1 Weak     Min:  0.0, Avg:  0.0, Max:  0.0, Diff:  0.0, Sum:  0.0, Workers: 4
[21.893s][debug][gc,phases      ] GC(6)     Dead                           Min: 0, Avg:  0.0, Max: 0, Diff: 0, Sum: 0, Workers: 4
[21.893s][debug][gc,phases      ] GC(6)     Total                          Min: 0, Avg:  0.0, Max: 0, Diff: 0, Sum: 0, Workers: 4
[21.893s][debug][gc,phases      ] GC(6)   Weak JFR Old Object Samples    Min:  0.0, Avg:  0.0, Max:  0.0, Diff:  0.0, Sum:  0.0, Workers: 4
[21.893s][debug][gc,phases      ] GC(6)     Dead                           Min: 0, Avg:  0.0, Max: 0, Diff: 0, Sum: 0, Workers: 4
[21.893s][debug][gc,phases      ] GC(6)     Total                          Min: 0, Avg:  0.0, Max: 0, Diff: 0, Sum: 0, Workers: 4
[21.893s][debug][gc,phases      ] GC(6) Weak Processing 1.031ms
[21.894s][debug][gc,age         ] GC(6) Desired survivor size 536870912 bytes, new threshold 7 (max threshold 15)
[21.894s][info ][gc,heap        ] GC(6) PSYoungGen: 1159893K(1572864K)->157382K(1572864K) Eden: 1048576K(1048576K)->0K(1048576K) From: 111317K(524288K)->157382K(524288K)
[21.894s][info ][gc,heap        ] GC(6) ParOldGen: 6003K(6144K)->6068K(6144K)
[21.894s][info ][gc,metaspace   ] GC(6) Metaspace: 87958K(89024K)->87958K(89024K) NonClass: 74653K(75264K)->74653K(75264K) Class: 13305K(13760K)->13305K(13760K)
[21.894s][info ][gc             ] GC(6) Pause Young (Allocation Failure) 1138M->159M(1542M) 93.772ms
[21.894s][info ][gc,cpu         ] GC(6) User=0.29s Sys=0.04s Real=0.09s
[21.894s][info ][safepoint      ] Safepoint "ParallelGCFailedAllocation", Time since last: 89918657 ns, Reaching safepoint: 7900 ns, Cleanup: 81205 ns, At safepoint: 93864669 ns, Total: 93953774 ns
[22.144s][info ][safepoint      ] Safepoint "ICBufferFull", Time since last: 249979402 ns, Reaching safepoint: 6901 ns, Cleanup: 150308 ns, At safepoint: 2100 ns, Total: 159309 ns
[22.144s][info ][safepoint      ] Safepoint "ICBufferFull", Time since last: 100405 ns, Reaching safepoint: 78704 ns, Cleanup: 2501 ns, At safepoint: 4700 ns, Total: 85905 ns
[22.366s][info ][safepoint      ] Safepoint "ICBufferFull", Time since last: 222250517 ns, Reaching safepoint: 80505 ns, Cleanup: 135007 ns, At safepoint: 8501 ns, Total: 224013 ns
[22.594s][info ][safepoint      ] Safepoint "ICBufferFull", Time since last: 227228624 ns, Reaching safepoint: 8501 ns, Cleanup: 156608 ns, At safepoint: 3201 ns, Total: 168310 ns
[22.891s][info ][safepoint      ] Safepoint "ICBufferFull", Time since last: 296991931 ns, Reaching safepoint: 9000 ns, Cleanup: 171710 ns, At safepoint: 3600 ns, Total: 184310 ns
[23.386s][info ][safepoint      ] Safepoint "ICBufferFull", Time since last: 494693796 ns, Reaching safepoint: 7900 ns, Cleanup: 167910 ns, At safepoint: 8500 ns, Total: 184310 ns
[23.814s][info ][safepoint      ] Safepoint "ICBufferFull", Time since last: 427981255 ns, Reaching safepoint: 7601 ns, Cleanup: 136908 ns, At safepoint: 3100 ns, Total: 147609 ns
[24.173s][info ][safepoint      ] Safepoint "ICBufferFull", Time since last: 359136902 ns, Reaching safepoint: 8200 ns, Cleanup: 144708 ns, At safepoint: 6701 ns, Total: 159609 ns
[24.760s][info ][safepoint      ] Safepoint "ICBufferFull", Time since last: 586362820 ns, Reaching safepoint: 87105 ns, Cleanup: 177010 ns, At safepoint: 35102 ns, Total: 299217 ns
[25.384s][info ][safepoint      ] Safepoint "ICBufferFull", Time since last: 624361447 ns, Reaching safepoint: 10100 ns, Cleanup: 159709 ns, At safepoint: 9101 ns, Total: 178910 ns
[26.009s][info ][safepoint      ] Safepoint "ICBufferFull", Time since last: 623849218 ns, Reaching safepoint: 10301 ns, Cleanup: 167509 ns, At safepoint: 7801 ns, Total: 185611 ns
[26.503s][info ][safepoint      ] Safepoint "ICBufferFull", Time since last: 494659387 ns, Reaching safepoint: 10701 ns, Cleanup: 193710 ns, At safepoint: 3701 ns, Total: 208112 ns
[26.914s][info ][safepoint      ] Safepoint "ICBufferFull", Time since last: 410630784 ns, Reaching safepoint: 7600 ns, Cleanup: 175910 ns, At safepoint: 7100 ns, Total: 190610 ns
[27.285s][info ][gc,start       ] GC(7) Pause Young (Allocation Failure)
[27.389s][debug][gc,phases      ] GC(7) Scavenge 103.249ms
[27.389s][debug][gc,ref         ] GC(7) ReferenceProcessor::execute queues: 4, RefProcThreadModel::Multi, marks_oops_alive: false
[27.390s][debug][gc,ref         ] GC(7) Skipped KeepAliveFinalRefsPhase of Reference Processing: no references
[27.390s][debug][gc,ref         ] GC(7) ReferenceProcessor::execute queues: 1, RefProcThreadModel::Single, marks_oops_alive: false
[27.390s][debug][gc,phases      ] GC(7) Reference Processing 1.108ms
[27.391s][debug][gc,phases      ] GC(7)   VM Weak                        Min:  0.0, Avg:  0.0, Max:  0.0, Diff:  0.0, Sum:  0.0, Workers: 4
[27.391s][debug][gc,phases      ] GC(7)     Dead                           Min: 0, Avg:  0.0, Max: 0, Diff: 0, Sum: 0, Workers: 4
[27.391s][debug][gc,phases      ] GC(7)     Total                          Min: 0, Avg: 201.0, Max: 512, Diff: 512, Sum: 804, Workers: 4
[27.391s][debug][gc,phases      ] GC(7)   ObjectSynchronizer Weak        Min:  0.0, Avg:  0.0, Max:  0.0, Diff:  0.0, Sum:  0.0, Workers: 4
[27.391s][debug][gc,phases      ] GC(7)     Dead                           Min: 0, Avg:  0.0, Max: 0, Diff: 0, Sum: 0, Workers: 4
[27.391s][debug][gc,phases      ] GC(7)     Total                          Min: 0, Avg:  7.5, Max: 30, Diff: 30, Sum: 30, Workers: 4
[27.391s][debug][gc,phases      ] GC(7)   JVMTI Tag Weak OopStorage      Min:  0.0, Avg:  0.0, Max:  0.0, Diff:  0.0, Sum:  0.0, Workers: 4
[27.391s][debug][gc,phases      ] GC(7)     Dead                           Min: 0, Avg:  0.0, Max: 0, Diff: 0, Sum: 0, Workers: 4
[27.391s][debug][gc,phases      ] GC(7)     Total                          Min: 0, Avg:  0.0, Max: 0, Diff: 0, Sum: 0, Workers: 4
[27.391s][debug][gc,phases      ] GC(7)   StringTable Weak               Min:  0.0, Avg:  0.4, Max:  0.6, Diff:  0.6, Sum:  1.8, Workers: 4
[27.391s][debug][gc,phases      ] GC(7)     Dead                           Min: 0, Avg:  1.0, Max: 2, Diff: 2, Sum: 4, Workers: 4
[27.391s][debug][gc,phases      ] GC(7)     Total                          Min: 0, Avg: 11646.2, Max: 15673, Diff: 15673, Sum: 46585, Workers: 4
[27.391s][debug][gc,phases      ] GC(7)   ResolvedMethodTable Weak       Min:  0.0, Avg:  0.1, Max:  0.2, Diff:  0.2, Sum:  0.5, Workers: 4
[27.391s][debug][gc,phases      ] GC(7)     Dead                           Min: 0, Avg: 30.2, Max: 52, Diff: 52, Sum: 121, Workers: 4
[27.391s][debug][gc,phases      ] GC(7)     Total                          Min: 0, Avg: 2978.8, Max: 4177, Diff: 4177, Sum: 11915, Workers: 4
[27.391s][debug][gc,phases      ] GC(7)   JNI Weak                       Min:  0.0, Avg:  0.0, Max:  0.0, Diff:  0.0, Sum:  0.0, Workers: 4
[27.391s][debug][gc,phases      ] GC(7)     Dead                           Min: 0, Avg:  0.0, Max: 0, Diff: 0, Sum: 0, Workers: 4
[27.391s][debug][gc,phases      ] GC(7)     Total                          Min: 0, Avg: 16.8, Max: 64, Diff: 64, Sum: 67, Workers: 4
[27.391s][debug][gc,phases      ] GC(7)   StringDedup Table Weak         Min:  0.0, Avg:  0.0, Max:  0.0, Diff:  0.0, Sum:  0.0, Workers: 4
[27.391s][debug][gc,phases      ] GC(7)     Dead                           Min: 0, Avg:  0.0, Max: 0, Diff: 0, Sum: 0, Workers: 4
[27.391s][debug][gc,phases      ] GC(7)     Total                          Min: 0, Avg:  0.0, Max: 0, Diff: 0, Sum: 0, Workers: 4
[27.391s][debug][gc,phases      ] GC(7)   StringDedup Requests0 Weak     Min:  0.0, Avg:  0.0, Max:  0.0, Diff:  0.0, Sum:  0.0, Workers: 4
[27.391s][debug][gc,phases      ] GC(7)     Dead                           Min: 0, Avg:  0.0, Max: 0, Diff: 0, Sum: 0, Workers: 4
[27.391s][debug][gc,phases      ] GC(7)     Total                          Min: 0, Avg:  0.0, Max: 0, Diff: 0, Sum: 0, Workers: 4
[27.391s][debug][gc,phases      ] GC(7)   StringDedup Requests1 Weak     Min:  0.0, Avg:  0.0, Max:  0.0, Diff:  0.0, Sum:  0.0, Workers: 4
[27.391s][debug][gc,phases      ] GC(7)     Dead                           Min: 0, Avg:  0.0, Max: 0, Diff: 0, Sum: 0, Workers: 4
[27.391s][debug][gc,phases      ] GC(7)     Total                          Min: 0, Avg:  0.0, Max: 0, Diff: 0, Sum: 0, Workers: 4
[27.391s][debug][gc,phases      ] GC(7)   Weak JFR Old Object Samples    Min:  0.0, Avg:  0.0, Max:  0.0, Diff:  0.0, Sum:  0.0, Workers: 4
[27.391s][debug][gc,phases      ] GC(7)     Dead                           Min: 0, Avg:  0.0, Max: 0, Diff: 0, Sum: 0, Workers: 4
[27.391s][debug][gc,phases      ] GC(7)     Total                          Min: 0, Avg:  0.0, Max: 0, Diff: 0, Sum: 0, Workers: 4
[27.391s][debug][gc,phases      ] GC(7) Weak Processing 0.998ms
[27.391s][debug][gc,age         ] GC(7) Desired survivor size 243269632 bytes, new threshold 6 (max threshold 15)
[27.391s][info ][gc,heap        ] GC(7) PSYoungGen: 1205958K(1572864K)->199819K(1572864K) Eden: 1048576K(1048576K)->0K(1048576K) From: 157382K(524288K)->199819K(524288K)
[27.391s][info ][gc,heap        ] GC(7) ParOldGen: 6068K(6144K)->6084K(6144K)
[27.391s][info ][gc,metaspace   ] GC(7) Metaspace: 90334K(91392K)->90334K(91392K) NonClass: 76799K(77376K)->76799K(77376K) Class: 13534K(14016K)->13534K(14016K)
[27.391s][info ][gc             ] GC(7) Pause Young (Allocation Failure) 1183M->201M(1542M) 105.523ms
[27.391s][info ][gc,cpu         ] GC(7) User=0.33s Sys=0.01s Real=0.10s
[27.391s][info ][safepoint      ] Safepoint "ParallelGCFailedAllocation", Time since last: 370908061 ns, Reaching safepoint: 93505 ns, Cleanup: 98906 ns, At safepoint: 105628312 ns, Total: 105820723 ns
[27.974s][info ][safepoint      ] Safepoint "ICBufferFull", Time since last: 582497504 ns, Reaching safepoint: 82705 ns, Cleanup: 141908 ns, At safepoint: 13100 ns, Total: 237713 ns
[28.305s][info ][safepoint      ] Safepoint "ICBufferFull", Time since last: 331046830 ns, Reaching safepoint: 81105 ns, Cleanup: 141808 ns, At safepoint: 12600 ns, Total: 235513 ns
[29.305s][info ][safepoint      ] Safepoint "Cleanup", Time since last: 1000113679 ns, Reaching safepoint: 83705 ns, Cleanup: 134607 ns, At safepoint: 13501 ns, Total: 231813 ns
[30.345s][info ][safepoint      ] Safepoint "ICBufferFull", Time since last: 1039371377 ns, Reaching safepoint: 7200 ns, Cleanup: 159709 ns, At safepoint: 3700 ns, Total: 170609 ns
[30.445s][info ][gc,start       ] GC(8) Pause Young (Allocation Failure)
[30.567s][debug][gc,phases      ] GC(8) Scavenge 121.110ms
[30.567s][debug][gc,ref         ] GC(8) ReferenceProcessor::execute queues: 4, RefProcThreadModel::Multi, marks_oops_alive: false
[30.568s][debug][gc,ref         ] GC(8) Skipped KeepAliveFinalRefsPhase of Reference Processing: no references
[30.568s][debug][gc,ref         ] GC(8) ReferenceProcessor::execute queues: 1, RefProcThreadModel::Single, marks_oops_alive: false
[30.568s][debug][gc,phases      ] GC(8) Reference Processing 0.892ms
[30.568s][debug][gc,phases      ] GC(8)   VM Weak                        Min:  0.0, Avg:  0.0, Max:  0.0, Diff:  0.0, Sum:  0.0, Workers: 4
[30.568s][debug][gc,phases      ] GC(8)     Dead                           Min: 0, Avg:  0.0, Max: 0, Diff: 0, Sum: 0, Workers: 4
[30.568s][debug][gc,phases      ] GC(8)     Total                          Min: 128, Avg: 225.2, Max: 389, Diff: 261, Sum: 901, Workers: 4
[30.568s][debug][gc,phases      ] GC(8)   ObjectSynchronizer Weak        Min:  0.0, Avg:  0.0, Max:  0.0, Diff:  0.0, Sum:  0.0, Workers: 4
[30.568s][debug][gc,phases      ] GC(8)     Dead                           Min: 0, Avg:  0.0, Max: 0, Diff: 0, Sum: 0, Workers: 4
[30.568s][debug][gc,phases      ] GC(8)     Total                          Min: 0, Avg:  7.8, Max: 31, Diff: 31, Sum: 31, Workers: 4
[30.568s][debug][gc,phases      ] GC(8)   JVMTI Tag Weak OopStorage      Min:  0.0, Avg:  0.0, Max:  0.0, Diff:  0.0, Sum:  0.0, Workers: 4
[30.568s][debug][gc,phases      ] GC(8)     Dead                           Min: 0, Avg:  0.0, Max: 0, Diff: 0, Sum: 0, Workers: 4
[30.568s][debug][gc,phases      ] GC(8)     Total                          Min: 0, Avg:  0.0, Max: 0, Diff: 0, Sum: 0, Workers: 4
[30.568s][debug][gc,phases      ] GC(8)   StringTable Weak               Min:  0.5, Avg:  0.5, Max:  0.5, Diff:  0.0, Sum:  2.0, Workers: 4
[30.568s][debug][gc,phases      ] GC(8)     Dead                           Min: 0, Avg:  1.5, Max: 3, Diff: 3, Sum: 6, Workers: 4
[30.568s][debug][gc,phases      ] GC(8)     Total                          Min: 11072, Avg: 11766.8, Max: 12443, Diff: 1371, Sum: 47067, Workers: 4
[30.568s][debug][gc,phases      ] GC(8)   ResolvedMethodTable Weak       Min:  0.2, Avg:  0.2, Max:  0.2, Diff:  0.0, Sum:  0.7, Workers: 4
[30.568s][debug][gc,phases      ] GC(8)     Dead                           Min: 13, Avg: 25.8, Max: 39, Diff: 26, Sum: 103, Workers: 4
[30.568s][debug][gc,phases      ] GC(8)     Total                          Min: 2744, Avg: 3120.5, Max: 3415, Diff: 671, Sum: 12482, Workers: 4
[30.568s][debug][gc,phases      ] GC(8)   JNI Weak                       Min:  0.0, Avg:  0.0, Max:  0.0, Diff:  0.0, Sum:  0.0, Workers: 4
[30.568s][debug][gc,phases      ] GC(8)     Dead                           Min: 0, Avg:  0.0, Max: 0, Diff: 0, Sum: 0, Workers: 4
[30.568s][debug][gc,phases      ] GC(8)     Total                          Min: 0, Avg: 19.8, Max: 79, Diff: 79, Sum: 79, Workers: 4
[30.568s][debug][gc,phases      ] GC(8)   StringDedup Table Weak         Min:  0.0, Avg:  0.0, Max:  0.0, Diff:  0.0, Sum:  0.0, Workers: 4
[30.568s][debug][gc,phases      ] GC(8)     Dead                           Min: 0, Avg:  0.0, Max: 0, Diff: 0, Sum: 0, Workers: 4
[30.568s][debug][gc,phases      ] GC(8)     Total                          Min: 0, Avg:  0.0, Max: 0, Diff: 0, Sum: 0, Workers: 4
[30.568s][debug][gc,phases      ] GC(8)   StringDedup Requests0 Weak     Min:  0.0, Avg:  0.0, Max:  0.0, Diff:  0.0, Sum:  0.0, Workers: 4
[30.568s][debug][gc,phases      ] GC(8)     Dead                           Min: 0, Avg:  0.0, Max: 0, Diff: 0, Sum: 0, Workers: 4
[30.568s][debug][gc,phases      ] GC(8)     Total                          Min: 0, Avg:  0.0, Max: 0, Diff: 0, Sum: 0, Workers: 4
[30.568s][debug][gc,phases      ] GC(8)   StringDedup Requests1 Weak     Min:  0.0, Avg:  0.0, Max:  0.0, Diff:  0.0, Sum:  0.0, Workers: 4
[30.568s][debug][gc,phases      ] GC(8)     Dead                           Min: 0, Avg:  0.0, Max: 0, Diff: 0, Sum: 0, Workers: 4
[30.569s][debug][gc,phases      ] GC(8)     Total                          Min: 0, Avg:  0.0, Max: 0, Diff: 0, Sum: 0, Workers: 4
[30.569s][debug][gc,phases      ] GC(8)   Weak JFR Old Object Samples    Min:  0.0, Avg:  0.0, Max:  0.0, Diff:  0.0, Sum:  0.0, Workers: 4
[30.569s][debug][gc,phases      ] GC(8)     Dead                           Min: 0, Avg:  0.0, Max: 0, Diff: 0, Sum: 0, Workers: 4
[30.569s][debug][gc,phases      ] GC(8)     Total                          Min: 0, Avg:  0.0, Max: 0, Diff: 0, Sum: 0, Workers: 4
[30.569s][debug][gc,phases      ] GC(8) Weak Processing 0.967ms
[30.569s][debug][gc,age         ] GC(8) Desired survivor size 289931264 bytes, new threshold 5 (max threshold 15)
[30.569s][info ][gc,heap        ] GC(8) PSYoungGen: 1248395K(1572864K)->231617K(1768448K) Eden: 1048576K(1048576K)->0K(1530880K) From: 199819K(524288K)->231617K(237568K)
[30.569s][info ][gc,heap        ] GC(8) ParOldGen: 6084K(6144K)->6092K(6144K)
[30.569s][info ][gc,metaspace   ] GC(8) Metaspace: 91919K(93056K)->91919K(93056K) NonClass: 78159K(78784K)->78159K(78784K) Class: 13760K(14272K)->13760K(14272K)
[30.569s][info ][gc             ] GC(8) Pause Young (Allocation Failure) 1225M->232M(1733M) 123.129ms
[30.569s][info ][gc,cpu         ] GC(8) User=0.34s Sys=0.08s Real=0.12s
[30.569s][info ][safepoint      ] Safepoint "ParallelGCFailedAllocation", Time since last: 100499325 ns, Reaching safepoint: 69504 ns, Cleanup: 30302 ns, At safepoint: 123224597 ns, Total: 123324403 ns
[31.532s][info ][safepoint      ] Safepoint "ICBufferFull", Time since last: 963544030 ns, Reaching safepoint: 7800 ns, Cleanup: 177510 ns, At safepoint: 8101 ns, Total: 193411 ns
[31.672s][info ][gc,start       ] GC(9) Pause Young (CodeCache GC Threshold)
[31.790s][debug][gc,phases      ] GC(9) Scavenge 118.368ms
[31.790s][debug][gc,ref         ] GC(9) ReferenceProcessor::execute queues: 2, RefProcThreadModel::Multi, marks_oops_alive: false
[31.791s][debug][gc,ref         ] GC(9) Skipped KeepAliveFinalRefsPhase of Reference Processing: no references
[31.791s][debug][gc,ref         ] GC(9) ReferenceProcessor::execute queues: 1, RefProcThreadModel::Single, marks_oops_alive: false
[31.791s][debug][gc,phases      ] GC(9) Reference Processing 0.381ms
[31.792s][debug][gc,phases      ] GC(9)   VM Weak                        Min:  0.0, Avg:  0.0, Max:  0.0, Diff:  0.0, Sum:  0.0, Workers: 4
[31.792s][debug][gc,phases      ] GC(9)     Dead                           Min: 0, Avg:  0.0, Max: 0, Diff: 0, Sum: 0, Workers: 4
[31.792s][debug][gc,phases      ] GC(9)     Total                          Min: 0, Avg: 225.2, Max: 512, Diff: 512, Sum: 901, Workers: 4
[31.792s][debug][gc,phases      ] GC(9)   ObjectSynchronizer Weak        Min:  0.0, Avg:  0.0, Max:  0.0, Diff:  0.0, Sum:  0.0, Workers: 4
[31.792s][debug][gc,phases      ] GC(9)     Dead                           Min: 0, Avg:  0.0, Max: 0, Diff: 0, Sum: 0, Workers: 4
[31.792s][debug][gc,phases      ] GC(9)     Total                          Min: 0, Avg:  7.8, Max: 31, Diff: 31, Sum: 31, Workers: 4
[31.792s][debug][gc,phases      ] GC(9)   JVMTI Tag Weak OopStorage      Min:  0.0, Avg:  0.0, Max:  0.0, Diff:  0.0, Sum:  0.0, Workers: 4
[31.792s][debug][gc,phases      ] GC(9)     Dead                           Min: 0, Avg:  0.0, Max: 0, Diff: 0, Sum: 0, Workers: 4
[31.792s][debug][gc,phases      ] GC(9)     Total                          Min: 0, Avg:  0.0, Max: 0, Diff: 0, Sum: 0, Workers: 4
[31.792s][debug][gc,phases      ] GC(9)   StringTable Weak               Min:  0.0, Avg:  0.5, Max:  0.7, Diff:  0.7, Sum:  1.8, Workers: 4
[31.792s][debug][gc,phases      ] GC(9)     Dead                           Min: 0, Avg:  0.0, Max: 0, Diff: 0, Sum: 0, Workers: 4
[31.792s][debug][gc,phases      ] GC(9)     Total                          Min: 0, Avg: 11777.0, Max: 16516, Diff: 16516, Sum: 47108, Workers: 4
[31.792s][debug][gc,phases      ] GC(9)   ResolvedMethodTable Weak       Min:  0.0, Avg:  0.1, Max:  0.2, Diff:  0.2, Sum:  0.5, Workers: 4
[31.792s][debug][gc,phases      ] GC(9)     Dead                           Min: 0, Avg:  0.2, Max: 1, Diff: 1, Sum: 1, Workers: 4
[31.792s][debug][gc,phases      ] GC(9)     Total                          Min: 0, Avg: 3121.5, Max: 5729, Diff: 5729, Sum: 12486, Workers: 4
[31.792s][debug][gc,phases      ] GC(9)   JNI Weak                       Min:  0.0, Avg:  0.0, Max:  0.0, Diff:  0.0, Sum:  0.0, Workers: 4
[31.792s][debug][gc,phases      ] GC(9)     Dead                           Min: 0, Avg:  0.0, Max: 0, Diff: 0, Sum: 0, Workers: 4
[31.792s][debug][gc,phases      ] GC(9)     Total                          Min: 0, Avg: 18.8, Max: 53, Diff: 53, Sum: 75, Workers: 4
[31.792s][debug][gc,phases      ] GC(9)   StringDedup Table Weak         Min:  0.0, Avg:  0.0, Max:  0.0, Diff:  0.0, Sum:  0.0, Workers: 4
[31.792s][debug][gc,phases      ] GC(9)     Dead                           Min: 0, Avg:  0.0, Max: 0, Diff: 0, Sum: 0, Workers: 4
[31.792s][debug][gc,phases      ] GC(9)     Total                          Min: 0, Avg:  0.0, Max: 0, Diff: 0, Sum: 0, Workers: 4
[31.792s][debug][gc,phases      ] GC(9)   StringDedup Requests0 Weak     Min:  0.0, Avg:  0.0, Max:  0.0, Diff:  0.0, Sum:  0.0, Workers: 4
[31.792s][debug][gc,phases      ] GC(9)     Dead                           Min: 0, Avg:  0.0, Max: 0, Diff: 0, Sum: 0, Workers: 4
[31.792s][debug][gc,phases      ] GC(9)     Total                          Min: 0, Avg:  0.0, Max: 0, Diff: 0, Sum: 0, Workers: 4
[31.792s][debug][gc,phases      ] GC(9)   StringDedup Requests1 Weak     Min:  0.0, Avg:  0.0, Max:  0.0, Diff:  0.0, Sum:  0.0, Workers: 4
[31.792s][debug][gc,phases      ] GC(9)     Dead                           Min: 0, Avg:  0.0, Max: 0, Diff: 0, Sum: 0, Workers: 4
[31.792s][debug][gc,phases      ] GC(9)     Total                          Min: 0, Avg:  0.0, Max: 0, Diff: 0, Sum: 0, Workers: 4
[31.792s][debug][gc,phases      ] GC(9)   Weak JFR Old Object Samples    Min:  0.0, Avg:  0.0, Max:  0.0, Diff:  0.0, Sum:  0.0, Workers: 4
[31.792s][debug][gc,phases      ] GC(9)     Dead                           Min: 0, Avg:  0.0, Max: 0, Diff: 0, Sum: 0, Workers: 4
[31.792s][debug][gc,phases      ] GC(9)     Total                          Min: 0, Avg:  0.0, Max: 0, Diff: 0, Sum: 0, Workers: 4
[31.792s][debug][gc,phases      ] GC(9) Weak Processing 1.082ms
[31.792s][debug][gc,age         ] GC(9) Desired survivor size 282066944 bytes, new threshold 4 (max threshold 15)
[31.792s][info ][gc,heap        ] GC(9) PSYoungGen: 354518K(1768448K)->159874K(1814016K) Eden: 122900K(1530880K)->0K(1530880K) From: 231617K(237568K)->159874K(283136K)
[31.792s][info ][gc,heap        ] GC(9) ParOldGen: 6092K(6144K)->78760K(78848K)
[31.792s][info ][gc,metaspace   ] GC(9) Metaspace: 91945K(93184K)->91945K(93184K) NonClass: 78182K(78912K)->78182K(78912K) Class: 13762K(14272K)->13762K(14272K)
[31.792s][info ][gc             ] GC(9) Pause Young (CodeCache GC Threshold) 352M->233M(1848M) 120.050ms
[31.792s][info ][gc,cpu         ] GC(9) User=0.34s Sys=0.05s Real=0.12s
[31.792s][debug][gc,phases      ] GC(10) Pre Compact 0.016ms
[31.792s][info ][gc,start       ] GC(10) Pause Full (CodeCache GC Threshold)
[31.792s][info ][gc,phases,start] GC(10) Marking Phase
[31.889s][debug][gc,phases      ] GC(10) Par Mark 96.561ms
[31.889s][debug][gc,ref         ] GC(10) ReferenceProcessor::execute queues: 4, RefProcThreadModel::Multi, marks_oops_alive: false
[31.889s][debug][gc,ref         ] GC(10) ReferenceProcessor::execute queues: 4, RefProcThreadModel::Multi, marks_oops_alive: true
[31.889s][debug][gc,ref         ] GC(10) ReferenceProcessor::execute queues: 1, RefProcThreadModel::Single, marks_oops_alive: false
[31.889s][debug][gc,phases      ] GC(10) Reference Processing 0.617ms
[31.890s][debug][gc,phases      ] GC(10)   VM Weak                        Min:  0.0, Avg:  0.0, Max:  0.0, Diff:  0.0, Sum:  0.0, Workers: 4
[31.890s][debug][gc,phases      ] GC(10)     Dead                           Min: 0, Avg:  0.0, Max: 0, Diff: 0, Sum: 0, Workers: 4
[31.890s][debug][gc,phases      ] GC(10)     Total                          Min: 0, Avg: 225.2, Max: 384, Diff: 384, Sum: 901, Workers: 4
[31.890s][debug][gc,phases      ] GC(10)   ObjectSynchronizer Weak        Min:  0.0, Avg:  0.0, Max:  0.0, Diff:  0.0, Sum:  0.0, Workers: 4
[31.890s][debug][gc,phases      ] GC(10)     Dead                           Min: 0, Avg:  0.0, Max: 0, Diff: 0, Sum: 0, Workers: 4
[31.890s][debug][gc,phases      ] GC(10)     Total                          Min: 0, Avg:  7.8, Max: 31, Diff: 31, Sum: 31, Workers: 4
[31.890s][debug][gc,phases      ] GC(10)   JVMTI Tag Weak OopStorage      Min:  0.0, Avg:  0.0, Max:  0.0, Diff:  0.0, Sum:  0.0, Workers: 4
[31.890s][debug][gc,phases      ] GC(10)     Dead                           Min: 0, Avg:  0.0, Max: 0, Diff: 0, Sum: 0, Workers: 4
[31.890s][debug][gc,phases      ] GC(10)     Total                          Min: 0, Avg:  0.0, Max: 0, Diff: 0, Sum: 0, Workers: 4
[31.890s][debug][gc,phases      ] GC(10)   StringTable Weak               Min:  0.0, Avg:  0.2, Max:  0.3, Diff:  0.2, Sum:  0.7, Workers: 4
[31.890s][debug][gc,phases      ] GC(10)     Dead                           Min: 0, Avg:  0.0, Max: 0, Diff: 0, Sum: 0, Workers: 4
[31.890s][debug][gc,phases      ] GC(10)     Total                          Min: 0, Avg: 11777.0, Max: 16004, Diff: 16004, Sum: 47108, Workers: 4
[31.890s][debug][gc,phases      ] GC(10)   ResolvedMethodTable Weak       Min:  0.0, Avg:  0.0, Max:  0.1, Diff:  0.1, Sum:  0.2, Workers: 4
[31.890s][debug][gc,phases      ] GC(10)     Dead                           Min: 0, Avg:  0.0, Max: 0, Diff: 0, Sum: 0, Workers: 4
[31.890s][debug][gc,phases      ] GC(10)     Total                          Min: 0, Avg: 3121.5, Max: 4292, Diff: 4292, Sum: 12486, Workers: 4
[31.890s][debug][gc,phases      ] GC(10)   JNI Weak                       Min:  0.0, Avg:  0.0, Max:  0.0, Diff:  0.0, Sum:  0.0, Workers: 4
[31.890s][debug][gc,phases      ] GC(10)     Dead                           Min: 0, Avg:  0.0, Max: 0, Diff: 0, Sum: 0, Workers: 4
[31.890s][debug][gc,phases      ] GC(10)     Total                          Min: 0, Avg: 18.8, Max: 53, Diff: 53, Sum: 75, Workers: 4
[31.890s][debug][gc,phases      ] GC(10)   StringDedup Table Weak         Min:  0.0, Avg:  0.0, Max:  0.0, Diff:  0.0, Sum:  0.0, Workers: 4
[31.890s][debug][gc,phases      ] GC(10)     Dead                           Min: 0, Avg:  0.0, Max: 0, Diff: 0, Sum: 0, Workers: 4
[31.890s][debug][gc,phases      ] GC(10)     Total                          Min: 0, Avg:  0.0, Max: 0, Diff: 0, Sum: 0, Workers: 4
[31.890s][debug][gc,phases      ] GC(10)   StringDedup Requests0 Weak     Min:  0.0, Avg:  0.0, Max:  0.0, Diff:  0.0, Sum:  0.0, Workers: 4
[31.890s][debug][gc,phases      ] GC(10)     Dead                           Min: 0, Avg:  0.0, Max: 0, Diff: 0, Sum: 0, Workers: 4
[31.890s][debug][gc,phases      ] GC(10)     Total                          Min: 0, Avg:  0.0, Max: 0, Diff: 0, Sum: 0, Workers: 4
[31.890s][debug][gc,phases      ] GC(10)   StringDedup Requests1 Weak     Min:  0.0, Avg:  0.0, Max:  0.0, Diff:  0.0, Sum:  0.0, Workers: 4
[31.890s][debug][gc,phases      ] GC(10)     Dead                           Min: 0, Avg:  0.0, Max: 0, Diff: 0, Sum: 0, Workers: 4
[31.890s][debug][gc,phases      ] GC(10)     Total                          Min: 0, Avg:  0.0, Max: 0, Diff: 0, Sum: 0, Workers: 4
[31.890s][debug][gc,phases      ] GC(10)   Weak JFR Old Object Samples    Min:  0.0, Avg:  0.0, Max:  0.0, Diff:  0.0, Sum:  0.0, Workers: 4
[31.890s][debug][gc,phases      ] GC(10)     Dead                           Min: 0, Avg:  0.0, Max: 0, Diff: 0, Sum: 0, Workers: 4
[31.890s][debug][gc,phases      ] GC(10)     Total                          Min: 0, Avg:  0.0, Max: 0, Diff: 0, Sum: 0, Workers: 4
[31.890s][debug][gc,phases      ] GC(10) Weak Processing 0.618ms
[31.890s][debug][gc,phases      ] GC(10) ClassLoaderData 0.285ms
[31.890s][debug][gc,phases      ] GC(10) Trigger cleanups 0.000ms
[31.924s][debug][gc,phases      ] GC(10) Purge Unlinked NMethods 0.374ms
[31.924s][debug][gc,phases      ] GC(10) Unregister NMethods 0.198ms
[31.925s][debug][gc,phases      ] GC(10) Free Code Blobs 0.065ms
[31.925s][debug][gc,phases      ] GC(10) Class Unloading 34.712ms
[31.925s][debug][gc,phases      ] GC(10) Report Object Count 0.001ms
[31.925s][info ][gc,phases      ] GC(10) Marking Phase 132.596ms
[31.925s][info ][gc,phases,start] GC(10) Summary Phase
[31.925s][info ][gc,phases      ] GC(10) Summary Phase 0.013ms
[31.925s][info ][gc,phases,start] GC(10) Adjust Roots
[31.953s][info ][gc,phases      ] GC(10) Adjust Roots 28.404ms
[31.953s][info ][gc,phases,start] GC(10) Compaction Phase
[32.511s][info ][gc,phases      ] GC(10) Compaction Phase 557.962ms
[32.511s][info ][gc,phases,start] GC(10) Post Compact
[32.513s][debug][gc,phases      ] GC(10) Purge Class Loader Data 1.211ms
[32.515s][info ][gc,phases      ] GC(10) Post Compact 4.089ms
[32.515s][info ][gc,heap        ] GC(10) PSYoungGen: 159874K(1814016K)->158541K(1814016K) Eden: 0K(1530880K)->0K(1530880K) From: 159874K(283136K)->158541K(283136K)
[32.515s][info ][gc,heap        ] GC(10) ParOldGen: 78760K(78848K)->78396K(78848K)
[32.515s][info ][gc,metaspace   ] GC(10) Metaspace: 91945K(93184K)->91945K(93184K) NonClass: 78182K(78912K)->78182K(78912K) Class: 13762K(14272K)->13762K(14272K)
[32.515s][info ][gc             ] GC(10) Pause Full (CodeCache GC Threshold) 233M->231M(1848M) 723.248ms
[32.515s][info ][gc,cpu         ] GC(10) User=1.76s Sys=0.01s Real=0.72s
[32.516s][info ][safepoint      ] Safepoint "ParallelGCSystemGC", Time since last: 139328198 ns, Reaching safepoint: 7900 ns, Cleanup: 15501 ns, At safepoint: 843811825 ns, Total: 843835226 ns
[33.516s][info ][safepoint      ] Safepoint "Cleanup", Time since last: 1000098272 ns, Reaching safepoint: 87605 ns, Cleanup: 166510 ns, At safepoint: 6800 ns, Total: 260915 ns
[34.516s][info ][safepoint      ] Safepoint "Cleanup", Time since last: 1000127474 ns, Reaching safepoint: 80504 ns, Cleanup: 115207 ns, At safepoint: 6800 ns, Total: 202511 ns
[35.516s][info ][safepoint      ] Safepoint "Cleanup", Time since last: 1000132274 ns, Reaching safepoint: 7100 ns, Cleanup: 54504 ns, At safepoint: 7000 ns, Total: 68604 ns
[36.517s][info ][safepoint      ] Safepoint "Cleanup", Time since last: 1000117573 ns, Reaching safepoint: 9701 ns, Cleanup: 132007 ns, At safepoint: 2700 ns, Total: 144408 ns
[37.517s][info ][safepoint      ] Safepoint "Cleanup", Time since last: 1000115873 ns, Reaching safepoint: 7601 ns, Cleanup: 124407 ns, At safepoint: 3100 ns, Total: 135108 ns
[38.517s][info ][safepoint      ] Safepoint "Cleanup", Time since last: 1000151275 ns, Reaching safepoint: 10101 ns, Cleanup: 89705 ns, At safepoint: 8300 ns, Total: 108106 ns
[39.517s][info ][safepoint      ] Safepoint "Cleanup", Time since last: 1000122872 ns, Reaching safepoint: 7200 ns, Cleanup: 66904 ns, At safepoint: 5500 ns, Total: 79604 ns
[40.518s][info ][safepoint      ] Safepoint "Cleanup", Time since last: 1000105869 ns, Reaching safepoint: 6300 ns, Cleanup: 69804 ns, At safepoint: 6200 ns, Total: 82304 ns
[41.518s][info ][safepoint      ] Safepoint "Cleanup", Time since last: 1000116069 ns, Reaching safepoint: 9500 ns, Cleanup: 43803 ns, At safepoint: 3800 ns, Total: 57103 ns
[42.518s][info ][safepoint      ] Safepoint "Cleanup", Time since last: 1000125969 ns, Reaching safepoint: 8901 ns, Cleanup: 93005 ns, At safepoint: 3400 ns, Total: 105306 ns
[43.518s][info ][safepoint      ] Safepoint "Cleanup", Time since last: 1000135870 ns, Reaching safepoint: 9501 ns, Cleanup: 112906 ns, At safepoint: 9101 ns, Total: 131508 ns
[44.518s][info ][safepoint      ] Safepoint "Cleanup", Time since last: 1000129969 ns, Reaching safepoint: 9101 ns, Cleanup: 47602 ns, At safepoint: 2900 ns, Total: 59603 ns
[45.519s][info ][safepoint      ] Safepoint "Cleanup", Time since last: 1000121369 ns, Reaching safepoint: 8301 ns, Cleanup: 11501 ns, At safepoint: 4100 ns, Total: 23902 ns
[46.519s][info ][safepoint      ] Safepoint "Cleanup", Time since last: 1000127169 ns, Reaching safepoint: 8801 ns, Cleanup: 26901 ns, At safepoint: 2800 ns, Total: 38502 ns
[47.519s][info ][safepoint      ] Safepoint "Cleanup", Time since last: 1000123252 ns, Reaching safepoint: 8801 ns, Cleanup: 26401 ns, At safepoint: 3400 ns, Total: 38602 ns
[48.519s][info ][safepoint      ] Safepoint "Cleanup", Time since last: 1000126620 ns, Reaching safepoint: 8400 ns, Cleanup: 33502 ns, At safepoint: 3500 ns, Total: 45402 ns
[49.519s][info ][safepoint      ] Safepoint "Cleanup", Time since last: 1000137320 ns, Reaching safepoint: 9000 ns, Cleanup: 18801 ns, At safepoint: 4001 ns, Total: 31802 ns
[50.519s][info ][safepoint      ] Safepoint "Cleanup", Time since last: 1000095217 ns, Reaching safepoint: 7600 ns, Cleanup: 20601 ns, At safepoint: 3501 ns, Total: 31702 ns
[51.520s][info ][safepoint      ] Safepoint "Cleanup", Time since last: 1000119518 ns, Reaching safepoint: 10401 ns, Cleanup: 17901 ns, At safepoint: 6300 ns, Total: 34602 ns
[52.520s][info ][safepoint      ] Safepoint "Cleanup", Time since last: 1000122019 ns, Reaching safepoint: 7401 ns, Cleanup: 14400 ns, At safepoint: 2801 ns, Total: 24602 ns
[53.520s][info ][safepoint      ] Safepoint "Cleanup", Time since last: 1000112718 ns, Reaching safepoint: 9100 ns, Cleanup: 35202 ns, At safepoint: 2800 ns, Total: 47102 ns
[54.520s][info ][safepoint      ] Safepoint "Cleanup", Time since last: 1000131120 ns, Reaching safepoint: 13201 ns, Cleanup: 48702 ns, At safepoint: 5001 ns, Total: 66904 ns
[55.520s][info ][safepoint      ] Safepoint "Cleanup", Time since last: 1000149519 ns, Reaching safepoint: 11200 ns, Cleanup: 51503 ns, At safepoint: 3200 ns, Total: 65903 ns
[56.520s][info ][safepoint      ] Safepoint "Cleanup", Time since last: 1000124515 ns, Reaching safepoint: 8201 ns, Cleanup: 50202 ns, At safepoint: 2801 ns, Total: 61204 ns
[57.521s][info ][safepoint      ] Safepoint "Cleanup", Time since last: 1000121214 ns, Reaching safepoint: 8201 ns, Cleanup: 22001 ns, At safepoint: 2500 ns, Total: 32702 ns
[58.521s][info ][safepoint      ] Safepoint "Cleanup", Time since last: 1000118415 ns, Reaching safepoint: 7900 ns, Cleanup: 34402 ns, At safepoint: 2900 ns, Total: 45202 ns
[59.521s][info ][safepoint      ] Safepoint "Cleanup", Time since last: 1000112215 ns, Reaching safepoint: 10300 ns, Cleanup: 19101 ns, At safepoint: 3400 ns, Total: 32801 ns
[61.070s][info ][safepoint      ] Safepoint "Cleanup", Time since last: 1549123009 ns, Reaching safepoint: 10500 ns, Cleanup: 32802 ns, At safepoint: 3900 ns, Total: 47202 ns
[62.070s][info ][safepoint      ] Safepoint "Cleanup", Time since last: 1000153617 ns, Reaching safepoint: 6600 ns, Cleanup: 27902 ns, At safepoint: 2800 ns, Total: 37302 ns
[62.756s][info ][gc,start       ] GC(11) Pause Young (Allocation Failure)
[62.850s][debug][gc,phases      ] GC(11) Scavenge 94.657ms
[62.850s][debug][gc,ref         ] GC(11) ReferenceProcessor::execute queues: 1, RefProcThreadModel::Single, marks_oops_alive: false
[62.851s][debug][gc,ref         ] GC(11) Skipped KeepAliveFinalRefsPhase of Reference Processing: no references
[62.851s][debug][gc,ref         ] GC(11) ReferenceProcessor::execute queues: 1, RefProcThreadModel::Single, marks_oops_alive: false
[62.851s][debug][gc,phases      ] GC(11) Reference Processing 0.193ms
[62.851s][debug][gc,phases      ] GC(11)   VM Weak                        Min:  0.0, Avg:  0.0, Max:  0.0, Diff:  0.0, Sum:  0.0, Workers: 4
[62.851s][debug][gc,phases      ] GC(11)     Dead                           Min: 0, Avg:  0.0, Max: 0, Diff: 0, Sum: 0, Workers: 4
[62.851s][debug][gc,phases      ] GC(11)     Total                          Min: 0, Avg: 229.0, Max: 640, Diff: 640, Sum: 916, Workers: 4
[62.851s][debug][gc,phases      ] GC(11)   ObjectSynchronizer Weak        Min:  0.0, Avg:  0.0, Max:  0.0, Diff:  0.0, Sum:  0.0, Workers: 4
[62.851s][debug][gc,phases      ] GC(11)     Dead                           Min: 0, Avg:  0.0, Max: 0, Diff: 0, Sum: 0, Workers: 4
[62.851s][debug][gc,phases      ] GC(11)     Total                          Min: 0, Avg:  0.8, Max: 3, Diff: 3, Sum: 3, Workers: 4
[62.851s][debug][gc,phases      ] GC(11)   JVMTI Tag Weak OopStorage      Min:  0.0, Avg:  0.0, Max:  0.0, Diff:  0.0, Sum:  0.0, Workers: 4
[62.851s][debug][gc,phases      ] GC(11)     Dead                           Min: 0, Avg:  0.0, Max: 0, Diff: 0, Sum: 0, Workers: 4
[62.851s][debug][gc,phases      ] GC(11)     Total                          Min: 0, Avg:  0.0, Max: 0, Diff: 0, Sum: 0, Workers: 4
[62.851s][debug][gc,phases      ] GC(11)   StringTable Weak               Min:  0.0, Avg:  0.3, Max:  0.4, Diff:  0.4, Sum:  1.2, Workers: 4
[62.851s][debug][gc,phases      ] GC(11)     Dead                           Min: 0, Avg:  0.2, Max: 1, Diff: 1, Sum: 1, Workers: 4
[62.851s][debug][gc,phases      ] GC(11)     Total                          Min: 0, Avg: 11840.2, Max: 18561, Diff: 18561, Sum: 47361, Workers: 4
[62.851s][debug][gc,phases      ] GC(11)   ResolvedMethodTable Weak       Min:  0.0, Avg:  0.1, Max:  0.1, Diff:  0.1, Sum:  0.4, Workers: 4
[62.851s][debug][gc,phases      ] GC(11)     Dead                           Min: 0, Avg:  3.2, Max: 9, Diff: 9, Sum: 13, Workers: 4
[62.851s][debug][gc,phases      ] GC(11)     Total                          Min: 0, Avg: 3149.8, Max: 5285, Diff: 5285, Sum: 12599, Workers: 4
[62.851s][debug][gc,phases      ] GC(11)   JNI Weak                       Min:  0.0, Avg:  0.0, Max:  0.0, Diff:  0.0, Sum:  0.0, Workers: 4
[62.851s][debug][gc,phases      ] GC(11)     Dead                           Min: 0, Avg:  0.0, Max: 0, Diff: 0, Sum: 0, Workers: 4
[62.851s][debug][gc,phases      ] GC(11)     Total                          Min: 0, Avg: 12.0, Max: 48, Diff: 48, Sum: 48, Workers: 4
[62.851s][debug][gc,phases      ] GC(11)   StringDedup Table Weak         Min:  0.0, Avg:  0.0, Max:  0.0, Diff:  0.0, Sum:  0.0, Workers: 4
[62.851s][debug][gc,phases      ] GC(11)     Dead                           Min: 0, Avg:  0.0, Max: 0, Diff: 0, Sum: 0, Workers: 4
[62.851s][debug][gc,phases      ] GC(11)     Total                          Min: 0, Avg:  0.0, Max: 0, Diff: 0, Sum: 0, Workers: 4
[62.851s][debug][gc,phases      ] GC(11)   StringDedup Requests0 Weak     Min:  0.0, Avg:  0.0, Max:  0.0, Diff:  0.0, Sum:  0.0, Workers: 4
[62.851s][debug][gc,phases      ] GC(11)     Dead                           Min: 0, Avg:  0.0, Max: 0, Diff: 0, Sum: 0, Workers: 4
[62.851s][debug][gc,phases      ] GC(11)     Total                          Min: 0, Avg:  0.0, Max: 0, Diff: 0, Sum: 0, Workers: 4
[62.851s][debug][gc,phases      ] GC(11)   StringDedup Requests1 Weak     Min:  0.0, Avg:  0.0, Max:  0.0, Diff:  0.0, Sum:  0.0, Workers: 4
[62.851s][debug][gc,phases      ] GC(11)     Dead                           Min: 0, Avg:  0.0, Max: 0, Diff: 0, Sum: 0, Workers: 4
[62.851s][debug][gc,phases      ] GC(11)     Total                          Min: 0, Avg:  0.0, Max: 0, Diff: 0, Sum: 0, Workers: 4
[62.851s][debug][gc,phases      ] GC(11)   Weak JFR Old Object Samples    Min:  0.0, Avg:  0.0, Max:  0.0, Diff:  0.0, Sum:  0.0, Workers: 4
[62.851s][debug][gc,phases      ] GC(11)     Dead                           Min: 0, Avg:  0.0, Max: 0, Diff: 0, Sum: 0, Workers: 4
[62.851s][debug][gc,phases      ] GC(11)     Total                          Min: 0, Avg:  0.0, Max: 0, Diff: 0, Sum: 0, Workers: 4
[62.851s][debug][gc,phases      ] GC(11) Weak Processing 0.776ms
[62.851s][debug][gc,age         ] GC(11) Desired survivor size 276824064 bytes, new threshold 3 (max threshold 15)
[62.851s][info ][gc,heap        ] GC(11) PSYoungGen: 1689421K(1814016K)->79849K(1826816K) Eden: 1530880K(1530880K)->0K(1551360K) From: 158541K(283136K)->79849K(275456K)
[62.851s][info ][gc,heap        ] GC(11) ParOldGen: 78396K(78848K)->162726K(162816K)
[62.851s][info ][gc,metaspace   ] GC(11) Metaspace: 92457K(93696K)->92457K(93696K) NonClass: 78651K(79360K)->78651K(79360K) Class: 13805K(14336K)->13805K(14336K)
[62.851s][info ][gc             ] GC(11) Pause Young (Allocation Failure) 1726M->236M(1943M) 95.782ms
[62.851s][info ][gc,cpu         ] GC(11) User=0.25s Sys=0.06s Real=0.10s
[62.851s][info ][safepoint      ] Safepoint "ParallelGCFailedAllocation", Time since last: 685274412 ns, Reaching safepoint: 8701 ns, Cleanup: 15501 ns, At safepoint: 95873460 ns, Total: 95897662 ns
[63.852s][info ][safepoint      ] Safepoint "Cleanup", Time since last: 1000105449 ns, Reaching safepoint: 9601 ns, Cleanup: 15201 ns, At safepoint: 2800 ns, Total: 27602 ns
[65.852s][info ][safepoint      ] Safepoint "Cleanup", Time since last: 2000211237 ns, Reaching safepoint: 9200 ns, Cleanup: 19401 ns, At safepoint: 5901 ns, Total: 34502 ns
[66.852s][info ][safepoint      ] Safepoint "Cleanup", Time since last: 1000127169 ns, Reaching safepoint: 10901 ns, Cleanup: 25901 ns, At safepoint: 4500 ns, Total: 41302 ns
[67.852s][info ][safepoint      ] Safepoint "Cleanup", Time since last: 1000130570 ns, Reaching safepoint: 10401 ns, Cleanup: 38502 ns, At safepoint: 3300 ns, Total: 52203 ns
[68.852s][info ][safepoint      ] Safepoint "Cleanup", Time since last: 1000163172 ns, Reaching safepoint: 10500 ns, Cleanup: 29902 ns, At safepoint: 3100 ns, Total: 43502 ns
[69.853s][info ][safepoint      ] Safepoint "Cleanup", Time since last: 1000134970 ns, Reaching safepoint: 9201 ns, Cleanup: 12800 ns, At safepoint: 2901 ns, Total: 24902 ns
[70.853s][info ][safepoint      ] Safepoint "Cleanup", Time since last: 1000127669 ns, Reaching safepoint: 10901 ns, Cleanup: 22101 ns, At safepoint: 3200 ns, Total: 36202 ns
[71.853s][info ][safepoint      ] Safepoint "Cleanup", Time since last: 1000107314 ns, Reaching safepoint: 9000 ns, Cleanup: 27202 ns, At safepoint: 13001 ns, Total: 49203 ns
[72.853s][info ][safepoint      ] Safepoint "Cleanup", Time since last: 1000128625 ns, Reaching safepoint: 9600 ns, Cleanup: 22402 ns, At safepoint: 3400 ns, Total: 35402 ns
[73.853s][info ][safepoint      ] Safepoint "Cleanup", Time since last: 1000090223 ns, Reaching safepoint: 8600 ns, Cleanup: 21102 ns, At safepoint: 3200 ns, Total: 32902 ns
[74.853s][info ][safepoint      ] Safepoint "Cleanup", Time since last: 1000134225 ns, Reaching safepoint: 9501 ns, Cleanup: 17601 ns, At safepoint: 3900 ns, Total: 31002 ns
[75.854s][info ][safepoint      ] Safepoint "Cleanup", Time since last: 1000149426 ns, Reaching safepoint: 10301 ns, Cleanup: 29001 ns, At safepoint: 7801 ns, Total: 47103 ns
[76.854s][info ][safepoint      ] Safepoint "Cleanup", Time since last: 1000098323 ns, Reaching safepoint: 9401 ns, Cleanup: 23701 ns, At safepoint: 3300 ns, Total: 36402 ns
[77.854s][info ][safepoint      ] Safepoint "Cleanup", Time since last: 1000139326 ns, Reaching safepoint: 84205 ns, Cleanup: 23301 ns, At safepoint: 7200 ns, Total: 114706 ns
[78.854s][info ][safepoint      ] Safepoint "Cleanup", Time since last: 1000162728 ns, Reaching safepoint: 83004 ns, Cleanup: 19301 ns, At safepoint: 6801 ns, Total: 109106 ns
[79.854s][info ][safepoint      ] Safepoint "Cleanup", Time since last: 1000128839 ns, Reaching safepoint: 82805 ns, Cleanup: 14801 ns, At safepoint: 7000 ns, Total: 104606 ns
[80.855s][info ][safepoint      ] Safepoint "Cleanup", Time since last: 1000132401 ns, Reaching safepoint: 88806 ns, Cleanup: 11400 ns, At safepoint: 7201 ns, Total: 107407 ns
[81.855s][info ][safepoint      ] Safepoint "Cleanup", Time since last: 1000134301 ns, Reaching safepoint: 89506 ns, Cleanup: 12200 ns, At safepoint: 7101 ns, Total: 108807 ns
[82.855s][info ][safepoint      ] Safepoint "Cleanup", Time since last: 1000060297 ns, Reaching safepoint: 81605 ns, Cleanup: 11000 ns, At safepoint: 6401 ns, Total: 99006 ns
[83.855s][info ][safepoint      ] Safepoint "Cleanup", Time since last: 1000174004 ns, Reaching safepoint: 132607 ns, Cleanup: 20802 ns, At safepoint: 21101 ns, Total: 174510 ns
[84.856s][info ][safepoint      ] Safepoint "Cleanup", Time since last: 1000182304 ns, Reaching safepoint: 97506 ns, Cleanup: 16901 ns, At safepoint: 14701 ns, Total: 129108 ns
[85.856s][info ][safepoint      ] Safepoint "Cleanup", Time since last: 1000159903 ns, Reaching safepoint: 86105 ns, Cleanup: 18901 ns, At safepoint: 7600 ns, Total: 112606 ns
[86.856s][info ][safepoint      ] Safepoint "Cleanup", Time since last: 1000127302 ns, Reaching safepoint: 90505 ns, Cleanup: 17101 ns, At safepoint: 10301 ns, Total: 117907 ns
[87.857s][info ][safepoint      ] Safepoint "Cleanup", Time since last: 1000151476 ns, Reaching safepoint: 83555 ns, Cleanup: 34423 ns, At safepoint: 7405 ns, Total: 125383 ns
[88.857s][info ][safepoint      ] Safepoint "Cleanup", Time since last: 1000125765 ns, Reaching safepoint: 80604 ns, Cleanup: 29302 ns, At safepoint: 6900 ns, Total: 116806 ns
[89.857s][info ][safepoint      ] Safepoint "Cleanup", Time since last: 1000118196 ns, Reaching safepoint: 80304 ns, Cleanup: 20001 ns, At safepoint: 6801 ns, Total: 107106 ns
[90.857s][info ][safepoint      ] Safepoint "Cleanup", Time since last: 1000124795 ns, Reaching safepoint: 79005 ns, Cleanup: 12800 ns, At safepoint: 7301 ns, Total: 99106 ns
[91.857s][info ][safepoint      ] Safepoint "Cleanup", Time since last: 1000114695 ns, Reaching safepoint: 80004 ns, Cleanup: 17601 ns, At safepoint: 9401 ns, Total: 107006 ns
[92.858s][info ][safepoint      ] Safepoint "Cleanup", Time since last: 1000123895 ns, Reaching safepoint: 82105 ns, Cleanup: 14501 ns, At safepoint: 7000 ns, Total: 103606 ns
[93.858s][info ][safepoint      ] Safepoint "Cleanup", Time since last: 1000142497 ns, Reaching safepoint: 87105 ns, Cleanup: 12800 ns, At safepoint: 7401 ns, Total: 107306 ns
[94.858s][info ][safepoint      ] Safepoint "Cleanup", Time since last: 1000141196 ns, Reaching safepoint: 79405 ns, Cleanup: 19501 ns, At safepoint: 7300 ns, Total: 106206 ns
[95.858s][info ][safepoint      ] Safepoint "Cleanup", Time since last: 1000115075 ns, Reaching safepoint: 81909 ns, Cleanup: 33503 ns, At safepoint: 9801 ns, Total: 125213 ns
[96.859s][info ][safepoint      ] Safepoint "Cleanup", Time since last: 1000129728 ns, Reaching safepoint: 83808 ns, Cleanup: 37204 ns, At safepoint: 9101 ns, Total: 130113 ns
[97.257s][info ][gc,start       ] GC(12) Pause Young (Allocation Failure)
[97.302s][debug][gc,phases      ] GC(12) Scavenge 44.607ms
[97.302s][debug][gc,ref         ] GC(12) ReferenceProcessor::execute queues: 1, RefProcThreadModel::Single, marks_oops_alive: false
[97.302s][debug][gc,ref         ] GC(12) Skipped KeepAliveFinalRefsPhase of Reference Processing: no references
[97.302s][debug][gc,ref         ] GC(12) ReferenceProcessor::execute queues: 1, RefProcThreadModel::Single, marks_oops_alive: false
[97.302s][debug][gc,phases      ] GC(12) Reference Processing 0.134ms
[97.302s][debug][gc,phases      ] GC(12)   VM Weak                        Min:  0.0, Avg:  0.0, Max:  0.0, Diff:  0.0, Sum:  0.0, Workers: 4
[97.302s][debug][gc,phases      ] GC(12)     Dead                           Min: 0, Avg:  0.0, Max: 0, Diff: 0, Sum: 0, Workers: 4
[97.302s][debug][gc,phases      ] GC(12)     Total                          Min: 0, Avg: 229.0, Max: 512, Diff: 512, Sum: 916, Workers: 4
[97.302s][debug][gc,phases      ] GC(12)   ObjectSynchronizer Weak        Min:  0.0, Avg:  0.0, Max:  0.0, Diff:  0.0, Sum:  0.0, Workers: 4
[97.302s][debug][gc,phases      ] GC(12)     Dead                           Min: 0, Avg:  0.0, Max: 0, Diff: 0, Sum: 0, Workers: 4
[97.302s][debug][gc,phases      ] GC(12)     Total                          Min: 0, Avg:  1.0, Max: 4, Diff: 4, Sum: 4, Workers: 4
[97.302s][debug][gc,phases      ] GC(12)   JVMTI Tag Weak OopStorage      Min:  0.0, Avg:  0.0, Max:  0.0, Diff:  0.0, Sum:  0.0, Workers: 4
[97.302s][debug][gc,phases      ] GC(12)     Dead                           Min: 0, Avg:  0.0, Max: 0, Diff: 0, Sum: 0, Workers: 4
[97.302s][debug][gc,phases      ] GC(12)     Total                          Min: 0, Avg:  0.0, Max: 0, Diff: 0, Sum: 0, Workers: 4
[97.302s][debug][gc,phases      ] GC(12)   StringTable Weak               Min:  0.0, Avg:  0.1, Max:  0.2, Diff:  0.2, Sum:  0.5, Workers: 4
[97.302s][debug][gc,phases      ] GC(12)     Dead                           Min: 0, Avg:  0.2, Max: 1, Diff: 1, Sum: 1, Workers: 4
[97.302s][debug][gc,phases      ] GC(12)     Total                          Min: 0, Avg: 11856.2, Max: 17218, Diff: 17218, Sum: 47425, Workers: 4
[97.302s][debug][gc,phases      ] GC(12)   ResolvedMethodTable Weak       Min:  0.0, Avg:  0.0, Max:  0.1, Diff:  0.1, Sum:  0.2, Workers: 4
[97.302s][debug][gc,phases      ] GC(12)     Dead                           Min: 0, Avg:  4.8, Max: 10, Diff: 10, Sum: 19, Workers: 4
[97.302s][debug][gc,phases      ] GC(12)     Total                          Min: 0, Avg: 3154.2, Max: 4737, Diff: 4737, Sum: 12617, Workers: 4
[97.302s][debug][gc,phases      ] GC(12)   JNI Weak                       Min:  0.0, Avg:  0.0, Max:  0.0, Diff:  0.0, Sum:  0.0, Workers: 4
[97.302s][debug][gc,phases      ] GC(12)     Dead                           Min: 0, Avg:  0.0, Max: 0, Diff: 0, Sum: 0, Workers: 4
[97.302s][debug][gc,phases      ] GC(12)     Total                          Min: 0, Avg: 12.0, Max: 48, Diff: 48, Sum: 48, Workers: 4
[97.302s][debug][gc,phases      ] GC(12)   StringDedup Table Weak         Min:  0.0, Avg:  0.0, Max:  0.0, Diff:  0.0, Sum:  0.0, Workers: 4
[97.302s][debug][gc,phases      ] GC(12)     Dead                           Min: 0, Avg:  0.0, Max: 0, Diff: 0, Sum: 0, Workers: 4
[97.302s][debug][gc,phases      ] GC(12)     Total                          Min: 0, Avg:  0.0, Max: 0, Diff: 0, Sum: 0, Workers: 4
[97.302s][debug][gc,phases      ] GC(12)   StringDedup Requests0 Weak     Min:  0.0, Avg:  0.0, Max:  0.0, Diff:  0.0, Sum:  0.0, Workers: 4
[97.302s][debug][gc,phases      ] GC(12)     Dead                           Min: 0, Avg:  0.0, Max: 0, Diff: 0, Sum: 0, Workers: 4
[97.302s][debug][gc,phases      ] GC(12)     Total                          Min: 0, Avg:  0.0, Max: 0, Diff: 0, Sum: 0, Workers: 4
[97.302s][debug][gc,phases      ] GC(12)   StringDedup Requests1 Weak     Min:  0.0, Avg:  0.0, Max:  0.0, Diff:  0.0, Sum:  0.0, Workers: 4
[97.302s][debug][gc,phases      ] GC(12)     Dead                           Min: 0, Avg:  0.0, Max: 0, Diff: 0, Sum: 0, Workers: 4
[97.302s][debug][gc,phases      ] GC(12)     Total                          Min: 0, Avg:  0.0, Max: 0, Diff: 0, Sum: 0, Workers: 4
[97.302s][debug][gc,phases      ] GC(12)   Weak JFR Old Object Samples    Min:  0.0, Avg:  0.0, Max:  0.0, Diff:  0.0, Sum:  0.0, Workers: 4
[97.302s][debug][gc,phases      ] GC(12)     Dead                           Min: 0, Avg:  0.0, Max: 0, Diff: 0, Sum: 0, Workers: 4
[97.302s][debug][gc,phases      ] GC(12)     Total                          Min: 0, Avg:  0.0, Max: 0, Diff: 0, Sum: 0, Workers: 4
[97.302s][debug][gc,phases      ] GC(12) Weak Processing 0.504ms
[97.302s][debug][gc,age         ] GC(12) Desired survivor size 284164096 bytes, new threshold 2 (max threshold 15)
[97.302s][info ][gc,heap        ] GC(12) PSYoungGen: 1631209K(1826816K)->7424K(1559040K) Eden: 1551360K(1551360K)->0K(1551360K) From: 79849K(275456K)->7424K(7680K)
[97.302s][info ][gc,heap        ] GC(12) ParOldGen: 162726K(162816K)->240325K(240640K)
[97.302s][info ][gc,metaspace   ] GC(12) Metaspace: 92650K(93888K)->92650K(93888K) NonClass: 78840K(79552K)->78840K(79552K) Class: 13809K(14336K)->13809K(14336K)
[97.302s][info ][gc             ] GC(12) Pause Young (Allocation Failure) 1751M->241M(1757M) 45.402ms
[97.302s][info ][gc,cpu         ] GC(12) User=0.09s Sys=0.05s Real=0.04s
[97.302s][info ][safepoint      ] Safepoint "ParallelGCFailedAllocation", Time since last: 398152998 ns, Reaching safepoint: 81208 ns, Cleanup: 14902 ns, At safepoint: 45487226 ns, Total: 45583336 ns
[98.303s][info ][safepoint      ] Safepoint "Cleanup", Time since last: 1000096634 ns, Reaching safepoint: 10400 ns, Cleanup: 19401 ns, At safepoint: 3401 ns, Total: 33202 ns
[99.303s][info ][safepoint      ] Safepoint "Cleanup", Time since last: 1000142413 ns, Reaching safepoint: 9401 ns, Cleanup: 40502 ns, At safepoint: 3900 ns, Total: 53803 ns
[100.303s][info ][safepoint      ] Safepoint "Cleanup", Time since last: 1000134114 ns, Reaching safepoint: 8300 ns, Cleanup: 46503 ns, At safepoint: 5400 ns, Total: 60203 ns
[101.303s][info ][safepoint      ] Safepoint "Cleanup", Time since last: 1000111112 ns, Reaching safepoint: 9100 ns, Cleanup: 30302 ns, At safepoint: 3601 ns, Total: 43003 ns
[102.303s][info ][safepoint      ] Safepoint "Cleanup", Time since last: 1000140713 ns, Reaching safepoint: 10001 ns, Cleanup: 27201 ns, At safepoint: 4101 ns, Total: 41303 ns
[103.303s][info ][safepoint      ] Safepoint "Cleanup", Time since last: 1000104095 ns, Reaching safepoint: 9201 ns, Cleanup: 41505 ns, At safepoint: 4001 ns, Total: 54707 ns
[104.304s][info ][safepoint      ] Safepoint "Cleanup", Time since last: 1000128029 ns, Reaching safepoint: 8501 ns, Cleanup: 16602 ns, At safepoint: 4101 ns, Total: 29204 ns
[105.304s][info ][safepoint      ] Safepoint "Cleanup", Time since last: 1000124929 ns, Reaching safepoint: 8201 ns, Cleanup: 17902 ns, At safepoint: 3901 ns, Total: 30004 ns
[106.304s][info ][safepoint      ] Safepoint "Cleanup", Time since last: 1000136836 ns, Reaching safepoint: 82806 ns, Cleanup: 27502 ns, At safepoint: 6901 ns, Total: 117209 ns
[107.559s][info ][safepoint      ] Safepoint "Cleanup", Time since last: 1255295451 ns, Reaching safepoint: 79506 ns, Cleanup: 58204 ns, At safepoint: 6901 ns, Total: 144611 ns
[108.560s][info ][safepoint      ] Safepoint "Cleanup", Time since last: 1000132186 ns, Reaching safepoint: 79805 ns, Cleanup: 16602 ns, At safepoint: 6600 ns, Total: 103007 ns
[109.560s][info ][safepoint      ] Safepoint "Cleanup", Time since last: 1000129086 ns, Reaching safepoint: 84806 ns, Cleanup: 25302 ns, At safepoint: 7200 ns, Total: 117308 ns
[110.560s][info ][safepoint      ] Safepoint "Cleanup", Time since last: 1000138086 ns, Reaching safepoint: 79906 ns, Cleanup: 16901 ns, At safepoint: 6301 ns, Total: 103108 ns
[111.560s][info ][safepoint      ] Safepoint "Cleanup", Time since last: 1000140676 ns, Reaching safepoint: 79905 ns, Cleanup: 19202 ns, At safepoint: 6800 ns, Total: 105907 ns
[112.561s][info ][safepoint      ] Safepoint "Cleanup", Time since last: 1000125565 ns, Reaching safepoint: 82606 ns, Cleanup: 23402 ns, At safepoint: 6000 ns, Total: 112008 ns
[113.561s][info ][safepoint      ] Safepoint "Cleanup", Time since last: 1000132165 ns, Reaching safepoint: 83106 ns, Cleanup: 16702 ns, At safepoint: 7300 ns, Total: 107108 ns
[114.561s][info ][safepoint      ] Safepoint "Cleanup", Time since last: 1000095363 ns, Reaching safepoint: 84706 ns, Cleanup: 12501 ns, At safepoint: 7400 ns, Total: 104607 ns
[115.561s][info ][safepoint      ] Safepoint "Cleanup", Time since last: 1000130965 ns, Reaching safepoint: 82906 ns, Cleanup: 11001 ns, At safepoint: 8601 ns, Total: 102508 ns
[116.562s][info ][safepoint      ] Safepoint "Cleanup", Time since last: 1000125364 ns, Reaching safepoint: 90107 ns, Cleanup: 18701 ns, At safepoint: 7701 ns, Total: 116509 ns
[117.562s][info ][safepoint      ] Safepoint "Cleanup", Time since last: 1000161167 ns, Reaching safepoint: 78406 ns, Cleanup: 25702 ns, At safepoint: 6600 ns, Total: 110708 ns
[118.562s][info ][safepoint      ] Safepoint "Cleanup", Time since last: 1000091762 ns, Reaching safepoint: 80606 ns, Cleanup: 21902 ns, At safepoint: 6400 ns, Total: 108908 ns
[119.562s][info ][safepoint      ] Safepoint "Cleanup", Time since last: 1000140568 ns, Reaching safepoint: 84106 ns, Cleanup: 17901 ns, At safepoint: 12701 ns, Total: 114708 ns
[121.090s][info ][safepoint      ] Safepoint "Cleanup", Time since last: 1528131439 ns, Reaching safepoint: 7301 ns, Cleanup: 13601 ns, At safepoint: 2700 ns, Total: 23602 ns
[122.091s][info ][safepoint      ] Safepoint "Cleanup", Time since last: 1000191757 ns, Reaching safepoint: 22101 ns, Cleanup: 35103 ns, At safepoint: 6700 ns, Total: 63904 ns
[123.091s][info ][safepoint      ] Safepoint "Cleanup", Time since last: 1000170656 ns, Reaching safepoint: 8201 ns, Cleanup: 13401 ns, At safepoint: 2700 ns, Total: 24302 ns
[124.091s][info ][safepoint      ] Safepoint "Cleanup", Time since last: 1000109751 ns, Reaching safepoint: 9901 ns, Cleanup: 21701 ns, At safepoint: 2701 ns, Total: 34303 ns
[125.091s][info ][safepoint      ] Safepoint "Cleanup", Time since last: 1000118252 ns, Reaching safepoint: 7000 ns, Cleanup: 13301 ns, At safepoint: 3000 ns, Total: 23301 ns
[127.091s][info ][safepoint      ] Safepoint "Cleanup", Time since last: 2000223603 ns, Reaching safepoint: 10301 ns, Cleanup: 33802 ns, At safepoint: 3000 ns, Total: 47103 ns
[128.092s][info ][safepoint      ] Safepoint "Cleanup", Time since last: 1000129526 ns, Reaching safepoint: 10500 ns, Cleanup: 21402 ns, At safepoint: 2700 ns, Total: 34602 ns
[129.092s][info ][safepoint      ] Safepoint "Cleanup", Time since last: 1000137599 ns, Reaching safepoint: 11000 ns, Cleanup: 22302 ns, At safepoint: 3100 ns, Total: 36402 ns
[130.092s][info ][safepoint      ] Safepoint "Cleanup", Time since last: 1000137498 ns, Reaching safepoint: 11101 ns, Cleanup: 19602 ns, At safepoint: 3100 ns, Total: 33803 ns
[131.092s][info ][safepoint      ] Safepoint "Cleanup", Time since last: 1000125797 ns, Reaching safepoint: 10101 ns, Cleanup: 23102 ns, At safepoint: 2400 ns, Total: 35603 ns
[132.009s][info ][gc,start       ] GC(13) Pause Young (Allocation Failure)
[132.015s][debug][gc,phases      ] GC(13) Scavenge 5.690ms
[132.015s][debug][gc,ref         ] GC(13) ReferenceProcessor::execute queues: 1, RefProcThreadModel::Single, marks_oops_alive: false
[132.015s][debug][gc,ref         ] GC(13) Skipped KeepAliveFinalRefsPhase of Reference Processing: no references
[132.015s][debug][gc,ref         ] GC(13) ReferenceProcessor::execute queues: 1, RefProcThreadModel::Single, marks_oops_alive: false
[132.015s][debug][gc,phases      ] GC(13) Reference Processing 0.130ms
[132.015s][debug][gc,phases      ] GC(13)   VM Weak                        Min:  0.0, Avg:  0.0, Max:  0.0, Diff:  0.0, Sum:  0.0, Workers: 4
[132.015s][debug][gc,phases      ] GC(13)     Dead                           Min: 0, Avg:  0.0, Max: 0, Diff: 0, Sum: 0, Workers: 4
[132.015s][debug][gc,phases      ] GC(13)     Total                          Min: 0, Avg: 229.2, Max: 661, Diff: 661, Sum: 917, Workers: 4
[132.015s][debug][gc,phases      ] GC(13)   ObjectSynchronizer Weak        Min:  0.0, Avg:  0.0, Max:  0.0, Diff:  0.0, Sum:  0.0, Workers: 4
[132.015s][debug][gc,phases      ] GC(13)     Dead                           Min: 0, Avg:  0.0, Max: 0, Diff: 0, Sum: 0, Workers: 4
[132.015s][debug][gc,phases      ] GC(13)     Total                          Min: 0, Avg:  0.8, Max: 3, Diff: 3, Sum: 3, Workers: 4
[132.015s][debug][gc,phases      ] GC(13)   JVMTI Tag Weak OopStorage      Min:  0.0, Avg:  0.0, Max:  0.0, Diff:  0.0, Sum:  0.0, Workers: 4
[132.015s][debug][gc,phases      ] GC(13)     Dead                           Min: 0, Avg:  0.0, Max: 0, Diff: 0, Sum: 0, Workers: 4
[132.015s][debug][gc,phases      ] GC(13)     Total                          Min: 0, Avg:  0.0, Max: 0, Diff: 0, Sum: 0, Workers: 4
[132.015s][debug][gc,phases      ] GC(13)   StringTable Weak               Min:  0.0, Avg:  0.1, Max:  0.1, Diff:  0.1, Sum:  0.4, Workers: 4
[132.015s][debug][gc,phases      ] GC(13)     Dead                           Min: 0, Avg:  0.0, Max: 0, Diff: 0, Sum: 0, Workers: 4
[132.015s][debug][gc,phases      ] GC(13)     Total                          Min: 0, Avg: 11864.2, Max: 16320, Diff: 16320, Sum: 47457, Workers: 4
[132.015s][debug][gc,phases      ] GC(13)   ResolvedMethodTable Weak       Min:  0.0, Avg:  0.0, Max:  0.0, Diff:  0.0, Sum:  0.1, Workers: 4
[132.015s][debug][gc,phases      ] GC(13)     Dead                           Min: 0, Avg:  0.0, Max: 0, Diff: 0, Sum: 0, Workers: 4
[132.015s][debug][gc,phases      ] GC(13)     Total                          Min: 0, Avg: 3158.0, Max: 4618, Diff: 4618, Sum: 12632, Workers: 4
[132.015s][debug][gc,phases      ] GC(13)   JNI Weak                       Min:  0.0, Avg:  0.0, Max:  0.0, Diff:  0.0, Sum:  0.0, Workers: 4
[132.015s][debug][gc,phases      ] GC(13)     Dead                           Min: 0, Avg:  0.0, Max: 0, Diff: 0, Sum: 0, Workers: 4
[132.015s][debug][gc,phases      ] GC(13)     Total                          Min: 0, Avg: 12.0, Max: 48, Diff: 48, Sum: 48, Workers: 4
[132.015s][debug][gc,phases      ] GC(13)   StringDedup Table Weak         Min:  0.0, Avg:  0.0, Max:  0.0, Diff:  0.0, Sum:  0.0, Workers: 4
[132.015s][debug][gc,phases      ] GC(13)     Dead                           Min: 0, Avg:  0.0, Max: 0, Diff: 0, Sum: 0, Workers: 4
[132.015s][debug][gc,phases      ] GC(13)     Total                          Min: 0, Avg:  0.0, Max: 0, Diff: 0, Sum: 0, Workers: 4
[132.015s][debug][gc,phases      ] GC(13)   StringDedup Requests0 Weak     Min:  0.0, Avg:  0.0, Max:  0.0, Diff:  0.0, Sum:  0.0, Workers: 4
[132.015s][debug][gc,phases      ] GC(13)     Dead                           Min: 0, Avg:  0.0, Max: 0, Diff: 0, Sum: 0, Workers: 4
[132.015s][debug][gc,phases      ] GC(13)     Total                          Min: 0, Avg:  0.0, Max: 0, Diff: 0, Sum: 0, Workers: 4
[132.015s][debug][gc,phases      ] GC(13)   StringDedup Requests1 Weak     Min:  0.0, Avg:  0.0, Max:  0.0, Diff:  0.0, Sum:  0.0, Workers: 4
[132.015s][debug][gc,phases      ] GC(13)     Dead                           Min: 0, Avg:  0.0, Max: 0, Diff: 0, Sum: 0, Workers: 4
[132.015s][debug][gc,phases      ] GC(13)     Total                          Min: 0, Avg:  0.0, Max: 0, Diff: 0, Sum: 0, Workers: 4
[132.015s][debug][gc,phases      ] GC(13)   Weak JFR Old Object Samples    Min:  0.0, Avg:  0.0, Max:  0.0, Diff:  0.0, Sum:  0.0, Workers: 4
[132.015s][debug][gc,phases      ] GC(13)     Dead                           Min: 0, Avg:  0.0, Max: 0, Diff: 0, Sum: 0, Workers: 4
[132.015s][debug][gc,phases      ] GC(13)     Total                          Min: 0, Avg:  0.0, Max: 0, Diff: 0, Sum: 0, Workers: 4
[132.015s][debug][gc,phases      ] GC(13) Weak Processing 0.449ms
[132.015s][debug][gc,age         ] GC(13) Desired survivor size 287834112 bytes, new threshold 1 (max threshold 15)
[132.015s][info ][gc,heap        ] GC(13) PSYoungGen: 1558784K(1559040K)->4176K(1812480K) Eden: 1551360K(1551360K)->0K(1534976K) From: 7424K(7680K)->4176K(277504K)
[132.015s][info ][gc,heap        ] GC(13) ParOldGen: 240325K(240640K)->244466K(244736K)
[132.015s][info ][gc,metaspace   ] GC(13) Metaspace: 92824K(94016K)->92824K(94016K) NonClass: 79008K(79680K)->79008K(79680K) Class: 13815K(14336K)->13815K(14336K)
[132.015s][info ][gc             ] GC(13) Pause Young (Allocation Failure) 1756M->242M(2009M) 6.432ms
[132.016s][info ][gc,cpu         ] GC(13) User=0.02s Sys=0.00s Real=0.00s
[132.016s][info ][safepoint      ] Safepoint "ParallelGCFailedAllocation", Time since last: 916890172 ns, Reaching safepoint: 8101 ns, Cleanup: 15101 ns, At safepoint: 6515571 ns, Total: 6538773 ns
[133.016s][info ][safepoint      ] Safepoint "Cleanup", Time since last: 1000101896 ns, Reaching safepoint: 8601 ns, Cleanup: 10201 ns, At safepoint: 3700 ns, Total: 22502 ns
[134.016s][info ][safepoint      ] Safepoint "Cleanup", Time since last: 1000156099 ns, Reaching safepoint: 6901 ns, Cleanup: 13001 ns, At safepoint: 2800 ns, Total: 22702 ns
[135.016s][info ][safepoint      ] Safepoint "Cleanup", Time since last: 1000124397 ns, Reaching safepoint: 6601 ns, Cleanup: 13601 ns, At safepoint: 2800 ns, Total: 23002 ns
[136.016s][info ][safepoint      ] Safepoint "Cleanup", Time since last: 1000132270 ns, Reaching safepoint: 7001 ns, Cleanup: 15901 ns, At safepoint: 2700 ns, Total: 25602 ns
[138.016s][info ][safepoint      ] Safepoint "Cleanup", Time since last: 2000219868 ns, Reaching safepoint: 8401 ns, Cleanup: 14201 ns, At safepoint: 3000 ns, Total: 25602 ns
[140.017s][info ][safepoint      ] Safepoint "Cleanup", Time since last: 2000197167 ns, Reaching safepoint: 6601 ns, Cleanup: 13301 ns, At safepoint: 2800 ns, Total: 22702 ns
[141.018s][info ][safepoint      ] Safepoint "Cleanup", Time since last: 1000116435 ns, Reaching safepoint: 869461 ns, Cleanup: 14701 ns, At safepoint: 6900 ns, Total: 891062 ns
[142.018s][info ][safepoint      ] Safepoint "Cleanup", Time since last: 1000124436 ns, Reaching safepoint: 6700 ns, Cleanup: 18801 ns, At safepoint: 2701 ns, Total: 28202 ns
[144.018s][info ][safepoint      ] Safepoint "Cleanup", Time since last: 2000182248 ns, Reaching safepoint: 78806 ns, Cleanup: 10501 ns, At safepoint: 5900 ns, Total: 95207 ns
[145.018s][info ][safepoint      ] Safepoint "Cleanup", Time since last: 1000121992 ns, Reaching safepoint: 7300 ns, Cleanup: 50504 ns, At safepoint: 7700 ns, Total: 65504 ns
[146.018s][info ][safepoint      ] Safepoint "Cleanup", Time since last: 1000129692 ns, Reaching safepoint: 7501 ns, Cleanup: 31602 ns, At safepoint: 2900 ns, Total: 42003 ns
[147.019s][info ][safepoint      ] Safepoint "Cleanup", Time since last: 1000127092 ns, Reaching safepoint: 15101 ns, Cleanup: 28702 ns, At safepoint: 4301 ns, Total: 48104 ns
[149.019s][info ][safepoint      ] Safepoint "Cleanup", Time since last: 2000224681 ns, Reaching safepoint: 8401 ns, Cleanup: 11501 ns, At safepoint: 2700 ns, Total: 22602 ns
[150.019s][info ][safepoint      ] Safepoint "Cleanup", Time since last: 1000201097 ns, Reaching safepoint: 106308 ns, Cleanup: 30502 ns, At safepoint: 15001 ns, Total: 151811 ns
[151.019s][info ][safepoint      ] Safepoint "Cleanup", Time since last: 1000209098 ns, Reaching safepoint: 9801 ns, Cleanup: 12400 ns, At safepoint: 2801 ns, Total: 25002 ns
[152.020s][info ][safepoint      ] Safepoint "Cleanup", Time since last: 1000120270 ns, Reaching safepoint: 8001 ns, Cleanup: 14201 ns, At safepoint: 29102 ns, Total: 51304 ns
[153.020s][info ][safepoint      ] Safepoint "Cleanup", Time since last: 1000127488 ns, Reaching safepoint: 7401 ns, Cleanup: 31502 ns, At safepoint: 2600 ns, Total: 41503 ns
[154.020s][info ][safepoint      ] Safepoint "Cleanup", Time since last: 1000087386 ns, Reaching safepoint: 7700 ns, Cleanup: 16001 ns, At safepoint: 3000 ns, Total: 26701 ns
[155.020s][info ][safepoint      ] Safepoint "Cleanup", Time since last: 1000123489 ns, Reaching safepoint: 9200 ns, Cleanup: 72205 ns, At safepoint: 3101 ns, Total: 84506 ns
[156.020s][info ][safepoint      ] Safepoint "Cleanup", Time since last: 1000119487 ns, Reaching safepoint: 7601 ns, Cleanup: 47403 ns, At safepoint: 2301 ns, Total: 57305 ns
[157.021s][info ][safepoint      ] Safepoint "Cleanup", Time since last: 1000173991 ns, Reaching safepoint: 16001 ns, Cleanup: 151611 ns, At safepoint: 9401 ns, Total: 177013 ns
[158.021s][info ][safepoint      ] Safepoint "Cleanup", Time since last: 1000168991 ns, Reaching safepoint: 8101 ns, Cleanup: 21701 ns, At safepoint: 2801 ns, Total: 32603 ns
[160.021s][info ][safepoint      ] Safepoint "Cleanup", Time since last: 2000254279 ns, Reaching safepoint: 10500 ns, Cleanup: 18402 ns, At safepoint: 3300 ns, Total: 32202 ns
[161.021s][info ][safepoint      ] Safepoint "Cleanup", Time since last: 1000149001 ns, Reaching safepoint: 7201 ns, Cleanup: 19201 ns, At safepoint: 2600 ns, Total: 29002 ns
[163.022s][info ][safepoint      ] Safepoint "Cleanup", Time since last: 2000221297 ns, Reaching safepoint: 9001 ns, Cleanup: 47103 ns, At safepoint: 3501 ns, Total: 59605 ns
[164.022s][info ][safepoint      ] Safepoint "Cleanup", Time since last: 1000145001 ns, Reaching safepoint: 6900 ns, Cleanup: 18401 ns, At safepoint: 2501 ns, Total: 27802 ns
[164.911s][info ][gc,start       ] GC(14) Pause Young (Allocation Failure)
[164.917s][debug][gc,phases      ] GC(14) Scavenge 5.497ms
[164.917s][debug][gc,ref         ] GC(14) ReferenceProcessor::execute queues: 1, RefProcThreadModel::Single, marks_oops_alive: false
[164.917s][debug][gc,ref         ] GC(14) Skipped KeepAliveFinalRefsPhase of Reference Processing: no references
[164.917s][debug][gc,ref         ] GC(14) ReferenceProcessor::execute queues: 1, RefProcThreadModel::Single, marks_oops_alive: false
[164.917s][debug][gc,phases      ] GC(14) Reference Processing 0.137ms
[164.917s][debug][gc,phases      ] GC(14)   VM Weak                        Min:  0.0, Avg:  0.0, Max:  0.0, Diff:  0.0, Sum:  0.0, Workers: 4
[164.917s][debug][gc,phases      ] GC(14)     Dead                           Min: 0, Avg:  0.0, Max: 0, Diff: 0, Sum: 0, Workers: 4
[164.917s][debug][gc,phases      ] GC(14)     Total                          Min: 0, Avg: 229.2, Max: 597, Diff: 597, Sum: 917, Workers: 4
[164.917s][debug][gc,phases      ] GC(14)   ObjectSynchronizer Weak        Min:  0.0, Avg:  0.0, Max:  0.0, Diff:  0.0, Sum:  0.0, Workers: 4
[164.917s][debug][gc,phases      ] GC(14)     Dead                           Min: 0, Avg:  0.0, Max: 0, Diff: 0, Sum: 0, Workers: 4
[164.917s][debug][gc,phases      ] GC(14)     Total                          Min: 0, Avg:  1.0, Max: 4, Diff: 4, Sum: 4, Workers: 4
[164.917s][debug][gc,phases      ] GC(14)   JVMTI Tag Weak OopStorage      Min:  0.0, Avg:  0.0, Max:  0.0, Diff:  0.0, Sum:  0.0, Workers: 4
[164.917s][debug][gc,phases      ] GC(14)     Dead                           Min: 0, Avg:  0.0, Max: 0, Diff: 0, Sum: 0, Workers: 4
[164.917s][debug][gc,phases      ] GC(14)     Total                          Min: 0, Avg:  0.0, Max: 0, Diff: 0, Sum: 0, Workers: 4
[164.917s][debug][gc,phases      ] GC(14)   StringTable Weak               Min:  0.0, Avg:  0.1, Max:  0.2, Diff:  0.2, Sum:  0.5, Workers: 4
[164.917s][debug][gc,phases      ] GC(14)     Dead                           Min: 0, Avg:  0.2, Max: 1, Diff: 1, Sum: 1, Workers: 4
[164.917s][debug][gc,phases      ] GC(14)     Total                          Min: 0, Avg: 11869.8, Max: 18296, Diff: 18296, Sum: 47479, Workers: 4
[164.917s][debug][gc,phases      ] GC(14)   ResolvedMethodTable Weak       Min:  0.0, Avg:  0.0, Max:  0.0, Diff:  0.0, Sum:  0.1, Workers: 4
[164.917s][debug][gc,phases      ] GC(14)     Dead                           Min: 0, Avg:  4.2, Max: 17, Diff: 17, Sum: 17, Workers: 4
[164.917s][debug][gc,phases      ] GC(14)     Total                          Min: 0, Avg: 3160.5, Max: 4599, Diff: 4599, Sum: 12642, Workers: 4
[164.917s][debug][gc,phases      ] GC(14)   JNI Weak                       Min:  0.0, Avg:  0.0, Max:  0.0, Diff:  0.0, Sum:  0.0, Workers: 4
[164.917s][debug][gc,phases      ] GC(14)     Dead                           Min: 0, Avg:  0.0, Max: 0, Diff: 0, Sum: 0, Workers: 4
[164.917s][debug][gc,phases      ] GC(14)     Total                          Min: 0, Avg: 12.0, Max: 48, Diff: 48, Sum: 48, Workers: 4
[164.917s][debug][gc,phases      ] GC(14)   StringDedup Table Weak         Min:  0.0, Avg:  0.0, Max:  0.0, Diff:  0.0, Sum:  0.0, Workers: 4
[164.917s][debug][gc,phases      ] GC(14)     Dead                           Min: 0, Avg:  0.0, Max: 0, Diff: 0, Sum: 0, Workers: 4
[164.917s][debug][gc,phases      ] GC(14)     Total                          Min: 0, Avg:  0.0, Max: 0, Diff: 0, Sum: 0, Workers: 4
[164.917s][debug][gc,phases      ] GC(14)   StringDedup Requests0 Weak     Min:  0.0, Avg:  0.0, Max:  0.0, Diff:  0.0, Sum:  0.0, Workers: 4
[164.917s][debug][gc,phases      ] GC(14)     Dead                           Min: 0, Avg:  0.0, Max: 0, Diff: 0, Sum: 0, Workers: 4
[164.917s][debug][gc,phases      ] GC(14)     Total                          Min: 0, Avg:  0.0, Max: 0, Diff: 0, Sum: 0, Workers: 4
[164.917s][debug][gc,phases      ] GC(14)   StringDedup Requests1 Weak     Min:  0.0, Avg:  0.0, Max:  0.0, Diff:  0.0, Sum:  0.0, Workers: 4
[164.917s][debug][gc,phases      ] GC(14)     Dead                           Min: 0, Avg:  0.0, Max: 0, Diff: 0, Sum: 0, Workers: 4
[164.917s][debug][gc,phases      ] GC(14)     Total                          Min: 0, Avg:  0.0, Max: 0, Diff: 0, Sum: 0, Workers: 4
[164.917s][debug][gc,phases      ] GC(14)   Weak JFR Old Object Samples    Min:  0.0, Avg:  0.0, Max:  0.0, Diff:  0.0, Sum:  0.0, Workers: 4
[164.917s][debug][gc,phases      ] GC(14)     Dead                           Min: 0, Avg:  0.0, Max: 0, Diff: 0, Sum: 0, Workers: 4
[164.917s][debug][gc,phases      ] GC(14)     Total                          Min: 0, Avg:  0.0, Max: 0, Diff: 0, Sum: 0, Workers: 4
[164.917s][debug][gc,phases      ] GC(14) Weak Processing 0.466ms
[164.917s][debug][gc,age         ] GC(14) Desired survivor size 287309824 bytes, new threshold 1 (max threshold 15)
[164.917s][info ][gc,heap        ] GC(14) PSYoungGen: 1539152K(1812480K)->6224K(1816064K) Eden: 1534976K(1534976K)->0K(1534976K) From: 4176K(277504K)->6224K(281088K)
[164.917s][info ][gc,heap        ] GC(14) ParOldGen: 244466K(244736K)->245890K(246272K)
[164.917s][info ][gc,metaspace   ] GC(14) Metaspace: 92926K(94144K)->92926K(94144K) NonClass: 79107K(79808K)->79107K(79808K) Class: 13819K(14336K)->13819K(14336K)
[164.917s][info ][gc             ] GC(14) Pause Young (Allocation Failure) 1741M->246M(2014M) 6.262ms
[164.917s][info ][gc,cpu         ] GC(14) User=0.01s Sys=0.01s Real=0.01s
[164.917s][info ][safepoint      ] Safepoint "ParallelGCFailedAllocation", Time since last: 889362091 ns, Reaching safepoint: 7301 ns, Cleanup: 12901 ns, At safepoint: 6341341 ns, Total: 6361543 ns
[165.918s][info ][safepoint      ] Safepoint "Cleanup", Time since last: 1000092597 ns, Reaching safepoint: 10801 ns, Cleanup: 33402 ns, At safepoint: 3201 ns, Total: 47404 ns
[166.918s][info ][safepoint      ] Safepoint "Cleanup", Time since last: 1000159702 ns, Reaching safepoint: 7400 ns, Cleanup: 11101 ns, At safepoint: 2700 ns, Total: 21201 ns
[167.918s][info ][safepoint      ] Safepoint "Cleanup", Time since last: 1000090236 ns, Reaching safepoint: 8801 ns, Cleanup: 19901 ns, At safepoint: 3801 ns, Total: 32503 ns
[168.918s][info ][safepoint      ] Safepoint "Cleanup", Time since last: 1000143431 ns, Reaching safepoint: 9200 ns, Cleanup: 19302 ns, At safepoint: 3600 ns, Total: 32102 ns
[169.919s][info ][safepoint      ] Safepoint "Cleanup", Time since last: 1000166732 ns, Reaching safepoint: 191514 ns, Cleanup: 62705 ns, At safepoint: 55404 ns, Total: 309623 ns
[170.919s][info ][safepoint      ] Safepoint "Cleanup", Time since last: 1000285341 ns, Reaching safepoint: 7300 ns, Cleanup: 15301 ns, At safepoint: 2200 ns, Total: 24801 ns
[171.919s][info ][safepoint      ] Safepoint "Cleanup", Time since last: 1000078126 ns, Reaching safepoint: 8501 ns, Cleanup: 10001 ns, At safepoint: 2500 ns, Total: 21002 ns
[172.919s][info ][safepoint      ] Safepoint "Cleanup", Time since last: 1000129130 ns, Reaching safepoint: 81806 ns, Cleanup: 12101 ns, At safepoint: 8300 ns, Total: 102207 ns
[173.919s][info ][safepoint      ] Safepoint "Cleanup", Time since last: 1000137731 ns, Reaching safepoint: 10400 ns, Cleanup: 16001 ns, At safepoint: 3201 ns, Total: 29602 ns
[174.919s][info ][safepoint      ] Safepoint "Cleanup", Time since last: 1000097227 ns, Reaching safepoint: 8701 ns, Cleanup: 12701 ns, At safepoint: 2500 ns, Total: 23902 ns
[175.920s][info ][safepoint      ] Safepoint "Cleanup", Time since last: 1000132183 ns, Reaching safepoint: 11601 ns, Cleanup: 16601 ns, At safepoint: 7000 ns, Total: 35202 ns
[176.920s][info ][safepoint      ] Safepoint "Cleanup", Time since last: 1000078411 ns, Reaching safepoint: 7101 ns, Cleanup: 27302 ns, At safepoint: 2500 ns, Total: 36903 ns
[177.920s][info ][safepoint      ] Safepoint "Cleanup", Time since last: 1000127014 ns, Reaching safepoint: 8800 ns, Cleanup: 12401 ns, At safepoint: 2600 ns, Total: 23801 ns
[178.920s][info ][safepoint      ] Safepoint "Cleanup", Time since last: 1000145216 ns, Reaching safepoint: 7200 ns, Cleanup: 19201 ns, At safepoint: 2301 ns, Total: 28702 ns
[179.920s][info ][safepoint      ] Safepoint "Cleanup", Time since last: 1000128614 ns, Reaching safepoint: 7900 ns, Cleanup: 10501 ns, At safepoint: 2100 ns, Total: 20501 ns
[181.109s][info ][safepoint      ] Safepoint "Cleanup", Time since last: 1188175932 ns, Reaching safepoint: 84206 ns, Cleanup: 10900 ns, At safepoint: 6501 ns, Total: 101607 ns
[182.109s][info ][safepoint      ] Safepoint "Cleanup", Time since last: 1000133973 ns, Reaching safepoint: 81506 ns, Cleanup: 11600 ns, At safepoint: 6601 ns, Total: 99707 ns
[183.109s][info ][safepoint      ] Safepoint "Cleanup", Time since last: 1000138873 ns, Reaching safepoint: 83106 ns, Cleanup: 52304 ns, At safepoint: 13501 ns, Total: 148911 ns
[184.109s][info ][safepoint      ] Safepoint "Cleanup", Time since last: 1000127371 ns, Reaching safepoint: 83105 ns, Cleanup: 11101 ns, At safepoint: 8101 ns, Total: 102307 ns
[186.110s][info ][safepoint      ] Safepoint "Cleanup", Time since last: 2000182132 ns, Reaching safepoint: 98607 ns, Cleanup: 14301 ns, At safepoint: 13501 ns, Total: 126409 ns
[187.110s][info ][safepoint      ] Safepoint "Cleanup", Time since last: 1000183173 ns, Reaching safepoint: 170812 ns, Cleanup: 27702 ns, At safepoint: 43403 ns, Total: 241917 ns
[188.110s][info ][safepoint      ] Safepoint "Cleanup", Time since last: 1000159471 ns, Reaching safepoint: 86806 ns, Cleanup: 16502 ns, At safepoint: 7900 ns, Total: 111208 ns
[189.111s][info ][safepoint      ] Safepoint "Cleanup", Time since last: 1000138570 ns, Reaching safepoint: 83806 ns, Cleanup: 21001 ns, At safepoint: 8001 ns, Total: 112808 ns
[190.111s][info ][safepoint      ] Safepoint "Cleanup", Time since last: 1000140270 ns, Reaching safepoint: 84506 ns, Cleanup: 19601 ns, At safepoint: 7500 ns, Total: 111607 ns
[191.111s][info ][safepoint      ] Safepoint "Cleanup", Time since last: 1000149271 ns, Reaching safepoint: 85506 ns, Cleanup: 11001 ns, At safepoint: 7000 ns, Total: 103507 ns
[192.111s][info ][safepoint      ] Safepoint "Cleanup", Time since last: 1000126600 ns, Reaching safepoint: 81706 ns, Cleanup: 16201 ns, At safepoint: 6500 ns, Total: 104407 ns
[193.111s][info ][safepoint      ] Safepoint "Cleanup", Time since last: 1000132275 ns, Reaching safepoint: 84406 ns, Cleanup: 12300 ns, At safepoint: 7601 ns, Total: 104307 ns
[194.112s][info ][safepoint      ] Safepoint "Cleanup", Time since last: 1000143075 ns, Reaching safepoint: 85006 ns, Cleanup: 10901 ns, At safepoint: 6500 ns, Total: 102407 ns
[195.112s][info ][safepoint      ] Safepoint "Cleanup", Time since last: 1000138075 ns, Reaching safepoint: 83006 ns, Cleanup: 11600 ns, At safepoint: 7001 ns, Total: 101607 ns
[196.112s][info ][safepoint      ] Safepoint "Cleanup", Time since last: 1000149076 ns, Reaching safepoint: 85405 ns, Cleanup: 22402 ns, At safepoint: 7200 ns, Total: 115007 ns
[197.113s][info ][safepoint      ] Safepoint "Cleanup", Time since last: 1000159277 ns, Reaching safepoint: 84505 ns, Cleanup: 16802 ns, At safepoint: 7100 ns, Total: 108407 ns
[197.834s][info ][gc,start       ] GC(15) Pause Young (Allocation Failure)
[197.841s][debug][gc,phases      ] GC(15) Scavenge 7.270ms
[197.841s][debug][gc,ref         ] GC(15) ReferenceProcessor::execute queues: 1, RefProcThreadModel::Single, marks_oops_alive: false
[197.841s][debug][gc,ref         ] GC(15) Skipped KeepAliveFinalRefsPhase of Reference Processing: no references
[197.841s][debug][gc,ref         ] GC(15) ReferenceProcessor::execute queues: 1, RefProcThreadModel::Single, marks_oops_alive: false
[197.841s][debug][gc,phases      ] GC(15) Reference Processing 0.117ms
[197.842s][debug][gc,phases      ] GC(15)   VM Weak                        Min:  0.0, Avg:  0.0, Max:  0.0, Diff:  0.0, Sum:  0.0, Workers: 4
[197.842s][debug][gc,phases      ] GC(15)     Dead                           Min: 0, Avg:  0.0, Max: 0, Diff: 0, Sum: 0, Workers: 4
[197.842s][debug][gc,phases      ] GC(15)     Total                          Min: 0, Avg: 229.2, Max: 512, Diff: 512, Sum: 917, Workers: 4
[197.842s][debug][gc,phases      ] GC(15)   ObjectSynchronizer Weak        Min:  0.0, Avg:  0.0, Max:  0.0, Diff:  0.0, Sum:  0.0, Workers: 4
[197.842s][debug][gc,phases      ] GC(15)     Dead                           Min: 0, Avg:  0.0, Max: 0, Diff: 0, Sum: 0, Workers: 4
[197.842s][debug][gc,phases      ] GC(15)     Total                          Min: 0, Avg:  1.0, Max: 4, Diff: 4, Sum: 4, Workers: 4
[197.842s][debug][gc,phases      ] GC(15)   JVMTI Tag Weak OopStorage      Min:  0.0, Avg:  0.0, Max:  0.0, Diff:  0.0, Sum:  0.0, Workers: 4
[197.842s][debug][gc,phases      ] GC(15)     Dead                           Min: 0, Avg:  0.0, Max: 0, Diff: 0, Sum: 0, Workers: 4
[197.842s][debug][gc,phases      ] GC(15)     Total                          Min: 0, Avg:  0.0, Max: 0, Diff: 0, Sum: 0, Workers: 4
[197.842s][debug][gc,phases      ] GC(15)   StringTable Weak               Min:  0.0, Avg:  0.1, Max:  0.2, Diff:  0.2, Sum:  0.5, Workers: 4
[197.842s][debug][gc,phases      ] GC(15)     Dead                           Min: 0, Avg:  0.0, Max: 0, Diff: 0, Sum: 0, Workers: 4
[197.842s][debug][gc,phases      ] GC(15)     Total                          Min: 0, Avg: 11873.0, Max: 16512, Diff: 16512, Sum: 47492, Workers: 4
[197.842s][debug][gc,phases      ] GC(15)   ResolvedMethodTable Weak       Min:  0.0, Avg:  0.0, Max:  0.0, Diff:  0.0, Sum:  0.1, Workers: 4
[197.842s][debug][gc,phases      ] GC(15)     Dead                           Min: 0, Avg:  0.0, Max: 0, Diff: 0, Sum: 0, Workers: 4
[197.842s][debug][gc,phases      ] GC(15)     Total                          Min: 0, Avg: 3160.5, Max: 4396, Diff: 4396, Sum: 12642, Workers: 4
[197.842s][debug][gc,phases      ] GC(15)   JNI Weak                       Min:  0.0, Avg:  0.0, Max:  0.0, Diff:  0.0, Sum:  0.0, Workers: 4
[197.842s][debug][gc,phases      ] GC(15)     Dead                           Min: 0, Avg:  0.0, Max: 0, Diff: 0, Sum: 0, Workers: 4
[197.842s][debug][gc,phases      ] GC(15)     Total                          Min: 0, Avg: 12.0, Max: 48, Diff: 48, Sum: 48, Workers: 4
[197.842s][debug][gc,phases      ] GC(15)   StringDedup Table Weak         Min:  0.0, Avg:  0.0, Max:  0.0, Diff:  0.0, Sum:  0.0, Workers: 4
[197.842s][debug][gc,phases      ] GC(15)     Dead                           Min: 0, Avg:  0.0, Max: 0, Diff: 0, Sum: 0, Workers: 4
[197.842s][debug][gc,phases      ] GC(15)     Total                          Min: 0, Avg:  0.0, Max: 0, Diff: 0, Sum: 0, Workers: 4
[197.842s][debug][gc,phases      ] GC(15)   StringDedup Requests0 Weak     Min:  0.0, Avg:  0.0, Max:  0.0, Diff:  0.0, Sum:  0.0, Workers: 4
[197.842s][debug][gc,phases      ] GC(15)     Dead                           Min: 0, Avg:  0.0, Max: 0, Diff: 0, Sum: 0, Workers: 4
[197.842s][debug][gc,phases      ] GC(15)     Total                          Min: 0, Avg:  0.0, Max: 0, Diff: 0, Sum: 0, Workers: 4
[197.842s][debug][gc,phases      ] GC(15)   StringDedup Requests1 Weak     Min:  0.0, Avg:  0.0, Max:  0.0, Diff:  0.0, Sum:  0.0, Workers: 4
[197.842s][debug][gc,phases      ] GC(15)     Dead                           Min: 0, Avg:  0.0, Max: 0, Diff: 0, Sum: 0, Workers: 4
[197.842s][debug][gc,phases      ] GC(15)     Total                          Min: 0, Avg:  0.0, Max: 0, Diff: 0, Sum: 0, Workers: 4
[197.842s][debug][gc,phases      ] GC(15)   Weak JFR Old Object Samples    Min:  0.0, Avg:  0.0, Max:  0.0, Diff:  0.0, Sum:  0.0, Workers: 4
[197.842s][debug][gc,phases      ] GC(15)     Dead                           Min: 0, Avg:  0.0, Max: 0, Diff: 0, Sum: 0, Workers: 4
[197.842s][debug][gc,phases      ] GC(15)     Total                          Min: 0, Avg:  0.0, Max: 0, Diff: 0, Sum: 0, Workers: 4
[197.842s][debug][gc,phases      ] GC(15) Weak Processing 0.448ms
[197.842s][debug][gc,age         ] GC(15) Desired survivor size 284688384 bytes, new threshold 1 (max threshold 15)
[197.842s][info ][gc,heap        ] GC(15) PSYoungGen: 1541200K(1816064K)->3264K(1819136K) Eden: 1534976K(1534976K)->0K(1538560K) From: 6224K(281088K)->3264K(280576K)
[197.842s][info ][gc,heap        ] GC(15) ParOldGen: 245890K(246272K)->249751K(249856K)
[197.842s][info ][gc,metaspace   ] GC(15) Metaspace: 92985K(94208K)->92985K(94208K) NonClass: 79165K(79872K)->79165K(79872K) Class: 13819K(14336K)->13819K(14336K)
[197.842s][info ][gc             ] GC(15) Pause Young (Allocation Failure) 1745M->247M(2020M) 7.995ms
[197.842s][info ][gc,cpu         ] GC(15) User=0.02s Sys=0.00s Real=0.01s
[197.842s][info ][safepoint      ] Safepoint "ParallelGCFailedAllocation", Time since last: 721293223 ns, Reaching safepoint: 7301 ns, Cleanup: 4700 ns, At safepoint: 8075449 ns, Total: 8087450 ns
[198.842s][info ][safepoint      ] Safepoint "Cleanup", Time since last: 1000083571 ns, Reaching safepoint: 6800 ns, Cleanup: 15702 ns, At safepoint: 3100 ns, Total: 25602 ns
[199.842s][info ][safepoint      ] Safepoint "Cleanup", Time since last: 1000107292 ns, Reaching safepoint: 8501 ns, Cleanup: 20201 ns, At safepoint: 2600 ns, Total: 31302 ns
[200.842s][info ][safepoint      ] Safepoint "Cleanup", Time since last: 1000134525 ns, Reaching safepoint: 10501 ns, Cleanup: 16901 ns, At safepoint: 3800 ns, Total: 31202 ns
[202.843s][info ][safepoint      ] Safepoint "Cleanup", Time since last: 2000195145 ns, Reaching safepoint: 8401 ns, Cleanup: 18501 ns, At safepoint: 12101 ns, Total: 39003 ns
[203.843s][info ][safepoint      ] Safepoint "Cleanup", Time since last: 1000113223 ns, Reaching safepoint: 11501 ns, Cleanup: 20401 ns, At safepoint: 2701 ns, Total: 34603 ns
[204.843s][info ][safepoint      ] Safepoint "Cleanup", Time since last: 1000130624 ns, Reaching safepoint: 6601 ns, Cleanup: 12000 ns, At safepoint: 2701 ns, Total: 21302 ns
[205.843s][info ][safepoint      ] Safepoint "Cleanup", Time since last: 1000120734 ns, Reaching safepoint: 8100 ns, Cleanup: 26502 ns, At safepoint: 2400 ns, Total: 37002 ns
[206.843s][info ][safepoint      ] Safepoint "Cleanup", Time since last: 1000126674 ns, Reaching safepoint: 11601 ns, Cleanup: 17601 ns, At safepoint: 2900 ns, Total: 32102 ns
[207.843s][info ][safepoint      ] Safepoint "Cleanup", Time since last: 1000125608 ns, Reaching safepoint: 10801 ns, Cleanup: 13701 ns, At safepoint: 3600 ns, Total: 28102 ns
[208.843s][info ][safepoint      ] Safepoint "Cleanup", Time since last: 1000114451 ns, Reaching safepoint: 8800 ns, Cleanup: 17801 ns, At safepoint: 2701 ns, Total: 29302 ns
[209.844s][info ][safepoint      ] Safepoint "Cleanup", Time since last: 1000089649 ns, Reaching safepoint: 7600 ns, Cleanup: 12201 ns, At safepoint: 2600 ns, Total: 22401 ns
[210.844s][info ][safepoint      ] Safepoint "Cleanup", Time since last: 1000117051 ns, Reaching safepoint: 9401 ns, Cleanup: 16601 ns, At safepoint: 2900 ns, Total: 28902 ns
[214.844s][info ][safepoint      ] Safepoint "Cleanup", Time since last: 4000330315 ns, Reaching safepoint: 8500 ns, Cleanup: 16001 ns, At safepoint: 2601 ns, Total: 27102 ns
[215.844s][info ][safepoint      ] Safepoint "Cleanup", Time since last: 1000121011 ns, Reaching safepoint: 7601 ns, Cleanup: 15001 ns, At safepoint: 2400 ns, Total: 25002 ns
[216.844s][info ][safepoint      ] Safepoint "Cleanup", Time since last: 1000104541 ns, Reaching safepoint: 7801 ns, Cleanup: 14500 ns, At safepoint: 2401 ns, Total: 24702 ns
[218.845s][info ][safepoint      ] Safepoint "Cleanup", Time since last: 2000199781 ns, Reaching safepoint: 8501 ns, Cleanup: 14801 ns, At safepoint: 2700 ns, Total: 26002 ns
[220.845s][info ][safepoint      ] Safepoint "Cleanup", Time since last: 2000195720 ns, Reaching safepoint: 10601 ns, Cleanup: 15801 ns, At safepoint: 2800 ns, Total: 29202 ns
[221.845s][info ][safepoint      ] Safepoint "Cleanup", Time since last: 1000135166 ns, Reaching safepoint: 9001 ns, Cleanup: 60004 ns, At safepoint: 3700 ns, Total: 72705 ns
[222.845s][info ][safepoint      ] Safepoint "Cleanup", Time since last: 1000128266 ns, Reaching safepoint: 7200 ns, Cleanup: 35403 ns, At safepoint: 2500 ns, Total: 45103 ns
[223.845s][info ][safepoint      ] Safepoint "Cleanup", Time since last: 1000135145 ns, Reaching safepoint: 10300 ns, Cleanup: 16601 ns, At safepoint: 3101 ns, Total: 30002 ns
[224.846s][info ][safepoint      ] Safepoint "Cleanup", Time since last: 1000149504 ns, Reaching safepoint: 9001 ns, Cleanup: 14501 ns, At safepoint: 2700 ns, Total: 26202 ns
[225.846s][info ][safepoint      ] Safepoint "Cleanup", Time since last: 1000121002 ns, Reaching safepoint: 9701 ns, Cleanup: 14501 ns, At safepoint: 8500 ns, Total: 32702 ns
[227.846s][info ][safepoint      ] Safepoint "Cleanup", Time since last: 2000199003 ns, Reaching safepoint: 9700 ns, Cleanup: 16501 ns, At safepoint: 2601 ns, Total: 28802 ns
[229.846s][info ][safepoint      ] Safepoint "Cleanup", Time since last: 2000197102 ns, Reaching safepoint: 9000 ns, Cleanup: 16401 ns, At safepoint: 2701 ns, Total: 28102 ns
[230.757s][info ][gc,start       ] GC(16) Pause Young (Allocation Failure)
[230.768s][debug][gc,phases      ] GC(16) Scavenge 10.594ms
[230.768s][debug][gc,ref         ] GC(16) ReferenceProcessor::execute queues: 1, RefProcThreadModel::Single, marks_oops_alive: false
[230.768s][debug][gc,ref         ] GC(16) Skipped KeepAliveFinalRefsPhase of Reference Processing: no references
[230.768s][debug][gc,ref         ] GC(16) ReferenceProcessor::execute queues: 1, RefProcThreadModel::Single, marks_oops_alive: false
[230.768s][debug][gc,phases      ] GC(16) Reference Processing 0.141ms
[230.769s][debug][gc,phases      ] GC(16)   VM Weak                        Min:  0.0, Avg:  0.0, Max:  0.0, Diff:  0.0, Sum:  0.0, Workers: 4
[230.769s][debug][gc,phases      ] GC(16)     Dead                           Min: 0, Avg:  0.0, Max: 0, Diff: 0, Sum: 0, Workers: 4
[230.769s][debug][gc,phases      ] GC(16)     Total                          Min: 0, Avg: 229.2, Max: 512, Diff: 512, Sum: 917, Workers: 4
[230.769s][debug][gc,phases      ] GC(16)   ObjectSynchronizer Weak        Min:  0.0, Avg:  0.0, Max:  0.0, Diff:  0.0, Sum:  0.0, Workers: 4
[230.769s][debug][gc,phases      ] GC(16)     Dead                           Min: 0, Avg:  0.0, Max: 0, Diff: 0, Sum: 0, Workers: 4
[230.769s][debug][gc,phases      ] GC(16)     Total                          Min: 0, Avg:  1.0, Max: 4, Diff: 4, Sum: 4, Workers: 4
[230.769s][debug][gc,phases      ] GC(16)   JVMTI Tag Weak OopStorage      Min:  0.0, Avg:  0.0, Max:  0.0, Diff:  0.0, Sum:  0.0, Workers: 4
[230.769s][debug][gc,phases      ] GC(16)     Dead                           Min: 0, Avg:  0.0, Max: 0, Diff: 0, Sum: 0, Workers: 4
[230.769s][debug][gc,phases      ] GC(16)     Total                          Min: 0, Avg:  0.0, Max: 0, Diff: 0, Sum: 0, Workers: 4
[230.769s][debug][gc,phases      ] GC(16)   StringTable Weak               Min:  0.0, Avg:  0.2, Max:  0.3, Diff:  0.3, Sum:  0.7, Workers: 4
[230.769s][debug][gc,phases      ] GC(16)     Dead                           Min: 0, Avg:  0.0, Max: 0, Diff: 0, Sum: 0, Workers: 4
[230.769s][debug][gc,phases      ] GC(16)     Total                          Min: 0, Avg: 11877.8, Max: 28887, Diff: 28887, Sum: 47511, Workers: 4
[230.769s][debug][gc,phases      ] GC(16)   ResolvedMethodTable Weak       Min:  0.0, Avg:  0.0, Max:  0.1, Diff:  0.1, Sum:  0.1, Workers: 4
[230.769s][debug][gc,phases      ] GC(16)     Dead                           Min: 0, Avg:  0.0, Max: 0, Diff: 0, Sum: 0, Workers: 4
[230.769s][debug][gc,phases      ] GC(16)     Total                          Min: 0, Avg: 3161.0, Max: 6456, Diff: 6456, Sum: 12644, Workers: 4
[230.769s][debug][gc,phases      ] GC(16)   JNI Weak                       Min:  0.0, Avg:  0.0, Max:  0.0, Diff:  0.0, Sum:  0.0, Workers: 4
[230.769s][debug][gc,phases      ] GC(16)     Dead                           Min: 0, Avg:  0.0, Max: 0, Diff: 0, Sum: 0, Workers: 4
[230.769s][debug][gc,phases      ] GC(16)     Total                          Min: 0, Avg: 12.0, Max: 48, Diff: 48, Sum: 48, Workers: 4
[230.769s][debug][gc,phases      ] GC(16)   StringDedup Table Weak         Min:  0.0, Avg:  0.0, Max:  0.0, Diff:  0.0, Sum:  0.0, Workers: 4
[230.769s][debug][gc,phases      ] GC(16)     Dead                           Min: 0, Avg:  0.0, Max: 0, Diff: 0, Sum: 0, Workers: 4
[230.769s][debug][gc,phases      ] GC(16)     Total                          Min: 0, Avg:  0.0, Max: 0, Diff: 0, Sum: 0, Workers: 4
[230.769s][debug][gc,phases      ] GC(16)   StringDedup Requests0 Weak     Min:  0.0, Avg:  0.0, Max:  0.0, Diff:  0.0, Sum:  0.0, Workers: 4
[230.769s][debug][gc,phases      ] GC(16)     Dead                           Min: 0, Avg:  0.0, Max: 0, Diff: 0, Sum: 0, Workers: 4
[230.769s][debug][gc,phases      ] GC(16)     Total                          Min: 0, Avg:  0.0, Max: 0, Diff: 0, Sum: 0, Workers: 4
[230.769s][debug][gc,phases      ] GC(16)   StringDedup Requests1 Weak     Min:  0.0, Avg:  0.0, Max:  0.0, Diff:  0.0, Sum:  0.0, Workers: 4
[230.769s][debug][gc,phases      ] GC(16)     Dead                           Min: 0, Avg:  0.0, Max: 0, Diff: 0, Sum: 0, Workers: 4
[230.769s][debug][gc,phases      ] GC(16)     Total                          Min: 0, Avg:  0.0, Max: 0, Diff: 0, Sum: 0, Workers: 4
[230.769s][debug][gc,phases      ] GC(16)   Weak JFR Old Object Samples    Min:  0.0, Avg:  0.0, Max:  0.0, Diff:  0.0, Sum:  0.0, Workers: 4
[230.769s][debug][gc,phases      ] GC(16)     Dead                           Min: 0, Avg:  0.0, Max: 0, Diff: 0, Sum: 0, Workers: 4
[230.769s][debug][gc,phases      ] GC(16)     Total                          Min: 0, Avg:  0.0, Max: 0, Diff: 0, Sum: 0, Workers: 4
[230.769s][debug][gc,phases      ] GC(16) Weak Processing 0.697ms
[230.769s][debug][gc,age         ] GC(16) Desired survivor size 279445504 bytes, new threshold 1 (max threshold 15)
[230.769s][info ][gc,heap        ] GC(16) PSYoungGen: 1541824K(1819136K)->5408K(1816576K) Eden: 1538560K(1538560K)->0K(1538560K) From: 3264K(280576K)->5408K(278016K)
[230.769s][info ][gc,heap        ] GC(16) ParOldGen: 249751K(249856K)->250507K(250880K)
[230.769s][info ][gc,metaspace   ] GC(16) Metaspace: 93054K(94272K)->93054K(94272K) NonClass: 79233K(79936K)->79233K(79936K) Class: 13820K(14336K)->13820K(14336K)
[230.769s][info ][gc             ] GC(16) Pause Young (Allocation Failure) 1749M->249M(2019M) 11.608ms
[230.769s][info ][gc,cpu         ] GC(16) User=0.03s Sys=0.00s Real=0.01s
[230.769s][info ][safepoint      ] Safepoint "ParallelGCFailedAllocation", Time since last: 911035361 ns, Reaching safepoint: 83805 ns, Cleanup: 14401 ns, At safepoint: 11706981 ns, Total: 11805187 ns
[231.769s][info ][safepoint      ] Safepoint "Cleanup", Time since last: 1000102919 ns, Reaching safepoint: 9401 ns, Cleanup: 19701 ns, At safepoint: 2501 ns, Total: 31603 ns
[236.770s][info ][safepoint      ] Safepoint "Cleanup", Time since last: 5000377201 ns, Reaching safepoint: 7001 ns, Cleanup: 18601 ns, At safepoint: 2100 ns, Total: 27702 ns
[237.770s][info ][safepoint      ] Safepoint "Cleanup", Time since last: 1000130904 ns, Reaching safepoint: 7201 ns, Cleanup: 14901 ns, At safepoint: 2400 ns, Total: 24502 ns
[239.770s][info ][safepoint      ] Safepoint "Cleanup", Time since last: 2000201093 ns, Reaching safepoint: 86305 ns, Cleanup: 13101 ns, At safepoint: 8301 ns, Total: 107707 ns
[241.127s][info ][safepoint      ] Safepoint "Cleanup", Time since last: 1357191927 ns, Reaching safepoint: 9300 ns, Cleanup: 12301 ns, At safepoint: 2700 ns, Total: 24301 ns
[242.127s][info ][safepoint      ] Safepoint "Cleanup", Time since last: 1000130783 ns, Reaching safepoint: 8701 ns, Cleanup: 14201 ns, At safepoint: 3300 ns, Total: 26202 ns
[244.128s][info ][safepoint      ] Safepoint "Cleanup", Time since last: 2000188162 ns, Reaching safepoint: 10601 ns, Cleanup: 17701 ns, At safepoint: 3300 ns, Total: 31602 ns
[245.131s][info ][safepoint      ] Safepoint "Cleanup", Time since last: 1003840416 ns, Reaching safepoint: 10200 ns, Cleanup: 26202 ns, At safepoint: 2600 ns, Total: 39002 ns
[246.132s][info ][safepoint      ] Safepoint "Cleanup", Time since last: 1000138745 ns, Reaching safepoint: 10701 ns, Cleanup: 19301 ns, At safepoint: 2900 ns, Total: 32902 ns
[247.132s][info ][safepoint      ] Safepoint "Cleanup", Time since last: 1000134945 ns, Reaching safepoint: 9301 ns, Cleanup: 15801 ns, At safepoint: 3100 ns, Total: 28202 ns
[248.132s][info ][safepoint      ] Safepoint "Cleanup", Time since last: 1000152520 ns, Reaching safepoint: 9301 ns, Cleanup: 18101 ns, At safepoint: 2800 ns, Total: 30202 ns
[249.132s][info ][safepoint      ] Safepoint "Cleanup", Time since last: 1000127960 ns, Reaching safepoint: 10100 ns, Cleanup: 17502 ns, At safepoint: 3000 ns, Total: 30602 ns
[250.132s][info ][safepoint      ] Safepoint "Cleanup", Time since last: 1000138360 ns, Reaching safepoint: 7300 ns, Cleanup: 37503 ns, At safepoint: 3300 ns, Total: 48103 ns
[251.136s][info ][safepoint      ] Safepoint "Cleanup", Time since last: 1004000214 ns, Reaching safepoint: 8401 ns, Cleanup: 14201 ns, At safepoint: 2900 ns, Total: 25502 ns
[253.137s][info ][safepoint      ] Safepoint "Cleanup", Time since last: 2000141711 ns, Reaching safepoint: 10401 ns, Cleanup: 19601 ns, At safepoint: 2900 ns, Total: 32902 ns
[254.137s][info ][safepoint      ] Safepoint "Cleanup", Time since last: 1000127060 ns, Reaching safepoint: 9400 ns, Cleanup: 14501 ns, At safepoint: 3201 ns, Total: 27102 ns
[255.137s][info ][safepoint      ] Safepoint "Cleanup", Time since last: 1000141560 ns, Reaching safepoint: 10601 ns, Cleanup: 14801 ns, At safepoint: 3200 ns, Total: 28602 ns
[256.137s][info ][safepoint      ] Safepoint "Cleanup", Time since last: 1000111641 ns, Reaching safepoint: 9001 ns, Cleanup: 18401 ns, At safepoint: 2800 ns, Total: 30202 ns
[258.138s][info ][safepoint      ] Safepoint "Cleanup", Time since last: 2000602836 ns, Reaching safepoint: 12401 ns, Cleanup: 356621 ns, At safepoint: 4100 ns, Total: 373122 ns
[259.138s][info ][safepoint      ] Safepoint "Cleanup", Time since last: 1000129908 ns, Reaching safepoint: 11001 ns, Cleanup: 16301 ns, At safepoint: 3600 ns, Total: 30902 ns
[260.138s][info ][safepoint      ] Safepoint "Cleanup", Time since last: 1000144108 ns, Reaching safepoint: 10601 ns, Cleanup: 23001 ns, At safepoint: 2801 ns, Total: 36403 ns
[263.139s][info ][safepoint      ] Safepoint "Cleanup", Time since last: 3000278095 ns, Reaching safepoint: 9700 ns, Cleanup: 18602 ns, At safepoint: 2700 ns, Total: 31002 ns
[264.139s][info ][safepoint      ] Safepoint "Cleanup", Time since last: 1000111862 ns, Reaching safepoint: 8201 ns, Cleanup: 14001 ns, At safepoint: 2500 ns, Total: 24702 ns
[265.139s][info ][safepoint      ] Safepoint "Cleanup", Time since last: 1000102700 ns, Reaching safepoint: 8100 ns, Cleanup: 12601 ns, At safepoint: 2900 ns, Total: 23601 ns
[266.139s][info ][safepoint      ] Safepoint "Cleanup", Time since last: 1000110901 ns, Reaching safepoint: 7400 ns, Cleanup: 12801 ns, At safepoint: 2400 ns, Total: 22601 ns
[267.139s][info ][safepoint      ] Safepoint "Cleanup", Time since last: 1000117401 ns, Reaching safepoint: 7701 ns, Cleanup: 20701 ns, At safepoint: 3100 ns, Total: 31502 ns
[267.206s][info ][gc,start       ] GC(17) Pause Young (Allocation Failure)
[267.210s][debug][gc,phases      ] GC(17) Scavenge 3.940ms
[267.210s][debug][gc,ref         ] GC(17) ReferenceProcessor::execute queues: 1, RefProcThreadModel::Single, marks_oops_alive: false
[267.210s][debug][gc,ref         ] GC(17) Skipped KeepAliveFinalRefsPhase of Reference Processing: no references
[267.210s][debug][gc,ref         ] GC(17) ReferenceProcessor::execute queues: 1, RefProcThreadModel::Single, marks_oops_alive: false
[267.210s][debug][gc,phases      ] GC(17) Reference Processing 0.127ms
[267.211s][debug][gc,phases      ] GC(17)   VM Weak                        Min:  0.0, Avg:  0.0, Max:  0.0, Diff:  0.0, Sum:  0.0, Workers: 4
[267.211s][debug][gc,phases      ] GC(17)     Dead                           Min: 0, Avg:  0.0, Max: 0, Diff: 0, Sum: 0, Workers: 4
[267.211s][debug][gc,phases      ] GC(17)     Total                          Min: 0, Avg: 229.2, Max: 768, Diff: 768, Sum: 917, Workers: 4
[267.211s][debug][gc,phases      ] GC(17)   ObjectSynchronizer Weak        Min:  0.0, Avg:  0.0, Max:  0.0, Diff:  0.0, Sum:  0.0, Workers: 4
[267.211s][debug][gc,phases      ] GC(17)     Dead                           Min: 0, Avg:  0.0, Max: 0, Diff: 0, Sum: 0, Workers: 4
[267.211s][debug][gc,phases      ] GC(17)     Total                          Min: 0, Avg:  0.8, Max: 3, Diff: 3, Sum: 3, Workers: 4
[267.211s][debug][gc,phases      ] GC(17)   JVMTI Tag Weak OopStorage      Min:  0.0, Avg:  0.0, Max:  0.0, Diff:  0.0, Sum:  0.0, Workers: 4
[267.211s][debug][gc,phases      ] GC(17)     Dead                           Min: 0, Avg:  0.0, Max: 0, Diff: 0, Sum: 0, Workers: 4
[267.211s][debug][gc,phases      ] GC(17)     Total                          Min: 0, Avg:  0.0, Max: 0, Diff: 0, Sum: 0, Workers: 4
[267.211s][debug][gc,phases      ] GC(17)   StringTable Weak               Min:  0.0, Avg:  0.1, Max:  0.1, Diff:  0.1, Sum:  0.4, Workers: 4
[267.211s][debug][gc,phases      ] GC(17)     Dead                           Min: 0, Avg:  0.5, Max: 2, Diff: 2, Sum: 2, Workers: 4
[267.211s][debug][gc,phases      ] GC(17)     Total                          Min: 0, Avg: 11888.0, Max: 16128, Diff: 16128, Sum: 47552, Workers: 4
[267.211s][debug][gc,phases      ] GC(17)   ResolvedMethodTable Weak       Min:  0.0, Avg:  0.0, Max:  0.0, Diff:  0.0, Sum:  0.1, Workers: 4
[267.211s][debug][gc,phases      ] GC(17)     Dead                           Min: 0, Avg:  0.2, Max: 1, Diff: 1, Sum: 1, Workers: 4
[267.211s][debug][gc,phases      ] GC(17)     Total                          Min: 0, Avg: 3164.8, Max: 4574, Diff: 4574, Sum: 12659, Workers: 4
[267.211s][debug][gc,phases      ] GC(17)   JNI Weak                       Min:  0.0, Avg:  0.0, Max:  0.0, Diff:  0.0, Sum:  0.0, Workers: 4
[267.211s][debug][gc,phases      ] GC(17)     Dead                           Min: 0, Avg:  0.0, Max: 0, Diff: 0, Sum: 0, Workers: 4
[267.211s][debug][gc,phases      ] GC(17)     Total                          Min: 0, Avg: 12.0, Max: 48, Diff: 48, Sum: 48, Workers: 4
[267.211s][debug][gc,phases      ] GC(17)   StringDedup Table Weak         Min:  0.0, Avg:  0.0, Max:  0.0, Diff:  0.0, Sum:  0.0, Workers: 4
[267.211s][debug][gc,phases      ] GC(17)     Dead                           Min: 0, Avg:  0.0, Max: 0, Diff: 0, Sum: 0, Workers: 4
[267.211s][debug][gc,phases      ] GC(17)     Total                          Min: 0, Avg:  0.0, Max: 0, Diff: 0, Sum: 0, Workers: 4
[267.211s][debug][gc,phases      ] GC(17)   StringDedup Requests0 Weak     Min:  0.0, Avg:  0.0, Max:  0.0, Diff:  0.0, Sum:  0.0, Workers: 4
[267.211s][debug][gc,phases      ] GC(17)     Dead                           Min: 0, Avg:  0.0, Max: 0, Diff: 0, Sum: 0, Workers: 4
[267.211s][debug][gc,phases      ] GC(17)     Total                          Min: 0, Avg:  0.0, Max: 0, Diff: 0, Sum: 0, Workers: 4
[267.211s][debug][gc,phases      ] GC(17)   StringDedup Requests1 Weak     Min:  0.0, Avg:  0.0, Max:  0.0, Diff:  0.0, Sum:  0.0, Workers: 4
[267.211s][debug][gc,phases      ] GC(17)     Dead                           Min: 0, Avg:  0.0, Max: 0, Diff: 0, Sum: 0, Workers: 4
[267.211s][debug][gc,phases      ] GC(17)     Total                          Min: 0, Avg:  0.0, Max: 0, Diff: 0, Sum: 0, Workers: 4
[267.211s][debug][gc,phases      ] GC(17)   Weak JFR Old Object Samples    Min:  0.0, Avg:  0.0, Max:  0.0, Diff:  0.0, Sum:  0.0, Workers: 4
[267.211s][debug][gc,phases      ] GC(17)     Dead                           Min: 0, Avg:  0.0, Max: 0, Diff: 0, Sum: 0, Workers: 4
[267.211s][debug][gc,phases      ] GC(17)     Total                          Min: 0, Avg:  0.0, Max: 0, Diff: 0, Sum: 0, Workers: 4
[267.211s][debug][gc,phases      ] GC(17) Weak Processing 0.434ms
[267.211s][debug][gc,age         ] GC(17) Desired survivor size 272629760 bytes, new threshold 1 (max threshold 15)
[267.211s][info ][gc,heap        ] GC(17) PSYoungGen: 1543968K(1816576K)->2112K(1830912K) Eden: 1538560K(1538560K)->0K(1558016K) From: 5408K(278016K)->2112K(272896K)
[267.211s][info ][gc,heap        ] GC(17) ParOldGen: 250507K(250880K)->254595K(254976K)
[267.211s][info ][gc,metaspace   ] GC(17) Metaspace: 93225K(94464K)->93225K(94464K) NonClass: 79390K(80128K)->79390K(80128K) Class: 13834K(14336K)->13834K(14336K)
[267.211s][info ][gc             ] GC(17) Pause Young (Allocation Failure) 1752M->250M(2037M) 4.650ms
[267.211s][info ][gc,cpu         ] GC(17) User=0.01s Sys=0.01s Real=0.00s
[267.211s][info ][safepoint      ] Safepoint "ParallelGCFailedAllocation", Time since last: 67016270 ns, Reaching safepoint: 80005 ns, Cleanup: 4800 ns, At safepoint: 4741717 ns, Total: 4826522 ns
[268.211s][info ][safepoint      ] Safepoint "Cleanup", Time since last: 1000114000 ns, Reaching safepoint: 85106 ns, Cleanup: 12301 ns, At safepoint: 8600 ns, Total: 106007 ns
[269.211s][info ][safepoint      ] Safepoint "Cleanup", Time since last: 1000130402 ns, Reaching safepoint: 86606 ns, Cleanup: 18401 ns, At safepoint: 6300 ns, Total: 111307 ns
[270.212s][info ][safepoint      ] Safepoint "Cleanup", Time since last: 1000131002 ns, Reaching safepoint: 80806 ns, Cleanup: 193513 ns, At safepoint: 7000 ns, Total: 281319 ns
[271.212s][info ][safepoint      ] Safepoint "Cleanup", Time since last: 1000109200 ns, Reaching safepoint: 96807 ns, Cleanup: 12001 ns, At safepoint: 10600 ns, Total: 119408 ns
[272.212s][info ][safepoint      ] Safepoint "Cleanup", Time since last: 1000140862 ns, Reaching safepoint: 82706 ns, Cleanup: 12101 ns, At safepoint: 7100 ns, Total: 101907 ns
[273.213s][info ][safepoint      ] Safepoint "Cleanup", Time since last: 1000131969 ns, Reaching safepoint: 81605 ns, Cleanup: 27302 ns, At safepoint: 10601 ns, Total: 119508 ns
[274.213s][info ][safepoint      ] Safepoint "Cleanup", Time since last: 1000145570 ns, Reaching safepoint: 80505 ns, Cleanup: 16701 ns, At safepoint: 6801 ns, Total: 104007 ns
[276.213s][info ][safepoint      ] Safepoint "Cleanup", Time since last: 2000233435 ns, Reaching safepoint: 79706 ns, Cleanup: 19201 ns, At safepoint: 6900 ns, Total: 105807 ns
[277.213s][info ][safepoint      ] Safepoint "Cleanup", Time since last: 1000129869 ns, Reaching safepoint: 83306 ns, Cleanup: 22401 ns, At safepoint: 6701 ns, Total: 112408 ns
[278.214s][info ][safepoint      ] Safepoint "Cleanup", Time since last: 1000130768 ns, Reaching safepoint: 83606 ns, Cleanup: 14401 ns, At safepoint: 7200 ns, Total: 105207 ns
[281.214s][info ][safepoint      ] Safepoint "Cleanup", Time since last: 3000287092 ns, Reaching safepoint: 91506 ns, Cleanup: 11200 ns, At safepoint: 5201 ns, Total: 107907 ns
[282.214s][info ][safepoint      ] Safepoint "Cleanup", Time since last: 1000131107 ns, Reaching safepoint: 7601 ns, Cleanup: 9000 ns, At safepoint: 2901 ns, Total: 19502 ns
[284.215s][info ][safepoint      ] Safepoint "Cleanup", Time since last: 2000216312 ns, Reaching safepoint: 81005 ns, Cleanup: 12601 ns, At safepoint: 8500 ns, Total: 102106 ns
[285.215s][info ][safepoint      ] Safepoint "Cleanup", Time since last: 1000124396 ns, Reaching safepoint: 7400 ns, Cleanup: 10001 ns, At safepoint: 2600 ns, Total: 20001 ns
[286.215s][info ][safepoint      ] Safepoint "Cleanup", Time since last: 1000131124 ns, Reaching safepoint: 6601 ns, Cleanup: 11200 ns, At safepoint: 2601 ns, Total: 20402 ns
[288.215s][info ][safepoint      ] Safepoint "Cleanup", Time since last: 2000201941 ns, Reaching safepoint: 84306 ns, Cleanup: 19401 ns, At safepoint: 7200 ns, Total: 110907 ns
[289.215s][info ][safepoint      ] Safepoint "Cleanup", Time since last: 1000143097 ns, Reaching safepoint: 7500 ns, Cleanup: 13701 ns, At safepoint: 2300 ns, Total: 23501 ns
[290.216s][info ][safepoint      ] Safepoint "Cleanup", Time since last: 1000118495 ns, Reaching safepoint: 80705 ns, Cleanup: 13401 ns, At safepoint: 9501 ns, Total: 103607 ns
[293.216s][info ][safepoint      ] Safepoint "Cleanup", Time since last: 3000298680 ns, Reaching safepoint: 91406 ns, Cleanup: 14201 ns, At safepoint: 5801 ns, Total: 111408 ns
[294.216s][info ][safepoint      ] Safepoint "Cleanup", Time since last: 1000132995 ns, Reaching safepoint: 123008 ns, Cleanup: 14501 ns, At safepoint: 6201 ns, Total: 143710 ns
[295.216s][info ][safepoint      ] Safepoint "Cleanup", Time since last: 1000126395 ns, Reaching safepoint: 7901 ns, Cleanup: 14000 ns, At safepoint: 2801 ns, Total: 24702 ns
[296.217s][info ][safepoint      ] Safepoint "Cleanup", Time since last: 1000118389 ns, Reaching safepoint: 87105 ns, Cleanup: 13201 ns, At safepoint: 8000 ns, Total: 108306 ns
[297.217s][info ][safepoint      ] Safepoint "Cleanup", Time since last: 1000158231 ns, Reaching safepoint: 7800 ns, Cleanup: 12101 ns, At safepoint: 2600 ns, Total: 22501 ns
[299.217s][info ][safepoint      ] Safepoint "Cleanup", Time since last: 2000191254 ns, Reaching safepoint: 81105 ns, Cleanup: 16101 ns, At safepoint: 13101 ns, Total: 110307 ns
[304.462s][info ][gc,start       ] GC(18) Pause Young (Allocation Failure)
[304.468s][debug][gc,phases      ] GC(18) Scavenge 5.784ms
[304.468s][debug][gc,ref         ] GC(18) ReferenceProcessor::execute queues: 1, RefProcThreadModel::Single, marks_oops_alive: false
[304.468s][debug][gc,ref         ] GC(18) Skipped KeepAliveFinalRefsPhase of Reference Processing: no references
[304.468s][debug][gc,ref         ] GC(18) ReferenceProcessor::execute queues: 1, RefProcThreadModel::Single, marks_oops_alive: false
[304.469s][debug][gc,phases      ] GC(18) Reference Processing 0.142ms
[304.469s][debug][gc,phases      ] GC(18)   VM Weak                        Min:  0.0, Avg:  0.0, Max:  0.0, Diff:  0.0, Sum:  0.0, Workers: 4
[304.469s][debug][gc,phases      ] GC(18)     Dead                           Min: 0, Avg:  0.0, Max: 0, Diff: 0, Sum: 0, Workers: 4
[304.469s][debug][gc,phases      ] GC(18)     Total                          Min: 0, Avg: 229.2, Max: 768, Diff: 768, Sum: 917, Workers: 4
[304.469s][debug][gc,phases      ] GC(18)   ObjectSynchronizer Weak        Min:  0.0, Avg:  0.0, Max:  0.0, Diff:  0.0, Sum:  0.0, Workers: 4
[304.469s][debug][gc,phases      ] GC(18)     Dead                           Min: 0, Avg:  0.0, Max: 0, Diff: 0, Sum: 0, Workers: 4
[304.469s][debug][gc,phases      ] GC(18)     Total                          Min: 0, Avg:  0.8, Max: 3, Diff: 3, Sum: 3, Workers: 4
[304.469s][debug][gc,phases      ] GC(18)   JVMTI Tag Weak OopStorage      Min:  0.0, Avg:  0.0, Max:  0.0, Diff:  0.0, Sum:  0.0, Workers: 4
[304.469s][debug][gc,phases      ] GC(18)     Dead                           Min: 0, Avg:  0.0, Max: 0, Diff: 0, Sum: 0, Workers: 4
[304.469s][debug][gc,phases      ] GC(18)     Total                          Min: 0, Avg:  0.0, Max: 0, Diff: 0, Sum: 0, Workers: 4
[304.469s][debug][gc,phases      ] GC(18)   StringTable Weak               Min:  0.0, Avg:  0.1, Max:  0.1, Diff:  0.1, Sum:  0.4, Workers: 4
[304.469s][debug][gc,phases      ] GC(18)     Dead                           Min: 0, Avg:  0.2, Max: 1, Diff: 1, Sum: 1, Workers: 4
[304.469s][debug][gc,phases      ] GC(18)     Total                          Min: 0, Avg: 11908.0, Max: 17488, Diff: 17488, Sum: 47632, Workers: 4
[304.469s][debug][gc,phases      ] GC(18)   ResolvedMethodTable Weak       Min:  0.0, Avg:  0.0, Max:  0.0, Diff:  0.0, Sum:  0.1, Workers: 4
[304.469s][debug][gc,phases      ] GC(18)     Dead                           Min: 0, Avg:  0.2, Max: 1, Diff: 1, Sum: 1, Workers: 4
[304.469s][debug][gc,phases      ] GC(18)     Total                          Min: 0, Avg: 3167.8, Max: 4679, Diff: 4679, Sum: 12671, Workers: 4
[304.469s][debug][gc,phases      ] GC(18)   JNI Weak                       Min:  0.0, Avg:  0.0, Max:  0.0, Diff:  0.0, Sum:  0.0, Workers: 4
[304.469s][debug][gc,phases      ] GC(18)     Dead                           Min: 0, Avg:  0.0, Max: 0, Diff: 0, Sum: 0, Workers: 4
[304.469s][debug][gc,phases      ] GC(18)     Total                          Min: 0, Avg: 12.0, Max: 48, Diff: 48, Sum: 48, Workers: 4
[304.469s][debug][gc,phases      ] GC(18)   StringDedup Table Weak         Min:  0.0, Avg:  0.0, Max:  0.0, Diff:  0.0, Sum:  0.0, Workers: 4
[304.469s][debug][gc,phases      ] GC(18)     Dead                           Min: 0, Avg:  0.0, Max: 0, Diff: 0, Sum: 0, Workers: 4
[304.469s][debug][gc,phases      ] GC(18)     Total                          Min: 0, Avg:  0.0, Max: 0, Diff: 0, Sum: 0, Workers: 4
[304.469s][debug][gc,phases      ] GC(18)   StringDedup Requests0 Weak     Min:  0.0, Avg:  0.0, Max:  0.0, Diff:  0.0, Sum:  0.0, Workers: 4
[304.469s][debug][gc,phases      ] GC(18)     Dead                           Min: 0, Avg:  0.0, Max: 0, Diff: 0, Sum: 0, Workers: 4
[304.469s][debug][gc,phases      ] GC(18)     Total                          Min: 0, Avg:  0.0, Max: 0, Diff: 0, Sum: 0, Workers: 4
[304.469s][debug][gc,phases      ] GC(18)   StringDedup Requests1 Weak     Min:  0.0, Avg:  0.0, Max:  0.0, Diff:  0.0, Sum:  0.0, Workers: 4
[304.469s][debug][gc,phases      ] GC(18)     Dead                           Min: 0, Avg:  0.0, Max: 0, Diff: 0, Sum: 0, Workers: 4
[304.469s][debug][gc,phases      ] GC(18)     Total                          Min: 0, Avg:  0.0, Max: 0, Diff: 0, Sum: 0, Workers: 4
[304.469s][debug][gc,phases      ] GC(18)   Weak JFR Old Object Samples    Min:  0.0, Avg:  0.0, Max:  0.0, Diff:  0.0, Sum:  0.0, Workers: 4
[304.469s][debug][gc,phases      ] GC(18)     Dead                           Min: 0, Avg:  0.0, Max: 0, Diff: 0, Sum: 0, Workers: 4
[304.469s][debug][gc,phases      ] GC(18)     Total                          Min: 0, Avg:  0.0, Max: 0, Diff: 0, Sum: 0, Workers: 4
[304.469s][debug][gc,phases      ] GC(18) Weak Processing 0.486ms
[304.469s][debug][gc,age         ] GC(18) Desired survivor size 264765440 bytes, new threshold 1 (max threshold 15)
[304.469s][info ][gc,heap        ] GC(18) PSYoungGen: 1560128K(1830912K)->2848K(1824256K) Eden: 1558016K(1558016K)->0K(1558016K) From: 2112K(272896K)->2848K(266240K)
[304.469s][info ][gc,heap        ] GC(18) ParOldGen: 254595K(254976K)->255287K(255488K)
[304.469s][info ][gc,metaspace   ] GC(18) Metaspace: 93302K(94592K)->93302K(94592K) NonClass: 79460K(80192K)->79460K(80192K) Class: 13842K(14400K)->13842K(14400K)
[304.469s][info ][gc             ] GC(18) Pause Young (Allocation Failure) 1772M->252M(2031M) 6.592ms
[304.469s][info ][gc,cpu         ] GC(18) User=0.01s Sys=0.00s Real=0.01s
[304.469s][info ][safepoint      ] Safepoint "ParallelGCFailedAllocation", Time since last: 5245355460 ns, Reaching safepoint: 9900 ns, Cleanup: 5701 ns, At safepoint: 6689834 ns, Total: 6705435 ns
[305.469s][info ][safepoint      ] Safepoint "Cleanup", Time since last: 1000099262 ns, Reaching safepoint: 81405 ns, Cleanup: 31202 ns, At safepoint: 6101 ns, Total: 118708 ns
[306.469s][info ][safepoint      ] Safepoint "Cleanup", Time since last: 1000068060 ns, Reaching safepoint: 6300 ns, Cleanup: 9401 ns, At safepoint: 2600 ns, Total: 18301 ns
[307.470s][info ][safepoint      ] Safepoint "Cleanup", Time since last: 1000117764 ns, Reaching safepoint: 9000 ns, Cleanup: 12601 ns, At safepoint: 3600 ns, Total: 25201 ns
[309.470s][info ][safepoint      ] Safepoint "Cleanup", Time since last: 2000211826 ns, Reaching safepoint: 7100 ns, Cleanup: 12001 ns, At safepoint: 5800 ns, Total: 24901 ns
[310.470s][info ][safepoint      ] Safepoint "Cleanup", Time since last: 1000117264 ns, Reaching safepoint: 7300 ns, Cleanup: 12601 ns, At safepoint: 2300 ns, Total: 22201 ns
[311.470s][info ][safepoint      ] Safepoint "Cleanup", Time since last: 1000114558 ns, Reaching safepoint: 7001 ns, Cleanup: 12001 ns, At safepoint: 2500 ns, Total: 21502 ns
[312.470s][info ][safepoint      ] Safepoint "Cleanup", Time since last: 1000120797 ns, Reaching safepoint: 10701 ns, Cleanup: 15901 ns, At safepoint: 2800 ns, Total: 29402 ns
[313.470s][info ][safepoint      ] Safepoint "Cleanup", Time since last: 1000116798 ns, Reaching safepoint: 8500 ns, Cleanup: 18701 ns, At safepoint: 8701 ns, Total: 35902 ns
[314.471s][info ][safepoint      ] Safepoint "Cleanup", Time since last: 1000135698 ns, Reaching safepoint: 11601 ns, Cleanup: 25602 ns, At safepoint: 5300 ns, Total: 42503 ns
[316.008s][info ][safepoint      ] Safepoint "Cleanup", Time since last: 1537105535 ns, Reaching safepoint: 81406 ns, Cleanup: 100406 ns, At safepoint: 4500 ns, Total: 186312 ns
[317.008s][info ][safepoint      ] Safepoint "Cleanup", Time since last: 1000139099 ns, Reaching safepoint: 83905 ns, Cleanup: 19902 ns, At safepoint: 6300 ns, Total: 110107 ns
[318.008s][info ][safepoint      ] Safepoint "Cleanup", Time since last: 1000135899 ns, Reaching safepoint: 54603 ns, Cleanup: 11901 ns, At safepoint: 8301 ns, Total: 74805 ns
[319.009s][info ][safepoint      ] Safepoint "Cleanup", Time since last: 1000125697 ns, Reaching safepoint: 82606 ns, Cleanup: 20301 ns, At safepoint: 8401 ns, Total: 111308 ns
[322.009s][info ][safepoint      ] Safepoint "Cleanup", Time since last: 3000271442 ns, Reaching safepoint: 82705 ns, Cleanup: 15301 ns, At safepoint: 7000 ns, Total: 105006 ns
[324.009s][info ][safepoint      ] Safepoint "Cleanup", Time since last: 2000207089 ns, Reaching safepoint: 89805 ns, Cleanup: 14401 ns, At safepoint: 6400 ns, Total: 110606 ns
[326.010s][info ][safepoint      ] Safepoint "Cleanup", Time since last: 2000219599 ns, Reaching safepoint: 88806 ns, Cleanup: 14001 ns, At safepoint: 11901 ns, Total: 114708 ns
[327.010s][info ][safepoint      ] Safepoint "Cleanup", Time since last: 1000123252 ns, Reaching safepoint: 85305 ns, Cleanup: 21002 ns, At safepoint: 7600 ns, Total: 113907 ns
[328.010s][info ][safepoint      ] Safepoint "Cleanup", Time since last: 1000154696 ns, Reaching safepoint: 197212 ns, Cleanup: 25802 ns, At safepoint: 9801 ns, Total: 232815 ns
[329.011s][info ][safepoint      ] Safepoint "Cleanup", Time since last: 1000187111 ns, Reaching safepoint: 89806 ns, Cleanup: 13801 ns, At safepoint: 9801 ns, Total: 113408 ns
[330.011s][info ][safepoint      ] Safepoint "Cleanup", Time since last: 1000133308 ns, Reaching safepoint: 80605 ns, Cleanup: 14001 ns, At safepoint: 10100 ns, Total: 104706 ns
[331.011s][info ][safepoint      ] Safepoint "Cleanup", Time since last: 1000130608 ns, Reaching safepoint: 81506 ns, Cleanup: 27701 ns, At safepoint: 8701 ns, Total: 117908 ns
[332.011s][info ][safepoint      ] Safepoint "Cleanup", Time since last: 1000136908 ns, Reaching safepoint: 87106 ns, Cleanup: 11901 ns, At safepoint: 40802 ns, Total: 139809 ns
[333.011s][info ][safepoint      ] Safepoint "Cleanup", Time since last: 1000120807 ns, Reaching safepoint: 87506 ns, Cleanup: 10301 ns, At safepoint: 5600 ns, Total: 103407 ns
[335.012s][info ][safepoint      ] Safepoint "Cleanup", Time since last: 2000223814 ns, Reaching safepoint: 79005 ns, Cleanup: 10400 ns, At safepoint: 7301 ns, Total: 96706 ns
[336.012s][info ][safepoint      ] Safepoint "Cleanup", Time since last: 1000122617 ns, Reaching safepoint: 79804 ns, Cleanup: 16101 ns, At safepoint: 6601 ns, Total: 102506 ns
[337.012s][info ][safepoint      ] Safepoint "Cleanup", Time since last: 1000118854 ns, Reaching safepoint: 83305 ns, Cleanup: 14301 ns, At safepoint: 8500 ns, Total: 106106 ns
[338.012s][info ][safepoint      ] Safepoint "Cleanup", Time since last: 1000147656 ns, Reaching safepoint: 42703 ns, Cleanup: 13500 ns, At safepoint: 9401 ns, Total: 65604 ns
[339.013s][info ][safepoint      ] Safepoint "Cleanup", Time since last: 1000142956 ns, Reaching safepoint: 88905 ns, Cleanup: 13201 ns, At safepoint: 9900 ns, Total: 112006 ns
[340.407s][info ][gc,start       ] GC(19) Pause Young (Allocation Failure)
[340.411s][debug][gc,phases      ] GC(19) Scavenge 3.604ms
[340.411s][debug][gc,ref         ] GC(19) ReferenceProcessor::execute queues: 1, RefProcThreadModel::Single, marks_oops_alive: false
[340.411s][debug][gc,ref         ] GC(19) Skipped KeepAliveFinalRefsPhase of Reference Processing: no references
[340.411s][debug][gc,ref         ] GC(19) ReferenceProcessor::execute queues: 1, RefProcThreadModel::Single, marks_oops_alive: false
[340.411s][debug][gc,phases      ] GC(19) Reference Processing 0.130ms
[340.411s][debug][gc,phases      ] GC(19)   VM Weak                        Min:  0.0, Avg:  0.0, Max:  0.0, Diff:  0.0, Sum:  0.0, Workers: 4
[340.411s][debug][gc,phases      ] GC(19)     Dead                           Min: 0, Avg:  0.0, Max: 0, Diff: 0, Sum: 0, Workers: 4
[340.411s][debug][gc,phases      ] GC(19)     Total                          Min: 0, Avg: 230.5, Max: 922, Diff: 922, Sum: 922, Workers: 4
[340.411s][debug][gc,phases      ] GC(19)   ObjectSynchronizer Weak        Min:  0.0, Avg:  0.0, Max:  0.0, Diff:  0.0, Sum:  0.0, Workers: 4
[340.411s][debug][gc,phases      ] GC(19)     Dead                           Min: 0, Avg:  0.0, Max: 0, Diff: 0, Sum: 0, Workers: 4
[340.411s][debug][gc,phases      ] GC(19)     Total                          Min: 0, Avg:  0.8, Max: 3, Diff: 3, Sum: 3, Workers: 4
[340.411s][debug][gc,phases      ] GC(19)   JVMTI Tag Weak OopStorage      Min:  0.0, Avg:  0.0, Max:  0.0, Diff:  0.0, Sum:  0.0, Workers: 4
[340.411s][debug][gc,phases      ] GC(19)     Dead                           Min: 0, Avg:  0.0, Max: 0, Diff: 0, Sum: 0, Workers: 4
[340.411s][debug][gc,phases      ] GC(19)     Total                          Min: 0, Avg:  0.0, Max: 0, Diff: 0, Sum: 0, Workers: 4
[340.411s][debug][gc,phases      ] GC(19)   StringTable Weak               Min:  0.0, Avg:  0.1, Max:  0.1, Diff:  0.1, Sum:  0.4, Workers: 4
[340.411s][debug][gc,phases      ] GC(19)     Dead                           Min: 0, Avg:  0.5, Max: 2, Diff: 2, Sum: 2, Workers: 4
[340.411s][debug][gc,phases      ] GC(19)     Total                          Min: 0, Avg: 11948.8, Max: 18496, Diff: 18496, Sum: 47795, Workers: 4
[340.411s][debug][gc,phases      ] GC(19)   ResolvedMethodTable Weak       Min:  0.0, Avg:  0.0, Max:  0.0, Diff:  0.0, Sum:  0.1, Workers: 4
[340.412s][debug][gc,phases      ] GC(19)     Dead                           Min: 0, Avg:  3.0, Max: 5, Diff: 5, Sum: 12, Workers: 4
[340.412s][debug][gc,phases      ] GC(19)     Total                          Min: 0, Avg: 3189.8, Max: 4618, Diff: 4618, Sum: 12759, Workers: 4
[340.412s][debug][gc,phases      ] GC(19)   JNI Weak                       Min:  0.0, Avg:  0.0, Max:  0.0, Diff:  0.0, Sum:  0.0, Workers: 4
[340.412s][debug][gc,phases      ] GC(19)     Dead                           Min: 0, Avg:  0.0, Max: 0, Diff: 0, Sum: 0, Workers: 4
[340.412s][debug][gc,phases      ] GC(19)     Total                          Min: 0, Avg: 12.0, Max: 48, Diff: 48, Sum: 48, Workers: 4
[340.412s][debug][gc,phases      ] GC(19)   StringDedup Table Weak         Min:  0.0, Avg:  0.0, Max:  0.0, Diff:  0.0, Sum:  0.0, Workers: 4
[340.412s][debug][gc,phases      ] GC(19)     Dead                           Min: 0, Avg:  0.0, Max: 0, Diff: 0, Sum: 0, Workers: 4
[340.412s][debug][gc,phases      ] GC(19)     Total                          Min: 0, Avg:  0.0, Max: 0, Diff: 0, Sum: 0, Workers: 4
[340.412s][debug][gc,phases      ] GC(19)   StringDedup Requests0 Weak     Min:  0.0, Avg:  0.0, Max:  0.0, Diff:  0.0, Sum:  0.0, Workers: 4
[340.412s][debug][gc,phases      ] GC(19)     Dead                           Min: 0, Avg:  0.0, Max: 0, Diff: 0, Sum: 0, Workers: 4
[340.412s][debug][gc,phases      ] GC(19)     Total                          Min: 0, Avg:  0.0, Max: 0, Diff: 0, Sum: 0, Workers: 4
[340.412s][debug][gc,phases      ] GC(19)   StringDedup Requests1 Weak     Min:  0.0, Avg:  0.0, Max:  0.0, Diff:  0.0, Sum:  0.0, Workers: 4
[340.412s][debug][gc,phases      ] GC(19)     Dead                           Min: 0, Avg:  0.0, Max: 0, Diff: 0, Sum: 0, Workers: 4
[340.412s][debug][gc,phases      ] GC(19)     Total                          Min: 0, Avg:  0.0, Max: 0, Diff: 0, Sum: 0, Workers: 4
[340.412s][debug][gc,phases      ] GC(19)   Weak JFR Old Object Samples    Min:  0.0, Avg:  0.0, Max:  0.0, Diff:  0.0, Sum:  0.0, Workers: 4
[340.412s][debug][gc,phases      ] GC(19)     Dead                           Min: 0, Avg:  0.0, Max: 0, Diff: 0, Sum: 0, Workers: 4
[340.412s][debug][gc,phases      ] GC(19)     Total                          Min: 0, Avg:  0.0, Max: 0, Diff: 0, Sum: 0, Workers: 4
[340.412s][debug][gc,phases      ] GC(19) Weak Processing 0.466ms
[340.412s][debug][gc,age         ] GC(19) Desired survivor size 255328256 bytes, new threshold 1 (max threshold 15)
[340.412s][info ][gc,heap        ] GC(19) PSYoungGen: 1560864K(1824256K)->2464K(1847808K) Eden: 1558016K(1558016K)->0K(1589248K) From: 2848K(266240K)->2464K(258560K)
[340.412s][info ][gc,heap        ] GC(19) ParOldGen: 255287K(255488K)->256596K(257024K)
[340.412s][info ][gc,metaspace   ] GC(19) Metaspace: 93754K(94976K)->93754K(94976K) NonClass: 79861K(80576K)->79861K(80576K) Class: 13893K(14400K)->13893K(14400K)
[340.412s][info ][gc             ] GC(19) Pause Young (Allocation Failure) 1773M->252M(2055M) 4.354ms
[340.412s][info ][gc,cpu         ] GC(19) User=0.01s Sys=0.00s Real=0.00s
[340.412s][info ][safepoint      ] Safepoint "ParallelGCFailedAllocation", Time since last: 1394491910 ns, Reaching safepoint: 43403 ns, Cleanup: 4500 ns, At safepoint: 4444655 ns, Total: 4492558 ns
[341.412s][info ][safepoint      ] Safepoint "Cleanup", Time since last: 1000096754 ns, Reaching safepoint: 82804 ns, Cleanup: 17001 ns, At safepoint: 8301 ns, Total: 108106 ns
[342.412s][info ][safepoint      ] Safepoint "Cleanup", Time since last: 1000131241 ns, Reaching safepoint: 65404 ns, Cleanup: 16401 ns, At safepoint: 8801 ns, Total: 90606 ns
[343.412s][info ][safepoint      ] Safepoint "Cleanup", Time since last: 1000150300 ns, Reaching safepoint: 83105 ns, Cleanup: 12101 ns, At safepoint: 7600 ns, Total: 102806 ns
[344.413s][info ][safepoint      ] Safepoint "Cleanup", Time since last: 1000140951 ns, Reaching safepoint: 83305 ns, Cleanup: 12001 ns, At safepoint: 7200 ns, Total: 102506 ns
[346.413s][info ][safepoint      ] Safepoint "Cleanup", Time since last: 2000223707 ns, Reaching safepoint: 65404 ns, Cleanup: 16101 ns, At safepoint: 7200 ns, Total: 88705 ns
[347.415s][info ][safepoint      ] Safepoint "Cleanup", Time since last: 1000135405 ns, Reaching safepoint: 2111233 ns, Cleanup: 15901 ns, At safepoint: 12500 ns, Total: 2139634 ns
[348.415s][info ][safepoint      ] Safepoint "Cleanup", Time since last: 1000143906 ns, Reaching safepoint: 89605 ns, Cleanup: 16001 ns, At safepoint: 7101 ns, Total: 112707 ns
[350.416s][info ][safepoint      ] Safepoint "Cleanup", Time since last: 2000285410 ns, Reaching safepoint: 105307 ns, Cleanup: 18201 ns, At safepoint: 10800 ns, Total: 134308 ns
[353.416s][info ][safepoint      ] Safepoint "Cleanup", Time since last: 3000290656 ns, Reaching safepoint: 8401 ns, Cleanup: 13100 ns, At safepoint: 2601 ns, Total: 24102 ns
[354.416s][info ][safepoint      ] Safepoint "Cleanup", Time since last: 1000123242 ns, Reaching safepoint: 7801 ns, Cleanup: 30502 ns, At safepoint: 3600 ns, Total: 41903 ns
[357.417s][info ][safepoint      ] Safepoint "Cleanup", Time since last: 3000316825 ns, Reaching safepoint: 14301 ns, Cleanup: 16801 ns, At safepoint: 3800 ns, Total: 34902 ns
[358.417s][info ][safepoint      ] Safepoint "Cleanup", Time since last: 1000131143 ns, Reaching safepoint: 7401 ns, Cleanup: 39402 ns, At safepoint: 2901 ns, Total: 49704 ns
[359.417s][info ][safepoint      ] Safepoint "Cleanup", Time since last: 1000123742 ns, Reaching safepoint: 7201 ns, Cleanup: 30902 ns, At safepoint: 3400 ns, Total: 41503 ns
[360.417s][info ][safepoint      ] Safepoint "Cleanup", Time since last: 1000144257 ns, Reaching safepoint: 14100 ns, Cleanup: 28902 ns, At safepoint: 8600 ns, Total: 51602 ns
[361.417s][info ][safepoint      ] Safepoint "Cleanup", Time since last: 1000136284 ns, Reaching safepoint: 8400 ns, Cleanup: 19001 ns, At safepoint: 3001 ns, Total: 30402 ns
[362.418s][info ][safepoint      ] Safepoint "Cleanup", Time since last: 1000117982 ns, Reaching safepoint: 7100 ns, Cleanup: 10301 ns, At safepoint: 2700 ns, Total: 20101 ns
[364.418s][info ][safepoint      ] Safepoint "Cleanup", Time since last: 2000188748 ns, Reaching safepoint: 7400 ns, Cleanup: 13001 ns, At safepoint: 2500 ns, Total: 22901 ns
[366.418s][info ][safepoint      ] Safepoint "Cleanup", Time since last: 2000206697 ns, Reaching safepoint: 81405 ns, Cleanup: 17501 ns, At safepoint: 5701 ns, Total: 104607 ns
[367.418s][info ][safepoint      ] Safepoint "Cleanup", Time since last: 1000134450 ns, Reaching safepoint: 7201 ns, Cleanup: 13200 ns, At safepoint: 7401 ns, Total: 27802 ns
[368.418s][info ][safepoint      ] Safepoint "Cleanup", Time since last: 1000125469 ns, Reaching safepoint: 11401 ns, Cleanup: 18801 ns, At safepoint: 3500 ns, Total: 33702 ns
[369.419s][info ][safepoint      ] Safepoint "Cleanup", Time since last: 1000227553 ns, Reaching safepoint: 12101 ns, Cleanup: 25302 ns, At safepoint: 3800 ns, Total: 41203 ns
[371.419s][info ][safepoint      ] Safepoint "Cleanup", Time since last: 2000231992 ns, Reaching safepoint: 94606 ns, Cleanup: 29502 ns, At safepoint: 12101 ns, Total: 136209 ns
[375.420s][info ][safepoint      ] Safepoint "Cleanup", Time since last: 4000419282 ns, Reaching safepoint: 7800 ns, Cleanup: 13101 ns, At safepoint: 2700 ns, Total: 23601 ns
[376.420s][info ][safepoint      ] Safepoint "Cleanup", Time since last: 1000124433 ns, Reaching safepoint: 6701 ns, Cleanup: 14701 ns, At safepoint: 2500 ns, Total: 23902 ns
[378.109s][info ][gc,start       ] GC(20) Pause Young (Allocation Failure)
[378.112s][debug][gc,phases      ] GC(20) Scavenge 3.406ms
[378.112s][debug][gc,ref         ] GC(20) ReferenceProcessor::execute queues: 1, RefProcThreadModel::Single, marks_oops_alive: false
[378.112s][debug][gc,ref         ] GC(20) Skipped KeepAliveFinalRefsPhase of Reference Processing: no references
[378.112s][debug][gc,ref         ] GC(20) ReferenceProcessor::execute queues: 1, RefProcThreadModel::Single, marks_oops_alive: false
[378.112s][debug][gc,phases      ] GC(20) Reference Processing 0.173ms
[378.113s][debug][gc,phases      ] GC(20)   VM Weak                        Min:  0.0, Avg:  0.0, Max:  0.0, Diff:  0.0, Sum:  0.0, Workers: 4
[378.113s][debug][gc,phases      ] GC(20)     Dead                           Min: 0, Avg:  0.0, Max: 0, Diff: 0, Sum: 0, Workers: 4
[378.113s][debug][gc,phases      ] GC(20)     Total                          Min: 0, Avg: 230.5, Max: 576, Diff: 576, Sum: 922, Workers: 4
[378.113s][debug][gc,phases      ] GC(20)   ObjectSynchronizer Weak        Min:  0.0, Avg:  0.0, Max:  0.0, Diff:  0.0, Sum:  0.0, Workers: 4
[378.113s][debug][gc,phases      ] GC(20)     Dead                           Min: 0, Avg:  0.0, Max: 0, Diff: 0, Sum: 0, Workers: 4
[378.113s][debug][gc,phases      ] GC(20)     Total                          Min: 0, Avg:  0.8, Max: 3, Diff: 3, Sum: 3, Workers: 4
[378.113s][debug][gc,phases      ] GC(20)   JVMTI Tag Weak OopStorage      Min:  0.0, Avg:  0.0, Max:  0.0, Diff:  0.0, Sum:  0.0, Workers: 4
[378.113s][debug][gc,phases      ] GC(20)     Dead                           Min: 0, Avg:  0.0, Max: 0, Diff: 0, Sum: 0, Workers: 4
[378.113s][debug][gc,phases      ] GC(20)     Total                          Min: 0, Avg:  0.0, Max: 0, Diff: 0, Sum: 0, Workers: 4
[378.113s][debug][gc,phases      ] GC(20)   StringTable Weak               Min:  0.1, Avg:  0.1, Max:  0.1, Diff:  0.0, Sum:  0.5, Workers: 4
[378.113s][debug][gc,phases      ] GC(20)     Dead                           Min: 0, Avg:  0.0, Max: 0, Diff: 0, Sum: 0, Workers: 4
[378.113s][debug][gc,phases      ] GC(20)     Total                          Min: 9920, Avg: 11951.0, Max: 13312, Diff: 3392, Sum: 47804, Workers: 4
[378.113s][debug][gc,phases      ] GC(20)   ResolvedMethodTable Weak       Min:  0.0, Avg:  0.0, Max:  0.0, Diff:  0.0, Sum:  0.1, Workers: 4
[378.113s][debug][gc,phases      ] GC(20)     Dead                           Min: 0, Avg:  0.0, Max: 0, Diff: 0, Sum: 0, Workers: 4
[378.113s][debug][gc,phases      ] GC(20)     Total                          Min: 3122, Avg: 3191.0, Max: 3251, Diff: 129, Sum: 12764, Workers: 4
[378.113s][debug][gc,phases      ] GC(20)   JNI Weak                       Min:  0.0, Avg:  0.0, Max:  0.0, Diff:  0.0, Sum:  0.0, Workers: 4
[378.113s][debug][gc,phases      ] GC(20)     Dead                           Min: 0, Avg:  0.0, Max: 0, Diff: 0, Sum: 0, Workers: 4
[378.113s][debug][gc,phases      ] GC(20)     Total                          Min: 0, Avg: 12.0, Max: 48, Diff: 48, Sum: 48, Workers: 4
[378.113s][debug][gc,phases      ] GC(20)   StringDedup Table Weak         Min:  0.0, Avg:  0.0, Max:  0.0, Diff:  0.0, Sum:  0.0, Workers: 4
[378.113s][debug][gc,phases      ] GC(20)     Dead                           Min: 0, Avg:  0.0, Max: 0, Diff: 0, Sum: 0, Workers: 4
[378.113s][debug][gc,phases      ] GC(20)     Total                          Min: 0, Avg:  0.0, Max: 0, Diff: 0, Sum: 0, Workers: 4
[378.113s][debug][gc,phases      ] GC(20)   StringDedup Requests0 Weak     Min:  0.0, Avg:  0.0, Max:  0.0, Diff:  0.0, Sum:  0.0, Workers: 4
[378.113s][debug][gc,phases      ] GC(20)     Dead                           Min: 0, Avg:  0.0, Max: 0, Diff: 0, Sum: 0, Workers: 4
[378.113s][debug][gc,phases      ] GC(20)     Total                          Min: 0, Avg:  0.0, Max: 0, Diff: 0, Sum: 0, Workers: 4
[378.113s][debug][gc,phases      ] GC(20)   StringDedup Requests1 Weak     Min:  0.0, Avg:  0.0, Max:  0.0, Diff:  0.0, Sum:  0.0, Workers: 4
[378.113s][debug][gc,phases      ] GC(20)     Dead                           Min: 0, Avg:  0.0, Max: 0, Diff: 0, Sum: 0, Workers: 4
[378.113s][debug][gc,phases      ] GC(20)     Total                          Min: 0, Avg:  0.0, Max: 0, Diff: 0, Sum: 0, Workers: 4
[378.113s][debug][gc,phases      ] GC(20)   Weak JFR Old Object Samples    Min:  0.0, Avg:  0.0, Max:  0.0, Diff:  0.0, Sum:  0.0, Workers: 4
[378.113s][debug][gc,phases      ] GC(20)     Dead                           Min: 0, Avg:  0.0, Max: 0, Diff: 0, Sum: 0, Workers: 4
[378.113s][debug][gc,phases      ] GC(20)     Total                          Min: 0, Avg:  0.0, Max: 0, Diff: 0, Sum: 0, Workers: 4
[378.113s][debug][gc,phases      ] GC(20) Weak Processing 0.422ms
[378.113s][debug][gc,age         ] GC(20) Desired survivor size 245891072 bytes, new threshold 1 (max threshold 15)
[378.113s][info ][gc,heap        ] GC(20) PSYoungGen: 1591712K(1847808K)->2320K(1838592K) Eden: 1589248K(1589248K)->0K(1589248K) From: 2464K(258560K)->2320K(249344K)
[378.113s][info ][gc,heap        ] GC(20) ParOldGen: 256596K(257024K)->257348K(257536K)
[378.113s][info ][gc,metaspace   ] GC(20) Metaspace: 93800K(94976K)->93800K(94976K) NonClass: 79905K(80576K)->79905K(80576K) Class: 13894K(14400K)->13894K(14400K)
[378.113s][info ][gc             ] GC(20) Pause Young (Allocation Failure) 1804M->253M(2047M) 4.179ms
[378.113s][info ][gc,cpu         ] GC(20) User=0.00s Sys=0.00s Real=0.00s
[378.113s][info ][safepoint      ] Safepoint "ParallelGCFailedAllocation", Time since last: 1688940437 ns, Reaching safepoint: 9001 ns, Cleanup: 14701 ns, At safepoint: 4266550 ns, Total: 4290252 ns
[380.113s][info ][safepoint      ] Safepoint "Cleanup", Time since last: 2000166987 ns, Reaching safepoint: 79905 ns, Cleanup: 11000 ns, At safepoint: 6101 ns, Total: 97006 ns
[381.113s][info ][safepoint      ] Safepoint "Cleanup", Time since last: 1000117145 ns, Reaching safepoint: 75405 ns, Cleanup: 13400 ns, At safepoint: 7201 ns, Total: 96006 ns
[382.114s][info ][safepoint      ] Safepoint "Cleanup", Time since last: 1000119845 ns, Reaching safepoint: 78805 ns, Cleanup: 10401 ns, At safepoint: 7000 ns, Total: 96206 ns
[383.114s][info ][safepoint      ] Safepoint "Cleanup", Time since last: 1000143108 ns, Reaching safepoint: 78505 ns, Cleanup: 11401 ns, At safepoint: 7800 ns, Total: 97706 ns
[385.114s][info ][safepoint      ] Safepoint "Cleanup", Time since last: 2000209322 ns, Reaching safepoint: 79605 ns, Cleanup: 13801 ns, At safepoint: 11401 ns, Total: 104807 ns
[387.114s][info ][safepoint      ] Safepoint "Cleanup", Time since last: 2000214183 ns, Reaching safepoint: 10301 ns, Cleanup: 25501 ns, At safepoint: 3100 ns, Total: 38902 ns
[389.115s][info ][safepoint      ] Safepoint "Cleanup", Time since last: 2000217484 ns, Reaching safepoint: 8701 ns, Cleanup: 15101 ns, At safepoint: 2900 ns, Total: 26702 ns
[390.115s][info ][safepoint      ] Safepoint "Cleanup", Time since last: 1000104791 ns, Reaching safepoint: 87706 ns, Cleanup: 10000 ns, At safepoint: 9101 ns, Total: 106807 ns
[394.115s][info ][safepoint      ] Safepoint "Cleanup", Time since last: 4000376703 ns, Reaching safepoint: 7001 ns, Cleanup: 10600 ns, At safepoint: 2200 ns, Total: 19801 ns
[396.116s][info ][safepoint      ] Safepoint "Cleanup", Time since last: 2000195459 ns, Reaching safepoint: 80905 ns, Cleanup: 10501 ns, At safepoint: 6500 ns, Total: 97906 ns
[401.116s][info ][safepoint      ] Safepoint "Cleanup", Time since last: 5000377942 ns, Reaching safepoint: 84604 ns, Cleanup: 11401 ns, At safepoint: 8100 ns, Total: 104105 ns
[402.116s][info ][safepoint      ] Safepoint "Cleanup", Time since last: 1000132682 ns, Reaching safepoint: 7501 ns, Cleanup: 17601 ns, At safepoint: 3200 ns, Total: 28302 ns
[405.117s][info ][safepoint      ] Safepoint "Cleanup", Time since last: 3000313003 ns, Reaching safepoint: 6900 ns, Cleanup: 11901 ns, At safepoint: 3000 ns, Total: 21801 ns
[408.117s][info ][safepoint      ] Safepoint "Cleanup", Time since last: 3000275235 ns, Reaching safepoint: 6900 ns, Cleanup: 12901 ns, At safepoint: 3700 ns, Total: 23501 ns
[409.119s][info ][safepoint      ] Safepoint "Cleanup", Time since last: 1000128622 ns, Reaching safepoint: 2127531 ns, Cleanup: 20201 ns, At safepoint: 10801 ns, Total: 2158533 ns
[410.119s][info ][safepoint      ] Safepoint "Cleanup", Time since last: 1000154623 ns, Reaching safepoint: 9101 ns, Cleanup: 17201 ns, At safepoint: 3800 ns, Total: 30102 ns
[411.119s][info ][safepoint      ] Safepoint "Cleanup", Time since last: 1000145724 ns, Reaching safepoint: 8000 ns, Cleanup: 30602 ns, At safepoint: 2400 ns, Total: 41002 ns
[412.120s][info ][safepoint      ] Safepoint "Cleanup", Time since last: 1000225728 ns, Reaching safepoint: 82605 ns, Cleanup: 25602 ns, At safepoint: 12901 ns, Total: 121108 ns
[415.957s][info ][gc,start       ] GC(21) Pause Young (Allocation Failure)
[415.959s][debug][gc,phases      ] GC(21) Scavenge 2.832ms
[415.960s][debug][gc,ref         ] GC(21) ReferenceProcessor::execute queues: 1, RefProcThreadModel::Single, marks_oops_alive: false
[415.960s][debug][gc,ref         ] GC(21) Skipped KeepAliveFinalRefsPhase of Reference Processing: no references
[415.960s][debug][gc,ref         ] GC(21) ReferenceProcessor::execute queues: 1, RefProcThreadModel::Single, marks_oops_alive: false
[415.960s][debug][gc,phases      ] GC(21) Reference Processing 0.117ms
[415.960s][debug][gc,phases      ] GC(21)   VM Weak                        Min:  0.0, Avg:  0.0, Max:  0.0, Diff:  0.0, Sum:  0.0, Workers: 4
[415.960s][debug][gc,phases      ] GC(21)     Dead                           Min: 0, Avg:  0.0, Max: 0, Diff: 0, Sum: 0, Workers: 4
[415.960s][debug][gc,phases      ] GC(21)     Total                          Min: 0, Avg: 230.5, Max: 858, Diff: 858, Sum: 922, Workers: 4
[415.960s][debug][gc,phases      ] GC(21)   ObjectSynchronizer Weak        Min:  0.0, Avg:  0.0, Max:  0.0, Diff:  0.0, Sum:  0.0, Workers: 4
[415.960s][debug][gc,phases      ] GC(21)     Dead                           Min: 0, Avg:  0.0, Max: 0, Diff: 0, Sum: 0, Workers: 4
[415.960s][debug][gc,phases      ] GC(21)     Total                          Min: 0, Avg:  0.8, Max: 3, Diff: 3, Sum: 3, Workers: 4
[415.960s][debug][gc,phases      ] GC(21)   JVMTI Tag Weak OopStorage      Min:  0.0, Avg:  0.0, Max:  0.0, Diff:  0.0, Sum:  0.0, Workers: 4
[415.960s][debug][gc,phases      ] GC(21)     Dead                           Min: 0, Avg:  0.0, Max: 0, Diff: 0, Sum: 0, Workers: 4
[415.960s][debug][gc,phases      ] GC(21)     Total                          Min: 0, Avg:  0.0, Max: 0, Diff: 0, Sum: 0, Workers: 4
[415.960s][debug][gc,phases      ] GC(21)   StringTable Weak               Min:  0.0, Avg:  0.1, Max:  0.1, Diff:  0.1, Sum:  0.4, Workers: 4
[415.960s][debug][gc,phases      ] GC(21)     Dead                           Min: 0, Avg:  0.0, Max: 0, Diff: 0, Sum: 0, Workers: 4
[415.960s][debug][gc,phases      ] GC(21)     Total                          Min: 0, Avg: 11956.8, Max: 17856, Diff: 17856, Sum: 47827, Workers: 4
[415.960s][debug][gc,phases      ] GC(21)   ResolvedMethodTable Weak       Min:  0.0, Avg:  0.0, Max:  0.0, Diff:  0.0, Sum:  0.1, Workers: 4
[415.960s][debug][gc,phases      ] GC(21)     Dead                           Min: 0, Avg:  0.2, Max: 1, Diff: 1, Sum: 1, Workers: 4
[415.960s][debug][gc,phases      ] GC(21)     Total                          Min: 0, Avg: 3192.2, Max: 4705, Diff: 4705, Sum: 12769, Workers: 4
[415.960s][debug][gc,phases      ] GC(21)   JNI Weak                       Min:  0.0, Avg:  0.0, Max:  0.0, Diff:  0.0, Sum:  0.0, Workers: 4
[415.960s][debug][gc,phases      ] GC(21)     Dead                           Min: 0, Avg:  0.0, Max: 0, Diff: 0, Sum: 0, Workers: 4
[415.960s][debug][gc,phases      ] GC(21)     Total                          Min: 0, Avg: 12.0, Max: 48, Diff: 48, Sum: 48, Workers: 4
[415.960s][debug][gc,phases      ] GC(21)   StringDedup Table Weak         Min:  0.0, Avg:  0.0, Max:  0.0, Diff:  0.0, Sum:  0.0, Workers: 4
[415.960s][debug][gc,phases      ] GC(21)     Dead                           Min: 0, Avg:  0.0, Max: 0, Diff: 0, Sum: 0, Workers: 4
[415.960s][debug][gc,phases      ] GC(21)     Total                          Min: 0, Avg:  0.0, Max: 0, Diff: 0, Sum: 0, Workers: 4
[415.960s][debug][gc,phases      ] GC(21)   StringDedup Requests0 Weak     Min:  0.0, Avg:  0.0, Max:  0.0, Diff:  0.0, Sum:  0.0, Workers: 4
[415.960s][debug][gc,phases      ] GC(21)     Dead                           Min: 0, Avg:  0.0, Max: 0, Diff: 0, Sum: 0, Workers: 4
[415.960s][debug][gc,phases      ] GC(21)     Total                          Min: 0, Avg:  0.0, Max: 0, Diff: 0, Sum: 0, Workers: 4
[415.960s][debug][gc,phases      ] GC(21)   StringDedup Requests1 Weak     Min:  0.0, Avg:  0.0, Max:  0.0, Diff:  0.0, Sum:  0.0, Workers: 4
[415.960s][debug][gc,phases      ] GC(21)     Dead                           Min: 0, Avg:  0.0, Max: 0, Diff: 0, Sum: 0, Workers: 4
[415.960s][debug][gc,phases      ] GC(21)     Total                          Min: 0, Avg:  0.0, Max: 0, Diff: 0, Sum: 0, Workers: 4
[415.960s][debug][gc,phases      ] GC(21)   Weak JFR Old Object Samples    Min:  0.0, Avg:  0.0, Max:  0.0, Diff:  0.0, Sum:  0.0, Workers: 4
[415.960s][debug][gc,phases      ] GC(21)     Dead                           Min: 0, Avg:  0.0, Max: 0, Diff: 0, Sum: 0, Workers: 4
[415.960s][debug][gc,phases      ] GC(21)     Total                          Min: 0, Avg:  0.0, Max: 0, Diff: 0, Sum: 0, Workers: 4
[415.960s][debug][gc,phases      ] GC(21) Weak Processing 0.440ms
[415.960s][debug][gc,age         ] GC(21) Desired survivor size 234881024 bytes, new threshold 1 (max threshold 15)
[415.960s][info ][gc,heap        ] GC(21) PSYoungGen: 1591568K(1838592K)->3104K(1867776K) Eden: 1589248K(1589248K)->0K(1627648K) From: 2320K(249344K)->3104K(240128K)
[415.960s][info ][gc,heap        ] GC(21) ParOldGen: 257348K(257536K)->258076K(258560K)
[415.960s][info ][gc,metaspace   ] GC(21) Metaspace: 93879K(95040K)->93879K(95040K) NonClass: 79978K(80640K)->79978K(80640K) Class: 13901K(14400K)->13901K(14400K)
[415.960s][info ][gc             ] GC(21) Pause Young (Allocation Failure) 1805M->255M(2076M) 3.544ms
[415.960s][info ][gc,cpu         ] GC(21) User=0.01s Sys=0.00s Real=0.00s
[415.960s][info ][safepoint      ] Safepoint "ParallelGCFailedAllocation", Time since last: 3836629413 ns, Reaching safepoint: 81505 ns, Cleanup: 14601 ns, At safepoint: 3624510 ns, Total: 3720616 ns
[420.961s][info ][safepoint      ] Safepoint "Cleanup", Time since last: 5000656675 ns, Reaching safepoint: 79904 ns, Cleanup: 13301 ns, At safepoint: 7001 ns, Total: 100206 ns
[423.961s][info ][safepoint      ] Safepoint "Cleanup", Time since last: 3000358045 ns, Reaching safepoint: 86505 ns, Cleanup: 12901 ns, At safepoint: 8301 ns, Total: 107707 ns
[424.962s][info ][safepoint      ] Safepoint "Cleanup", Time since last: 1000137329 ns, Reaching safepoint: 81005 ns, Cleanup: 15501 ns, At safepoint: 10401 ns, Total: 106907 ns
[425.962s][info ][safepoint      ] Safepoint "Cleanup", Time since last: 1000140829 ns, Reaching safepoint: 81105 ns, Cleanup: 24202 ns, At safepoint: 7500 ns, Total: 112807 ns
[426.962s][info ][safepoint      ] Safepoint "Cleanup", Time since last: 1000148130 ns, Reaching safepoint: 81105 ns, Cleanup: 14601 ns, At safepoint: 6401 ns, Total: 102107 ns
[427.962s][info ][safepoint      ] Safepoint "Cleanup", Time since last: 1000134329 ns, Reaching safepoint: 85805 ns, Cleanup: 17901 ns, At safepoint: 7801 ns, Total: 111507 ns
[428.963s][info ][safepoint      ] Safepoint "Cleanup", Time since last: 1000148230 ns, Reaching safepoint: 95506 ns, Cleanup: 14201 ns, At safepoint: 8600 ns, Total: 118307 ns
[429.963s][info ][safepoint      ] Safepoint "Cleanup", Time since last: 1000145230 ns, Reaching safepoint: 88406 ns, Cleanup: 15501 ns, At safepoint: 10700 ns, Total: 114607 ns
[430.963s][info ][safepoint      ] Safepoint "Cleanup", Time since last: 1000123629 ns, Reaching safepoint: 10000 ns, Cleanup: 14401 ns, At safepoint: 4401 ns, Total: 28802 ns
[432.963s][info ][safepoint      ] Safepoint "Cleanup", Time since last: 2000255197 ns, Reaching safepoint: 8900 ns, Cleanup: 21602 ns, At safepoint: 12801 ns, Total: 43303 ns
[434.964s][info ][safepoint      ] Safepoint "Cleanup", Time since last: 2000205869 ns, Reaching safepoint: 85105 ns, Cleanup: 16501 ns, At safepoint: 6800 ns, Total: 108406 ns
[435.964s][info ][safepoint      ] Safepoint "Cleanup", Time since last: 1000131786 ns, Reaching safepoint: 84706 ns, Cleanup: 11600 ns, At safepoint: 5901 ns, Total: 102207 ns
[436.964s][info ][safepoint      ] Safepoint "Cleanup", Time since last: 1000124085 ns, Reaching safepoint: 79605 ns, Cleanup: 12201 ns, At safepoint: 6300 ns, Total: 98106 ns
[437.964s][info ][safepoint      ] Safepoint "Cleanup", Time since last: 1000123786 ns, Reaching safepoint: 80305 ns, Cleanup: 15401 ns, At safepoint: 7000 ns, Total: 102706 ns
[438.965s][info ][safepoint      ] Safepoint "Cleanup", Time since last: 1000111885 ns, Reaching safepoint: 7001 ns, Cleanup: 32002 ns, At safepoint: 2700 ns, Total: 41703 ns
[439.965s][info ][safepoint      ] Safepoint "Cleanup", Time since last: 1000103530 ns, Reaching safepoint: 81904 ns, Cleanup: 19701 ns, At safepoint: 8501 ns, Total: 110106 ns
[441.965s][info ][safepoint      ] Safepoint "Cleanup", Time since last: 2000188782 ns, Reaching safepoint: 87505 ns, Cleanup: 19801 ns, At safepoint: 20901 ns, Total: 128207 ns
[442.965s][info ][safepoint      ] Safepoint "Cleanup", Time since last: 1000139043 ns, Reaching safepoint: 8001 ns, Cleanup: 15501 ns, At safepoint: 3400 ns, Total: 26902 ns
[444.966s][info ][safepoint      ] Safepoint "Cleanup", Time since last: 2000215583 ns, Reaching safepoint: 103306 ns, Cleanup: 14001 ns, At safepoint: 13601 ns, Total: 130908 ns
[449.966s][info ][safepoint      ] Safepoint "Cleanup", Time since last: 5000396651 ns, Reaching safepoint: 8301 ns, Cleanup: 36402 ns, At safepoint: 3200 ns, Total: 47903 ns
[450.966s][info ][safepoint      ] Safepoint "Cleanup", Time since last: 1000132747 ns, Reaching safepoint: 8400 ns, Cleanup: 52903 ns, At safepoint: 3500 ns, Total: 64803 ns
[451.966s][info ][safepoint      ] Safepoint "Cleanup", Time since last: 1000138947 ns, Reaching safepoint: 81305 ns, Cleanup: 11800 ns, At safepoint: 10401 ns, Total: 103506 ns
[452.802s][info ][gc,start       ] GC(22) Pause Young (Allocation Failure)
[452.807s][debug][gc,phases      ] GC(22) Scavenge 4.601ms
[452.807s][debug][gc,ref         ] GC(22) ReferenceProcessor::execute queues: 1, RefProcThreadModel::Single, marks_oops_alive: false
[452.807s][debug][gc,ref         ] GC(22) Skipped KeepAliveFinalRefsPhase of Reference Processing: no references
[452.807s][debug][gc,ref         ] GC(22) ReferenceProcessor::execute queues: 1, RefProcThreadModel::Single, marks_oops_alive: false
[452.807s][debug][gc,phases      ] GC(22) Reference Processing 0.133ms
[452.807s][debug][gc,phases      ] GC(22)   VM Weak                        Min:  0.0, Avg:  0.0, Max:  0.0, Diff:  0.0, Sum:  0.0, Workers: 4
[452.807s][debug][gc,phases      ] GC(22)     Dead                           Min: 0, Avg:  0.0, Max: 0, Diff: 0, Sum: 0, Workers: 4
[452.807s][debug][gc,phases      ] GC(22)     Total                          Min: 0, Avg: 230.5, Max: 768, Diff: 768, Sum: 922, Workers: 4
[452.807s][debug][gc,phases      ] GC(22)   ObjectSynchronizer Weak        Min:  0.0, Avg:  0.0, Max:  0.0, Diff:  0.0, Sum:  0.0, Workers: 4
[452.807s][debug][gc,phases      ] GC(22)     Dead                           Min: 0, Avg:  0.0, Max: 0, Diff: 0, Sum: 0, Workers: 4
[452.807s][debug][gc,phases      ] GC(22)     Total                          Min: 0, Avg:  1.0, Max: 4, Diff: 4, Sum: 4, Workers: 4
[452.807s][debug][gc,phases      ] GC(22)   JVMTI Tag Weak OopStorage      Min:  0.0, Avg:  0.0, Max:  0.0, Diff:  0.0, Sum:  0.0, Workers: 4
[452.807s][debug][gc,phases      ] GC(22)     Dead                           Min: 0, Avg:  0.0, Max: 0, Diff: 0, Sum: 0, Workers: 4
[452.807s][debug][gc,phases      ] GC(22)     Total                          Min: 0, Avg:  0.0, Max: 0, Diff: 0, Sum: 0, Workers: 4
[452.807s][debug][gc,phases      ] GC(22)   StringTable Weak               Min:  0.0, Avg:  0.1, Max:  0.2, Diff:  0.2, Sum:  0.5, Workers: 4
[452.807s][debug][gc,phases      ] GC(22)     Dead                           Min: 0, Avg:  0.2, Max: 1, Diff: 1, Sum: 1, Workers: 4
[452.807s][debug][gc,phases      ] GC(22)     Total                          Min: 0, Avg: 11961.5, Max: 17792, Diff: 17792, Sum: 47846, Workers: 4
[452.807s][debug][gc,phases      ] GC(22)   ResolvedMethodTable Weak       Min:  0.0, Avg:  0.0, Max:  0.0, Diff:  0.0, Sum:  0.1, Workers: 4
[452.807s][debug][gc,phases      ] GC(22)     Dead                           Min: 0, Avg:  2.0, Max: 4, Diff: 4, Sum: 8, Workers: 4
[452.807s][debug][gc,phases      ] GC(22)     Total                          Min: 0, Avg: 3196.8, Max: 5067, Diff: 5067, Sum: 12787, Workers: 4
[452.807s][debug][gc,phases      ] GC(22)   JNI Weak                       Min:  0.0, Avg:  0.0, Max:  0.0, Diff:  0.0, Sum:  0.0, Workers: 4
[452.807s][debug][gc,phases      ] GC(22)     Dead                           Min: 0, Avg:  0.0, Max: 0, Diff: 0, Sum: 0, Workers: 4
[452.807s][debug][gc,phases      ] GC(22)     Total                          Min: 0, Avg: 12.2, Max: 49, Diff: 49, Sum: 49, Workers: 4
[452.807s][debug][gc,phases      ] GC(22)   StringDedup Table Weak         Min:  0.0, Avg:  0.0, Max:  0.0, Diff:  0.0, Sum:  0.0, Workers: 4
[452.807s][debug][gc,phases      ] GC(22)     Dead                           Min: 0, Avg:  0.0, Max: 0, Diff: 0, Sum: 0, Workers: 4
[452.807s][debug][gc,phases      ] GC(22)     Total                          Min: 0, Avg:  0.0, Max: 0, Diff: 0, Sum: 0, Workers: 4
[452.807s][debug][gc,phases      ] GC(22)   StringDedup Requests0 Weak     Min:  0.0, Avg:  0.0, Max:  0.0, Diff:  0.0, Sum:  0.0, Workers: 4
[452.807s][debug][gc,phases      ] GC(22)     Dead                           Min: 0, Avg:  0.0, Max: 0, Diff: 0, Sum: 0, Workers: 4
[452.807s][debug][gc,phases      ] GC(22)     Total                          Min: 0, Avg:  0.0, Max: 0, Diff: 0, Sum: 0, Workers: 4
[452.807s][debug][gc,phases      ] GC(22)   StringDedup Requests1 Weak     Min:  0.0, Avg:  0.0, Max:  0.0, Diff:  0.0, Sum:  0.0, Workers: 4
[452.807s][debug][gc,phases      ] GC(22)     Dead                           Min: 0, Avg:  0.0, Max: 0, Diff: 0, Sum: 0, Workers: 4
[452.807s][debug][gc,phases      ] GC(22)     Total                          Min: 0, Avg:  0.0, Max: 0, Diff: 0, Sum: 0, Workers: 4
[452.807s][debug][gc,phases      ] GC(22)   Weak JFR Old Object Samples    Min:  0.0, Avg:  0.0, Max:  0.0, Diff:  0.0, Sum:  0.0, Workers: 4
[452.807s][debug][gc,phases      ] GC(22)     Dead                           Min: 0, Avg:  0.0, Max: 0, Diff: 0, Sum: 0, Workers: 4
[452.807s][debug][gc,phases      ] GC(22)     Total                          Min: 0, Avg:  0.0, Max: 0, Diff: 0, Sum: 0, Workers: 4
[452.807s][debug][gc,phases      ] GC(22) Weak Processing 0.450ms
[452.807s][debug][gc,age         ] GC(22) Desired survivor size 223870976 bytes, new threshold 1 (max threshold 15)
[452.808s][info ][gc,heap        ] GC(22) PSYoungGen: 1630752K(1867776K)->5584K(1857024K) Eden: 1627648K(1627648K)->0K(1627648K) From: 3104K(240128K)->5584K(229376K)
[452.808s][info ][gc,heap        ] GC(22) ParOldGen: 258076K(258560K)->258689K(259072K)
[452.808s][info ][gc,metaspace   ] GC(22) Metaspace: 93957K(95168K)->93957K(95168K) NonClass: 80045K(80704K)->80045K(80704K) Class: 13912K(14464K)->13912K(14464K)
[452.808s][info ][gc             ] GC(22) Pause Young (Allocation Failure) 1844M->258M(2066M) 5.331ms
[452.808s][info ][gc,cpu         ] GC(22) User=0.02s Sys=0.00s Real=0.01s
[452.808s][info ][safepoint      ] Safepoint "ParallelGCFailedAllocation", Time since last: 835640887 ns, Reaching safepoint: 82605 ns, Cleanup: 15901 ns, At safepoint: 5416626 ns, Total: 5515132 ns
[453.808s][info ][safepoint      ] Safepoint "Cleanup", Time since last: 1000127382 ns, Reaching safepoint: 146409 ns, Cleanup: 68304 ns, At safepoint: 23201 ns, Total: 237914 ns
[454.808s][info ][safepoint      ] Safepoint "Cleanup", Time since last: 1000179185 ns, Reaching safepoint: 88406 ns, Cleanup: 12300 ns, At safepoint: 6901 ns, Total: 107607 ns
[455.808s][info ][safepoint      ] Safepoint "Cleanup", Time since last: 1000153151 ns, Reaching safepoint: 70404 ns, Cleanup: 17601 ns, At safepoint: 9100 ns, Total: 97105 ns
[456.809s][info ][safepoint      ] Safepoint "Cleanup", Time since last: 1000132576 ns, Reaching safepoint: 83504 ns, Cleanup: 32502 ns, At safepoint: 8101 ns, Total: 124107 ns
[457.809s][info ][safepoint      ] Safepoint "Cleanup", Time since last: 1000125075 ns, Reaching safepoint: 79404 ns, Cleanup: 16201 ns, At safepoint: 6700 ns, Total: 102305 ns
[458.809s][info ][safepoint      ] Safepoint "Cleanup", Time since last: 1000131276 ns, Reaching safepoint: 82704 ns, Cleanup: 26602 ns, At safepoint: 8500 ns, Total: 117806 ns
[459.810s][info ][safepoint      ] Safepoint "Cleanup", Time since last: 1000132576 ns, Reaching safepoint: 170109 ns, Cleanup: 29702 ns, At safepoint: 8200 ns, Total: 208011 ns
[460.810s][info ][safepoint      ] Safepoint "Cleanup", Time since last: 1000142576 ns, Reaching safepoint: 88305 ns, Cleanup: 25401 ns, At safepoint: 8101 ns, Total: 121807 ns
[461.810s][info ][safepoint      ] Safepoint "Cleanup", Time since last: 1000129285 ns, Reaching safepoint: 84805 ns, Cleanup: 92906 ns, At safepoint: 7200 ns, Total: 184911 ns
[462.810s][info ][safepoint      ] Safepoint "Cleanup", Time since last: 1000112723 ns, Reaching safepoint: 79305 ns, Cleanup: 64704 ns, At safepoint: 7500 ns, Total: 151509 ns
[463.811s][info ][safepoint      ] Safepoint "Cleanup", Time since last: 1000125106 ns, Reaching safepoint: 91806 ns, Cleanup: 23401 ns, At safepoint: 7901 ns, Total: 123108 ns
[464.811s][info ][safepoint      ] Safepoint "Cleanup", Time since last: 1000159367 ns, Reaching safepoint: 86306 ns, Cleanup: 13700 ns, At safepoint: 8001 ns, Total: 108007 ns
[465.811s][info ][safepoint      ] Safepoint "Cleanup", Time since last: 1000125965 ns, Reaching safepoint: 86506 ns, Cleanup: 20201 ns, At safepoint: 9900 ns, Total: 116607 ns
[466.811s][info ][safepoint      ] Safepoint "Cleanup", Time since last: 1000158868 ns, Reaching safepoint: 84305 ns, Cleanup: 14901 ns, At safepoint: 9000 ns, Total: 108206 ns
[467.812s][info ][safepoint      ] Safepoint "Cleanup", Time since last: 1000133866 ns, Reaching safepoint: 80205 ns, Cleanup: 11901 ns, At safepoint: 7100 ns, Total: 99206 ns
[468.812s][info ][safepoint      ] Safepoint "Cleanup", Time since last: 1000113365 ns, Reaching safepoint: 77804 ns, Cleanup: 8701 ns, At safepoint: 5800 ns, Total: 92305 ns
[469.812s][info ][safepoint      ] Safepoint "Cleanup", Time since last: 1000114665 ns, Reaching safepoint: 84805 ns, Cleanup: 18501 ns, At safepoint: 7301 ns, Total: 110607 ns
[472.812s][info ][safepoint      ] Safepoint "Cleanup", Time since last: 3000297239 ns, Reaching safepoint: 81304 ns, Cleanup: 14001 ns, At safepoint: 7001 ns, Total: 102306 ns
[473.157s][info ][gc,start       ] GC(23) Pause Young (Allocation Failure)
[473.178s][debug][gc,phases      ] GC(23) Scavenge 21.051ms
[473.178s][debug][gc,ref         ] GC(23) ReferenceProcessor::execute queues: 1, RefProcThreadModel::Single, marks_oops_alive: false
[473.178s][debug][gc,ref         ] GC(23) Skipped KeepAliveFinalRefsPhase of Reference Processing: no references
[473.178s][debug][gc,ref         ] GC(23) ReferenceProcessor::execute queues: 1, RefProcThreadModel::Single, marks_oops_alive: false
[473.178s][debug][gc,phases      ] GC(23) Reference Processing 0.123ms
[473.178s][debug][gc,phases      ] GC(23)   VM Weak                        Min:  0.0, Avg:  0.0, Max:  0.0, Diff:  0.0, Sum:  0.0, Workers: 4
[473.178s][debug][gc,phases      ] GC(23)     Dead                           Min: 0, Avg:  0.0, Max: 0, Diff: 0, Sum: 0, Workers: 4
[473.178s][debug][gc,phases      ] GC(23)     Total                          Min: 0, Avg: 230.5, Max: 666, Diff: 666, Sum: 922, Workers: 4
[473.178s][debug][gc,phases      ] GC(23)   ObjectSynchronizer Weak        Min:  0.0, Avg:  0.0, Max:  0.0, Diff:  0.0, Sum:  0.0, Workers: 4
[473.178s][debug][gc,phases      ] GC(23)     Dead                           Min: 0, Avg:  0.0, Max: 0, Diff: 0, Sum: 0, Workers: 4
[473.178s][debug][gc,phases      ] GC(23)     Total                          Min: 0, Avg:  1.0, Max: 4, Diff: 4, Sum: 4, Workers: 4
[473.178s][debug][gc,phases      ] GC(23)   JVMTI Tag Weak OopStorage      Min:  0.0, Avg:  0.0, Max:  0.0, Diff:  0.0, Sum:  0.0, Workers: 4
[473.178s][debug][gc,phases      ] GC(23)     Dead                           Min: 0, Avg:  0.0, Max: 0, Diff: 0, Sum: 0, Workers: 4
[473.178s][debug][gc,phases      ] GC(23)     Total                          Min: 0, Avg:  0.0, Max: 0, Diff: 0, Sum: 0, Workers: 4
[473.178s][debug][gc,phases      ] GC(23)   StringTable Weak               Min:  0.0, Avg:  0.1, Max:  0.3, Diff:  0.3, Sum:  0.5, Workers: 4
[473.178s][debug][gc,phases      ] GC(23)     Dead                           Min: 0, Avg:  0.0, Max: 0, Diff: 0, Sum: 0, Workers: 4
[473.178s][debug][gc,phases      ] GC(23)     Total                          Min: 0, Avg: 11970.0, Max: 27008, Diff: 27008, Sum: 47880, Workers: 4
[473.178s][debug][gc,phases      ] GC(23)   ResolvedMethodTable Weak       Min:  0.0, Avg:  0.0, Max:  0.1, Diff:  0.1, Sum:  0.1, Workers: 4
[473.178s][debug][gc,phases      ] GC(23)     Dead                           Min: 0, Avg:  0.8, Max: 3, Diff: 3, Sum: 3, Workers: 4
[473.178s][debug][gc,phases      ] GC(23)     Total                          Min: 0, Avg: 3199.8, Max: 6879, Diff: 6879, Sum: 12799, Workers: 4
[473.178s][debug][gc,phases      ] GC(23)   JNI Weak                       Min:  0.0, Avg:  0.0, Max:  0.0, Diff:  0.0, Sum:  0.0, Workers: 4
[473.178s][debug][gc,phases      ] GC(23)     Dead                           Min: 0, Avg:  0.0, Max: 0, Diff: 0, Sum: 0, Workers: 4
[473.178s][debug][gc,phases      ] GC(23)     Total                          Min: 0, Avg: 12.2, Max: 49, Diff: 49, Sum: 49, Workers: 4
[473.178s][debug][gc,phases      ] GC(23)   StringDedup Table Weak         Min:  0.0, Avg:  0.0, Max:  0.0, Diff:  0.0, Sum:  0.0, Workers: 4
[473.178s][debug][gc,phases      ] GC(23)     Dead                           Min: 0, Avg:  0.0, Max: 0, Diff: 0, Sum: 0, Workers: 4
[473.178s][debug][gc,phases      ] GC(23)     Total                          Min: 0, Avg:  0.0, Max: 0, Diff: 0, Sum: 0, Workers: 4
[473.178s][debug][gc,phases      ] GC(23)   StringDedup Requests0 Weak     Min:  0.0, Avg:  0.0, Max:  0.0, Diff:  0.0, Sum:  0.0, Workers: 4
[473.178s][debug][gc,phases      ] GC(23)     Dead                           Min: 0, Avg:  0.0, Max: 0, Diff: 0, Sum: 0, Workers: 4
[473.178s][debug][gc,phases      ] GC(23)     Total                          Min: 0, Avg:  0.0, Max: 0, Diff: 0, Sum: 0, Workers: 4
[473.178s][debug][gc,phases      ] GC(23)   StringDedup Requests1 Weak     Min:  0.0, Avg:  0.0, Max:  0.0, Diff:  0.0, Sum:  0.0, Workers: 4
[473.179s][debug][gc,phases      ] GC(23)     Dead                           Min: 0, Avg:  0.0, Max: 0, Diff: 0, Sum: 0, Workers: 4
[473.179s][debug][gc,phases      ] GC(23)     Total                          Min: 0, Avg:  0.0, Max: 0, Diff: 0, Sum: 0, Workers: 4
[473.179s][debug][gc,phases      ] GC(23)   Weak JFR Old Object Samples    Min:  0.0, Avg:  0.0, Max:  0.0, Diff:  0.0, Sum:  0.0, Workers: 4
[473.179s][debug][gc,phases      ] GC(23)     Dead                           Min: 0, Avg:  0.0, Max: 0, Diff: 0, Sum: 0, Workers: 4
[473.179s][debug][gc,phases      ] GC(23)     Total                          Min: 0, Avg:  0.0, Max: 0, Diff: 0, Sum: 0, Workers: 4
[473.179s][debug][gc,phases      ] GC(23) Weak Processing 0.598ms
[473.179s][debug][gc,age         ] GC(23) Desired survivor size 209190912 bytes, new threshold 1 (max threshold 15)
[473.179s][info ][gc,heap        ] GC(23) PSYoungGen: 1633232K(1857024K)->24355K(1892864K) Eden: 1627648K(1627648K)->0K(1674240K) From: 5584K(229376K)->24355K(218624K)
[473.179s][info ][gc,heap        ] GC(23) ParOldGen: 258689K(259072K)->261977K(262144K)
[473.179s][info ][gc,metaspace   ] GC(23) Metaspace: 94059K(95296K)->94059K(95296K) NonClass: 80141K(80832K)->80141K(80832K) Class: 13918K(14464K)->13918K(14464K)
[473.179s][info ][gc             ] GC(23) Pause Young (Allocation Failure) 1847M->279M(2104M) 21.949ms
[473.179s][info ][gc,cpu         ] GC(23) User=0.06s Sys=0.00s Real=0.02s
[473.179s][info ][safepoint      ] Safepoint "ParallelGCFailedAllocation", Time since last: 343935300 ns, Reaching safepoint: 154909 ns, Cleanup: 21001 ns, At safepoint: 22048608 ns, Total: 22224518 ns
[474.179s][info ][safepoint      ] Safepoint "Cleanup", Time since last: 1000114121 ns, Reaching safepoint: 8401 ns, Cleanup: 15801 ns, At safepoint: 3300 ns, Total: 27502 ns
[475.179s][info ][safepoint      ] Safepoint "Cleanup", Time since last: 1000147623 ns, Reaching safepoint: 8201 ns, Cleanup: 25201 ns, At safepoint: 3800 ns, Total: 37202 ns
[477.179s][info ][safepoint      ] Safepoint "Cleanup", Time since last: 2000178039 ns, Reaching safepoint: 9101 ns, Cleanup: 14901 ns, At safepoint: 3000 ns, Total: 27002 ns
[479.179s][info ][safepoint      ] Safepoint "Cleanup", Time since last: 2000216442 ns, Reaching safepoint: 21301 ns, Cleanup: 37102 ns, At safepoint: 6000 ns, Total: 64403 ns
[480.180s][info ][safepoint      ] Safepoint "Cleanup", Time since last: 1000128217 ns, Reaching safepoint: 11401 ns, Cleanup: 14901 ns, At safepoint: 3000 ns, Total: 29302 ns
[481.218s][info ][safepoint      ] Safepoint "Cleanup", Time since last: 1038295015 ns, Reaching safepoint: 9200 ns, Cleanup: 16801 ns, At safepoint: 4000 ns, Total: 30001 ns
[482.218s][info ][safepoint      ] Safepoint "Cleanup", Time since last: 1000130624 ns, Reaching safepoint: 8200 ns, Cleanup: 12801 ns, At safepoint: 3900 ns, Total: 24901 ns
[483.218s][info ][safepoint      ] Safepoint "Cleanup", Time since last: 1000123423 ns, Reaching safepoint: 8100 ns, Cleanup: 20902 ns, At safepoint: 3000 ns, Total: 32002 ns
[484.219s][info ][safepoint      ] Safepoint "Cleanup", Time since last: 1000130923 ns, Reaching safepoint: 84205 ns, Cleanup: 62904 ns, At safepoint: 9400 ns, Total: 156509 ns
[485.219s][info ][safepoint      ] Safepoint "Cleanup", Time since last: 1000140524 ns, Reaching safepoint: 8300 ns, Cleanup: 19302 ns, At safepoint: 7800 ns, Total: 35402 ns
[486.219s][info ][safepoint      ] Safepoint "Cleanup", Time since last: 1000138824 ns, Reaching safepoint: 13301 ns, Cleanup: 19001 ns, At safepoint: 3900 ns, Total: 36202 ns
[487.219s][info ][safepoint      ] Safepoint "Cleanup", Time since last: 1000081720 ns, Reaching safepoint: 8201 ns, Cleanup: 11200 ns, At safepoint: 3301 ns, Total: 22702 ns
[489.219s][info ][safepoint      ] Safepoint "Cleanup", Time since last: 2000189251 ns, Reaching safepoint: 8101 ns, Cleanup: 13100 ns, At safepoint: 3101 ns, Total: 24302 ns
[493.220s][info ][safepoint      ] Safepoint "Cleanup", Time since last: 4000303353 ns, Reaching safepoint: 9001 ns, Cleanup: 13501 ns, At safepoint: 4600 ns, Total: 27102 ns
[494.220s][info ][safepoint      ] Safepoint "Cleanup", Time since last: 1000143817 ns, Reaching safepoint: 8901 ns, Cleanup: 11501 ns, At safepoint: 3500 ns, Total: 23902 ns
[495.220s][info ][safepoint      ] Safepoint "Cleanup", Time since last: 1000129416 ns, Reaching safepoint: 9101 ns, Cleanup: 14401 ns, At safepoint: 3300 ns, Total: 26802 ns
[497.220s][info ][safepoint      ] Safepoint "Cleanup", Time since last: 2000240696 ns, Reaching safepoint: 101806 ns, Cleanup: 40802 ns, At safepoint: 34002 ns, Total: 176610 ns
[498.220s][info ][safepoint      ] Safepoint "Cleanup", Time since last: 1000167258 ns, Reaching safepoint: 10301 ns, Cleanup: 19501 ns, At safepoint: 3100 ns, Total: 32902 ns
[499.221s][info ][safepoint      ] Safepoint "Cleanup", Time since last: 1000126256 ns, Reaching safepoint: 8000 ns, Cleanup: 12001 ns, At safepoint: 7000 ns, Total: 27001 ns
[500.221s][info ][safepoint      ] Safepoint "Cleanup", Time since last: 1000113655 ns, Reaching safepoint: 8301 ns, Cleanup: 15501 ns, At safepoint: 2700 ns, Total: 26502 ns
[501.221s][info ][safepoint      ] Safepoint "Cleanup", Time since last: 1000135856 ns, Reaching safepoint: 7801 ns, Cleanup: 12100 ns, At safepoint: 3000 ns, Total: 22901 ns
[503.221s][info ][safepoint      ] Safepoint "Cleanup", Time since last: 2000241256 ns, Reaching safepoint: 10601 ns, Cleanup: 18001 ns, At safepoint: 3200 ns, Total: 31802 ns
[504.221s][info ][safepoint      ] Safepoint "Cleanup", Time since last: 1000131896 ns, Reaching safepoint: 7800 ns, Cleanup: 43703 ns, At safepoint: 3200 ns, Total: 54703 ns
[506.222s][info ][safepoint      ] Safepoint "Cleanup", Time since last: 2000207235 ns, Reaching safepoint: 12401 ns, Cleanup: 22801 ns, At safepoint: 3100 ns, Total: 38302 ns
[507.222s][info ][safepoint      ] Safepoint "Cleanup", Time since last: 1000150821 ns, Reaching safepoint: 12200 ns, Cleanup: 16101 ns, At safepoint: 4801 ns, Total: 33102 ns
[508.989s][info ][gc,start       ] GC(24) Pause Young (Allocation Failure)
[509.009s][debug][gc,phases      ] GC(24) Scavenge 19.689ms
[509.009s][debug][gc,ref         ] GC(24) ReferenceProcessor::execute queues: 1, RefProcThreadModel::Single, marks_oops_alive: false
[509.009s][debug][gc,ref         ] GC(24) Skipped KeepAliveFinalRefsPhase of Reference Processing: no references
[509.009s][debug][gc,ref         ] GC(24) ReferenceProcessor::execute queues: 1, RefProcThreadModel::Single, marks_oops_alive: false
[509.009s][debug][gc,phases      ] GC(24) Reference Processing 0.119ms
[509.010s][debug][gc,phases      ] GC(24)   VM Weak                        Min:  0.0, Avg:  0.0, Max:  0.0, Diff:  0.0, Sum:  0.0, Workers: 4
[509.010s][debug][gc,phases      ] GC(24)     Dead                           Min: 0, Avg:  0.0, Max: 0, Diff: 0, Sum: 0, Workers: 4
[509.010s][debug][gc,phases      ] GC(24)     Total                          Min: 0, Avg: 230.5, Max: 512, Diff: 512, Sum: 922, Workers: 4
[509.010s][debug][gc,phases      ] GC(24)   ObjectSynchronizer Weak        Min:  0.0, Avg:  0.0, Max:  0.0, Diff:  0.0, Sum:  0.0, Workers: 4
[509.010s][debug][gc,phases      ] GC(24)     Dead                           Min: 0, Avg:  0.0, Max: 0, Diff: 0, Sum: 0, Workers: 4
[509.010s][debug][gc,phases      ] GC(24)     Total                          Min: 0, Avg:  1.0, Max: 4, Diff: 4, Sum: 4, Workers: 4
[509.010s][debug][gc,phases      ] GC(24)   JVMTI Tag Weak OopStorage      Min:  0.0, Avg:  0.0, Max:  0.0, Diff:  0.0, Sum:  0.0, Workers: 4
[509.010s][debug][gc,phases      ] GC(24)     Dead                           Min: 0, Avg:  0.0, Max: 0, Diff: 0, Sum: 0, Workers: 4
[509.010s][debug][gc,phases      ] GC(24)     Total                          Min: 0, Avg:  0.0, Max: 0, Diff: 0, Sum: 0, Workers: 4
[509.010s][debug][gc,phases      ] GC(24)   StringTable Weak               Min:  0.0, Avg:  0.1, Max:  0.2, Diff:  0.2, Sum:  0.4, Workers: 4
[509.010s][debug][gc,phases      ] GC(24)     Dead                           Min: 0, Avg:  0.0, Max: 0, Diff: 0, Sum: 0, Workers: 4
[509.010s][debug][gc,phases      ] GC(24)     Total                          Min: 0, Avg: 11977.2, Max: 25893, Diff: 25893, Sum: 47909, Workers: 4
[509.010s][debug][gc,phases      ] GC(24)   ResolvedMethodTable Weak       Min:  0.0, Avg:  0.0, Max:  0.1, Diff:  0.1, Sum:  0.1, Workers: 4
[509.010s][debug][gc,phases      ] GC(24)     Dead                           Min: 0, Avg:  0.5, Max: 2, Diff: 2, Sum: 2, Workers: 4
[509.010s][debug][gc,phases      ] GC(24)     Total                          Min: 0, Avg: 3201.0, Max: 6889, Diff: 6889, Sum: 12804, Workers: 4
[509.010s][debug][gc,phases      ] GC(24)   JNI Weak                       Min:  0.0, Avg:  0.0, Max:  0.0, Diff:  0.0, Sum:  0.0, Workers: 4
[509.010s][debug][gc,phases      ] GC(24)     Dead                           Min: 0, Avg:  0.0, Max: 0, Diff: 0, Sum: 0, Workers: 4
[509.010s][debug][gc,phases      ] GC(24)     Total                          Min: 0, Avg: 12.2, Max: 49, Diff: 49, Sum: 49, Workers: 4
[509.010s][debug][gc,phases      ] GC(24)   StringDedup Table Weak         Min:  0.0, Avg:  0.0, Max:  0.0, Diff:  0.0, Sum:  0.0, Workers: 4
[509.010s][debug][gc,phases      ] GC(24)     Dead                           Min: 0, Avg:  0.0, Max: 0, Diff: 0, Sum: 0, Workers: 4
[509.010s][debug][gc,phases      ] GC(24)     Total                          Min: 0, Avg:  0.0, Max: 0, Diff: 0, Sum: 0, Workers: 4
[509.010s][debug][gc,phases      ] GC(24)   StringDedup Requests0 Weak     Min:  0.0, Avg:  0.0, Max:  0.0, Diff:  0.0, Sum:  0.0, Workers: 4
[509.010s][debug][gc,phases      ] GC(24)     Dead                           Min: 0, Avg:  0.0, Max: 0, Diff: 0, Sum: 0, Workers: 4
[509.010s][debug][gc,phases      ] GC(24)     Total                          Min: 0, Avg:  0.0, Max: 0, Diff: 0, Sum: 0, Workers: 4
[509.010s][debug][gc,phases      ] GC(24)   StringDedup Requests1 Weak     Min:  0.0, Avg:  0.0, Max:  0.0, Diff:  0.0, Sum:  0.0, Workers: 4
[509.010s][debug][gc,phases      ] GC(24)     Dead                           Min: 0, Avg:  0.0, Max: 0, Diff: 0, Sum: 0, Workers: 4
[509.010s][debug][gc,phases      ] GC(24)     Total                          Min: 0, Avg:  0.0, Max: 0, Diff: 0, Sum: 0, Workers: 4
[509.010s][debug][gc,phases      ] GC(24)   Weak JFR Old Object Samples    Min:  0.0, Avg:  0.0, Max:  0.0, Diff:  0.0, Sum:  0.0, Workers: 4
[509.010s][debug][gc,phases      ] GC(24)     Dead                           Min: 0, Avg:  0.0, Max: 0, Diff: 0, Sum: 0, Workers: 4
[509.010s][debug][gc,phases      ] GC(24)     Total                          Min: 0, Avg:  0.0, Max: 0, Diff: 0, Sum: 0, Workers: 4
[509.010s][debug][gc,phases      ] GC(24) Weak Processing 0.565ms
[509.010s][debug][gc,age         ] GC(24) Desired survivor size 199229440 bytes, new threshold 1 (max threshold 15)
[509.010s][info ][gc,heap        ] GC(24) PSYoungGen: 1698595K(1892864K)->4464K(1878528K) Eden: 1674240K(1674240K)->0K(1674240K) From: 24355K(218624K)->4464K(204288K)
[509.010s][info ][gc,heap        ] GC(24) ParOldGen: 261977K(262144K)->284245K(284672K)
[509.010s][info ][gc,metaspace   ] GC(24) Metaspace: 94140K(95360K)->94140K(95360K) NonClass: 80219K(80896K)->80219K(80896K) Class: 13920K(14464K)->13920K(14464K)
[509.010s][info ][gc             ] GC(24) Pause Young (Allocation Failure) 1914M->281M(2112M) 20.545ms
[509.010s][info ][gc,cpu         ] GC(24) User=0.05s Sys=0.00s Real=0.02s
[509.010s][info ][safepoint      ] Safepoint "ParallelGCFailedAllocation", Time since last: 1767388500 ns, Reaching safepoint: 69904 ns, Cleanup: 3300 ns, At safepoint: 20637753 ns, Total: 20710957 ns
[510.010s][info ][safepoint      ] Safepoint "Cleanup", Time since last: 1000100717 ns, Reaching safepoint: 82005 ns, Cleanup: 12101 ns, At safepoint: 7601 ns, Total: 101707 ns
[511.010s][info ][safepoint      ] Safepoint "Cleanup", Time since last: 1000119918 ns, Reaching safepoint: 85605 ns, Cleanup: 11201 ns, At safepoint: 7400 ns, Total: 104206 ns
[513.011s][info ][safepoint      ] Safepoint "Cleanup", Time since last: 2000222485 ns, Reaching safepoint: 86005 ns, Cleanup: 14001 ns, At safepoint: 7700 ns, Total: 107706 ns
[514.011s][info ][safepoint      ] Safepoint "Cleanup", Time since last: 1000139172 ns, Reaching safepoint: 84905 ns, Cleanup: 12601 ns, At safepoint: 7800 ns, Total: 105306 ns
[515.011s][info ][safepoint      ] Safepoint "Cleanup", Time since last: 1000136372 ns, Reaching safepoint: 35602 ns, Cleanup: 11801 ns, At safepoint: 8000 ns, Total: 55403 ns
[516.011s][info ][safepoint      ] Safepoint "Cleanup", Time since last: 1000137972 ns, Reaching safepoint: 82505 ns, Cleanup: 12901 ns, At safepoint: 7200 ns, Total: 102606 ns
[520.012s][info ][safepoint      ] Safepoint "Cleanup", Time since last: 4000418981 ns, Reaching safepoint: 86305 ns, Cleanup: 17501 ns, At safepoint: 8001 ns, Total: 111807 ns
[522.012s][info ][safepoint      ] Safepoint "Cleanup", Time since last: 2000226408 ns, Reaching safepoint: 96005 ns, Cleanup: 10201 ns, At safepoint: 8400 ns, Total: 114606 ns
[525.013s][info ][safepoint      ] Safepoint "Cleanup", Time since last: 3000287609 ns, Reaching safepoint: 83505 ns, Cleanup: 11300 ns, At safepoint: 6901 ns, Total: 101706 ns
[527.013s][info ][safepoint      ] Safepoint "Cleanup", Time since last: 2000204306 ns, Reaching safepoint: 7800 ns, Cleanup: 18902 ns, At safepoint: 3200 ns, Total: 29902 ns
[528.013s][info ][safepoint      ] Safepoint "Cleanup", Time since last: 1000170182 ns, Reaching safepoint: 135908 ns, Cleanup: 12501 ns, At safepoint: 6000 ns, Total: 154409 ns
[529.013s][info ][safepoint      ] Safepoint "Cleanup", Time since last: 1000134956 ns, Reaching safepoint: 82405 ns, Cleanup: 21502 ns, At safepoint: 6700 ns, Total: 110607 ns
[530.014s][info ][safepoint      ] Safepoint "Cleanup", Time since last: 1000111955 ns, Reaching safepoint: 7200 ns, Cleanup: 19901 ns, At safepoint: 2601 ns, Total: 29702 ns
[531.014s][info ][safepoint      ] Safepoint "Cleanup", Time since last: 1000127556 ns, Reaching safepoint: 7100 ns, Cleanup: 11701 ns, At safepoint: 2700 ns, Total: 21501 ns
[532.014s][info ][safepoint      ] Safepoint "Cleanup", Time since last: 1000111455 ns, Reaching safepoint: 6200 ns, Cleanup: 8701 ns, At safepoint: 2300 ns, Total: 17201 ns
[533.014s][info ][safepoint      ] Safepoint "Cleanup", Time since last: 1000115155 ns, Reaching safepoint: 80905 ns, Cleanup: 22001 ns, At safepoint: 8200 ns, Total: 111106 ns
[535.014s][info ][safepoint      ] Safepoint "Cleanup", Time since last: 2000198609 ns, Reaching safepoint: 6700 ns, Cleanup: 10901 ns, At safepoint: 3300 ns, Total: 20901 ns
[536.014s][info ][safepoint      ] Safepoint "Cleanup", Time since last: 1000125977 ns, Reaching safepoint: 7700 ns, Cleanup: 13201 ns, At safepoint: 25702 ns, Total: 46603 ns
[537.015s][info ][safepoint      ] Safepoint "Cleanup", Time since last: 1000119206 ns, Reaching safepoint: 84004 ns, Cleanup: 16001 ns, At safepoint: 6401 ns, Total: 106406 ns
[541.241s][info ][safepoint      ] Safepoint "Cleanup", Time since last: 4226663864 ns, Reaching safepoint: 9301 ns, Cleanup: 15601 ns, At safepoint: 3500 ns, Total: 28402 ns
[543.242s][info ][safepoint      ] Safepoint "Cleanup", Time since last: 2000200761 ns, Reaching safepoint: 9501 ns, Cleanup: 13500 ns, At safepoint: 7501 ns, Total: 30502 ns
[545.242s][info ][safepoint      ] Safepoint "Cleanup", Time since last: 2000177073 ns, Reaching safepoint: 9301 ns, Cleanup: 14501 ns, At safepoint: 2800 ns, Total: 26602 ns
[547.242s][info ][safepoint      ] Safepoint "Cleanup", Time since last: 2000161487 ns, Reaching safepoint: 9301 ns, Cleanup: 16801 ns, At safepoint: 3200 ns, Total: 29302 ns
[548.242s][info ][safepoint      ] Safepoint "Cleanup", Time since last: 1000124046 ns, Reaching safepoint: 9701 ns, Cleanup: 11901 ns, At safepoint: 3000 ns, Total: 24602 ns
[549.242s][info ][safepoint      ] Safepoint "Cleanup", Time since last: 1000127746 ns, Reaching safepoint: 12101 ns, Cleanup: 20301 ns, At safepoint: 3901 ns, Total: 36303 ns
[550.360s][info ][gc,start       ] GC(25) Pause Young (Allocation Failure)
[550.371s][debug][gc,phases      ] GC(25) Scavenge 11.057ms
[550.372s][debug][gc,ref         ] GC(25) ReferenceProcessor::execute queues: 1, RefProcThreadModel::Single, marks_oops_alive: false
[550.372s][debug][gc,ref         ] GC(25) Skipped KeepAliveFinalRefsPhase of Reference Processing: no references
[550.372s][debug][gc,ref         ] GC(25) Skipped PhantomRefsPhase of Reference Processing: no references
[550.372s][debug][gc,phases      ] GC(25) Reference Processing 0.135ms
[550.372s][debug][gc,phases      ] GC(25)   VM Weak                        Min:  0.0, Avg:  0.0, Max:  0.0, Diff:  0.0, Sum:  0.0, Workers: 4
[550.372s][debug][gc,phases      ] GC(25)     Dead                           Min: 0, Avg:  0.0, Max: 0, Diff: 0, Sum: 0, Workers: 4
[550.372s][debug][gc,phases      ] GC(25)     Total                          Min: 0, Avg: 230.5, Max: 922, Diff: 922, Sum: 922, Workers: 4
[550.372s][debug][gc,phases      ] GC(25)   ObjectSynchronizer Weak        Min:  0.0, Avg:  0.0, Max:  0.0, Diff:  0.0, Sum:  0.0, Workers: 4
[550.372s][debug][gc,phases      ] GC(25)     Dead                           Min: 0, Avg:  0.0, Max: 0, Diff: 0, Sum: 0, Workers: 4
[550.372s][debug][gc,phases      ] GC(25)     Total                          Min: 0, Avg:  1.0, Max: 4, Diff: 4, Sum: 4, Workers: 4
[550.372s][debug][gc,phases      ] GC(25)   JVMTI Tag Weak OopStorage      Min:  0.0, Avg:  0.0, Max:  0.0, Diff:  0.0, Sum:  0.0, Workers: 4
[550.372s][debug][gc,phases      ] GC(25)     Dead                           Min: 0, Avg:  0.0, Max: 0, Diff: 0, Sum: 0, Workers: 4
[550.372s][debug][gc,phases      ] GC(25)     Total                          Min: 0, Avg:  0.0, Max: 0, Diff: 0, Sum: 0, Workers: 4
[550.372s][debug][gc,phases      ] GC(25)   StringTable Weak               Min:  0.0, Avg:  0.1, Max:  0.5, Diff:  0.5, Sum:  0.5, Workers: 4
[550.372s][debug][gc,phases      ] GC(25)     Dead                           Min: 0, Avg:  0.0, Max: 0, Diff: 0, Sum: 0, Workers: 4
[550.372s][debug][gc,phases      ] GC(25)     Total                          Min: 0, Avg: 11987.5, Max: 47950, Diff: 47950, Sum: 47950, Workers: 4
[550.372s][debug][gc,phases      ] GC(25)   ResolvedMethodTable Weak       Min:  0.0, Avg:  0.0, Max:  0.1, Diff:  0.1, Sum:  0.1, Workers: 4
[550.372s][debug][gc,phases      ] GC(25)     Dead                           Min: 0, Avg:  0.0, Max: 0, Diff: 0, Sum: 0, Workers: 4
[550.372s][debug][gc,phases      ] GC(25)     Total                          Min: 0, Avg: 3201.0, Max: 12804, Diff: 12804, Sum: 12804, Workers: 4
[550.372s][debug][gc,phases      ] GC(25)   JNI Weak                       Min:  0.0, Avg:  0.0, Max:  0.0, Diff:  0.0, Sum:  0.0, Workers: 4
[550.372s][debug][gc,phases      ] GC(25)     Dead                           Min: 0, Avg:  0.0, Max: 0, Diff: 0, Sum: 0, Workers: 4
[550.372s][debug][gc,phases      ] GC(25)     Total                          Min: 0, Avg: 12.0, Max: 48, Diff: 48, Sum: 48, Workers: 4
[550.372s][debug][gc,phases      ] GC(25)   StringDedup Table Weak         Min:  0.0, Avg:  0.0, Max:  0.0, Diff:  0.0, Sum:  0.0, Workers: 4
[550.372s][debug][gc,phases      ] GC(25)     Dead                           Min: 0, Avg:  0.0, Max: 0, Diff: 0, Sum: 0, Workers: 4
[550.372s][debug][gc,phases      ] GC(25)     Total                          Min: 0, Avg:  0.0, Max: 0, Diff: 0, Sum: 0, Workers: 4
[550.372s][debug][gc,phases      ] GC(25)   StringDedup Requests0 Weak     Min:  0.0, Avg:  0.0, Max:  0.0, Diff:  0.0, Sum:  0.0, Workers: 4
[550.372s][debug][gc,phases      ] GC(25)     Dead                           Min: 0, Avg:  0.0, Max: 0, Diff: 0, Sum: 0, Workers: 4
[550.372s][debug][gc,phases      ] GC(25)     Total                          Min: 0, Avg:  0.0, Max: 0, Diff: 0, Sum: 0, Workers: 4
[550.372s][debug][gc,phases      ] GC(25)   StringDedup Requests1 Weak     Min:  0.0, Avg:  0.0, Max:  0.0, Diff:  0.0, Sum:  0.0, Workers: 4
[550.372s][debug][gc,phases      ] GC(25)     Dead                           Min: 0, Avg:  0.0, Max: 0, Diff: 0, Sum: 0, Workers: 4
[550.372s][debug][gc,phases      ] GC(25)     Total                          Min: 0, Avg:  0.0, Max: 0, Diff: 0, Sum: 0, Workers: 4
[550.372s][debug][gc,phases      ] GC(25)   Weak JFR Old Object Samples    Min:  0.0, Avg:  0.0, Max:  0.0, Diff:  0.0, Sum:  0.0, Workers: 4
[550.373s][debug][gc,phases      ] GC(25)     Dead                           Min: 0, Avg:  0.0, Max: 0, Diff: 0, Sum: 0, Workers: 4
[550.373s][debug][gc,phases      ] GC(25)     Total                          Min: 0, Avg:  0.0, Max: 0, Diff: 0, Sum: 0, Workers: 4
[550.373s][debug][gc,phases      ] GC(25) Weak Processing 0.953ms
[550.373s][debug][gc,age         ] GC(25) Desired survivor size 189267968 bytes, new threshold 1 (max threshold 15)
[550.373s][info ][gc,heap        ] GC(25) PSYoungGen: 1678704K(1878528K)->2256K(1912320K) Eden: 1674240K(1674240K)->0K(1717760K) From: 4464K(204288K)->2256K(194560K)
[550.373s][info ][gc,heap        ] GC(25) ParOldGen: 284245K(284672K)->286893K(287232K)
[550.373s][info ][gc,metaspace   ] GC(25) Metaspace: 94177K(95360K)->94177K(95360K) NonClass: 80256K(80896K)->80256K(80896K) Class: 13920K(14464K)->13920K(14464K)
[550.373s][info ][gc             ] GC(25) Pause Young (Allocation Failure) 1916M->282M(2148M) 12.347ms
[550.373s][info ][gc,cpu         ] GC(25) User=0.01s Sys=0.01s Real=0.01s
[550.373s][info ][safepoint      ] Safepoint "ParallelGCFailedAllocation", Time since last: 1117854638 ns, Reaching safepoint: 9400 ns, Cleanup: 5001 ns, At safepoint: 12437828 ns, Total: 12452229 ns
[553.373s][info ][safepoint      ] Safepoint "Cleanup", Time since last: 3000239443 ns, Reaching safepoint: 8900 ns, Cleanup: 14701 ns, At safepoint: 2800 ns, Total: 26401 ns
[555.373s][info ][safepoint      ] Safepoint "Cleanup", Time since last: 2000220988 ns, Reaching safepoint: 7700 ns, Cleanup: 13301 ns, At safepoint: 2800 ns, Total: 23801 ns
[556.373s][info ][safepoint      ] Safepoint "Cleanup", Time since last: 1000126695 ns, Reaching safepoint: 8901 ns, Cleanup: 16101 ns, At safepoint: 2400 ns, Total: 27402 ns
[558.374s][info ][safepoint      ] Safepoint "Cleanup", Time since last: 2000289691 ns, Reaching safepoint: 13301 ns, Cleanup: 14701 ns, At safepoint: 9201 ns, Total: 37203 ns
[559.374s][info ][safepoint      ] Safepoint "Cleanup", Time since last: 1000139195 ns, Reaching safepoint: 11501 ns, Cleanup: 15101 ns, At safepoint: 2800 ns, Total: 29402 ns
[562.374s][info ][safepoint      ] Safepoint "Cleanup", Time since last: 3000344965 ns, Reaching safepoint: 17201 ns, Cleanup: 24201 ns, At safepoint: 4401 ns, Total: 45803 ns
[566.375s][info ][safepoint      ] Safepoint "Cleanup", Time since last: 4000360583 ns, Reaching safepoint: 9701 ns, Cleanup: 45903 ns, At safepoint: 10500 ns, Total: 66104 ns
[567.375s][info ][safepoint      ] Safepoint "Cleanup", Time since last: 1000124798 ns, Reaching safepoint: 9801 ns, Cleanup: 32802 ns, At safepoint: 2800 ns, Total: 45403 ns
[568.375s][info ][safepoint      ] Safepoint "Cleanup", Time since last: 1000124057 ns, Reaching safepoint: 9500 ns, Cleanup: 16101 ns, At safepoint: 3100 ns, Total: 28701 ns
[569.375s][info ][safepoint      ] Safepoint "Cleanup", Time since last: 1000140466 ns, Reaching safepoint: 8901 ns, Cleanup: 13000 ns, At safepoint: 6601 ns, Total: 28502 ns
[570.375s][info ][safepoint      ] Safepoint "Cleanup", Time since last: 1000250872 ns, Reaching safepoint: 10401 ns, Cleanup: 15100 ns, At safepoint: 2601 ns, Total: 28102 ns
[571.376s][info ][safepoint      ] Safepoint "Cleanup", Time since last: 1000133665 ns, Reaching safepoint: 7700 ns, Cleanup: 15901 ns, At safepoint: 2500 ns, Total: 26101 ns
[572.376s][info ][safepoint      ] Safepoint "Cleanup", Time since last: 1000106264 ns, Reaching safepoint: 7901 ns, Cleanup: 16100 ns, At safepoint: 3101 ns, Total: 27102 ns
[573.376s][info ][safepoint      ] Safepoint "Cleanup", Time since last: 1000326476 ns, Reaching safepoint: 8101 ns, Cleanup: 17701 ns, At safepoint: 2900 ns, Total: 28702 ns
[574.376s][info ][safepoint      ] Safepoint "Cleanup", Time since last: 1000111464 ns, Reaching safepoint: 7200 ns, Cleanup: 16201 ns, At safepoint: 2500 ns, Total: 25901 ns
[575.376s][info ][safepoint      ] Safepoint "Cleanup", Time since last: 1000136666 ns, Reaching safepoint: 10100 ns, Cleanup: 28902 ns, At safepoint: 3500 ns, Total: 42502 ns
[577.377s][info ][safepoint      ] Safepoint "Cleanup", Time since last: 2000211469 ns, Reaching safepoint: 7800 ns, Cleanup: 10901 ns, At safepoint: 2900 ns, Total: 21601 ns
[579.377s][info ][safepoint      ] Safepoint "Cleanup", Time since last: 2000169874 ns, Reaching safepoint: 8700 ns, Cleanup: 16001 ns, At safepoint: 3000 ns, Total: 27701 ns
[580.377s][info ][safepoint      ] Safepoint "Cleanup", Time since last: 1000123990 ns, Reaching safepoint: 11900 ns, Cleanup: 16801 ns, At safepoint: 2900 ns, Total: 31601 ns
[581.377s][info ][safepoint      ] Safepoint "Cleanup", Time since last: 1000126790 ns, Reaching safepoint: 7200 ns, Cleanup: 13601 ns, At safepoint: 3300 ns, Total: 24101 ns
[582.377s][info ][safepoint      ] Safepoint "Cleanup", Time since last: 1000123389 ns, Reaching safepoint: 8101 ns, Cleanup: 11701 ns, At safepoint: 2400 ns, Total: 22202 ns
[584.379s][info ][safepoint      ] Safepoint "Cleanup", Time since last: 2001317366 ns, Reaching safepoint: 10101 ns, Cleanup: 14001 ns, At safepoint: 3000 ns, Total: 27102 ns
[586.379s][info ][safepoint      ] Safepoint "Cleanup", Time since last: 2000219601 ns, Reaching safepoint: 9200 ns, Cleanup: 16101 ns, At safepoint: 2900 ns, Total: 28201 ns
[587.379s][info ][safepoint      ] Safepoint "Cleanup", Time since last: 1000149803 ns, Reaching safepoint: 9401 ns, Cleanup: 16001 ns, At safepoint: 2900 ns, Total: 28302 ns
[590.379s][info ][safepoint      ] Safepoint "Cleanup", Time since last: 3000301099 ns, Reaching safepoint: 12201 ns, Cleanup: 30001 ns, At safepoint: 3701 ns, Total: 45903 ns
[590.711s][info ][gc,start       ] GC(26) Pause Young (Allocation Failure)
[590.715s][debug][gc,phases      ] GC(26) Scavenge 4.254ms
[590.715s][debug][gc,ref         ] GC(26) ReferenceProcessor::execute queues: 1, RefProcThreadModel::Single, marks_oops_alive: false
[590.715s][debug][gc,ref         ] GC(26) Skipped KeepAliveFinalRefsPhase of Reference Processing: no references
[590.715s][debug][gc,ref         ] GC(26) ReferenceProcessor::execute queues: 1, RefProcThreadModel::Single, marks_oops_alive: false
[590.715s][debug][gc,phases      ] GC(26) Reference Processing 0.129ms
[590.715s][debug][gc,phases      ] GC(26)   VM Weak                        Min:  0.0, Avg:  0.0, Max:  0.0, Diff:  0.0, Sum:  0.0, Workers: 4
[590.715s][debug][gc,phases      ] GC(26)     Dead                           Min: 0, Avg:  0.0, Max: 0, Diff: 0, Sum: 0, Workers: 4
[590.716s][debug][gc,phases      ] GC(26)     Total                          Min: 0, Avg: 230.5, Max: 602, Diff: 602, Sum: 922, Workers: 4
[590.716s][debug][gc,phases      ] GC(26)   ObjectSynchronizer Weak        Min:  0.0, Avg:  0.0, Max:  0.0, Diff:  0.0, Sum:  0.0, Workers: 4
[590.716s][debug][gc,phases      ] GC(26)     Dead                           Min: 0, Avg:  0.0, Max: 0, Diff: 0, Sum: 0, Workers: 4
[590.716s][debug][gc,phases      ] GC(26)     Total                          Min: 0, Avg:  1.0, Max: 4, Diff: 4, Sum: 4, Workers: 4
[590.716s][debug][gc,phases      ] GC(26)   JVMTI Tag Weak OopStorage      Min:  0.0, Avg:  0.0, Max:  0.0, Diff:  0.0, Sum:  0.0, Workers: 4
[590.716s][debug][gc,phases      ] GC(26)     Dead                           Min: 0, Avg:  0.0, Max: 0, Diff: 0, Sum: 0, Workers: 4
[590.716s][debug][gc,phases      ] GC(26)     Total                          Min: 0, Avg:  0.0, Max: 0, Diff: 0, Sum: 0, Workers: 4
[590.716s][debug][gc,phases      ] GC(26)   StringTable Weak               Min:  0.0, Avg:  0.1, Max:  0.2, Diff:  0.2, Sum:  0.4, Workers: 4
[590.716s][debug][gc,phases      ] GC(26)     Dead                           Min: 0, Avg:  0.2, Max: 1, Diff: 1, Sum: 1, Workers: 4
[590.716s][debug][gc,phases      ] GC(26)     Total                          Min: 0, Avg: 11995.2, Max: 17325, Diff: 17325, Sum: 47981, Workers: 4
[590.716s][debug][gc,phases      ] GC(26)   ResolvedMethodTable Weak       Min:  0.0, Avg:  0.0, Max:  0.1, Diff:  0.1, Sum:  0.1, Workers: 4
[590.716s][debug][gc,phases      ] GC(26)     Dead                           Min: 0, Avg:  2.2, Max: 5, Diff: 5, Sum: 9, Workers: 4
[590.716s][debug][gc,phases      ] GC(26)     Total                          Min: 0, Avg: 3209.2, Max: 4415, Diff: 4415, Sum: 12837, Workers: 4
[590.716s][debug][gc,phases      ] GC(26)   JNI Weak                       Min:  0.0, Avg:  0.0, Max:  0.0, Diff:  0.0, Sum:  0.0, Workers: 4
[590.716s][debug][gc,phases      ] GC(26)     Dead                           Min: 0, Avg:  0.0, Max: 0, Diff: 0, Sum: 0, Workers: 4
[590.716s][debug][gc,phases      ] GC(26)     Total                          Min: 0, Avg: 12.0, Max: 48, Diff: 48, Sum: 48, Workers: 4
[590.716s][debug][gc,phases      ] GC(26)   StringDedup Table Weak         Min:  0.0, Avg:  0.0, Max:  0.0, Diff:  0.0, Sum:  0.0, Workers: 4
[590.716s][debug][gc,phases      ] GC(26)     Dead                           Min: 0, Avg:  0.0, Max: 0, Diff: 0, Sum: 0, Workers: 4
[590.716s][debug][gc,phases      ] GC(26)     Total                          Min: 0, Avg:  0.0, Max: 0, Diff: 0, Sum: 0, Workers: 4
[590.716s][debug][gc,phases      ] GC(26)   StringDedup Requests0 Weak     Min:  0.0, Avg:  0.0, Max:  0.0, Diff:  0.0, Sum:  0.0, Workers: 4
[590.716s][debug][gc,phases      ] GC(26)     Dead                           Min: 0, Avg:  0.0, Max: 0, Diff: 0, Sum: 0, Workers: 4
[590.716s][debug][gc,phases      ] GC(26)     Total                          Min: 0, Avg:  0.0, Max: 0, Diff: 0, Sum: 0, Workers: 4
[590.716s][debug][gc,phases      ] GC(26)   StringDedup Requests1 Weak     Min:  0.0, Avg:  0.0, Max:  0.0, Diff:  0.0, Sum:  0.0, Workers: 4
[590.716s][debug][gc,phases      ] GC(26)     Dead                           Min: 0, Avg:  0.0, Max: 0, Diff: 0, Sum: 0, Workers: 4
[590.716s][debug][gc,phases      ] GC(26)     Total                          Min: 0, Avg:  0.0, Max: 0, Diff: 0, Sum: 0, Workers: 4
[590.716s][debug][gc,phases      ] GC(26)   Weak JFR Old Object Samples    Min:  0.0, Avg:  0.0, Max:  0.0, Diff:  0.0, Sum:  0.0, Workers: 4
[590.716s][debug][gc,phases      ] GC(26)     Dead                           Min: 0, Avg:  0.0, Max: 0, Diff: 0, Sum: 0, Workers: 4
[590.716s][debug][gc,phases      ] GC(26)     Total                          Min: 0, Avg:  0.0, Max: 0, Diff: 0, Sum: 0, Workers: 4
[590.716s][debug][gc,phases      ] GC(26) Weak Processing 0.462ms
[590.716s][debug][gc,age         ] GC(26) Desired survivor size 179306496 bytes, new threshold 1 (max threshold 15)
[590.716s][info ][gc,heap        ] GC(26) PSYoungGen: 1720016K(1912320K)->3008K(1902592K) Eden: 1717760K(1717760K)->0K(1717760K) From: 2256K(194560K)->3008K(184832K)
[590.716s][info ][gc,heap        ] GC(26) ParOldGen: 286893K(287232K)->287954K(288256K)
[590.716s][info ][gc,metaspace   ] GC(26) Metaspace: 94282K(95488K)->94282K(95488K) NonClass: 80349K(81024K)->80349K(81024K) Class: 13932K(14464K)->13932K(14464K)
[590.716s][info ][gc             ] GC(26) Pause Young (Allocation Failure) 1959M->284M(2139M) 4.998ms
[590.716s][info ][gc,cpu         ] GC(26) User=0.01s Sys=0.00s Real=0.00s
[590.716s][info ][safepoint      ] Safepoint "ParallelGCFailedAllocation", Time since last: 331330510 ns, Reaching safepoint: 19302 ns, Cleanup: 4600 ns, At safepoint: 5091906 ns, Total: 5115808 ns
[595.720s][info ][safepoint      ] Safepoint "Cleanup", Time since last: 5004500654 ns, Reaching safepoint: 7200 ns, Cleanup: 20501 ns, At safepoint: 3101 ns, Total: 30802 ns
[596.720s][info ][safepoint      ] Safepoint "Cleanup", Time since last: 1000121683 ns, Reaching safepoint: 10100 ns, Cleanup: 12901 ns, At safepoint: 8500 ns, Total: 31501 ns
[597.721s][info ][safepoint      ] Safepoint "Cleanup", Time since last: 1000121383 ns, Reaching safepoint: 6301 ns, Cleanup: 31102 ns, At safepoint: 22001 ns, Total: 59404 ns
[598.721s][info ][safepoint      ] Safepoint "Cleanup", Time since last: 1000109482 ns, Reaching safepoint: 84505 ns, Cleanup: 11101 ns, At safepoint: 5100 ns, Total: 100706 ns
[601.267s][info ][safepoint      ] Safepoint "Cleanup", Time since last: 2546239848 ns, Reaching safepoint: 7901 ns, Cleanup: 13501 ns, At safepoint: 2500 ns, Total: 23902 ns
[602.267s][info ][safepoint      ] Safepoint "Cleanup", Time since last: 1000117402 ns, Reaching safepoint: 6801 ns, Cleanup: 6700 ns, At safepoint: 2100 ns, Total: 15601 ns
[603.267s][info ][safepoint      ] Safepoint "Cleanup", Time since last: 1000120203 ns, Reaching safepoint: 81605 ns, Cleanup: 14200 ns, At safepoint: 6501 ns, Total: 102306 ns
[604.268s][info ][safepoint      ] Safepoint "Cleanup", Time since last: 1000121302 ns, Reaching safepoint: 7401 ns, Cleanup: 13201 ns, At safepoint: 2800 ns, Total: 23402 ns
[610.268s][info ][safepoint      ] Safepoint "Cleanup", Time since last: 6000664675 ns, Reaching safepoint: 7600 ns, Cleanup: 15001 ns, At safepoint: 2501 ns, Total: 25102 ns
[612.269s][info ][safepoint      ] Safepoint "Cleanup", Time since last: 2000222442 ns, Reaching safepoint: 11000 ns, Cleanup: 17401 ns, At safepoint: 7501 ns, Total: 35902 ns
[614.269s][info ][safepoint      ] Safepoint "Cleanup", Time since last: 2000199841 ns, Reaching safepoint: 9100 ns, Cleanup: 13401 ns, At safepoint: 6500 ns, Total: 29001 ns
[615.269s][info ][safepoint      ] Safepoint "Cleanup", Time since last: 1000110321 ns, Reaching safepoint: 7201 ns, Cleanup: 60103 ns, At safepoint: 3401 ns, Total: 70705 ns
[616.269s][info ][safepoint      ] Safepoint "Cleanup", Time since last: 1000146046 ns, Reaching safepoint: 8702 ns, Cleanup: 13502 ns, At safepoint: 5801 ns, Total: 28005 ns
[618.269s][info ][safepoint      ] Safepoint "Cleanup", Time since last: 2000189944 ns, Reaching safepoint: 7501 ns, Cleanup: 99506 ns, At safepoint: 2900 ns, Total: 109907 ns
[619.270s][info ][safepoint      ] Safepoint "Cleanup", Time since last: 1000117760 ns, Reaching safepoint: 8701 ns, Cleanup: 85905 ns, At safepoint: 3400 ns, Total: 98006 ns
[620.270s][info ][safepoint      ] Safepoint "Cleanup", Time since last: 1000120960 ns, Reaching safepoint: 8301 ns, Cleanup: 15501 ns, At safepoint: 3500 ns, Total: 27302 ns
[621.270s][info ][safepoint      ] Safepoint "Cleanup", Time since last: 1000153062 ns, Reaching safepoint: 7000 ns, Cleanup: 10701 ns, At safepoint: 6200 ns, Total: 23901 ns
[622.270s][info ][safepoint      ] Safepoint "Cleanup", Time since last: 1000123061 ns, Reaching safepoint: 11301 ns, Cleanup: 14100 ns, At safepoint: 3201 ns, Total: 28602 ns
[623.270s][info ][safepoint      ] Safepoint "Cleanup", Time since last: 1000135061 ns, Reaching safepoint: 10100 ns, Cleanup: 14101 ns, At safepoint: 3300 ns, Total: 27501 ns
[624.270s][info ][safepoint      ] Safepoint "Cleanup", Time since last: 1000125440 ns, Reaching safepoint: 7201 ns, Cleanup: 13301 ns, At safepoint: 3200 ns, Total: 23702 ns
[627.271s][info ][safepoint      ] Safepoint "Cleanup", Time since last: 3000256401 ns, Reaching safepoint: 7801 ns, Cleanup: 15601 ns, At safepoint: 2600 ns, Total: 26002 ns
[629.271s][info ][safepoint      ] Safepoint "Cleanup", Time since last: 2000214328 ns, Reaching safepoint: 10301 ns, Cleanup: 13001 ns, At safepoint: 3100 ns, Total: 26402 ns
[629.891s][info ][gc,start       ] GC(27) Pause Young (Allocation Failure)
[629.897s][debug][gc,phases      ] GC(27) Scavenge 5.656ms
[629.897s][debug][gc,ref         ] GC(27) ReferenceProcessor::execute queues: 1, RefProcThreadModel::Single, marks_oops_alive: false
[629.897s][debug][gc,ref         ] GC(27) Skipped KeepAliveFinalRefsPhase of Reference Processing: no references
[629.897s][debug][gc,ref         ] GC(27) ReferenceProcessor::execute queues: 1, RefProcThreadModel::Single, marks_oops_alive: false
[629.897s][debug][gc,phases      ] GC(27) Reference Processing 0.117ms
[629.897s][debug][gc,phases      ] GC(27)   VM Weak                        Min:  0.0, Avg:  0.0, Max:  0.0, Diff:  0.0, Sum:  0.0, Workers: 4
[629.897s][debug][gc,phases      ] GC(27)     Dead                           Min: 0, Avg:  0.0, Max: 0, Diff: 0, Sum: 0, Workers: 4
[629.897s][debug][gc,phases      ] GC(27)     Total                          Min: 0, Avg: 230.8, Max: 603, Diff: 603, Sum: 923, Workers: 4
[629.897s][debug][gc,phases      ] GC(27)   ObjectSynchronizer Weak        Min:  0.0, Avg:  0.0, Max:  0.0, Diff:  0.0, Sum:  0.0, Workers: 4
[629.897s][debug][gc,phases      ] GC(27)     Dead                           Min: 0, Avg:  0.0, Max: 0, Diff: 0, Sum: 0, Workers: 4
[629.897s][debug][gc,phases      ] GC(27)     Total                          Min: 0, Avg:  1.0, Max: 4, Diff: 4, Sum: 4, Workers: 4
[629.897s][debug][gc,phases      ] GC(27)   JVMTI Tag Weak OopStorage      Min:  0.0, Avg:  0.0, Max:  0.0, Diff:  0.0, Sum:  0.0, Workers: 4
[629.897s][debug][gc,phases      ] GC(27)     Dead                           Min: 0, Avg:  0.0, Max: 0, Diff: 0, Sum: 0, Workers: 4
[629.897s][debug][gc,phases      ] GC(27)     Total                          Min: 0, Avg:  0.0, Max: 0, Diff: 0, Sum: 0, Workers: 4
[629.897s][debug][gc,phases      ] GC(27)   StringTable Weak               Min:  0.0, Avg:  0.1, Max:  0.1, Diff:  0.1, Sum:  0.4, Workers: 4
[629.898s][debug][gc,phases      ] GC(27)     Dead                           Min: 0, Avg:  0.2, Max: 1, Diff: 1, Sum: 1, Workers: 4
[629.898s][debug][gc,phases      ] GC(27)     Total                          Min: 0, Avg: 12001.8, Max: 17799, Diff: 17799, Sum: 48007, Workers: 4
[629.898s][debug][gc,phases      ] GC(27)   ResolvedMethodTable Weak       Min:  0.0, Avg:  0.0, Max:  0.1, Diff:  0.1, Sum:  0.2, Workers: 4
[629.898s][debug][gc,phases      ] GC(27)     Dead                           Min: 0, Avg:  1.2, Max: 3, Diff: 3, Sum: 5, Workers: 4
[629.898s][debug][gc,phases      ] GC(27)     Total                          Min: 0, Avg: 3213.8, Max: 5434, Diff: 5434, Sum: 12855, Workers: 4
[629.898s][debug][gc,phases      ] GC(27)   JNI Weak                       Min:  0.0, Avg:  0.0, Max:  0.0, Diff:  0.0, Sum:  0.0, Workers: 4
[629.898s][debug][gc,phases      ] GC(27)     Dead                           Min: 0, Avg:  0.0, Max: 0, Diff: 0, Sum: 0, Workers: 4
[629.898s][debug][gc,phases      ] GC(27)     Total                          Min: 0, Avg: 12.0, Max: 48, Diff: 48, Sum: 48, Workers: 4
[629.898s][debug][gc,phases      ] GC(27)   StringDedup Table Weak         Min:  0.0, Avg:  0.0, Max:  0.0, Diff:  0.0, Sum:  0.0, Workers: 4
[629.898s][debug][gc,phases      ] GC(27)     Dead                           Min: 0, Avg:  0.0, Max: 0, Diff: 0, Sum: 0, Workers: 4
[629.898s][debug][gc,phases      ] GC(27)     Total                          Min: 0, Avg:  0.0, Max: 0, Diff: 0, Sum: 0, Workers: 4
[629.898s][debug][gc,phases      ] GC(27)   StringDedup Requests0 Weak     Min:  0.0, Avg:  0.0, Max:  0.0, Diff:  0.0, Sum:  0.0, Workers: 4
[629.898s][debug][gc,phases      ] GC(27)     Dead                           Min: 0, Avg:  0.0, Max: 0, Diff: 0, Sum: 0, Workers: 4
[629.898s][debug][gc,phases      ] GC(27)     Total                          Min: 0, Avg:  0.0, Max: 0, Diff: 0, Sum: 0, Workers: 4
[629.898s][debug][gc,phases      ] GC(27)   StringDedup Requests1 Weak     Min:  0.0, Avg:  0.0, Max:  0.0, Diff:  0.0, Sum:  0.0, Workers: 4
[629.898s][debug][gc,phases      ] GC(27)     Dead                           Min: 0, Avg:  0.0, Max: 0, Diff: 0, Sum: 0, Workers: 4
[629.898s][debug][gc,phases      ] GC(27)     Total                          Min: 0, Avg:  0.0, Max: 0, Diff: 0, Sum: 0, Workers: 4
[629.898s][debug][gc,phases      ] GC(27)   Weak JFR Old Object Samples    Min:  0.0, Avg:  0.0, Max:  0.0, Diff:  0.0, Sum:  0.0, Workers: 4
[629.898s][debug][gc,phases      ] GC(27)     Dead                           Min: 0, Avg:  0.0, Max: 0, Diff: 0, Sum: 0, Workers: 4
[629.898s][debug][gc,phases      ] GC(27)     Total                          Min: 0, Avg:  0.0, Max: 0, Diff: 0, Sum: 0, Workers: 4
[629.898s][debug][gc,phases      ] GC(27) Weak Processing 0.524ms
[629.898s][debug][gc,age         ] GC(27) Desired survivor size 169345024 bytes, new threshold 1 (max threshold 15)
[629.898s][info ][gc,heap        ] GC(27) PSYoungGen: 1720768K(1902592K)->2976K(1931776K) Eden: 1717760K(1717760K)->0K(1756672K) From: 3008K(184832K)->2976K(175104K)
[629.898s][info ][gc,heap        ] GC(27) ParOldGen: 287954K(288256K)->288678K(288768K)
[629.898s][info ][gc,metaspace   ] GC(27) Metaspace: 94351K(95616K)->94351K(95616K) NonClass: 80412K(81152K)->80412K(81152K) Class: 13939K(14464K)->13939K(14464K)
[629.898s][info ][gc             ] GC(27) Pause Young (Allocation Failure) 1961M->284M(2168M) 6.458ms
[629.898s][info ][gc,cpu         ] GC(27) User=0.02s Sys=0.00s Real=0.01s
[629.898s][info ][safepoint      ] Safepoint "ParallelGCFailedAllocation", Time since last: 620238939 ns, Reaching safepoint: 7900 ns, Cleanup: 18002 ns, At safepoint: 6553904 ns, Total: 6579806 ns
[630.898s][info ][safepoint      ] Safepoint "Cleanup", Time since last: 1000101358 ns, Reaching safepoint: 9101 ns, Cleanup: 14600 ns, At safepoint: 3201 ns, Total: 26902 ns
[634.898s][info ][safepoint      ] Safepoint "Cleanup", Time since last: 4000430681 ns, Reaching safepoint: 21101 ns, Cleanup: 14801 ns, At safepoint: 3400 ns, Total: 39302 ns
[635.899s][info ][safepoint      ] Safepoint "Cleanup", Time since last: 1000131542 ns, Reaching safepoint: 9201 ns, Cleanup: 16301 ns, At safepoint: 3200 ns, Total: 28702 ns
[636.899s][info ][safepoint      ] Safepoint "Cleanup", Time since last: 1000110740 ns, Reaching safepoint: 8401 ns, Cleanup: 24101 ns, At safepoint: 3601 ns, Total: 36103 ns
[641.899s][info ][safepoint      ] Safepoint "Cleanup", Time since last: 5000397416 ns, Reaching safepoint: 10101 ns, Cleanup: 16901 ns, At safepoint: 4500 ns, Total: 31502 ns
[642.899s][info ][safepoint      ] Safepoint "Cleanup", Time since last: 1000149154 ns, Reaching safepoint: 8200 ns, Cleanup: 16101 ns, At safepoint: 3000 ns, Total: 27301 ns
[643.899s][info ][safepoint      ] Safepoint "Cleanup", Time since last: 1000134653 ns, Reaching safepoint: 10300 ns, Cleanup: 17301 ns, At safepoint: 3501 ns, Total: 31102 ns
[644.900s][info ][safepoint      ] Safepoint "Cleanup", Time since last: 1000112551 ns, Reaching safepoint: 10800 ns, Cleanup: 15301 ns, At safepoint: 6301 ns, Total: 32402 ns
[645.900s][info ][safepoint      ] Safepoint "Cleanup", Time since last: 1000143253 ns, Reaching safepoint: 9400 ns, Cleanup: 26502 ns, At safepoint: 2800 ns, Total: 38702 ns
[646.900s][info ][safepoint      ] Safepoint "Cleanup", Time since last: 1000146353 ns, Reaching safepoint: 8401 ns, Cleanup: 9200 ns, At safepoint: 3300 ns, Total: 20901 ns
[648.900s][info ][safepoint      ] Safepoint "Cleanup", Time since last: 2000196457 ns, Reaching safepoint: 9201 ns, Cleanup: 15801 ns, At safepoint: 3700 ns, Total: 28702 ns
[649.900s][info ][safepoint      ] Safepoint "Cleanup", Time since last: 1000146580 ns, Reaching safepoint: 10000 ns, Cleanup: 18502 ns, At safepoint: 3600 ns, Total: 32102 ns
[653.901s][info ][safepoint      ] Safepoint "Cleanup", Time since last: 4000345003 ns, Reaching safepoint: 11701 ns, Cleanup: 26002 ns, At safepoint: 3700 ns, Total: 41403 ns
[654.901s][info ][safepoint      ] Safepoint "Cleanup", Time since last: 1000121578 ns, Reaching safepoint: 10500 ns, Cleanup: 19902 ns, At safepoint: 2700 ns, Total: 33102 ns
[658.901s][info ][safepoint      ] Safepoint "Cleanup", Time since last: 4000310762 ns, Reaching safepoint: 11001 ns, Cleanup: 16100 ns, At safepoint: 3201 ns, Total: 30302 ns
[661.289s][info ][safepoint      ] Safepoint "Cleanup", Time since last: 2387842799 ns, Reaching safepoint: 9301 ns, Cleanup: 26901 ns, At safepoint: 2400 ns, Total: 38602 ns
[662.289s][info ][safepoint      ] Safepoint "Cleanup", Time since last: 1000117763 ns, Reaching safepoint: 7400 ns, Cleanup: 17201 ns, At safepoint: 2701 ns, Total: 27302 ns
[663.289s][info ][safepoint      ] Safepoint "Cleanup", Time since last: 1000127463 ns, Reaching safepoint: 8200 ns, Cleanup: 23002 ns, At safepoint: 7800 ns, Total: 39002 ns
[664.290s][info ][safepoint      ] Safepoint "Cleanup", Time since last: 1000095507 ns, Reaching safepoint: 9600 ns, Cleanup: 16901 ns, At safepoint: 3200 ns, Total: 29701 ns
[665.290s][info ][safepoint      ] Safepoint "Cleanup", Time since last: 1000127259 ns, Reaching safepoint: 8101 ns, Cleanup: 11500 ns, At safepoint: 2701 ns, Total: 22302 ns
[671.290s][info ][safepoint      ] Safepoint "Cleanup", Time since last: 6000426631 ns, Reaching safepoint: 6500 ns, Cleanup: 9901 ns, At safepoint: 2600 ns, Total: 19001 ns
[672.290s][info ][safepoint      ] Safepoint "Cleanup", Time since last: 1000095318 ns, Reaching safepoint: 8400 ns, Cleanup: 13901 ns, At safepoint: 2200 ns, Total: 24501 ns
[674.256s][info ][gc,start       ] GC(28) Pause Young (Allocation Failure)
[674.260s][debug][gc,phases      ] GC(28) Scavenge 3.587ms
[674.260s][debug][gc,ref         ] GC(28) ReferenceProcessor::execute queues: 1, RefProcThreadModel::Single, marks_oops_alive: false
[674.260s][debug][gc,ref         ] GC(28) Skipped KeepAliveFinalRefsPhase of Reference Processing: no references
[674.260s][debug][gc,ref         ] GC(28) ReferenceProcessor::execute queues: 1, RefProcThreadModel::Single, marks_oops_alive: false
[674.260s][debug][gc,phases      ] GC(28) Reference Processing 0.116ms
[674.260s][debug][gc,phases      ] GC(28)   VM Weak                        Min:  0.0, Avg:  0.0, Max:  0.0, Diff:  0.0, Sum:  0.0, Workers: 4
[674.260s][debug][gc,phases      ] GC(28)     Dead                           Min: 0, Avg:  0.0, Max: 0, Diff: 0, Sum: 0, Workers: 4
[674.260s][debug][gc,phases      ] GC(28)     Total                          Min: 0, Avg: 230.8, Max: 475, Diff: 475, Sum: 923, Workers: 4
[674.260s][debug][gc,phases      ] GC(28)   ObjectSynchronizer Weak        Min:  0.0, Avg:  0.0, Max:  0.0, Diff:  0.0, Sum:  0.0, Workers: 4
[674.260s][debug][gc,phases      ] GC(28)     Dead                           Min: 0, Avg:  0.0, Max: 0, Diff: 0, Sum: 0, Workers: 4
[674.260s][debug][gc,phases      ] GC(28)     Total                          Min: 0, Avg:  1.0, Max: 4, Diff: 4, Sum: 4, Workers: 4
[674.260s][debug][gc,phases      ] GC(28)   JVMTI Tag Weak OopStorage      Min:  0.0, Avg:  0.0, Max:  0.0, Diff:  0.0, Sum:  0.0, Workers: 4
[674.260s][debug][gc,phases      ] GC(28)     Dead                           Min: 0, Avg:  0.0, Max: 0, Diff: 0, Sum: 0, Workers: 4
[674.260s][debug][gc,phases      ] GC(28)     Total                          Min: 0, Avg:  0.0, Max: 0, Diff: 0, Sum: 0, Workers: 4
[674.260s][debug][gc,phases      ] GC(28)   StringTable Weak               Min:  0.0, Avg:  0.1, Max:  0.2, Diff:  0.2, Sum:  0.5, Workers: 4
[674.260s][debug][gc,phases      ] GC(28)     Dead                           Min: 0, Avg:  0.0, Max: 0, Diff: 0, Sum: 0, Workers: 4
[674.260s][debug][gc,phases      ] GC(28)     Total                          Min: 0, Avg: 12016.5, Max: 16640, Diff: 16640, Sum: 48066, Workers: 4
[674.260s][debug][gc,phases      ] GC(28)   ResolvedMethodTable Weak       Min:  0.0, Avg:  0.0, Max:  0.0, Diff:  0.0, Sum:  0.1, Workers: 4
[674.260s][debug][gc,phases      ] GC(28)     Dead                           Min: 0, Avg:  0.2, Max: 1, Diff: 1, Sum: 1, Workers: 4
[674.260s][debug][gc,phases      ] GC(28)     Total                          Min: 3041, Avg: 3214.8, Max: 3314, Diff: 273, Sum: 12859, Workers: 4
[674.260s][debug][gc,phases      ] GC(28)   JNI Weak                       Min:  0.0, Avg:  0.0, Max:  0.0, Diff:  0.0, Sum:  0.0, Workers: 4
[674.260s][debug][gc,phases      ] GC(28)     Dead                           Min: 0, Avg:  0.0, Max: 0, Diff: 0, Sum: 0, Workers: 4
[674.260s][debug][gc,phases      ] GC(28)     Total                          Min: 0, Avg: 12.0, Max: 48, Diff: 48, Sum: 48, Workers: 4
[674.260s][debug][gc,phases      ] GC(28)   StringDedup Table Weak         Min:  0.0, Avg:  0.0, Max:  0.0, Diff:  0.0, Sum:  0.0, Workers: 4
[674.260s][debug][gc,phases      ] GC(28)     Dead                           Min: 0, Avg:  0.0, Max: 0, Diff: 0, Sum: 0, Workers: 4
[674.260s][debug][gc,phases      ] GC(28)     Total                          Min: 0, Avg:  0.0, Max: 0, Diff: 0, Sum: 0, Workers: 4
[674.260s][debug][gc,phases      ] GC(28)   StringDedup Requests0 Weak     Min:  0.0, Avg:  0.0, Max:  0.0, Diff:  0.0, Sum:  0.0, Workers: 4
[674.260s][debug][gc,phases      ] GC(28)     Dead                           Min: 0, Avg:  0.0, Max: 0, Diff: 0, Sum: 0, Workers: 4
[674.260s][debug][gc,phases      ] GC(28)     Total                          Min: 0, Avg:  0.0, Max: 0, Diff: 0, Sum: 0, Workers: 4
[674.260s][debug][gc,phases      ] GC(28)   StringDedup Requests1 Weak     Min:  0.0, Avg:  0.0, Max:  0.0, Diff:  0.0, Sum:  0.0, Workers: 4
[674.260s][debug][gc,phases      ] GC(28)     Dead                           Min: 0, Avg:  0.0, Max: 0, Diff: 0, Sum: 0, Workers: 4
[674.260s][debug][gc,phases      ] GC(28)     Total                          Min: 0, Avg:  0.0, Max: 0, Diff: 0, Sum: 0, Workers: 4
[674.260s][debug][gc,phases      ] GC(28)   Weak JFR Old Object Samples    Min:  0.0, Avg:  0.0, Max:  0.0, Diff:  0.0, Sum:  0.0, Workers: 4
[674.260s][debug][gc,phases      ] GC(28)     Dead                           Min: 0, Avg:  0.0, Max: 0, Diff: 0, Sum: 0, Workers: 4
[674.260s][debug][gc,phases      ] GC(28)     Total                          Min: 0, Avg:  0.0, Max: 0, Diff: 0, Sum: 0, Workers: 4
[674.260s][debug][gc,phases      ] GC(28) Weak Processing 0.448ms
[674.260s][debug][gc,age         ] GC(28) Desired survivor size 159907840 bytes, new threshold 1 (max threshold 15)
[674.260s][info ][gc,heap        ] GC(28) PSYoungGen: 1759648K(1931776K)->1792K(1922048K) Eden: 1756672K(1756672K)->0K(1756672K) From: 2976K(175104K)->1792K(165376K)
[674.260s][info ][gc,heap        ] GC(28) ParOldGen: 288678K(288768K)->290058K(290304K)
[674.260s][info ][gc,metaspace   ] GC(28) Metaspace: 94460K(95680K)->94460K(95680K) NonClass: 80517K(81216K)->80517K(81216K) Class: 13943K(14464K)->13943K(14464K)
[674.260s][info ][gc             ] GC(28) Pause Young (Allocation Failure) 2000M->285M(2160M) 4.314ms
[674.260s][info ][gc,cpu         ] GC(28) User=0.02s Sys=0.00s Real=0.01s
[674.260s][info ][safepoint      ] Safepoint "ParallelGCFailedAllocation", Time since last: 1965505112 ns, Reaching safepoint: 7700 ns, Cleanup: 17801 ns, At safepoint: 4393572 ns, Total: 4419073 ns
[675.260s][info ][safepoint      ] Safepoint "Cleanup", Time since last: 1000081378 ns, Reaching safepoint: 79305 ns, Cleanup: 13900 ns, At safepoint: 5701 ns, Total: 98906 ns
[676.261s][info ][safepoint      ] Safepoint "Cleanup", Time since last: 1000125680 ns, Reaching safepoint: 79705 ns, Cleanup: 16201 ns, At safepoint: 6801 ns, Total: 102707 ns
[678.261s][info ][safepoint      ] Safepoint "Cleanup", Time since last: 2000202558 ns, Reaching safepoint: 86905 ns, Cleanup: 13601 ns, At safepoint: 9300 ns, Total: 109806 ns
[681.261s][info ][safepoint      ] Safepoint "Cleanup", Time since last: 3000278257 ns, Reaching safepoint: 87905 ns, Cleanup: 19301 ns, At safepoint: 9601 ns, Total: 116807 ns
[682.262s][info ][safepoint      ] Safepoint "Cleanup", Time since last: 1000149784 ns, Reaching safepoint: 83305 ns, Cleanup: 13701 ns, At safepoint: 6500 ns, Total: 103506 ns
[688.262s][info ][safepoint      ] Safepoint "Cleanup", Time since last: 6000518180 ns, Reaching safepoint: 84005 ns, Cleanup: 10401 ns, At safepoint: 7801 ns, Total: 102207 ns
[690.263s][info ][safepoint      ] Safepoint "Cleanup", Time since last: 2000251716 ns, Reaching safepoint: 85105 ns, Cleanup: 15901 ns, At safepoint: 7301 ns, Total: 108307 ns
[691.263s][info ][safepoint      ] Safepoint "Cleanup", Time since last: 1000146609 ns, Reaching safepoint: 79905 ns, Cleanup: 16701 ns, At safepoint: 7600 ns, Total: 104206 ns
[692.263s][info ][safepoint      ] Safepoint "Cleanup", Time since last: 1000125709 ns, Reaching safepoint: 81705 ns, Cleanup: 15001 ns, At safepoint: 6400 ns, Total: 103106 ns
[695.263s][info ][safepoint      ] Safepoint "Cleanup", Time since last: 3000294019 ns, Reaching safepoint: 86906 ns, Cleanup: 15201 ns, At safepoint: 9600 ns, Total: 111707 ns
[696.264s][info ][safepoint      ] Safepoint "Cleanup", Time since last: 1000182214 ns, Reaching safepoint: 95206 ns, Cleanup: 83404 ns, At safepoint: 8801 ns, Total: 187411 ns
[696.970s][info ][safepoint      ] Safepoint "ICBufferFull", Time since last: 705684986 ns, Reaching safepoint: 91405 ns, Cleanup: 164710 ns, At safepoint: 26301 ns, Total: 282416 ns
[697.322s][info ][safepoint      ] Safepoint "ICBufferFull", Time since last: 352081350 ns, Reaching safepoint: 9700 ns, Cleanup: 173910 ns, At safepoint: 6601 ns, Total: 190211 ns
[697.779s][info ][gc,start       ] GC(29) Pause Young (CodeCache GC Threshold)
[697.799s][debug][gc,phases      ] GC(29) Scavenge 19.790ms
[697.799s][debug][gc,ref         ] GC(29) ReferenceProcessor::execute queues: 1, RefProcThreadModel::Single, marks_oops_alive: false
[697.799s][debug][gc,ref         ] GC(29) Skipped KeepAliveFinalRefsPhase of Reference Processing: no references
[697.799s][debug][gc,ref         ] GC(29) ReferenceProcessor::execute queues: 1, RefProcThreadModel::Single, marks_oops_alive: false
[697.799s][debug][gc,phases      ] GC(29) Reference Processing 0.164ms
[697.800s][debug][gc,phases      ] GC(29)   VM Weak                        Min:  0.0, Avg:  0.0, Max:  0.0, Diff:  0.0, Sum:  0.0, Workers: 4
[697.800s][debug][gc,phases      ] GC(29)     Dead                           Min: 0, Avg:  0.0, Max: 0, Diff: 0, Sum: 0, Workers: 4
[697.800s][debug][gc,phases      ] GC(29)     Total                          Min: 0, Avg: 230.8, Max: 448, Diff: 448, Sum: 923, Workers: 4
[697.800s][debug][gc,phases      ] GC(29)   ObjectSynchronizer Weak        Min:  0.0, Avg:  0.0, Max:  0.0, Diff:  0.0, Sum:  0.0, Workers: 4
[697.800s][debug][gc,phases      ] GC(29)     Dead                           Min: 0, Avg:  0.5, Max: 2, Diff: 2, Sum: 2, Workers: 4
[697.800s][debug][gc,phases      ] GC(29)     Total                          Min: 0, Avg:  2.0, Max: 8, Diff: 8, Sum: 8, Workers: 4
[697.800s][debug][gc,phases      ] GC(29)   JVMTI Tag Weak OopStorage      Min:  0.0, Avg:  0.0, Max:  0.0, Diff:  0.0, Sum:  0.0, Workers: 4
[697.800s][debug][gc,phases      ] GC(29)     Dead                           Min: 0, Avg:  0.0, Max: 0, Diff: 0, Sum: 0, Workers: 4
[697.800s][debug][gc,phases      ] GC(29)     Total                          Min: 0, Avg:  0.0, Max: 0, Diff: 0, Sum: 0, Workers: 4
[697.800s][debug][gc,phases      ] GC(29)   StringTable Weak               Min:  0.1, Avg:  0.1, Max:  0.1, Diff:  0.0, Sum:  0.5, Workers: 4
[697.800s][debug][gc,phases      ] GC(29)     Dead                           Min: 0, Avg:  0.2, Max: 1, Diff: 1, Sum: 1, Workers: 4
[697.800s][debug][gc,phases      ] GC(29)     Total                          Min: 10936, Avg: 12030.0, Max: 12672, Diff: 1736, Sum: 48120, Workers: 4
[697.800s][debug][gc,phases      ] GC(29)   ResolvedMethodTable Weak       Min:  0.0, Avg:  0.0, Max:  0.0, Diff:  0.0, Sum:  0.1, Workers: 4
[697.800s][debug][gc,phases      ] GC(29)     Dead                           Min: 0, Avg:  5.8, Max: 16, Diff: 16, Sum: 23, Workers: 4
[697.800s][debug][gc,phases      ] GC(29)     Total                          Min: 2893, Avg: 3221.5, Max: 3437, Diff: 544, Sum: 12886, Workers: 4
[697.800s][debug][gc,phases      ] GC(29)   JNI Weak                       Min:  0.0, Avg:  0.0, Max:  0.0, Diff:  0.0, Sum:  0.0, Workers: 4
[697.800s][debug][gc,phases      ] GC(29)     Dead                           Min: 0, Avg:  0.0, Max: 0, Diff: 0, Sum: 0, Workers: 4
[697.800s][debug][gc,phases      ] GC(29)     Total                          Min: 0, Avg: 15.2, Max: 48, Diff: 48, Sum: 61, Workers: 4
[697.800s][debug][gc,phases      ] GC(29)   StringDedup Table Weak         Min:  0.0, Avg:  0.0, Max:  0.0, Diff:  0.0, Sum:  0.0, Workers: 4
[697.800s][debug][gc,phases      ] GC(29)     Dead                           Min: 0, Avg:  0.0, Max: 0, Diff: 0, Sum: 0, Workers: 4
[697.800s][debug][gc,phases      ] GC(29)     Total                          Min: 0, Avg:  0.0, Max: 0, Diff: 0, Sum: 0, Workers: 4
[697.800s][debug][gc,phases      ] GC(29)   StringDedup Requests0 Weak     Min:  0.0, Avg:  0.0, Max:  0.0, Diff:  0.0, Sum:  0.0, Workers: 4
[697.800s][debug][gc,phases      ] GC(29)     Dead                           Min: 0, Avg:  0.0, Max: 0, Diff: 0, Sum: 0, Workers: 4
[697.800s][debug][gc,phases      ] GC(29)     Total                          Min: 0, Avg:  0.0, Max: 0, Diff: 0, Sum: 0, Workers: 4
[697.800s][debug][gc,phases      ] GC(29)   StringDedup Requests1 Weak     Min:  0.0, Avg:  0.0, Max:  0.0, Diff:  0.0, Sum:  0.0, Workers: 4
[697.800s][debug][gc,phases      ] GC(29)     Dead                           Min: 0, Avg:  0.0, Max: 0, Diff: 0, Sum: 0, Workers: 4
[697.800s][debug][gc,phases      ] GC(29)     Total                          Min: 0, Avg:  0.0, Max: 0, Diff: 0, Sum: 0, Workers: 4
[697.800s][debug][gc,phases      ] GC(29)   Weak JFR Old Object Samples    Min:  0.0, Avg:  0.0, Max:  0.0, Diff:  0.0, Sum:  0.0, Workers: 4
[697.800s][debug][gc,phases      ] GC(29)     Dead                           Min: 0, Avg:  0.0, Max: 0, Diff: 0, Sum: 0, Workers: 4
[697.800s][debug][gc,phases      ] GC(29)     Total                          Min: 0, Avg:  0.0, Max: 0, Diff: 0, Sum: 0, Workers: 4
[697.800s][debug][gc,phases      ] GC(29) Weak Processing 0.392ms
[697.800s][debug][gc,age         ] GC(29) Desired survivor size 147849216 bytes, new threshold 1 (max threshold 15)
[697.800s][info ][gc,heap        ] GC(29) PSYoungGen: 1273893K(1922048K)->28436K(1952768K) Eden: 1272100K(1756672K)->0K(1796608K) From: 1792K(165376K)->28436K(156160K)
[697.800s][info ][gc,heap        ] GC(29) ParOldGen: 290058K(290304K)->290626K(290816K)
[697.800s][info ][gc,metaspace   ] GC(29) Metaspace: 94688K(95872K)->94688K(95872K) NonClass: 80731K(81408K)->80731K(81408K) Class: 13956K(14464K)->13956K(14464K)
[697.800s][info ][gc             ] GC(29) Pause Young (CodeCache GC Threshold) 1527M->311M(2191M) 20.508ms
[697.800s][info ][gc,cpu         ] GC(29) User=0.06s Sys=0.00s Real=0.02s
[697.800s][debug][gc,phases      ] GC(30) Pre Compact 0.010ms
[697.800s][info ][gc,start       ] GC(30) Pause Full (CodeCache GC Threshold)
[697.800s][info ][gc,phases,start] GC(30) Marking Phase
[697.913s][debug][gc,phases      ] GC(30) Par Mark 113.143ms
[697.914s][debug][gc,ref         ] GC(30) ReferenceProcessor::execute queues: 4, RefProcThreadModel::Multi, marks_oops_alive: false
[697.914s][debug][gc,ref         ] GC(30) Skipped KeepAliveFinalRefsPhase of Reference Processing: no references
[697.914s][debug][gc,ref         ] GC(30) ReferenceProcessor::execute queues: 1, RefProcThreadModel::Single, marks_oops_alive: false
[697.914s][debug][gc,phases      ] GC(30) Reference Processing 1.087ms
[697.915s][debug][gc,phases      ] GC(30)   VM Weak                        Min:  0.0, Avg:  0.0, Max:  0.0, Diff:  0.0, Sum:  0.0, Workers: 4
[697.915s][debug][gc,phases      ] GC(30)     Dead                           Min: 0, Avg:  0.0, Max: 0, Diff: 0, Sum: 0, Workers: 4
[697.915s][debug][gc,phases      ] GC(30)     Total                          Min: 64, Avg: 230.8, Max: 512, Diff: 448, Sum: 923, Workers: 4
[697.915s][debug][gc,phases      ] GC(30)   ObjectSynchronizer Weak        Min:  0.0, Avg:  0.0, Max:  0.0, Diff:  0.0, Sum:  0.0, Workers: 4
[697.915s][debug][gc,phases      ] GC(30)     Dead                           Min: 0, Avg:  0.0, Max: 0, Diff: 0, Sum: 0, Workers: 4
[697.915s][debug][gc,phases      ] GC(30)     Total                          Min: 0, Avg:  2.0, Max: 8, Diff: 8, Sum: 8, Workers: 4
[697.915s][debug][gc,phases      ] GC(30)   JVMTI Tag Weak OopStorage      Min:  0.0, Avg:  0.0, Max:  0.0, Diff:  0.0, Sum:  0.0, Workers: 4
[697.915s][debug][gc,phases      ] GC(30)     Dead                           Min: 0, Avg:  0.0, Max: 0, Diff: 0, Sum: 0, Workers: 4
[697.915s][debug][gc,phases      ] GC(30)     Total                          Min: 0, Avg:  0.0, Max: 0, Diff: 0, Sum: 0, Workers: 4
[697.915s][debug][gc,phases      ] GC(30)   StringTable Weak               Min:  0.2, Avg:  0.2, Max:  0.2, Diff:  0.0, Sum:  0.9, Workers: 4
[697.915s][debug][gc,phases      ] GC(30)     Dead                           Min: 0, Avg:  0.0, Max: 0, Diff: 0, Sum: 0, Workers: 4
[697.915s][debug][gc,phases      ] GC(30)     Total                          Min: 11264, Avg: 12030.0, Max: 12544, Diff: 1280, Sum: 48120, Workers: 4
[697.915s][debug][gc,phases      ] GC(30)   ResolvedMethodTable Weak       Min:  0.0, Avg:  0.1, Max:  0.1, Diff:  0.0, Sum:  0.2, Workers: 4
[697.915s][debug][gc,phases      ] GC(30)     Dead                           Min: 0, Avg:  0.0, Max: 0, Diff: 0, Sum: 0, Workers: 4
[697.915s][debug][gc,phases      ] GC(30)     Total                          Min: 2543, Avg: 3221.5, Max: 3518, Diff: 975, Sum: 12886, Workers: 4
[697.915s][debug][gc,phases      ] GC(30)   JNI Weak                       Min:  0.0, Avg:  0.0, Max:  0.0, Diff:  0.0, Sum:  0.0, Workers: 4
[697.915s][debug][gc,phases      ] GC(30)     Dead                           Min: 0, Avg:  0.0, Max: 0, Diff: 0, Sum: 0, Workers: 4
[697.915s][debug][gc,phases      ] GC(30)     Total                          Min: 0, Avg: 15.2, Max: 48, Diff: 48, Sum: 61, Workers: 4
[697.915s][debug][gc,phases      ] GC(30)   StringDedup Table Weak         Min:  0.0, Avg:  0.0, Max:  0.0, Diff:  0.0, Sum:  0.0, Workers: 4
[697.915s][debug][gc,phases      ] GC(30)     Dead                           Min: 0, Avg:  0.0, Max: 0, Diff: 0, Sum: 0, Workers: 4
[697.915s][debug][gc,phases      ] GC(30)     Total                          Min: 0, Avg:  0.0, Max: 0, Diff: 0, Sum: 0, Workers: 4
[697.915s][debug][gc,phases      ] GC(30)   StringDedup Requests0 Weak     Min:  0.0, Avg:  0.0, Max:  0.0, Diff:  0.0, Sum:  0.0, Workers: 4
[697.915s][debug][gc,phases      ] GC(30)     Dead                           Min: 0, Avg:  0.0, Max: 0, Diff: 0, Sum: 0, Workers: 4
[697.915s][debug][gc,phases      ] GC(30)     Total                          Min: 0, Avg:  0.0, Max: 0, Diff: 0, Sum: 0, Workers: 4
[697.915s][debug][gc,phases      ] GC(30)   StringDedup Requests1 Weak     Min:  0.0, Avg:  0.0, Max:  0.0, Diff:  0.0, Sum:  0.0, Workers: 4
[697.915s][debug][gc,phases      ] GC(30)     Dead                           Min: 0, Avg:  0.0, Max: 0, Diff: 0, Sum: 0, Workers: 4
[697.915s][debug][gc,phases      ] GC(30)     Total                          Min: 0, Avg:  0.0, Max: 0, Diff: 0, Sum: 0, Workers: 4
[697.915s][debug][gc,phases      ] GC(30)   Weak JFR Old Object Samples    Min:  0.0, Avg:  0.0, Max:  0.0, Diff:  0.0, Sum:  0.0, Workers: 4
[697.915s][debug][gc,phases      ] GC(30)     Dead                           Min: 0, Avg:  0.0, Max: 0, Diff: 0, Sum: 0, Workers: 4
[697.915s][debug][gc,phases      ] GC(30)     Total                          Min: 0, Avg:  0.0, Max: 0, Diff: 0, Sum: 0, Workers: 4
[697.915s][debug][gc,phases      ] GC(30) Weak Processing 0.521ms
[697.915s][debug][gc,phases      ] GC(30) ClassLoaderData 0.130ms
[697.915s][debug][gc,phases      ] GC(30) Trigger cleanups 0.000ms
[697.970s][debug][gc,phases      ] GC(30) Purge Unlinked NMethods 2.161ms
[697.970s][debug][gc,phases      ] GC(30) Unregister NMethods 0.001ms
[697.971s][debug][gc,phases      ] GC(30) Free Code Blobs 0.318ms
[697.971s][debug][gc,phases      ] GC(30) Class Unloading 55.816ms
[697.971s][debug][gc,phases      ] GC(30) Report Object Count 0.001ms
[697.971s][info ][gc,phases      ] GC(30) Marking Phase 170.648ms
[697.971s][info ][gc,phases,start] GC(30) Summary Phase
[697.971s][info ][gc,phases      ] GC(30) Summary Phase 0.011ms
[697.971s][info ][gc,phases,start] GC(30) Adjust Roots
[697.999s][info ][gc,phases      ] GC(30) Adjust Roots 28.655ms
[697.999s][info ][gc,phases,start] GC(30) Compaction Phase
[698.208s][info ][gc,phases      ] GC(30) Compaction Phase 208.806ms
[698.208s][info ][gc,phases,start] GC(30) Post Compact
[698.210s][debug][gc,phases      ] GC(30) Purge Class Loader Data 0.640ms
[698.210s][info ][gc,phases      ] GC(30) Post Compact 2.080ms
[698.210s][info ][gc,heap        ] GC(30) PSYoungGen: 28436K(1952768K)->2762K(1952768K) Eden: 0K(1796608K)->0K(1796608K) From: 28436K(156160K)->2762K(156160K)
[698.210s][info ][gc,heap        ] GC(30) ParOldGen: 290626K(290816K)->290631K(290816K)
[698.210s][info ][gc,metaspace   ] GC(30) Metaspace: 94688K(95872K)->94688K(95872K) NonClass: 80731K(81408K)->80731K(81408K) Class: 13956K(14464K)->13956K(14464K)
[698.210s][info ][gc             ] GC(30) Pause Full (CodeCache GC Threshold) 311M->286M(2191M) 410.503ms
[698.211s][info ][gc,cpu         ] GC(30) User=1.24s Sys=0.01s Real=0.41s
[698.211s][info ][safepoint      ] Safepoint "ParallelGCSystemGC", Time since last: 457101389 ns, Reaching safepoint: 88705 ns, Cleanup: 112607 ns, At safepoint: 431194399 ns, Total: 431395711 ns
[699.105s][info ][safepoint      ] Safepoint "ICBufferFull", Time since last: 894300134 ns, Reaching safepoint: 79605 ns, Cleanup: 281016 ns, At safepoint: 5200 ns, Total: 365821 ns
[699.555s][info ][safepoint      ] Safepoint "ICBufferFull", Time since last: 449961379 ns, Reaching safepoint: 9601 ns, Cleanup: 167309 ns, At safepoint: 8701 ns, Total: 185611 ns
[700.556s][info ][safepoint      ] Safepoint "Cleanup", Time since last: 1000130621 ns, Reaching safepoint: 90805 ns, Cleanup: 169710 ns, At safepoint: 11600 ns, Total: 272115 ns
[701.437s][info ][gc,start       ] GC(31) Pause Young (Allocation Failure)
[701.500s][debug][gc,phases      ] GC(31) Scavenge 63.603ms
[701.500s][debug][gc,ref         ] GC(31) ReferenceProcessor::execute queues: 1, RefProcThreadModel::Single, marks_oops_alive: false
[701.501s][debug][gc,ref         ] GC(31) Skipped KeepAliveFinalRefsPhase of Reference Processing: no references
[701.501s][debug][gc,ref         ] GC(31) ReferenceProcessor::execute queues: 1, RefProcThreadModel::Single, marks_oops_alive: false
[701.501s][debug][gc,phases      ] GC(31) Reference Processing 0.180ms
[701.501s][debug][gc,phases      ] GC(31)   VM Weak                        Min:  0.0, Avg:  0.0, Max:  0.0, Diff:  0.0, Sum:  0.0, Workers: 4
[701.501s][debug][gc,phases      ] GC(31)     Dead                           Min: 0, Avg:  0.0, Max: 0, Diff: 0, Sum: 0, Workers: 4
[701.501s][debug][gc,phases      ] GC(31)     Total                          Min: 0, Avg: 242.8, Max: 640, Diff: 640, Sum: 971, Workers: 4
[701.501s][debug][gc,phases      ] GC(31)   ObjectSynchronizer Weak        Min:  0.0, Avg:  0.0, Max:  0.0, Diff:  0.0, Sum:  0.0, Workers: 4
[701.501s][debug][gc,phases      ] GC(31)     Dead                           Min: 0, Avg:  0.0, Max: 0, Diff: 0, Sum: 0, Workers: 4
[701.501s][debug][gc,phases      ] GC(31)     Total                          Min: 0, Avg:  2.0, Max: 8, Diff: 8, Sum: 8, Workers: 4
[701.501s][debug][gc,phases      ] GC(31)   JVMTI Tag Weak OopStorage      Min:  0.0, Avg:  0.0, Max:  0.0, Diff:  0.0, Sum:  0.0, Workers: 4
[701.501s][debug][gc,phases      ] GC(31)     Dead                           Min: 0, Avg:  0.0, Max: 0, Diff: 0, Sum: 0, Workers: 4
[701.501s][debug][gc,phases      ] GC(31)     Total                          Min: 0, Avg:  0.0, Max: 0, Diff: 0, Sum: 0, Workers: 4
[701.501s][debug][gc,phases      ] GC(31)   StringTable Weak               Min:  0.0, Avg:  0.1, Max:  0.2, Diff:  0.2, Sum:  0.5, Workers: 4
[701.501s][debug][gc,phases      ] GC(31)     Dead                           Min: 0, Avg:  0.8, Max: 3, Diff: 3, Sum: 3, Workers: 4
[701.501s][debug][gc,phases      ] GC(31)     Total                          Min: 0, Avg: 12057.8, Max: 17728, Diff: 17728, Sum: 48231, Workers: 4
[701.501s][debug][gc,phases      ] GC(31)   ResolvedMethodTable Weak       Min:  0.0, Avg:  0.0, Max:  0.1, Diff:  0.1, Sum:  0.1, Workers: 4
[701.501s][debug][gc,phases      ] GC(31)     Dead                           Min: 0, Avg:  3.8, Max: 6, Diff: 6, Sum: 15, Workers: 4
[701.501s][debug][gc,phases      ] GC(31)     Total                          Min: 0, Avg: 3279.2, Max: 4448, Diff: 4448, Sum: 13117, Workers: 4
[701.501s][debug][gc,phases      ] GC(31)   JNI Weak                       Min:  0.0, Avg:  0.0, Max:  0.0, Diff:  0.0, Sum:  0.0, Workers: 4
[701.501s][debug][gc,phases      ] GC(31)     Dead                           Min: 0, Avg:  0.0, Max: 0, Diff: 0, Sum: 0, Workers: 4
[701.501s][debug][gc,phases      ] GC(31)     Total                          Min: 0, Avg: 13.2, Max: 53, Diff: 53, Sum: 53, Workers: 4
[701.501s][debug][gc,phases      ] GC(31)   StringDedup Table Weak         Min:  0.0, Avg:  0.0, Max:  0.0, Diff:  0.0, Sum:  0.0, Workers: 4
[701.501s][debug][gc,phases      ] GC(31)     Dead                           Min: 0, Avg:  0.0, Max: 0, Diff: 0, Sum: 0, Workers: 4
[701.501s][debug][gc,phases      ] GC(31)     Total                          Min: 0, Avg:  0.0, Max: 0, Diff: 0, Sum: 0, Workers: 4
[701.501s][debug][gc,phases      ] GC(31)   StringDedup Requests0 Weak     Min:  0.0, Avg:  0.0, Max:  0.0, Diff:  0.0, Sum:  0.0, Workers: 4
[701.501s][debug][gc,phases      ] GC(31)     Dead                           Min: 0, Avg:  0.0, Max: 0, Diff: 0, Sum: 0, Workers: 4
[701.501s][debug][gc,phases      ] GC(31)     Total                          Min: 0, Avg:  0.0, Max: 0, Diff: 0, Sum: 0, Workers: 4
[701.501s][debug][gc,phases      ] GC(31)   StringDedup Requests1 Weak     Min:  0.0, Avg:  0.0, Max:  0.0, Diff:  0.0, Sum:  0.0, Workers: 4
[701.501s][debug][gc,phases      ] GC(31)     Dead                           Min: 0, Avg:  0.0, Max: 0, Diff: 0, Sum: 0, Workers: 4
[701.501s][debug][gc,phases      ] GC(31)     Total                          Min: 0, Avg:  0.0, Max: 0, Diff: 0, Sum: 0, Workers: 4
[701.501s][debug][gc,phases      ] GC(31)   Weak JFR Old Object Samples    Min:  0.0, Avg:  0.0, Max:  0.0, Diff:  0.0, Sum:  0.0, Workers: 4
[701.501s][debug][gc,phases      ] GC(31)     Dead                           Min: 0, Avg:  0.0, Max: 0, Diff: 0, Sum: 0, Workers: 4
[701.501s][debug][gc,phases      ] GC(31)     Total                          Min: 0, Avg:  0.0, Max: 0, Diff: 0, Sum: 0, Workers: 4
[701.501s][debug][gc,phases      ] GC(31) Weak Processing 0.469ms
[701.501s][debug][gc,age         ] GC(31) Desired survivor size 143654912 bytes, new threshold 1 (max threshold 15)
[701.501s][info ][gc,heap        ] GC(31) PSYoungGen: 1799370K(1952768K)->47424K(1940992K) Eden: 1796608K(1796608K)->0K(1796608K) From: 2762K(156160K)->47424K(144384K)
[701.501s][info ][gc,heap        ] GC(31) ParOldGen: 290631K(290816K)->293335K(293376K)
[701.501s][info ][gc,metaspace   ] GC(31) Metaspace: 95182K(96512K)->95182K(96512K) NonClass: 81156K(81920K)->81156K(81920K) Class: 14025K(14592K)->14025K(14592K)
[701.501s][info ][gc             ] GC(31) Pause Young (Allocation Failure) 2041M->332M(2182M) 64.425ms
[701.501s][info ][gc,cpu         ] GC(31) User=0.20s Sys=0.00s Real=0.06s
[701.501s][info ][safepoint      ] Safepoint "ParallelGCFailedAllocation", Time since last: 877425564 ns, Reaching safepoint: 3263988 ns, Cleanup: 150508 ns, At safepoint: 64545513 ns, Total: 67960009 ns
[702.501s][info ][safepoint      ] Safepoint "Cleanup", Time since last: 1000087018 ns, Reaching safepoint: 86705 ns, Cleanup: 84005 ns, At safepoint: 9100 ns, Total: 179810 ns
[704.017s][info ][safepoint      ] Safepoint "Cleanup", Time since last: 1514806675 ns, Reaching safepoint: 120507 ns, Cleanup: 168009 ns, At safepoint: 5801 ns, Total: 294317 ns
[705.017s][info ][safepoint      ] Safepoint "Cleanup", Time since last: 1000129290 ns, Reaching safepoint: 83205 ns, Cleanup: 36102 ns, At safepoint: 8800 ns, Total: 128107 ns
[706.017s][info ][safepoint      ] Safepoint "Cleanup", Time since last: 1000136091 ns, Reaching safepoint: 79704 ns, Cleanup: 40502 ns, At safepoint: 6601 ns, Total: 126807 ns
[706.459s][info ][gc,start       ] GC(32) Pause Young (Allocation Failure)
[706.497s][debug][gc,phases      ] GC(32) Scavenge 37.145ms
[706.497s][debug][gc,ref         ] GC(32) ReferenceProcessor::execute queues: 1, RefProcThreadModel::Single, marks_oops_alive: false
[706.497s][debug][gc,ref         ] GC(32) Skipped KeepAliveFinalRefsPhase of Reference Processing: no references
[706.497s][debug][gc,ref         ] GC(32) ReferenceProcessor::execute queues: 1, RefProcThreadModel::Single, marks_oops_alive: false
[706.497s][debug][gc,phases      ] GC(32) Reference Processing 0.139ms
[706.497s][debug][gc,phases      ] GC(32)   VM Weak                        Min:  0.0, Avg:  0.0, Max:  0.0, Diff:  0.0, Sum:  0.0, Workers: 4
[706.497s][debug][gc,phases      ] GC(32)     Dead                           Min: 0, Avg:  0.0, Max: 0, Diff: 0, Sum: 0, Workers: 4
[706.497s][debug][gc,phases      ] GC(32)     Total                          Min: 0, Avg: 243.0, Max: 972, Diff: 972, Sum: 972, Workers: 4
[706.497s][debug][gc,phases      ] GC(32)   ObjectSynchronizer Weak        Min:  0.0, Avg:  0.0, Max:  0.0, Diff:  0.0, Sum:  0.0, Workers: 4
[706.497s][debug][gc,phases      ] GC(32)     Dead                           Min: 0, Avg:  0.0, Max: 0, Diff: 0, Sum: 0, Workers: 4
[706.497s][debug][gc,phases      ] GC(32)     Total                          Min: 0, Avg:  2.0, Max: 8, Diff: 8, Sum: 8, Workers: 4
[706.497s][debug][gc,phases      ] GC(32)   JVMTI Tag Weak OopStorage      Min:  0.0, Avg:  0.0, Max:  0.0, Diff:  0.0, Sum:  0.0, Workers: 4
[706.497s][debug][gc,phases      ] GC(32)     Dead                           Min: 0, Avg:  0.0, Max: 0, Diff: 0, Sum: 0, Workers: 4
[706.497s][debug][gc,phases      ] GC(32)     Total                          Min: 0, Avg:  0.0, Max: 0, Diff: 0, Sum: 0, Workers: 4
[706.497s][debug][gc,phases      ] GC(32)   StringTable Weak               Min:  0.0, Avg:  0.1, Max:  0.2, Diff:  0.2, Sum:  0.5, Workers: 4
[706.497s][debug][gc,phases      ] GC(32)     Dead                           Min: 0, Avg:  0.8, Max: 2, Diff: 2, Sum: 3, Workers: 4
[706.497s][debug][gc,phases      ] GC(32)     Total                          Min: 0, Avg: 12082.2, Max: 16832, Diff: 16832, Sum: 48329, Workers: 4
[706.497s][debug][gc,phases      ] GC(32)   ResolvedMethodTable Weak       Min:  0.0, Avg:  0.0, Max:  0.1, Diff:  0.1, Sum:  0.2, Workers: 4
[706.497s][debug][gc,phases      ] GC(32)     Dead                           Min: 0, Avg:  9.8, Max: 27, Diff: 27, Sum: 39, Workers: 4
[706.497s][debug][gc,phases      ] GC(32)     Total                          Min: 0, Avg: 3305.5, Max: 4936, Diff: 4936, Sum: 13222, Workers: 4
[706.497s][debug][gc,phases      ] GC(32)   JNI Weak                       Min:  0.0, Avg:  0.0, Max:  0.0, Diff:  0.0, Sum:  0.0, Workers: 4
[706.497s][debug][gc,phases      ] GC(32)     Dead                           Min: 0, Avg:  0.0, Max: 0, Diff: 0, Sum: 0, Workers: 4
[706.497s][debug][gc,phases      ] GC(32)     Total                          Min: 0, Avg: 12.0, Max: 48, Diff: 48, Sum: 48, Workers: 4
[706.497s][debug][gc,phases      ] GC(32)   StringDedup Table Weak         Min:  0.0, Avg:  0.0, Max:  0.0, Diff:  0.0, Sum:  0.0, Workers: 4
[706.497s][debug][gc,phases      ] GC(32)     Dead                           Min: 0, Avg:  0.0, Max: 0, Diff: 0, Sum: 0, Workers: 4
[706.497s][debug][gc,phases      ] GC(32)     Total                          Min: 0, Avg:  0.0, Max: 0, Diff: 0, Sum: 0, Workers: 4
[706.497s][debug][gc,phases      ] GC(32)   StringDedup Requests0 Weak     Min:  0.0, Avg:  0.0, Max:  0.0, Diff:  0.0, Sum:  0.0, Workers: 4
[706.497s][debug][gc,phases      ] GC(32)     Dead                           Min: 0, Avg:  0.0, Max: 0, Diff: 0, Sum: 0, Workers: 4
[706.497s][debug][gc,phases      ] GC(32)     Total                          Min: 0, Avg:  0.0, Max: 0, Diff: 0, Sum: 0, Workers: 4
[706.497s][debug][gc,phases      ] GC(32)   StringDedup Requests1 Weak     Min:  0.0, Avg:  0.0, Max:  0.0, Diff:  0.0, Sum:  0.0, Workers: 4
[706.497s][debug][gc,phases      ] GC(32)     Dead                           Min: 0, Avg:  0.0, Max: 0, Diff: 0, Sum: 0, Workers: 4
[706.497s][debug][gc,phases      ] GC(32)     Total                          Min: 0, Avg:  0.0, Max: 0, Diff: 0, Sum: 0, Workers: 4
[706.497s][debug][gc,phases      ] GC(32)   Weak JFR Old Object Samples    Min:  0.0, Avg:  0.0, Max:  0.0, Diff:  0.0, Sum:  0.0, Workers: 4
[706.497s][debug][gc,phases      ] GC(32)     Dead                           Min: 0, Avg:  0.0, Max: 0, Diff: 0, Sum: 0, Workers: 4
[706.497s][debug][gc,phases      ] GC(32)     Total                          Min: 0, Avg:  0.0, Max: 0, Diff: 0, Sum: 0, Workers: 4
[706.497s][debug][gc,phases      ] GC(32) Weak Processing 0.486ms
[706.497s][debug][gc,age         ] GC(32) Desired survivor size 134217728 bytes, new threshold 1 (max threshold 15)
[706.497s][info ][gc,heap        ] GC(32) PSYoungGen: 1844032K(1940992K)->32605K(1966080K) Eden: 1796608K(1796608K)->0K(1825792K) From: 47424K(144384K)->32605K(140288K)
[706.497s][info ][gc,heap        ] GC(32) ParOldGen: 293335K(293376K)->340569K(340992K)
[706.497s][info ][gc,metaspace   ] GC(32) Metaspace: 95529K(96768K)->95529K(96768K) NonClass: 81464K(82176K)->81464K(82176K) Class: 14065K(14592K)->14065K(14592K)
[706.497s][info ][gc             ] GC(32) Pause Young (Allocation Failure) 2087M->364M(2253M) 37.927ms
[706.497s][info ][gc,cpu         ] GC(32) User=0.11s Sys=0.01s Real=0.04s
[706.497s][info ][safepoint      ] Safepoint "ParallelGCFailedAllocation", Time since last: 442256068 ns, Reaching safepoint: 10401 ns, Cleanup: 17701 ns, At safepoint: 38019255 ns, Total: 38047357 ns
[707.497s][info ][safepoint      ] Safepoint "Cleanup", Time since last: 1000080787 ns, Reaching safepoint: 7400 ns, Cleanup: 31302 ns, At safepoint: 2800 ns, Total: 41502 ns
[708.498s][info ][safepoint      ] Safepoint "Cleanup", Time since last: 1000117190 ns, Reaching safepoint: 9300 ns, Cleanup: 67904 ns, At safepoint: 3800 ns, Total: 81004 ns
[709.498s][info ][safepoint      ] Safepoint "Cleanup", Time since last: 1000121489 ns, Reaching safepoint: 8900 ns, Cleanup: 55804 ns, At safepoint: 6500 ns, Total: 71204 ns
[710.498s][info ][safepoint      ] Safepoint "Cleanup", Time since last: 1000103477 ns, Reaching safepoint: 83305 ns, Cleanup: 43003 ns, At safepoint: 12801 ns, Total: 139109 ns
[711.498s][info ][safepoint      ] Safepoint "Cleanup", Time since last: 1000114878 ns, Reaching safepoint: 9400 ns, Cleanup: 54604 ns, At safepoint: 3300 ns, Total: 67304 ns
[712.498s][info ][safepoint      ] Safepoint "Cleanup", Time since last: 1000122301 ns, Reaching safepoint: 8000 ns, Cleanup: 69704 ns, At safepoint: 3000 ns, Total: 80704 ns
[713.499s][info ][safepoint      ] Safepoint "Cleanup", Time since last: 1000140064 ns, Reaching safepoint: 8901 ns, Cleanup: 108306 ns, At safepoint: 6201 ns, Total: 123408 ns
[713.616s][info ][gc,start       ] GC(33) Pause Young (Allocation Failure)
[713.650s][debug][gc,phases      ] GC(33) Scavenge 33.714ms
[713.650s][debug][gc,ref         ] GC(33) ReferenceProcessor::execute queues: 1, RefProcThreadModel::Single, marks_oops_alive: false
[713.650s][debug][gc,ref         ] GC(33) Skipped KeepAliveFinalRefsPhase of Reference Processing: no references
[713.650s][debug][gc,ref         ] GC(33) ReferenceProcessor::execute queues: 1, RefProcThreadModel::Single, marks_oops_alive: false
[713.650s][debug][gc,phases      ] GC(33) Reference Processing 0.137ms
[713.651s][debug][gc,phases      ] GC(33)   VM Weak                        Min:  0.0, Avg:  0.0, Max:  0.0, Diff:  0.0, Sum:  0.0, Workers: 4
[713.651s][debug][gc,phases      ] GC(33)     Dead                           Min: 0, Avg:  0.0, Max: 0, Diff: 0, Sum: 0, Workers: 4
[713.651s][debug][gc,phases      ] GC(33)     Total                          Min: 0, Avg: 244.0, Max: 704, Diff: 704, Sum: 976, Workers: 4
[713.651s][debug][gc,phases      ] GC(33)   ObjectSynchronizer Weak        Min:  0.0, Avg:  0.0, Max:  0.0, Diff:  0.0, Sum:  0.0, Workers: 4
[713.651s][debug][gc,phases      ] GC(33)     Dead                           Min: 0, Avg:  0.0, Max: 0, Diff: 0, Sum: 0, Workers: 4
[713.651s][debug][gc,phases      ] GC(33)     Total                          Min: 0, Avg:  2.0, Max: 8, Diff: 8, Sum: 8, Workers: 4
[713.651s][debug][gc,phases      ] GC(33)   JVMTI Tag Weak OopStorage      Min:  0.0, Avg:  0.0, Max:  0.0, Diff:  0.0, Sum:  0.0, Workers: 4
[713.651s][debug][gc,phases      ] GC(33)     Dead                           Min: 0, Avg:  0.0, Max: 0, Diff: 0, Sum: 0, Workers: 4
[713.651s][debug][gc,phases      ] GC(33)     Total                          Min: 0, Avg:  0.0, Max: 0, Diff: 0, Sum: 0, Workers: 4
[713.651s][debug][gc,phases      ] GC(33)   StringTable Weak               Min:  0.0, Avg:  0.1, Max:  0.2, Diff:  0.2, Sum:  0.5, Workers: 4
[713.651s][debug][gc,phases      ] GC(33)     Dead                           Min: 0, Avg:  0.2, Max: 1, Diff: 1, Sum: 1, Workers: 4
[713.651s][debug][gc,phases      ] GC(33)     Total                          Min: 0, Avg: 12089.8, Max: 16704, Diff: 16704, Sum: 48359, Workers: 4
[713.651s][debug][gc,phases      ] GC(33)   ResolvedMethodTable Weak       Min:  0.0, Avg:  0.0, Max:  0.0, Diff:  0.0, Sum:  0.1, Workers: 4
[713.651s][debug][gc,phases      ] GC(33)     Dead                           Min: 0, Avg:  0.2, Max: 1, Diff: 1, Sum: 1, Workers: 4
[713.651s][debug][gc,phases      ] GC(33)     Total                          Min: 0, Avg: 3309.0, Max: 4701, Diff: 4701, Sum: 13236, Workers: 4
[713.651s][debug][gc,phases      ] GC(33)   JNI Weak                       Min:  0.0, Avg:  0.0, Max:  0.0, Diff:  0.0, Sum:  0.0, Workers: 4
[713.651s][debug][gc,phases      ] GC(33)     Dead                           Min: 0, Avg:  0.0, Max: 0, Diff: 0, Sum: 0, Workers: 4
[713.651s][debug][gc,phases      ] GC(33)     Total                          Min: 0, Avg: 12.0, Max: 48, Diff: 48, Sum: 48, Workers: 4
[713.651s][debug][gc,phases      ] GC(33)   StringDedup Table Weak         Min:  0.0, Avg:  0.0, Max:  0.0, Diff:  0.0, Sum:  0.0, Workers: 4
[713.651s][debug][gc,phases      ] GC(33)     Dead                           Min: 0, Avg:  0.0, Max: 0, Diff: 0, Sum: 0, Workers: 4
[713.651s][debug][gc,phases      ] GC(33)     Total                          Min: 0, Avg:  0.0, Max: 0, Diff: 0, Sum: 0, Workers: 4
[713.651s][debug][gc,phases      ] GC(33)   StringDedup Requests0 Weak     Min:  0.0, Avg:  0.0, Max:  0.0, Diff:  0.0, Sum:  0.0, Workers: 4
[713.651s][debug][gc,phases      ] GC(33)     Dead                           Min: 0, Avg:  0.0, Max: 0, Diff: 0, Sum: 0, Workers: 4
[713.651s][debug][gc,phases      ] GC(33)     Total                          Min: 0, Avg:  0.0, Max: 0, Diff: 0, Sum: 0, Workers: 4
[713.651s][debug][gc,phases      ] GC(33)   StringDedup Requests1 Weak     Min:  0.0, Avg:  0.0, Max:  0.0, Diff:  0.0, Sum:  0.0, Workers: 4
[713.651s][debug][gc,phases      ] GC(33)     Dead                           Min: 0, Avg:  0.0, Max: 0, Diff: 0, Sum: 0, Workers: 4
[713.651s][debug][gc,phases      ] GC(33)     Total                          Min: 0, Avg:  0.0, Max: 0, Diff: 0, Sum: 0, Workers: 4
[713.651s][debug][gc,phases      ] GC(33)   Weak JFR Old Object Samples    Min:  0.0, Avg:  0.0, Max:  0.0, Diff:  0.0, Sum:  0.0, Workers: 4
[713.651s][debug][gc,phases      ] GC(33)     Dead                           Min: 0, Avg:  0.0, Max: 0, Diff: 0, Sum: 0, Workers: 4
[713.651s][debug][gc,phases      ] GC(33)     Total                          Min: 0, Avg:  0.0, Max: 0, Diff: 0, Sum: 0, Workers: 4
[713.651s][debug][gc,phases      ] GC(33) Weak Processing 0.462ms
[713.651s][debug][gc,age         ] GC(33) Desired survivor size 125304832 bytes, new threshold 1 (max threshold 15)
[713.651s][info ][gc,heap        ] GC(33) PSYoungGen: 1858397K(1966080K)->33260K(1956864K) Eden: 1825792K(1825792K)->0K(1825792K) From: 32605K(140288K)->33260K(131072K)
[713.651s][info ][gc,heap        ] GC(33) ParOldGen: 340569K(340992K)->372460K(372736K)
[713.651s][info ][gc,metaspace   ] GC(33) Metaspace: 95655K(96960K)->95655K(96960K) NonClass: 81584K(82304K)->81584K(82304K) Class: 14071K(14656K)->14071K(14656K)
[713.651s][info ][gc             ] GC(33) Pause Young (Allocation Failure) 2147M->396M(2275M) 34.469ms
[713.651s][info ][gc,cpu         ] GC(33) User=0.09s Sys=0.02s Real=0.03s
[713.651s][info ][safepoint      ] Safepoint "ParallelGCFailedAllocation", Time since last: 117671172 ns, Reaching safepoint: 7801 ns, Cleanup: 4400 ns, At safepoint: 34559007 ns, Total: 34571208 ns
[714.651s][info ][safepoint      ] Safepoint "Cleanup", Time since last: 1000087960 ns, Reaching safepoint: 65304 ns, Cleanup: 63004 ns, At safepoint: 9701 ns, Total: 138009 ns
[715.651s][info ][safepoint      ] Safepoint "Cleanup", Time since last: 1000127663 ns, Reaching safepoint: 9600 ns, Cleanup: 49303 ns, At safepoint: 3400 ns, Total: 62303 ns
[716.652s][info ][safepoint      ] Safepoint "Cleanup", Time since last: 1000126963 ns, Reaching safepoint: 13201 ns, Cleanup: 41303 ns, At safepoint: 2900 ns, Total: 57404 ns
[717.653s][info ][safepoint      ] Safepoint "Cleanup", Time since last: 1000782503 ns, Reaching safepoint: 106006 ns, Cleanup: 49303 ns, At safepoint: 8200 ns, Total: 163509 ns
[718.653s][info ][safepoint      ] Safepoint "Cleanup", Time since last: 1000108262 ns, Reaching safepoint: 9701 ns, Cleanup: 23801 ns, At safepoint: 3200 ns, Total: 36702 ns
[719.281s][info ][gc,start       ] GC(34) Pause Young (Allocation Failure)
[719.314s][debug][gc,phases      ] GC(34) Scavenge 32.333ms
[719.314s][debug][gc,ref         ] GC(34) ReferenceProcessor::execute queues: 1, RefProcThreadModel::Single, marks_oops_alive: false
[719.314s][debug][gc,ref         ] GC(34) Skipped KeepAliveFinalRefsPhase of Reference Processing: no references
[719.314s][debug][gc,ref         ] GC(34) ReferenceProcessor::execute queues: 1, RefProcThreadModel::Single, marks_oops_alive: false
[719.314s][debug][gc,phases      ] GC(34) Reference Processing 0.137ms
[719.314s][debug][gc,phases      ] GC(34)   VM Weak                        Min:  0.0, Avg:  0.0, Max:  0.0, Diff:  0.0, Sum:  0.0, Workers: 4
[719.314s][debug][gc,phases      ] GC(34)     Dead                           Min: 0, Avg:  0.0, Max: 0, Diff: 0, Sum: 0, Workers: 4
[719.314s][debug][gc,phases      ] GC(34)     Total                          Min: 0, Avg: 246.0, Max: 704, Diff: 704, Sum: 984, Workers: 4
[719.314s][debug][gc,phases      ] GC(34)   ObjectSynchronizer Weak        Min:  0.0, Avg:  0.0, Max:  0.0, Diff:  0.0, Sum:  0.0, Workers: 4
[719.314s][debug][gc,phases      ] GC(34)     Dead                           Min: 0, Avg:  0.0, Max: 0, Diff: 0, Sum: 0, Workers: 4
[719.314s][debug][gc,phases      ] GC(34)     Total                          Min: 0, Avg:  2.0, Max: 8, Diff: 8, Sum: 8, Workers: 4
[719.314s][debug][gc,phases      ] GC(34)   JVMTI Tag Weak OopStorage      Min:  0.0, Avg:  0.0, Max:  0.0, Diff:  0.0, Sum:  0.0, Workers: 4
[719.314s][debug][gc,phases      ] GC(34)     Dead                           Min: 0, Avg:  0.0, Max: 0, Diff: 0, Sum: 0, Workers: 4
[719.314s][debug][gc,phases      ] GC(34)     Total                          Min: 0, Avg:  0.0, Max: 0, Diff: 0, Sum: 0, Workers: 4
[719.314s][debug][gc,phases      ] GC(34)   StringTable Weak               Min:  0.0, Avg:  0.1, Max:  0.2, Diff:  0.2, Sum:  0.5, Workers: 4
[719.314s][debug][gc,phases      ] GC(34)     Dead                           Min: 0, Avg:  0.5, Max: 2, Diff: 2, Sum: 2, Workers: 4
[719.314s][debug][gc,phases      ] GC(34)     Total                          Min: 0, Avg: 12094.0, Max: 16448, Diff: 16448, Sum: 48376, Workers: 4
[719.314s][debug][gc,phases      ] GC(34)   ResolvedMethodTable Weak       Min:  0.0, Avg:  0.0, Max:  0.0, Diff:  0.0, Sum:  0.1, Workers: 4
[719.314s][debug][gc,phases      ] GC(34)     Dead                           Min: 0, Avg:  1.0, Max: 3, Diff: 3, Sum: 4, Workers: 4
[719.314s][debug][gc,phases      ] GC(34)     Total                          Min: 0, Avg: 3317.8, Max: 5037, Diff: 5037, Sum: 13271, Workers: 4
[719.314s][debug][gc,phases      ] GC(34)   JNI Weak                       Min:  0.0, Avg:  0.0, Max:  0.0, Diff:  0.0, Sum:  0.0, Workers: 4
[719.314s][debug][gc,phases      ] GC(34)     Dead                           Min: 0, Avg:  0.0, Max: 0, Diff: 0, Sum: 0, Workers: 4
[719.314s][debug][gc,phases      ] GC(34)     Total                          Min: 0, Avg: 12.0, Max: 48, Diff: 48, Sum: 48, Workers: 4
[719.314s][debug][gc,phases      ] GC(34)   StringDedup Table Weak         Min:  0.0, Avg:  0.0, Max:  0.0, Diff:  0.0, Sum:  0.0, Workers: 4
[719.314s][debug][gc,phases      ] GC(34)     Dead                           Min: 0, Avg:  0.0, Max: 0, Diff: 0, Sum: 0, Workers: 4
[719.314s][debug][gc,phases      ] GC(34)     Total                          Min: 0, Avg:  0.0, Max: 0, Diff: 0, Sum: 0, Workers: 4
[719.314s][debug][gc,phases      ] GC(34)   StringDedup Requests0 Weak     Min:  0.0, Avg:  0.0, Max:  0.0, Diff:  0.0, Sum:  0.0, Workers: 4
[719.314s][debug][gc,phases      ] GC(34)     Dead                           Min: 0, Avg:  0.0, Max: 0, Diff: 0, Sum: 0, Workers: 4
[719.314s][debug][gc,phases      ] GC(34)     Total                          Min: 0, Avg:  0.0, Max: 0, Diff: 0, Sum: 0, Workers: 4
[719.314s][debug][gc,phases      ] GC(34)   StringDedup Requests1 Weak     Min:  0.0, Avg:  0.0, Max:  0.0, Diff:  0.0, Sum:  0.0, Workers: 4
[719.314s][debug][gc,phases      ] GC(34)     Dead                           Min: 0, Avg:  0.0, Max: 0, Diff: 0, Sum: 0, Workers: 4
[719.314s][debug][gc,phases      ] GC(34)     Total                          Min: 0, Avg:  0.0, Max: 0, Diff: 0, Sum: 0, Workers: 4
[719.314s][debug][gc,phases      ] GC(34)   Weak JFR Old Object Samples    Min:  0.0, Avg:  0.0, Max:  0.0, Diff:  0.0, Sum:  0.0, Workers: 4
[719.314s][debug][gc,phases      ] GC(34)     Dead                           Min: 0, Avg:  0.0, Max: 0, Diff: 0, Sum: 0, Workers: 4
[719.314s][debug][gc,phases      ] GC(34)     Total                          Min: 0, Avg:  0.0, Max: 0, Diff: 0, Sum: 0, Workers: 4
[719.314s][debug][gc,phases      ] GC(34) Weak Processing 0.475ms
[719.314s][debug][gc,age         ] GC(34) Desired survivor size 118489088 bytes, new threshold 1 (max threshold 15)
[719.314s][info ][gc,heap        ] GC(34) PSYoungGen: 1859052K(1956864K)->36224K(1981440K) Eden: 1825792K(1825792K)->0K(1859072K) From: 33260K(131072K)->36224K(122368K)
[719.314s][info ][gc,heap        ] GC(34) ParOldGen: 372460K(372736K)->404793K(404992K)
[719.314s][info ][gc,metaspace   ] GC(34) Metaspace: 95759K(97088K)->95759K(97088K) NonClass: 81676K(82432K)->81676K(82432K) Class: 14082K(14656K)->14082K(14656K)
[719.314s][info ][gc             ] GC(34) Pause Young (Allocation Failure) 2179M->430M(2330M) 33.111ms
[719.315s][info ][gc,cpu         ] GC(34) User=0.09s Sys=0.01s Real=0.03s
[719.315s][info ][safepoint      ] Safepoint "ParallelGCFailedAllocation", Time since last: 628553814 ns, Reaching safepoint: 86705 ns, Cleanup: 12401 ns, At safepoint: 33218325 ns, Total: 33317431 ns
[721.313s][info ][safepoint      ] Safepoint "Cleanup", Time since last: 1998642216 ns, Reaching safepoint: 82105 ns, Cleanup: 40002 ns, At safepoint: 7100 ns, Total: 129207 ns
[722.314s][info ][safepoint      ] Safepoint "Cleanup", Time since last: 1000157469 ns, Reaching safepoint: 105207 ns, Cleanup: 43402 ns, At safepoint: 6800 ns, Total: 155409 ns
[723.314s][info ][safepoint      ] Safepoint "Cleanup", Time since last: 1000114067 ns, Reaching safepoint: 86805 ns, Cleanup: 54003 ns, At safepoint: 6600 ns, Total: 147408 ns
[724.314s][info ][safepoint      ] Safepoint "Cleanup", Time since last: 1000118067 ns, Reaching safepoint: 49303 ns, Cleanup: 34102 ns, At safepoint: 8801 ns, Total: 92206 ns
[725.049s][info ][gc,start       ] GC(35) Pause Young (Allocation Failure)
[725.081s][debug][gc,phases      ] GC(35) Scavenge 31.548ms
[725.081s][debug][gc,ref         ] GC(35) ReferenceProcessor::execute queues: 1, RefProcThreadModel::Single, marks_oops_alive: false
[725.081s][debug][gc,ref         ] GC(35) Skipped KeepAliveFinalRefsPhase of Reference Processing: no references
[725.081s][debug][gc,ref         ] GC(35) ReferenceProcessor::execute queues: 1, RefProcThreadModel::Single, marks_oops_alive: false
[725.081s][debug][gc,phases      ] GC(35) Reference Processing 0.124ms
[725.081s][debug][gc,phases      ] GC(35)   VM Weak                        Min:  0.0, Avg:  0.0, Max:  0.0, Diff:  0.0, Sum:  0.0, Workers: 4
[725.081s][debug][gc,phases      ] GC(35)     Dead                           Min: 0, Avg:  0.0, Max: 0, Diff: 0, Sum: 0, Workers: 4
[725.081s][debug][gc,phases      ] GC(35)     Total                          Min: 0, Avg: 247.2, Max: 669, Diff: 669, Sum: 989, Workers: 4
[725.081s][debug][gc,phases      ] GC(35)   ObjectSynchronizer Weak        Min:  0.0, Avg:  0.0, Max:  0.0, Diff:  0.0, Sum:  0.0, Workers: 4
[725.081s][debug][gc,phases      ] GC(35)     Dead                           Min: 0, Avg:  0.0, Max: 0, Diff: 0, Sum: 0, Workers: 4
[725.081s][debug][gc,phases      ] GC(35)     Total                          Min: 0, Avg:  1.0, Max: 4, Diff: 4, Sum: 4, Workers: 4
[725.081s][debug][gc,phases      ] GC(35)   JVMTI Tag Weak OopStorage      Min:  0.0, Avg:  0.0, Max:  0.0, Diff:  0.0, Sum:  0.0, Workers: 4
[725.081s][debug][gc,phases      ] GC(35)     Dead                           Min: 0, Avg:  0.0, Max: 0, Diff: 0, Sum: 0, Workers: 4
[725.081s][debug][gc,phases      ] GC(35)     Total                          Min: 0, Avg:  0.0, Max: 0, Diff: 0, Sum: 0, Workers: 4
[725.081s][debug][gc,phases      ] GC(35)   StringTable Weak               Min:  0.0, Avg:  0.1, Max:  0.2, Diff:  0.2, Sum:  0.5, Workers: 4
[725.081s][debug][gc,phases      ] GC(35)     Dead                           Min: 0, Avg:  0.2, Max: 1, Diff: 1, Sum: 1, Workers: 4
[725.081s][debug][gc,phases      ] GC(35)     Total                          Min: 0, Avg: 12115.5, Max: 16768, Diff: 16768, Sum: 48462, Workers: 4
[725.081s][debug][gc,phases      ] GC(35)   ResolvedMethodTable Weak       Min:  0.0, Avg:  0.0, Max:  0.0, Diff:  0.0, Sum:  0.1, Workers: 4
[725.081s][debug][gc,phases      ] GC(35)     Dead                           Min: 0, Avg:  0.5, Max: 2, Diff: 2, Sum: 2, Workers: 4
[725.081s][debug][gc,phases      ] GC(35)     Total                          Min: 0, Avg: 3322.0, Max: 4743, Diff: 4743, Sum: 13288, Workers: 4
[725.081s][debug][gc,phases      ] GC(35)   JNI Weak                       Min:  0.0, Avg:  0.0, Max:  0.0, Diff:  0.0, Sum:  0.0, Workers: 4
[725.081s][debug][gc,phases      ] GC(35)     Dead                           Min: 0, Avg:  0.0, Max: 0, Diff: 0, Sum: 0, Workers: 4
[725.081s][debug][gc,phases      ] GC(35)     Total                          Min: 0, Avg: 12.0, Max: 48, Diff: 48, Sum: 48, Workers: 4
[725.081s][debug][gc,phases      ] GC(35)   StringDedup Table Weak         Min:  0.0, Avg:  0.0, Max:  0.0, Diff:  0.0, Sum:  0.0, Workers: 4
[725.081s][debug][gc,phases      ] GC(35)     Dead                           Min: 0, Avg:  0.0, Max: 0, Diff: 0, Sum: 0, Workers: 4
[725.081s][debug][gc,phases      ] GC(35)     Total                          Min: 0, Avg:  0.0, Max: 0, Diff: 0, Sum: 0, Workers: 4
[725.081s][debug][gc,phases      ] GC(35)   StringDedup Requests0 Weak     Min:  0.0, Avg:  0.0, Max:  0.0, Diff:  0.0, Sum:  0.0, Workers: 4
[725.081s][debug][gc,phases      ] GC(35)     Dead                           Min: 0, Avg:  0.0, Max: 0, Diff: 0, Sum: 0, Workers: 4
[725.081s][debug][gc,phases      ] GC(35)     Total                          Min: 0, Avg:  0.0, Max: 0, Diff: 0, Sum: 0, Workers: 4
[725.081s][debug][gc,phases      ] GC(35)   StringDedup Requests1 Weak     Min:  0.0, Avg:  0.0, Max:  0.0, Diff:  0.0, Sum:  0.0, Workers: 4
[725.081s][debug][gc,phases      ] GC(35)     Dead                           Min: 0, Avg:  0.0, Max: 0, Diff: 0, Sum: 0, Workers: 4
[725.081s][debug][gc,phases      ] GC(35)     Total                          Min: 0, Avg:  0.0, Max: 0, Diff: 0, Sum: 0, Workers: 4
[725.081s][debug][gc,phases      ] GC(35)   Weak JFR Old Object Samples    Min:  0.0, Avg:  0.0, Max:  0.0, Diff:  0.0, Sum:  0.0, Workers: 4
[725.081s][debug][gc,phases      ] GC(35)     Dead                           Min: 0, Avg:  0.0, Max: 0, Diff: 0, Sum: 0, Workers: 4
[725.081s][debug][gc,phases      ] GC(35)     Total                          Min: 0, Avg:  0.0, Max: 0, Diff: 0, Sum: 0, Workers: 4
[725.081s][debug][gc,phases      ] GC(35) Weak Processing 0.635ms
[725.081s][debug][gc,age         ] GC(35) Desired survivor size 111673344 bytes, new threshold 1 (max threshold 15)
[725.081s][info ][gc,heap        ] GC(35) PSYoungGen: 1895296K(1981440K)->34144K(1974784K) Eden: 1859072K(1859072K)->0K(1859072K) From: 36224K(122368K)->34144K(115712K)
[725.081s][info ][gc,heap        ] GC(35) ParOldGen: 404793K(404992K)->438897K(439296K)
[725.081s][info ][gc,metaspace   ] GC(35) Metaspace: 95888K(97216K)->95888K(97216K) NonClass: 81798K(82560K)->81798K(82560K) Class: 14089K(14656K)->14089K(14656K)
[725.081s][info ][gc             ] GC(35) Pause Young (Allocation Failure) 2246M->461M(2357M) 32.466ms
[725.081s][info ][gc,cpu         ] GC(35) User=0.10s Sys=0.00s Real=0.03s
[725.081s][info ][safepoint      ] Safepoint "ParallelGCFailedAllocation", Time since last: 734642332 ns, Reaching safepoint: 84405 ns, Cleanup: 11601 ns, At safepoint: 32564281 ns, Total: 32660287 ns
[726.082s][info ][safepoint      ] Safepoint "Cleanup", Time since last: 1000100366 ns, Reaching safepoint: 87705 ns, Cleanup: 29101 ns, At safepoint: 10001 ns, Total: 126807 ns
[727.082s][info ][safepoint      ] Safepoint "Cleanup", Time since last: 1000134222 ns, Reaching safepoint: 10000 ns, Cleanup: 41703 ns, At safepoint: 7900 ns, Total: 59603 ns
[728.797s][info ][safepoint      ] Safepoint "Cleanup", Time since last: 1715139325 ns, Reaching safepoint: 9701 ns, Cleanup: 35302 ns, At safepoint: 6300 ns, Total: 51303 ns
[729.143s][info ][gc,start       ] GC(36) Pause Young (Allocation Failure)
[729.192s][debug][gc,phases      ] GC(36) Scavenge 48.348ms
[729.192s][debug][gc,ref         ] GC(36) ReferenceProcessor::execute queues: 1, RefProcThreadModel::Single, marks_oops_alive: false
[729.192s][debug][gc,ref         ] GC(36) Skipped KeepAliveFinalRefsPhase of Reference Processing: no references
[729.192s][debug][gc,ref         ] GC(36) ReferenceProcessor::execute queues: 1, RefProcThreadModel::Single, marks_oops_alive: false
[729.192s][debug][gc,phases      ] GC(36) Reference Processing 0.162ms
[729.192s][debug][gc,phases      ] GC(36)   VM Weak                        Min:  0.0, Avg:  0.0, Max:  0.0, Diff:  0.0, Sum:  0.0, Workers: 4
[729.192s][debug][gc,phases      ] GC(36)     Dead                           Min: 0, Avg:  0.0, Max: 0, Diff: 0, Sum: 0, Workers: 4
[729.192s][debug][gc,phases      ] GC(36)     Total                          Min: 0, Avg: 251.5, Max: 814, Diff: 814, Sum: 1006, Workers: 4
[729.192s][debug][gc,phases      ] GC(36)   ObjectSynchronizer Weak        Min:  0.0, Avg:  0.0, Max:  0.0, Diff:  0.0, Sum:  0.0, Workers: 4
[729.192s][debug][gc,phases      ] GC(36)     Dead                           Min: 0, Avg:  0.0, Max: 0, Diff: 0, Sum: 0, Workers: 4
[729.193s][debug][gc,phases      ] GC(36)     Total                          Min: 0, Avg:  1.2, Max: 5, Diff: 5, Sum: 5, Workers: 4
[729.193s][debug][gc,phases      ] GC(36)   JVMTI Tag Weak OopStorage      Min:  0.0, Avg:  0.0, Max:  0.0, Diff:  0.0, Sum:  0.0, Workers: 4
[729.193s][debug][gc,phases      ] GC(36)     Dead                           Min: 0, Avg:  0.0, Max: 0, Diff: 0, Sum: 0, Workers: 4
[729.193s][debug][gc,phases      ] GC(36)     Total                          Min: 0, Avg:  0.0, Max: 0, Diff: 0, Sum: 0, Workers: 4
[729.193s][debug][gc,phases      ] GC(36)   StringTable Weak               Min:  0.0, Avg:  0.1, Max:  0.3, Diff:  0.3, Sum:  0.5, Workers: 4
[729.193s][debug][gc,phases      ] GC(36)     Dead                           Min: 0, Avg:  0.5, Max: 2, Diff: 2, Sum: 2, Workers: 4
[729.193s][debug][gc,phases      ] GC(36)     Total                          Min: 0, Avg: 12134.8, Max: 24347, Diff: 24347, Sum: 48539, Workers: 4
[729.193s][debug][gc,phases      ] GC(36)   ResolvedMethodTable Weak       Min:  0.0, Avg:  0.0, Max:  0.1, Diff:  0.1, Sum:  0.2, Workers: 4
[729.193s][debug][gc,phases      ] GC(36)     Dead                           Min: 0, Avg:  9.2, Max: 33, Diff: 33, Sum: 37, Workers: 4
[729.193s][debug][gc,phases      ] GC(36)     Total                          Min: 0, Avg: 3351.2, Max: 6733, Diff: 6733, Sum: 13405, Workers: 4
[729.193s][debug][gc,phases      ] GC(36)   JNI Weak                       Min:  0.0, Avg:  0.0, Max:  0.0, Diff:  0.0, Sum:  0.0, Workers: 4
[729.193s][debug][gc,phases      ] GC(36)     Dead                           Min: 0, Avg:  0.0, Max: 0, Diff: 0, Sum: 0, Workers: 4
[729.193s][debug][gc,phases      ] GC(36)     Total                          Min: 0, Avg: 12.0, Max: 48, Diff: 48, Sum: 48, Workers: 4
[729.193s][debug][gc,phases      ] GC(36)   StringDedup Table Weak         Min:  0.0, Avg:  0.0, Max:  0.0, Diff:  0.0, Sum:  0.0, Workers: 4
[729.193s][debug][gc,phases      ] GC(36)     Dead                           Min: 0, Avg:  0.0, Max: 0, Diff: 0, Sum: 0, Workers: 4
[729.193s][debug][gc,phases      ] GC(36)     Total                          Min: 0, Avg:  0.0, Max: 0, Diff: 0, Sum: 0, Workers: 4
[729.193s][debug][gc,phases      ] GC(36)   StringDedup Requests0 Weak     Min:  0.0, Avg:  0.0, Max:  0.0, Diff:  0.0, Sum:  0.0, Workers: 4
[729.193s][debug][gc,phases      ] GC(36)     Dead                           Min: 0, Avg:  0.0, Max: 0, Diff: 0, Sum: 0, Workers: 4
[729.193s][debug][gc,phases      ] GC(36)     Total                          Min: 0, Avg:  0.0, Max: 0, Diff: 0, Sum: 0, Workers: 4
[729.193s][debug][gc,phases      ] GC(36)   StringDedup Requests1 Weak     Min:  0.0, Avg:  0.0, Max:  0.0, Diff:  0.0, Sum:  0.0, Workers: 4
[729.193s][debug][gc,phases      ] GC(36)     Dead                           Min: 0, Avg:  0.0, Max: 0, Diff: 0, Sum: 0, Workers: 4
[729.193s][debug][gc,phases      ] GC(36)     Total                          Min: 0, Avg:  0.0, Max: 0, Diff: 0, Sum: 0, Workers: 4
[729.193s][debug][gc,phases      ] GC(36)   Weak JFR Old Object Samples    Min:  0.0, Avg:  0.0, Max:  0.0, Diff:  0.0, Sum:  0.0, Workers: 4
[729.193s][debug][gc,phases      ] GC(36)     Dead                           Min: 0, Avg:  0.0, Max: 0, Diff: 0, Sum: 0, Workers: 4
[729.193s][debug][gc,phases      ] GC(36)     Total                          Min: 0, Avg:  0.0, Max: 0, Diff: 0, Sum: 0, Workers: 4
[729.193s][debug][gc,phases      ] GC(36) Weak Processing 0.689ms
[729.193s][debug][gc,age         ] GC(36) Desired survivor size 105381888 bytes, new threshold 1 (max threshold 15)
[729.193s][info ][gc,heap        ] GC(36) PSYoungGen: 1893216K(1974784K)->34928K(1994240K) Eden: 1859072K(1859072K)->0K(1885184K) From: 34144K(115712K)->34928K(109056K)
[729.193s][info ][gc,heap        ] GC(36) ParOldGen: 438897K(439296K)->471345K(471552K)
[729.193s][info ][gc,metaspace   ] GC(36) Metaspace: 96132K(97472K)->96132K(97472K) NonClass: 81997K(82752K)->81997K(82752K) Class: 14135K(14720K)->14135K(14720K)
[729.193s][info ][gc             ] GC(36) Pause Young (Allocation Failure) 2277M->494M(2408M) 49.357ms
[729.193s][info ][gc,cpu         ] GC(36) User=0.09s Sys=0.02s Real=0.05s
[729.193s][info ][safepoint      ] Safepoint "ParallelGCFailedAllocation", Time since last: 346255833 ns, Reaching safepoint: 85505 ns, Cleanup: 4001 ns, At safepoint: 49464104 ns, Total: 49553610 ns
[730.193s][info ][safepoint      ] Safepoint "Cleanup", Time since last: 1000095450 ns, Reaching safepoint: 12500 ns, Cleanup: 24902 ns, At safepoint: 2600 ns, Total: 40002 ns
[731.193s][info ][safepoint      ] Safepoint "Cleanup", Time since last: 1000133952 ns, Reaching safepoint: 10400 ns, Cleanup: 31402 ns, At safepoint: 2800 ns, Total: 44602 ns
[732.193s][info ][safepoint      ] Safepoint "Cleanup", Time since last: 1000114251 ns, Reaching safepoint: 9601 ns, Cleanup: 34102 ns, At safepoint: 5700 ns, Total: 49403 ns
[733.194s][info ][safepoint      ] Safepoint "Cleanup", Time since last: 1000122551 ns, Reaching safepoint: 12801 ns, Cleanup: 87105 ns, At safepoint: 7701 ns, Total: 107607 ns
[734.194s][info ][safepoint      ] Safepoint "Cleanup", Time since last: 1000126751 ns, Reaching safepoint: 103006 ns, Cleanup: 36002 ns, At safepoint: 12701 ns, Total: 151709 ns
[735.194s][info ][safepoint      ] Safepoint "Cleanup", Time since last: 1000138852 ns, Reaching safepoint: 11301 ns, Cleanup: 22901 ns, At safepoint: 7601 ns, Total: 41803 ns
[736.194s][info ][safepoint      ] Safepoint "Cleanup", Time since last: 1000131305 ns, Reaching safepoint: 84905 ns, Cleanup: 16200 ns, At safepoint: 6101 ns, Total: 107206 ns
[736.688s][info ][gc,start       ] GC(37) Pause Young (Allocation Failure)
[736.721s][debug][gc,phases      ] GC(37) Scavenge 32.422ms
[736.721s][debug][gc,ref         ] GC(37) ReferenceProcessor::execute queues: 1, RefProcThreadModel::Single, marks_oops_alive: false
[736.721s][debug][gc,ref         ] GC(37) Skipped KeepAliveFinalRefsPhase of Reference Processing: no references
[736.721s][debug][gc,ref         ] GC(37) ReferenceProcessor::execute queues: 1, RefProcThreadModel::Single, marks_oops_alive: false
[736.721s][debug][gc,phases      ] GC(37) Reference Processing 0.134ms
[736.721s][debug][gc,phases      ] GC(37)   VM Weak                        Min:  0.0, Avg:  0.0, Max:  0.0, Diff:  0.0, Sum:  0.0, Workers: 4
[736.721s][debug][gc,phases      ] GC(37)     Dead                           Min: 0, Avg:  0.0, Max: 0, Diff: 0, Sum: 0, Workers: 4
[736.721s][debug][gc,phases      ] GC(37)     Total                          Min: 0, Avg: 253.5, Max: 448, Diff: 448, Sum: 1014, Workers: 4
[736.721s][debug][gc,phases      ] GC(37)   ObjectSynchronizer Weak        Min:  0.0, Avg:  0.0, Max:  0.0, Diff:  0.0, Sum:  0.0, Workers: 4
[736.721s][debug][gc,phases      ] GC(37)     Dead                           Min: 0, Avg:  0.0, Max: 0, Diff: 0, Sum: 0, Workers: 4
[736.721s][debug][gc,phases      ] GC(37)     Total                          Min: 0, Avg:  1.2, Max: 5, Diff: 5, Sum: 5, Workers: 4
[736.721s][debug][gc,phases      ] GC(37)   JVMTI Tag Weak OopStorage      Min:  0.0, Avg:  0.0, Max:  0.0, Diff:  0.0, Sum:  0.0, Workers: 4
[736.721s][debug][gc,phases      ] GC(37)     Dead                           Min: 0, Avg:  0.0, Max: 0, Diff: 0, Sum: 0, Workers: 4
[736.721s][debug][gc,phases      ] GC(37)     Total                          Min: 0, Avg:  0.0, Max: 0, Diff: 0, Sum: 0, Workers: 4
[736.721s][debug][gc,phases      ] GC(37)   StringTable Weak               Min:  0.0, Avg:  0.1, Max:  0.2, Diff:  0.2, Sum:  0.5, Workers: 4
[736.721s][debug][gc,phases      ] GC(37)     Dead                           Min: 0, Avg:  0.5, Max: 2, Diff: 2, Sum: 2, Workers: 4
[736.721s][debug][gc,phases      ] GC(37)     Total                          Min: 0, Avg: 12148.8, Max: 17408, Diff: 17408, Sum: 48595, Workers: 4
[736.721s][debug][gc,phases      ] GC(37)   ResolvedMethodTable Weak       Min:  0.0, Avg:  0.0, Max:  0.0, Diff:  0.0, Sum:  0.1, Workers: 4
[736.721s][debug][gc,phases      ] GC(37)     Dead                           Min: 0, Avg:  0.5, Max: 2, Diff: 2, Sum: 2, Workers: 4
[736.721s][debug][gc,phases      ] GC(37)     Total                          Min: 0, Avg: 3362.8, Max: 4983, Diff: 4983, Sum: 13451, Workers: 4
[736.721s][debug][gc,phases      ] GC(37)   JNI Weak                       Min:  0.0, Avg:  0.0, Max:  0.0, Diff:  0.0, Sum:  0.0, Workers: 4
[736.721s][debug][gc,phases      ] GC(37)     Dead                           Min: 0, Avg:  0.0, Max: 0, Diff: 0, Sum: 0, Workers: 4
[736.721s][debug][gc,phases      ] GC(37)     Total                          Min: 0, Avg: 12.0, Max: 48, Diff: 48, Sum: 48, Workers: 4
[736.721s][debug][gc,phases      ] GC(37)   StringDedup Table Weak         Min:  0.0, Avg:  0.0, Max:  0.0, Diff:  0.0, Sum:  0.0, Workers: 4
[736.721s][debug][gc,phases      ] GC(37)     Dead                           Min: 0, Avg:  0.0, Max: 0, Diff: 0, Sum: 0, Workers: 4
[736.721s][debug][gc,phases      ] GC(37)     Total                          Min: 0, Avg:  0.0, Max: 0, Diff: 0, Sum: 0, Workers: 4
[736.721s][debug][gc,phases      ] GC(37)   StringDedup Requests0 Weak     Min:  0.0, Avg:  0.0, Max:  0.0, Diff:  0.0, Sum:  0.0, Workers: 4
[736.721s][debug][gc,phases      ] GC(37)     Dead                           Min: 0, Avg:  0.0, Max: 0, Diff: 0, Sum: 0, Workers: 4
[736.721s][debug][gc,phases      ] GC(37)     Total                          Min: 0, Avg:  0.0, Max: 0, Diff: 0, Sum: 0, Workers: 4
[736.721s][debug][gc,phases      ] GC(37)   StringDedup Requests1 Weak     Min:  0.0, Avg:  0.0, Max:  0.0, Diff:  0.0, Sum:  0.0, Workers: 4
[736.721s][debug][gc,phases      ] GC(37)     Dead                           Min: 0, Avg:  0.0, Max: 0, Diff: 0, Sum: 0, Workers: 4
[736.721s][debug][gc,phases      ] GC(37)     Total                          Min: 0, Avg:  0.0, Max: 0, Diff: 0, Sum: 0, Workers: 4
[736.721s][debug][gc,phases      ] GC(37)   Weak JFR Old Object Samples    Min:  0.0, Avg:  0.0, Max:  0.0, Diff:  0.0, Sum:  0.0, Workers: 4
[736.721s][debug][gc,phases      ] GC(37)     Dead                           Min: 0, Avg:  0.0, Max: 0, Diff: 0, Sum: 0, Workers: 4
[736.721s][debug][gc,phases      ] GC(37)     Total                          Min: 0, Avg:  0.0, Max: 0, Diff: 0, Sum: 0, Workers: 4
[736.721s][debug][gc,phases      ] GC(37) Weak Processing 0.469ms
[736.721s][debug][gc,age         ] GC(37) Desired survivor size 100139008 bytes, new threshold 1 (max threshold 15)
[736.721s][info ][gc,heap        ] GC(37) PSYoungGen: 1920112K(1994240K)->36984K(1988096K) Eden: 1885184K(1885184K)->0K(1885184K) From: 34928K(109056K)->36984K(102912K)
[736.721s][info ][gc,heap        ] GC(37) ParOldGen: 471345K(471552K)->504569K(504832K)
[736.721s][info ][gc,metaspace   ] GC(37) Metaspace: 96236K(97600K)->96236K(97600K) NonClass: 82084K(82880K)->82084K(82880K) Class: 14151K(14720K)->14151K(14720K)
[736.721s][info ][gc             ] GC(37) Pause Young (Allocation Failure) 2335M->528M(2434M) 33.188ms
[736.721s][info ][gc,cpu         ] GC(37) User=0.09s Sys=0.02s Real=0.03s
[736.721s][info ][safepoint      ] Safepoint "ParallelGCFailedAllocation", Time since last: 493768650 ns, Reaching safepoint: 94505 ns, Cleanup: 14901 ns, At safepoint: 33292975 ns, Total: 33402381 ns
[737.725s][info ][safepoint      ] Safepoint "Cleanup", Time since last: 1000096933 ns, Reaching safepoint: 3189260 ns, Cleanup: 44603 ns, At safepoint: 10100 ns, Total: 3243963 ns
[738.725s][info ][safepoint      ] Safepoint "Cleanup", Time since last: 1000107933 ns, Reaching safepoint: 67104 ns, Cleanup: 13001 ns, At safepoint: 10200 ns, Total: 90305 ns
[739.725s][info ][safepoint      ] Safepoint "Cleanup", Time since last: 1000108633 ns, Reaching safepoint: 86605 ns, Cleanup: 22501 ns, At safepoint: 5800 ns, Total: 114906 ns
[740.725s][info ][safepoint      ] Safepoint "Cleanup", Time since last: 1000104578 ns, Reaching safepoint: 8500 ns, Cleanup: 83805 ns, At safepoint: 3100 ns, Total: 95405 ns
[741.726s][info ][safepoint      ] Safepoint "Cleanup", Time since last: 1000122271 ns, Reaching safepoint: 7601 ns, Cleanup: 14801 ns, At safepoint: 3000 ns, Total: 25402 ns
[742.727s][info ][safepoint      ] Safepoint "Cleanup", Time since last: 1000146872 ns, Reaching safepoint: 1000560 ns, Cleanup: 26102 ns, At safepoint: 10001 ns, Total: 1036663 ns
[743.727s][info ][safepoint      ] Safepoint "Cleanup", Time since last: 1000113470 ns, Reaching safepoint: 8300 ns, Cleanup: 13901 ns, At safepoint: 2900 ns, Total: 25101 ns
[745.727s][info ][safepoint      ] Safepoint "Cleanup", Time since last: 2000187879 ns, Reaching safepoint: 23501 ns, Cleanup: 20702 ns, At safepoint: 7700 ns, Total: 51903 ns
[746.727s][info ][safepoint      ] Safepoint "Cleanup", Time since last: 1000103677 ns, Reaching safepoint: 9901 ns, Cleanup: 16701 ns, At safepoint: 3100 ns, Total: 29702 ns
[747.727s][info ][safepoint      ] Safepoint "Cleanup", Time since last: 1000134779 ns, Reaching safepoint: 10100 ns, Cleanup: 16201 ns, At safepoint: 7001 ns, Total: 33302 ns
[748.728s][info ][safepoint      ] Safepoint "Cleanup", Time since last: 1000136278 ns, Reaching safepoint: 85206 ns, Cleanup: 10600 ns, At safepoint: 9201 ns, Total: 105007 ns
[749.728s][info ][safepoint      ] Safepoint "Cleanup", Time since last: 1000136579 ns, Reaching safepoint: 13500 ns, Cleanup: 19002 ns, At safepoint: 3600 ns, Total: 36102 ns
[751.728s][info ][safepoint      ] Safepoint "Cleanup", Time since last: 2000192553 ns, Reaching safepoint: 9600 ns, Cleanup: 13101 ns, At safepoint: 3400 ns, Total: 26101 ns
[752.728s][info ][safepoint      ] Safepoint "Cleanup", Time since last: 1000105886 ns, Reaching safepoint: 159810 ns, Cleanup: 9601 ns, At safepoint: 10900 ns, Total: 180311 ns
[753.728s][info ][safepoint      ] Safepoint "Cleanup", Time since last: 1000115872 ns, Reaching safepoint: 12701 ns, Cleanup: 20101 ns, At safepoint: 3500 ns, Total: 36302 ns
[754.729s][info ][safepoint      ] Safepoint "Cleanup", Time since last: 1000131973 ns, Reaching safepoint: 12501 ns, Cleanup: 18701 ns, At safepoint: 3200 ns, Total: 34402 ns
[755.403s][info ][gc,start       ] GC(38) Pause Young (Allocation Failure)
[755.442s][debug][gc,phases      ] GC(38) Scavenge 39.031ms
[755.442s][debug][gc,ref         ] GC(38) ReferenceProcessor::execute queues: 1, RefProcThreadModel::Single, marks_oops_alive: false
[755.442s][debug][gc,ref         ] GC(38) Skipped KeepAliveFinalRefsPhase of Reference Processing: no references
[755.442s][debug][gc,ref         ] GC(38) ReferenceProcessor::execute queues: 1, RefProcThreadModel::Single, marks_oops_alive: false
[755.442s][debug][gc,phases      ] GC(38) Reference Processing 0.119ms
[755.442s][debug][gc,phases      ] GC(38)   VM Weak                        Min:  0.0, Avg:  0.0, Max:  0.0, Diff:  0.0, Sum:  0.0, Workers: 4
[755.442s][debug][gc,phases      ] GC(38)     Dead                           Min: 0, Avg:  0.0, Max: 0, Diff: 0, Sum: 0, Workers: 4
[755.442s][debug][gc,phases      ] GC(38)     Total                          Min: 0, Avg: 253.5, Max: 630, Diff: 630, Sum: 1014, Workers: 4
[755.442s][debug][gc,phases      ] GC(38)   ObjectSynchronizer Weak        Min:  0.0, Avg:  0.0, Max:  0.0, Diff:  0.0, Sum:  0.0, Workers: 4
[755.442s][debug][gc,phases      ] GC(38)     Dead                           Min: 0, Avg:  0.0, Max: 0, Diff: 0, Sum: 0, Workers: 4
[755.442s][debug][gc,phases      ] GC(38)     Total                          Min: 0, Avg:  1.8, Max: 7, Diff: 7, Sum: 7, Workers: 4
[755.442s][debug][gc,phases      ] GC(38)   JVMTI Tag Weak OopStorage      Min:  0.0, Avg:  0.0, Max:  0.0, Diff:  0.0, Sum:  0.0, Workers: 4
[755.442s][debug][gc,phases      ] GC(38)     Dead                           Min: 0, Avg:  0.0, Max: 0, Diff: 0, Sum: 0, Workers: 4
[755.442s][debug][gc,phases      ] GC(38)     Total                          Min: 0, Avg:  0.0, Max: 0, Diff: 0, Sum: 0, Workers: 4
[755.442s][debug][gc,phases      ] GC(38)   StringTable Weak               Min:  0.0, Avg:  0.1, Max:  0.2, Diff:  0.2, Sum:  0.5, Workers: 4
[755.442s][debug][gc,phases      ] GC(38)     Dead                           Min: 0, Avg:  0.2, Max: 1, Diff: 1, Sum: 1, Workers: 4
[755.442s][debug][gc,phases      ] GC(38)     Total                          Min: 0, Avg: 12152.2, Max: 24768, Diff: 24768, Sum: 48609, Workers: 4
[755.442s][debug][gc,phases      ] GC(38)   ResolvedMethodTable Weak       Min:  0.0, Avg:  0.0, Max:  0.1, Diff:  0.1, Sum:  0.2, Workers: 4
[755.442s][debug][gc,phases      ] GC(38)     Dead                           Min: 0, Avg:  0.8, Max: 2, Diff: 2, Sum: 3, Workers: 4
[755.442s][debug][gc,phases      ] GC(38)     Total                          Min: 0, Avg: 3365.2, Max: 6814, Diff: 6814, Sum: 13461, Workers: 4
[755.442s][debug][gc,phases      ] GC(38)   JNI Weak                       Min:  0.0, Avg:  0.0, Max:  0.0, Diff:  0.0, Sum:  0.0, Workers: 4
[755.442s][debug][gc,phases      ] GC(38)     Dead                           Min: 0, Avg:  0.0, Max: 0, Diff: 0, Sum: 0, Workers: 4
[755.442s][debug][gc,phases      ] GC(38)     Total                          Min: 0, Avg: 12.5, Max: 50, Diff: 50, Sum: 50, Workers: 4
[755.442s][debug][gc,phases      ] GC(38)   StringDedup Table Weak         Min:  0.0, Avg:  0.0, Max:  0.0, Diff:  0.0, Sum:  0.0, Workers: 4
[755.442s][debug][gc,phases      ] GC(38)     Dead                           Min: 0, Avg:  0.0, Max: 0, Diff: 0, Sum: 0, Workers: 4
[755.442s][debug][gc,phases      ] GC(38)     Total                          Min: 0, Avg:  0.0, Max: 0, Diff: 0, Sum: 0, Workers: 4
[755.442s][debug][gc,phases      ] GC(38)   StringDedup Requests0 Weak     Min:  0.0, Avg:  0.0, Max:  0.0, Diff:  0.0, Sum:  0.0, Workers: 4
[755.442s][debug][gc,phases      ] GC(38)     Dead                           Min: 0, Avg:  0.0, Max: 0, Diff: 0, Sum: 0, Workers: 4
[755.442s][debug][gc,phases      ] GC(38)     Total                          Min: 0, Avg:  0.0, Max: 0, Diff: 0, Sum: 0, Workers: 4
[755.442s][debug][gc,phases      ] GC(38)   StringDedup Requests1 Weak     Min:  0.0, Avg:  0.0, Max:  0.0, Diff:  0.0, Sum:  0.0, Workers: 4
[755.442s][debug][gc,phases      ] GC(38)     Dead                           Min: 0, Avg:  0.0, Max: 0, Diff: 0, Sum: 0, Workers: 4
[755.442s][debug][gc,phases      ] GC(38)     Total                          Min: 0, Avg:  0.0, Max: 0, Diff: 0, Sum: 0, Workers: 4
[755.442s][debug][gc,phases      ] GC(38)   Weak JFR Old Object Samples    Min:  0.0, Avg:  0.0, Max:  0.0, Diff:  0.0, Sum:  0.0, Workers: 4
[755.443s][debug][gc,phases      ] GC(38)     Dead                           Min: 0, Avg:  0.0, Max: 0, Diff: 0, Sum: 0, Workers: 4
[755.443s][debug][gc,phases      ] GC(38)     Total                          Min: 0, Avg:  0.0, Max: 0, Diff: 0, Sum: 0, Workers: 4
[755.443s][debug][gc,phases      ] GC(38) Weak Processing 0.713ms
[755.443s][debug][gc,age         ] GC(38) Desired survivor size 95420416 bytes, new threshold 1 (max threshold 15)
[755.443s][info ][gc,heap        ] GC(38) PSYoungGen: 1922168K(1988096K)->20135K(2003968K) Eden: 1885184K(1885184K)->0K(1906176K) From: 36984K(102912K)->20135K(97792K)
[755.443s][info ][gc,heap        ] GC(38) ParOldGen: 504569K(504832K)->538569K(538624K)
[755.443s][info ][gc,metaspace   ] GC(38) Metaspace: 96322K(97664K)->96322K(97664K) NonClass: 82165K(82944K)->82165K(82944K) Class: 14156K(14720K)->14156K(14720K)
[755.443s][info ][gc             ] GC(38) Pause Young (Allocation Failure) 2369M->545M(2483M) 40.014ms
[755.443s][info ][gc,cpu         ] GC(38) User=0.07s Sys=0.03s Real=0.04s
[755.443s][info ][safepoint      ] Safepoint "ParallelGCFailedAllocation", Time since last: 673893378 ns, Reaching safepoint: 88605 ns, Cleanup: 50903 ns, At safepoint: 40129010 ns, Total: 40268518 ns
[756.800s][info ][safepoint      ] Safepoint "Cleanup", Time since last: 1341279164 ns, Reaching safepoint: 15929057 ns, Cleanup: 100006 ns, At safepoint: 25801 ns, Total: 16054864 ns
[757.800s][info ][safepoint      ] Safepoint "Cleanup", Time since last: 1000136374 ns, Reaching safepoint: 23101 ns, Cleanup: 25701 ns, At safepoint: 7001 ns, Total: 55803 ns
[758.800s][info ][safepoint      ] Safepoint "Cleanup", Time since last: 1000117872 ns, Reaching safepoint: 8400 ns, Cleanup: 21302 ns, At safepoint: 3300 ns, Total: 33002 ns
[760.801s][info ][safepoint      ] Safepoint "Cleanup", Time since last: 2000204718 ns, Reaching safepoint: 12001 ns, Cleanup: 16100 ns, At safepoint: 3201 ns, Total: 31302 ns
[761.801s][info ][safepoint      ] Safepoint "Cleanup", Time since last: 1000142765 ns, Reaching safepoint: 8600 ns, Cleanup: 20601 ns, At safepoint: 2800 ns, Total: 32001 ns
[762.801s][info ][safepoint      ] Safepoint "Cleanup", Time since last: 1000117964 ns, Reaching safepoint: 9400 ns, Cleanup: 40303 ns, At safepoint: 3500 ns, Total: 53203 ns
[763.801s][info ][safepoint      ] Safepoint "Cleanup", Time since last: 1000138264 ns, Reaching safepoint: 12401 ns, Cleanup: 25001 ns, At safepoint: 9901 ns, Total: 47303 ns
[764.802s][info ][safepoint      ] Safepoint "Cleanup", Time since last: 1000195558 ns, Reaching safepoint: 33602 ns, Cleanup: 96806 ns, At safepoint: 8501 ns, Total: 138909 ns
[765.802s][info ][safepoint      ] Safepoint "Cleanup", Time since last: 1000159863 ns, Reaching safepoint: 13300 ns, Cleanup: 24202 ns, At safepoint: 7100 ns, Total: 44602 ns
[766.802s][info ][safepoint      ] Safepoint "Cleanup", Time since last: 1000119761 ns, Reaching safepoint: 8600 ns, Cleanup: 31302 ns, At safepoint: 15101 ns, Total: 55003 ns
[767.802s][info ][safepoint      ] Safepoint "Cleanup", Time since last: 1000137461 ns, Reaching safepoint: 11301 ns, Cleanup: 23401 ns, At safepoint: 2801 ns, Total: 37503 ns
[768.802s][info ][safepoint      ] Safepoint "Cleanup", Time since last: 1000123482 ns, Reaching safepoint: 8601 ns, Cleanup: 40202 ns, At safepoint: 2500 ns, Total: 51303 ns
[769.802s][info ][safepoint      ] Safepoint "Cleanup", Time since last: 1000110203 ns, Reaching safepoint: 8701 ns, Cleanup: 20401 ns, At safepoint: 3300 ns, Total: 32402 ns
[770.803s][info ][safepoint      ] Safepoint "Cleanup", Time since last: 1000127704 ns, Reaching safepoint: 9701 ns, Cleanup: 10701 ns, At safepoint: 2600 ns, Total: 23002 ns
[775.803s][info ][safepoint      ] Safepoint "Cleanup", Time since last: 5000408807 ns, Reaching safepoint: 10801 ns, Cleanup: 12700 ns, At safepoint: 8901 ns, Total: 32402 ns
[777.318s][info ][gc,start       ] GC(39) Pause Young (Allocation Failure)
[777.396s][debug][gc,phases      ] GC(39) Scavenge 78.021ms
[777.396s][debug][gc,ref         ] GC(39) ReferenceProcessor::execute queues: 1, RefProcThreadModel::Single, marks_oops_alive: false
[777.396s][debug][gc,ref         ] GC(39) Skipped KeepAliveFinalRefsPhase of Reference Processing: no references
[777.396s][debug][gc,ref         ] GC(39) ReferenceProcessor::execute queues: 1, RefProcThreadModel::Single, marks_oops_alive: false
[777.397s][debug][gc,phases      ] GC(39) Reference Processing 0.159ms
[777.397s][debug][gc,phases      ] GC(39)   VM Weak                        Min:  0.0, Avg:  0.0, Max:  0.0, Diff:  0.0, Sum:  0.0, Workers: 4
[777.397s][debug][gc,phases      ] GC(39)     Dead                           Min: 0, Avg:  0.0, Max: 0, Diff: 0, Sum: 0, Workers: 4
[777.397s][debug][gc,phases      ] GC(39)     Total                          Min: 0, Avg: 253.5, Max: 694, Diff: 694, Sum: 1014, Workers: 4
[777.397s][debug][gc,phases      ] GC(39)   ObjectSynchronizer Weak        Min:  0.0, Avg:  0.0, Max:  0.0, Diff:  0.0, Sum:  0.0, Workers: 4
[777.397s][debug][gc,phases      ] GC(39)     Dead                           Min: 0, Avg:  0.0, Max: 0, Diff: 0, Sum: 0, Workers: 4
[777.397s][debug][gc,phases      ] GC(39)     Total                          Min: 0, Avg:  1.8, Max: 7, Diff: 7, Sum: 7, Workers: 4
[777.397s][debug][gc,phases      ] GC(39)   JVMTI Tag Weak OopStorage      Min:  0.0, Avg:  0.0, Max:  0.0, Diff:  0.0, Sum:  0.0, Workers: 4
[777.397s][debug][gc,phases      ] GC(39)     Dead                           Min: 0, Avg:  0.0, Max: 0, Diff: 0, Sum: 0, Workers: 4
[777.397s][debug][gc,phases      ] GC(39)     Total                          Min: 0, Avg:  0.0, Max: 0, Diff: 0, Sum: 0, Workers: 4
[777.397s][debug][gc,phases      ] GC(39)   StringTable Weak               Min:  0.0, Avg:  0.1, Max:  0.2, Diff:  0.2, Sum:  0.5, Workers: 4
[777.397s][debug][gc,phases      ] GC(39)     Dead                           Min: 0, Avg:  0.0, Max: 0, Diff: 0, Sum: 0, Workers: 4
[777.397s][debug][gc,phases      ] GC(39)     Total                          Min: 0, Avg: 12156.2, Max: 17792, Diff: 17792, Sum: 48625, Workers: 4
[777.397s][debug][gc,phases      ] GC(39)   ResolvedMethodTable Weak       Min:  0.0, Avg:  0.0, Max:  0.0, Diff:  0.0, Sum:  0.1, Workers: 4
[777.397s][debug][gc,phases      ] GC(39)     Dead                           Min: 0, Avg:  4.2, Max: 17, Diff: 17, Sum: 17, Workers: 4
[777.397s][debug][gc,phases      ] GC(39)     Total                          Min: 0, Avg: 3367.2, Max: 4731, Diff: 4731, Sum: 13469, Workers: 4
[777.397s][debug][gc,phases      ] GC(39)   JNI Weak                       Min:  0.0, Avg:  0.0, Max:  0.0, Diff:  0.0, Sum:  0.0, Workers: 4
[777.397s][debug][gc,phases      ] GC(39)     Dead                           Min: 0, Avg:  0.0, Max: 0, Diff: 0, Sum: 0, Workers: 4
[777.397s][debug][gc,phases      ] GC(39)     Total                          Min: 0, Avg: 12.0, Max: 48, Diff: 48, Sum: 48, Workers: 4
[777.397s][debug][gc,phases      ] GC(39)   StringDedup Table Weak         Min:  0.0, Avg:  0.0, Max:  0.0, Diff:  0.0, Sum:  0.0, Workers: 4
[777.397s][debug][gc,phases      ] GC(39)     Dead                           Min: 0, Avg:  0.0, Max: 0, Diff: 0, Sum: 0, Workers: 4
[777.397s][debug][gc,phases      ] GC(39)     Total                          Min: 0, Avg:  0.0, Max: 0, Diff: 0, Sum: 0, Workers: 4
[777.397s][debug][gc,phases      ] GC(39)   StringDedup Requests0 Weak     Min:  0.0, Avg:  0.0, Max:  0.0, Diff:  0.0, Sum:  0.0, Workers: 4
[777.397s][debug][gc,phases      ] GC(39)     Dead                           Min: 0, Avg:  0.0, Max: 0, Diff: 0, Sum: 0, Workers: 4
[777.397s][debug][gc,phases      ] GC(39)     Total                          Min: 0, Avg:  0.0, Max: 0, Diff: 0, Sum: 0, Workers: 4
[777.397s][debug][gc,phases      ] GC(39)   StringDedup Requests1 Weak     Min:  0.0, Avg:  0.0, Max:  0.0, Diff:  0.0, Sum:  0.0, Workers: 4
[777.397s][debug][gc,phases      ] GC(39)     Dead                           Min: 0, Avg:  0.0, Max: 0, Diff: 0, Sum: 0, Workers: 4
[777.397s][debug][gc,phases      ] GC(39)     Total                          Min: 0, Avg:  0.0, Max: 0, Diff: 0, Sum: 0, Workers: 4
[777.397s][debug][gc,phases      ] GC(39)   Weak JFR Old Object Samples    Min:  0.0, Avg:  0.0, Max:  0.0, Diff:  0.0, Sum:  0.0, Workers: 4
[777.397s][debug][gc,phases      ] GC(39)     Dead                           Min: 0, Avg:  0.0, Max: 0, Diff: 0, Sum: 0, Workers: 4
[777.397s][debug][gc,phases      ] GC(39)     Total                          Min: 0, Avg:  0.0, Max: 0, Diff: 0, Sum: 0, Workers: 4
[777.397s][debug][gc,phases      ] GC(39) Weak Processing 0.616ms
[777.397s][debug][gc,age         ] GC(39) Desired survivor size 94896128 bytes, new threshold 1 (max threshold 15)
[777.397s][info ][gc,heap        ] GC(39) PSYoungGen: 1926311K(2003968K)->45874K(1999360K) Eden: 1906176K(1906176K)->0K(1906176K) From: 20135K(97792K)->45874K(93184K)
[777.397s][info ][gc,heap        ] GC(39) ParOldGen: 538569K(538624K)->552497K(552960K)
[777.397s][info ][gc,metaspace   ] GC(39) Metaspace: 96397K(97728K)->96397K(97728K) NonClass: 82236K(83008K)->82236K(83008K) Class: 14161K(14720K)->14161K(14720K)
[777.397s][info ][gc             ] GC(39) Pause Young (Allocation Failure) 2407M->584M(2492M) 78.980ms
[777.397s][info ][gc,cpu         ] GC(39) User=0.11s Sys=0.01s Real=0.08s
[777.397s][info ][safepoint      ] Safepoint "ParallelGCFailedAllocation", Time since last: 1515055585 ns, Reaching safepoint: 84304 ns, Cleanup: 4800 ns, At safepoint: 79091729 ns, Total: 79180833 ns
[778.397s][info ][safepoint      ] Safepoint "Cleanup", Time since last: 1000093375 ns, Reaching safepoint: 10901 ns, Cleanup: 18401 ns, At safepoint: 8700 ns, Total: 38002 ns
[780.345s][info ][safepoint      ] Safepoint "Cleanup", Time since last: 1947883152 ns, Reaching safepoint: 5301 ns, Cleanup: 12400 ns, At safepoint: 2000 ns, Total: 19701 ns
[781.345s][info ][safepoint      ] Safepoint "Cleanup", Time since last: 1000133177 ns, Reaching safepoint: 10301 ns, Cleanup: 13200 ns, At safepoint: 3000 ns, Total: 26501 ns
[782.346s][info ][safepoint      ] Safepoint "Cleanup", Time since last: 1000127698 ns, Reaching safepoint: 12701 ns, Cleanup: 15100 ns, At safepoint: 11201 ns, Total: 39002 ns
[783.346s][info ][safepoint      ] Safepoint "Cleanup", Time since last: 1000120952 ns, Reaching safepoint: 12201 ns, Cleanup: 14401 ns, At safepoint: 2800 ns, Total: 29402 ns
[788.346s][info ][safepoint      ] Safepoint "Cleanup", Time since last: 5000390751 ns, Reaching safepoint: 10000 ns, Cleanup: 14501 ns, At safepoint: 3000 ns, Total: 27501 ns
[790.346s][info ][safepoint      ] Safepoint "Cleanup", Time since last: 2000195138 ns, Reaching safepoint: 12500 ns, Cleanup: 14901 ns, At safepoint: 2700 ns, Total: 30101 ns
[791.347s][info ][safepoint      ] Safepoint "Cleanup", Time since last: 1000125871 ns, Reaching safepoint: 9500 ns, Cleanup: 20502 ns, At safepoint: 2800 ns, Total: 32802 ns
[793.347s][info ][safepoint      ] Safepoint "Cleanup", Time since last: 2000189116 ns, Reaching safepoint: 9501 ns, Cleanup: 20401 ns, At safepoint: 3000 ns, Total: 32902 ns
[794.347s][info ][safepoint      ] Safepoint "Cleanup", Time since last: 1000126500 ns, Reaching safepoint: 11701 ns, Cleanup: 13701 ns, At safepoint: 2900 ns, Total: 28302 ns
[796.347s][info ][safepoint      ] Safepoint "Cleanup", Time since last: 2000194597 ns, Reaching safepoint: 11801 ns, Cleanup: 17901 ns, At safepoint: 3200 ns, Total: 32902 ns
[797.347s][info ][safepoint      ] Safepoint "Cleanup", Time since last: 1000117400 ns, Reaching safepoint: 12101 ns, Cleanup: 14601 ns, At safepoint: 22301 ns, Total: 49003 ns
[804.348s][info ][safepoint      ] Safepoint "Cleanup", Time since last: 7000541494 ns, Reaching safepoint: 12901 ns, Cleanup: 14601 ns, At safepoint: 6400 ns, Total: 33902 ns
[807.349s][info ][safepoint      ] Safepoint "Cleanup", Time since last: 3000820086 ns, Reaching safepoint: 12101 ns, Cleanup: 23201 ns, At safepoint: 3600 ns, Total: 38902 ns
[808.349s][info ][safepoint      ] Safepoint "Cleanup", Time since last: 1000123498 ns, Reaching safepoint: 10800 ns, Cleanup: 27302 ns, At safepoint: 3300 ns, Total: 41402 ns
[809.260s][info ][gc,start       ] GC(40) Pause Young (Allocation Failure)
[809.328s][debug][gc,phases      ] GC(40) Scavenge 68.440ms
[809.328s][debug][gc,ref         ] GC(40) ReferenceProcessor::execute queues: 1, RefProcThreadModel::Single, marks_oops_alive: false
[809.328s][debug][gc,ref         ] GC(40) Skipped KeepAliveFinalRefsPhase of Reference Processing: no references
[809.328s][debug][gc,ref         ] GC(40) ReferenceProcessor::execute queues: 1, RefProcThreadModel::Single, marks_oops_alive: false
[809.328s][debug][gc,phases      ] GC(40) Reference Processing 0.138ms
[809.332s][debug][gc,phases      ] GC(40)   VM Weak                        Min:  0.0, Avg:  0.0, Max:  0.0, Diff:  0.0, Sum:  0.0, Workers: 4
[809.332s][debug][gc,phases      ] GC(40)     Dead                           Min: 0, Avg:  0.0, Max: 0, Diff: 0, Sum: 0, Workers: 4
[809.332s][debug][gc,phases      ] GC(40)     Total                          Min: 0, Avg: 253.5, Max: 1014, Diff: 1014, Sum: 1014, Workers: 4
[809.332s][debug][gc,phases      ] GC(40)   ObjectSynchronizer Weak        Min:  0.0, Avg:  0.0, Max:  0.0, Diff:  0.0, Sum:  0.0, Workers: 4
[809.332s][debug][gc,phases      ] GC(40)     Dead                           Min: 0, Avg:  0.0, Max: 0, Diff: 0, Sum: 0, Workers: 4
[809.332s][debug][gc,phases      ] GC(40)     Total                          Min: 0, Avg:  1.0, Max: 4, Diff: 4, Sum: 4, Workers: 4
[809.332s][debug][gc,phases      ] GC(40)   JVMTI Tag Weak OopStorage      Min:  0.0, Avg:  0.0, Max:  0.0, Diff:  0.0, Sum:  0.0, Workers: 4
[809.332s][debug][gc,phases      ] GC(40)     Dead                           Min: 0, Avg:  0.0, Max: 0, Diff: 0, Sum: 0, Workers: 4
[809.332s][debug][gc,phases      ] GC(40)     Total                          Min: 0, Avg:  0.0, Max: 0, Diff: 0, Sum: 0, Workers: 4
[809.332s][debug][gc,phases      ] GC(40)   StringTable Weak               Min:  0.0, Avg:  0.1, Max:  0.3, Diff:  0.3, Sum:  0.5, Workers: 4
[809.332s][debug][gc,phases      ] GC(40)     Dead                           Min: 0, Avg:  0.0, Max: 0, Diff: 0, Sum: 0, Workers: 4
[809.332s][debug][gc,phases      ] GC(40)     Total                          Min: 0, Avg: 12157.0, Max: 35136, Diff: 35136, Sum: 48628, Workers: 4
[809.332s][debug][gc,phases      ] GC(40)   ResolvedMethodTable Weak       Min:  0.0, Avg:  0.0, Max:  0.1, Diff:  0.1, Sum:  0.1, Workers: 4
[809.332s][debug][gc,phases      ] GC(40)     Dead                           Min: 0, Avg:  0.0, Max: 0, Diff: 0, Sum: 0, Workers: 4
[809.332s][debug][gc,phases      ] GC(40)     Total                          Min: 0, Avg: 3367.2, Max: 6861, Diff: 6861, Sum: 13469, Workers: 4
[809.332s][debug][gc,phases      ] GC(40)   JNI Weak                       Min:  0.0, Avg:  0.0, Max:  0.0, Diff:  0.0, Sum:  0.0, Workers: 4
[809.333s][debug][gc,phases      ] GC(40)     Dead                           Min: 0, Avg:  0.0, Max: 0, Diff: 0, Sum: 0, Workers: 4
[809.333s][debug][gc,phases      ] GC(40)     Total                          Min: 0, Avg: 12.0, Max: 48, Diff: 48, Sum: 48, Workers: 4
[809.333s][debug][gc,phases      ] GC(40)   StringDedup Table Weak         Min:  0.0, Avg:  0.0, Max:  0.0, Diff:  0.0, Sum:  0.0, Workers: 4
[809.333s][debug][gc,phases      ] GC(40)     Dead                           Min: 0, Avg:  0.0, Max: 0, Diff: 0, Sum: 0, Workers: 4
[809.333s][debug][gc,phases      ] GC(40)     Total                          Min: 0, Avg:  0.0, Max: 0, Diff: 0, Sum: 0, Workers: 4
[809.333s][debug][gc,phases      ] GC(40)   StringDedup Requests0 Weak     Min:  0.0, Avg:  0.0, Max:  0.0, Diff:  0.0, Sum:  0.0, Workers: 4
[809.333s][debug][gc,phases      ] GC(40)     Dead                           Min: 0, Avg:  0.0, Max: 0, Diff: 0, Sum: 0, Workers: 4
[809.333s][debug][gc,phases      ] GC(40)     Total                          Min: 0, Avg:  0.0, Max: 0, Diff: 0, Sum: 0, Workers: 4
[809.333s][debug][gc,phases      ] GC(40)   StringDedup Requests1 Weak     Min:  0.0, Avg:  0.0, Max:  0.0, Diff:  0.0, Sum:  0.0, Workers: 4
[809.333s][debug][gc,phases      ] GC(40)     Dead                           Min: 0, Avg:  0.0, Max: 0, Diff: 0, Sum: 0, Workers: 4
[809.333s][debug][gc,phases      ] GC(40)     Total                          Min: 0, Avg:  0.0, Max: 0, Diff: 0, Sum: 0, Workers: 4
[809.333s][debug][gc,phases      ] GC(40)   Weak JFR Old Object Samples    Min:  0.0, Avg:  0.0, Max:  0.0, Diff:  0.0, Sum:  0.0, Workers: 4
[809.333s][debug][gc,phases      ] GC(40)     Dead                           Min: 0, Avg:  0.0, Max: 0, Diff: 0, Sum: 0, Workers: 4
[809.333s][debug][gc,phases      ] GC(40)     Total                          Min: 0, Avg:  0.0, Max: 0, Diff: 0, Sum: 0, Workers: 4
[809.333s][debug][gc,phases      ] GC(40) Weak Processing 4.103ms
[809.333s][debug][gc,age         ] GC(40) Desired survivor size 92798976 bytes, new threshold 1 (max threshold 15)
[809.333s][info ][gc,heap        ] GC(40) PSYoungGen: 1952050K(1999360K)->7633K(2006528K) Eden: 1906176K(1906176K)->0K(1913856K) From: 45874K(93184K)->7633K(92672K)
[809.333s][info ][gc,heap        ] GC(40) ParOldGen: 552497K(552960K)->595462K(595968K)
[809.333s][info ][gc,metaspace   ] GC(40) Metaspace: 96411K(97728K)->96411K(97728K) NonClass: 82250K(83008K)->82250K(83008K) Class: 14161K(14720K)->14161K(14720K)
[809.333s][info ][gc             ] GC(40) Pause Young (Allocation Failure) 2445M->588M(2541M) 72.854ms
[809.333s][info ][gc,cpu         ] GC(40) User=0.08s Sys=0.02s Real=0.07s
[809.333s][info ][safepoint      ] Safepoint "ParallelGCFailedAllocation", Time since last: 910797241 ns, Reaching safepoint: 10201 ns, Cleanup: 5200 ns, At safepoint: 72952473 ns, Total: 72967874 ns
[812.333s][info ][safepoint      ] Safepoint "Cleanup", Time since last: 3000241311 ns, Reaching safepoint: 11200 ns, Cleanup: 14201 ns, At safepoint: 2700 ns, Total: 28101 ns
[813.333s][info ][safepoint      ] Safepoint "Cleanup", Time since last: 1000181577 ns, Reaching safepoint: 9700 ns, Cleanup: 14301 ns, At safepoint: 2900 ns, Total: 26901 ns
[817.334s][info ][safepoint      ] Safepoint "Cleanup", Time since last: 4000608176 ns, Reaching safepoint: 11401 ns, Cleanup: 15301 ns, At safepoint: 3500 ns, Total: 30202 ns
[820.334s][info ][safepoint      ] Safepoint "Cleanup", Time since last: 3000267389 ns, Reaching safepoint: 9001 ns, Cleanup: 34502 ns, At safepoint: 2600 ns, Total: 46103 ns
[821.334s][info ][safepoint      ] Safepoint "Cleanup", Time since last: 1000103131 ns, Reaching safepoint: 12600 ns, Cleanup: 26002 ns, At safepoint: 3400 ns, Total: 42002 ns
[822.334s][info ][safepoint      ] Safepoint "Cleanup", Time since last: 1000127332 ns, Reaching safepoint: 12001 ns, Cleanup: 18301 ns, At safepoint: 3100 ns, Total: 33402 ns
[823.335s][info ][safepoint      ] Safepoint "Cleanup", Time since last: 1000134432 ns, Reaching safepoint: 9001 ns, Cleanup: 26401 ns, At safepoint: 3100 ns, Total: 38502 ns
[824.335s][info ][safepoint      ] Safepoint "Cleanup", Time since last: 1000123993 ns, Reaching safepoint: 8901 ns, Cleanup: 28202 ns, At safepoint: 7400 ns, Total: 44503 ns
[825.335s][info ][safepoint      ] Safepoint "Cleanup", Time since last: 1000130036 ns, Reaching safepoint: 12101 ns, Cleanup: 15901 ns, At safepoint: 3100 ns, Total: 31102 ns
[826.335s][info ][safepoint      ] Safepoint "Cleanup", Time since last: 1000165238 ns, Reaching safepoint: 12101 ns, Cleanup: 16001 ns, At safepoint: 7700 ns, Total: 35802 ns
[827.335s][info ][safepoint      ] Safepoint "Cleanup", Time since last: 1000143437 ns, Reaching safepoint: 9300 ns, Cleanup: 14101 ns, At safepoint: 2800 ns, Total: 26201 ns
[829.336s][info ][safepoint      ] Safepoint "Cleanup", Time since last: 2000217870 ns, Reaching safepoint: 11100 ns, Cleanup: 14201 ns, At safepoint: 2700 ns, Total: 28001 ns
[830.336s][info ][safepoint      ] Safepoint "Cleanup", Time since last: 1000125636 ns, Reaching safepoint: 8301 ns, Cleanup: 13200 ns, At safepoint: 2600 ns, Total: 24101 ns
[831.336s][info ][safepoint      ] Safepoint "Cleanup", Time since last: 1000111035 ns, Reaching safepoint: 10201 ns, Cleanup: 20701 ns, At safepoint: 2800 ns, Total: 33702 ns
[832.336s][info ][safepoint      ] Safepoint "Cleanup", Time since last: 1000118029 ns, Reaching safepoint: 8901 ns, Cleanup: 17801 ns, At safepoint: 12300 ns, Total: 39002 ns
[836.336s][info ][safepoint      ] Safepoint "Cleanup", Time since last: 4000384671 ns, Reaching safepoint: 8901 ns, Cleanup: 25501 ns, At safepoint: 2900 ns, Total: 37302 ns
[837.337s][info ][safepoint      ] Safepoint "Cleanup", Time since last: 1000131720 ns, Reaching safepoint: 10801 ns, Cleanup: 26201 ns, At safepoint: 11401 ns, Total: 48403 ns
[838.337s][info ][safepoint      ] Safepoint "Cleanup", Time since last: 1000131220 ns, Reaching safepoint: 12000 ns, Cleanup: 20102 ns, At safepoint: 2900 ns, Total: 35002 ns
[839.337s][info ][safepoint      ] Safepoint "Cleanup", Time since last: 1000209324 ns, Reaching safepoint: 14601 ns, Cleanup: 20601 ns, At safepoint: 4100 ns, Total: 39302 ns
[840.337s][info ][safepoint      ] Safepoint "Cleanup", Time since last: 1000148571 ns, Reaching safepoint: 10200 ns, Cleanup: 12701 ns, At safepoint: 2800 ns, Total: 25701 ns
[842.368s][info ][safepoint      ] Safepoint "Cleanup", Time since last: 2030392642 ns, Reaching safepoint: 78704 ns, Cleanup: 14601 ns, At safepoint: 6801 ns, Total: 100106 ns
[842.795s][info ][gc,start       ] GC(41) Pause Young (Allocation Failure)
[842.807s][debug][gc,phases      ] GC(41) Scavenge 11.496ms
[842.807s][debug][gc,ref         ] GC(41) ReferenceProcessor::execute queues: 1, RefProcThreadModel::Single, marks_oops_alive: false
[842.807s][debug][gc,ref         ] GC(41) Skipped KeepAliveFinalRefsPhase of Reference Processing: no references
[842.807s][debug][gc,ref         ] GC(41) Skipped PhantomRefsPhase of Reference Processing: no references
[842.807s][debug][gc,phases      ] GC(41) Reference Processing 0.131ms
[842.807s][debug][gc,phases      ] GC(41)   VM Weak                        Min:  0.0, Avg:  0.0, Max:  0.0, Diff:  0.0, Sum:  0.0, Workers: 4
[842.807s][debug][gc,phases      ] GC(41)     Dead                           Min: 0, Avg:  0.0, Max: 0, Diff: 0, Sum: 0, Workers: 4
[842.807s][debug][gc,phases      ] GC(41)     Total                          Min: 0, Avg: 253.5, Max: 566, Diff: 566, Sum: 1014, Workers: 4
[842.807s][debug][gc,phases      ] GC(41)   ObjectSynchronizer Weak        Min:  0.0, Avg:  0.0, Max:  0.0, Diff:  0.0, Sum:  0.0, Workers: 4
[842.807s][debug][gc,phases      ] GC(41)     Dead                           Min: 0, Avg:  0.0, Max: 0, Diff: 0, Sum: 0, Workers: 4
[842.807s][debug][gc,phases      ] GC(41)     Total                          Min: 0, Avg:  1.0, Max: 4, Diff: 4, Sum: 4, Workers: 4
[842.807s][debug][gc,phases      ] GC(41)   JVMTI Tag Weak OopStorage      Min:  0.0, Avg:  0.0, Max:  0.0, Diff:  0.0, Sum:  0.0, Workers: 4
[842.807s][debug][gc,phases      ] GC(41)     Dead                           Min: 0, Avg:  0.0, Max: 0, Diff: 0, Sum: 0, Workers: 4
[842.807s][debug][gc,phases      ] GC(41)     Total                          Min: 0, Avg:  0.0, Max: 0, Diff: 0, Sum: 0, Workers: 4
[842.807s][debug][gc,phases      ] GC(41)   StringTable Weak               Min:  0.0, Avg:  0.1, Max:  0.2, Diff:  0.2, Sum:  0.5, Workers: 4
[842.807s][debug][gc,phases      ] GC(41)     Dead                           Min: 0, Avg:  0.0, Max: 0, Diff: 0, Sum: 0, Workers: 4
[842.807s][debug][gc,phases      ] GC(41)     Total                          Min: 0, Avg: 12158.8, Max: 26491, Diff: 26491, Sum: 48635, Workers: 4
[842.807s][debug][gc,phases      ] GC(41)   ResolvedMethodTable Weak       Min:  0.0, Avg:  0.0, Max:  0.1, Diff:  0.1, Sum:  0.1, Workers: 4
[842.807s][debug][gc,phases      ] GC(41)     Dead                           Min: 0, Avg:  0.2, Max: 1, Diff: 1, Sum: 1, Workers: 4
[842.807s][debug][gc,phases      ] GC(41)     Total                          Min: 0, Avg: 3367.5, Max: 7487, Diff: 7487, Sum: 13470, Workers: 4
[842.807s][debug][gc,phases      ] GC(41)   JNI Weak                       Min:  0.0, Avg:  0.0, Max:  0.0, Diff:  0.0, Sum:  0.0, Workers: 4
[842.807s][debug][gc,phases      ] GC(41)     Dead                           Min: 0, Avg:  0.0, Max: 0, Diff: 0, Sum: 0, Workers: 4
[842.807s][debug][gc,phases      ] GC(41)     Total                          Min: 0, Avg: 12.0, Max: 48, Diff: 48, Sum: 48, Workers: 4
[842.807s][debug][gc,phases      ] GC(41)   StringDedup Table Weak         Min:  0.0, Avg:  0.0, Max:  0.0, Diff:  0.0, Sum:  0.0, Workers: 4
[842.807s][debug][gc,phases      ] GC(41)     Dead                           Min: 0, Avg:  0.0, Max: 0, Diff: 0, Sum: 0, Workers: 4
[842.807s][debug][gc,phases      ] GC(41)     Total                          Min: 0, Avg:  0.0, Max: 0, Diff: 0, Sum: 0, Workers: 4
[842.807s][debug][gc,phases      ] GC(41)   StringDedup Requests0 Weak     Min:  0.0, Avg:  0.0, Max:  0.0, Diff:  0.0, Sum:  0.0, Workers: 4
[842.807s][debug][gc,phases      ] GC(41)     Dead                           Min: 0, Avg:  0.0, Max: 0, Diff: 0, Sum: 0, Workers: 4
[842.807s][debug][gc,phases      ] GC(41)     Total                          Min: 0, Avg:  0.0, Max: 0, Diff: 0, Sum: 0, Workers: 4
[842.807s][debug][gc,phases      ] GC(41)   StringDedup Requests1 Weak     Min:  0.0, Avg:  0.0, Max:  0.0, Diff:  0.0, Sum:  0.0, Workers: 4
[842.807s][debug][gc,phases      ] GC(41)     Dead                           Min: 0, Avg:  0.0, Max: 0, Diff: 0, Sum: 0, Workers: 4
[842.807s][debug][gc,phases      ] GC(41)     Total                          Min: 0, Avg:  0.0, Max: 0, Diff: 0, Sum: 0, Workers: 4
[842.807s][debug][gc,phases      ] GC(41)   Weak JFR Old Object Samples    Min:  0.0, Avg:  0.0, Max:  0.0, Diff:  0.0, Sum:  0.0, Workers: 4
[842.807s][debug][gc,phases      ] GC(41)     Dead                           Min: 0, Avg:  0.0, Max: 0, Diff: 0, Sum: 0, Workers: 4
[842.807s][debug][gc,phases      ] GC(41)     Total                          Min: 0, Avg:  0.0, Max: 0, Diff: 0, Sum: 0, Workers: 4
[842.807s][debug][gc,phases      ] GC(41) Weak Processing 0.546ms
[842.807s][debug][gc,age         ] GC(41) Desired survivor size 90177536 bytes, new threshold 1 (max threshold 15)
[842.807s][info ][gc,heap        ] GC(41) PSYoungGen: 1921489K(2006528K)->8193K(2004480K) Eden: 1913856K(1913856K)->0K(1913856K) From: 7633K(92672K)->8193K(90624K)
[842.807s][info ][gc,heap        ] GC(41) ParOldGen: 595462K(595968K)->600797K(601088K)
[842.807s][info ][gc,metaspace   ] GC(41) Metaspace: 96477K(97792K)->96477K(97792K) NonClass: 82316K(83072K)->82316K(83072K) Class: 14161K(14720K)->14161K(14720K)
[842.807s][info ][gc             ] GC(41) Pause Young (Allocation Failure) 2457M->594M(2544M) 12.332ms
[842.807s][info ][gc,cpu         ] GC(41) User=0.02s Sys=0.00s Real=0.02s
[842.807s][info ][safepoint      ] Safepoint "ParallelGCFailedAllocation", Time since last: 427309111 ns, Reaching safepoint: 7900 ns, Cleanup: 3901 ns, At safepoint: 12419815 ns, Total: 12431616 ns
[844.808s][info ][safepoint      ] Safepoint "Cleanup", Time since last: 2000207603 ns, Reaching safepoint: 83305 ns, Cleanup: 15801 ns, At safepoint: 10301 ns, Total: 109407 ns
[845.808s][info ][safepoint      ] Safepoint "Cleanup", Time since last: 1000133903 ns, Reaching safepoint: 88505 ns, Cleanup: 11401 ns, At safepoint: 6900 ns, Total: 106806 ns
[847.808s][info ][safepoint      ] Safepoint "Cleanup", Time since last: 2000207604 ns, Reaching safepoint: 74104 ns, Cleanup: 12401 ns, At safepoint: 8600 ns, Total: 95105 ns
[848.809s][info ][safepoint      ] Safepoint "Cleanup", Time since last: 1000130440 ns, Reaching safepoint: 83005 ns, Cleanup: 12600 ns, At safepoint: 13001 ns, Total: 108606 ns
[856.809s][info ][safepoint      ] Safepoint "Cleanup", Time since last: 8000674746 ns, Reaching safepoint: 93604 ns, Cleanup: 11001 ns, At safepoint: 7000 ns, Total: 111605 ns
[858.810s][info ][safepoint      ] Safepoint "Cleanup", Time since last: 2000187636 ns, Reaching safepoint: 78504 ns, Cleanup: 8800 ns, At safepoint: 7001 ns, Total: 94305 ns
[860.810s][info ][safepoint      ] Safepoint "Cleanup", Time since last: 2000189112 ns, Reaching safepoint: 85305 ns, Cleanup: 14001 ns, At safepoint: 7100 ns, Total: 106406 ns
[864.810s][info ][safepoint      ] Safepoint "Cleanup", Time since last: 4000340634 ns, Reaching safepoint: 83804 ns, Cleanup: 12001 ns, At safepoint: 5800 ns, Total: 101605 ns
[865.811s][info ][safepoint      ] Safepoint "Cleanup", Time since last: 1000133287 ns, Reaching safepoint: 85205 ns, Cleanup: 13000 ns, At safepoint: 6901 ns, Total: 105106 ns
[873.811s][info ][safepoint      ] Safepoint "Cleanup", Time since last: 8000733125 ns, Reaching safepoint: 105706 ns, Cleanup: 12401 ns, At safepoint: 14801 ns, Total: 132908 ns
[875.812s][info ][safepoint      ] Safepoint "Cleanup", Time since last: 2000204279 ns, Reaching safepoint: 87805 ns, Cleanup: 10101 ns, At safepoint: 5100 ns, Total: 103006 ns
[876.812s][info ][safepoint      ] Safepoint "Cleanup", Time since last: 1000138942 ns, Reaching safepoint: 92105 ns, Cleanup: 64604 ns, At safepoint: 13501 ns, Total: 170210 ns
[877.367s][info ][gc,start       ] GC(42) Pause Young (Allocation Failure)
[877.376s][debug][gc,phases      ] GC(42) Scavenge 8.569ms
[877.376s][debug][gc,ref         ] GC(42) ReferenceProcessor::execute queues: 1, RefProcThreadModel::Single, marks_oops_alive: false
[877.376s][debug][gc,ref         ] GC(42) Skipped KeepAliveFinalRefsPhase of Reference Processing: no references
[877.376s][debug][gc,ref         ] GC(42) Skipped PhantomRefsPhase of Reference Processing: no references
[877.376s][debug][gc,phases      ] GC(42) Reference Processing 0.137ms
[877.376s][debug][gc,phases      ] GC(42)   VM Weak                        Min:  0.0, Avg:  0.0, Max:  0.0, Diff:  0.0, Sum:  0.0, Workers: 4
[877.376s][debug][gc,phases      ] GC(42)     Dead                           Min: 0, Avg:  0.0, Max: 0, Diff: 0, Sum: 0, Workers: 4
[877.377s][debug][gc,phases      ] GC(42)     Total                          Min: 0, Avg: 253.5, Max: 694, Diff: 694, Sum: 1014, Workers: 4
[877.377s][debug][gc,phases      ] GC(42)   ObjectSynchronizer Weak        Min:  0.0, Avg:  0.0, Max:  0.0, Diff:  0.0, Sum:  0.0, Workers: 4
[877.377s][debug][gc,phases      ] GC(42)     Dead                           Min: 0, Avg:  0.0, Max: 0, Diff: 0, Sum: 0, Workers: 4
[877.377s][debug][gc,phases      ] GC(42)     Total                          Min: 0, Avg:  1.0, Max: 4, Diff: 4, Sum: 4, Workers: 4
[877.377s][debug][gc,phases      ] GC(42)   JVMTI Tag Weak OopStorage      Min:  0.0, Avg:  0.0, Max:  0.0, Diff:  0.0, Sum:  0.0, Workers: 4
[877.377s][debug][gc,phases      ] GC(42)     Dead                           Min: 0, Avg:  0.0, Max: 0, Diff: 0, Sum: 0, Workers: 4
[877.377s][debug][gc,phases      ] GC(42)     Total                          Min: 0, Avg:  0.0, Max: 0, Diff: 0, Sum: 0, Workers: 4
[877.377s][debug][gc,phases      ] GC(42)   StringTable Weak               Min:  0.0, Avg:  0.1, Max:  0.2, Diff:  0.2, Sum:  0.5, Workers: 4
[877.377s][debug][gc,phases      ] GC(42)     Dead                           Min: 0, Avg:  0.0, Max: 0, Diff: 0, Sum: 0, Workers: 4
[877.377s][debug][gc,phases      ] GC(42)     Total                          Min: 0, Avg: 12158.8, Max: 20288, Diff: 20288, Sum: 48635, Workers: 4
[877.377s][debug][gc,phases      ] GC(42)   ResolvedMethodTable Weak       Min:  0.0, Avg:  0.0, Max:  0.0, Diff:  0.0, Sum:  0.1, Workers: 4
[877.377s][debug][gc,phases      ] GC(42)     Dead                           Min: 0, Avg:  0.0, Max: 0, Diff: 0, Sum: 0, Workers: 4
[877.377s][debug][gc,phases      ] GC(42)     Total                          Min: 0, Avg: 3367.5, Max: 4591, Diff: 4591, Sum: 13470, Workers: 4
[877.377s][debug][gc,phases      ] GC(42)   JNI Weak                       Min:  0.0, Avg:  0.0, Max:  0.0, Diff:  0.0, Sum:  0.0, Workers: 4
[877.377s][debug][gc,phases      ] GC(42)     Dead                           Min: 0, Avg:  0.0, Max: 0, Diff: 0, Sum: 0, Workers: 4
[877.377s][debug][gc,phases      ] GC(42)     Total                          Min: 0, Avg: 12.0, Max: 48, Diff: 48, Sum: 48, Workers: 4
[877.377s][debug][gc,phases      ] GC(42)   StringDedup Table Weak         Min:  0.0, Avg:  0.0, Max:  0.0, Diff:  0.0, Sum:  0.0, Workers: 4
[877.377s][debug][gc,phases      ] GC(42)     Dead                           Min: 0, Avg:  0.0, Max: 0, Diff: 0, Sum: 0, Workers: 4
[877.377s][debug][gc,phases      ] GC(42)     Total                          Min: 0, Avg:  0.0, Max: 0, Diff: 0, Sum: 0, Workers: 4
[877.377s][debug][gc,phases      ] GC(42)   StringDedup Requests0 Weak     Min:  0.0, Avg:  0.0, Max:  0.0, Diff:  0.0, Sum:  0.0, Workers: 4
[877.377s][debug][gc,phases      ] GC(42)     Dead                           Min: 0, Avg:  0.0, Max: 0, Diff: 0, Sum: 0, Workers: 4
[877.377s][debug][gc,phases      ] GC(42)     Total                          Min: 0, Avg:  0.0, Max: 0, Diff: 0, Sum: 0, Workers: 4
[877.377s][debug][gc,phases      ] GC(42)   StringDedup Requests1 Weak     Min:  0.0, Avg:  0.0, Max:  0.0, Diff:  0.0, Sum:  0.0, Workers: 4
[877.377s][debug][gc,phases      ] GC(42)     Dead                           Min: 0, Avg:  0.0, Max: 0, Diff: 0, Sum: 0, Workers: 4
[877.377s][debug][gc,phases      ] GC(42)     Total                          Min: 0, Avg:  0.0, Max: 0, Diff: 0, Sum: 0, Workers: 4
[877.377s][debug][gc,phases      ] GC(42)   Weak JFR Old Object Samples    Min:  0.0, Avg:  0.0, Max:  0.0, Diff:  0.0, Sum:  0.0, Workers: 4
[877.377s][debug][gc,phases      ] GC(42)     Dead                           Min: 0, Avg:  0.0, Max: 0, Diff: 0, Sum: 0, Workers: 4
[877.377s][debug][gc,phases      ] GC(42)     Total                          Min: 0, Avg:  0.0, Max: 0, Diff: 0, Sum: 0, Workers: 4
[877.377s][debug][gc,phases      ] GC(42) Weak Processing 0.530ms
[877.377s][debug][gc,age         ] GC(42) Desired survivor size 87556096 bytes, new threshold 1 (max threshold 15)
[877.377s][info ][gc,heap        ] GC(42) PSYoungGen: 1922049K(2004480K)->8817K(2011648K) Eden: 1913856K(1913856K)->0K(1923584K) From: 8193K(90624K)->8817K(88064K)
[877.377s][info ][gc,heap        ] GC(42) ParOldGen: 600797K(601088K)->603122K(603136K)
[877.377s][info ][gc,metaspace   ] GC(42) Metaspace: 96499K(97792K)->96499K(97792K) NonClass: 82338K(83072K)->82338K(83072K) Class: 14161K(14720K)->14161K(14720K)
[877.377s][info ][gc             ] GC(42) Pause Young (Allocation Failure) 2463M->597M(2553M) 9.421ms
[877.377s][info ][gc,cpu         ] GC(42) User=0.02s Sys=0.01s Real=0.01s
[877.377s][info ][safepoint      ] Safepoint "ParallelGCFailedAllocation", Time since last: 555111004 ns, Reaching safepoint: 87305 ns, Cleanup: 12201 ns, At safepoint: 9525951 ns, Total: 9625457 ns
[878.377s][info ][safepoint      ] Safepoint "Cleanup", Time since last: 1000101540 ns, Reaching safepoint: 8500 ns, Cleanup: 15001 ns, At safepoint: 2500 ns, Total: 26001 ns
[879.377s][info ][safepoint      ] Safepoint "Cleanup", Time since last: 1000074038 ns, Reaching safepoint: 8001 ns, Cleanup: 18501 ns, At safepoint: 2500 ns, Total: 29002 ns
[880.377s][info ][safepoint      ] Safepoint "Cleanup", Time since last: 1000129614 ns, Reaching safepoint: 96705 ns, Cleanup: 50903 ns, At safepoint: 10800 ns, Total: 158408 ns
[881.377s][info ][safepoint      ] Safepoint "Cleanup", Time since last: 1000117439 ns, Reaching safepoint: 14201 ns, Cleanup: 27502 ns, At safepoint: 3500 ns, Total: 45203 ns
[883.378s][info ][safepoint      ] Safepoint "Cleanup", Time since last: 2000220477 ns, Reaching safepoint: 12501 ns, Cleanup: 18001 ns, At safepoint: 2900 ns, Total: 33402 ns
[884.378s][info ][safepoint      ] Safepoint "Cleanup", Time since last: 1000140540 ns, Reaching safepoint: 11101 ns, Cleanup: 15800 ns, At safepoint: 3701 ns, Total: 30602 ns
[887.378s][info ][safepoint      ] Safepoint "Cleanup", Time since last: 3000291633 ns, Reaching safepoint: 9000 ns, Cleanup: 18001 ns, At safepoint: 2700 ns, Total: 29701 ns
[888.378s][info ][safepoint      ] Safepoint "Cleanup", Time since last: 1000133063 ns, Reaching safepoint: 9400 ns, Cleanup: 14901 ns, At safepoint: 2600 ns, Total: 26901 ns
[890.379s][info ][safepoint      ] Safepoint "Cleanup", Time since last: 2000188787 ns, Reaching safepoint: 10200 ns, Cleanup: 11101 ns, At safepoint: 3000 ns, Total: 24301 ns
[891.379s][info ][safepoint      ] Safepoint "Cleanup", Time since last: 1000125695 ns, Reaching safepoint: 11601 ns, Cleanup: 16401 ns, At safepoint: 2800 ns, Total: 30802 ns
[892.379s][info ][safepoint      ] Safepoint "Cleanup", Time since last: 1000145496 ns, Reaching safepoint: 20801 ns, Cleanup: 15601 ns, At safepoint: 3200 ns, Total: 39602 ns
[894.379s][info ][safepoint      ] Safepoint "Cleanup", Time since last: 2000206588 ns, Reaching safepoint: 10701 ns, Cleanup: 14200 ns, At safepoint: 7601 ns, Total: 32502 ns
[895.379s][info ][safepoint      ] Safepoint "Cleanup", Time since last: 1000139796 ns, Reaching safepoint: 10000 ns, Cleanup: 17201 ns, At safepoint: 2600 ns, Total: 29801 ns
[896.380s][info ][safepoint      ] Safepoint "Cleanup", Time since last: 1000133062 ns, Reaching safepoint: 11301 ns, Cleanup: 16900 ns, At safepoint: 9801 ns, Total: 38002 ns
[897.380s][info ][safepoint      ] Safepoint "Cleanup", Time since last: 1000175446 ns, Reaching safepoint: 12400 ns, Cleanup: 22201 ns, At safepoint: 4101 ns, Total: 38702 ns
[902.388s][info ][safepoint      ] Safepoint "Cleanup", Time since last: 5008565634 ns, Reaching safepoint: 9201 ns, Cleanup: 13501 ns, At safepoint: 2500 ns, Total: 25202 ns
[903.389s][info ][safepoint      ] Safepoint "Cleanup", Time since last: 1000152655 ns, Reaching safepoint: 25001 ns, Cleanup: 27902 ns, At safepoint: 12101 ns, Total: 65004 ns
[904.389s][info ][safepoint      ] Safepoint "Cleanup", Time since last: 1000164800 ns, Reaching safepoint: 8100 ns, Cleanup: 14801 ns, At safepoint: 3000 ns, Total: 25901 ns
[905.389s][info ][safepoint      ] Safepoint "Cleanup", Time since last: 1000133048 ns, Reaching safepoint: 11501 ns, Cleanup: 14601 ns, At safepoint: 2900 ns, Total: 29002 ns
[906.389s][info ][safepoint      ] Safepoint "Cleanup", Time since last: 1000115047 ns, Reaching safepoint: 106506 ns, Cleanup: 14701 ns, At safepoint: 6601 ns, Total: 127808 ns
[907.389s][info ][safepoint      ] Safepoint "Cleanup", Time since last: 1000121047 ns, Reaching safepoint: 11901 ns, Cleanup: 14400 ns, At safepoint: 7701 ns, Total: 34002 ns
[912.390s][info ][safepoint      ] Safepoint "Cleanup", Time since last: 5000420275 ns, Reaching safepoint: 9301 ns, Cleanup: 37902 ns, At safepoint: 3200 ns, Total: 50403 ns
[913.390s][info ][safepoint      ] Safepoint "Cleanup", Time since last: 1000156370 ns, Reaching safepoint: 12101 ns, Cleanup: 15301 ns, At safepoint: 3000 ns, Total: 30402 ns
[914.390s][info ][safepoint      ] Safepoint "Cleanup", Time since last: 1000112468 ns, Reaching safepoint: 8801 ns, Cleanup: 13600 ns, At safepoint: 3100 ns, Total: 25501 ns
[915.390s][info ][safepoint      ] Safepoint "Cleanup", Time since last: 1000130769 ns, Reaching safepoint: 10801 ns, Cleanup: 23601 ns, At safepoint: 2800 ns, Total: 37202 ns
[917.391s][info ][safepoint      ] Safepoint "Cleanup", Time since last: 2000201435 ns, Reaching safepoint: 8100 ns, Cleanup: 57403 ns, At safepoint: 2501 ns, Total: 68004 ns
[918.391s][info ][safepoint      ] Safepoint "Cleanup", Time since last: 1000145769 ns, Reaching safepoint: 10901 ns, Cleanup: 23901 ns, At safepoint: 2900 ns, Total: 37702 ns
[919.391s][info ][safepoint      ] Safepoint "Cleanup", Time since last: 1000129469 ns, Reaching safepoint: 9401 ns, Cleanup: 20401 ns, At safepoint: 3200 ns, Total: 33002 ns
[920.391s][info ][safepoint      ] Safepoint "Cleanup", Time since last: 1000151495 ns, Reaching safepoint: 11800 ns, Cleanup: 36702 ns, At safepoint: 3500 ns, Total: 52002 ns
[921.391s][info ][safepoint      ] Safepoint "Cleanup", Time since last: 1000151025 ns, Reaching safepoint: 12201 ns, Cleanup: 28501 ns, At safepoint: 3700 ns, Total: 44402 ns
[923.392s][info ][safepoint      ] Safepoint "Cleanup", Time since last: 2000201743 ns, Reaching safepoint: 10701 ns, Cleanup: 18701 ns, At safepoint: 3200 ns, Total: 32602 ns
[924.392s][info ][safepoint      ] Safepoint "Cleanup", Time since last: 1000136924 ns, Reaching safepoint: 9400 ns, Cleanup: 13801 ns, At safepoint: 4100 ns, Total: 27301 ns
[925.392s][info ][safepoint      ] Safepoint "Cleanup", Time since last: 1000141024 ns, Reaching safepoint: 85005 ns, Cleanup: 15701 ns, At safepoint: 11200 ns, Total: 111906 ns
[926.392s][info ][safepoint      ] Safepoint "Cleanup", Time since last: 1000124823 ns, Reaching safepoint: 9601 ns, Cleanup: 26801 ns, At safepoint: 2701 ns, Total: 39103 ns
[927.392s][info ][safepoint      ] Safepoint "Cleanup", Time since last: 1000135323 ns, Reaching safepoint: 14001 ns, Cleanup: 49203 ns, At safepoint: 10500 ns, Total: 73704 ns
[928.393s][info ][safepoint      ] Safepoint "Cleanup", Time since last: 1000131985 ns, Reaching safepoint: 93306 ns, Cleanup: 83604 ns, At safepoint: 14701 ns, Total: 191611 ns
[929.066s][info ][gc,start       ] GC(43) Pause Young (Allocation Failure)
[929.102s][debug][gc,phases      ] GC(43) Scavenge 36.078ms
[929.102s][debug][gc,ref         ] GC(43) ReferenceProcessor::execute queues: 1, RefProcThreadModel::Single, marks_oops_alive: false
[929.102s][debug][gc,ref         ] GC(43) Skipped KeepAliveFinalRefsPhase of Reference Processing: no references
[929.102s][debug][gc,ref         ] GC(43) ReferenceProcessor::execute queues: 1, RefProcThreadModel::Single, marks_oops_alive: false
[929.102s][debug][gc,phases      ] GC(43) Reference Processing 0.166ms
[929.103s][debug][gc,phases      ] GC(43)   VM Weak                        Min:  0.0, Avg:  0.0, Max:  0.0, Diff:  0.0, Sum:  0.0, Workers: 4
[929.103s][debug][gc,phases      ] GC(43)     Dead                           Min: 0, Avg:  0.0, Max: 0, Diff: 0, Sum: 0, Workers: 4
[929.103s][debug][gc,phases      ] GC(43)     Total                          Min: 0, Avg: 253.5, Max: 640, Diff: 640, Sum: 1014, Workers: 4
[929.103s][debug][gc,phases      ] GC(43)   ObjectSynchronizer Weak        Min:  0.0, Avg:  0.0, Max:  0.0, Diff:  0.0, Sum:  0.0, Workers: 4
[929.103s][debug][gc,phases      ] GC(43)     Dead                           Min: 0, Avg:  0.0, Max: 0, Diff: 0, Sum: 0, Workers: 4
[929.103s][debug][gc,phases      ] GC(43)     Total                          Min: 0, Avg:  1.2, Max: 5, Diff: 5, Sum: 5, Workers: 4
[929.103s][debug][gc,phases      ] GC(43)   JVMTI Tag Weak OopStorage      Min:  0.0, Avg:  0.0, Max:  0.0, Diff:  0.0, Sum:  0.0, Workers: 4
[929.103s][debug][gc,phases      ] GC(43)     Dead                           Min: 0, Avg:  0.0, Max: 0, Diff: 0, Sum: 0, Workers: 4
[929.103s][debug][gc,phases      ] GC(43)     Total                          Min: 0, Avg:  0.0, Max: 0, Diff: 0, Sum: 0, Workers: 4
[929.103s][debug][gc,phases      ] GC(43)   StringTable Weak               Min:  0.0, Avg:  0.1, Max:  0.2, Diff:  0.2, Sum:  0.5, Workers: 4
[929.103s][debug][gc,phases      ] GC(43)     Dead                           Min: 0, Avg:  0.2, Max: 1, Diff: 1, Sum: 1, Workers: 4
[929.103s][debug][gc,phases      ] GC(43)     Total                          Min: 0, Avg: 12166.5, Max: 24639, Diff: 24639, Sum: 48666, Workers: 4
[929.103s][debug][gc,phases      ] GC(43)   ResolvedMethodTable Weak       Min:  0.0, Avg:  0.0, Max:  0.1, Diff:  0.1, Sum:  0.1, Workers: 4
[929.103s][debug][gc,phases      ] GC(43)     Dead                           Min: 0, Avg:  1.0, Max: 3, Diff: 3, Sum: 4, Workers: 4
[929.103s][debug][gc,phases      ] GC(43)     Total                          Min: 0, Avg: 3371.2, Max: 6796, Diff: 6796, Sum: 13485, Workers: 4
[929.103s][debug][gc,phases      ] GC(43)   JNI Weak                       Min:  0.0, Avg:  0.0, Max:  0.0, Diff:  0.0, Sum:  0.0, Workers: 4
[929.103s][debug][gc,phases      ] GC(43)     Dead                           Min: 0, Avg:  0.0, Max: 0, Diff: 0, Sum: 0, Workers: 4
[929.103s][debug][gc,phases      ] GC(43)     Total                          Min: 0, Avg: 12.0, Max: 48, Diff: 48, Sum: 48, Workers: 4
[929.103s][debug][gc,phases      ] GC(43)   StringDedup Table Weak         Min:  0.0, Avg:  0.0, Max:  0.0, Diff:  0.0, Sum:  0.0, Workers: 4
[929.103s][debug][gc,phases      ] GC(43)     Dead                           Min: 0, Avg:  0.0, Max: 0, Diff: 0, Sum: 0, Workers: 4
[929.103s][debug][gc,phases      ] GC(43)     Total                          Min: 0, Avg:  0.0, Max: 0, Diff: 0, Sum: 0, Workers: 4
[929.103s][debug][gc,phases      ] GC(43)   StringDedup Requests0 Weak     Min:  0.0, Avg:  0.0, Max:  0.0, Diff:  0.0, Sum:  0.0, Workers: 4
[929.103s][debug][gc,phases      ] GC(43)     Dead                           Min: 0, Avg:  0.0, Max: 0, Diff: 0, Sum: 0, Workers: 4
[929.103s][debug][gc,phases      ] GC(43)     Total                          Min: 0, Avg:  0.0, Max: 0, Diff: 0, Sum: 0, Workers: 4
[929.103s][debug][gc,phases      ] GC(43)   StringDedup Requests1 Weak     Min:  0.0, Avg:  0.0, Max:  0.0, Diff:  0.0, Sum:  0.0, Workers: 4
[929.103s][debug][gc,phases      ] GC(43)     Dead                           Min: 0, Avg:  0.0, Max: 0, Diff: 0, Sum: 0, Workers: 4
[929.103s][debug][gc,phases      ] GC(43)     Total                          Min: 0, Avg:  0.0, Max: 0, Diff: 0, Sum: 0, Workers: 4
[929.103s][debug][gc,phases      ] GC(43)   Weak JFR Old Object Samples    Min:  0.0, Avg:  0.0, Max:  0.0, Diff:  0.0, Sum:  0.0, Workers: 4
[929.103s][debug][gc,phases      ] GC(43)     Dead                           Min: 0, Avg:  0.0, Max: 0, Diff: 0, Sum: 0, Workers: 4
[929.103s][debug][gc,phases      ] GC(43)     Total                          Min: 0, Avg:  0.0, Max: 0, Diff: 0, Sum: 0, Workers: 4
[929.103s][debug][gc,phases      ] GC(43) Weak Processing 0.559ms
[929.103s][debug][gc,age         ] GC(43) Desired survivor size 88604672 bytes, new threshold 1 (max threshold 15)
[929.103s][info ][gc,heap        ] GC(43) PSYoungGen: 1932401K(2011648K)->44272K(2009088K) Eden: 1923584K(1923584K)->0K(1923584K) From: 8817K(88064K)->44272K(85504K)
[929.103s][info ][gc,heap        ] GC(43) ParOldGen: 603122K(603136K)->607096K(607232K)
[929.103s][info ][gc,metaspace   ] GC(43) Metaspace: 96673K(97984K)->96673K(97984K) NonClass: 82502K(83264K)->82502K(83264K) Class: 14170K(14720K)->14170K(14720K)
[929.103s][info ][gc             ] GC(43) Pause Young (Allocation Failure) 2476M->636M(2555M) 36.983ms
[929.103s][info ][gc,cpu         ] GC(43) User=0.07s Sys=0.01s Real=0.03s
[929.103s][info ][safepoint      ] Safepoint "ParallelGCFailedAllocation", Time since last: 672989966 ns, Reaching safepoint: 155609 ns, Cleanup: 88505 ns, At safepoint: 37088608 ns, Total: 37332722 ns
[930.112s][info ][safepoint      ] Safepoint "Cleanup", Time since last: 1005360464 ns, Reaching safepoint: 3974726 ns, Cleanup: 33202 ns, At safepoint: 20401 ns, Total: 4028329 ns
[931.116s][info ][safepoint      ] Safepoint "Cleanup", Time since last: 1000129367 ns, Reaching safepoint: 3810816 ns, Cleanup: 25602 ns, At safepoint: 11701 ns, Total: 3848119 ns
[932.014s][info ][gc,start       ] GC(44) Pause Young (Allocation Failure)
[932.060s][debug][gc,phases      ] GC(44) Scavenge 46.487ms
[932.061s][debug][gc,ref         ] GC(44) ReferenceProcessor::execute queues: 1, RefProcThreadModel::Single, marks_oops_alive: false
[932.061s][debug][gc,ref         ] GC(44) Skipped KeepAliveFinalRefsPhase of Reference Processing: no references
[932.061s][debug][gc,ref         ] GC(44) ReferenceProcessor::execute queues: 1, RefProcThreadModel::Single, marks_oops_alive: false
[932.061s][debug][gc,phases      ] GC(44) Reference Processing 0.134ms
[932.061s][debug][gc,phases      ] GC(44)   VM Weak                        Min:  0.0, Avg:  0.0, Max:  0.0, Diff:  0.0, Sum:  0.0, Workers: 4
[932.061s][debug][gc,phases      ] GC(44)     Dead                           Min: 0, Avg:  0.0, Max: 0, Diff: 0, Sum: 0, Workers: 4
[932.061s][debug][gc,phases      ] GC(44)     Total                          Min: 0, Avg: 253.5, Max: 640, Diff: 640, Sum: 1014, Workers: 4
[932.061s][debug][gc,phases      ] GC(44)   ObjectSynchronizer Weak        Min:  0.0, Avg:  0.0, Max:  0.0, Diff:  0.0, Sum:  0.0, Workers: 4
[932.061s][debug][gc,phases      ] GC(44)     Dead                           Min: 0, Avg:  0.0, Max: 0, Diff: 0, Sum: 0, Workers: 4
[932.061s][debug][gc,phases      ] GC(44)     Total                          Min: 0, Avg:  1.2, Max: 5, Diff: 5, Sum: 5, Workers: 4
[932.061s][debug][gc,phases      ] GC(44)   JVMTI Tag Weak OopStorage      Min:  0.0, Avg:  0.0, Max:  0.0, Diff:  0.0, Sum:  0.0, Workers: 4
[932.061s][debug][gc,phases      ] GC(44)     Dead                           Min: 0, Avg:  0.0, Max: 0, Diff: 0, Sum: 0, Workers: 4
[932.061s][debug][gc,phases      ] GC(44)     Total                          Min: 0, Avg:  0.0, Max: 0, Diff: 0, Sum: 0, Workers: 4
[932.061s][debug][gc,phases      ] GC(44)   StringTable Weak               Min:  0.0, Avg:  0.1, Max:  0.2, Diff:  0.2, Sum:  0.5, Workers: 4
[932.061s][debug][gc,phases      ] GC(44)     Dead                           Min: 0, Avg:  0.0, Max: 0, Diff: 0, Sum: 0, Workers: 4
[932.061s][debug][gc,phases      ] GC(44)     Total                          Min: 0, Avg: 12167.0, Max: 17024, Diff: 17024, Sum: 48668, Workers: 4
[932.061s][debug][gc,phases      ] GC(44)   ResolvedMethodTable Weak       Min:  0.0, Avg:  0.0, Max:  0.0, Diff:  0.0, Sum:  0.1, Workers: 4
[932.061s][debug][gc,phases      ] GC(44)     Dead                           Min: 0, Avg:  0.0, Max: 0, Diff: 0, Sum: 0, Workers: 4
[932.061s][debug][gc,phases      ] GC(44)     Total                          Min: 0, Avg: 3371.2, Max: 4973, Diff: 4973, Sum: 13485, Workers: 4
[932.061s][debug][gc,phases      ] GC(44)   JNI Weak                       Min:  0.0, Avg:  0.0, Max:  0.0, Diff:  0.0, Sum:  0.0, Workers: 4
[932.061s][debug][gc,phases      ] GC(44)     Dead                           Min: 0, Avg:  0.0, Max: 0, Diff: 0, Sum: 0, Workers: 4
[932.061s][debug][gc,phases      ] GC(44)     Total                          Min: 0, Avg: 12.0, Max: 48, Diff: 48, Sum: 48, Workers: 4
[932.061s][debug][gc,phases      ] GC(44)   StringDedup Table Weak         Min:  0.0, Avg:  0.0, Max:  0.0, Diff:  0.0, Sum:  0.0, Workers: 4
[932.061s][debug][gc,phases      ] GC(44)     Dead                           Min: 0, Avg:  0.0, Max: 0, Diff: 0, Sum: 0, Workers: 4
[932.061s][debug][gc,phases      ] GC(44)     Total                          Min: 0, Avg:  0.0, Max: 0, Diff: 0, Sum: 0, Workers: 4
[932.061s][debug][gc,phases      ] GC(44)   StringDedup Requests0 Weak     Min:  0.0, Avg:  0.0, Max:  0.0, Diff:  0.0, Sum:  0.0, Workers: 4
[932.061s][debug][gc,phases      ] GC(44)     Dead                           Min: 0, Avg:  0.0, Max: 0, Diff: 0, Sum: 0, Workers: 4
[932.061s][debug][gc,phases      ] GC(44)     Total                          Min: 0, Avg:  0.0, Max: 0, Diff: 0, Sum: 0, Workers: 4
[932.061s][debug][gc,phases      ] GC(44)   StringDedup Requests1 Weak     Min:  0.0, Avg:  0.0, Max:  0.0, Diff:  0.0, Sum:  0.0, Workers: 4
[932.061s][debug][gc,phases      ] GC(44)     Dead                           Min: 0, Avg:  0.0, Max: 0, Diff: 0, Sum: 0, Workers: 4
[932.061s][debug][gc,phases      ] GC(44)     Total                          Min: 0, Avg:  0.0, Max: 0, Diff: 0, Sum: 0, Workers: 4
[932.061s][debug][gc,phases      ] GC(44)   Weak JFR Old Object Samples    Min:  0.0, Avg:  0.0, Max:  0.0, Diff:  0.0, Sum:  0.0, Workers: 4
[932.061s][debug][gc,phases      ] GC(44)     Dead                           Min: 0, Avg:  0.0, Max: 0, Diff: 0, Sum: 0, Workers: 4
[932.061s][debug][gc,phases      ] GC(44)     Total                          Min: 0, Avg:  0.0, Max: 0, Diff: 0, Sum: 0, Workers: 4
[932.061s][debug][gc,phases      ] GC(44) Weak Processing 0.495ms
[932.061s][debug][gc,age         ] GC(44) Desired survivor size 92274688 bytes, new threshold 1 (max threshold 15)
[932.061s][info ][gc,heap        ] GC(44) PSYoungGen: 1967856K(2009088K)->53872K(2003456K) Eden: 1923584K(1923584K)->0K(1916928K) From: 44272K(85504K)->53872K(86528K)
[932.061s][info ][gc,heap        ] GC(44) ParOldGen: 607096K(607232K)->650933K(651264K)
[932.061s][info ][gc,metaspace   ] GC(44) Metaspace: 96682K(97984K)->96682K(97984K) NonClass: 82511K(83264K)->82511K(83264K) Class: 14170K(14720K)->14170K(14720K)
[932.061s][info ][gc             ] GC(44) Pause Young (Allocation Failure) 2514M->688M(2592M) 47.273ms
[932.061s][info ][gc,cpu         ] GC(44) User=0.12s Sys=0.01s Real=0.05s
[932.061s][info ][safepoint      ] Safepoint "ParallelGCFailedAllocation", Time since last: 897472129 ns, Reaching safepoint: 80805 ns, Cleanup: 26101 ns, At safepoint: 47371094 ns, Total: 47478000 ns
[933.061s][info ][safepoint      ] Safepoint "Cleanup", Time since last: 1000099364 ns, Reaching safepoint: 61104 ns, Cleanup: 16101 ns, At safepoint: 9900 ns, Total: 87105 ns
[934.062s][info ][safepoint      ] Safepoint "Cleanup", Time since last: 1000135267 ns, Reaching safepoint: 80605 ns, Cleanup: 31001 ns, At safepoint: 8501 ns, Total: 120107 ns
[935.062s][info ][safepoint      ] Safepoint "Cleanup", Time since last: 1000125866 ns, Reaching safepoint: 81905 ns, Cleanup: 21601 ns, At safepoint: 8401 ns, Total: 111907 ns
[936.062s][info ][safepoint      ] Safepoint "Cleanup", Time since last: 1000137536 ns, Reaching safepoint: 92605 ns, Cleanup: 29102 ns, At safepoint: 6600 ns, Total: 128307 ns
[937.062s][info ][safepoint      ] Safepoint "Cleanup", Time since last: 1000139219 ns, Reaching safepoint: 80905 ns, Cleanup: 23501 ns, At safepoint: 7100 ns, Total: 111506 ns
[938.063s][info ][safepoint      ] Safepoint "Cleanup", Time since last: 1000118318 ns, Reaching safepoint: 82605 ns, Cleanup: 25201 ns, At safepoint: 11301 ns, Total: 119107 ns
[939.063s][info ][safepoint      ] Safepoint "Cleanup", Time since last: 1000109417 ns, Reaching safepoint: 82805 ns, Cleanup: 18201 ns, At safepoint: 6900 ns, Total: 107906 ns
[940.063s][info ][safepoint      ] Safepoint "Cleanup", Time since last: 1000153520 ns, Reaching safepoint: 87504 ns, Cleanup: 20302 ns, At safepoint: 7800 ns, Total: 115606 ns
[941.063s][info ][safepoint      ] Safepoint "Cleanup", Time since last: 1000157620 ns, Reaching safepoint: 9800 ns, Cleanup: 16801 ns, At safepoint: 7601 ns, Total: 34202 ns
[942.064s][info ][safepoint      ] Safepoint "Cleanup", Time since last: 1000140919 ns, Reaching safepoint: 83604 ns, Cleanup: 27102 ns, At safepoint: 6900 ns, Total: 117606 ns
[943.064s][info ][safepoint      ] Safepoint "Cleanup", Time since last: 1000118818 ns, Reaching safepoint: 80204 ns, Cleanup: 17601 ns, At safepoint: 8501 ns, Total: 106306 ns
[944.064s][info ][safepoint      ] Safepoint "Cleanup", Time since last: 1000124037 ns, Reaching safepoint: 81205 ns, Cleanup: 18401 ns, At safepoint: 7500 ns, Total: 107106 ns
[945.064s][info ][safepoint      ] Safepoint "Cleanup", Time since last: 1000201047 ns, Reaching safepoint: 91205 ns, Cleanup: 22102 ns, At safepoint: 8200 ns, Total: 121507 ns
[946.065s][info ][safepoint      ] Safepoint "Cleanup", Time since last: 1000123043 ns, Reaching safepoint: 7400 ns, Cleanup: 13201 ns, At safepoint: 2700 ns, Total: 23301 ns
[947.065s][info ][safepoint      ] Safepoint "Cleanup", Time since last: 1000136243 ns, Reaching safepoint: 83905 ns, Cleanup: 21301 ns, At safepoint: 7101 ns, Total: 112307 ns
[948.065s][info ][safepoint      ] Safepoint "Cleanup", Time since last: 1000103841 ns, Reaching safepoint: 159410 ns, Cleanup: 12700 ns, At safepoint: 9401 ns, Total: 181511 ns
[948.807s][info ][gc,start       ] GC(45) Pause Young (Allocation Failure)
[948.844s][debug][gc,phases      ] GC(45) Scavenge 37.192ms
[948.844s][debug][gc,ref         ] GC(45) ReferenceProcessor::execute queues: 1, RefProcThreadModel::Single, marks_oops_alive: false
[948.844s][debug][gc,ref         ] GC(45) Skipped KeepAliveFinalRefsPhase of Reference Processing: no references
[948.844s][debug][gc,ref         ] GC(45) ReferenceProcessor::execute queues: 1, RefProcThreadModel::Single, marks_oops_alive: false
[948.844s][debug][gc,phases      ] GC(45) Reference Processing 0.126ms
[948.844s][debug][gc,phases      ] GC(45)   VM Weak                        Min:  0.0, Avg:  0.0, Max:  0.0, Diff:  0.0, Sum:  0.0, Workers: 4
[948.844s][debug][gc,phases      ] GC(45)     Dead                           Min: 0, Avg:  0.0, Max: 0, Diff: 0, Sum: 0, Workers: 4
[948.844s][debug][gc,phases      ] GC(45)     Total                          Min: 0, Avg: 253.5, Max: 1014, Diff: 1014, Sum: 1014, Workers: 4
[948.844s][debug][gc,phases      ] GC(45)   ObjectSynchronizer Weak        Min:  0.0, Avg:  0.0, Max:  0.0, Diff:  0.0, Sum:  0.0, Workers: 4
[948.844s][debug][gc,phases      ] GC(45)     Dead                           Min: 0, Avg:  0.0, Max: 0, Diff: 0, Sum: 0, Workers: 4
[948.844s][debug][gc,phases      ] GC(45)     Total                          Min: 0, Avg:  1.2, Max: 5, Diff: 5, Sum: 5, Workers: 4
[948.844s][debug][gc,phases      ] GC(45)   JVMTI Tag Weak OopStorage      Min:  0.0, Avg:  0.0, Max:  0.0, Diff:  0.0, Sum:  0.0, Workers: 4
[948.845s][debug][gc,phases      ] GC(45)     Dead                           Min: 0, Avg:  0.0, Max: 0, Diff: 0, Sum: 0, Workers: 4
[948.845s][debug][gc,phases      ] GC(45)     Total                          Min: 0, Avg:  0.0, Max: 0, Diff: 0, Sum: 0, Workers: 4
[948.845s][debug][gc,phases      ] GC(45)   StringTable Weak               Min:  0.0, Avg:  0.1, Max:  0.2, Diff:  0.2, Sum:  0.5, Workers: 4
[948.845s][debug][gc,phases      ] GC(45)     Dead                           Min: 0, Avg:  0.5, Max: 2, Diff: 2, Sum: 2, Workers: 4
[948.845s][debug][gc,phases      ] GC(45)     Total                          Min: 0, Avg: 12173.5, Max: 21568, Diff: 21568, Sum: 48694, Workers: 4
[948.845s][debug][gc,phases      ] GC(45)   ResolvedMethodTable Weak       Min:  0.0, Avg:  0.0, Max:  0.0, Diff:  0.0, Sum:  0.1, Workers: 4
[948.845s][debug][gc,phases      ] GC(45)     Dead                           Min: 0, Avg:  2.2, Max: 3, Diff: 3, Sum: 9, Workers: 4
[948.845s][debug][gc,phases      ] GC(45)     Total                          Min: 0, Avg: 3378.0, Max: 4720, Diff: 4720, Sum: 13512, Workers: 4
[948.845s][debug][gc,phases      ] GC(45)   JNI Weak                       Min:  0.0, Avg:  0.0, Max:  0.0, Diff:  0.0, Sum:  0.0, Workers: 4
[948.845s][debug][gc,phases      ] GC(45)     Dead                           Min: 0, Avg:  0.0, Max: 0, Diff: 0, Sum: 0, Workers: 4
[948.845s][debug][gc,phases      ] GC(45)     Total                          Min: 0, Avg: 12.0, Max: 48, Diff: 48, Sum: 48, Workers: 4
[948.845s][debug][gc,phases      ] GC(45)   StringDedup Table Weak         Min:  0.0, Avg:  0.0, Max:  0.0, Diff:  0.0, Sum:  0.0, Workers: 4
[948.845s][debug][gc,phases      ] GC(45)     Dead                           Min: 0, Avg:  0.0, Max: 0, Diff: 0, Sum: 0, Workers: 4
[948.845s][debug][gc,phases      ] GC(45)     Total                          Min: 0, Avg:  0.0, Max: 0, Diff: 0, Sum: 0, Workers: 4
[948.845s][debug][gc,phases      ] GC(45)   StringDedup Requests0 Weak     Min:  0.0, Avg:  0.0, Max:  0.0, Diff:  0.0, Sum:  0.0, Workers: 4
[948.845s][debug][gc,phases      ] GC(45)     Dead                           Min: 0, Avg:  0.0, Max: 0, Diff: 0, Sum: 0, Workers: 4
[948.845s][debug][gc,phases      ] GC(45)     Total                          Min: 0, Avg:  0.0, Max: 0, Diff: 0, Sum: 0, Workers: 4
[948.845s][debug][gc,phases      ] GC(45)   StringDedup Requests1 Weak     Min:  0.0, Avg:  0.0, Max:  0.0, Diff:  0.0, Sum:  0.0, Workers: 4
[948.845s][debug][gc,phases      ] GC(45)     Dead                           Min: 0, Avg:  0.0, Max: 0, Diff: 0, Sum: 0, Workers: 4
[948.845s][debug][gc,phases      ] GC(45)     Total                          Min: 0, Avg:  0.0, Max: 0, Diff: 0, Sum: 0, Workers: 4
[948.845s][debug][gc,phases      ] GC(45)   Weak JFR Old Object Samples    Min:  0.0, Avg:  0.0, Max:  0.0, Diff:  0.0, Sum:  0.0, Workers: 4
[948.845s][debug][gc,phases      ] GC(45)     Dead                           Min: 0, Avg:  0.0, Max: 0, Diff: 0, Sum: 0, Workers: 4
[948.845s][debug][gc,phases      ] GC(45)     Total                          Min: 0, Avg:  0.0, Max: 0, Diff: 0, Sum: 0, Workers: 4
[948.845s][debug][gc,phases      ] GC(45) Weak Processing 0.531ms
[948.845s][debug][gc,age         ] GC(45) Desired survivor size 87556096 bytes, new threshold 1 (max threshold 15)
[948.845s][info ][gc,heap        ] GC(45) PSYoungGen: 1970800K(2003456K)->23377K(2007040K) Eden: 1916928K(1916928K)->0K(1916928K) From: 53872K(86528K)->23377K(90112K)
[948.845s][info ][gc,heap        ] GC(45) ParOldGen: 650933K(651264K)->704742K(705024K)
[948.845s][info ][gc,metaspace   ] GC(45) Metaspace: 96762K(98112K)->96762K(98112K) NonClass: 82579K(83328K)->82579K(83328K) Class: 14182K(14784K)->14182K(14784K)
[948.845s][info ][gc             ] GC(45) Pause Young (Allocation Failure) 2560M->711M(2648M) 38.004ms
[948.845s][info ][gc,cpu         ] GC(45) User=0.10s Sys=0.02s Real=0.04s
[948.845s][info ][safepoint      ] Safepoint "ParallelGCFailedAllocation", Time since last: 741468590 ns, Reaching safepoint: 69404 ns, Cleanup: 13001 ns, At safepoint: 38096572 ns, Total: 38178977 ns
[949.845s][info ][safepoint      ] Safepoint "Cleanup", Time since last: 1000087041 ns, Reaching safepoint: 10101 ns, Cleanup: 56103 ns, At safepoint: 5300 ns, Total: 71504 ns
[950.845s][info ][safepoint      ] Safepoint "Cleanup", Time since last: 1000091341 ns, Reaching safepoint: 85905 ns, Cleanup: 33302 ns, At safepoint: 9200 ns, Total: 128407 ns
[951.845s][info ][safepoint      ] Safepoint "Cleanup", Time since last: 1000118343 ns, Reaching safepoint: 10300 ns, Cleanup: 16501 ns, At safepoint: 2600 ns, Total: 29401 ns
[952.845s][info ][safepoint      ] Safepoint "Cleanup", Time since last: 1000141732 ns, Reaching safepoint: 14501 ns, Cleanup: 25501 ns, At safepoint: 2900 ns, Total: 42902 ns
[954.846s][info ][safepoint      ] Safepoint "Cleanup", Time since last: 2000200296 ns, Reaching safepoint: 23801 ns, Cleanup: 19001 ns, At safepoint: 11701 ns, Total: 54503 ns
[955.846s][info ][safepoint      ] Safepoint "Cleanup", Time since last: 1000130200 ns, Reaching safepoint: 17601 ns, Cleanup: 19401 ns, At safepoint: 7600 ns, Total: 44602 ns
[956.846s][info ][safepoint      ] Safepoint "Cleanup", Time since last: 1000135700 ns, Reaching safepoint: 12601 ns, Cleanup: 17001 ns, At safepoint: 3300 ns, Total: 32902 ns
[958.846s][info ][safepoint      ] Safepoint "Cleanup", Time since last: 2000196295 ns, Reaching safepoint: 12801 ns, Cleanup: 17701 ns, At safepoint: 3100 ns, Total: 33602 ns
[959.846s][info ][safepoint      ] Safepoint "Cleanup", Time since last: 1000147800 ns, Reaching safepoint: 12501 ns, Cleanup: 17501 ns, At safepoint: 3100 ns, Total: 33102 ns
[963.441s][info ][safepoint      ] Safepoint "Cleanup", Time since last: 3594117365 ns, Reaching safepoint: 10300 ns, Cleanup: 19402 ns, At safepoint: 3100 ns, Total: 32802 ns
[965.441s][info ][safepoint      ] Safepoint "Cleanup", Time since last: 2000217561 ns, Reaching safepoint: 13101 ns, Cleanup: 21701 ns, At safepoint: 8600 ns, Total: 43402 ns
[967.441s][info ][safepoint      ] Safepoint "Cleanup", Time since last: 2000232462 ns, Reaching safepoint: 12701 ns, Cleanup: 18301 ns, At safepoint: 8401 ns, Total: 39403 ns
[971.442s][info ][safepoint      ] Safepoint "Cleanup", Time since last: 4000344504 ns, Reaching safepoint: 9901 ns, Cleanup: 12501 ns, At safepoint: 6600 ns, Total: 29002 ns
[972.442s][info ][safepoint      ] Safepoint "Cleanup", Time since last: 1000129496 ns, Reaching safepoint: 9801 ns, Cleanup: 14000 ns, At safepoint: 2600 ns, Total: 26401 ns
[974.442s][info ][safepoint      ] Safepoint "Cleanup", Time since last: 2000191388 ns, Reaching safepoint: 8401 ns, Cleanup: 15301 ns, At safepoint: 2600 ns, Total: 26302 ns
[975.442s][info ][safepoint      ] Safepoint "Cleanup", Time since last: 1000113395 ns, Reaching safepoint: 8600 ns, Cleanup: 17001 ns, At safepoint: 3200 ns, Total: 28801 ns
[978.442s][info ][safepoint      ] Safepoint "Cleanup", Time since last: 3000325962 ns, Reaching safepoint: 24501 ns, Cleanup: 34402 ns, At safepoint: 4500 ns, Total: 63403 ns
[979.443s][info ][safepoint      ] Safepoint "Cleanup", Time since last: 1000193208 ns, Reaching safepoint: 20701 ns, Cleanup: 19802 ns, At safepoint: 4000 ns, Total: 44503 ns
[980.443s][info ][safepoint      ] Safepoint "Cleanup", Time since last: 1000146705 ns, Reaching safepoint: 12701 ns, Cleanup: 15901 ns, At safepoint: 2800 ns, Total: 31402 ns
[982.443s][info ][safepoint      ] Safepoint "Cleanup", Time since last: 2000191742 ns, Reaching safepoint: 11701 ns, Cleanup: 16101 ns, At safepoint: 2800 ns, Total: 30602 ns
[983.443s][info ][safepoint      ] Safepoint "Cleanup", Time since last: 1000122797 ns, Reaching safepoint: 9801 ns, Cleanup: 21801 ns, At safepoint: 2600 ns, Total: 34202 ns
[985.619s][info ][gc,start       ] GC(46) Pause Young (Allocation Failure)
[985.660s][debug][gc,phases      ] GC(46) Scavenge 41.196ms
[985.661s][debug][gc,ref         ] GC(46) ReferenceProcessor::execute queues: 1, RefProcThreadModel::Single, marks_oops_alive: false
[985.661s][debug][gc,ref         ] GC(46) Skipped KeepAliveFinalRefsPhase of Reference Processing: no references
[985.661s][debug][gc,ref         ] GC(46) ReferenceProcessor::execute queues: 1, RefProcThreadModel::Single, marks_oops_alive: false
[985.661s][debug][gc,phases      ] GC(46) Reference Processing 0.158ms
[985.662s][debug][gc,phases      ] GC(46)   VM Weak                        Min:  0.0, Avg:  0.0, Max:  0.0, Diff:  0.0, Sum:  0.0, Workers: 4
[985.662s][debug][gc,phases      ] GC(46)     Dead                           Min: 0, Avg:  0.0, Max: 0, Diff: 0, Sum: 0, Workers: 4
[985.662s][debug][gc,phases      ] GC(46)     Total                          Min: 0, Avg: 253.5, Max: 1014, Diff: 1014, Sum: 1014, Workers: 4
[985.662s][debug][gc,phases      ] GC(46)   ObjectSynchronizer Weak        Min:  0.0, Avg:  0.0, Max:  0.0, Diff:  0.0, Sum:  0.0, Workers: 4
[985.662s][debug][gc,phases      ] GC(46)     Dead                           Min: 0, Avg:  0.0, Max: 0, Diff: 0, Sum: 0, Workers: 4
[985.662s][debug][gc,phases      ] GC(46)     Total                          Min: 0, Avg:  1.0, Max: 4, Diff: 4, Sum: 4, Workers: 4
[985.662s][debug][gc,phases      ] GC(46)   JVMTI Tag Weak OopStorage      Min:  0.0, Avg:  0.0, Max:  0.0, Diff:  0.0, Sum:  0.0, Workers: 4
[985.662s][debug][gc,phases      ] GC(46)     Dead                           Min: 0, Avg:  0.0, Max: 0, Diff: 0, Sum: 0, Workers: 4
[985.662s][debug][gc,phases      ] GC(46)     Total                          Min: 0, Avg:  0.0, Max: 0, Diff: 0, Sum: 0, Workers: 4
[985.662s][debug][gc,phases      ] GC(46)   StringTable Weak               Min:  0.0, Avg:  0.1, Max:  0.5, Diff:  0.5, Sum:  0.5, Workers: 4
[985.662s][debug][gc,phases      ] GC(46)     Dead                           Min: 0, Avg:  0.0, Max: 0, Diff: 0, Sum: 0, Workers: 4
[985.662s][debug][gc,phases      ] GC(46)     Total                          Min: 0, Avg: 12174.2, Max: 48697, Diff: 48697, Sum: 48697, Workers: 4
[985.662s][debug][gc,phases      ] GC(46)   ResolvedMethodTable Weak       Min:  0.0, Avg:  0.0, Max:  0.1, Diff:  0.1, Sum:  0.1, Workers: 4
[985.662s][debug][gc,phases      ] GC(46)     Dead                           Min: 0, Avg:  0.0, Max: 0, Diff: 0, Sum: 0, Workers: 4
[985.662s][debug][gc,phases      ] GC(46)     Total                          Min: 0, Avg: 3378.0, Max: 13512, Diff: 13512, Sum: 13512, Workers: 4
[985.662s][debug][gc,phases      ] GC(46)   JNI Weak                       Min:  0.0, Avg:  0.0, Max:  0.0, Diff:  0.0, Sum:  0.0, Workers: 4
[985.662s][debug][gc,phases      ] GC(46)     Dead                           Min: 0, Avg:  0.0, Max: 0, Diff: 0, Sum: 0, Workers: 4
[985.662s][debug][gc,phases      ] GC(46)     Total                          Min: 0, Avg: 12.0, Max: 48, Diff: 48, Sum: 48, Workers: 4
[985.662s][debug][gc,phases      ] GC(46)   StringDedup Table Weak         Min:  0.0, Avg:  0.0, Max:  0.0, Diff:  0.0, Sum:  0.0, Workers: 4
[985.662s][debug][gc,phases      ] GC(46)     Dead                           Min: 0, Avg:  0.0, Max: 0, Diff: 0, Sum: 0, Workers: 4
[985.662s][debug][gc,phases      ] GC(46)     Total                          Min: 0, Avg:  0.0, Max: 0, Diff: 0, Sum: 0, Workers: 4
[985.662s][debug][gc,phases      ] GC(46)   StringDedup Requests0 Weak     Min:  0.0, Avg:  0.0, Max:  0.0, Diff:  0.0, Sum:  0.0, Workers: 4
[985.662s][debug][gc,phases      ] GC(46)     Dead                           Min: 0, Avg:  0.0, Max: 0, Diff: 0, Sum: 0, Workers: 4
[985.662s][debug][gc,phases      ] GC(46)     Total                          Min: 0, Avg:  0.0, Max: 0, Diff: 0, Sum: 0, Workers: 4
[985.662s][debug][gc,phases      ] GC(46)   StringDedup Requests1 Weak     Min:  0.0, Avg:  0.0, Max:  0.0, Diff:  0.0, Sum:  0.0, Workers: 4
[985.662s][debug][gc,phases      ] GC(46)     Dead                           Min: 0, Avg:  0.0, Max: 0, Diff: 0, Sum: 0, Workers: 4
[985.662s][debug][gc,phases      ] GC(46)     Total                          Min: 0, Avg:  0.0, Max: 0, Diff: 0, Sum: 0, Workers: 4
[985.662s][debug][gc,phases      ] GC(46)   Weak JFR Old Object Samples    Min:  0.0, Avg:  0.0, Max:  0.0, Diff:  0.0, Sum:  0.0, Workers: 4
[985.662s][debug][gc,phases      ] GC(46)     Dead                           Min: 0, Avg:  0.0, Max: 0, Diff: 0, Sum: 0, Workers: 4
[985.662s][debug][gc,phases      ] GC(46)     Total                          Min: 0, Avg:  0.0, Max: 0, Diff: 0, Sum: 0, Workers: 4
[985.662s][debug][gc,phases      ] GC(46) Weak Processing 1.480ms
[985.662s][debug][gc,age         ] GC(46) Desired survivor size 86507520 bytes, new threshold 1 (max threshold 15)
[985.662s][info ][gc,heap        ] GC(46) PSYoungGen: 1940305K(2007040K)->3088K(2012672K) Eden: 1916928K(1916928K)->0K(1927168K) From: 23377K(90112K)->3088K(85504K)
[985.662s][info ][gc,heap        ] GC(46) ParOldGen: 704742K(705024K)->727279K(727552K)
[985.662s][info ][gc,metaspace   ] GC(46) Metaspace: 96819K(98176K)->96819K(98176K) NonClass: 82636K(83392K)->82636K(83392K) Class: 14182K(14784K)->14182K(14784K)
[985.662s][info ][gc             ] GC(46) Pause Young (Allocation Failure) 2583M->713M(2676M) 43.030ms
[985.662s][info ][gc,cpu         ] GC(46) User=0.04s Sys=0.00s Real=0.04s
[985.662s][info ][safepoint      ] Safepoint "ParallelGCFailedAllocation", Time since last: 2175773906 ns, Reaching safepoint: 12801 ns, Cleanup: 12601 ns, At safepoint: 43144935 ns, Total: 43170337 ns
[986.662s][info ][safepoint      ] Safepoint "Cleanup", Time since last: 1000109351 ns, Reaching safepoint: 81605 ns, Cleanup: 13601 ns, At safepoint: 8100 ns, Total: 103306 ns
[987.663s][info ][safepoint      ] Safepoint "Cleanup", Time since last: 1000136953 ns, Reaching safepoint: 87305 ns, Cleanup: 18201 ns, At safepoint: 8800 ns, Total: 114306 ns
[991.663s][info ][safepoint      ] Safepoint "Cleanup", Time since last: 4000378801 ns, Reaching safepoint: 150109 ns, Cleanup: 16300 ns, At safepoint: 11101 ns, Total: 177510 ns
[995.664s][info ][safepoint      ] Safepoint "Cleanup", Time since last: 4000371994 ns, Reaching safepoint: 13800 ns, Cleanup: 15501 ns, At safepoint: 16301 ns, Total: 45602 ns
[997.664s][info ][safepoint      ] Safepoint "Cleanup", Time since last: 2000255488 ns, Reaching safepoint: 94205 ns, Cleanup: 9201 ns, At safepoint: 7700 ns, Total: 111106 ns
[998.664s][info ][safepoint      ] Safepoint "Cleanup", Time since last: 1000137395 ns, Reaching safepoint: 81104 ns, Cleanup: 11401 ns, At safepoint: 7400 ns, Total: 99905 ns
[1001.665s][info ][safepoint      ] Safepoint "Cleanup", Time since last: 3000279257 ns, Reaching safepoint: 84005 ns, Cleanup: 16801 ns, At safepoint: 8800 ns, Total: 109606 ns
[1002.665s][info ][safepoint      ] Safepoint "Cleanup", Time since last: 1000152839 ns, Reaching safepoint: 89305 ns, Cleanup: 13201 ns, At safepoint: 10600 ns, Total: 113106 ns
[1003.665s][info ][safepoint      ] Safepoint "Cleanup", Time since last: 1000139138 ns, Reaching safepoint: 89205 ns, Cleanup: 7901 ns, At safepoint: 5800 ns, Total: 102906 ns
[1004.665s][info ][safepoint      ] Safepoint "Cleanup", Time since last: 1000131138 ns, Reaching safepoint: 152808 ns, Cleanup: 16801 ns, At safepoint: 9601 ns, Total: 179210 ns
[1005.666s][info ][safepoint      ] Safepoint "Cleanup", Time since last: 1000130738 ns, Reaching safepoint: 200711 ns, Cleanup: 13401 ns, At safepoint: 10000 ns, Total: 224112 ns
[1008.666s][info ][safepoint      ] Safepoint "Cleanup", Time since last: 3000230571 ns, Reaching safepoint: 83005 ns, Cleanup: 12801 ns, At safepoint: 7900 ns, Total: 103706 ns
[1011.667s][info ][safepoint      ] Safepoint "Cleanup", Time since last: 3000279575 ns, Reaching safepoint: 7400 ns, Cleanup: 106906 ns, At safepoint: 2601 ns, Total: 116907 ns
[1012.667s][info ][safepoint      ] Safepoint "Cleanup", Time since last: 1000118926 ns, Reaching safepoint: 8700 ns, Cleanup: 45703 ns, At safepoint: 6400 ns, Total: 60803 ns
[1013.667s][info ][safepoint      ] Safepoint "Cleanup", Time since last: 1000129127 ns, Reaching safepoint: 84805 ns, Cleanup: 18701 ns, At safepoint: 10301 ns, Total: 113807 ns
[1014.667s][info ][safepoint      ] Safepoint "Cleanup", Time since last: 1000133827 ns, Reaching safepoint: 82505 ns, Cleanup: 14100 ns, At safepoint: 9301 ns, Total: 105906 ns
[1015.667s][info ][safepoint      ] Safepoint "Cleanup", Time since last: 1000137027 ns, Reaching safepoint: 87405 ns, Cleanup: 12501 ns, At safepoint: 5600 ns, Total: 105506 ns
[1016.672s][info ][safepoint      ] Safepoint "Cleanup", Time since last: 1000139874 ns, Reaching safepoint: 4734260 ns, Cleanup: 16601 ns, At safepoint: 9200 ns, Total: 4760061 ns
[1017.672s][info ][safepoint      ] Safepoint "Cleanup", Time since last: 1000138918 ns, Reaching safepoint: 12301 ns, Cleanup: 13600 ns, At safepoint: 2800 ns, Total: 28701 ns
[1020.460s][info ][safepoint      ] Safepoint "Cleanup", Time since last: 2787603146 ns, Reaching safepoint: 76804 ns, Cleanup: 15901 ns, At safepoint: 8000 ns, Total: 100705 ns
[1021.460s][info ][safepoint      ] Safepoint "Cleanup", Time since last: 1000115516 ns, Reaching safepoint: 82205 ns, Cleanup: 13101 ns, At safepoint: 8800 ns, Total: 104106 ns
[1021.922s][info ][gc,start       ] GC(47) Pause Young (Allocation Failure)
[1021.938s][debug][gc,phases      ] GC(47) Scavenge 15.592ms
[1021.938s][debug][gc,ref         ] GC(47) ReferenceProcessor::execute queues: 1, RefProcThreadModel::Single, marks_oops_alive: false
[1021.938s][debug][gc,ref         ] GC(47) Skipped KeepAliveFinalRefsPhase of Reference Processing: no references
[1021.938s][debug][gc,ref         ] GC(47) ReferenceProcessor::execute queues: 1, RefProcThreadModel::Single, marks_oops_alive: false
[1021.938s][debug][gc,phases      ] GC(47) Reference Processing 0.142ms
[1021.939s][debug][gc,phases      ] GC(47)   VM Weak                        Min:  0.0, Avg:  0.0, Max:  0.0, Diff:  0.0, Sum:  0.0, Workers: 4
[1021.939s][debug][gc,phases      ] GC(47)     Dead                           Min: 0, Avg:  0.0, Max: 0, Diff: 0, Sum: 0, Workers: 4
[1021.939s][debug][gc,phases      ] GC(47)     Total                          Min: 0, Avg: 253.5, Max: 1014, Diff: 1014, Sum: 1014, Workers: 4
[1021.939s][debug][gc,phases      ] GC(47)   ObjectSynchronizer Weak        Min:  0.0, Avg:  0.0, Max:  0.0, Diff:  0.0, Sum:  0.0, Workers: 4
[1021.939s][debug][gc,phases      ] GC(47)     Dead                           Min: 0, Avg:  0.0, Max: 0, Diff: 0, Sum: 0, Workers: 4
[1021.939s][debug][gc,phases      ] GC(47)     Total                          Min: 0, Avg:  0.8, Max: 3, Diff: 3, Sum: 3, Workers: 4
[1021.939s][debug][gc,phases      ] GC(47)   JVMTI Tag Weak OopStorage      Min:  0.0, Avg:  0.0, Max:  0.0, Diff:  0.0, Sum:  0.0, Workers: 4
[1021.939s][debug][gc,phases      ] GC(47)     Dead                           Min: 0, Avg:  0.0, Max: 0, Diff: 0, Sum: 0, Workers: 4
[1021.939s][debug][gc,phases      ] GC(47)     Total                          Min: 0, Avg:  0.0, Max: 0, Diff: 0, Sum: 0, Workers: 4
[1021.939s][debug][gc,phases      ] GC(47)   StringTable Weak               Min:  0.0, Avg:  0.1, Max:  0.5, Diff:  0.5, Sum:  0.5, Workers: 4
[1021.939s][debug][gc,phases      ] GC(47)     Dead                           Min: 0, Avg:  0.0, Max: 0, Diff: 0, Sum: 0, Workers: 4
[1021.939s][debug][gc,phases      ] GC(47)     Total                          Min: 0, Avg: 12176.8, Max: 48707, Diff: 48707, Sum: 48707, Workers: 4
[1021.939s][debug][gc,phases      ] GC(47)   ResolvedMethodTable Weak       Min:  0.0, Avg:  0.0, Max:  0.2, Diff:  0.2, Sum:  0.2, Workers: 4
[1021.939s][debug][gc,phases      ] GC(47)     Dead                           Min: 0, Avg:  0.5, Max: 2, Diff: 2, Sum: 2, Workers: 4
[1021.939s][debug][gc,phases      ] GC(47)     Total                          Min: 0, Avg: 3380.0, Max: 13520, Diff: 13520, Sum: 13520, Workers: 4
[1021.939s][debug][gc,phases      ] GC(47)   JNI Weak                       Min:  0.0, Avg:  0.0, Max:  0.0, Diff:  0.0, Sum:  0.0, Workers: 4
[1021.939s][debug][gc,phases      ] GC(47)     Dead                           Min: 0, Avg:  0.0, Max: 0, Diff: 0, Sum: 0, Workers: 4
[1021.939s][debug][gc,phases      ] GC(47)     Total                          Min: 0, Avg: 12.0, Max: 48, Diff: 48, Sum: 48, Workers: 4
[1021.939s][debug][gc,phases      ] GC(47)   StringDedup Table Weak         Min:  0.0, Avg:  0.0, Max:  0.0, Diff:  0.0, Sum:  0.0, Workers: 4
[1021.939s][debug][gc,phases      ] GC(47)     Dead                           Min: 0, Avg:  0.0, Max: 0, Diff: 0, Sum: 0, Workers: 4
[1021.939s][debug][gc,phases      ] GC(47)     Total                          Min: 0, Avg:  0.0, Max: 0, Diff: 0, Sum: 0, Workers: 4
[1021.939s][debug][gc,phases      ] GC(47)   StringDedup Requests0 Weak     Min:  0.0, Avg:  0.0, Max:  0.0, Diff:  0.0, Sum:  0.0, Workers: 4
[1021.939s][debug][gc,phases      ] GC(47)     Dead                           Min: 0, Avg:  0.0, Max: 0, Diff: 0, Sum: 0, Workers: 4
[1021.939s][debug][gc,phases      ] GC(47)     Total                          Min: 0, Avg:  0.0, Max: 0, Diff: 0, Sum: 0, Workers: 4
[1021.939s][debug][gc,phases      ] GC(47)   StringDedup Requests1 Weak     Min:  0.0, Avg:  0.0, Max:  0.0, Diff:  0.0, Sum:  0.0, Workers: 4
[1021.939s][debug][gc,phases      ] GC(47)     Dead                           Min: 0, Avg:  0.0, Max: 0, Diff: 0, Sum: 0, Workers: 4
[1021.939s][debug][gc,phases      ] GC(47)     Total                          Min: 0, Avg:  0.0, Max: 0, Diff: 0, Sum: 0, Workers: 4
[1021.939s][debug][gc,phases      ] GC(47)   Weak JFR Old Object Samples    Min:  0.0, Avg:  0.0, Max:  0.0, Diff:  0.0, Sum:  0.0, Workers: 4
[1021.939s][debug][gc,phases      ] GC(47)     Dead                           Min: 0, Avg:  0.0, Max: 0, Diff: 0, Sum: 0, Workers: 4
[1021.939s][debug][gc,phases      ] GC(47)     Total                          Min: 0, Avg:  0.0, Max: 0, Diff: 0, Sum: 0, Workers: 4
[1021.939s][debug][gc,phases      ] GC(47) Weak Processing 0.931ms
[1021.939s][debug][gc,age         ] GC(47) Desired survivor size 84410368 bytes, new threshold 1 (max threshold 15)
[1021.939s][info ][gc,heap        ] GC(47) PSYoungGen: 1930256K(2012672K)->2928K(2011648K) Eden: 1927168K(1927168K)->0K(1927168K) From: 3088K(85504K)->2928K(84480K)
[1021.939s][info ][gc,heap        ] GC(47) ParOldGen: 727279K(727552K)->728628K(729088K)
[1021.939s][info ][gc,metaspace   ] GC(47) Metaspace: 96883K(98240K)->96883K(98240K) NonClass: 82696K(83456K)->82696K(83456K) Class: 14187K(14784K)->14187K(14784K)
[1021.939s][info ][gc             ] GC(47) Pause Young (Allocation Failure) 2595M->714M(2676M) 16.854ms
[1021.939s][info ][gc,cpu         ] GC(47) User=0.02s Sys=0.00s Real=0.02s
[1021.939s][info ][safepoint      ] Safepoint "ParallelGCFailedAllocation", Time since last: 461951512 ns, Reaching safepoint: 10700 ns, Cleanup: 5801 ns, At safepoint: 16972833 ns, Total: 16989334 ns
[1022.939s][info ][safepoint      ] Safepoint "Cleanup", Time since last: 1000110116 ns, Reaching safepoint: 11901 ns, Cleanup: 14701 ns, At safepoint: 3100 ns, Total: 29702 ns
[1025.940s][info ][safepoint      ] Safepoint "Cleanup", Time since last: 3000269954 ns, Reaching safepoint: 9400 ns, Cleanup: 14701 ns, At safepoint: 3300 ns, Total: 27401 ns
[1026.940s][info ][safepoint      ] Safepoint "Cleanup", Time since last: 1000139998 ns, Reaching safepoint: 11101 ns, Cleanup: 15501 ns, At safepoint: 3200 ns, Total: 29802 ns
[1027.940s][info ][safepoint      ] Safepoint "Cleanup", Time since last: 1000126097 ns, Reaching safepoint: 8800 ns, Cleanup: 15701 ns, At safepoint: 2300 ns, Total: 26801 ns
[1031.940s][info ][safepoint      ] Safepoint "Cleanup", Time since last: 4000350680 ns, Reaching safepoint: 13801 ns, Cleanup: 14301 ns, At safepoint: 3400 ns, Total: 31502 ns
[1034.941s][info ][safepoint      ] Safepoint "Cleanup", Time since last: 3000308529 ns, Reaching safepoint: 20601 ns, Cleanup: 21401 ns, At safepoint: 2901 ns, Total: 44903 ns
[1035.941s][info ][safepoint      ] Safepoint "Cleanup", Time since last: 1000144077 ns, Reaching safepoint: 11300 ns, Cleanup: 13901 ns, At safepoint: 2900 ns, Total: 28101 ns
[1037.941s][info ][safepoint      ] Safepoint "Cleanup", Time since last: 2000218551 ns, Reaching safepoint: 11301 ns, Cleanup: 12900 ns, At safepoint: 3001 ns, Total: 27202 ns
[1039.941s][info ][safepoint      ] Safepoint "Cleanup", Time since last: 2000198249 ns, Reaching safepoint: 12201 ns, Cleanup: 18501 ns, At safepoint: 3400 ns, Total: 34102 ns
[1040.942s][info ][safepoint      ] Safepoint "Cleanup", Time since last: 1000118350 ns, Reaching safepoint: 10601 ns, Cleanup: 17401 ns, At safepoint: 2700 ns, Total: 30702 ns
[1041.942s][info ][safepoint      ] Safepoint "Cleanup", Time since last: 1000110157 ns, Reaching safepoint: 9901 ns, Cleanup: 25201 ns, At safepoint: 2800 ns, Total: 37902 ns
[1042.942s][info ][safepoint      ] Safepoint "Cleanup", Time since last: 1000117958 ns, Reaching safepoint: 9601 ns, Cleanup: 14801 ns, At safepoint: 33901 ns, Total: 58303 ns
[1043.942s][info ][safepoint      ] Safepoint "Cleanup", Time since last: 1000118158 ns, Reaching safepoint: 9801 ns, Cleanup: 13200 ns, At safepoint: 2901 ns, Total: 25902 ns
[1044.942s][info ][safepoint      ] Safepoint "Cleanup", Time since last: 1000128258 ns, Reaching safepoint: 10300 ns, Cleanup: 20201 ns, At safepoint: 3801 ns, Total: 34302 ns
[1045.942s][info ][safepoint      ] Safepoint "Cleanup", Time since last: 1000124458 ns, Reaching safepoint: 9400 ns, Cleanup: 15701 ns, At safepoint: 2800 ns, Total: 27901 ns
[1049.943s][info ][safepoint      ] Safepoint "Cleanup", Time since last: 4000324549 ns, Reaching safepoint: 8701 ns, Cleanup: 14001 ns, At safepoint: 2700 ns, Total: 25402 ns
[1052.943s][info ][safepoint      ] Safepoint "Cleanup", Time since last: 3000300201 ns, Reaching safepoint: 11901 ns, Cleanup: 15201 ns, At safepoint: 3800 ns, Total: 30902 ns
[1056.665s][info ][gc,start       ] GC(48) Pause Young (Allocation Failure)
[1056.668s][debug][gc,phases      ] GC(48) Scavenge 3.476ms
[1056.669s][debug][gc,ref         ] GC(48) ReferenceProcessor::execute queues: 1, RefProcThreadModel::Single, marks_oops_alive: false
[1056.669s][debug][gc,ref         ] GC(48) Skipped KeepAliveFinalRefsPhase of Reference Processing: no references
[1056.669s][debug][gc,ref         ] GC(48) Skipped PhantomRefsPhase of Reference Processing: no references
[1056.669s][debug][gc,phases      ] GC(48) Reference Processing 0.134ms
[1056.669s][debug][gc,phases      ] GC(48)   VM Weak                        Min:  0.0, Avg:  0.0, Max:  0.0, Diff:  0.0, Sum:  0.0, Workers: 4
[1056.669s][debug][gc,phases      ] GC(48)     Dead                           Min: 0, Avg:  0.0, Max: 0, Diff: 0, Sum: 0, Workers: 4
[1056.669s][debug][gc,phases      ] GC(48)     Total                          Min: 0, Avg: 253.5, Max: 630, Diff: 630, Sum: 1014, Workers: 4
[1056.669s][debug][gc,phases      ] GC(48)   ObjectSynchronizer Weak        Min:  0.0, Avg:  0.0, Max:  0.0, Diff:  0.0, Sum:  0.0, Workers: 4
[1056.669s][debug][gc,phases      ] GC(48)     Dead                           Min: 0, Avg:  0.0, Max: 0, Diff: 0, Sum: 0, Workers: 4
[1056.669s][debug][gc,phases      ] GC(48)     Total                          Min: 0, Avg:  1.0, Max: 4, Diff: 4, Sum: 4, Workers: 4
[1056.669s][debug][gc,phases      ] GC(48)   JVMTI Tag Weak OopStorage      Min:  0.0, Avg:  0.0, Max:  0.0, Diff:  0.0, Sum:  0.0, Workers: 4
[1056.669s][debug][gc,phases      ] GC(48)     Dead                           Min: 0, Avg:  0.0, Max: 0, Diff: 0, Sum: 0, Workers: 4
[1056.669s][debug][gc,phases      ] GC(48)     Total                          Min: 0, Avg:  0.0, Max: 0, Diff: 0, Sum: 0, Workers: 4
[1056.669s][debug][gc,phases      ] GC(48)   StringTable Weak               Min:  0.0, Avg:  0.1, Max:  0.2, Diff:  0.2, Sum:  0.4, Workers: 4
[1056.669s][debug][gc,phases      ] GC(48)     Dead                           Min: 0, Avg:  0.0, Max: 0, Diff: 0, Sum: 0, Workers: 4
[1056.669s][debug][gc,phases      ] GC(48)     Total                          Min: 0, Avg: 12176.8, Max: 22528, Diff: 22528, Sum: 48707, Workers: 4
[1056.669s][debug][gc,phases      ] GC(48)   ResolvedMethodTable Weak       Min:  0.0, Avg:  0.0, Max:  0.0, Diff:  0.0, Sum:  0.1, Workers: 4
[1056.669s][debug][gc,phases      ] GC(48)     Dead                           Min: 0, Avg:  0.0, Max: 0, Diff: 0, Sum: 0, Workers: 4
[1056.669s][debug][gc,phases      ] GC(48)     Total                          Min: 0, Avg: 3380.0, Max: 5338, Diff: 5338, Sum: 13520, Workers: 4
[1056.669s][debug][gc,phases      ] GC(48)   JNI Weak                       Min:  0.0, Avg:  0.0, Max:  0.0, Diff:  0.0, Sum:  0.0, Workers: 4
[1056.669s][debug][gc,phases      ] GC(48)     Dead                           Min: 0, Avg:  0.0, Max: 0, Diff: 0, Sum: 0, Workers: 4
[1056.669s][debug][gc,phases      ] GC(48)     Total                          Min: 0, Avg: 12.0, Max: 48, Diff: 48, Sum: 48, Workers: 4
[1056.669s][debug][gc,phases      ] GC(48)   StringDedup Table Weak         Min:  0.0, Avg:  0.0, Max:  0.0, Diff:  0.0, Sum:  0.0, Workers: 4
[1056.669s][debug][gc,phases      ] GC(48)     Dead                           Min: 0, Avg:  0.0, Max: 0, Diff: 0, Sum: 0, Workers: 4
[1056.669s][debug][gc,phases      ] GC(48)     Total                          Min: 0, Avg:  0.0, Max: 0, Diff: 0, Sum: 0, Workers: 4
[1056.669s][debug][gc,phases      ] GC(48)   StringDedup Requests0 Weak     Min:  0.0, Avg:  0.0, Max:  0.0, Diff:  0.0, Sum:  0.0, Workers: 4
[1056.669s][debug][gc,phases      ] GC(48)     Dead                           Min: 0, Avg:  0.0, Max: 0, Diff: 0, Sum: 0, Workers: 4
[1056.669s][debug][gc,phases      ] GC(48)     Total                          Min: 0, Avg:  0.0, Max: 0, Diff: 0, Sum: 0, Workers: 4
[1056.669s][debug][gc,phases      ] GC(48)   StringDedup Requests1 Weak     Min:  0.0, Avg:  0.0, Max:  0.0, Diff:  0.0, Sum:  0.0, Workers: 4
[1056.669s][debug][gc,phases      ] GC(48)     Dead                           Min: 0, Avg:  0.0, Max: 0, Diff: 0, Sum: 0, Workers: 4
[1056.669s][debug][gc,phases      ] GC(48)     Total                          Min: 0, Avg:  0.0, Max: 0, Diff: 0, Sum: 0, Workers: 4
[1056.669s][debug][gc,phases      ] GC(48)   Weak JFR Old Object Samples    Min:  0.0, Avg:  0.0, Max:  0.0, Diff:  0.0, Sum:  0.0, Workers: 4
[1056.669s][debug][gc,phases      ] GC(48)     Dead                           Min: 0, Avg:  0.0, Max: 0, Diff: 0, Sum: 0, Workers: 4
[1056.669s][debug][gc,phases      ] GC(48)     Total                          Min: 0, Avg:  0.0, Max: 0, Diff: 0, Sum: 0, Workers: 4
[1056.669s][debug][gc,phases      ] GC(48) Weak Processing 0.460ms
[1056.669s][debug][gc,age         ] GC(48) Desired survivor size 82313216 bytes, new threshold 1 (max threshold 15)
[1056.669s][info ][gc,heap        ] GC(48) PSYoungGen: 1930096K(2011648K)->2352K(2016768K) Eden: 1927168K(1927168K)->0K(1934336K) From: 2928K(84480K)->2352K(82432K)
[1056.669s][info ][gc,heap        ] GC(48) ParOldGen: 728628K(729088K)->729272K(729600K)
[1056.669s][info ][gc,metaspace   ] GC(48) Metaspace: 96893K(98240K)->96893K(98240K) NonClass: 82706K(83456K)->82706K(83456K) Class: 14187K(14784K)->14187K(14784K)
[1056.669s][info ][gc             ] GC(48) Pause Young (Allocation Failure) 2596M->714M(2682M) 4.229ms
[1056.669s][info ][gc,cpu         ] GC(48) User=0.02s Sys=0.00s Real=0.00s
[1056.669s][info ][safepoint      ] Safepoint "ParallelGCFailedAllocation", Time since last: 3721722669 ns, Reaching safepoint: 6900 ns, Cleanup: 4601 ns, At safepoint: 4314536 ns, Total: 4326037 ns
[1060.669s][info ][safepoint      ] Safepoint "Cleanup", Time since last: 4000305160 ns, Reaching safepoint: 7000 ns, Cleanup: 12301 ns, At safepoint: 3200 ns, Total: 22501 ns
[1061.670s][info ][safepoint      ] Safepoint "Cleanup", Time since last: 1000131493 ns, Reaching safepoint: 10500 ns, Cleanup: 19601 ns, At safepoint: 2900 ns, Total: 33001 ns
[1064.670s][info ][safepoint      ] Safepoint "Cleanup", Time since last: 3000288621 ns, Reaching safepoint: 92505 ns, Cleanup: 13901 ns, At safepoint: 8300 ns, Total: 114706 ns
[1069.670s][info ][safepoint      ] Safepoint "Cleanup", Time since last: 5000391266 ns, Reaching safepoint: 7500 ns, Cleanup: 12301 ns, At safepoint: 2300 ns, Total: 22101 ns
[1072.671s][info ][safepoint      ] Safepoint "Cleanup", Time since last: 3000265253 ns, Reaching safepoint: 7100 ns, Cleanup: 10401 ns, At safepoint: 2500 ns, Total: 20001 ns
[1074.671s][info ][safepoint      ] Safepoint "Cleanup", Time since last: 2000203073 ns, Reaching safepoint: 10600 ns, Cleanup: 12601 ns, At safepoint: 2800 ns, Total: 26001 ns
[1075.671s][info ][safepoint      ] Safepoint "Cleanup", Time since last: 1000139964 ns, Reaching safepoint: 7700 ns, Cleanup: 10401 ns, At safepoint: 2500 ns, Total: 20601 ns
[1079.671s][info ][safepoint      ] Safepoint "Cleanup", Time since last: 4000314041 ns, Reaching safepoint: 6600 ns, Cleanup: 9801 ns, At safepoint: 2800 ns, Total: 19201 ns
[1090.486s][info ][safepoint      ] Safepoint "Cleanup", Time since last: 10814976181 ns, Reaching safepoint: 9200 ns, Cleanup: 14901 ns, At safepoint: 2500 ns, Total: 26601 ns
[1091.262s][info ][gc,start       ] GC(49) Pause Young (Allocation Failure)
[1091.266s][debug][gc,phases      ] GC(49) Scavenge 4.459ms
[1091.266s][debug][gc,ref         ] GC(49) ReferenceProcessor::execute queues: 1, RefProcThreadModel::Single, marks_oops_alive: false
[1091.266s][debug][gc,ref         ] GC(49) Skipped KeepAliveFinalRefsPhase of Reference Processing: no references
[1091.266s][debug][gc,ref         ] GC(49) ReferenceProcessor::execute queues: 1, RefProcThreadModel::Single, marks_oops_alive: false
[1091.266s][debug][gc,phases      ] GC(49) Reference Processing 0.135ms
[1091.267s][debug][gc,phases      ] GC(49)   VM Weak                        Min:  0.0, Avg:  0.0, Max:  0.0, Diff:  0.0, Sum:  0.0, Workers: 4
[1091.267s][debug][gc,phases      ] GC(49)     Dead                           Min: 0, Avg:  0.0, Max: 0, Diff: 0, Sum: 0, Workers: 4
[1091.267s][debug][gc,phases      ] GC(49)     Total                          Min: 0, Avg: 253.5, Max: 758, Diff: 758, Sum: 1014, Workers: 4
[1091.267s][debug][gc,phases      ] GC(49)   ObjectSynchronizer Weak        Min:  0.0, Avg:  0.0, Max:  0.0, Diff:  0.0, Sum:  0.0, Workers: 4
[1091.267s][debug][gc,phases      ] GC(49)     Dead                           Min: 0, Avg:  0.0, Max: 0, Diff: 0, Sum: 0, Workers: 4
[1091.267s][debug][gc,phases      ] GC(49)     Total                          Min: 0, Avg:  1.0, Max: 4, Diff: 4, Sum: 4, Workers: 4
[1091.267s][debug][gc,phases      ] GC(49)   JVMTI Tag Weak OopStorage      Min:  0.0, Avg:  0.0, Max:  0.0, Diff:  0.0, Sum:  0.0, Workers: 4
[1091.267s][debug][gc,phases      ] GC(49)     Dead                           Min: 0, Avg:  0.0, Max: 0, Diff: 0, Sum: 0, Workers: 4
[1091.267s][debug][gc,phases      ] GC(49)     Total                          Min: 0, Avg:  0.0, Max: 0, Diff: 0, Sum: 0, Workers: 4
[1091.267s][debug][gc,phases      ] GC(49)   StringTable Weak               Min:  0.0, Avg:  0.1, Max:  0.2, Diff:  0.2, Sum:  0.5, Workers: 4
[1091.267s][debug][gc,phases      ] GC(49)     Dead                           Min: 0, Avg:  0.0, Max: 0, Diff: 0, Sum: 0, Workers: 4
[1091.267s][debug][gc,phases      ] GC(49)     Total                          Min: 0, Avg: 12176.8, Max: 17344, Diff: 17344, Sum: 48707, Workers: 4
[1091.267s][debug][gc,phases      ] GC(49)   ResolvedMethodTable Weak       Min:  0.0, Avg:  0.0, Max:  0.0, Diff:  0.0, Sum:  0.1, Workers: 4
[1091.267s][debug][gc,phases      ] GC(49)     Dead                           Min: 0, Avg:  0.0, Max: 0, Diff: 0, Sum: 0, Workers: 4
[1091.267s][debug][gc,phases      ] GC(49)     Total                          Min: 0, Avg: 3380.0, Max: 4796, Diff: 4796, Sum: 13520, Workers: 4
[1091.267s][debug][gc,phases      ] GC(49)   JNI Weak                       Min:  0.0, Avg:  0.0, Max:  0.0, Diff:  0.0, Sum:  0.0, Workers: 4
[1091.267s][debug][gc,phases      ] GC(49)     Dead                           Min: 0, Avg:  0.0, Max: 0, Diff: 0, Sum: 0, Workers: 4
[1091.267s][debug][gc,phases      ] GC(49)     Total                          Min: 0, Avg: 12.0, Max: 48, Diff: 48, Sum: 48, Workers: 4
[1091.267s][debug][gc,phases      ] GC(49)   StringDedup Table Weak         Min:  0.0, Avg:  0.0, Max:  0.0, Diff:  0.0, Sum:  0.0, Workers: 4
[1091.267s][debug][gc,phases      ] GC(49)     Dead                           Min: 0, Avg:  0.0, Max: 0, Diff: 0, Sum: 0, Workers: 4
[1091.267s][debug][gc,phases      ] GC(49)     Total                          Min: 0, Avg:  0.0, Max: 0, Diff: 0, Sum: 0, Workers: 4
[1091.267s][debug][gc,phases      ] GC(49)   StringDedup Requests0 Weak     Min:  0.0, Avg:  0.0, Max:  0.0, Diff:  0.0, Sum:  0.0, Workers: 4
[1091.267s][debug][gc,phases      ] GC(49)     Dead                           Min: 0, Avg:  0.0, Max: 0, Diff: 0, Sum: 0, Workers: 4
[1091.267s][debug][gc,phases      ] GC(49)     Total                          Min: 0, Avg:  0.0, Max: 0, Diff: 0, Sum: 0, Workers: 4
[1091.267s][debug][gc,phases      ] GC(49)   StringDedup Requests1 Weak     Min:  0.0, Avg:  0.0, Max:  0.0, Diff:  0.0, Sum:  0.0, Workers: 4
[1091.267s][debug][gc,phases      ] GC(49)     Dead                           Min: 0, Avg:  0.0, Max: 0, Diff: 0, Sum: 0, Workers: 4
[1091.267s][debug][gc,phases      ] GC(49)     Total                          Min: 0, Avg:  0.0, Max: 0, Diff: 0, Sum: 0, Workers: 4
[1091.267s][debug][gc,phases      ] GC(49)   Weak JFR Old Object Samples    Min:  0.0, Avg:  0.0, Max:  0.0, Diff:  0.0, Sum:  0.0, Workers: 4
[1091.267s][debug][gc,phases      ] GC(49)     Dead                           Min: 0, Avg:  0.0, Max: 0, Diff: 0, Sum: 0, Workers: 4
[1091.267s][debug][gc,phases      ] GC(49)     Total                          Min: 0, Avg:  0.0, Max: 0, Diff: 0, Sum: 0, Workers: 4
[1091.267s][debug][gc,phases      ] GC(49) Weak Processing 0.516ms
[1091.267s][debug][gc,age         ] GC(49) Desired survivor size 79691776 bytes, new threshold 1 (max threshold 15)
[1091.267s][info ][gc,heap        ] GC(49) PSYoungGen: 1936688K(2016768K)->2048K(2014720K) Eden: 1934336K(1934336K)->0K(1934336K) From: 2352K(82432K)->2048K(80384K)
[1091.267s][info ][gc,heap        ] GC(49) ParOldGen: 729272K(729600K)->729920K(730112K)
[1091.267s][info ][gc,metaspace   ] GC(49) Metaspace: 96899K(98240K)->96899K(98240K) NonClass: 82712K(83456K)->82712K(83456K) Class: 14187K(14784K)->14187K(14784K)
[1091.267s][info ][gc             ] GC(49) Pause Young (Allocation Failure) 2603M->714M(2680M) 5.273ms
[1091.267s][info ][gc,cpu         ] GC(49) User=0.01s Sys=0.00s Real=0.01s
[1091.267s][info ][safepoint      ] Safepoint "ParallelGCFailedAllocation", Time since last: 775226859 ns, Reaching safepoint: 6900 ns, Cleanup: 11201 ns, At safepoint: 5363998 ns, Total: 5382099 ns
[1098.268s][info ][safepoint      ] Safepoint "Cleanup", Time since last: 7000489874 ns, Reaching safepoint: 7301 ns, Cleanup: 8200 ns, At safepoint: 2300 ns, Total: 17801 ns
[1099.268s][info ][safepoint      ] Safepoint "Cleanup", Time since last: 1000122495 ns, Reaching safepoint: 7500 ns, Cleanup: 13901 ns, At safepoint: 2700 ns, Total: 24101 ns
[1100.268s][info ][safepoint      ] Safepoint "Cleanup", Time since last: 1000135195 ns, Reaching safepoint: 79205 ns, Cleanup: 9701 ns, At safepoint: 6501 ns, Total: 95407 ns
[1106.268s][info ][safepoint      ] Safepoint "Cleanup", Time since last: 6000453407 ns, Reaching safepoint: 7901 ns, Cleanup: 11901 ns, At safepoint: 2600 ns, Total: 22402 ns
[1108.269s][info ][safepoint      ] Safepoint "Cleanup", Time since last: 2000198935 ns, Reaching safepoint: 8301 ns, Cleanup: 11101 ns, At safepoint: 2700 ns, Total: 22102 ns
[1113.269s][info ][safepoint      ] Safepoint "Cleanup", Time since last: 5000399975 ns, Reaching safepoint: 6700 ns, Cleanup: 6501 ns, At safepoint: 1900 ns, Total: 15101 ns
[1114.269s][info ][safepoint      ] Safepoint "Cleanup", Time since last: 1000119261 ns, Reaching safepoint: 9201 ns, Cleanup: 12201 ns, At safepoint: 2800 ns, Total: 24202 ns
[1119.270s][info ][safepoint      ] Safepoint "Cleanup", Time since last: 5000385353 ns, Reaching safepoint: 7001 ns, Cleanup: 11901 ns, At safepoint: 2600 ns, Total: 21502 ns
[1121.270s][info ][safepoint      ] Safepoint "Cleanup", Time since last: 2000207828 ns, Reaching safepoint: 10701 ns, Cleanup: 15901 ns, At safepoint: 3100 ns, Total: 29702 ns
[1127.511s][info ][gc,start       ] GC(50) Pause Young (Allocation Failure)
[1127.515s][debug][gc,phases      ] GC(50) Scavenge 3.964ms
[1127.515s][debug][gc,ref         ] GC(50) ReferenceProcessor::execute queues: 1, RefProcThreadModel::Single, marks_oops_alive: false
[1127.515s][debug][gc,ref         ] GC(50) Skipped KeepAliveFinalRefsPhase of Reference Processing: no references
[1127.515s][debug][gc,ref         ] GC(50) Skipped PhantomRefsPhase of Reference Processing: no references
[1127.515s][debug][gc,phases      ] GC(50) Reference Processing 0.122ms
[1127.515s][debug][gc,phases      ] GC(50)   VM Weak                        Min:  0.0, Avg:  0.0, Max:  0.0, Diff:  0.0, Sum:  0.0, Workers: 4
[1127.515s][debug][gc,phases      ] GC(50)     Dead                           Min: 0, Avg:  0.0, Max: 0, Diff: 0, Sum: 0, Workers: 4
[1127.515s][debug][gc,phases      ] GC(50)     Total                          Min: 0, Avg: 253.5, Max: 886, Diff: 886, Sum: 1014, Workers: 4
[1127.515s][debug][gc,phases      ] GC(50)   ObjectSynchronizer Weak        Min:  0.0, Avg:  0.0, Max:  0.0, Diff:  0.0, Sum:  0.0, Workers: 4
[1127.515s][debug][gc,phases      ] GC(50)     Dead                           Min: 0, Avg:  0.0, Max: 0, Diff: 0, Sum: 0, Workers: 4
[1127.515s][debug][gc,phases      ] GC(50)     Total                          Min: 0, Avg:  1.0, Max: 4, Diff: 4, Sum: 4, Workers: 4
[1127.515s][debug][gc,phases      ] GC(50)   JVMTI Tag Weak OopStorage      Min:  0.0, Avg:  0.0, Max:  0.0, Diff:  0.0, Sum:  0.0, Workers: 4
[1127.515s][debug][gc,phases      ] GC(50)     Dead                           Min: 0, Avg:  0.0, Max: 0, Diff: 0, Sum: 0, Workers: 4
[1127.515s][debug][gc,phases      ] GC(50)     Total                          Min: 0, Avg:  0.0, Max: 0, Diff: 0, Sum: 0, Workers: 4
[1127.515s][debug][gc,phases      ] GC(50)   StringTable Weak               Min:  0.0, Avg:  0.1, Max:  0.2, Diff:  0.2, Sum:  0.5, Workers: 4
[1127.515s][debug][gc,phases      ] GC(50)     Dead                           Min: 0, Avg:  0.0, Max: 0, Diff: 0, Sum: 0, Workers: 4
[1127.515s][debug][gc,phases      ] GC(50)     Total                          Min: 0, Avg: 12176.8, Max: 16643, Diff: 16643, Sum: 48707, Workers: 4
[1127.515s][debug][gc,phases      ] GC(50)   ResolvedMethodTable Weak       Min:  0.0, Avg:  0.0, Max:  0.0, Diff:  0.0, Sum:  0.1, Workers: 4
[1127.515s][debug][gc,phases      ] GC(50)     Dead                           Min: 0, Avg:  0.0, Max: 0, Diff: 0, Sum: 0, Workers: 4
[1127.515s][debug][gc,phases      ] GC(50)     Total                          Min: 0, Avg: 3380.0, Max: 4895, Diff: 4895, Sum: 13520, Workers: 4
[1127.515s][debug][gc,phases      ] GC(50)   JNI Weak                       Min:  0.0, Avg:  0.0, Max:  0.0, Diff:  0.0, Sum:  0.0, Workers: 4
[1127.515s][debug][gc,phases      ] GC(50)     Dead                           Min: 0, Avg:  0.0, Max: 0, Diff: 0, Sum: 0, Workers: 4
[1127.515s][debug][gc,phases      ] GC(50)     Total                          Min: 0, Avg: 12.0, Max: 48, Diff: 48, Sum: 48, Workers: 4
[1127.515s][debug][gc,phases      ] GC(50)   StringDedup Table Weak         Min:  0.0, Avg:  0.0, Max:  0.0, Diff:  0.0, Sum:  0.0, Workers: 4
[1127.515s][debug][gc,phases      ] GC(50)     Dead                           Min: 0, Avg:  0.0, Max: 0, Diff: 0, Sum: 0, Workers: 4
[1127.515s][debug][gc,phases      ] GC(50)     Total                          Min: 0, Avg:  0.0, Max: 0, Diff: 0, Sum: 0, Workers: 4
[1127.515s][debug][gc,phases      ] GC(50)   StringDedup Requests0 Weak     Min:  0.0, Avg:  0.0, Max:  0.0, Diff:  0.0, Sum:  0.0, Workers: 4
[1127.515s][debug][gc,phases      ] GC(50)     Dead                           Min: 0, Avg:  0.0, Max: 0, Diff: 0, Sum: 0, Workers: 4
[1127.515s][debug][gc,phases      ] GC(50)     Total                          Min: 0, Avg:  0.0, Max: 0, Diff: 0, Sum: 0, Workers: 4
[1127.515s][debug][gc,phases      ] GC(50)   StringDedup Requests1 Weak     Min:  0.0, Avg:  0.0, Max:  0.0, Diff:  0.0, Sum:  0.0, Workers: 4
[1127.515s][debug][gc,phases      ] GC(50)     Dead                           Min: 0, Avg:  0.0, Max: 0, Diff: 0, Sum: 0, Workers: 4
[1127.515s][debug][gc,phases      ] GC(50)     Total                          Min: 0, Avg:  0.0, Max: 0, Diff: 0, Sum: 0, Workers: 4
[1127.515s][debug][gc,phases      ] GC(50)   Weak JFR Old Object Samples    Min:  0.0, Avg:  0.0, Max:  0.0, Diff:  0.0, Sum:  0.0, Workers: 4
[1127.515s][debug][gc,phases      ] GC(50)     Dead                           Min: 0, Avg:  0.0, Max: 0, Diff: 0, Sum: 0, Workers: 4
[1127.515s][debug][gc,phases      ] GC(50)     Total                          Min: 0, Avg:  0.0, Max: 0, Diff: 0, Sum: 0, Workers: 4
[1127.515s][debug][gc,phases      ] GC(50) Weak Processing 0.490ms
[1127.515s][debug][gc,age         ] GC(50) Desired survivor size 77070336 bytes, new threshold 1 (max threshold 15)
[1127.515s][info ][gc,heap        ] GC(50) PSYoungGen: 1936384K(2014720K)->2032K(2021888K) Eden: 1934336K(1934336K)->0K(1944064K) From: 2048K(80384K)->2032K(77824K)
[1127.515s][info ][gc,heap        ] GC(50) ParOldGen: 729920K(730112K)->730276K(730624K)
[1127.515s][info ][gc,metaspace   ] GC(50) Metaspace: 96912K(98240K)->96912K(98240K) NonClass: 82725K(83456K)->82725K(83456K) Class: 14187K(14784K)->14187K(14784K)
[1127.515s][info ][gc             ] GC(50) Pause Young (Allocation Failure) 2603M->715M(2688M) 4.743ms
[1127.515s][info ][gc,cpu         ] GC(50) User=0.01s Sys=0.00s Real=0.00s
[1127.515s][info ][safepoint      ] Safepoint "ParallelGCFailedAllocation", Time since last: 6240752691 ns, Reaching safepoint: 7701 ns, Cleanup: 5300 ns, At safepoint: 4856630 ns, Total: 4869631 ns
[1128.516s][info ][safepoint      ] Safepoint "Cleanup", Time since last: 1000105316 ns, Reaching safepoint: 158312 ns, Cleanup: 12400 ns, At safepoint: 6001 ns, Total: 176713 ns
[1131.516s][info ][safepoint      ] Safepoint "Cleanup", Time since last: 3000291866 ns, Reaching safepoint: 79605 ns, Cleanup: 11501 ns, At safepoint: 7701 ns, Total: 98807 ns
[1144.506s][info ][safepoint      ] Safepoint "Cleanup", Time since last: 12989906646 ns, Reaching safepoint: 80606 ns, Cleanup: 17402 ns, At safepoint: 8300 ns, Total: 106308 ns
[1146.507s][info ][safepoint      ] Safepoint "Cleanup", Time since last: 2000222464 ns, Reaching safepoint: 86507 ns, Cleanup: 41803 ns, At safepoint: 11101 ns, Total: 139411 ns
[1147.507s][info ][safepoint      ] Safepoint "Cleanup", Time since last: 1000145184 ns, Reaching safepoint: 87507 ns, Cleanup: 15001 ns, At safepoint: 7301 ns, Total: 109809 ns
[1148.507s][info ][safepoint      ] Safepoint "Cleanup", Time since last: 1000131883 ns, Reaching safepoint: 83606 ns, Cleanup: 10101 ns, At safepoint: 6901 ns, Total: 100608 ns
[1150.507s][info ][safepoint      ] Safepoint "Cleanup", Time since last: 2000236865 ns, Reaching safepoint: 45003 ns, Cleanup: 22402 ns, At safepoint: 8900 ns, Total: 76305 ns
[1152.508s][info ][safepoint      ] Safepoint "Cleanup", Time since last: 2000219186 ns, Reaching safepoint: 86306 ns, Cleanup: 19501 ns, At safepoint: 13401 ns, Total: 119208 ns
[1154.508s][info ][safepoint      ] Safepoint "Cleanup", Time since last: 2000202558 ns, Reaching safepoint: 79606 ns, Cleanup: 15101 ns, At safepoint: 7501 ns, Total: 102208 ns
[1159.508s][info ][safepoint      ] Safepoint "Cleanup", Time since last: 5000402637 ns, Reaching safepoint: 79806 ns, Cleanup: 10000 ns, At safepoint: 7501 ns, Total: 97307 ns
[1160.306s][info ][gc,start       ] GC(51) Pause Young (Allocation Failure)
[1160.315s][debug][gc,phases      ] GC(51) Scavenge 9.447ms
[1160.315s][debug][gc,ref         ] GC(51) ReferenceProcessor::execute queues: 1, RefProcThreadModel::Single, marks_oops_alive: false
[1160.315s][debug][gc,ref         ] GC(51) Skipped KeepAliveFinalRefsPhase of Reference Processing: no references
[1160.315s][debug][gc,ref         ] GC(51) ReferenceProcessor::execute queues: 1, RefProcThreadModel::Single, marks_oops_alive: false
[1160.315s][debug][gc,phases      ] GC(51) Reference Processing 0.124ms
[1160.316s][debug][gc,phases      ] GC(51)   VM Weak                        Min:  0.0, Avg:  0.0, Max:  0.0, Diff:  0.0, Sum:  0.0, Workers: 4
[1160.316s][debug][gc,phases      ] GC(51)     Dead                           Min: 0, Avg:  0.0, Max: 0, Diff: 0, Sum: 0, Workers: 4
[1160.316s][debug][gc,phases      ] GC(51)     Total                          Min: 0, Avg: 253.5, Max: 1014, Diff: 1014, Sum: 1014, Workers: 4
[1160.316s][debug][gc,phases      ] GC(51)   ObjectSynchronizer Weak        Min:  0.0, Avg:  0.0, Max:  0.0, Diff:  0.0, Sum:  0.0, Workers: 4
[1160.316s][debug][gc,phases      ] GC(51)     Dead                           Min: 0, Avg:  0.0, Max: 0, Diff: 0, Sum: 0, Workers: 4
[1160.316s][debug][gc,phases      ] GC(51)     Total                          Min: 0, Avg:  1.0, Max: 4, Diff: 4, Sum: 4, Workers: 4
[1160.316s][debug][gc,phases      ] GC(51)   JVMTI Tag Weak OopStorage      Min:  0.0, Avg:  0.0, Max:  0.0, Diff:  0.0, Sum:  0.0, Workers: 4
[1160.316s][debug][gc,phases      ] GC(51)     Dead                           Min: 0, Avg:  0.0, Max: 0, Diff: 0, Sum: 0, Workers: 4
[1160.316s][debug][gc,phases      ] GC(51)     Total                          Min: 0, Avg:  0.0, Max: 0, Diff: 0, Sum: 0, Workers: 4
[1160.316s][debug][gc,phases      ] GC(51)   StringTable Weak               Min:  0.0, Avg:  0.1, Max:  0.2, Diff:  0.2, Sum:  0.5, Workers: 4
[1160.316s][debug][gc,phases      ] GC(51)     Dead                           Min: 0, Avg:  0.0, Max: 0, Diff: 0, Sum: 0, Workers: 4
[1160.316s][debug][gc,phases      ] GC(51)     Total                          Min: 0, Avg: 12178.0, Max: 25408, Diff: 25408, Sum: 48712, Workers: 4
[1160.316s][debug][gc,phases      ] GC(51)   ResolvedMethodTable Weak       Min:  0.0, Avg:  0.0, Max:  0.1, Diff:  0.1, Sum:  0.1, Workers: 4
[1160.316s][debug][gc,phases      ] GC(51)     Dead                           Min: 0, Avg:  0.2, Max: 1, Diff: 1, Sum: 1, Workers: 4
[1160.316s][debug][gc,phases      ] GC(51)     Total                          Min: 0, Avg: 3380.8, Max: 7131, Diff: 7131, Sum: 13523, Workers: 4
[1160.316s][debug][gc,phases      ] GC(51)   JNI Weak                       Min:  0.0, Avg:  0.0, Max:  0.0, Diff:  0.0, Sum:  0.0, Workers: 4
[1160.316s][debug][gc,phases      ] GC(51)     Dead                           Min: 0, Avg:  0.0, Max: 0, Diff: 0, Sum: 0, Workers: 4
[1160.316s][debug][gc,phases      ] GC(51)     Total                          Min: 0, Avg: 12.0, Max: 48, Diff: 48, Sum: 48, Workers: 4
[1160.316s][debug][gc,phases      ] GC(51)   StringDedup Table Weak         Min:  0.0, Avg:  0.0, Max:  0.0, Diff:  0.0, Sum:  0.0, Workers: 4
[1160.316s][debug][gc,phases      ] GC(51)     Dead                           Min: 0, Avg:  0.0, Max: 0, Diff: 0, Sum: 0, Workers: 4
[1160.316s][debug][gc,phases      ] GC(51)     Total                          Min: 0, Avg:  0.0, Max: 0, Diff: 0, Sum: 0, Workers: 4
[1160.316s][debug][gc,phases      ] GC(51)   StringDedup Requests0 Weak     Min:  0.0, Avg:  0.0, Max:  0.0, Diff:  0.0, Sum:  0.0, Workers: 4
[1160.316s][debug][gc,phases      ] GC(51)     Dead                           Min: 0, Avg:  0.0, Max: 0, Diff: 0, Sum: 0, Workers: 4
[1160.316s][debug][gc,phases      ] GC(51)     Total                          Min: 0, Avg:  0.0, Max: 0, Diff: 0, Sum: 0, Workers: 4
[1160.316s][debug][gc,phases      ] GC(51)   StringDedup Requests1 Weak     Min:  0.0, Avg:  0.0, Max:  0.0, Diff:  0.0, Sum:  0.0, Workers: 4
[1160.316s][debug][gc,phases      ] GC(51)     Dead                           Min: 0, Avg:  0.0, Max: 0, Diff: 0, Sum: 0, Workers: 4
[1160.316s][debug][gc,phases      ] GC(51)     Total                          Min: 0, Avg:  0.0, Max: 0, Diff: 0, Sum: 0, Workers: 4
[1160.316s][debug][gc,phases      ] GC(51)   Weak JFR Old Object Samples    Min:  0.0, Avg:  0.0, Max:  0.0, Diff:  0.0, Sum:  0.0, Workers: 4
[1160.316s][debug][gc,phases      ] GC(51)     Dead                           Min: 0, Avg:  0.0, Max: 0, Diff: 0, Sum: 0, Workers: 4
[1160.316s][debug][gc,phases      ] GC(51)     Total                          Min: 0, Avg:  0.0, Max: 0, Diff: 0, Sum: 0, Workers: 4
[1160.316s][debug][gc,phases      ] GC(51) Weak Processing 0.538ms
[1160.316s][debug][gc,age         ] GC(51) Desired survivor size 72876032 bytes, new threshold 1 (max threshold 15)
[1160.316s][info ][gc,heap        ] GC(51) PSYoungGen: 1946096K(2021888K)->9456K(2019328K) Eden: 1944064K(1944064K)->0K(1944064K) From: 2032K(77824K)->9456K(75264K)
[1160.316s][info ][gc,heap        ] GC(51) ParOldGen: 730276K(730624K)->730396K(730624K)
[1160.316s][info ][gc,metaspace   ] GC(51) Metaspace: 96920K(98240K)->96920K(98240K) NonClass: 82731K(83456K)->82731K(83456K) Class: 14188K(14784K)->14188K(14784K)
[1160.316s][info ][gc             ] GC(51) Pause Young (Allocation Failure) 2613M->722M(2685M) 10.267ms
[1160.316s][info ][gc,cpu         ] GC(51) User=0.03s Sys=0.00s Real=0.00s
[1160.316s][info ][safepoint      ] Safepoint "ParallelGCFailedAllocation", Time since last: 797285848 ns, Reaching safepoint: 11801 ns, Cleanup: 5200 ns, At safepoint: 10351161 ns, Total: 10368162 ns
[1161.316s][info ][safepoint      ] Safepoint "Cleanup", Time since last: 1000087365 ns, Reaching safepoint: 8000 ns, Cleanup: 11401 ns, At safepoint: 2400 ns, Total: 21801 ns
[1163.316s][info ][safepoint      ] Safepoint "Cleanup", Time since last: 2000199332 ns, Reaching safepoint: 9800 ns, Cleanup: 10401 ns, At safepoint: 2400 ns, Total: 22601 ns
[1164.317s][info ][safepoint      ] Safepoint "Cleanup", Time since last: 1000125968 ns, Reaching safepoint: 8801 ns, Cleanup: 12300 ns, At safepoint: 3401 ns, Total: 24502 ns
[1169.317s][info ][safepoint      ] Safepoint "Cleanup", Time since last: 5000378483 ns, Reaching safepoint: 7500 ns, Cleanup: 13901 ns, At safepoint: 3601 ns, Total: 25002 ns
[1171.317s][info ][safepoint      ] Safepoint "Cleanup", Time since last: 2000184759 ns, Reaching safepoint: 9101 ns, Cleanup: 23002 ns, At safepoint: 2900 ns, Total: 35003 ns
[1172.317s][info ][safepoint      ] Safepoint "Cleanup", Time since last: 1000130033 ns, Reaching safepoint: 7500 ns, Cleanup: 39403 ns, At safepoint: 2600 ns, Total: 49503 ns
[1173.318s][info ][safepoint      ] Safepoint "Cleanup", Time since last: 1000121632 ns, Reaching safepoint: 7801 ns, Cleanup: 13801 ns, At safepoint: 3000 ns, Total: 24602 ns
[1174.616s][info ][safepoint      ] Safepoint "Cleanup", Time since last: 1298564145 ns, Reaching safepoint: 7700 ns, Cleanup: 12601 ns, At safepoint: 2700 ns, Total: 23001 ns
[1175.616s][info ][safepoint      ] Safepoint "Cleanup", Time since last: 1000134934 ns, Reaching safepoint: 7500 ns, Cleanup: 11201 ns, At safepoint: 2600 ns, Total: 21301 ns
[1176.616s][info ][safepoint      ] Safepoint "Cleanup", Time since last: 1000140343 ns, Reaching safepoint: 10900 ns, Cleanup: 20302 ns, At safepoint: 3400 ns, Total: 34602 ns
[1180.617s][info ][safepoint      ] Safepoint "Cleanup", Time since last: 4000328338 ns, Reaching safepoint: 7500 ns, Cleanup: 7601 ns, At safepoint: 2600 ns, Total: 17701 ns
[1181.617s][info ][safepoint      ] Safepoint "Cleanup", Time since last: 1000122037 ns, Reaching safepoint: 7601 ns, Cleanup: 10801 ns, At safepoint: 2400 ns, Total: 20802 ns
[1182.617s][info ][safepoint      ] Safepoint "Cleanup", Time since last: 1000159340 ns, Reaching safepoint: 18001 ns, Cleanup: 16101 ns, At safepoint: 7401 ns, Total: 41503 ns
[1183.617s][info ][safepoint      ] Safepoint "Cleanup", Time since last: 1000131137 ns, Reaching safepoint: 12301 ns, Cleanup: 18802 ns, At safepoint: 6900 ns, Total: 38003 ns
[1184.618s][info ][safepoint      ] Safepoint "Cleanup", Time since last: 1000133392 ns, Reaching safepoint: 7900 ns, Cleanup: 23302 ns, At safepoint: 2700 ns, Total: 33902 ns
[1187.618s][info ][safepoint      ] Safepoint "Cleanup", Time since last: 3000302103 ns, Reaching safepoint: 9200 ns, Cleanup: 17102 ns, At safepoint: 2800 ns, Total: 29102 ns
[1188.618s][info ][safepoint      ] Safepoint "Cleanup", Time since last: 1000121502 ns, Reaching safepoint: 9501 ns, Cleanup: 10201 ns, At safepoint: 3100 ns, Total: 22802 ns
[1189.618s][info ][safepoint      ] Safepoint "Cleanup", Time since last: 1000119302 ns, Reaching safepoint: 7401 ns, Cleanup: 16801 ns, At safepoint: 2400 ns, Total: 26602 ns
[1190.618s][info ][safepoint      ] Safepoint "Cleanup", Time since last: 1000138204 ns, Reaching safepoint: 15801 ns, Cleanup: 31302 ns, At safepoint: 3700 ns, Total: 50803 ns
[1191.619s][info ][safepoint      ] Safepoint "Cleanup", Time since last: 1000146605 ns, Reaching safepoint: 81506 ns, Cleanup: 16501 ns, At safepoint: 6100 ns, Total: 104107 ns
[1198.619s][info ][safepoint      ] Safepoint "Cleanup", Time since last: 7000597117 ns, Reaching safepoint: 11100 ns, Cleanup: 10201 ns, At safepoint: 2800 ns, Total: 24101 ns
[1199.619s][info ][safepoint      ] Safepoint "Cleanup", Time since last: 1000120471 ns, Reaching safepoint: 6501 ns, Cleanup: 11300 ns, At safepoint: 2200 ns, Total: 20001 ns
[1201.524s][info ][safepoint      ] Safepoint "Cleanup", Time since last: 1904742426 ns, Reaching safepoint: 8100 ns, Cleanup: 12701 ns, At safepoint: 2800 ns, Total: 23601 ns
[1202.465s][info ][gc,start       ] GC(52) Pause Young (Allocation Failure)
[1202.473s][debug][gc,phases      ] GC(52) Scavenge 8.395ms
[1202.473s][debug][gc,ref         ] GC(52) ReferenceProcessor::execute queues: 1, RefProcThreadModel::Single, marks_oops_alive: false
[1202.473s][debug][gc,ref         ] GC(52) Skipped KeepAliveFinalRefsPhase of Reference Processing: no references
[1202.473s][debug][gc,ref         ] GC(52) ReferenceProcessor::execute queues: 1, RefProcThreadModel::Single, marks_oops_alive: false
[1202.473s][debug][gc,phases      ] GC(52) Reference Processing 0.136ms
[1202.474s][debug][gc,phases      ] GC(52)   VM Weak                        Min:  0.0, Avg:  0.0, Max:  0.0, Diff:  0.0, Sum:  0.0, Workers: 4
[1202.474s][debug][gc,phases      ] GC(52)     Dead                           Min: 0, Avg:  0.0, Max: 0, Diff: 0, Sum: 0, Workers: 4
[1202.474s][debug][gc,phases      ] GC(52)     Total                          Min: 0, Avg: 256.5, Max: 962, Diff: 962, Sum: 1026, Workers: 4
[1202.474s][debug][gc,phases      ] GC(52)   ObjectSynchronizer Weak        Min:  0.0, Avg:  0.0, Max:  0.0, Diff:  0.0, Sum:  0.0, Workers: 4
[1202.474s][debug][gc,phases      ] GC(52)     Dead                           Min: 0, Avg:  0.0, Max: 0, Diff: 0, Sum: 0, Workers: 4
[1202.474s][debug][gc,phases      ] GC(52)     Total                          Min: 0, Avg:  1.0, Max: 4, Diff: 4, Sum: 4, Workers: 4
[1202.474s][debug][gc,phases      ] GC(52)   JVMTI Tag Weak OopStorage      Min:  0.0, Avg:  0.0, Max:  0.0, Diff:  0.0, Sum:  0.0, Workers: 4
[1202.474s][debug][gc,phases      ] GC(52)     Dead                           Min: 0, Avg:  0.0, Max: 0, Diff: 0, Sum: 0, Workers: 4
[1202.474s][debug][gc,phases      ] GC(52)     Total                          Min: 0, Avg:  0.0, Max: 0, Diff: 0, Sum: 0, Workers: 4
[1202.474s][debug][gc,phases      ] GC(52)   StringTable Weak               Min:  0.0, Avg:  0.1, Max:  0.2, Diff:  0.2, Sum:  0.5, Workers: 4
[1202.474s][debug][gc,phases      ] GC(52)     Dead                           Min: 0, Avg:  0.8, Max: 3, Diff: 3, Sum: 3, Workers: 4
[1202.474s][debug][gc,phases      ] GC(52)     Total                          Min: 0, Avg: 12185.5, Max: 17087, Diff: 17087, Sum: 48742, Workers: 4
[1202.474s][debug][gc,phases      ] GC(52)   ResolvedMethodTable Weak       Min:  0.0, Avg:  0.0, Max:  0.0, Diff:  0.0, Sum:  0.1, Workers: 4
[1202.474s][debug][gc,phases      ] GC(52)     Dead                           Min: 0, Avg:  2.5, Max: 9, Diff: 9, Sum: 10, Workers: 4
[1202.474s][debug][gc,phases      ] GC(52)     Total                          Min: 0, Avg: 3399.2, Max: 4909, Diff: 4909, Sum: 13597, Workers: 4
[1202.474s][debug][gc,phases      ] GC(52)   JNI Weak                       Min:  0.0, Avg:  0.0, Max:  0.0, Diff:  0.0, Sum:  0.0, Workers: 4
[1202.474s][debug][gc,phases      ] GC(52)     Dead                           Min: 0, Avg:  0.0, Max: 0, Diff: 0, Sum: 0, Workers: 4
[1202.474s][debug][gc,phases      ] GC(52)     Total                          Min: 0, Avg: 12.0, Max: 48, Diff: 48, Sum: 48, Workers: 4
[1202.474s][debug][gc,phases      ] GC(52)   StringDedup Table Weak         Min:  0.0, Avg:  0.0, Max:  0.0, Diff:  0.0, Sum:  0.0, Workers: 4
[1202.474s][debug][gc,phases      ] GC(52)     Dead                           Min: 0, Avg:  0.0, Max: 0, Diff: 0, Sum: 0, Workers: 4
[1202.474s][debug][gc,phases      ] GC(52)     Total                          Min: 0, Avg:  0.0, Max: 0, Diff: 0, Sum: 0, Workers: 4
[1202.474s][debug][gc,phases      ] GC(52)   StringDedup Requests0 Weak     Min:  0.0, Avg:  0.0, Max:  0.0, Diff:  0.0, Sum:  0.0, Workers: 4
[1202.474s][debug][gc,phases      ] GC(52)     Dead                           Min: 0, Avg:  0.0, Max: 0, Diff: 0, Sum: 0, Workers: 4
[1202.474s][debug][gc,phases      ] GC(52)     Total                          Min: 0, Avg:  0.0, Max: 0, Diff: 0, Sum: 0, Workers: 4
[1202.474s][debug][gc,phases      ] GC(52)   StringDedup Requests1 Weak     Min:  0.0, Avg:  0.0, Max:  0.0, Diff:  0.0, Sum:  0.0, Workers: 4
[1202.474s][debug][gc,phases      ] GC(52)     Dead                           Min: 0, Avg:  0.0, Max: 0, Diff: 0, Sum: 0, Workers: 4
[1202.474s][debug][gc,phases      ] GC(52)     Total                          Min: 0, Avg:  0.0, Max: 0, Diff: 0, Sum: 0, Workers: 4
[1202.474s][debug][gc,phases      ] GC(52)   Weak JFR Old Object Samples    Min:  0.0, Avg:  0.0, Max:  0.0, Diff:  0.0, Sum:  0.0, Workers: 4
[1202.474s][debug][gc,phases      ] GC(52)     Dead                           Min: 0, Avg:  0.0, Max: 0, Diff: 0, Sum: 0, Workers: 4
[1202.474s][debug][gc,phases      ] GC(52)     Total                          Min: 0, Avg:  0.0, Max: 0, Diff: 0, Sum: 0, Workers: 4
[1202.474s][debug][gc,phases      ] GC(52) Weak Processing 0.451ms
[1202.474s][debug][gc,age         ] GC(52) Desired survivor size 69730304 bytes, new threshold 1 (max threshold 15)
[1202.474s][info ][gc,heap        ] GC(52) PSYoungGen: 1953520K(2019328K)->3984K(2029056K) Eden: 1944064K(1944064K)->0K(1957888K) From: 9456K(75264K)->3984K(71168K)
[1202.474s][info ][gc,heap        ] GC(52) ParOldGen: 730396K(730624K)->737489K(737792K)
[1202.474s][info ][gc,metaspace   ] GC(52) Metaspace: 97063K(98368K)->97063K(98368K) NonClass: 82852K(83584K)->82852K(83584K) Class: 14211K(14784K)->14211K(14784K)
[1202.474s][info ][gc             ] GC(52) Pause Young (Allocation Failure) 2621M->724M(2702M) 9.131ms
[1202.474s][info ][gc,cpu         ] GC(52) User=0.02s Sys=0.01s Real=0.00s
[1202.474s][info ][safepoint      ] Safepoint "ParallelGCFailedAllocation", Time since last: 940688860 ns, Reaching safepoint: 6000 ns, Cleanup: 3301 ns, At safepoint: 9211677 ns, Total: 9220978 ns
[1203.474s][info ][safepoint      ] Safepoint "Cleanup", Time since last: 1000096440 ns, Reaching safepoint: 7000 ns, Cleanup: 9301 ns, At safepoint: 2000 ns, Total: 18301 ns
[1209.475s][info ][safepoint      ] Safepoint "Cleanup", Time since last: 6000461995 ns, Reaching safepoint: 8900 ns, Cleanup: 14301 ns, At safepoint: 3801 ns, Total: 27002 ns
[1215.475s][info ][safepoint      ] Safepoint "Cleanup", Time since last: 6000612619 ns, Reaching safepoint: 15401 ns, Cleanup: 27502 ns, At safepoint: 4300 ns, Total: 47203 ns
[1219.476s][info ][safepoint      ] Safepoint "Cleanup", Time since last: 4000408459 ns, Reaching safepoint: 10701 ns, Cleanup: 13801 ns, At safepoint: 2500 ns, Total: 27002 ns
[1230.477s][info ][safepoint      ] Safepoint "Cleanup", Time since last: 11000923161 ns, Reaching safepoint: 7701 ns, Cleanup: 10801 ns, At safepoint: 2400 ns, Total: 20902 ns
[1234.477s][info ][safepoint      ] Safepoint "Cleanup", Time since last: 4000359140 ns, Reaching safepoint: 8000 ns, Cleanup: 16702 ns, At safepoint: 2600 ns, Total: 27302 ns
[1237.477s][info ][safepoint      ] Safepoint "Cleanup", Time since last: 3000325952 ns, Reaching safepoint: 8900 ns, Cleanup: 15901 ns, At safepoint: 36903 ns, Total: 61704 ns
[1238.937s][info ][gc,start       ] GC(53) Pause Young (Allocation Failure)
[1238.944s][debug][gc,phases      ] GC(53) Scavenge 6.506ms
[1238.944s][debug][gc,ref         ] GC(53) ReferenceProcessor::execute queues: 1, RefProcThreadModel::Single, marks_oops_alive: false
[1238.944s][debug][gc,ref         ] GC(53) Skipped KeepAliveFinalRefsPhase of Reference Processing: no references
[1238.944s][debug][gc,ref         ] GC(53) Skipped PhantomRefsPhase of Reference Processing: no references
[1238.944s][debug][gc,phases      ] GC(53) Reference Processing 0.139ms
[1238.944s][debug][gc,phases      ] GC(53)   VM Weak                        Min:  0.0, Avg:  0.0, Max:  0.0, Diff:  0.0, Sum:  0.0, Workers: 4
[1238.944s][debug][gc,phases      ] GC(53)     Dead                           Min: 0, Avg:  0.0, Max: 0, Diff: 0, Sum: 0, Workers: 4
[1238.944s][debug][gc,phases      ] GC(53)     Total                          Min: 128, Avg: 256.5, Max: 384, Diff: 256, Sum: 1026, Workers: 4
[1238.944s][debug][gc,phases      ] GC(53)   ObjectSynchronizer Weak        Min:  0.0, Avg:  0.0, Max:  0.0, Diff:  0.0, Sum:  0.0, Workers: 4
[1238.944s][debug][gc,phases      ] GC(53)     Dead                           Min: 0, Avg:  0.0, Max: 0, Diff: 0, Sum: 0, Workers: 4
[1238.944s][debug][gc,phases      ] GC(53)     Total                          Min: 0, Avg:  1.0, Max: 4, Diff: 4, Sum: 4, Workers: 4
[1238.944s][debug][gc,phases      ] GC(53)   JVMTI Tag Weak OopStorage      Min:  0.0, Avg:  0.0, Max:  0.0, Diff:  0.0, Sum:  0.0, Workers: 4
[1238.944s][debug][gc,phases      ] GC(53)     Dead                           Min: 0, Avg:  0.0, Max: 0, Diff: 0, Sum: 0, Workers: 4
[1238.944s][debug][gc,phases      ] GC(53)     Total                          Min: 0, Avg:  0.0, Max: 0, Diff: 0, Sum: 0, Workers: 4
[1238.944s][debug][gc,phases      ] GC(53)   StringTable Weak               Min:  0.1, Avg:  0.1, Max:  0.1, Diff:  0.0, Sum:  0.5, Workers: 4
[1238.944s][debug][gc,phases      ] GC(53)     Dead                           Min: 0, Avg:  0.0, Max: 0, Diff: 0, Sum: 0, Workers: 4
[1238.944s][debug][gc,phases      ] GC(53)     Total                          Min: 10239, Avg: 12187.0, Max: 12973, Diff: 2734, Sum: 48748, Workers: 4
[1238.944s][debug][gc,phases      ] GC(53)   ResolvedMethodTable Weak       Min:  0.0, Avg:  0.0, Max:  0.0, Diff:  0.0, Sum:  0.1, Workers: 4
[1238.944s][debug][gc,phases      ] GC(53)     Dead                           Min: 0, Avg:  0.0, Max: 0, Diff: 0, Sum: 0, Workers: 4
[1238.944s][debug][gc,phases      ] GC(53)     Total                          Min: 3209, Avg: 3399.2, Max: 3602, Diff: 393, Sum: 13597, Workers: 4
[1238.944s][debug][gc,phases      ] GC(53)   JNI Weak                       Min:  0.0, Avg:  0.0, Max:  0.0, Diff:  0.0, Sum:  0.0, Workers: 4
[1238.944s][debug][gc,phases      ] GC(53)     Dead                           Min: 0, Avg:  0.0, Max: 0, Diff: 0, Sum: 0, Workers: 4
[1238.944s][debug][gc,phases      ] GC(53)     Total                          Min: 0, Avg: 12.0, Max: 48, Diff: 48, Sum: 48, Workers: 4
[1238.944s][debug][gc,phases      ] GC(53)   StringDedup Table Weak         Min:  0.0, Avg:  0.0, Max:  0.0, Diff:  0.0, Sum:  0.0, Workers: 4
[1238.944s][debug][gc,phases      ] GC(53)     Dead                           Min: 0, Avg:  0.0, Max: 0, Diff: 0, Sum: 0, Workers: 4
[1238.944s][debug][gc,phases      ] GC(53)     Total                          Min: 0, Avg:  0.0, Max: 0, Diff: 0, Sum: 0, Workers: 4
[1238.944s][debug][gc,phases      ] GC(53)   StringDedup Requests0 Weak     Min:  0.0, Avg:  0.0, Max:  0.0, Diff:  0.0, Sum:  0.0, Workers: 4
[1238.944s][debug][gc,phases      ] GC(53)     Dead                           Min: 0, Avg:  0.0, Max: 0, Diff: 0, Sum: 0, Workers: 4
[1238.944s][debug][gc,phases      ] GC(53)     Total                          Min: 0, Avg:  0.0, Max: 0, Diff: 0, Sum: 0, Workers: 4
[1238.944s][debug][gc,phases      ] GC(53)   StringDedup Requests1 Weak     Min:  0.0, Avg:  0.0, Max:  0.0, Diff:  0.0, Sum:  0.0, Workers: 4
[1238.944s][debug][gc,phases      ] GC(53)     Dead                           Min: 0, Avg:  0.0, Max: 0, Diff: 0, Sum: 0, Workers: 4
[1238.944s][debug][gc,phases      ] GC(53)     Total                          Min: 0, Avg:  0.0, Max: 0, Diff: 0, Sum: 0, Workers: 4
[1238.944s][debug][gc,phases      ] GC(53)   Weak JFR Old Object Samples    Min:  0.0, Avg:  0.0, Max:  0.0, Diff:  0.0, Sum:  0.0, Workers: 4
[1238.944s][debug][gc,phases      ] GC(53)     Dead                           Min: 0, Avg:  0.0, Max: 0, Diff: 0, Sum: 0, Workers: 4
[1238.944s][debug][gc,phases      ] GC(53)     Total                          Min: 0, Avg:  0.0, Max: 0, Diff: 0, Sum: 0, Workers: 4
[1238.944s][debug][gc,phases      ] GC(53) Weak Processing 0.454ms
[1238.944s][debug][gc,age         ] GC(53) Desired survivor size 66584576 bytes, new threshold 1 (max threshold 15)
[1238.944s][info ][gc,heap        ] GC(53) PSYoungGen: 1961872K(2029056K)->2368K(2025984K) Eden: 1957888K(1957888K)->0K(1957888K) From: 3984K(71168K)->2368K(68096K)
[1238.944s][info ][gc,heap        ] GC(53) ParOldGen: 737489K(737792K)->739581K(739840K)
[1238.944s][info ][gc,metaspace   ] GC(53) Metaspace: 97086K(98368K)->97086K(98368K) NonClass: 82875K(83584K)->82875K(83584K) Class: 14211K(14784K)->14211K(14784K)
[1238.944s][info ][gc             ] GC(53) Pause Young (Allocation Failure) 2636M->724M(2701M) 7.262ms
[1238.944s][info ][gc,cpu         ] GC(53) User=0.02s Sys=0.00s Real=0.01s
[1238.944s][info ][safepoint      ] Safepoint "ParallelGCFailedAllocation", Time since last: 1459662936 ns, Reaching safepoint: 11601 ns, Cleanup: 5201 ns, At safepoint: 7369498 ns, Total: 7386300 ns
[1245.945s][info ][safepoint      ] Safepoint "Cleanup", Time since last: 7000584184 ns, Reaching safepoint: 10401 ns, Cleanup: 15401 ns, At safepoint: 2800 ns, Total: 28602 ns
[1247.945s][info ][safepoint      ] Safepoint "Cleanup", Time since last: 2000191457 ns, Reaching safepoint: 8400 ns, Cleanup: 11601 ns, At safepoint: 2700 ns, Total: 22701 ns
[1250.946s][info ][safepoint      ] Safepoint "Cleanup", Time since last: 3000234797 ns, Reaching safepoint: 8801 ns, Cleanup: 15001 ns, At safepoint: 2900 ns, Total: 26702 ns
[1251.946s][info ][safepoint      ] Safepoint "Cleanup", Time since last: 1000138276 ns, Reaching safepoint: 13501 ns, Cleanup: 15701 ns, At safepoint: 3801 ns, Total: 33003 ns
[1252.946s][info ][safepoint      ] Safepoint "Cleanup", Time since last: 1000112874 ns, Reaching safepoint: 10001 ns, Cleanup: 18801 ns, At safepoint: 3500 ns, Total: 32302 ns
[1255.946s][info ][safepoint      ] Safepoint "Cleanup", Time since last: 3000308521 ns, Reaching safepoint: 19702 ns, Cleanup: 27402 ns, At safepoint: 5900 ns, Total: 53004 ns
[1257.947s][info ][safepoint      ] Safepoint "Cleanup", Time since last: 2000258505 ns, Reaching safepoint: 13201 ns, Cleanup: 17901 ns, At safepoint: 3700 ns, Total: 34802 ns
[1260.542s][info ][safepoint      ] Safepoint "Cleanup", Time since last: 2595632854 ns, Reaching safepoint: 5101 ns, Cleanup: 18201 ns, At safepoint: 2100 ns, Total: 25402 ns
[1264.543s][info ][safepoint      ] Safepoint "Cleanup", Time since last: 4000316546 ns, Reaching safepoint: 10501 ns, Cleanup: 15001 ns, At safepoint: 2900 ns, Total: 28402 ns
[1265.543s][info ][safepoint      ] Safepoint "Cleanup", Time since last: 1000102616 ns, Reaching safepoint: 8401 ns, Cleanup: 14601 ns, At safepoint: 2400 ns, Total: 25402 ns
[1267.543s][info ][safepoint      ] Safepoint "Cleanup", Time since last: 2000177231 ns, Reaching safepoint: 11201 ns, Cleanup: 14401 ns, At safepoint: 2700 ns, Total: 28302 ns
[1268.543s][info ][safepoint      ] Safepoint "Cleanup", Time since last: 1000126818 ns, Reaching safepoint: 10200 ns, Cleanup: 16001 ns, At safepoint: 8501 ns, Total: 34702 ns
[1269.543s][info ][safepoint      ] Safepoint "Cleanup", Time since last: 1000128518 ns, Reaching safepoint: 9201 ns, Cleanup: 20301 ns, At safepoint: 2500 ns, Total: 32002 ns
[1270.543s][info ][safepoint      ] Safepoint "Cleanup", Time since last: 1000115917 ns, Reaching safepoint: 9101 ns, Cleanup: 21101 ns, At safepoint: 2701 ns, Total: 32903 ns
[1270.851s][info ][gc,start       ] GC(54) Pause Young (Allocation Failure)
[1270.866s][debug][gc,phases      ] GC(54) Scavenge 14.624ms
[1270.866s][debug][gc,ref         ] GC(54) ReferenceProcessor::execute queues: 1, RefProcThreadModel::Single, marks_oops_alive: false
[1270.866s][debug][gc,ref         ] GC(54) Skipped KeepAliveFinalRefsPhase of Reference Processing: no references
[1270.866s][debug][gc,ref         ] GC(54) ReferenceProcessor::execute queues: 1, RefProcThreadModel::Single, marks_oops_alive: false
[1270.866s][debug][gc,phases      ] GC(54) Reference Processing 0.301ms
[1270.868s][debug][gc,phases      ] GC(54)   VM Weak                        Min:  0.0, Avg:  0.1, Max:  0.3, Diff:  0.3, Sum:  0.4, Workers: 4
[1270.868s][debug][gc,phases      ] GC(54)     Dead                           Min: 0, Avg:  0.0, Max: 0, Diff: 0, Sum: 0, Workers: 4
[1270.868s][debug][gc,phases      ] GC(54)     Total                          Min: 0, Avg: 256.5, Max: 576, Diff: 576, Sum: 1026, Workers: 4
[1270.868s][debug][gc,phases      ] GC(54)   ObjectSynchronizer Weak        Min:  0.0, Avg:  0.0, Max:  0.0, Diff:  0.0, Sum:  0.0, Workers: 4
[1270.868s][debug][gc,phases      ] GC(54)     Dead                           Min: 0, Avg:  0.0, Max: 0, Diff: 0, Sum: 0, Workers: 4
[1270.868s][debug][gc,phases      ] GC(54)     Total                          Min: 0, Avg:  1.0, Max: 4, Diff: 4, Sum: 4, Workers: 4
[1270.868s][debug][gc,phases      ] GC(54)   JVMTI Tag Weak OopStorage      Min:  0.0, Avg:  0.0, Max:  0.0, Diff:  0.0, Sum:  0.0, Workers: 4
[1270.868s][debug][gc,phases      ] GC(54)     Dead                           Min: 0, Avg:  0.0, Max: 0, Diff: 0, Sum: 0, Workers: 4
[1270.868s][debug][gc,phases      ] GC(54)     Total                          Min: 0, Avg:  0.0, Max: 0, Diff: 0, Sum: 0, Workers: 4
[1270.868s][debug][gc,phases      ] GC(54)   StringTable Weak               Min:  0.0, Avg:  0.1, Max:  0.3, Diff:  0.3, Sum:  0.5, Workers: 4
[1270.868s][debug][gc,phases      ] GC(54)     Dead                           Min: 0, Avg:  0.0, Max: 0, Diff: 0, Sum: 0, Workers: 4
[1270.868s][debug][gc,phases      ] GC(54)     Total                          Min: 0, Avg: 12187.8, Max: 24882, Diff: 24882, Sum: 48751, Workers: 4
[1270.868s][debug][gc,phases      ] GC(54)   ResolvedMethodTable Weak       Min:  0.0, Avg:  0.0, Max:  0.1, Diff:  0.1, Sum:  0.1, Workers: 4
[1270.868s][debug][gc,phases      ] GC(54)     Dead                           Min: 0, Avg:  0.0, Max: 0, Diff: 0, Sum: 0, Workers: 4
[1270.868s][debug][gc,phases      ] GC(54)     Total                          Min: 0, Avg: 3399.2, Max: 7212, Diff: 7212, Sum: 13597, Workers: 4
[1270.868s][debug][gc,phases      ] GC(54)   JNI Weak                       Min:  0.0, Avg:  0.0, Max:  0.0, Diff:  0.0, Sum:  0.0, Workers: 4
[1270.868s][debug][gc,phases      ] GC(54)     Dead                           Min: 0, Avg:  0.0, Max: 0, Diff: 0, Sum: 0, Workers: 4
[1270.868s][debug][gc,phases      ] GC(54)     Total                          Min: 0, Avg: 12.0, Max: 48, Diff: 48, Sum: 48, Workers: 4
[1270.868s][debug][gc,phases      ] GC(54)   StringDedup Table Weak         Min:  0.0, Avg:  0.0, Max:  0.0, Diff:  0.0, Sum:  0.0, Workers: 4
[1270.868s][debug][gc,phases      ] GC(54)     Dead                           Min: 0, Avg:  0.0, Max: 0, Diff: 0, Sum: 0, Workers: 4
[1270.868s][debug][gc,phases      ] GC(54)     Total                          Min: 0, Avg:  0.0, Max: 0, Diff: 0, Sum: 0, Workers: 4
[1270.869s][debug][gc,phases      ] GC(54)   StringDedup Requests0 Weak     Min:  0.0, Avg:  0.0, Max:  0.0, Diff:  0.0, Sum:  0.0, Workers: 4
[1270.869s][debug][gc,phases      ] GC(54)     Dead                           Min: 0, Avg:  0.0, Max: 0, Diff: 0, Sum: 0, Workers: 4
[1270.869s][debug][gc,phases      ] GC(54)     Total                          Min: 0, Avg:  0.0, Max: 0, Diff: 0, Sum: 0, Workers: 4
[1270.869s][debug][gc,phases      ] GC(54)   StringDedup Requests1 Weak     Min:  0.0, Avg:  0.0, Max:  0.0, Diff:  0.0, Sum:  0.0, Workers: 4
[1270.869s][debug][gc,phases      ] GC(54)     Dead                           Min: 0, Avg:  0.0, Max: 0, Diff: 0, Sum: 0, Workers: 4
[1270.869s][debug][gc,phases      ] GC(54)     Total                          Min: 0, Avg:  0.0, Max: 0, Diff: 0, Sum: 0, Workers: 4
[1270.869s][debug][gc,phases      ] GC(54)   Weak JFR Old Object Samples    Min:  0.0, Avg:  0.0, Max:  0.0, Diff:  0.0, Sum:  0.0, Workers: 4
[1270.869s][debug][gc,phases      ] GC(54)     Dead                           Min: 0, Avg:  0.0, Max: 0, Diff: 0, Sum: 0, Workers: 4
[1270.869s][debug][gc,phases      ] GC(54)     Total                          Min: 0, Avg:  0.0, Max: 0, Diff: 0, Sum: 0, Workers: 4
[1270.869s][debug][gc,phases      ] GC(54) Weak Processing 2.436ms
[1270.869s][debug][gc,age         ] GC(54) Desired survivor size 61865984 bytes, new threshold 1 (max threshold 15)
[1270.869s][info ][gc,heap        ] GC(54) PSYoungGen: 1960256K(2025984K)->14032K(2036736K) Eden: 1957888K(1957888K)->0K(1971712K) From: 2368K(68096K)->14032K(65024K)
[1270.869s][info ][gc,heap        ] GC(54) ParOldGen: 739581K(739840K)->739941K(740352K)
[1270.869s][info ][gc,metaspace   ] GC(54) Metaspace: 97106K(98432K)->97106K(98432K) NonClass: 82895K(83648K)->82895K(83648K) Class: 14211K(14784K)->14211K(14784K)
[1270.869s][info ][gc             ] GC(54) Pause Young (Allocation Failure) 2636M->736M(2712M) 17.538ms
[1270.869s][info ][gc,cpu         ] GC(54) User=0.03s Sys=0.00s Real=0.02s
[1270.869s][info ][safepoint      ] Safepoint "ParallelGCFailedAllocation", Time since last: 307615043 ns, Reaching safepoint: 83906 ns, Cleanup: 11601 ns, At safepoint: 17644107 ns, Total: 17739614 ns
[1271.869s][info ][safepoint      ] Safepoint "Cleanup", Time since last: 1000097316 ns, Reaching safepoint: 7200 ns, Cleanup: 26702 ns, At safepoint: 2600 ns, Total: 36502 ns
[1275.869s][info ][safepoint      ] Safepoint "Cleanup", Time since last: 4000333133 ns, Reaching safepoint: 10901 ns, Cleanup: 18601 ns, At safepoint: 2600 ns, Total: 32102 ns
[1276.869s][info ][safepoint      ] Safepoint "Cleanup", Time since last: 1000117623 ns, Reaching safepoint: 6600 ns, Cleanup: 10701 ns, At safepoint: 2200 ns, Total: 19501 ns
[1284.870s][info ][safepoint      ] Safepoint "Cleanup", Time since last: 8000607187 ns, Reaching safepoint: 7701 ns, Cleanup: 10100 ns, At safepoint: 2601 ns, Total: 20402 ns
[1290.870s][info ][safepoint      ] Safepoint "Cleanup", Time since last: 6000480466 ns, Reaching safepoint: 7900 ns, Cleanup: 10801 ns, At safepoint: 2700 ns, Total: 21401 ns
[1294.871s][info ][safepoint      ] Safepoint "Cleanup", Time since last: 4000439032 ns, Reaching safepoint: 33402 ns, Cleanup: 40703 ns, At safepoint: 154510 ns, Total: 228615 ns
[1301.872s][info ][safepoint      ] Safepoint "Cleanup", Time since last: 7000631922 ns, Reaching safepoint: 13201 ns, Cleanup: 13001 ns, At safepoint: 2700 ns, Total: 28902 ns
[1306.872s][info ][safepoint      ] Safepoint "Cleanup", Time since last: 5000467732 ns, Reaching safepoint: 24501 ns, Cleanup: 15801 ns, At safepoint: 3501 ns, Total: 43803 ns
[1314.873s][info ][safepoint      ] Safepoint "Cleanup", Time since last: 8000700234 ns, Reaching safepoint: 8000 ns, Cleanup: 15001 ns, At safepoint: 2500 ns, Total: 25501 ns
[1314.960s][info ][gc,start       ] GC(55) Pause Young (Allocation Failure)
[1314.982s][debug][gc,phases      ] GC(55) Scavenge 21.697ms
[1314.982s][debug][gc,ref         ] GC(55) ReferenceProcessor::execute queues: 1, RefProcThreadModel::Single, marks_oops_alive: false
[1314.982s][debug][gc,ref         ] GC(55) Skipped KeepAliveFinalRefsPhase of Reference Processing: no references
[1314.982s][debug][gc,ref         ] GC(55) ReferenceProcessor::execute queues: 1, RefProcThreadModel::Single, marks_oops_alive: false
[1314.982s][debug][gc,phases      ] GC(55) Reference Processing 0.153ms
[1314.982s][debug][gc,phases      ] GC(55)   VM Weak                        Min:  0.0, Avg:  0.0, Max:  0.0, Diff:  0.0, Sum:  0.0, Workers: 4
[1314.982s][debug][gc,phases      ] GC(55)     Dead                           Min: 0, Avg:  0.0, Max: 0, Diff: 0, Sum: 0, Workers: 4
[1314.982s][debug][gc,phases      ] GC(55)     Total                          Min: 0, Avg: 256.5, Max: 514, Diff: 514, Sum: 1026, Workers: 4
[1314.982s][debug][gc,phases      ] GC(55)   ObjectSynchronizer Weak        Min:  0.0, Avg:  0.0, Max:  0.0, Diff:  0.0, Sum:  0.0, Workers: 4
[1314.982s][debug][gc,phases      ] GC(55)     Dead                           Min: 0, Avg:  0.0, Max: 0, Diff: 0, Sum: 0, Workers: 4
[1314.982s][debug][gc,phases      ] GC(55)     Total                          Min: 0, Avg:  1.0, Max: 4, Diff: 4, Sum: 4, Workers: 4
[1314.982s][debug][gc,phases      ] GC(55)   JVMTI Tag Weak OopStorage      Min:  0.0, Avg:  0.0, Max:  0.0, Diff:  0.0, Sum:  0.0, Workers: 4
[1314.982s][debug][gc,phases      ] GC(55)     Dead                           Min: 0, Avg:  0.0, Max: 0, Diff: 0, Sum: 0, Workers: 4
[1314.982s][debug][gc,phases      ] GC(55)     Total                          Min: 0, Avg:  0.0, Max: 0, Diff: 0, Sum: 0, Workers: 4
[1314.982s][debug][gc,phases      ] GC(55)   StringTable Weak               Min:  0.0, Avg:  0.1, Max:  0.3, Diff:  0.3, Sum:  0.6, Workers: 4
[1314.982s][debug][gc,phases      ] GC(55)     Dead                           Min: 0, Avg:  0.0, Max: 0, Diff: 0, Sum: 0, Workers: 4
[1314.982s][debug][gc,phases      ] GC(55)     Total                          Min: 0, Avg: 12187.8, Max: 24895, Diff: 24895, Sum: 48751, Workers: 4
[1314.982s][debug][gc,phases      ] GC(55)   ResolvedMethodTable Weak       Min:  0.0, Avg:  0.0, Max:  0.1, Diff:  0.1, Sum:  0.1, Workers: 4
[1314.982s][debug][gc,phases      ] GC(55)     Dead                           Min: 0, Avg:  0.0, Max: 0, Diff: 0, Sum: 0, Workers: 4
[1314.982s][debug][gc,phases      ] GC(55)     Total                          Min: 0, Avg: 3399.2, Max: 6851, Diff: 6851, Sum: 13597, Workers: 4
[1314.982s][debug][gc,phases      ] GC(55)   JNI Weak                       Min:  0.0, Avg:  0.0, Max:  0.0, Diff:  0.0, Sum:  0.0, Workers: 4
[1314.982s][debug][gc,phases      ] GC(55)     Dead                           Min: 0, Avg:  0.0, Max: 0, Diff: 0, Sum: 0, Workers: 4
[1314.982s][debug][gc,phases      ] GC(55)     Total                          Min: 0, Avg: 12.0, Max: 48, Diff: 48, Sum: 48, Workers: 4
[1314.982s][debug][gc,phases      ] GC(55)   StringDedup Table Weak         Min:  0.0, Avg:  0.0, Max:  0.0, Diff:  0.0, Sum:  0.0, Workers: 4
[1314.982s][debug][gc,phases      ] GC(55)     Dead                           Min: 0, Avg:  0.0, Max: 0, Diff: 0, Sum: 0, Workers: 4
[1314.982s][debug][gc,phases      ] GC(55)     Total                          Min: 0, Avg:  0.0, Max: 0, Diff: 0, Sum: 0, Workers: 4
[1314.982s][debug][gc,phases      ] GC(55)   StringDedup Requests0 Weak     Min:  0.0, Avg:  0.0, Max:  0.0, Diff:  0.0, Sum:  0.0, Workers: 4
[1314.982s][debug][gc,phases      ] GC(55)     Dead                           Min: 0, Avg:  0.0, Max: 0, Diff: 0, Sum: 0, Workers: 4
[1314.983s][debug][gc,phases      ] GC(55)     Total                          Min: 0, Avg:  0.0, Max: 0, Diff: 0, Sum: 0, Workers: 4
[1314.983s][debug][gc,phases      ] GC(55)   StringDedup Requests1 Weak     Min:  0.0, Avg:  0.0, Max:  0.0, Diff:  0.0, Sum:  0.0, Workers: 4
[1314.983s][debug][gc,phases      ] GC(55)     Dead                           Min: 0, Avg:  0.0, Max: 0, Diff: 0, Sum: 0, Workers: 4
[1314.983s][debug][gc,phases      ] GC(55)     Total                          Min: 0, Avg:  0.0, Max: 0, Diff: 0, Sum: 0, Workers: 4
[1314.983s][debug][gc,phases      ] GC(55)   Weak JFR Old Object Samples    Min:  0.0, Avg:  0.0, Max:  0.0, Diff:  0.0, Sum:  0.0, Workers: 4
[1314.983s][debug][gc,phases      ] GC(55)     Dead                           Min: 0, Avg:  0.0, Max: 0, Diff: 0, Sum: 0, Workers: 4
[1314.983s][debug][gc,phases      ] GC(55)     Total                          Min: 0, Avg:  0.0, Max: 0, Diff: 0, Sum: 0, Workers: 4
[1314.983s][debug][gc,phases      ] GC(55) Weak Processing 0.649ms
[1314.983s][debug][gc,age         ] GC(55) Desired survivor size 58195968 bytes, new threshold 1 (max threshold 15)
[1314.983s][info ][gc,heap        ] GC(55) PSYoungGen: 1985744K(2036736K)->7344K(2032128K) Eden: 1971712K(1971712K)->0K(1971712K) From: 14032K(65024K)->7344K(60416K)
[1314.983s][info ][gc,heap        ] GC(55) ParOldGen: 739941K(740352K)->751157K(751616K)
[1314.983s][info ][gc,metaspace   ] GC(55) Metaspace: 97130K(98496K)->97130K(98496K) NonClass: 82919K(83712K)->82919K(83712K) Class: 14211K(14784K)->14211K(14784K)
[1314.983s][info ][gc             ] GC(55) Pause Young (Allocation Failure) 2661M->740M(2718M) 22.667ms
[1314.983s][info ][gc,cpu         ] GC(55) User=0.03s Sys=0.01s Real=0.02s
[1314.983s][info ][safepoint      ] Safepoint "ParallelGCFailedAllocation", Time since last: 86815443 ns, Reaching safepoint: 84406 ns, Cleanup: 4600 ns, At safepoint: 22772254 ns, Total: 22861260 ns
[1316.983s][info ][safepoint      ] Safepoint "Cleanup", Time since last: 2000149105 ns, Reaching safepoint: 9700 ns, Cleanup: 13401 ns, At safepoint: 2500 ns, Total: 25601 ns
[1317.983s][info ][safepoint      ] Safepoint "Cleanup", Time since last: 1000131357 ns, Reaching safepoint: 11700 ns, Cleanup: 14501 ns, At safepoint: 2800 ns, Total: 29001 ns
[1320.559s][info ][safepoint      ] Safepoint "Cleanup", Time since last: 2576240710 ns, Reaching safepoint: 81005 ns, Cleanup: 10800 ns, At safepoint: 8801 ns, Total: 100606 ns
[1326.560s][info ][safepoint      ] Safepoint "Cleanup", Time since last: 6000525295 ns, Reaching safepoint: 83805 ns, Cleanup: 15101 ns, At safepoint: 9901 ns, Total: 108807 ns
[1340.561s][info ][safepoint      ] Safepoint "Cleanup", Time since last: 14001097529 ns, Reaching safepoint: 79405 ns, Cleanup: 11000 ns, At safepoint: 6501 ns, Total: 96906 ns
[1342.562s][info ][safepoint      ] Safepoint "Cleanup", Time since last: 2000203051 ns, Reaching safepoint: 104606 ns, Cleanup: 12101 ns, At safepoint: 6401 ns, Total: 123108 ns
[1343.562s][info ][safepoint      ] Safepoint "Cleanup", Time since last: 1000327996 ns, Reaching safepoint: 85205 ns, Cleanup: 11001 ns, At safepoint: 7000 ns, Total: 103206 ns
[1350.563s][info ][safepoint      ] Safepoint "Cleanup", Time since last: 7000586692 ns, Reaching safepoint: 82406 ns, Cleanup: 11201 ns, At safepoint: 7000 ns, Total: 100607 ns
[1361.564s][info ][safepoint      ] Safepoint "Cleanup", Time since last: 11000954526 ns, Reaching safepoint: 92305 ns, Cleanup: 13901 ns, At safepoint: 7400 ns, Total: 113606 ns
[1365.564s][info ][safepoint      ] Safepoint "Cleanup", Time since last: 4000321484 ns, Reaching safepoint: 8101 ns, Cleanup: 11900 ns, At safepoint: 32102 ns, Total: 52103 ns
[1365.974s][info ][gc,start       ] GC(56) Pause Young (Allocation Failure)
[1365.982s][debug][gc,phases      ] GC(56) Scavenge 8.710ms
[1365.983s][debug][gc,ref         ] GC(56) ReferenceProcessor::execute queues: 1, RefProcThreadModel::Single, marks_oops_alive: false
[1365.983s][debug][gc,ref         ] GC(56) Skipped KeepAliveFinalRefsPhase of Reference Processing: no references
[1365.983s][debug][gc,ref         ] GC(56) Skipped PhantomRefsPhase of Reference Processing: no references
[1365.983s][debug][gc,phases      ] GC(56) Reference Processing 0.165ms
[1365.983s][debug][gc,phases      ] GC(56)   VM Weak                        Min:  0.0, Avg:  0.0, Max:  0.0, Diff:  0.0, Sum:  0.0, Workers: 4
[1365.983s][debug][gc,phases      ] GC(56)     Dead                           Min: 0, Avg:  0.0, Max: 0, Diff: 0, Sum: 0, Workers: 4
[1365.983s][debug][gc,phases      ] GC(56)     Total                          Min: 0, Avg: 256.5, Max: 898, Diff: 898, Sum: 1026, Workers: 4
[1365.983s][debug][gc,phases      ] GC(56)   ObjectSynchronizer Weak        Min:  0.0, Avg:  0.0, Max:  0.0, Diff:  0.0, Sum:  0.0, Workers: 4
[1365.983s][debug][gc,phases      ] GC(56)     Dead                           Min: 0, Avg:  0.0, Max: 0, Diff: 0, Sum: 0, Workers: 4
[1365.983s][debug][gc,phases      ] GC(56)     Total                          Min: 0, Avg:  0.8, Max: 3, Diff: 3, Sum: 3, Workers: 4
[1365.983s][debug][gc,phases      ] GC(56)   JVMTI Tag Weak OopStorage      Min:  0.0, Avg:  0.0, Max:  0.0, Diff:  0.0, Sum:  0.0, Workers: 4
[1365.983s][debug][gc,phases      ] GC(56)     Dead                           Min: 0, Avg:  0.0, Max: 0, Diff: 0, Sum: 0, Workers: 4
[1365.983s][debug][gc,phases      ] GC(56)     Total                          Min: 0, Avg:  0.0, Max: 0, Diff: 0, Sum: 0, Workers: 4
[1365.983s][debug][gc,phases      ] GC(56)   StringTable Weak               Min:  0.0, Avg:  0.1, Max:  0.2, Diff:  0.2, Sum:  0.4, Workers: 4
[1365.983s][debug][gc,phases      ] GC(56)     Dead                           Min: 0, Avg:  0.0, Max: 0, Diff: 0, Sum: 0, Workers: 4
[1365.983s][debug][gc,phases      ] GC(56)     Total                          Min: 0, Avg: 12189.0, Max: 26237, Diff: 26237, Sum: 48756, Workers: 4
[1365.983s][debug][gc,phases      ] GC(56)   ResolvedMethodTable Weak       Min:  0.0, Avg:  0.0, Max:  0.1, Diff:  0.1, Sum:  0.1, Workers: 4
[1365.983s][debug][gc,phases      ] GC(56)     Dead                           Min: 0, Avg:  0.0, Max: 0, Diff: 0, Sum: 0, Workers: 4
[1365.983s][debug][gc,phases      ] GC(56)     Total                          Min: 0, Avg: 3399.2, Max: 7464, Diff: 7464, Sum: 13597, Workers: 4
[1365.983s][debug][gc,phases      ] GC(56)   JNI Weak                       Min:  0.0, Avg:  0.0, Max:  0.0, Diff:  0.0, Sum:  0.0, Workers: 4
[1365.983s][debug][gc,phases      ] GC(56)     Dead                           Min: 0, Avg:  0.0, Max: 0, Diff: 0, Sum: 0, Workers: 4
[1365.983s][debug][gc,phases      ] GC(56)     Total                          Min: 0, Avg: 12.0, Max: 48, Diff: 48, Sum: 48, Workers: 4
[1365.983s][debug][gc,phases      ] GC(56)   StringDedup Table Weak         Min:  0.0, Avg:  0.0, Max:  0.0, Diff:  0.0, Sum:  0.0, Workers: 4
[1365.983s][debug][gc,phases      ] GC(56)     Dead                           Min: 0, Avg:  0.0, Max: 0, Diff: 0, Sum: 0, Workers: 4
[1365.983s][debug][gc,phases      ] GC(56)     Total                          Min: 0, Avg:  0.0, Max: 0, Diff: 0, Sum: 0, Workers: 4
[1365.983s][debug][gc,phases      ] GC(56)   StringDedup Requests0 Weak     Min:  0.0, Avg:  0.0, Max:  0.0, Diff:  0.0, Sum:  0.0, Workers: 4
[1365.983s][debug][gc,phases      ] GC(56)     Dead                           Min: 0, Avg:  0.0, Max: 0, Diff: 0, Sum: 0, Workers: 4
[1365.983s][debug][gc,phases      ] GC(56)     Total                          Min: 0, Avg:  0.0, Max: 0, Diff: 0, Sum: 0, Workers: 4
[1365.983s][debug][gc,phases      ] GC(56)   StringDedup Requests1 Weak     Min:  0.0, Avg:  0.0, Max:  0.0, Diff:  0.0, Sum:  0.0, Workers: 4
[1365.983s][debug][gc,phases      ] GC(56)     Dead                           Min: 0, Avg:  0.0, Max: 0, Diff: 0, Sum: 0, Workers: 4
[1365.983s][debug][gc,phases      ] GC(56)     Total                          Min: 0, Avg:  0.0, Max: 0, Diff: 0, Sum: 0, Workers: 4
[1365.983s][debug][gc,phases      ] GC(56)   Weak JFR Old Object Samples    Min:  0.0, Avg:  0.0, Max:  0.0, Diff:  0.0, Sum:  0.0, Workers: 4
[1365.983s][debug][gc,phases      ] GC(56)     Dead                           Min: 0, Avg:  0.0, Max: 0, Diff: 0, Sum: 0, Workers: 4
[1365.983s][debug][gc,phases      ] GC(56)     Total                          Min: 0, Avg:  0.0, Max: 0, Diff: 0, Sum: 0, Workers: 4
[1365.983s][debug][gc,phases      ] GC(56) Weak Processing 0.548ms
[1365.983s][debug][gc,age         ] GC(56) Desired survivor size 56098816 bytes, new threshold 1 (max threshold 15)
[1365.983s][info ][gc,heap        ] GC(56) PSYoungGen: 1979056K(2032128K)->1936K(2042368K) Eden: 1971712K(1971712K)->0K(1985536K) From: 7344K(60416K)->1936K(56832K)
[1365.983s][info ][gc,heap        ] GC(56) ParOldGen: 751157K(751616K)->757273K(757760K)
[1365.983s][info ][gc,metaspace   ] GC(56) Metaspace: 97135K(98496K)->97135K(98496K) NonClass: 82924K(83712K)->82924K(83712K) Class: 14211K(14784K)->14211K(14784K)
[1365.983s][info ][gc             ] GC(56) Pause Young (Allocation Failure) 2666M->741M(2734M) 9.574ms
[1365.983s][info ][gc,cpu         ] GC(56) User=0.02s Sys=0.01s Real=0.01s
[1365.983s][info ][safepoint      ] Safepoint "ParallelGCFailedAllocation", Time since last: 409554399 ns, Reaching safepoint: 11200 ns, Cleanup: 5001 ns, At safepoint: 9672169 ns, Total: 9688370 ns
[1381.985s][info ][safepoint      ] Safepoint "Cleanup", Time since last: 16001150398 ns, Reaching safepoint: 9001 ns, Cleanup: 12301 ns, At safepoint: 2900 ns, Total: 24202 ns
[1386.985s][info ][safepoint      ] Safepoint "Cleanup", Time since last: 5000440940 ns, Reaching safepoint: 11101 ns, Cleanup: 15201 ns, At safepoint: 3600 ns, Total: 29902 ns
[1389.985s][info ][safepoint      ] Safepoint "Cleanup", Time since last: 3000302709 ns, Reaching safepoint: 11700 ns, Cleanup: 12501 ns, At safepoint: 3200 ns, Total: 27401 ns
[1398.986s][info ][safepoint      ] Safepoint "Cleanup", Time since last: 9000830266 ns, Reaching safepoint: 9201 ns, Cleanup: 10800 ns, At safepoint: 2901 ns, Total: 22902 ns
[1399.986s][info ][safepoint      ] Safepoint "Cleanup", Time since last: 1000131199 ns, Reaching safepoint: 7701 ns, Cleanup: 10300 ns, At safepoint: 2601 ns, Total: 20602 ns
[1405.987s][info ][safepoint      ] Safepoint "Cleanup", Time since last: 6000477922 ns, Reaching safepoint: 10601 ns, Cleanup: 12801 ns, At safepoint: 2600 ns, Total: 26002 ns
[1406.987s][info ][safepoint      ] Safepoint "Cleanup", Time since last: 1000106901 ns, Reaching safepoint: 10201 ns, Cleanup: 11201 ns, At safepoint: 3000 ns, Total: 24402 ns
[1418.460s][info ][gc,start       ] GC(57) Pause Young (Allocation Failure)
[1418.463s][debug][gc,phases      ] GC(57) Scavenge 2.411ms
[1418.463s][debug][gc,ref         ] GC(57) ReferenceProcessor::execute queues: 1, RefProcThreadModel::Single, marks_oops_alive: false
[1418.463s][debug][gc,ref         ] GC(57) Skipped KeepAliveFinalRefsPhase of Reference Processing: no references
[1418.463s][debug][gc,ref         ] GC(57) Skipped PhantomRefsPhase of Reference Processing: no references
[1418.463s][debug][gc,phases      ] GC(57) Reference Processing 0.132ms
[1418.463s][debug][gc,phases      ] GC(57)   VM Weak                        Min:  0.0, Avg:  0.0, Max:  0.0, Diff:  0.0, Sum:  0.0, Workers: 4
[1418.463s][debug][gc,phases      ] GC(57)     Dead                           Min: 0, Avg:  0.0, Max: 0, Diff: 0, Sum: 0, Workers: 4
[1418.463s][debug][gc,phases      ] GC(57)     Total                          Min: 0, Avg: 256.5, Max: 770, Diff: 770, Sum: 1026, Workers: 4
[1418.463s][debug][gc,phases      ] GC(57)   ObjectSynchronizer Weak        Min:  0.0, Avg:  0.0, Max:  0.0, Diff:  0.0, Sum:  0.0, Workers: 4
[1418.463s][debug][gc,phases      ] GC(57)     Dead                           Min: 0, Avg:  0.0, Max: 0, Diff: 0, Sum: 0, Workers: 4
[1418.463s][debug][gc,phases      ] GC(57)     Total                          Min: 0, Avg:  0.8, Max: 3, Diff: 3, Sum: 3, Workers: 4
[1418.463s][debug][gc,phases      ] GC(57)   JVMTI Tag Weak OopStorage      Min:  0.0, Avg:  0.0, Max:  0.0, Diff:  0.0, Sum:  0.0, Workers: 4
[1418.463s][debug][gc,phases      ] GC(57)     Dead                           Min: 0, Avg:  0.0, Max: 0, Diff: 0, Sum: 0, Workers: 4
[1418.463s][debug][gc,phases      ] GC(57)     Total                          Min: 0, Avg:  0.0, Max: 0, Diff: 0, Sum: 0, Workers: 4
[1418.463s][debug][gc,phases      ] GC(57)   StringTable Weak               Min:  0.1, Avg:  0.1, Max:  0.1, Diff:  0.0, Sum:  0.5, Workers: 4
[1418.463s][debug][gc,phases      ] GC(57)     Dead                           Min: 0, Avg:  0.0, Max: 0, Diff: 0, Sum: 0, Workers: 4
[1418.463s][debug][gc,phases      ] GC(57)     Total                          Min: 10749, Avg: 12190.2, Max: 14016, Diff: 3267, Sum: 48761, Workers: 4
[1418.463s][debug][gc,phases      ] GC(57)   ResolvedMethodTable Weak       Min:  0.0, Avg:  0.0, Max:  0.0, Diff:  0.0, Sum:  0.1, Workers: 4
[1418.463s][debug][gc,phases      ] GC(57)     Dead                           Min: 0, Avg:  0.0, Max: 0, Diff: 0, Sum: 0, Workers: 4
[1418.463s][debug][gc,phases      ] GC(57)     Total                          Min: 3068, Avg: 3399.2, Max: 3739, Diff: 671, Sum: 13597, Workers: 4
[1418.463s][debug][gc,phases      ] GC(57)   JNI Weak                       Min:  0.0, Avg:  0.0, Max:  0.0, Diff:  0.0, Sum:  0.0, Workers: 4
[1418.463s][debug][gc,phases      ] GC(57)     Dead                           Min: 0, Avg:  0.0, Max: 0, Diff: 0, Sum: 0, Workers: 4
[1418.463s][debug][gc,phases      ] GC(57)     Total                          Min: 0, Avg: 12.0, Max: 48, Diff: 48, Sum: 48, Workers: 4
[1418.463s][debug][gc,phases      ] GC(57)   StringDedup Table Weak         Min:  0.0, Avg:  0.0, Max:  0.0, Diff:  0.0, Sum:  0.0, Workers: 4
[1418.463s][debug][gc,phases      ] GC(57)     Dead                           Min: 0, Avg:  0.0, Max: 0, Diff: 0, Sum: 0, Workers: 4
[1418.463s][debug][gc,phases      ] GC(57)     Total                          Min: 0, Avg:  0.0, Max: 0, Diff: 0, Sum: 0, Workers: 4
[1418.463s][debug][gc,phases      ] GC(57)   StringDedup Requests0 Weak     Min:  0.0, Avg:  0.0, Max:  0.0, Diff:  0.0, Sum:  0.0, Workers: 4
[1418.463s][debug][gc,phases      ] GC(57)     Dead                           Min: 0, Avg:  0.0, Max: 0, Diff: 0, Sum: 0, Workers: 4
[1418.463s][debug][gc,phases      ] GC(57)     Total                          Min: 0, Avg:  0.0, Max: 0, Diff: 0, Sum: 0, Workers: 4
[1418.463s][debug][gc,phases      ] GC(57)   StringDedup Requests1 Weak     Min:  0.0, Avg:  0.0, Max:  0.0, Diff:  0.0, Sum:  0.0, Workers: 4
[1418.463s][debug][gc,phases      ] GC(57)     Dead                           Min: 0, Avg:  0.0, Max: 0, Diff: 0, Sum: 0, Workers: 4
[1418.463s][debug][gc,phases      ] GC(57)     Total                          Min: 0, Avg:  0.0, Max: 0, Diff: 0, Sum: 0, Workers: 4
[1418.463s][debug][gc,phases      ] GC(57)   Weak JFR Old Object Samples    Min:  0.0, Avg:  0.0, Max:  0.0, Diff:  0.0, Sum:  0.0, Workers: 4
[1418.463s][debug][gc,phases      ] GC(57)     Dead                           Min: 0, Avg:  0.0, Max: 0, Diff: 0, Sum: 0, Workers: 4
[1418.463s][debug][gc,phases      ] GC(57)     Total                          Min: 0, Avg:  0.0, Max: 0, Diff: 0, Sum: 0, Workers: 4
[1418.463s][debug][gc,phases      ] GC(57) Weak Processing 0.425ms
[1418.464s][debug][gc,age         ] GC(57) Desired survivor size 53477376 bytes, new threshold 1 (max threshold 15)
[1418.464s][info ][gc,heap        ] GC(57) PSYoungGen: 1987472K(2042368K)->1680K(2040320K) Eden: 1985536K(1985536K)->0K(1985536K) From: 1936K(56832K)->1680K(54784K)
[1418.464s][info ][gc,heap        ] GC(57) ParOldGen: 757273K(757760K)->757673K(757760K)
[1418.464s][info ][gc,metaspace   ] GC(57) Metaspace: 97146K(98496K)->97146K(98496K) NonClass: 82934K(83712K)->82934K(83712K) Class: 14212K(14784K)->14212K(14784K)
[1418.464s][info ][gc             ] GC(57) Pause Young (Allocation Failure) 2680M->741M(2732M) 3.128ms
[1418.464s][info ][gc,cpu         ] GC(57) User=0.01s Sys=0.00s Real=0.00s
[1418.464s][info ][safepoint      ] Safepoint "ParallelGCFailedAllocation", Time since last: 11473411746 ns, Reaching safepoint: 8901 ns, Cleanup: 5200 ns, At safepoint: 3214382 ns, Total: 3228483 ns
[1423.464s][info ][safepoint      ] Safepoint "Cleanup", Time since last: 5000458213 ns, Reaching safepoint: 88506 ns, Cleanup: 15001 ns, At safepoint: 10600 ns, Total: 114107 ns
[1425.464s][info ][safepoint      ] Safepoint "Cleanup", Time since last: 2000230543 ns, Reaching safepoint: 9400 ns, Cleanup: 12201 ns, At safepoint: 2900 ns, Total: 24501 ns
[1426.465s][info ][safepoint      ] Safepoint "Cleanup", Time since last: 1000142109 ns, Reaching safepoint: 109507 ns, Cleanup: 14601 ns, At safepoint: 18001 ns, Total: 142109 ns
[1435.466s][info ][safepoint      ] Safepoint "Cleanup", Time since last: 9000710539 ns, Reaching safepoint: 83805 ns, Cleanup: 17001 ns, At safepoint: 8700 ns, Total: 109506 ns
[1440.466s][info ][safepoint      ] Safepoint "Cleanup", Time since last: 5000417479 ns, Reaching safepoint: 86605 ns, Cleanup: 11701 ns, At safepoint: 9001 ns, Total: 107307 ns
[1441.466s][info ][safepoint      ] Safepoint "Cleanup", Time since last: 1000120940 ns, Reaching safepoint: 7400 ns, Cleanup: 15101 ns, At safepoint: 2300 ns, Total: 24801 ns
[1448.467s][info ][safepoint      ] Safepoint "Cleanup", Time since last: 7000532008 ns, Reaching safepoint: 12201 ns, Cleanup: 13101 ns, At safepoint: 2800 ns, Total: 28102 ns
[1451.467s][info ][safepoint      ] Safepoint "Cleanup", Time since last: 3000288791 ns, Reaching safepoint: 10701 ns, Cleanup: 13201 ns, At safepoint: 3000 ns, Total: 26902 ns
[1471.310s][info ][gc,start       ] GC(58) Pause Young (Allocation Failure)
[1471.313s][debug][gc,phases      ] GC(58) Scavenge 3.322ms
[1471.314s][debug][gc,ref         ] GC(58) ReferenceProcessor::execute queues: 1, RefProcThreadModel::Single, marks_oops_alive: false
[1471.314s][debug][gc,ref         ] GC(58) Skipped KeepAliveFinalRefsPhase of Reference Processing: no references
[1471.314s][debug][gc,ref         ] GC(58) Skipped PhantomRefsPhase of Reference Processing: no references
[1471.314s][debug][gc,phases      ] GC(58) Reference Processing 0.121ms
[1471.314s][debug][gc,phases      ] GC(58)   VM Weak                        Min:  0.0, Avg:  0.0, Max:  0.0, Diff:  0.0, Sum:  0.0, Workers: 4
[1471.314s][debug][gc,phases      ] GC(58)     Dead                           Min: 0, Avg:  0.0, Max: 0, Diff: 0, Sum: 0, Workers: 4
[1471.314s][debug][gc,phases      ] GC(58)     Total                          Min: 0, Avg: 256.5, Max: 578, Diff: 578, Sum: 1026, Workers: 4
[1471.314s][debug][gc,phases      ] GC(58)   ObjectSynchronizer Weak        Min:  0.0, Avg:  0.0, Max:  0.0, Diff:  0.0, Sum:  0.0, Workers: 4
[1471.314s][debug][gc,phases      ] GC(58)     Dead                           Min: 0, Avg:  0.0, Max: 0, Diff: 0, Sum: 0, Workers: 4
[1471.314s][debug][gc,phases      ] GC(58)     Total                          Min: 0, Avg:  0.8, Max: 3, Diff: 3, Sum: 3, Workers: 4
[1471.314s][debug][gc,phases      ] GC(58)   JVMTI Tag Weak OopStorage      Min:  0.0, Avg:  0.0, Max:  0.0, Diff:  0.0, Sum:  0.0, Workers: 4
[1471.314s][debug][gc,phases      ] GC(58)     Dead                           Min: 0, Avg:  0.0, Max: 0, Diff: 0, Sum: 0, Workers: 4
[1471.314s][debug][gc,phases      ] GC(58)     Total                          Min: 0, Avg:  0.0, Max: 0, Diff: 0, Sum: 0, Workers: 4
[1471.314s][debug][gc,phases      ] GC(58)   StringTable Weak               Min:  0.1, Avg:  0.1, Max:  0.1, Diff:  0.0, Sum:  0.5, Workers: 4
[1471.314s][debug][gc,phases      ] GC(58)     Dead                           Min: 0, Avg:  0.0, Max: 0, Diff: 0, Sum: 0, Workers: 4
[1471.314s][debug][gc,phases      ] GC(58)     Total                          Min: 11582, Avg: 12190.8, Max: 13246, Diff: 1664, Sum: 48763, Workers: 4
[1471.314s][debug][gc,phases      ] GC(58)   ResolvedMethodTable Weak       Min:  0.0, Avg:  0.0, Max:  0.1, Diff:  0.0, Sum:  0.2, Workers: 4
[1471.314s][debug][gc,phases      ] GC(58)     Dead                           Min: 0, Avg:  0.0, Max: 0, Diff: 0, Sum: 0, Workers: 4
[1471.314s][debug][gc,phases      ] GC(58)     Total                          Min: 3036, Avg: 3399.2, Max: 3558, Diff: 522, Sum: 13597, Workers: 4
[1471.314s][debug][gc,phases      ] GC(58)   JNI Weak                       Min:  0.0, Avg:  0.0, Max:  0.0, Diff:  0.0, Sum:  0.0, Workers: 4
[1471.314s][debug][gc,phases      ] GC(58)     Dead                           Min: 0, Avg:  0.0, Max: 0, Diff: 0, Sum: 0, Workers: 4
[1471.314s][debug][gc,phases      ] GC(58)     Total                          Min: 0, Avg: 12.0, Max: 48, Diff: 48, Sum: 48, Workers: 4
[1471.314s][debug][gc,phases      ] GC(58)   StringDedup Table Weak         Min:  0.0, Avg:  0.0, Max:  0.0, Diff:  0.0, Sum:  0.0, Workers: 4
[1471.314s][debug][gc,phases      ] GC(58)     Dead                           Min: 0, Avg:  0.0, Max: 0, Diff: 0, Sum: 0, Workers: 4
[1471.314s][debug][gc,phases      ] GC(58)     Total                          Min: 0, Avg:  0.0, Max: 0, Diff: 0, Sum: 0, Workers: 4
[1471.314s][debug][gc,phases      ] GC(58)   StringDedup Requests0 Weak     Min:  0.0, Avg:  0.0, Max:  0.0, Diff:  0.0, Sum:  0.0, Workers: 4
[1471.314s][debug][gc,phases      ] GC(58)     Dead                           Min: 0, Avg:  0.0, Max: 0, Diff: 0, Sum: 0, Workers: 4
[1471.314s][debug][gc,phases      ] GC(58)     Total                          Min: 0, Avg:  0.0, Max: 0, Diff: 0, Sum: 0, Workers: 4
[1471.314s][debug][gc,phases      ] GC(58)   StringDedup Requests1 Weak     Min:  0.0, Avg:  0.0, Max:  0.0, Diff:  0.0, Sum:  0.0, Workers: 4
[1471.314s][debug][gc,phases      ] GC(58)     Dead                           Min: 0, Avg:  0.0, Max: 0, Diff: 0, Sum: 0, Workers: 4
[1471.314s][debug][gc,phases      ] GC(58)     Total                          Min: 0, Avg:  0.0, Max: 0, Diff: 0, Sum: 0, Workers: 4
[1471.314s][debug][gc,phases      ] GC(58)   Weak JFR Old Object Samples    Min:  0.0, Avg:  0.0, Max:  0.0, Diff:  0.0, Sum:  0.0, Workers: 4
[1471.314s][debug][gc,phases      ] GC(58)     Dead                           Min: 0, Avg:  0.0, Max: 0, Diff: 0, Sum: 0, Workers: 4
[1471.314s][debug][gc,phases      ] GC(58)     Total                          Min: 0, Avg:  0.0, Max: 0, Diff: 0, Sum: 0, Workers: 4
[1471.314s][debug][gc,phases      ] GC(58) Weak Processing 0.431ms
[1471.314s][debug][gc,age         ] GC(58) Desired survivor size 51380224 bytes, new threshold 1 (max threshold 15)
[1471.314s][info ][gc,heap        ] GC(58) PSYoungGen: 1987216K(2040320K)->1744K(2046976K) Eden: 1985536K(1985536K)->0K(1994752K) From: 1680K(54784K)->1744K(52224K)
[1471.314s][info ][gc,heap        ] GC(58) ParOldGen: 757673K(757760K)->757921K(758272K)
[1471.314s][info ][gc,metaspace   ] GC(58) Metaspace: 97167K(98496K)->97167K(98496K) NonClass: 82955K(83712K)->82955K(83712K) Class: 14212K(14784K)->14212K(14784K)
[1471.314s][info ][gc             ] GC(58) Pause Young (Allocation Failure) 2680M->741M(2739M) 4.039ms
[1471.314s][info ][gc,cpu         ] GC(58) User=0.01s Sys=0.00s Real=0.00s
[1471.314s][info ][safepoint      ] Safepoint "ParallelGCFailedAllocation", Time since last: 19842866503 ns, Reaching safepoint: 7800 ns, Cleanup: 6001 ns, At safepoint: 4121151 ns, Total: 4134952 ns
[1474.314s][info ][safepoint      ] Safepoint "Cleanup", Time since last: 3000269590 ns, Reaching safepoint: 7600 ns, Cleanup: 12401 ns, At safepoint: 2700 ns, Total: 22701 ns
[1486.315s][info ][safepoint      ] Safepoint "Cleanup", Time since last: 12000988443 ns, Reaching safepoint: 7800 ns, Cleanup: 11301 ns, At safepoint: 2900 ns, Total: 22001 ns
[1498.316s][info ][safepoint      ] Safepoint "Cleanup", Time since last: 12000939869 ns, Reaching safepoint: 7901 ns, Cleanup: 15000 ns, At safepoint: 3201 ns, Total: 26102 ns
[1500.317s][info ][safepoint      ] Safepoint "Cleanup", Time since last: 2000200569 ns, Reaching safepoint: 83905 ns, Cleanup: 13601 ns, At safepoint: 7000 ns, Total: 104506 ns
[1501.620s][info ][safepoint      ] Safepoint "Cleanup", Time since last: 1303267377 ns, Reaching safepoint: 9701 ns, Cleanup: 15401 ns, At safepoint: 2900 ns, Total: 28002 ns
[1502.620s][info ][safepoint      ] Safepoint "Cleanup", Time since last: 1000087984 ns, Reaching safepoint: 7900 ns, Cleanup: 11201 ns, At safepoint: 2700 ns, Total: 21801 ns
[1503.620s][info ][safepoint      ] Safepoint "Cleanup", Time since last: 1000118473 ns, Reaching safepoint: 8200 ns, Cleanup: 43703 ns, At safepoint: 3100 ns, Total: 55003 ns
[1504.620s][info ][safepoint      ] Safepoint "Cleanup", Time since last: 1000170059 ns, Reaching safepoint: 7201 ns, Cleanup: 10200 ns, At safepoint: 3001 ns, Total: 20402 ns
[1505.621s][info ][safepoint      ] Safepoint "Cleanup", Time since last: 1000121510 ns, Reaching safepoint: 10501 ns, Cleanup: 9300 ns, At safepoint: 3000 ns, Total: 22801 ns
[1506.621s][info ][safepoint      ] Safepoint "Cleanup", Time since last: 1000125411 ns, Reaching safepoint: 10401 ns, Cleanup: 13300 ns, At safepoint: 2901 ns, Total: 26602 ns
[1507.621s][info ][safepoint      ] Safepoint "Cleanup", Time since last: 1000128210 ns, Reaching safepoint: 9501 ns, Cleanup: 28002 ns, At safepoint: 7000 ns, Total: 44503 ns
[1508.621s][info ][safepoint      ] Safepoint "Cleanup", Time since last: 1000118710 ns, Reaching safepoint: 7301 ns, Cleanup: 15001 ns, At safepoint: 2300 ns, Total: 24602 ns
[1510.621s][info ][safepoint      ] Safepoint "Cleanup", Time since last: 2000153315 ns, Reaching safepoint: 11301 ns, Cleanup: 12001 ns, At safepoint: 3300 ns, Total: 26602 ns
[1511.621s][info ][safepoint      ] Safepoint "Cleanup", Time since last: 1000126111 ns, Reaching safepoint: 7200 ns, Cleanup: 12801 ns, At safepoint: 3000 ns, Total: 23001 ns
[1512.621s][info ][safepoint      ] Safepoint "Cleanup", Time since last: 1000104904 ns, Reaching safepoint: 9900 ns, Cleanup: 13201 ns, At safepoint: 2800 ns, Total: 25901 ns
[1515.622s][info ][safepoint      ] Safepoint "Cleanup", Time since last: 3000316133 ns, Reaching safepoint: 11101 ns, Cleanup: 20201 ns, At safepoint: 3200 ns, Total: 34502 ns
[1517.622s][info ][safepoint      ] Safepoint "Cleanup", Time since last: 2000205088 ns, Reaching safepoint: 7801 ns, Cleanup: 10301 ns, At safepoint: 2800 ns, Total: 20902 ns
[1520.016s][info ][gc,start       ] GC(59) Pause Young (Allocation Failure)
[1520.023s][debug][gc,phases      ] GC(59) Scavenge 7.115ms
[1520.023s][debug][gc,ref         ] GC(59) ReferenceProcessor::execute queues: 1, RefProcThreadModel::Single, marks_oops_alive: false
[1520.023s][debug][gc,ref         ] GC(59) Skipped KeepAliveFinalRefsPhase of Reference Processing: no references
[1520.023s][debug][gc,ref         ] GC(59) ReferenceProcessor::execute queues: 1, RefProcThreadModel::Single, marks_oops_alive: false
[1520.023s][debug][gc,phases      ] GC(59) Reference Processing 0.126ms
[1520.024s][debug][gc,phases      ] GC(59)   VM Weak                        Min:  0.0, Avg:  0.0, Max:  0.0, Diff:  0.0, Sum:  0.0, Workers: 4
[1520.024s][debug][gc,phases      ] GC(59)     Dead                           Min: 0, Avg:  0.0, Max: 0, Diff: 0, Sum: 0, Workers: 4
[1520.024s][debug][gc,phases      ] GC(59)     Total                          Min: 0, Avg: 256.5, Max: 704, Diff: 704, Sum: 1026, Workers: 4
[1520.024s][debug][gc,phases      ] GC(59)   ObjectSynchronizer Weak        Min:  0.0, Avg:  0.0, Max:  0.0, Diff:  0.0, Sum:  0.0, Workers: 4
[1520.024s][debug][gc,phases      ] GC(59)     Dead                           Min: 0, Avg:  0.0, Max: 0, Diff: 0, Sum: 0, Workers: 4
[1520.024s][debug][gc,phases      ] GC(59)     Total                          Min: 0, Avg:  1.0, Max: 4, Diff: 4, Sum: 4, Workers: 4
[1520.024s][debug][gc,phases      ] GC(59)   JVMTI Tag Weak OopStorage      Min:  0.0, Avg:  0.0, Max:  0.0, Diff:  0.0, Sum:  0.0, Workers: 4
[1520.024s][debug][gc,phases      ] GC(59)     Dead                           Min: 0, Avg:  0.0, Max: 0, Diff: 0, Sum: 0, Workers: 4
[1520.024s][debug][gc,phases      ] GC(59)     Total                          Min: 0, Avg:  0.0, Max: 0, Diff: 0, Sum: 0, Workers: 4
[1520.024s][debug][gc,phases      ] GC(59)   StringTable Weak               Min:  0.0, Avg:  0.1, Max:  0.2, Diff:  0.2, Sum:  0.5, Workers: 4
[1520.024s][debug][gc,phases      ] GC(59)     Dead                           Min: 0, Avg:  0.0, Max: 0, Diff: 0, Sum: 0, Workers: 4
[1520.024s][debug][gc,phases      ] GC(59)     Total                          Min: 0, Avg: 12194.5, Max: 25674, Diff: 25674, Sum: 48778, Workers: 4
[1520.024s][debug][gc,phases      ] GC(59)   ResolvedMethodTable Weak       Min:  0.0, Avg:  0.0, Max:  0.1, Diff:  0.1, Sum:  0.2, Workers: 4
[1520.024s][debug][gc,phases      ] GC(59)     Dead                           Min: 0, Avg:  0.0, Max: 0, Diff: 0, Sum: 0, Workers: 4
[1520.024s][debug][gc,phases      ] GC(59)     Total                          Min: 0, Avg: 3399.8, Max: 6856, Diff: 6856, Sum: 13599, Workers: 4
[1520.024s][debug][gc,phases      ] GC(59)   JNI Weak                       Min:  0.0, Avg:  0.0, Max:  0.0, Diff:  0.0, Sum:  0.0, Workers: 4
[1520.024s][debug][gc,phases      ] GC(59)     Dead                           Min: 0, Avg:  0.0, Max: 0, Diff: 0, Sum: 0, Workers: 4
[1520.024s][debug][gc,phases      ] GC(59)     Total                          Min: 0, Avg: 12.0, Max: 48, Diff: 48, Sum: 48, Workers: 4
[1520.024s][debug][gc,phases      ] GC(59)   StringDedup Table Weak         Min:  0.0, Avg:  0.0, Max:  0.0, Diff:  0.0, Sum:  0.0, Workers: 4
[1520.024s][debug][gc,phases      ] GC(59)     Dead                           Min: 0, Avg:  0.0, Max: 0, Diff: 0, Sum: 0, Workers: 4
[1520.024s][debug][gc,phases      ] GC(59)     Total                          Min: 0, Avg:  0.0, Max: 0, Diff: 0, Sum: 0, Workers: 4
[1520.024s][debug][gc,phases      ] GC(59)   StringDedup Requests0 Weak     Min:  0.0, Avg:  0.0, Max:  0.0, Diff:  0.0, Sum:  0.0, Workers: 4
[1520.024s][debug][gc,phases      ] GC(59)     Dead                           Min: 0, Avg:  0.0, Max: 0, Diff: 0, Sum: 0, Workers: 4
[1520.024s][debug][gc,phases      ] GC(59)     Total                          Min: 0, Avg:  0.0, Max: 0, Diff: 0, Sum: 0, Workers: 4
[1520.024s][debug][gc,phases      ] GC(59)   StringDedup Requests1 Weak     Min:  0.0, Avg:  0.0, Max:  0.0, Diff:  0.0, Sum:  0.0, Workers: 4
[1520.024s][debug][gc,phases      ] GC(59)     Dead                           Min: 0, Avg:  0.0, Max: 0, Diff: 0, Sum: 0, Workers: 4
[1520.024s][debug][gc,phases      ] GC(59)     Total                          Min: 0, Avg:  0.0, Max: 0, Diff: 0, Sum: 0, Workers: 4
[1520.024s][debug][gc,phases      ] GC(59)   Weak JFR Old Object Samples    Min:  0.0, Avg:  0.0, Max:  0.0, Diff:  0.0, Sum:  0.0, Workers: 4
[1520.024s][debug][gc,phases      ] GC(59)     Dead                           Min: 0, Avg:  0.0, Max: 0, Diff: 0, Sum: 0, Workers: 4
[1520.024s][debug][gc,phases      ] GC(59)     Total                          Min: 0, Avg:  0.0, Max: 0, Diff: 0, Sum: 0, Workers: 4
[1520.024s][debug][gc,phases      ] GC(59) Weak Processing 0.578ms
[1520.024s][debug][gc,age         ] GC(59) Desired survivor size 48234496 bytes, new threshold 1 (max threshold 15)
[1520.024s][info ][gc,heap        ] GC(59) PSYoungGen: 1996496K(2046976K)->3824K(2044928K) Eden: 1994752K(1994752K)->0K(1994752K) From: 1744K(52224K)->3824K(50176K)
[1520.024s][info ][gc,heap        ] GC(59) ParOldGen: 757921K(758272K)->758125K(758272K)
[1520.024s][info ][gc,metaspace   ] GC(59) Metaspace: 97206K(98560K)->97206K(98560K) NonClass: 82993K(83776K)->82993K(83776K) Class: 14213K(14784K)->14213K(14784K)
[1520.024s][info ][gc             ] GC(59) Pause Young (Allocation Failure) 2689M->744M(2737M) 7.986ms
[1520.024s][info ][gc,cpu         ] GC(59) User=0.02s Sys=0.00s Real=0.01s
[1520.024s][info ][safepoint      ] Safepoint "ParallelGCFailedAllocation", Time since last: 2393921678 ns, Reaching safepoint: 7200 ns, Cleanup: 3601 ns, At safepoint: 8077369 ns, Total: 8088170 ns
[1531.025s][info ][safepoint      ] Safepoint "Cleanup", Time since last: 11001037148 ns, Reaching safepoint: 8100 ns, Cleanup: 10601 ns, At safepoint: 2300 ns, Total: 21001 ns
[1533.025s][info ][safepoint      ] Safepoint "Cleanup", Time since last: 2000201476 ns, Reaching safepoint: 8601 ns, Cleanup: 15201 ns, At safepoint: 2600 ns, Total: 26402 ns
[1541.026s][info ][safepoint      ] Safepoint "Cleanup", Time since last: 8000680491 ns, Reaching safepoint: 7501 ns, Cleanup: 9300 ns, At safepoint: 2300 ns, Total: 19101 ns
[1545.026s][info ][safepoint      ] Safepoint "Cleanup", Time since last: 4000308507 ns, Reaching safepoint: 7000 ns, Cleanup: 14101 ns, At safepoint: 2600 ns, Total: 23701 ns
[1546.027s][info ][safepoint      ] Safepoint "Cleanup", Time since last: 1000115732 ns, Reaching safepoint: 12300 ns, Cleanup: 33502 ns, At safepoint: 2801 ns, Total: 48603 ns
[1547.027s][info ][safepoint      ] Safepoint "Cleanup", Time since last: 1000141833 ns, Reaching safepoint: 15501 ns, Cleanup: 23401 ns, At safepoint: 8100 ns, Total: 47002 ns
[1548.027s][info ][safepoint      ] Safepoint "Cleanup", Time since last: 1000125733 ns, Reaching safepoint: 11500 ns, Cleanup: 14301 ns, At safepoint: 3100 ns, Total: 28901 ns
[1550.027s][info ][safepoint      ] Safepoint "Cleanup", Time since last: 2000189361 ns, Reaching safepoint: 10200 ns, Cleanup: 12901 ns, At safepoint: 2700 ns, Total: 25801 ns
[1556.028s][info ][safepoint      ] Safepoint "Cleanup", Time since last: 6000498325 ns, Reaching safepoint: 10301 ns, Cleanup: 15301 ns, At safepoint: 36502 ns, Total: 62104 ns
[1558.028s][info ][safepoint      ] Safepoint "Cleanup", Time since last: 2000191561 ns, Reaching safepoint: 9700 ns, Cleanup: 11101 ns, At safepoint: 3000 ns, Total: 23801 ns
[1560.032s][info ][safepoint      ] Safepoint "Cleanup", Time since last: 2004407509 ns, Reaching safepoint: 12100 ns, Cleanup: 16501 ns, At safepoint: 3100 ns, Total: 31701 ns
[1564.645s][info ][safepoint      ] Safepoint "Cleanup", Time since last: 4613048432 ns, Reaching safepoint: 13101 ns, Cleanup: 16601 ns, At safepoint: 3600 ns, Total: 33302 ns
[1565.646s][info ][safepoint      ] Safepoint "Cleanup", Time since last: 1000096852 ns, Reaching safepoint: 11601 ns, Cleanup: 15201 ns, At safepoint: 2400 ns, Total: 29202 ns
[1567.646s][info ][safepoint      ] Safepoint "Cleanup", Time since last: 2000195403 ns, Reaching safepoint: 9801 ns, Cleanup: 14300 ns, At safepoint: 2801 ns, Total: 26902 ns
[1569.971s][info ][gc,start       ] GC(60) Pause Young (Allocation Failure)
[1569.984s][debug][gc,phases      ] GC(60) Scavenge 12.974ms
[1569.984s][debug][gc,ref         ] GC(60) ReferenceProcessor::execute queues: 1, RefProcThreadModel::Single, marks_oops_alive: false
[1569.984s][debug][gc,ref         ] GC(60) Skipped KeepAliveFinalRefsPhase of Reference Processing: no references
[1569.984s][debug][gc,ref         ] GC(60) Skipped PhantomRefsPhase of Reference Processing: no references
[1569.984s][debug][gc,phases      ] GC(60) Reference Processing 0.168ms
[1569.985s][debug][gc,phases      ] GC(60)   VM Weak                        Min:  0.0, Avg:  0.0, Max:  0.0, Diff:  0.0, Sum:  0.0, Workers: 4
[1569.985s][debug][gc,phases      ] GC(60)     Dead                           Min: 0, Avg:  0.0, Max: 0, Diff: 0, Sum: 0, Workers: 4
[1569.985s][debug][gc,phases      ] GC(60)     Total                          Min: 0, Avg: 256.5, Max: 832, Diff: 832, Sum: 1026, Workers: 4
[1569.985s][debug][gc,phases      ] GC(60)   ObjectSynchronizer Weak        Min:  0.0, Avg:  0.0, Max:  0.0, Diff:  0.0, Sum:  0.0, Workers: 4
[1569.985s][debug][gc,phases      ] GC(60)     Dead                           Min: 0, Avg:  0.0, Max: 0, Diff: 0, Sum: 0, Workers: 4
[1569.985s][debug][gc,phases      ] GC(60)     Total                          Min: 0, Avg:  1.0, Max: 4, Diff: 4, Sum: 4, Workers: 4
[1569.985s][debug][gc,phases      ] GC(60)   JVMTI Tag Weak OopStorage      Min:  0.0, Avg:  0.0, Max:  0.0, Diff:  0.0, Sum:  0.0, Workers: 4
[1569.985s][debug][gc,phases      ] GC(60)     Dead                           Min: 0, Avg:  0.0, Max: 0, Diff: 0, Sum: 0, Workers: 4
[1569.985s][debug][gc,phases      ] GC(60)     Total                          Min: 0, Avg:  0.0, Max: 0, Diff: 0, Sum: 0, Workers: 4
[1569.985s][debug][gc,phases      ] GC(60)   StringTable Weak               Min:  0.0, Avg:  0.1, Max:  0.2, Diff:  0.2, Sum:  0.5, Workers: 4
[1569.985s][debug][gc,phases      ] GC(60)     Dead                           Min: 0, Avg:  0.0, Max: 0, Diff: 0, Sum: 0, Workers: 4
[1569.985s][debug][gc,phases      ] GC(60)     Total                          Min: 0, Avg: 12194.5, Max: 16640, Diff: 16640, Sum: 48778, Workers: 4
[1569.985s][debug][gc,phases      ] GC(60)   ResolvedMethodTable Weak       Min:  0.0, Avg:  0.0, Max:  0.1, Diff:  0.1, Sum:  0.2, Workers: 4
[1569.985s][debug][gc,phases      ] GC(60)     Dead                           Min: 0, Avg:  0.0, Max: 0, Diff: 0, Sum: 0, Workers: 4
[1569.985s][debug][gc,phases      ] GC(60)     Total                          Min: 0, Avg: 3399.8, Max: 4675, Diff: 4675, Sum: 13599, Workers: 4
[1569.985s][debug][gc,phases      ] GC(60)   JNI Weak                       Min:  0.0, Avg:  0.0, Max:  0.0, Diff:  0.0, Sum:  0.0, Workers: 4
[1569.985s][debug][gc,phases      ] GC(60)     Dead                           Min: 0, Avg:  0.0, Max: 0, Diff: 0, Sum: 0, Workers: 4
[1569.985s][debug][gc,phases      ] GC(60)     Total                          Min: 0, Avg: 12.0, Max: 48, Diff: 48, Sum: 48, Workers: 4
[1569.985s][debug][gc,phases      ] GC(60)   StringDedup Table Weak         Min:  0.0, Avg:  0.0, Max:  0.0, Diff:  0.0, Sum:  0.0, Workers: 4
[1569.985s][debug][gc,phases      ] GC(60)     Dead                           Min: 0, Avg:  0.0, Max: 0, Diff: 0, Sum: 0, Workers: 4
[1569.985s][debug][gc,phases      ] GC(60)     Total                          Min: 0, Avg:  0.0, Max: 0, Diff: 0, Sum: 0, Workers: 4
[1569.985s][debug][gc,phases      ] GC(60)   StringDedup Requests0 Weak     Min:  0.0, Avg:  0.0, Max:  0.0, Diff:  0.0, Sum:  0.0, Workers: 4
[1569.985s][debug][gc,phases      ] GC(60)     Dead                           Min: 0, Avg:  0.0, Max: 0, Diff: 0, Sum: 0, Workers: 4
[1569.985s][debug][gc,phases      ] GC(60)     Total                          Min: 0, Avg:  0.0, Max: 0, Diff: 0, Sum: 0, Workers: 4
[1569.985s][debug][gc,phases      ] GC(60)   StringDedup Requests1 Weak     Min:  0.0, Avg:  0.0, Max:  0.0, Diff:  0.0, Sum:  0.0, Workers: 4
[1569.985s][debug][gc,phases      ] GC(60)     Dead                           Min: 0, Avg:  0.0, Max: 0, Diff: 0, Sum: 0, Workers: 4
[1569.985s][debug][gc,phases      ] GC(60)     Total                          Min: 0, Avg:  0.0, Max: 0, Diff: 0, Sum: 0, Workers: 4
[1569.985s][debug][gc,phases      ] GC(60)   Weak JFR Old Object Samples    Min:  0.0, Avg:  0.0, Max:  0.0, Diff:  0.0, Sum:  0.0, Workers: 4
[1569.985s][debug][gc,phases      ] GC(60)     Dead                           Min: 0, Avg:  0.0, Max: 0, Diff: 0, Sum: 0, Workers: 4
[1569.985s][debug][gc,phases      ] GC(60)     Total                          Min: 0, Avg:  0.0, Max: 0, Diff: 0, Sum: 0, Workers: 4
[1569.985s][debug][gc,phases      ] GC(60) Weak Processing 0.568ms
[1569.985s][debug][gc,age         ] GC(60) Desired survivor size 46137344 bytes, new threshold 1 (max threshold 15)
[1569.985s][info ][gc,heap        ] GC(60) PSYoungGen: 1998576K(2044928K)->2512K(2052096K) Eden: 1994752K(1994752K)->0K(2004992K) From: 3824K(50176K)->2512K(47104K)
[1569.985s][info ][gc,heap        ] GC(60) ParOldGen: 758125K(758272K)->760026K(760320K)
[1569.985s][info ][gc,metaspace   ] GC(60) Metaspace: 97214K(98560K)->97214K(98560K) NonClass: 83000K(83776K)->83000K(83776K) Class: 14213K(14784K)->14213K(14784K)
[1569.985s][info ][gc             ] GC(60) Pause Young (Allocation Failure) 2692M->744M(2746M) 13.874ms
[1569.985s][info ][gc,cpu         ] GC(60) User=0.02s Sys=0.01s Real=0.02s
[1569.985s][info ][safepoint      ] Safepoint "ParallelGCFailedAllocation", Time since last: 2325354467 ns, Reaching safepoint: 10101 ns, Cleanup: 12201 ns, At safepoint: 13981919 ns, Total: 14004221 ns
[1571.985s][info ][safepoint      ] Safepoint "Cleanup", Time since last: 2000167767 ns, Reaching safepoint: 12300 ns, Cleanup: 15001 ns, At safepoint: 3000 ns, Total: 30301 ns
[1573.986s][info ][safepoint      ] Safepoint "Cleanup", Time since last: 2000197969 ns, Reaching safepoint: 11301 ns, Cleanup: 20101 ns, At safepoint: 2800 ns, Total: 34202 ns
[1574.986s][info ][safepoint      ] Safepoint "Cleanup", Time since last: 1000132887 ns, Reaching safepoint: 7900 ns, Cleanup: 13301 ns, At safepoint: 2500 ns, Total: 23701 ns
[1581.986s][info ][safepoint      ] Safepoint "Cleanup", Time since last: 7000451464 ns, Reaching safepoint: 11701 ns, Cleanup: 17801 ns, At safepoint: 2900 ns, Total: 32402 ns
[1588.987s][info ][safepoint      ] Safepoint "Cleanup", Time since last: 7000614419 ns, Reaching safepoint: 10301 ns, Cleanup: 18801 ns, At safepoint: 3000 ns, Total: 32102 ns
[1591.987s][info ][safepoint      ] Safepoint "Cleanup", Time since last: 3000255229 ns, Reaching safepoint: 10701 ns, Cleanup: 14601 ns, At safepoint: 3300 ns, Total: 28602 ns
[1592.987s][info ][safepoint      ] Safepoint "Cleanup", Time since last: 1000135842 ns, Reaching safepoint: 9801 ns, Cleanup: 17901 ns, At safepoint: 3000 ns, Total: 30702 ns
[1594.988s][info ][safepoint      ] Safepoint "Cleanup", Time since last: 2000203163 ns, Reaching safepoint: 12201 ns, Cleanup: 22501 ns, At safepoint: 3600 ns, Total: 38302 ns
[1599.988s][info ][safepoint      ] Safepoint "Cleanup", Time since last: 5000460655 ns, Reaching safepoint: 11001 ns, Cleanup: 14401 ns, At safepoint: 2800 ns, Total: 28202 ns
[1602.988s][info ][safepoint      ] Safepoint "Cleanup", Time since last: 3000228333 ns, Reaching safepoint: 10101 ns, Cleanup: 25602 ns, At safepoint: 2700 ns, Total: 38403 ns
[1611.989s][info ][safepoint      ] Safepoint "Cleanup", Time since last: 9000686914 ns, Reaching safepoint: 12000 ns, Cleanup: 17101 ns, At safepoint: 3100 ns, Total: 32201 ns
[1613.271s][info ][gc,start       ] GC(61) Pause Young (Allocation Failure)
[1613.283s][debug][gc,phases      ] GC(61) Scavenge 11.969ms
[1613.283s][debug][gc,ref         ] GC(61) ReferenceProcessor::execute queues: 1, RefProcThreadModel::Single, marks_oops_alive: false
[1613.283s][debug][gc,ref         ] GC(61) Skipped KeepAliveFinalRefsPhase of Reference Processing: no references
[1613.283s][debug][gc,ref         ] GC(61) ReferenceProcessor::execute queues: 1, RefProcThreadModel::Single, marks_oops_alive: false
[1613.283s][debug][gc,phases      ] GC(61) Reference Processing 0.161ms
[1613.284s][debug][gc,phases      ] GC(61)   VM Weak                        Min:  0.0, Avg:  0.0, Max:  0.0, Diff:  0.0, Sum:  0.0, Workers: 4
[1613.284s][debug][gc,phases      ] GC(61)     Dead                           Min: 0, Avg:  0.0, Max: 0, Diff: 0, Sum: 0, Workers: 4
[1613.284s][debug][gc,phases      ] GC(61)     Total                          Min: 0, Avg: 256.5, Max: 1026, Diff: 1026, Sum: 1026, Workers: 4
[1613.284s][debug][gc,phases      ] GC(61)   ObjectSynchronizer Weak        Min:  0.0, Avg:  0.0, Max:  0.0, Diff:  0.0, Sum:  0.0, Workers: 4
[1613.284s][debug][gc,phases      ] GC(61)     Dead                           Min: 0, Avg:  0.0, Max: 0, Diff: 0, Sum: 0, Workers: 4
[1613.284s][debug][gc,phases      ] GC(61)     Total                          Min: 0, Avg:  1.0, Max: 4, Diff: 4, Sum: 4, Workers: 4
[1613.284s][debug][gc,phases      ] GC(61)   JVMTI Tag Weak OopStorage      Min:  0.0, Avg:  0.0, Max:  0.0, Diff:  0.0, Sum:  0.0, Workers: 4
[1613.284s][debug][gc,phases      ] GC(61)     Dead                           Min: 0, Avg:  0.0, Max: 0, Diff: 0, Sum: 0, Workers: 4
[1613.284s][debug][gc,phases      ] GC(61)     Total                          Min: 0, Avg:  0.0, Max: 0, Diff: 0, Sum: 0, Workers: 4
[1613.284s][debug][gc,phases      ] GC(61)   StringTable Weak               Min:  0.0, Avg:  0.1, Max:  0.6, Diff:  0.6, Sum:  0.6, Workers: 4
[1613.284s][debug][gc,phases      ] GC(61)     Dead                           Min: 0, Avg:  0.0, Max: 0, Diff: 0, Sum: 0, Workers: 4
[1613.284s][debug][gc,phases      ] GC(61)     Total                          Min: 0, Avg: 12196.0, Max: 48784, Diff: 48784, Sum: 48784, Workers: 4
[1613.284s][debug][gc,phases      ] GC(61)   ResolvedMethodTable Weak       Min:  0.0, Avg:  0.0, Max:  0.1, Diff:  0.1, Sum:  0.1, Workers: 4
[1613.284s][debug][gc,phases      ] GC(61)     Dead                           Min: 0, Avg:  0.0, Max: 0, Diff: 0, Sum: 0, Workers: 4
[1613.284s][debug][gc,phases      ] GC(61)     Total                          Min: 0, Avg: 3399.8, Max: 13599, Diff: 13599, Sum: 13599, Workers: 4
[1613.284s][debug][gc,phases      ] GC(61)   JNI Weak                       Min:  0.0, Avg:  0.0, Max:  0.0, Diff:  0.0, Sum:  0.0, Workers: 4
[1613.284s][debug][gc,phases      ] GC(61)     Dead                           Min: 0, Avg:  0.0, Max: 0, Diff: 0, Sum: 0, Workers: 4
[1613.284s][debug][gc,phases      ] GC(61)     Total                          Min: 0, Avg: 12.0, Max: 48, Diff: 48, Sum: 48, Workers: 4
[1613.284s][debug][gc,phases      ] GC(61)   StringDedup Table Weak         Min:  0.0, Avg:  0.0, Max:  0.0, Diff:  0.0, Sum:  0.0, Workers: 4
[1613.284s][debug][gc,phases      ] GC(61)     Dead                           Min: 0, Avg:  0.0, Max: 0, Diff: 0, Sum: 0, Workers: 4
[1613.284s][debug][gc,phases      ] GC(61)     Total                          Min: 0, Avg:  0.0, Max: 0, Diff: 0, Sum: 0, Workers: 4
[1613.284s][debug][gc,phases      ] GC(61)   StringDedup Requests0 Weak     Min:  0.0, Avg:  0.0, Max:  0.0, Diff:  0.0, Sum:  0.0, Workers: 4
[1613.284s][debug][gc,phases      ] GC(61)     Dead                           Min: 0, Avg:  0.0, Max: 0, Diff: 0, Sum: 0, Workers: 4
[1613.284s][debug][gc,phases      ] GC(61)     Total                          Min: 0, Avg:  0.0, Max: 0, Diff: 0, Sum: 0, Workers: 4
[1613.284s][debug][gc,phases      ] GC(61)   StringDedup Requests1 Weak     Min:  0.0, Avg:  0.0, Max:  0.0, Diff:  0.0, Sum:  0.0, Workers: 4
[1613.284s][debug][gc,phases      ] GC(61)     Dead                           Min: 0, Avg:  0.0, Max: 0, Diff: 0, Sum: 0, Workers: 4
[1613.284s][debug][gc,phases      ] GC(61)     Total                          Min: 0, Avg:  0.0, Max: 0, Diff: 0, Sum: 0, Workers: 4
[1613.284s][debug][gc,phases      ] GC(61)   Weak JFR Old Object Samples    Min:  0.0, Avg:  0.0, Max:  0.0, Diff:  0.0, Sum:  0.0, Workers: 4
[1613.284s][debug][gc,phases      ] GC(61)     Dead                           Min: 0, Avg:  0.0, Max: 0, Diff: 0, Sum: 0, Workers: 4
[1613.284s][debug][gc,phases      ] GC(61)     Total                          Min: 0, Avg:  0.0, Max: 0, Diff: 0, Sum: 0, Workers: 4
[1613.284s][debug][gc,phases      ] GC(61) Weak Processing 1.057ms
[1613.284s][debug][gc,age         ] GC(61) Desired survivor size 43515904 bytes, new threshold 1 (max threshold 15)
[1613.284s][info ][gc,heap        ] GC(61) PSYoungGen: 2007504K(2052096K)->2416K(2050048K) Eden: 2004992K(2004992K)->0K(2004992K) From: 2512K(47104K)->2416K(45056K)
[1613.284s][info ][gc,heap        ] GC(61) ParOldGen: 760026K(760320K)->760342K(760832K)
[1613.284s][info ][gc,metaspace   ] GC(61) Metaspace: 97235K(98560K)->97235K(98560K) NonClass: 83021K(83776K)->83021K(83776K) Class: 14213K(14784K)->14213K(14784K)
[1613.284s][info ][gc             ] GC(61) Pause Young (Allocation Failure) 2702M->744M(2745M) 13.390ms
[1613.284s][info ][gc,cpu         ] GC(61) User=0.02s Sys=0.00s Real=0.01s
[1613.284s][info ][safepoint      ] Safepoint "ParallelGCFailedAllocation", Time since last: 1281645653 ns, Reaching safepoint: 10001 ns, Cleanup: 5600 ns, At safepoint: 13497191 ns, Total: 13512792 ns
[1615.284s][info ][safepoint      ] Safepoint "Cleanup", Time since last: 2000139328 ns, Reaching safepoint: 12400 ns, Cleanup: 16401 ns, At safepoint: 2901 ns, Total: 31702 ns
[1620.663s][info ][safepoint      ] Safepoint "Cleanup", Time since last: 5378332264 ns, Reaching safepoint: 76205 ns, Cleanup: 10500 ns, At safepoint: 10101 ns, Total: 96806 ns
[1621.663s][info ][safepoint      ] Safepoint "Cleanup", Time since last: 1000139647 ns, Reaching safepoint: 80905 ns, Cleanup: 10400 ns, At safepoint: 9601 ns, Total: 100906 ns
[1626.664s][info ][safepoint      ] Safepoint "Cleanup", Time since last: 5000435711 ns, Reaching safepoint: 84105 ns, Cleanup: 11801 ns, At safepoint: 8001 ns, Total: 103907 ns
[1627.664s][info ][safepoint      ] Safepoint "Cleanup", Time since last: 1000139546 ns, Reaching safepoint: 86005 ns, Cleanup: 16301 ns, At safepoint: 8301 ns, Total: 110607 ns
[1628.664s][info ][safepoint      ] Safepoint "Cleanup", Time since last: 1000151247 ns, Reaching safepoint: 11301 ns, Cleanup: 12501 ns, At safepoint: 5700 ns, Total: 29502 ns
[1630.664s][info ][safepoint      ] Safepoint "Cleanup", Time since last: 2000218289 ns, Reaching safepoint: 97706 ns, Cleanup: 9501 ns, At safepoint: 6300 ns, Total: 113507 ns
[1631.665s][info ][safepoint      ] Safepoint "Cleanup", Time since last: 1000152447 ns, Reaching safepoint: 86105 ns, Cleanup: 40403 ns, At safepoint: 6900 ns, Total: 133408 ns
[1632.665s][info ][safepoint      ] Safepoint "Cleanup", Time since last: 1000146847 ns, Reaching safepoint: 77005 ns, Cleanup: 34702 ns, At safepoint: 8301 ns, Total: 120008 ns
[1633.666s][info ][safepoint      ] Safepoint "Cleanup", Time since last: 1000141443 ns, Reaching safepoint: 920910 ns, Cleanup: 13102 ns, At safepoint: 6400 ns, Total: 940412 ns
[1640.667s][info ][safepoint      ] Safepoint "Cleanup", Time since last: 7000558088 ns, Reaching safepoint: 82305 ns, Cleanup: 11601 ns, At safepoint: 6300 ns, Total: 100206 ns
[1641.667s][info ][safepoint      ] Safepoint "Cleanup", Time since last: 1000138237 ns, Reaching safepoint: 8101 ns, Cleanup: 11201 ns, At safepoint: 2900 ns, Total: 22202 ns
[1645.668s][info ][safepoint      ] Safepoint "Cleanup", Time since last: 4001126630 ns, Reaching safepoint: 10001 ns, Cleanup: 14101 ns, At safepoint: 6800 ns, Total: 30902 ns
[1646.668s][info ][safepoint      ] Safepoint "Cleanup", Time since last: 1000197978 ns, Reaching safepoint: 39102 ns, Cleanup: 23002 ns, At safepoint: 4900 ns, Total: 67004 ns
[1651.669s][info ][safepoint      ] Safepoint "Cleanup", Time since last: 5000460042 ns, Reaching safepoint: 8901 ns, Cleanup: 12701 ns, At safepoint: 3600 ns, Total: 25202 ns
[1652.669s][info ][safepoint      ] Safepoint "Cleanup", Time since last: 1000131091 ns, Reaching safepoint: 7500 ns, Cleanup: 10801 ns, At safepoint: 2900 ns, Total: 21201 ns
[1653.811s][info ][gc,start       ] GC(62) Pause Young (Allocation Failure)
[1653.816s][debug][gc,phases      ] GC(62) Scavenge 4.949ms
[1653.816s][debug][gc,ref         ] GC(62) ReferenceProcessor::execute queues: 1, RefProcThreadModel::Single, marks_oops_alive: false
[1653.816s][debug][gc,ref         ] GC(62) Skipped KeepAliveFinalRefsPhase of Reference Processing: no references
[1653.816s][debug][gc,ref         ] GC(62) Skipped PhantomRefsPhase of Reference Processing: no references
[1653.816s][debug][gc,phases      ] GC(62) Reference Processing 0.157ms
[1653.817s][debug][gc,phases      ] GC(62)   VM Weak                        Min:  0.0, Avg:  0.0, Max:  0.0, Diff:  0.0, Sum:  0.0, Workers: 4
[1653.817s][debug][gc,phases      ] GC(62)     Dead                           Min: 0, Avg:  0.0, Max: 0, Diff: 0, Sum: 0, Workers: 4
[1653.817s][debug][gc,phases      ] GC(62)     Total                          Min: 0, Avg: 256.5, Max: 832, Diff: 832, Sum: 1026, Workers: 4
[1653.817s][debug][gc,phases      ] GC(62)   ObjectSynchronizer Weak        Min:  0.0, Avg:  0.0, Max:  0.0, Diff:  0.0, Sum:  0.0, Workers: 4
[1653.817s][debug][gc,phases      ] GC(62)     Dead                           Min: 0, Avg:  0.0, Max: 0, Diff: 0, Sum: 0, Workers: 4
[1653.817s][debug][gc,phases      ] GC(62)     Total                          Min: 0, Avg:  1.0, Max: 4, Diff: 4, Sum: 4, Workers: 4
[1653.817s][debug][gc,phases      ] GC(62)   JVMTI Tag Weak OopStorage      Min:  0.0, Avg:  0.0, Max:  0.0, Diff:  0.0, Sum:  0.0, Workers: 4
[1653.817s][debug][gc,phases      ] GC(62)     Dead                           Min: 0, Avg:  0.0, Max: 0, Diff: 0, Sum: 0, Workers: 4
[1653.817s][debug][gc,phases      ] GC(62)     Total                          Min: 0, Avg:  0.0, Max: 0, Diff: 0, Sum: 0, Workers: 4
[1653.817s][debug][gc,phases      ] GC(62)   StringTable Weak               Min:  0.1, Avg:  0.1, Max:  0.1, Diff:  0.0, Sum:  0.5, Workers: 4
[1653.817s][debug][gc,phases      ] GC(62)     Dead                           Min: 0, Avg:  0.0, Max: 0, Diff: 0, Sum: 0, Workers: 4
[1653.817s][debug][gc,phases      ] GC(62)     Total                          Min: 10624, Avg: 12196.0, Max: 13568, Diff: 2944, Sum: 48784, Workers: 4
[1653.817s][debug][gc,phases      ] GC(62)   ResolvedMethodTable Weak       Min:  0.0, Avg:  0.0, Max:  0.0, Diff:  0.0, Sum:  0.1, Workers: 4
[1653.817s][debug][gc,phases      ] GC(62)     Dead                           Min: 0, Avg:  0.0, Max: 0, Diff: 0, Sum: 0, Workers: 4
[1653.817s][debug][gc,phases      ] GC(62)     Total                          Min: 3181, Avg: 3399.8, Max: 3675, Diff: 494, Sum: 13599, Workers: 4
[1653.817s][debug][gc,phases      ] GC(62)   JNI Weak                       Min:  0.0, Avg:  0.0, Max:  0.0, Diff:  0.0, Sum:  0.0, Workers: 4
[1653.817s][debug][gc,phases      ] GC(62)     Dead                           Min: 0, Avg:  0.0, Max: 0, Diff: 0, Sum: 0, Workers: 4
[1653.817s][debug][gc,phases      ] GC(62)     Total                          Min: 0, Avg: 12.0, Max: 48, Diff: 48, Sum: 48, Workers: 4
[1653.817s][debug][gc,phases      ] GC(62)   StringDedup Table Weak         Min:  0.0, Avg:  0.0, Max:  0.0, Diff:  0.0, Sum:  0.0, Workers: 4
[1653.817s][debug][gc,phases      ] GC(62)     Dead                           Min: 0, Avg:  0.0, Max: 0, Diff: 0, Sum: 0, Workers: 4
[1653.817s][debug][gc,phases      ] GC(62)     Total                          Min: 0, Avg:  0.0, Max: 0, Diff: 0, Sum: 0, Workers: 4
[1653.817s][debug][gc,phases      ] GC(62)   StringDedup Requests0 Weak     Min:  0.0, Avg:  0.0, Max:  0.0, Diff:  0.0, Sum:  0.0, Workers: 4
[1653.817s][debug][gc,phases      ] GC(62)     Dead                           Min: 0, Avg:  0.0, Max: 0, Diff: 0, Sum: 0, Workers: 4
[1653.817s][debug][gc,phases      ] GC(62)     Total                          Min: 0, Avg:  0.0, Max: 0, Diff: 0, Sum: 0, Workers: 4
[1653.817s][debug][gc,phases      ] GC(62)   StringDedup Requests1 Weak     Min:  0.0, Avg:  0.0, Max:  0.0, Diff:  0.0, Sum:  0.0, Workers: 4
[1653.817s][debug][gc,phases      ] GC(62)     Dead                           Min: 0, Avg:  0.0, Max: 0, Diff: 0, Sum: 0, Workers: 4
[1653.817s][debug][gc,phases      ] GC(62)     Total                          Min: 0, Avg:  0.0, Max: 0, Diff: 0, Sum: 0, Workers: 4
[1653.817s][debug][gc,phases      ] GC(62)   Weak JFR Old Object Samples    Min:  0.0, Avg:  0.0, Max:  0.0, Diff:  0.0, Sum:  0.0, Workers: 4
[1653.817s][debug][gc,phases      ] GC(62)     Dead                           Min: 0, Avg:  0.0, Max: 0, Diff: 0, Sum: 0, Workers: 4
[1653.817s][debug][gc,phases      ] GC(62)     Total                          Min: 0, Avg:  0.0, Max: 0, Diff: 0, Sum: 0, Workers: 4
[1653.817s][debug][gc,phases      ] GC(62) Weak Processing 0.400ms
[1653.817s][debug][gc,age         ] GC(62) Desired survivor size 40894464 bytes, new threshold 1 (max threshold 15)
[1653.817s][info ][gc,heap        ] GC(62) PSYoungGen: 2007408K(2050048K)->2352K(2057216K) Eden: 2004992K(2004992K)->0K(2014720K) From: 2416K(45056K)->2352K(42496K)
[1653.817s][info ][gc,heap        ] GC(62) ParOldGen: 760342K(760832K)->760954K(761344K)
[1653.817s][info ][gc,metaspace   ] GC(62) Metaspace: 97249K(98560K)->97249K(98560K) NonClass: 83036K(83776K)->83036K(83776K) Class: 14213K(14784K)->14213K(14784K)
[1653.817s][info ][gc             ] GC(62) Pause Young (Allocation Failure) 2702M->745M(2752M) 5.663ms
[1653.817s][info ][gc,cpu         ] GC(62) User=0.02s Sys=0.01s Real=0.01s
[1653.817s][info ][safepoint      ] Safepoint "ParallelGCFailedAllocation", Time since last: 1142314133 ns, Reaching safepoint: 8201 ns, Cleanup: 5900 ns, At safepoint: 5760154 ns, Total: 5774255 ns
[1657.817s][info ][safepoint      ] Safepoint "Cleanup", Time since last: 4000283098 ns, Reaching safepoint: 8900 ns, Cleanup: 12501 ns, At safepoint: 2700 ns, Total: 24101 ns
[1665.818s][info ][safepoint      ] Safepoint "Cleanup", Time since last: 8000655404 ns, Reaching safepoint: 7701 ns, Cleanup: 9600 ns, At safepoint: 2300 ns, Total: 19601 ns
[1666.818s][info ][safepoint      ] Safepoint "Cleanup", Time since last: 1000118419 ns, Reaching safepoint: 7300 ns, Cleanup: 10901 ns, At safepoint: 2700 ns, Total: 20901 ns
[1667.818s][info ][safepoint      ] Safepoint "Cleanup", Time since last: 1000115319 ns, Reaching safepoint: 10300 ns, Cleanup: 15501 ns, At safepoint: 3100 ns, Total: 28901 ns
[1669.818s][info ][safepoint      ] Safepoint "Cleanup", Time since last: 2000213136 ns, Reaching safepoint: 10001 ns, Cleanup: 15401 ns, At safepoint: 3300 ns, Total: 28702 ns
[1670.819s][info ][safepoint      ] Safepoint "Cleanup", Time since last: 1000085116 ns, Reaching safepoint: 7601 ns, Cleanup: 13801 ns, At safepoint: 3200 ns, Total: 24602 ns
[1673.819s][info ][safepoint      ] Safepoint "Cleanup", Time since last: 3000280325 ns, Reaching safepoint: 7900 ns, Cleanup: 14301 ns, At safepoint: 2600 ns, Total: 24801 ns
[1675.819s][info ][safepoint      ] Safepoint "Cleanup", Time since last: 2000215843 ns, Reaching safepoint: 8001 ns, Cleanup: 16401 ns, At safepoint: 2600 ns, Total: 27002 ns
[1681.681s][info ][safepoint      ] Safepoint "Cleanup", Time since last: 5862274471 ns, Reaching safepoint: 10200 ns, Cleanup: 13201 ns, At safepoint: 2900 ns, Total: 26301 ns
[1683.682s][info ][safepoint      ] Safepoint "Cleanup", Time since last: 2000227534 ns, Reaching safepoint: 10600 ns, Cleanup: 15101 ns, At safepoint: 2900 ns, Total: 28601 ns
[1684.682s][info ][safepoint      ] Safepoint "Cleanup", Time since last: 1000140469 ns, Reaching safepoint: 10100 ns, Cleanup: 15501 ns, At safepoint: 2800 ns, Total: 28401 ns
[1685.682s][info ][safepoint      ] Safepoint "Cleanup", Time since last: 1000111967 ns, Reaching safepoint: 9101 ns, Cleanup: 17401 ns, At safepoint: 2600 ns, Total: 29102 ns
[1686.682s][info ][safepoint      ] Safepoint "Cleanup", Time since last: 1000152169 ns, Reaching safepoint: 88805 ns, Cleanup: 11601 ns, At safepoint: 14301 ns, Total: 114707 ns
[1690.683s][info ][safepoint      ] Safepoint "Cleanup", Time since last: 4000358619 ns, Reaching safepoint: 9201 ns, Cleanup: 18101 ns, At safepoint: 3400 ns, Total: 30702 ns
[1694.071s][info ][gc,start       ] GC(63) Pause Young (Allocation Failure)
[1694.075s][debug][gc,phases      ] GC(63) Scavenge 4.283ms
[1694.076s][debug][gc,ref         ] GC(63) ReferenceProcessor::execute queues: 1, RefProcThreadModel::Single, marks_oops_alive: false
[1694.076s][debug][gc,ref         ] GC(63) Skipped KeepAliveFinalRefsPhase of Reference Processing: no references
[1694.076s][debug][gc,ref         ] GC(63) Skipped PhantomRefsPhase of Reference Processing: no references
[1694.076s][debug][gc,phases      ] GC(63) Reference Processing 0.121ms
[1694.076s][debug][gc,phases      ] GC(63)   VM Weak                        Min:  0.0, Avg:  0.0, Max:  0.0, Diff:  0.0, Sum:  0.0, Workers: 4
[1694.076s][debug][gc,phases      ] GC(63)     Dead                           Min: 0, Avg:  0.0, Max: 0, Diff: 0, Sum: 0, Workers: 4
[1694.076s][debug][gc,phases      ] GC(63)     Total                          Min: 0, Avg: 256.5, Max: 768, Diff: 768, Sum: 1026, Workers: 4
[1694.076s][debug][gc,phases      ] GC(63)   ObjectSynchronizer Weak        Min:  0.0, Avg:  0.0, Max:  0.0, Diff:  0.0, Sum:  0.0, Workers: 4
[1694.076s][debug][gc,phases      ] GC(63)     Dead                           Min: 0, Avg:  0.0, Max: 0, Diff: 0, Sum: 0, Workers: 4
[1694.076s][debug][gc,phases      ] GC(63)     Total                          Min: 0, Avg:  1.0, Max: 4, Diff: 4, Sum: 4, Workers: 4
[1694.076s][debug][gc,phases      ] GC(63)   JVMTI Tag Weak OopStorage      Min:  0.0, Avg:  0.0, Max:  0.0, Diff:  0.0, Sum:  0.0, Workers: 4
[1694.076s][debug][gc,phases      ] GC(63)     Dead                           Min: 0, Avg:  0.0, Max: 0, Diff: 0, Sum: 0, Workers: 4
[1694.076s][debug][gc,phases      ] GC(63)     Total                          Min: 0, Avg:  0.0, Max: 0, Diff: 0, Sum: 0, Workers: 4
[1694.076s][debug][gc,phases      ] GC(63)   StringTable Weak               Min:  0.0, Avg:  0.1, Max:  0.1, Diff:  0.1, Sum:  0.4, Workers: 4
[1694.076s][debug][gc,phases      ] GC(63)     Dead                           Min: 0, Avg:  0.0, Max: 0, Diff: 0, Sum: 0, Workers: 4
[1694.076s][debug][gc,phases      ] GC(63)     Total                          Min: 0, Avg: 12196.0, Max: 16976, Diff: 16976, Sum: 48784, Workers: 4
[1694.076s][debug][gc,phases      ] GC(63)   ResolvedMethodTable Weak       Min:  0.0, Avg:  0.0, Max:  0.0, Diff:  0.0, Sum:  0.1, Workers: 4
[1694.076s][debug][gc,phases      ] GC(63)     Dead                           Min: 0, Avg:  0.0, Max: 0, Diff: 0, Sum: 0, Workers: 4
[1694.076s][debug][gc,phases      ] GC(63)     Total                          Min: 0, Avg: 3399.8, Max: 4571, Diff: 4571, Sum: 13599, Workers: 4
[1694.076s][debug][gc,phases      ] GC(63)   JNI Weak                       Min:  0.0, Avg:  0.0, Max:  0.0, Diff:  0.0, Sum:  0.0, Workers: 4
[1694.076s][debug][gc,phases      ] GC(63)     Dead                           Min: 0, Avg:  0.0, Max: 0, Diff: 0, Sum: 0, Workers: 4
[1694.076s][debug][gc,phases      ] GC(63)     Total                          Min: 0, Avg: 12.0, Max: 48, Diff: 48, Sum: 48, Workers: 4
[1694.076s][debug][gc,phases      ] GC(63)   StringDedup Table Weak         Min:  0.0, Avg:  0.0, Max:  0.0, Diff:  0.0, Sum:  0.0, Workers: 4
[1694.076s][debug][gc,phases      ] GC(63)     Dead                           Min: 0, Avg:  0.0, Max: 0, Diff: 0, Sum: 0, Workers: 4
[1694.076s][debug][gc,phases      ] GC(63)     Total                          Min: 0, Avg:  0.0, Max: 0, Diff: 0, Sum: 0, Workers: 4
[1694.076s][debug][gc,phases      ] GC(63)   StringDedup Requests0 Weak     Min:  0.0, Avg:  0.0, Max:  0.0, Diff:  0.0, Sum:  0.0, Workers: 4
[1694.076s][debug][gc,phases      ] GC(63)     Dead                           Min: 0, Avg:  0.0, Max: 0, Diff: 0, Sum: 0, Workers: 4
[1694.076s][debug][gc,phases      ] GC(63)     Total                          Min: 0, Avg:  0.0, Max: 0, Diff: 0, Sum: 0, Workers: 4
[1694.076s][debug][gc,phases      ] GC(63)   StringDedup Requests1 Weak     Min:  0.0, Avg:  0.0, Max:  0.0, Diff:  0.0, Sum:  0.0, Workers: 4
[1694.076s][debug][gc,phases      ] GC(63)     Dead                           Min: 0, Avg:  0.0, Max: 0, Diff: 0, Sum: 0, Workers: 4
[1694.076s][debug][gc,phases      ] GC(63)     Total                          Min: 0, Avg:  0.0, Max: 0, Diff: 0, Sum: 0, Workers: 4
[1694.076s][debug][gc,phases      ] GC(63)   Weak JFR Old Object Samples    Min:  0.0, Avg:  0.0, Max:  0.0, Diff:  0.0, Sum:  0.0, Workers: 4
[1694.076s][debug][gc,phases      ] GC(63)     Dead                           Min: 0, Avg:  0.0, Max: 0, Diff: 0, Sum: 0, Workers: 4
[1694.076s][debug][gc,phases      ] GC(63)     Total                          Min: 0, Avg:  0.0, Max: 0, Diff: 0, Sum: 0, Workers: 4
[1694.076s][debug][gc,phases      ] GC(63) Weak Processing 0.454ms
[1694.076s][debug][gc,age         ] GC(63) Desired survivor size 38797312 bytes, new threshold 1 (max threshold 15)
[1694.076s][info ][gc,heap        ] GC(63) PSYoungGen: 2017072K(2057216K)->2976K(2054656K) Eden: 2014720K(2014720K)->0K(2014720K) From: 2352K(42496K)->2976K(39936K)
[1694.076s][info ][gc,heap        ] GC(63) ParOldGen: 760954K(761344K)->761282K(761344K)
[1694.076s][info ][gc,metaspace   ] GC(63) Metaspace: 97261K(98560K)->97261K(98560K) NonClass: 83047K(83776K)->83047K(83776K) Class: 14213K(14784K)->14213K(14784K)
[1694.076s][info ][gc             ] GC(63) Pause Young (Allocation Failure) 2712M->746M(2750M) 5.015ms
[1694.076s][info ][gc,cpu         ] GC(63) User=0.01s Sys=0.01s Real=0.00s
[1694.076s][info ][safepoint      ] Safepoint "ParallelGCFailedAllocation", Time since last: 3388386725 ns, Reaching safepoint: 6601 ns, Cleanup: 3900 ns, At safepoint: 5098309 ns, Total: 5108810 ns
[1698.076s][info ][safepoint      ] Safepoint "Cleanup", Time since last: 4000309829 ns, Reaching safepoint: 11001 ns, Cleanup: 13401 ns, At safepoint: 2900 ns, Total: 27302 ns
[1704.077s][info ][safepoint      ] Safepoint "Cleanup", Time since last: 6000489743 ns, Reaching safepoint: 12201 ns, Cleanup: 16401 ns, At safepoint: 39503 ns, Total: 68105 ns
[1705.077s][info ][safepoint      ] Safepoint "Cleanup", Time since last: 1000138220 ns, Reaching safepoint: 8100 ns, Cleanup: 16601 ns, At safepoint: 3000 ns, Total: 27701 ns
[1706.077s][info ][safepoint      ] Safepoint "Cleanup", Time since last: 1000066882 ns, Reaching safepoint: 7100 ns, Cleanup: 10101 ns, At safepoint: 2200 ns, Total: 19401 ns
[1722.078s][info ][safepoint      ] Safepoint "Cleanup", Time since last: 16001063433 ns, Reaching safepoint: 11100 ns, Cleanup: 17401 ns, At safepoint: 2901 ns, Total: 31402 ns
[1723.078s][info ][safepoint      ] Safepoint "Cleanup", Time since last: 1000138816 ns, Reaching safepoint: 10901 ns, Cleanup: 13401 ns, At safepoint: 2800 ns, Total: 27102 ns
[1725.079s][info ][safepoint      ] Safepoint "Cleanup", Time since last: 2000243631 ns, Reaching safepoint: 8900 ns, Cleanup: 13401 ns, At safepoint: 2900 ns, Total: 25201 ns
[1726.079s][info ][safepoint      ] Safepoint "Cleanup", Time since last: 1000134617 ns, Reaching safepoint: 8100 ns, Cleanup: 13401 ns, At safepoint: 2700 ns, Total: 24201 ns
[1730.080s][info ][safepoint      ] Safepoint "Cleanup", Time since last: 4001196220 ns, Reaching safepoint: 11100 ns, Cleanup: 14901 ns, At safepoint: 3000 ns, Total: 29001 ns
[1733.368s][info ][gc,start       ] GC(64) Pause Young (Allocation Failure)
[1733.374s][debug][gc,phases      ] GC(64) Scavenge 5.637ms
[1733.374s][debug][gc,ref         ] GC(64) ReferenceProcessor::execute queues: 1, RefProcThreadModel::Single, marks_oops_alive: false
[1733.374s][debug][gc,ref         ] GC(64) Skipped KeepAliveFinalRefsPhase of Reference Processing: no references
[1733.374s][debug][gc,ref         ] GC(64) ReferenceProcessor::execute queues: 1, RefProcThreadModel::Single, marks_oops_alive: false
[1733.374s][debug][gc,phases      ] GC(64) Reference Processing 0.119ms
[1733.374s][debug][gc,phases      ] GC(64)   VM Weak                        Min:  0.0, Avg:  0.0, Max:  0.0, Diff:  0.0, Sum:  0.0, Workers: 4
[1733.374s][debug][gc,phases      ] GC(64)     Dead                           Min: 0, Avg:  0.0, Max: 0, Diff: 0, Sum: 0, Workers: 4
[1733.374s][debug][gc,phases      ] GC(64)     Total                          Min: 0, Avg: 256.8, Max: 704, Diff: 704, Sum: 1027, Workers: 4
[1733.374s][debug][gc,phases      ] GC(64)   ObjectSynchronizer Weak        Min:  0.0, Avg:  0.0, Max:  0.0, Diff:  0.0, Sum:  0.0, Workers: 4
[1733.374s][debug][gc,phases      ] GC(64)     Dead                           Min: 0, Avg:  0.0, Max: 0, Diff: 0, Sum: 0, Workers: 4
[1733.374s][debug][gc,phases      ] GC(64)     Total                          Min: 0, Avg:  1.0, Max: 4, Diff: 4, Sum: 4, Workers: 4
[1733.374s][debug][gc,phases      ] GC(64)   JVMTI Tag Weak OopStorage      Min:  0.0, Avg:  0.0, Max:  0.0, Diff:  0.0, Sum:  0.0, Workers: 4
[1733.374s][debug][gc,phases      ] GC(64)     Dead                           Min: 0, Avg:  0.0, Max: 0, Diff: 0, Sum: 0, Workers: 4
[1733.374s][debug][gc,phases      ] GC(64)     Total                          Min: 0, Avg:  0.0, Max: 0, Diff: 0, Sum: 0, Workers: 4
[1733.374s][debug][gc,phases      ] GC(64)   StringTable Weak               Min:  0.0, Avg:  0.1, Max:  0.2, Diff:  0.2, Sum:  0.5, Workers: 4
[1733.374s][debug][gc,phases      ] GC(64)     Dead                           Min: 0, Avg:  0.2, Max: 1, Diff: 1, Sum: 1, Workers: 4
[1733.374s][debug][gc,phases      ] GC(64)     Total                          Min: 0, Avg: 12198.5, Max: 16767, Diff: 16767, Sum: 48794, Workers: 4
[1733.374s][debug][gc,phases      ] GC(64)   ResolvedMethodTable Weak       Min:  0.0, Avg:  0.0, Max:  0.0, Diff:  0.0, Sum:  0.1, Workers: 4
[1733.374s][debug][gc,phases      ] GC(64)     Dead                           Min: 0, Avg:  0.0, Max: 0, Diff: 0, Sum: 0, Workers: 4
[1733.374s][debug][gc,phases      ] GC(64)     Total                          Min: 0, Avg: 3400.5, Max: 4675, Diff: 4675, Sum: 13602, Workers: 4
[1733.374s][debug][gc,phases      ] GC(64)   JNI Weak                       Min:  0.0, Avg:  0.0, Max:  0.0, Diff:  0.0, Sum:  0.0, Workers: 4
[1733.374s][debug][gc,phases      ] GC(64)     Dead                           Min: 0, Avg:  0.0, Max: 0, Diff: 0, Sum: 0, Workers: 4
[1733.374s][debug][gc,phases      ] GC(64)     Total                          Min: 0, Avg: 12.0, Max: 48, Diff: 48, Sum: 48, Workers: 4
[1733.374s][debug][gc,phases      ] GC(64)   StringDedup Table Weak         Min:  0.0, Avg:  0.0, Max:  0.0, Diff:  0.0, Sum:  0.0, Workers: 4
[1733.374s][debug][gc,phases      ] GC(64)     Dead                           Min: 0, Avg:  0.0, Max: 0, Diff: 0, Sum: 0, Workers: 4
[1733.374s][debug][gc,phases      ] GC(64)     Total                          Min: 0, Avg:  0.0, Max: 0, Diff: 0, Sum: 0, Workers: 4
[1733.375s][debug][gc,phases      ] GC(64)   StringDedup Requests0 Weak     Min:  0.0, Avg:  0.0, Max:  0.0, Diff:  0.0, Sum:  0.0, Workers: 4
[1733.375s][debug][gc,phases      ] GC(64)     Dead                           Min: 0, Avg:  0.0, Max: 0, Diff: 0, Sum: 0, Workers: 4
[1733.375s][debug][gc,phases      ] GC(64)     Total                          Min: 0, Avg:  0.0, Max: 0, Diff: 0, Sum: 0, Workers: 4
[1733.375s][debug][gc,phases      ] GC(64)   StringDedup Requests1 Weak     Min:  0.0, Avg:  0.0, Max:  0.0, Diff:  0.0, Sum:  0.0, Workers: 4
[1733.375s][debug][gc,phases      ] GC(64)     Dead                           Min: 0, Avg:  0.0, Max: 0, Diff: 0, Sum: 0, Workers: 4
[1733.375s][debug][gc,phases      ] GC(64)     Total                          Min: 0, Avg:  0.0, Max: 0, Diff: 0, Sum: 0, Workers: 4
[1733.375s][debug][gc,phases      ] GC(64)   Weak JFR Old Object Samples    Min:  0.0, Avg:  0.0, Max:  0.0, Diff:  0.0, Sum:  0.0, Workers: 4
[1733.375s][debug][gc,phases      ] GC(64)     Dead                           Min: 0, Avg:  0.0, Max: 0, Diff: 0, Sum: 0, Workers: 4
[1733.375s][debug][gc,phases      ] GC(64)     Total                          Min: 0, Avg:  0.0, Max: 0, Diff: 0, Sum: 0, Workers: 4
[1733.375s][debug][gc,phases      ] GC(64) Weak Processing 0.450ms
[1733.375s][debug][gc,age         ] GC(64) Desired survivor size 36700160 bytes, new threshold 1 (max threshold 15)
[1733.375s][info ][gc,heap        ] GC(64) PSYoungGen: 2017696K(2054656K)->2480K(2061312K) Eden: 2014720K(2014720K)->0K(2023424K) From: 2976K(39936K)->2480K(37888K)
[1733.375s][info ][gc,heap        ] GC(64) ParOldGen: 761282K(761344K)->762186K(762368K)
[1733.375s][info ][gc,metaspace   ] GC(64) Metaspace: 97277K(98624K)->97277K(98624K) NonClass: 83061K(83840K)->83061K(83840K) Class: 14216K(14784K)->14216K(14784K)
[1733.375s][info ][gc             ] GC(64) Pause Young (Allocation Failure) 2713M->746M(2757M) 6.385ms
[1733.375s][info ][gc,cpu         ] GC(64) User=0.02s Sys=0.00s Real=0.00s
[1733.375s][info ][safepoint      ] Safepoint "ParallelGCFailedAllocation", Time since last: 3288022246 ns, Reaching safepoint: 6301 ns, Cleanup: 5300 ns, At safepoint: 6469993 ns, Total: 6481594 ns
[1734.375s][info ][safepoint      ] Safepoint "Cleanup", Time since last: 1000065923 ns, Reaching safepoint: 7301 ns, Cleanup: 11200 ns, At safepoint: 29602 ns, Total: 48103 ns
[1741.699s][info ][safepoint      ] Safepoint "Cleanup", Time since last: 7324308432 ns, Reaching safepoint: 10900 ns, Cleanup: 15001 ns, At safepoint: 7601 ns, Total: 33502 ns
[1746.700s][info ][safepoint      ] Safepoint "Cleanup", Time since last: 5000422893 ns, Reaching safepoint: 8701 ns, Cleanup: 13201 ns, At safepoint: 2900 ns, Total: 24802 ns
[1748.700s][info ][safepoint      ] Safepoint "Cleanup", Time since last: 2000190309 ns, Reaching safepoint: 9801 ns, Cleanup: 14601 ns, At safepoint: 3000 ns, Total: 27402 ns
[1749.700s][info ][safepoint      ] Safepoint "Cleanup", Time since last: 1000203911 ns, Reaching safepoint: 21202 ns, Cleanup: 37302 ns, At safepoint: 5600 ns, Total: 64104 ns
[1766.701s][info ][safepoint      ] Safepoint "Cleanup", Time since last: 17001259563 ns, Reaching safepoint: 11101 ns, Cleanup: 22101 ns, At safepoint: 9300 ns, Total: 42502 ns
[1770.618s][info ][gc,start       ] GC(65) Pause Young (Allocation Failure)
[1770.622s][debug][gc,phases      ] GC(65) Scavenge 3.633ms
[1770.622s][debug][gc,ref         ] GC(65) ReferenceProcessor::execute queues: 1, RefProcThreadModel::Single, marks_oops_alive: false
[1770.622s][debug][gc,ref         ] GC(65) Skipped KeepAliveFinalRefsPhase of Reference Processing: no references
[1770.622s][debug][gc,ref         ] GC(65) Skipped PhantomRefsPhase of Reference Processing: no references
[1770.622s][debug][gc,phases      ] GC(65) Reference Processing 0.127ms
[1770.622s][debug][gc,phases      ] GC(65)   VM Weak                        Min:  0.0, Avg:  0.0, Max:  0.0, Diff:  0.0, Sum:  0.0, Workers: 4
[1770.622s][debug][gc,phases      ] GC(65)     Dead                           Min: 0, Avg:  0.0, Max: 0, Diff: 0, Sum: 0, Workers: 4
[1770.622s][debug][gc,phases      ] GC(65)     Total                          Min: 0, Avg: 256.8, Max: 579, Diff: 579, Sum: 1027, Workers: 4
[1770.622s][debug][gc,phases      ] GC(65)   ObjectSynchronizer Weak        Min:  0.0, Avg:  0.0, Max:  0.0, Diff:  0.0, Sum:  0.0, Workers: 4
[1770.622s][debug][gc,phases      ] GC(65)     Dead                           Min: 0, Avg:  0.0, Max: 0, Diff: 0, Sum: 0, Workers: 4
[1770.622s][debug][gc,phases      ] GC(65)     Total                          Min: 0, Avg:  1.0, Max: 4, Diff: 4, Sum: 4, Workers: 4
[1770.622s][debug][gc,phases      ] GC(65)   JVMTI Tag Weak OopStorage      Min:  0.0, Avg:  0.0, Max:  0.0, Diff:  0.0, Sum:  0.0, Workers: 4
[1770.622s][debug][gc,phases      ] GC(65)     Dead                           Min: 0, Avg:  0.0, Max: 0, Diff: 0, Sum: 0, Workers: 4
[1770.622s][debug][gc,phases      ] GC(65)     Total                          Min: 0, Avg:  0.0, Max: 0, Diff: 0, Sum: 0, Workers: 4
[1770.622s][debug][gc,phases      ] GC(65)   StringTable Weak               Min:  0.0, Avg:  0.1, Max:  0.1, Diff:  0.1, Sum:  0.4, Workers: 4
[1770.622s][debug][gc,phases      ] GC(65)     Dead                           Min: 0, Avg:  0.0, Max: 0, Diff: 0, Sum: 0, Workers: 4
[1770.622s][debug][gc,phases      ] GC(65)     Total                          Min: 0, Avg: 12198.5, Max: 18688, Diff: 18688, Sum: 48794, Workers: 4
[1770.622s][debug][gc,phases      ] GC(65)   ResolvedMethodTable Weak       Min:  0.0, Avg:  0.0, Max:  0.0, Diff:  0.0, Sum:  0.1, Workers: 4
[1770.622s][debug][gc,phases      ] GC(65)     Dead                           Min: 0, Avg:  0.0, Max: 0, Diff: 0, Sum: 0, Workers: 4
[1770.623s][debug][gc,phases      ] GC(65)     Total                          Min: 0, Avg: 3400.5, Max: 4644, Diff: 4644, Sum: 13602, Workers: 4
[1770.623s][debug][gc,phases      ] GC(65)   JNI Weak                       Min:  0.0, Avg:  0.0, Max:  0.0, Diff:  0.0, Sum:  0.0, Workers: 4
[1770.623s][debug][gc,phases      ] GC(65)     Dead                           Min: 0, Avg:  0.0, Max: 0, Diff: 0, Sum: 0, Workers: 4
[1770.623s][debug][gc,phases      ] GC(65)     Total                          Min: 0, Avg: 12.0, Max: 48, Diff: 48, Sum: 48, Workers: 4
[1770.623s][debug][gc,phases      ] GC(65)   StringDedup Table Weak         Min:  0.0, Avg:  0.0, Max:  0.0, Diff:  0.0, Sum:  0.0, Workers: 4
[1770.623s][debug][gc,phases      ] GC(65)     Dead                           Min: 0, Avg:  0.0, Max: 0, Diff: 0, Sum: 0, Workers: 4
[1770.623s][debug][gc,phases      ] GC(65)     Total                          Min: 0, Avg:  0.0, Max: 0, Diff: 0, Sum: 0, Workers: 4
[1770.623s][debug][gc,phases      ] GC(65)   StringDedup Requests0 Weak     Min:  0.0, Avg:  0.0, Max:  0.0, Diff:  0.0, Sum:  0.0, Workers: 4
[1770.623s][debug][gc,phases      ] GC(65)     Dead                           Min: 0, Avg:  0.0, Max: 0, Diff: 0, Sum: 0, Workers: 4
[1770.623s][debug][gc,phases      ] GC(65)     Total                          Min: 0, Avg:  0.0, Max: 0, Diff: 0, Sum: 0, Workers: 4
[1770.623s][debug][gc,phases      ] GC(65)   StringDedup Requests1 Weak     Min:  0.0, Avg:  0.0, Max:  0.0, Diff:  0.0, Sum:  0.0, Workers: 4
[1770.623s][debug][gc,phases      ] GC(65)     Dead                           Min: 0, Avg:  0.0, Max: 0, Diff: 0, Sum: 0, Workers: 4
[1770.623s][debug][gc,phases      ] GC(65)     Total                          Min: 0, Avg:  0.0, Max: 0, Diff: 0, Sum: 0, Workers: 4
[1770.623s][debug][gc,phases      ] GC(65)   Weak JFR Old Object Samples    Min:  0.0, Avg:  0.0, Max:  0.0, Diff:  0.0, Sum:  0.0, Workers: 4
[1770.623s][debug][gc,phases      ] GC(65)     Dead                           Min: 0, Avg:  0.0, Max: 0, Diff: 0, Sum: 0, Workers: 4
[1770.623s][debug][gc,phases      ] GC(65)     Total                          Min: 0, Avg:  0.0, Max: 0, Diff: 0, Sum: 0, Workers: 4
[1770.623s][debug][gc,phases      ] GC(65) Weak Processing 0.442ms
[1770.623s][debug][gc,age         ] GC(65) Desired survivor size 34603008 bytes, new threshold 1 (max threshold 15)
[1770.623s][info ][gc,heap        ] GC(65) PSYoungGen: 2025904K(2061312K)->2064K(2059264K) Eden: 2023424K(2023424K)->0K(2023424K) From: 2480K(37888K)->2064K(35840K)
[1770.623s][info ][gc,heap        ] GC(65) ParOldGen: 762186K(762368K)->762763K(762880K)
[1770.623s][info ][gc,metaspace   ] GC(65) Metaspace: 97278K(98624K)->97278K(98624K) NonClass: 83062K(83840K)->83062K(83840K) Class: 14216K(14784K)->14216K(14784K)
[1770.623s][info ][gc             ] GC(65) Pause Young (Allocation Failure) 2722M->746M(2756M) 4.375ms
[1770.623s][info ][gc,cpu         ] GC(65) User=0.02s Sys=0.00s Real=0.00s
[1770.623s][info ][safepoint      ] Safepoint "ParallelGCFailedAllocation", Time since last: 3916881300 ns, Reaching safepoint: 7600 ns, Cleanup: 4600 ns, At safepoint: 4464366 ns, Total: 4476566 ns
[1771.623s][info ][safepoint      ] Safepoint "Cleanup", Time since last: 1000094001 ns, Reaching safepoint: 12101 ns, Cleanup: 17101 ns, At safepoint: 9501 ns, Total: 38703 ns
[1772.623s][info ][safepoint      ] Safepoint "Cleanup", Time since last: 1000125303 ns, Reaching safepoint: 6901 ns, Cleanup: 10100 ns, At safepoint: 2801 ns, Total: 19802 ns
[1776.623s][info ][safepoint      ] Safepoint "Cleanup", Time since last: 4000345605 ns, Reaching safepoint: 12301 ns, Cleanup: 19901 ns, At safepoint: 3600 ns, Total: 35802 ns
[1779.624s][info ][safepoint      ] Safepoint "Cleanup", Time since last: 3000259121 ns, Reaching safepoint: 10000 ns, Cleanup: 20001 ns, At safepoint: 2700 ns, Total: 32701 ns
[1785.624s][info ][safepoint      ] Safepoint "Cleanup", Time since last: 6000476710 ns, Reaching safepoint: 7401 ns, Cleanup: 10800 ns, At safepoint: 33002 ns, Total: 51203 ns
[1790.625s][info ][safepoint      ] Safepoint "Cleanup", Time since last: 5000396257 ns, Reaching safepoint: 10101 ns, Cleanup: 12301 ns, At safepoint: 2800 ns, Total: 25202 ns
[1792.625s][info ][safepoint      ] Safepoint "Cleanup", Time since last: 2000192365 ns, Reaching safepoint: 7300 ns, Cleanup: 10901 ns, At safepoint: 2500 ns, Total: 20701 ns
[1797.625s][info ][safepoint      ] Safepoint "Cleanup", Time since last: 5000370784 ns, Reaching safepoint: 8101 ns, Cleanup: 12600 ns, At safepoint: 2601 ns, Total: 23302 ns
[1800.308s][info ][safepoint      ] Safepoint "Cleanup", Time since last: 2682710672 ns, Reaching safepoint: 3700 ns, Cleanup: 19401 ns, At safepoint: 5701 ns, Total: 28802 ns
[1801.724s][info ][safepoint      ] Safepoint "Cleanup", Time since last: 1412295310 ns, Reaching safepoint: 4201346 ns, Cleanup: 16601 ns, At safepoint: 8601 ns, Total: 4226548 ns
[1803.725s][info ][safepoint      ] Safepoint "Cleanup", Time since last: 2000443693 ns, Reaching safepoint: 80904 ns, Cleanup: 11701 ns, At safepoint: 5800 ns, Total: 98405 ns
[1807.748s][info ][safepoint      ] Safepoint "Cleanup", Time since last: 4023366903 ns, Reaching safepoint: 10301 ns, Cleanup: 14701 ns, At safepoint: 3200 ns, Total: 28202 ns
[1811.822s][info ][gc,start       ] GC(66) Pause Young (Allocation Failure)
[1811.842s][debug][gc,phases      ] GC(66) Scavenge 20.559ms
[1811.843s][debug][gc,ref         ] GC(66) ReferenceProcessor::execute queues: 1, RefProcThreadModel::Single, marks_oops_alive: false
[1811.843s][debug][gc,ref         ] GC(66) Skipped KeepAliveFinalRefsPhase of Reference Processing: no references
[1811.843s][debug][gc,ref         ] GC(66) ReferenceProcessor::execute queues: 1, RefProcThreadModel::Single, marks_oops_alive: false
[1811.843s][debug][gc,phases      ] GC(66) Reference Processing 0.147ms
[1811.843s][debug][gc,phases      ] GC(66)   VM Weak                        Min:  0.0, Avg:  0.0, Max:  0.0, Diff:  0.0, Sum:  0.0, Workers: 4
[1811.843s][debug][gc,phases      ] GC(66)     Dead                           Min: 0, Avg:  0.0, Max: 0, Diff: 0, Sum: 0, Workers: 4
[1811.843s][debug][gc,phases      ] GC(66)     Total                          Min: 0, Avg: 256.8, Max: 643, Diff: 643, Sum: 1027, Workers: 4
[1811.843s][debug][gc,phases      ] GC(66)   ObjectSynchronizer Weak        Min:  0.0, Avg:  0.0, Max:  0.0, Diff:  0.0, Sum:  0.0, Workers: 4
[1811.843s][debug][gc,phases      ] GC(66)     Dead                           Min: 0, Avg:  0.0, Max: 0, Diff: 0, Sum: 0, Workers: 4
[1811.843s][debug][gc,phases      ] GC(66)     Total                          Min: 0, Avg:  0.8, Max: 3, Diff: 3, Sum: 3, Workers: 4
[1811.843s][debug][gc,phases      ] GC(66)   JVMTI Tag Weak OopStorage      Min:  0.0, Avg:  0.0, Max:  0.0, Diff:  0.0, Sum:  0.0, Workers: 4
[1811.843s][debug][gc,phases      ] GC(66)     Dead                           Min: 0, Avg:  0.0, Max: 0, Diff: 0, Sum: 0, Workers: 4
[1811.843s][debug][gc,phases      ] GC(66)     Total                          Min: 0, Avg:  0.0, Max: 0, Diff: 0, Sum: 0, Workers: 4
[1811.843s][debug][gc,phases      ] GC(66)   StringTable Weak               Min:  0.0, Avg:  0.1, Max:  0.2, Diff:  0.2, Sum:  0.4, Workers: 4
[1811.843s][debug][gc,phases      ] GC(66)     Dead                           Min: 0, Avg:  0.5, Max: 2, Diff: 2, Sum: 2, Workers: 4
[1811.843s][debug][gc,phases      ] GC(66)     Total                          Min: 0, Avg: 12207.8, Max: 24512, Diff: 24512, Sum: 48831, Workers: 4
[1811.843s][debug][gc,phases      ] GC(66)   ResolvedMethodTable Weak       Min:  0.0, Avg:  0.0, Max:  0.1, Diff:  0.1, Sum:  0.1, Workers: 4
[1811.843s][debug][gc,phases      ] GC(66)     Dead                           Min: 0, Avg:  3.0, Max: 7, Diff: 7, Sum: 12, Workers: 4
[1811.843s][debug][gc,phases      ] GC(66)     Total                          Min: 0, Avg: 3410.2, Max: 7012, Diff: 7012, Sum: 13641, Workers: 4
[1811.843s][debug][gc,phases      ] GC(66)   JNI Weak                       Min:  0.0, Avg:  0.0, Max:  0.0, Diff:  0.0, Sum:  0.0, Workers: 4
[1811.843s][debug][gc,phases      ] GC(66)     Dead                           Min: 0, Avg:  0.0, Max: 0, Diff: 0, Sum: 0, Workers: 4
[1811.843s][debug][gc,phases      ] GC(66)     Total                          Min: 0, Avg: 12.0, Max: 48, Diff: 48, Sum: 48, Workers: 4
[1811.843s][debug][gc,phases      ] GC(66)   StringDedup Table Weak         Min:  0.0, Avg:  0.0, Max:  0.0, Diff:  0.0, Sum:  0.0, Workers: 4
[1811.843s][debug][gc,phases      ] GC(66)     Dead                           Min: 0, Avg:  0.0, Max: 0, Diff: 0, Sum: 0, Workers: 4
[1811.843s][debug][gc,phases      ] GC(66)     Total                          Min: 0, Avg:  0.0, Max: 0, Diff: 0, Sum: 0, Workers: 4
[1811.843s][debug][gc,phases      ] GC(66)   StringDedup Requests0 Weak     Min:  0.0, Avg:  0.0, Max:  0.0, Diff:  0.0, Sum:  0.0, Workers: 4
[1811.843s][debug][gc,phases      ] GC(66)     Dead                           Min: 0, Avg:  0.0, Max: 0, Diff: 0, Sum: 0, Workers: 4
[1811.843s][debug][gc,phases      ] GC(66)     Total                          Min: 0, Avg:  0.0, Max: 0, Diff: 0, Sum: 0, Workers: 4
[1811.843s][debug][gc,phases      ] GC(66)   StringDedup Requests1 Weak     Min:  0.0, Avg:  0.0, Max:  0.0, Diff:  0.0, Sum:  0.0, Workers: 4
[1811.843s][debug][gc,phases      ] GC(66)     Dead                           Min: 0, Avg:  0.0, Max: 0, Diff: 0, Sum: 0, Workers: 4
[1811.843s][debug][gc,phases      ] GC(66)     Total                          Min: 0, Avg:  0.0, Max: 0, Diff: 0, Sum: 0, Workers: 4
[1811.843s][debug][gc,phases      ] GC(66)   Weak JFR Old Object Samples    Min:  0.0, Avg:  0.0, Max:  0.0, Diff:  0.0, Sum:  0.0, Workers: 4
[1811.843s][debug][gc,phases      ] GC(66)     Dead                           Min: 0, Avg:  0.0, Max: 0, Diff: 0, Sum: 0, Workers: 4
[1811.843s][debug][gc,phases      ] GC(66)     Total                          Min: 0, Avg:  0.0, Max: 0, Diff: 0, Sum: 0, Workers: 4
[1811.843s][debug][gc,phases      ] GC(66) Weak Processing 0.573ms
[1811.843s][debug][gc,age         ] GC(66) Desired survivor size 32505856 bytes, new threshold 1 (max threshold 15)
[1811.843s][info ][gc,heap        ] GC(66) PSYoungGen: 2025488K(2059264K)->2128K(2065408K) Eden: 2023424K(2023424K)->0K(2031616K) From: 2064K(35840K)->2128K(33792K)
[1811.843s][info ][gc,heap        ] GC(66) ParOldGen: 762763K(762880K)->763091K(763392K)
[1811.843s][info ][gc,metaspace   ] GC(66) Metaspace: 97355K(98688K)->97355K(98688K) NonClass: 83121K(83904K)->83121K(83904K) Class: 14233K(14784K)->14233K(14784K)
[1811.843s][info ][gc             ] GC(66) Pause Young (Allocation Failure) 2722M->747M(2762M) 21.446ms
[1811.843s][info ][gc,cpu         ] GC(66) User=0.03s Sys=0.00s Real=0.02s
[1811.843s][info ][safepoint      ] Safepoint "ParallelGCFailedAllocation", Time since last: 4073318449 ns, Reaching safepoint: 9600 ns, Cleanup: 5601 ns, At safepoint: 21562061 ns, Total: 21577262 ns
[1815.844s][info ][safepoint      ] Safepoint "Cleanup", Time since last: 4000412073 ns, Reaching safepoint: 10700 ns, Cleanup: 13501 ns, At safepoint: 3100 ns, Total: 27301 ns
[1821.849s][info ][safepoint      ] Safepoint "Cleanup", Time since last: 6004907268 ns, Reaching safepoint: 15601 ns, Cleanup: 17001 ns, At safepoint: 4500 ns, Total: 37102 ns
[1824.850s][info ][safepoint      ] Safepoint "Cleanup", Time since last: 3000802759 ns, Reaching safepoint: 12201 ns, Cleanup: 14401 ns, At safepoint: 3500 ns, Total: 30102 ns
[1837.851s][info ][safepoint      ] Safepoint "Cleanup", Time since last: 13001128283 ns, Reaching safepoint: 9800 ns, Cleanup: 21501 ns, At safepoint: 8401 ns, Total: 39702 ns
[1838.851s][info ][safepoint      ] Safepoint "Cleanup", Time since last: 1000129657 ns, Reaching safepoint: 8801 ns, Cleanup: 19201 ns, At safepoint: 3300 ns, Total: 31302 ns
[1845.851s][info ][safepoint      ] Safepoint "Cleanup", Time since last: 7000529744 ns, Reaching safepoint: 10100 ns, Cleanup: 17401 ns, At safepoint: 2801 ns, Total: 30302 ns
[1852.111s][info ][gc,start       ] GC(67) Pause Young (Allocation Failure)
[1852.118s][debug][gc,phases      ] GC(67) Scavenge 6.712ms
[1852.118s][debug][gc,ref         ] GC(67) ReferenceProcessor::execute queues: 1, RefProcThreadModel::Single, marks_oops_alive: false
[1852.118s][debug][gc,ref         ] GC(67) Skipped KeepAliveFinalRefsPhase of Reference Processing: no references
[1852.118s][debug][gc,ref         ] GC(67) ReferenceProcessor::execute queues: 1, RefProcThreadModel::Single, marks_oops_alive: false
[1852.118s][debug][gc,phases      ] GC(67) Reference Processing 0.143ms
[1852.119s][debug][gc,phases      ] GC(67)   VM Weak                        Min:  0.0, Avg:  0.0, Max:  0.0, Diff:  0.0, Sum:  0.0, Workers: 4
[1852.119s][debug][gc,phases      ] GC(67)     Dead                           Min: 0, Avg:  0.0, Max: 0, Diff: 0, Sum: 0, Workers: 4
[1852.119s][debug][gc,phases      ] GC(67)     Total                          Min: 0, Avg: 256.8, Max: 707, Diff: 707, Sum: 1027, Workers: 4
[1852.119s][debug][gc,phases      ] GC(67)   ObjectSynchronizer Weak        Min:  0.0, Avg:  0.0, Max:  0.0, Diff:  0.0, Sum:  0.0, Workers: 4
[1852.119s][debug][gc,phases      ] GC(67)     Dead                           Min: 0, Avg:  0.0, Max: 0, Diff: 0, Sum: 0, Workers: 4
[1852.119s][debug][gc,phases      ] GC(67)     Total                          Min: 0, Avg:  1.0, Max: 4, Diff: 4, Sum: 4, Workers: 4
[1852.119s][debug][gc,phases      ] GC(67)   JVMTI Tag Weak OopStorage      Min:  0.0, Avg:  0.0, Max:  0.0, Diff:  0.0, Sum:  0.0, Workers: 4
[1852.119s][debug][gc,phases      ] GC(67)     Dead                           Min: 0, Avg:  0.0, Max: 0, Diff: 0, Sum: 0, Workers: 4
[1852.119s][debug][gc,phases      ] GC(67)     Total                          Min: 0, Avg:  0.0, Max: 0, Diff: 0, Sum: 0, Workers: 4
[1852.119s][debug][gc,phases      ] GC(67)   StringTable Weak               Min:  0.0, Avg:  0.1, Max:  0.2, Diff:  0.2, Sum:  0.5, Workers: 4
[1852.119s][debug][gc,phases      ] GC(67)     Dead                           Min: 0, Avg:  0.0, Max: 0, Diff: 0, Sum: 0, Workers: 4
[1852.119s][debug][gc,phases      ] GC(67)     Total                          Min: 0, Avg: 12209.5, Max: 25024, Diff: 25024, Sum: 48838, Workers: 4
[1852.119s][debug][gc,phases      ] GC(67)   ResolvedMethodTable Weak       Min:  0.0, Avg:  0.0, Max:  0.1, Diff:  0.1, Sum:  0.1, Workers: 4
[1852.119s][debug][gc,phases      ] GC(67)     Dead                           Min: 0, Avg:  0.2, Max: 1, Diff: 1, Sum: 1, Workers: 4
[1852.119s][debug][gc,phases      ] GC(67)     Total                          Min: 0, Avg: 3410.8, Max: 7076, Diff: 7076, Sum: 13643, Workers: 4
[1852.119s][debug][gc,phases      ] GC(67)   JNI Weak                       Min:  0.0, Avg:  0.0, Max:  0.0, Diff:  0.0, Sum:  0.0, Workers: 4
[1852.119s][debug][gc,phases      ] GC(67)     Dead                           Min: 0, Avg:  0.0, Max: 0, Diff: 0, Sum: 0, Workers: 4
[1852.119s][debug][gc,phases      ] GC(67)     Total                          Min: 0, Avg: 12.0, Max: 48, Diff: 48, Sum: 48, Workers: 4
[1852.119s][debug][gc,phases      ] GC(67)   StringDedup Table Weak         Min:  0.0, Avg:  0.0, Max:  0.0, Diff:  0.0, Sum:  0.0, Workers: 4
[1852.119s][debug][gc,phases      ] GC(67)     Dead                           Min: 0, Avg:  0.0, Max: 0, Diff: 0, Sum: 0, Workers: 4
[1852.119s][debug][gc,phases      ] GC(67)     Total                          Min: 0, Avg:  0.0, Max: 0, Diff: 0, Sum: 0, Workers: 4
[1852.119s][debug][gc,phases      ] GC(67)   StringDedup Requests0 Weak     Min:  0.0, Avg:  0.0, Max:  0.0, Diff:  0.0, Sum:  0.0, Workers: 4
[1852.119s][debug][gc,phases      ] GC(67)     Dead                           Min: 0, Avg:  0.0, Max: 0, Diff: 0, Sum: 0, Workers: 4
[1852.119s][debug][gc,phases      ] GC(67)     Total                          Min: 0, Avg:  0.0, Max: 0, Diff: 0, Sum: 0, Workers: 4
[1852.119s][debug][gc,phases      ] GC(67)   StringDedup Requests1 Weak     Min:  0.0, Avg:  0.0, Max:  0.0, Diff:  0.0, Sum:  0.0, Workers: 4
[1852.119s][debug][gc,phases      ] GC(67)     Dead                           Min: 0, Avg:  0.0, Max: 0, Diff: 0, Sum: 0, Workers: 4
[1852.119s][debug][gc,phases      ] GC(67)     Total                          Min: 0, Avg:  0.0, Max: 0, Diff: 0, Sum: 0, Workers: 4
[1852.119s][debug][gc,phases      ] GC(67)   Weak JFR Old Object Samples    Min:  0.0, Avg:  0.0, Max:  0.0, Diff:  0.0, Sum:  0.0, Workers: 4
[1852.119s][debug][gc,phases      ] GC(67)     Dead                           Min: 0, Avg:  0.0, Max: 0, Diff: 0, Sum: 0, Workers: 4
[1852.119s][debug][gc,phases      ] GC(67)     Total                          Min: 0, Avg:  0.0, Max: 0, Diff: 0, Sum: 0, Workers: 4
[1852.119s][debug][gc,phases      ] GC(67) Weak Processing 0.632ms
[1852.119s][debug][gc,age         ] GC(67) Desired survivor size 30408704 bytes, new threshold 1 (max threshold 15)
[1852.119s][info ][gc,heap        ] GC(67) PSYoungGen: 2033744K(2065408K)->2032K(2063360K) Eden: 2031616K(2031616K)->0K(2031616K) From: 2128K(33792K)->2032K(31744K)
[1852.119s][info ][gc,heap        ] GC(67) ParOldGen: 763091K(763392K)->763475K(763904K)
[1852.119s][info ][gc,metaspace   ] GC(67) Metaspace: 97367K(98688K)->97367K(98688K) NonClass: 83133K(83904K)->83133K(83904K) Class: 14233K(14784K)->14233K(14784K)
[1852.119s][info ][gc             ] GC(67) Pause Young (Allocation Failure) 2731M->747M(2761M) 7.663ms
[1852.119s][info ][gc,cpu         ] GC(67) User=0.01s Sys=0.00s Real=0.01s
[1852.119s][info ][safepoint      ] Safepoint "ParallelGCFailedAllocation", Time since last: 6259728337 ns, Reaching safepoint: 10301 ns, Cleanup: 5000 ns, At safepoint: 7766332 ns, Total: 7781633 ns
[1857.119s][info ][safepoint      ] Safepoint "Cleanup", Time since last: 5000340251 ns, Reaching safepoint: 8400 ns, Cleanup: 14201 ns, At safepoint: 35302 ns, Total: 57903 ns
[1860.120s][info ][safepoint      ] Safepoint "Cleanup", Time since last: 3001137969 ns, Reaching safepoint: 7700 ns, Cleanup: 10001 ns, At safepoint: 2300 ns, Total: 20001 ns
[1861.889s][info ][safepoint      ] Safepoint "Cleanup", Time since last: 1768419820 ns, Reaching safepoint: 11401 ns, Cleanup: 16501 ns, At safepoint: 3500 ns, Total: 31402 ns
[1871.459s][info ][gc,start       ] GC(68) Pause Young (CodeCache GC Threshold)
[1871.463s][debug][gc,phases      ] GC(68) Scavenge 3.949ms
[1871.463s][debug][gc,ref         ] GC(68) ReferenceProcessor::execute queues: 1, RefProcThreadModel::Single, marks_oops_alive: false
[1871.463s][debug][gc,ref         ] GC(68) Skipped KeepAliveFinalRefsPhase of Reference Processing: no references
[1871.463s][debug][gc,ref         ] GC(68) ReferenceProcessor::execute queues: 1, RefProcThreadModel::Single, marks_oops_alive: false
[1871.463s][debug][gc,phases      ] GC(68) Reference Processing 0.133ms
[1871.464s][debug][gc,phases      ] GC(68)   VM Weak                        Min:  0.0, Avg:  0.0, Max:  0.0, Diff:  0.0, Sum:  0.0, Workers: 4
[1871.464s][debug][gc,phases      ] GC(68)     Dead                           Min: 0, Avg:  0.0, Max: 0, Diff: 0, Sum: 0, Workers: 4
[1871.464s][debug][gc,phases      ] GC(68)     Total                          Min: 0, Avg: 257.8, Max: 576, Diff: 576, Sum: 1031, Workers: 4
[1871.464s][debug][gc,phases      ] GC(68)   ObjectSynchronizer Weak        Min:  0.0, Avg:  0.0, Max:  0.0, Diff:  0.0, Sum:  0.0, Workers: 4
[1871.464s][debug][gc,phases      ] GC(68)     Dead                           Min: 0, Avg:  0.0, Max: 0, Diff: 0, Sum: 0, Workers: 4
[1871.464s][debug][gc,phases      ] GC(68)     Total                          Min: 0, Avg:  1.0, Max: 4, Diff: 4, Sum: 4, Workers: 4
[1871.464s][debug][gc,phases      ] GC(68)   JVMTI Tag Weak OopStorage      Min:  0.0, Avg:  0.0, Max:  0.0, Diff:  0.0, Sum:  0.0, Workers: 4
[1871.464s][debug][gc,phases      ] GC(68)     Dead                           Min: 0, Avg:  0.0, Max: 0, Diff: 0, Sum: 0, Workers: 4
[1871.464s][debug][gc,phases      ] GC(68)     Total                          Min: 0, Avg:  0.0, Max: 0, Diff: 0, Sum: 0, Workers: 4
[1871.464s][debug][gc,phases      ] GC(68)   StringTable Weak               Min:  0.0, Avg:  0.1, Max:  0.1, Diff:  0.1, Sum:  0.4, Workers: 4
[1871.464s][debug][gc,phases      ] GC(68)     Dead                           Min: 0, Avg:  0.2, Max: 1, Diff: 1, Sum: 1, Workers: 4
[1871.464s][debug][gc,phases      ] GC(68)     Total                          Min: 0, Avg: 12214.0, Max: 17536, Diff: 17536, Sum: 48856, Workers: 4
[1871.464s][debug][gc,phases      ] GC(68)   ResolvedMethodTable Weak       Min:  0.0, Avg:  0.0, Max:  0.0, Diff:  0.0, Sum:  0.1, Workers: 4
[1871.464s][debug][gc,phases      ] GC(68)     Dead                           Min: 0, Avg:  0.5, Max: 1, Diff: 1, Sum: 2, Workers: 4
[1871.464s][debug][gc,phases      ] GC(68)     Total                          Min: 0, Avg: 3419.5, Max: 4939, Diff: 4939, Sum: 13678, Workers: 4
[1871.464s][debug][gc,phases      ] GC(68)   JNI Weak                       Min:  0.0, Avg:  0.0, Max:  0.0, Diff:  0.0, Sum:  0.0, Workers: 4
[1871.464s][debug][gc,phases      ] GC(68)     Dead                           Min: 0, Avg:  0.0, Max: 0, Diff: 0, Sum: 0, Workers: 4
[1871.464s][debug][gc,phases      ] GC(68)     Total                          Min: 0, Avg: 12.0, Max: 48, Diff: 48, Sum: 48, Workers: 4
[1871.464s][debug][gc,phases      ] GC(68)   StringDedup Table Weak         Min:  0.0, Avg:  0.0, Max:  0.0, Diff:  0.0, Sum:  0.0, Workers: 4
[1871.464s][debug][gc,phases      ] GC(68)     Dead                           Min: 0, Avg:  0.0, Max: 0, Diff: 0, Sum: 0, Workers: 4
[1871.464s][debug][gc,phases      ] GC(68)     Total                          Min: 0, Avg:  0.0, Max: 0, Diff: 0, Sum: 0, Workers: 4
[1871.464s][debug][gc,phases      ] GC(68)   StringDedup Requests0 Weak     Min:  0.0, Avg:  0.0, Max:  0.0, Diff:  0.0, Sum:  0.0, Workers: 4
[1871.464s][debug][gc,phases      ] GC(68)     Dead                           Min: 0, Avg:  0.0, Max: 0, Diff: 0, Sum: 0, Workers: 4
[1871.464s][debug][gc,phases      ] GC(68)     Total                          Min: 0, Avg:  0.0, Max: 0, Diff: 0, Sum: 0, Workers: 4
[1871.464s][debug][gc,phases      ] GC(68)   StringDedup Requests1 Weak     Min:  0.0, Avg:  0.0, Max:  0.0, Diff:  0.0, Sum:  0.0, Workers: 4
[1871.464s][debug][gc,phases      ] GC(68)     Dead                           Min: 0, Avg:  0.0, Max: 0, Diff: 0, Sum: 0, Workers: 4
[1871.464s][debug][gc,phases      ] GC(68)     Total                          Min: 0, Avg:  0.0, Max: 0, Diff: 0, Sum: 0, Workers: 4
[1871.464s][debug][gc,phases      ] GC(68)   Weak JFR Old Object Samples    Min:  0.0, Avg:  0.0, Max:  0.0, Diff:  0.0, Sum:  0.0, Workers: 4
[1871.464s][debug][gc,phases      ] GC(68)     Dead                           Min: 0, Avg:  0.0, Max: 0, Diff: 0, Sum: 0, Workers: 4
[1871.464s][debug][gc,phases      ] GC(68)     Total                          Min: 0, Avg:  0.0, Max: 0, Diff: 0, Sum: 0, Workers: 4
[1871.464s][debug][gc,phases      ] GC(68) Weak Processing 0.450ms
[1871.464s][debug][gc,age         ] GC(68) Desired survivor size 28835840 bytes, new threshold 1 (max threshold 15)
[1871.464s][info ][gc,heap        ] GC(68) PSYoungGen: 986944K(2063360K)->1968K(2068992K) Eden: 984912K(2031616K)->0K(2039296K) From: 2032K(31744K)->1968K(29696K)
[1871.464s][info ][gc,heap        ] GC(68) ParOldGen: 763475K(763904K)->763907K(764416K)
[1871.464s][info ][gc,metaspace   ] GC(68) Metaspace: 97419K(98752K)->97419K(98752K) NonClass: 83172K(83904K)->83172K(83904K) Class: 14247K(14848K)->14247K(14848K)
[1871.464s][info ][gc             ] GC(68) Pause Young (CodeCache GC Threshold) 1709M->747M(2767M) 4.681ms
[1871.464s][info ][gc,cpu         ] GC(68) User=0.02s Sys=0.00s Real=0.00s
[1871.464s][debug][gc,phases      ] GC(69) Pre Compact 0.008ms
[1871.464s][info ][gc,start       ] GC(69) Pause Full (CodeCache GC Threshold)
[1871.464s][info ][gc,phases,start] GC(69) Marking Phase
[1871.598s][debug][gc,phases      ] GC(69) Par Mark 133.601ms
[1871.598s][debug][gc,ref         ] GC(69) ReferenceProcessor::execute queues: 4, RefProcThreadModel::Multi, marks_oops_alive: false
[1871.599s][debug][gc,ref         ] GC(69) Skipped KeepAliveFinalRefsPhase of Reference Processing: no references
[1871.599s][debug][gc,ref         ] GC(69) ReferenceProcessor::execute queues: 1, RefProcThreadModel::Single, marks_oops_alive: false
[1871.599s][debug][gc,phases      ] GC(69) Reference Processing 1.181ms
[1871.599s][debug][gc,phases      ] GC(69)   VM Weak                        Min:  0.0, Avg:  0.0, Max:  0.0, Diff:  0.0, Sum:  0.0, Workers: 4
[1871.599s][debug][gc,phases      ] GC(69)     Dead                           Min: 0, Avg:  0.0, Max: 0, Diff: 0, Sum: 0, Workers: 4
[1871.599s][debug][gc,phases      ] GC(69)     Total                          Min: 0, Avg: 257.8, Max: 448, Diff: 448, Sum: 1031, Workers: 4
[1871.599s][debug][gc,phases      ] GC(69)   ObjectSynchronizer Weak        Min:  0.0, Avg:  0.0, Max:  0.0, Diff:  0.0, Sum:  0.0, Workers: 4
[1871.599s][debug][gc,phases      ] GC(69)     Dead                           Min: 0, Avg:  0.0, Max: 0, Diff: 0, Sum: 0, Workers: 4
[1871.599s][debug][gc,phases      ] GC(69)     Total                          Min: 0, Avg:  1.0, Max: 4, Diff: 4, Sum: 4, Workers: 4
[1871.599s][debug][gc,phases      ] GC(69)   JVMTI Tag Weak OopStorage      Min:  0.0, Avg:  0.0, Max:  0.0, Diff:  0.0, Sum:  0.0, Workers: 4
[1871.599s][debug][gc,phases      ] GC(69)     Dead                           Min: 0, Avg:  0.0, Max: 0, Diff: 0, Sum: 0, Workers: 4
[1871.599s][debug][gc,phases      ] GC(69)     Total                          Min: 0, Avg:  0.0, Max: 0, Diff: 0, Sum: 0, Workers: 4
[1871.599s][debug][gc,phases      ] GC(69)   StringTable Weak               Min:  0.0, Avg:  0.2, Max:  0.3, Diff:  0.3, Sum:  1.0, Workers: 4
[1871.599s][debug][gc,phases      ] GC(69)     Dead                           Min: 0, Avg:  0.0, Max: 0, Diff: 0, Sum: 0, Workers: 4
[1871.599s][debug][gc,phases      ] GC(69)     Total                          Min: 0, Avg: 12214.0, Max: 20056, Diff: 20056, Sum: 48856, Workers: 4
[1871.599s][debug][gc,phases      ] GC(69)   ResolvedMethodTable Weak       Min:  0.0, Avg:  0.1, Max:  0.1, Diff:  0.1, Sum:  0.2, Workers: 4
[1871.599s][debug][gc,phases      ] GC(69)     Dead                           Min: 0, Avg:  0.0, Max: 0, Diff: 0, Sum: 0, Workers: 4
[1871.599s][debug][gc,phases      ] GC(69)     Total                          Min: 0, Avg: 3419.5, Max: 6057, Diff: 6057, Sum: 13678, Workers: 4
[1871.599s][debug][gc,phases      ] GC(69)   JNI Weak                       Min:  0.0, Avg:  0.0, Max:  0.0, Diff:  0.0, Sum:  0.0, Workers: 4
[1871.599s][debug][gc,phases      ] GC(69)     Dead                           Min: 0, Avg:  0.0, Max: 0, Diff: 0, Sum: 0, Workers: 4
[1871.599s][debug][gc,phases      ] GC(69)     Total                          Min: 0, Avg: 12.0, Max: 48, Diff: 48, Sum: 48, Workers: 4
[1871.599s][debug][gc,phases      ] GC(69)   StringDedup Table Weak         Min:  0.0, Avg:  0.0, Max:  0.0, Diff:  0.0, Sum:  0.0, Workers: 4
[1871.599s][debug][gc,phases      ] GC(69)     Dead                           Min: 0, Avg:  0.0, Max: 0, Diff: 0, Sum: 0, Workers: 4
[1871.599s][debug][gc,phases      ] GC(69)     Total                          Min: 0, Avg:  0.0, Max: 0, Diff: 0, Sum: 0, Workers: 4
[1871.599s][debug][gc,phases      ] GC(69)   StringDedup Requests0 Weak     Min:  0.0, Avg:  0.0, Max:  0.0, Diff:  0.0, Sum:  0.0, Workers: 4
[1871.599s][debug][gc,phases      ] GC(69)     Dead                           Min: 0, Avg:  0.0, Max: 0, Diff: 0, Sum: 0, Workers: 4
[1871.599s][debug][gc,phases      ] GC(69)     Total                          Min: 0, Avg:  0.0, Max: 0, Diff: 0, Sum: 0, Workers: 4
[1871.599s][debug][gc,phases      ] GC(69)   StringDedup Requests1 Weak     Min:  0.0, Avg:  0.0, Max:  0.0, Diff:  0.0, Sum:  0.0, Workers: 4
[1871.599s][debug][gc,phases      ] GC(69)     Dead                           Min: 0, Avg:  0.0, Max: 0, Diff: 0, Sum: 0, Workers: 4
[1871.599s][debug][gc,phases      ] GC(69)     Total                          Min: 0, Avg:  0.0, Max: 0, Diff: 0, Sum: 0, Workers: 4
[1871.599s][debug][gc,phases      ] GC(69)   Weak JFR Old Object Samples    Min:  0.0, Avg:  0.0, Max:  0.0, Diff:  0.0, Sum:  0.0, Workers: 4
[1871.599s][debug][gc,phases      ] GC(69)     Dead                           Min: 0, Avg:  0.0, Max: 0, Diff: 0, Sum: 0, Workers: 4
[1871.599s][debug][gc,phases      ] GC(69)     Total                          Min: 0, Avg:  0.0, Max: 0, Diff: 0, Sum: 0, Workers: 4
[1871.599s][debug][gc,phases      ] GC(69) Weak Processing 0.666ms
[1871.600s][debug][gc,phases      ] GC(69) ClassLoaderData 0.149ms
[1871.600s][debug][gc,phases      ] GC(69) Trigger cleanups 0.000ms
[1871.668s][debug][gc,phases      ] GC(69) Purge Unlinked NMethods 2.551ms
[1871.668s][debug][gc,phases      ] GC(69) Unregister NMethods 0.001ms
[1871.668s][debug][gc,phases      ] GC(69) Free Code Blobs 0.328ms
[1871.668s][debug][gc,phases      ] GC(69) Class Unloading 68.554ms
[1871.668s][debug][gc,phases      ] GC(69) Report Object Count 0.001ms
[1871.668s][info ][gc,phases      ] GC(69) Marking Phase 204.085ms
[1871.668s][info ][gc,phases,start] GC(69) Summary Phase
[1871.668s][info ][gc,phases      ] GC(69) Summary Phase 0.025ms
[1871.668s][info ][gc,phases,start] GC(69) Adjust Roots
[1871.690s][info ][gc,phases      ] GC(69) Adjust Roots 21.849ms
[1871.690s][info ][gc,phases,start] GC(69) Compaction Phase
[1871.823s][info ][gc,phases      ] GC(69) Compaction Phase 133.405ms
[1871.823s][info ][gc,phases,start] GC(69) Post Compact
[1871.834s][debug][gc,phases      ] GC(69) Purge Class Loader Data 0.796ms
[1871.835s][info ][gc,phases      ] GC(69) Post Compact 11.324ms
[1871.835s][info ][gc,heap        ] GC(69) PSYoungGen: 1968K(2068992K)->0K(2068992K) Eden: 0K(2039296K)->0K(2039296K) From: 1968K(29696K)->0K(29696K)
[1871.835s][info ][gc,heap        ] GC(69) ParOldGen: 763907K(764416K)->377387K(764416K)
[1871.835s][info ][gc,metaspace   ] GC(69) Metaspace: 97419K(98752K)->97419K(98752K) NonClass: 83172K(83904K)->83172K(83904K) Class: 14247K(14848K)->14247K(14848K)
[1871.835s][info ][gc             ] GC(69) Pause Full (CodeCache GC Threshold) 747M->368M(2767M) 370.870ms
[1871.835s][info ][gc,cpu         ] GC(69) User=1.01s Sys=0.04s Real=0.37s
[1871.835s][info ][safepoint      ] Safepoint "ParallelGCSystemGC", Time since last: 9570097053 ns, Reaching safepoint: 89005 ns, Cleanup: 10101 ns, At safepoint: 375706771 ns, Total: 375805877 ns
[1874.835s][info ][safepoint      ] Safepoint "Cleanup", Time since last: 3000251151 ns, Reaching safepoint: 8600 ns, Cleanup: 106906 ns, At safepoint: 5301 ns, Total: 120807 ns
[1892.837s][info ][safepoint      ] Safepoint "Cleanup", Time since last: 18001401017 ns, Reaching safepoint: 8500 ns, Cleanup: 12701 ns, At safepoint: 3000 ns, Total: 24201 ns
[1906.838s][info ][safepoint      ] Safepoint "Cleanup", Time since last: 14001103724 ns, Reaching safepoint: 12800 ns, Cleanup: 17000 ns, At safepoint: 4201 ns, Total: 34001 ns
[1908.838s][info ][safepoint      ] Safepoint "Cleanup", Time since last: 2000222747 ns, Reaching safepoint: 9401 ns, Cleanup: 14701 ns, At safepoint: 3300 ns, Total: 27402 ns
[1909.838s][info ][safepoint      ] Safepoint "Cleanup", Time since last: 1000135257 ns, Reaching safepoint: 11900 ns, Cleanup: 17801 ns, At safepoint: 7801 ns, Total: 37502 ns
[1911.838s][info ][safepoint      ] Safepoint "Cleanup", Time since last: 2000209310 ns, Reaching safepoint: 13501 ns, Cleanup: 19001 ns, At safepoint: 3400 ns, Total: 35902 ns
[1913.019s][info ][gc,start       ] GC(70) Pause Young (Allocation Failure)
[1913.023s][debug][gc,phases      ] GC(70) Scavenge 4.231ms
[1913.023s][debug][gc,ref         ] GC(70) ReferenceProcessor::execute queues: 1, RefProcThreadModel::Single, marks_oops_alive: false
[1913.023s][debug][gc,ref         ] GC(70) Skipped KeepAliveFinalRefsPhase of Reference Processing: no references
[1913.023s][debug][gc,ref         ] GC(70) Skipped PhantomRefsPhase of Reference Processing: no references
[1913.023s][debug][gc,phases      ] GC(70) Reference Processing 0.140ms
[1913.023s][debug][gc,phases      ] GC(70)   VM Weak                        Min:  0.0, Avg:  0.0, Max:  0.0, Diff:  0.0, Sum:  0.0, Workers: 4
[1913.023s][debug][gc,phases      ] GC(70)     Dead                           Min: 0, Avg:  0.0, Max: 0, Diff: 0, Sum: 0, Workers: 4
[1913.023s][debug][gc,phases      ] GC(70)     Total                          Min: 192, Avg: 257.8, Max: 320, Diff: 128, Sum: 1031, Workers: 4
[1913.023s][debug][gc,phases      ] GC(70)   ObjectSynchronizer Weak        Min:  0.0, Avg:  0.0, Max:  0.0, Diff:  0.0, Sum:  0.0, Workers: 4
[1913.023s][debug][gc,phases      ] GC(70)     Dead                           Min: 0, Avg:  0.0, Max: 0, Diff: 0, Sum: 0, Workers: 4
[1913.023s][debug][gc,phases      ] GC(70)     Total                          Min: 0, Avg:  1.0, Max: 4, Diff: 4, Sum: 4, Workers: 4
[1913.023s][debug][gc,phases      ] GC(70)   JVMTI Tag Weak OopStorage      Min:  0.0, Avg:  0.0, Max:  0.0, Diff:  0.0, Sum:  0.0, Workers: 4
[1913.023s][debug][gc,phases      ] GC(70)     Dead                           Min: 0, Avg:  0.0, Max: 0, Diff: 0, Sum: 0, Workers: 4
[1913.023s][debug][gc,phases      ] GC(70)     Total                          Min: 0, Avg:  0.0, Max: 0, Diff: 0, Sum: 0, Workers: 4
[1913.023s][debug][gc,phases      ] GC(70)   StringTable Weak               Min:  0.1, Avg:  0.1, Max:  0.1, Diff:  0.0, Sum:  0.5, Workers: 4
[1913.023s][debug][gc,phases      ] GC(70)     Dead                           Min: 0, Avg:  0.0, Max: 0, Diff: 0, Sum: 0, Workers: 4
[1913.023s][debug][gc,phases      ] GC(70)     Total                          Min: 11392, Avg: 12214.2, Max: 12890, Diff: 1498, Sum: 48857, Workers: 4
[1913.023s][debug][gc,phases      ] GC(70)   ResolvedMethodTable Weak       Min:  0.0, Avg:  0.0, Max:  0.0, Diff:  0.0, Sum:  0.1, Workers: 4
[1913.023s][debug][gc,phases      ] GC(70)     Dead                           Min: 0, Avg:  4.2, Max: 17, Diff: 17, Sum: 17, Workers: 4
[1913.023s][debug][gc,phases      ] GC(70)     Total                          Min: 3080, Avg: 3420.8, Max: 3601, Diff: 521, Sum: 13683, Workers: 4
[1913.023s][debug][gc,phases      ] GC(70)   JNI Weak                       Min:  0.0, Avg:  0.0, Max:  0.0, Diff:  0.0, Sum:  0.0, Workers: 4
[1913.023s][debug][gc,phases      ] GC(70)     Dead                           Min: 0, Avg:  0.0, Max: 0, Diff: 0, Sum: 0, Workers: 4
[1913.023s][debug][gc,phases      ] GC(70)     Total                          Min: 0, Avg: 12.0, Max: 48, Diff: 48, Sum: 48, Workers: 4
[1913.023s][debug][gc,phases      ] GC(70)   StringDedup Table Weak         Min:  0.0, Avg:  0.0, Max:  0.0, Diff:  0.0, Sum:  0.0, Workers: 4
[1913.023s][debug][gc,phases      ] GC(70)     Dead                           Min: 0, Avg:  0.0, Max: 0, Diff: 0, Sum: 0, Workers: 4
[1913.023s][debug][gc,phases      ] GC(70)     Total                          Min: 0, Avg:  0.0, Max: 0, Diff: 0, Sum: 0, Workers: 4
[1913.023s][debug][gc,phases      ] GC(70)   StringDedup Requests0 Weak     Min:  0.0, Avg:  0.0, Max:  0.0, Diff:  0.0, Sum:  0.0, Workers: 4
[1913.023s][debug][gc,phases      ] GC(70)     Dead                           Min: 0, Avg:  0.0, Max: 0, Diff: 0, Sum: 0, Workers: 4
[1913.023s][debug][gc,phases      ] GC(70)     Total                          Min: 0, Avg:  0.0, Max: 0, Diff: 0, Sum: 0, Workers: 4
[1913.023s][debug][gc,phases      ] GC(70)   StringDedup Requests1 Weak     Min:  0.0, Avg:  0.0, Max:  0.0, Diff:  0.0, Sum:  0.0, Workers: 4
[1913.023s][debug][gc,phases      ] GC(70)     Dead                           Min: 0, Avg:  0.0, Max: 0, Diff: 0, Sum: 0, Workers: 4
[1913.023s][debug][gc,phases      ] GC(70)     Total                          Min: 0, Avg:  0.0, Max: 0, Diff: 0, Sum: 0, Workers: 4
[1913.023s][debug][gc,phases      ] GC(70)   Weak JFR Old Object Samples    Min:  0.0, Avg:  0.0, Max:  0.0, Diff:  0.0, Sum:  0.0, Workers: 4
[1913.023s][debug][gc,phases      ] GC(70)     Dead                           Min: 0, Avg:  0.0, Max: 0, Diff: 0, Sum: 0, Workers: 4
[1913.023s][debug][gc,phases      ] GC(70)     Total                          Min: 0, Avg:  0.0, Max: 0, Diff: 0, Sum: 0, Workers: 4
[1913.023s][debug][gc,phases      ] GC(70) Weak Processing 0.415ms
[1913.023s][debug][gc,age         ] GC(70) Desired survivor size 26738688 bytes, new threshold 1 (max threshold 15)
[1913.023s][info ][gc,heap        ] GC(70) PSYoungGen: 2039296K(2068992K)->2288K(2067456K) Eden: 2039296K(2039296K)->0K(2039296K) From: 0K(29696K)->2288K(28160K)
[1913.023s][info ][gc,heap        ] GC(70) ParOldGen: 377387K(764416K)->377387K(764416K)
[1913.023s][info ][gc,metaspace   ] GC(70) Metaspace: 97427K(98752K)->97427K(98752K) NonClass: 83179K(83904K)->83179K(83904K) Class: 14247K(14848K)->14247K(14848K)
[1913.023s][info ][gc             ] GC(70) Pause Young (Allocation Failure) 2360M->370M(2765M) 4.954ms
[1913.023s][info ][gc,cpu         ] GC(70) User=0.02s Sys=0.00s Real=0.00s
[1913.024s][info ][safepoint      ] Safepoint "ParallelGCFailedAllocation", Time since last: 1180034390 ns, Reaching safepoint: 7001 ns, Cleanup: 5400 ns, At safepoint: 5045465 ns, Total: 5057866 ns
[1917.024s][info ][safepoint      ] Safepoint "Cleanup", Time since last: 4000314778 ns, Reaching safepoint: 8100 ns, Cleanup: 13701 ns, At safepoint: 2700 ns, Total: 24501 ns
[1928.908s][info ][safepoint      ] Safepoint "Cleanup", Time since last: 11883933842 ns, Reaching safepoint: 92105 ns, Cleanup: 13501 ns, At safepoint: 38802 ns, Total: 144408 ns
[1930.908s][info ][safepoint      ] Safepoint "Cleanup", Time since last: 2000141964 ns, Reaching safepoint: 82705 ns, Cleanup: 13200 ns, At safepoint: 9001 ns, Total: 104906 ns
[1933.909s][info ][safepoint      ] Safepoint "Cleanup", Time since last: 3000254416 ns, Reaching safepoint: 84105 ns, Cleanup: 26301 ns, At safepoint: 8201 ns, Total: 118607 ns
[1934.909s][info ][safepoint      ] Safepoint "Cleanup", Time since last: 1000129941 ns, Reaching safepoint: 79204 ns, Cleanup: 16301 ns, At safepoint: 6901 ns, Total: 102406 ns
[1937.909s][info ][safepoint      ] Safepoint "Cleanup", Time since last: 3000248658 ns, Reaching safepoint: 50603 ns, Cleanup: 13001 ns, At safepoint: 7700 ns, Total: 71304 ns
[1938.909s][info ][safepoint      ] Safepoint "Cleanup", Time since last: 1000126567 ns, Reaching safepoint: 81205 ns, Cleanup: 17601 ns, At safepoint: 8300 ns, Total: 107106 ns
[1943.910s][info ][safepoint      ] Safepoint "Cleanup", Time since last: 5000440421 ns, Reaching safepoint: 83705 ns, Cleanup: 13601 ns, At safepoint: 7600 ns, Total: 104906 ns
[1944.910s][info ][safepoint      ] Safepoint "Cleanup", Time since last: 1000134309 ns, Reaching safepoint: 79604 ns, Cleanup: 11601 ns, At safepoint: 6000 ns, Total: 97205 ns
[1953.911s][info ][safepoint      ] Safepoint "Cleanup", Time since last: 9000773001 ns, Reaching safepoint: 80304 ns, Cleanup: 10301 ns, At safepoint: 6600 ns, Total: 97205 ns
[1954.911s][info ][safepoint      ] Safepoint "Cleanup", Time since last: 1000085312 ns, Reaching safepoint: 84605 ns, Cleanup: 12701 ns, At safepoint: 6900 ns, Total: 104206 ns
[1955.368s][info ][gc,start       ] GC(71) Pause Young (Allocation Failure)
[1955.373s][debug][gc,phases      ] GC(71) Scavenge 5.599ms
[1955.373s][debug][gc,ref         ] GC(71) ReferenceProcessor::execute queues: 1, RefProcThreadModel::Single, marks_oops_alive: false
[1955.373s][debug][gc,ref         ] GC(71) Skipped KeepAliveFinalRefsPhase of Reference Processing: no references
[1955.373s][debug][gc,ref         ] GC(71) Skipped PhantomRefsPhase of Reference Processing: no references
[1955.373s][debug][gc,phases      ] GC(71) Reference Processing 0.137ms
[1955.374s][debug][gc,phases      ] GC(71)   VM Weak                        Min:  0.0, Avg:  0.0, Max:  0.0, Diff:  0.0, Sum:  0.0, Workers: 4
[1955.374s][debug][gc,phases      ] GC(71)     Dead                           Min: 0, Avg:  0.0, Max: 0, Diff: 0, Sum: 0, Workers: 4
[1955.374s][debug][gc,phases      ] GC(71)     Total                          Min: 0, Avg: 257.8, Max: 576, Diff: 576, Sum: 1031, Workers: 4
[1955.374s][debug][gc,phases      ] GC(71)   ObjectSynchronizer Weak        Min:  0.0, Avg:  0.0, Max:  0.0, Diff:  0.0, Sum:  0.0, Workers: 4
[1955.374s][debug][gc,phases      ] GC(71)     Dead                           Min: 0, Avg:  0.0, Max: 0, Diff: 0, Sum: 0, Workers: 4
[1955.374s][debug][gc,phases      ] GC(71)     Total                          Min: 0, Avg:  1.0, Max: 4, Diff: 4, Sum: 4, Workers: 4
[1955.374s][debug][gc,phases      ] GC(71)   JVMTI Tag Weak OopStorage      Min:  0.0, Avg:  0.0, Max:  0.0, Diff:  0.0, Sum:  0.0, Workers: 4
[1955.374s][debug][gc,phases      ] GC(71)     Dead                           Min: 0, Avg:  0.0, Max: 0, Diff: 0, Sum: 0, Workers: 4
[1955.374s][debug][gc,phases      ] GC(71)     Total                          Min: 0, Avg:  0.0, Max: 0, Diff: 0, Sum: 0, Workers: 4
[1955.374s][debug][gc,phases      ] GC(71)   StringTable Weak               Min:  0.0, Avg:  0.1, Max:  0.2, Diff:  0.2, Sum:  0.5, Workers: 4
[1955.374s][debug][gc,phases      ] GC(71)     Dead                           Min: 0, Avg:  0.0, Max: 0, Diff: 0, Sum: 0, Workers: 4
[1955.374s][debug][gc,phases      ] GC(71)     Total                          Min: 0, Avg: 12214.5, Max: 17280, Diff: 17280, Sum: 48858, Workers: 4
[1955.374s][debug][gc,phases      ] GC(71)   ResolvedMethodTable Weak       Min:  0.0, Avg:  0.0, Max:  0.0, Diff:  0.0, Sum:  0.1, Workers: 4
[1955.374s][debug][gc,phases      ] GC(71)     Dead                           Min: 0, Avg:  0.0, Max: 0, Diff: 0, Sum: 0, Workers: 4
[1955.374s][debug][gc,phases      ] GC(71)     Total                          Min: 0, Avg: 3420.8, Max: 4841, Diff: 4841, Sum: 13683, Workers: 4
[1955.374s][debug][gc,phases      ] GC(71)   JNI Weak                       Min:  0.0, Avg:  0.0, Max:  0.0, Diff:  0.0, Sum:  0.0, Workers: 4
[1955.374s][debug][gc,phases      ] GC(71)     Dead                           Min: 0, Avg:  0.0, Max: 0, Diff: 0, Sum: 0, Workers: 4
[1955.374s][debug][gc,phases      ] GC(71)     Total                          Min: 0, Avg: 12.0, Max: 48, Diff: 48, Sum: 48, Workers: 4
[1955.374s][debug][gc,phases      ] GC(71)   StringDedup Table Weak         Min:  0.0, Avg:  0.0, Max:  0.0, Diff:  0.0, Sum:  0.0, Workers: 4
[1955.374s][debug][gc,phases      ] GC(71)     Dead                           Min: 0, Avg:  0.0, Max: 0, Diff: 0, Sum: 0, Workers: 4
[1955.374s][debug][gc,phases      ] GC(71)     Total                          Min: 0, Avg:  0.0, Max: 0, Diff: 0, Sum: 0, Workers: 4
[1955.374s][debug][gc,phases      ] GC(71)   StringDedup Requests0 Weak     Min:  0.0, Avg:  0.0, Max:  0.0, Diff:  0.0, Sum:  0.0, Workers: 4
[1955.374s][debug][gc,phases      ] GC(71)     Dead                           Min: 0, Avg:  0.0, Max: 0, Diff: 0, Sum: 0, Workers: 4
[1955.374s][debug][gc,phases      ] GC(71)     Total                          Min: 0, Avg:  0.0, Max: 0, Diff: 0, Sum: 0, Workers: 4
[1955.374s][debug][gc,phases      ] GC(71)   StringDedup Requests1 Weak     Min:  0.0, Avg:  0.0, Max:  0.0, Diff:  0.0, Sum:  0.0, Workers: 4
[1955.374s][debug][gc,phases      ] GC(71)     Dead                           Min: 0, Avg:  0.0, Max: 0, Diff: 0, Sum: 0, Workers: 4
[1955.374s][debug][gc,phases      ] GC(71)     Total                          Min: 0, Avg:  0.0, Max: 0, Diff: 0, Sum: 0, Workers: 4
[1955.374s][debug][gc,phases      ] GC(71)   Weak JFR Old Object Samples    Min:  0.0, Avg:  0.0, Max:  0.0, Diff:  0.0, Sum:  0.0, Workers: 4
[1955.374s][debug][gc,phases      ] GC(71)     Dead                           Min: 0, Avg:  0.0, Max: 0, Diff: 0, Sum: 0, Workers: 4
[1955.374s][debug][gc,phases      ] GC(71)     Total                          Min: 0, Avg:  0.0, Max: 0, Diff: 0, Sum: 0, Workers: 4
[1955.374s][debug][gc,phases      ] GC(71) Weak Processing 0.467ms
[1955.374s][debug][gc,age         ] GC(71) Desired survivor size 25165824 bytes, new threshold 1 (max threshold 15)
[1955.374s][info ][gc,heap        ] GC(71) PSYoungGen: 2041584K(2067456K)->3008K(2072576K) Eden: 2039296K(2039296K)->0K(2046464K) From: 2288K(28160K)->3008K(26112K)
[1955.374s][info ][gc,heap        ] GC(71) ParOldGen: 377387K(764416K)->377619K(764416K)
[1955.374s][info ][gc,metaspace   ] GC(71) Metaspace: 97484K(98816K)->97484K(98816K) NonClass: 83236K(83968K)->83236K(83968K) Class: 14247K(14848K)->14247K(14848K)
[1955.374s][info ][gc             ] GC(71) Pause Young (Allocation Failure) 2362M->371M(2770M) 6.373ms
[1955.374s][info ][gc,cpu         ] GC(71) User=0.01s Sys=0.00s Real=0.00s
[1955.374s][info ][safepoint      ] Safepoint "ParallelGCFailedAllocation", Time since last: 456333804 ns, Reaching safepoint: 6500 ns, Cleanup: 3300 ns, At safepoint: 6454963 ns, Total: 6464763 ns
[1956.374s][info ][safepoint      ] Safepoint "Cleanup", Time since last: 1000089812 ns, Reaching safepoint: 6200 ns, Cleanup: 12301 ns, At safepoint: 3000 ns, Total: 21501 ns
[1957.374s][info ][safepoint      ] Safepoint "Cleanup", Time since last: 1000117214 ns, Reaching safepoint: 6600 ns, Cleanup: 6101 ns, At safepoint: 2500 ns, Total: 15201 ns
[1958.374s][info ][safepoint      ] Safepoint "Cleanup", Time since last: 1000082612 ns, Reaching safepoint: 7500 ns, Cleanup: 18701 ns, At safepoint: 2200 ns, Total: 28401 ns
[1959.374s][info ][safepoint      ] Safepoint "Cleanup", Time since last: 1000096413 ns, Reaching safepoint: 7801 ns, Cleanup: 12200 ns, At safepoint: 2700 ns, Total: 22701 ns
[1960.375s][info ][safepoint      ] Safepoint "Cleanup", Time since last: 1000126715 ns, Reaching safepoint: 8000 ns, Cleanup: 10401 ns, At safepoint: 2500 ns, Total: 20901 ns
[1962.375s][info ][safepoint      ] Safepoint "Cleanup", Time since last: 2000157887 ns, Reaching safepoint: 8001 ns, Cleanup: 13000 ns, At safepoint: 2100 ns, Total: 23101 ns
[1975.376s][info ][safepoint      ] Safepoint "Cleanup", Time since last: 13000943334 ns, Reaching safepoint: 8301 ns, Cleanup: 13601 ns, At safepoint: 3300 ns, Total: 25202 ns
[1977.376s][info ][safepoint      ] Safepoint "Cleanup", Time since last: 2000184841 ns, Reaching safepoint: 9801 ns, Cleanup: 19401 ns, At safepoint: 3200 ns, Total: 32402 ns
[1980.376s][info ][safepoint      ] Safepoint "Cleanup", Time since last: 3000323357 ns, Reaching safepoint: 11900 ns, Cleanup: 16001 ns, At safepoint: 45003 ns, Total: 72904 ns
[1981.926s][info ][safepoint      ] Safepoint "Cleanup", Time since last: 1549355645 ns, Reaching safepoint: 6201 ns, Cleanup: 10600 ns, At safepoint: 2200 ns, Total: 19001 ns
[1993.927s][info ][safepoint      ] Safepoint "Cleanup", Time since last: 12000911291 ns, Reaching safepoint: 7600 ns, Cleanup: 13001 ns, At safepoint: 2900 ns, Total: 23501 ns
[1994.927s][info ][safepoint      ] Safepoint "Cleanup", Time since last: 1000147187 ns, Reaching safepoint: 7400 ns, Cleanup: 12801 ns, At safepoint: 2600 ns, Total: 22801 ns
[1995.927s][info ][safepoint      ] Safepoint "Cleanup", Time since last: 1000117085 ns, Reaching safepoint: 9901 ns, Cleanup: 12900 ns, At safepoint: 2800 ns, Total: 25601 ns
[1996.866s][info ][gc,start       ] GC(72) Pause Young (Allocation Failure)
[1996.870s][debug][gc,phases      ] GC(72) Scavenge 4.103ms
[1996.870s][debug][gc,ref         ] GC(72) ReferenceProcessor::execute queues: 1, RefProcThreadModel::Single, marks_oops_alive: false
[1996.870s][debug][gc,ref         ] GC(72) Skipped KeepAliveFinalRefsPhase of Reference Processing: no references
[1996.870s][debug][gc,ref         ] GC(72) Skipped PhantomRefsPhase of Reference Processing: no references
[1996.870s][debug][gc,phases      ] GC(72) Reference Processing 0.132ms
[1996.870s][debug][gc,phases      ] GC(72)   VM Weak                        Min:  0.0, Avg:  0.0, Max:  0.0, Diff:  0.0, Sum:  0.0, Workers: 4
[1996.870s][debug][gc,phases      ] GC(72)     Dead                           Min: 0, Avg:  0.0, Max: 0, Diff: 0, Sum: 0, Workers: 4
[1996.870s][debug][gc,phases      ] GC(72)     Total                          Min: 0, Avg: 257.8, Max: 839, Diff: 839, Sum: 1031, Workers: 4
[1996.870s][debug][gc,phases      ] GC(72)   ObjectSynchronizer Weak        Min:  0.0, Avg:  0.0, Max:  0.0, Diff:  0.0, Sum:  0.0, Workers: 4
[1996.870s][debug][gc,phases      ] GC(72)     Dead                           Min: 0, Avg:  0.0, Max: 0, Diff: 0, Sum: 0, Workers: 4
[1996.870s][debug][gc,phases      ] GC(72)     Total                          Min: 0, Avg:  1.0, Max: 4, Diff: 4, Sum: 4, Workers: 4
[1996.870s][debug][gc,phases      ] GC(72)   JVMTI Tag Weak OopStorage      Min:  0.0, Avg:  0.0, Max:  0.0, Diff:  0.0, Sum:  0.0, Workers: 4
[1996.870s][debug][gc,phases      ] GC(72)     Dead                           Min: 0, Avg:  0.0, Max: 0, Diff: 0, Sum: 0, Workers: 4
[1996.870s][debug][gc,phases      ] GC(72)     Total                          Min: 0, Avg:  0.0, Max: 0, Diff: 0, Sum: 0, Workers: 4
[1996.870s][debug][gc,phases      ] GC(72)   StringTable Weak               Min:  0.0, Avg:  0.1, Max:  0.2, Diff:  0.2, Sum:  0.4, Workers: 4
[1996.870s][debug][gc,phases      ] GC(72)     Dead                           Min: 0, Avg:  0.0, Max: 0, Diff: 0, Sum: 0, Workers: 4
[1996.870s][debug][gc,phases      ] GC(72)     Total                          Min: 0, Avg: 12215.8, Max: 17472, Diff: 17472, Sum: 48863, Workers: 4
[1996.870s][debug][gc,phases      ] GC(72)   ResolvedMethodTable Weak       Min:  0.0, Avg:  0.0, Max:  0.0, Diff:  0.0, Sum:  0.1, Workers: 4
[1996.870s][debug][gc,phases      ] GC(72)     Dead                           Min: 0, Avg:  0.0, Max: 0, Diff: 0, Sum: 0, Workers: 4
[1996.870s][debug][gc,phases      ] GC(72)     Total                          Min: 0, Avg: 3420.8, Max: 5028, Diff: 5028, Sum: 13683, Workers: 4
[1996.870s][debug][gc,phases      ] GC(72)   JNI Weak                       Min:  0.0, Avg:  0.0, Max:  0.0, Diff:  0.0, Sum:  0.0, Workers: 4
[1996.870s][debug][gc,phases      ] GC(72)     Dead                           Min: 0, Avg:  0.0, Max: 0, Diff: 0, Sum: 0, Workers: 4
[1996.870s][debug][gc,phases      ] GC(72)     Total                          Min: 0, Avg: 12.0, Max: 48, Diff: 48, Sum: 48, Workers: 4
[1996.870s][debug][gc,phases      ] GC(72)   StringDedup Table Weak         Min:  0.0, Avg:  0.0, Max:  0.0, Diff:  0.0, Sum:  0.0, Workers: 4
[1996.870s][debug][gc,phases      ] GC(72)     Dead                           Min: 0, Avg:  0.0, Max: 0, Diff: 0, Sum: 0, Workers: 4
[1996.870s][debug][gc,phases      ] GC(72)     Total                          Min: 0, Avg:  0.0, Max: 0, Diff: 0, Sum: 0, Workers: 4
[1996.870s][debug][gc,phases      ] GC(72)   StringDedup Requests0 Weak     Min:  0.0, Avg:  0.0, Max:  0.0, Diff:  0.0, Sum:  0.0, Workers: 4
[1996.870s][debug][gc,phases      ] GC(72)     Dead                           Min: 0, Avg:  0.0, Max: 0, Diff: 0, Sum: 0, Workers: 4
[1996.870s][debug][gc,phases      ] GC(72)     Total                          Min: 0, Avg:  0.0, Max: 0, Diff: 0, Sum: 0, Workers: 4
[1996.870s][debug][gc,phases      ] GC(72)   StringDedup Requests1 Weak     Min:  0.0, Avg:  0.0, Max:  0.0, Diff:  0.0, Sum:  0.0, Workers: 4
[1996.870s][debug][gc,phases      ] GC(72)     Dead                           Min: 0, Avg:  0.0, Max: 0, Diff: 0, Sum: 0, Workers: 4
[1996.870s][debug][gc,phases      ] GC(72)     Total                          Min: 0, Avg:  0.0, Max: 0, Diff: 0, Sum: 0, Workers: 4
[1996.870s][debug][gc,phases      ] GC(72)   Weak JFR Old Object Samples    Min:  0.0, Avg:  0.0, Max:  0.0, Diff:  0.0, Sum:  0.0, Workers: 4
[1996.870s][debug][gc,phases      ] GC(72)     Dead                           Min: 0, Avg:  0.0, Max: 0, Diff: 0, Sum: 0, Workers: 4
[1996.870s][debug][gc,phases      ] GC(72)     Total                          Min: 0, Avg:  0.0, Max: 0, Diff: 0, Sum: 0, Workers: 4
[1996.870s][debug][gc,phases      ] GC(72) Weak Processing 0.446ms
[1996.870s][debug][gc,age         ] GC(72) Desired survivor size 23592960 bytes, new threshold 1 (max threshold 15)
[1996.870s][info ][gc,heap        ] GC(72) PSYoungGen: 2049472K(2072576K)->2784K(2071040K) Eden: 2046464K(2046464K)->0K(2046464K) From: 3008K(26112K)->2784K(24576K)
[1996.870s][info ][gc,heap        ] GC(72) ParOldGen: 377619K(764416K)->378671K(764416K)
[1996.870s][info ][gc,metaspace   ] GC(72) Metaspace: 97503K(98880K)->97503K(98880K) NonClass: 83254K(84032K)->83254K(84032K) Class: 14249K(14848K)->14249K(14848K)
[1996.870s][info ][gc             ] GC(72) Pause Young (Allocation Failure) 2370M->372M(2769M) 4.829ms
[1996.870s][info ][gc,cpu         ] GC(72) User=0.01s Sys=0.00s Real=0.00s
[1996.870s][info ][safepoint      ] Safepoint "ParallelGCFailedAllocation", Time since last: 938526044 ns, Reaching safepoint: 7400 ns, Cleanup: 12101 ns, At safepoint: 4908674 ns, Total: 4928175 ns
[1999.871s][info ][safepoint      ] Safepoint "Cleanup", Time since last: 3000232648 ns, Reaching safepoint: 7901 ns, Cleanup: 15801 ns, At safepoint: 2700 ns, Total: 26402 ns
[2002.871s][info ][safepoint      ] Safepoint "Cleanup", Time since last: 3000266742 ns, Reaching safepoint: 7400 ns, Cleanup: 17301 ns, At safepoint: 2500 ns, Total: 27201 ns
[2003.871s][info ][safepoint      ] Safepoint "Cleanup", Time since last: 1000126975 ns, Reaching safepoint: 7700 ns, Cleanup: 13601 ns, At safepoint: 2800 ns, Total: 24101 ns
[2004.871s][info ][safepoint      ] Safepoint "Cleanup", Time since last: 1000112474 ns, Reaching safepoint: 7200 ns, Cleanup: 15901 ns, At safepoint: 3301 ns, Total: 26402 ns
[2005.871s][info ][safepoint      ] Safepoint "Cleanup", Time since last: 1000133875 ns, Reaching safepoint: 11100 ns, Cleanup: 17001 ns, At safepoint: 10101 ns, Total: 38202 ns
[2006.872s][info ][safepoint      ] Safepoint "Cleanup", Time since last: 1000130575 ns, Reaching safepoint: 7200 ns, Cleanup: 10501 ns, At safepoint: 2400 ns, Total: 20101 ns
[2008.872s][info ][safepoint      ] Safepoint "Cleanup", Time since last: 2000191446 ns, Reaching safepoint: 6900 ns, Cleanup: 10801 ns, At safepoint: 2800 ns, Total: 20501 ns
[2015.872s][info ][safepoint      ] Safepoint "Cleanup", Time since last: 7000482684 ns, Reaching safepoint: 6300 ns, Cleanup: 12001 ns, At safepoint: 2400 ns, Total: 20701 ns
[2021.873s][info ][safepoint      ] Safepoint "Cleanup", Time since last: 6000472891 ns, Reaching safepoint: 8201 ns, Cleanup: 11500 ns, At safepoint: 2400 ns, Total: 22101 ns
[2023.873s][info ][safepoint      ] Safepoint "Cleanup", Time since last: 2000190513 ns, Reaching safepoint: 8700 ns, Cleanup: 12001 ns, At safepoint: 2700 ns, Total: 23401 ns
[2027.873s][info ][safepoint      ] Safepoint "Cleanup", Time since last: 4000323290 ns, Reaching safepoint: 6900 ns, Cleanup: 15501 ns, At safepoint: 3200 ns, Total: 25601 ns
[2028.874s][info ][safepoint      ] Safepoint "Cleanup", Time since last: 1000125091 ns, Reaching safepoint: 7200 ns, Cleanup: 10701 ns, At safepoint: 2700 ns, Total: 20601 ns
[2034.874s][info ][safepoint      ] Safepoint "Cleanup", Time since last: 6000409654 ns, Reaching safepoint: 8301 ns, Cleanup: 16901 ns, At safepoint: 2900 ns, Total: 28102 ns
[2035.874s][info ][safepoint      ] Safepoint "Cleanup", Time since last: 1000141022 ns, Reaching safepoint: 19601 ns, Cleanup: 27302 ns, At safepoint: 5300 ns, Total: 52203 ns
[2036.968s][info ][gc,start       ] GC(73) Pause Young (Allocation Failure)
[2036.973s][debug][gc,phases      ] GC(73) Scavenge 5.037ms
[2036.973s][debug][gc,ref         ] GC(73) ReferenceProcessor::execute queues: 1, RefProcThreadModel::Single, marks_oops_alive: false
[2036.973s][debug][gc,ref         ] GC(73) Skipped KeepAliveFinalRefsPhase of Reference Processing: no references
[2036.973s][debug][gc,ref         ] GC(73) ReferenceProcessor::execute queues: 1, RefProcThreadModel::Single, marks_oops_alive: false
[2036.973s][debug][gc,phases      ] GC(73) Reference Processing 0.135ms
[2036.973s][debug][gc,phases      ] GC(73)   VM Weak                        Min:  0.0, Avg:  0.0, Max:  0.0, Diff:  0.0, Sum:  0.0, Workers: 4
[2036.973s][debug][gc,phases      ] GC(73)     Dead                           Min: 0, Avg:  0.0, Max: 0, Diff: 0, Sum: 0, Workers: 4
[2036.973s][debug][gc,phases      ] GC(73)     Total                          Min: 0, Avg: 257.8, Max: 704, Diff: 704, Sum: 1031, Workers: 4
[2036.973s][debug][gc,phases      ] GC(73)   ObjectSynchronizer Weak        Min:  0.0, Avg:  0.0, Max:  0.0, Diff:  0.0, Sum:  0.0, Workers: 4
[2036.973s][debug][gc,phases      ] GC(73)     Dead                           Min: 0, Avg:  0.0, Max: 0, Diff: 0, Sum: 0, Workers: 4
[2036.973s][debug][gc,phases      ] GC(73)     Total                          Min: 0, Avg:  1.0, Max: 4, Diff: 4, Sum: 4, Workers: 4
[2036.973s][debug][gc,phases      ] GC(73)   JVMTI Tag Weak OopStorage      Min:  0.0, Avg:  0.0, Max:  0.0, Diff:  0.0, Sum:  0.0, Workers: 4
[2036.973s][debug][gc,phases      ] GC(73)     Dead                           Min: 0, Avg:  0.0, Max: 0, Diff: 0, Sum: 0, Workers: 4
[2036.973s][debug][gc,phases      ] GC(73)     Total                          Min: 0, Avg:  0.0, Max: 0, Diff: 0, Sum: 0, Workers: 4
[2036.973s][debug][gc,phases      ] GC(73)   StringTable Weak               Min:  0.0, Avg:  0.1, Max:  0.1, Diff:  0.1, Sum:  0.4, Workers: 4
[2036.973s][debug][gc,phases      ] GC(73)     Dead                           Min: 0, Avg:  0.5, Max: 2, Diff: 2, Sum: 2, Workers: 4
[2036.973s][debug][gc,phases      ] GC(73)     Total                          Min: 0, Avg: 12218.8, Max: 17215, Diff: 17215, Sum: 48875, Workers: 4
[2036.973s][debug][gc,phases      ] GC(73)   ResolvedMethodTable Weak       Min:  0.0, Avg:  0.0, Max:  0.0, Diff:  0.0, Sum:  0.1, Workers: 4
[2036.973s][debug][gc,phases      ] GC(73)     Dead                           Min: 0, Avg:  1.0, Max: 4, Diff: 4, Sum: 4, Workers: 4
[2036.973s][debug][gc,phases      ] GC(73)     Total                          Min: 0, Avg: 3425.8, Max: 4728, Diff: 4728, Sum: 13703, Workers: 4
[2036.973s][debug][gc,phases      ] GC(73)   JNI Weak                       Min:  0.0, Avg:  0.0, Max:  0.0, Diff:  0.0, Sum:  0.0, Workers: 4
[2036.973s][debug][gc,phases      ] GC(73)     Dead                           Min: 0, Avg:  0.0, Max: 0, Diff: 0, Sum: 0, Workers: 4
[2036.973s][debug][gc,phases      ] GC(73)     Total                          Min: 0, Avg: 12.0, Max: 48, Diff: 48, Sum: 48, Workers: 4
[2036.973s][debug][gc,phases      ] GC(73)   StringDedup Table Weak         Min:  0.0, Avg:  0.0, Max:  0.0, Diff:  0.0, Sum:  0.0, Workers: 4
[2036.973s][debug][gc,phases      ] GC(73)     Dead                           Min: 0, Avg:  0.0, Max: 0, Diff: 0, Sum: 0, Workers: 4
[2036.973s][debug][gc,phases      ] GC(73)     Total                          Min: 0, Avg:  0.0, Max: 0, Diff: 0, Sum: 0, Workers: 4
[2036.973s][debug][gc,phases      ] GC(73)   StringDedup Requests0 Weak     Min:  0.0, Avg:  0.0, Max:  0.0, Diff:  0.0, Sum:  0.0, Workers: 4
[2036.973s][debug][gc,phases      ] GC(73)     Dead                           Min: 0, Avg:  0.0, Max: 0, Diff: 0, Sum: 0, Workers: 4
[2036.973s][debug][gc,phases      ] GC(73)     Total                          Min: 0, Avg:  0.0, Max: 0, Diff: 0, Sum: 0, Workers: 4
[2036.973s][debug][gc,phases      ] GC(73)   StringDedup Requests1 Weak     Min:  0.0, Avg:  0.0, Max:  0.0, Diff:  0.0, Sum:  0.0, Workers: 4
[2036.973s][debug][gc,phases      ] GC(73)     Dead                           Min: 0, Avg:  0.0, Max: 0, Diff: 0, Sum: 0, Workers: 4
[2036.973s][debug][gc,phases      ] GC(73)     Total                          Min: 0, Avg:  0.0, Max: 0, Diff: 0, Sum: 0, Workers: 4
[2036.973s][debug][gc,phases      ] GC(73)   Weak JFR Old Object Samples    Min:  0.0, Avg:  0.0, Max:  0.0, Diff:  0.0, Sum:  0.0, Workers: 4
[2036.973s][debug][gc,phases      ] GC(73)     Dead                           Min: 0, Avg:  0.0, Max: 0, Diff: 0, Sum: 0, Workers: 4
[2036.973s][debug][gc,phases      ] GC(73)     Total                          Min: 0, Avg:  0.0, Max: 0, Diff: 0, Sum: 0, Workers: 4
[2036.974s][debug][gc,phases      ] GC(73) Weak Processing 0.592ms
[2036.974s][debug][gc,age         ] GC(73) Desired survivor size 21495808 bytes, new threshold 1 (max threshold 15)
[2036.974s][info ][gc,heap        ] GC(73) PSYoungGen: 2049248K(2071040K)->3664K(2076160K) Eden: 2046464K(2046464K)->0K(2053120K) From: 2784K(24576K)->3664K(23040K)
[2036.974s][info ][gc,heap        ] GC(73) ParOldGen: 378671K(764416K)->378856K(764416K)
[2036.974s][info ][gc,metaspace   ] GC(73) Metaspace: 97524K(98880K)->97524K(98880K) NonClass: 83269K(84032K)->83269K(84032K) Class: 14255K(14848K)->14255K(14848K)
[2036.974s][info ][gc             ] GC(73) Pause Young (Allocation Failure) 2371M->373M(2774M) 5.921ms
[2036.974s][info ][gc,cpu         ] GC(73) User=0.02s Sys=0.00s Real=0.00s
[2036.974s][info ][safepoint      ] Safepoint "ParallelGCFailedAllocation", Time since last: 1093423102 ns, Reaching safepoint: 7100 ns, Cleanup: 5800 ns, At safepoint: 6009434 ns, Total: 6022334 ns
[2038.974s][info ][safepoint      ] Safepoint "Cleanup", Time since last: 2000167839 ns, Reaching safepoint: 10901 ns, Cleanup: 11700 ns, At safepoint: 2400 ns, Total: 25001 ns
[2040.943s][info ][safepoint      ] Safepoint "Cleanup", Time since last: 1969628544 ns, Reaching safepoint: 4700 ns, Cleanup: 13401 ns, At safepoint: 5100 ns, Total: 23201 ns
[2068.946s][info ][safepoint      ] Safepoint "Cleanup", Time since last: 28002040945 ns, Reaching safepoint: 17801 ns, Cleanup: 24501 ns, At safepoint: 3600 ns, Total: 45902 ns
[2073.946s][info ][safepoint      ] Safepoint "Cleanup", Time since last: 5000442441 ns, Reaching safepoint: 9701 ns, Cleanup: 12801 ns, At safepoint: 2700 ns, Total: 25202 ns
[2074.418s][info ][gc,start       ] GC(74) Pause Young (Allocation Failure)
[2074.423s][debug][gc,phases      ] GC(74) Scavenge 5.120ms
[2074.423s][debug][gc,ref         ] GC(74) ReferenceProcessor::execute queues: 1, RefProcThreadModel::Single, marks_oops_alive: false
[2074.423s][debug][gc,ref         ] GC(74) Skipped KeepAliveFinalRefsPhase of Reference Processing: no references
[2074.423s][debug][gc,ref         ] GC(74) Skipped PhantomRefsPhase of Reference Processing: no references
[2074.423s][debug][gc,phases      ] GC(74) Reference Processing 0.132ms
[2074.424s][debug][gc,phases      ] GC(74)   VM Weak                        Min:  0.0, Avg:  0.0, Max:  0.0, Diff:  0.0, Sum:  0.0, Workers: 4
[2074.424s][debug][gc,phases      ] GC(74)     Dead                           Min: 0, Avg:  0.0, Max: 0, Diff: 0, Sum: 0, Workers: 4
[2074.424s][debug][gc,phases      ] GC(74)     Total                          Min: 0, Avg: 257.8, Max: 704, Diff: 704, Sum: 1031, Workers: 4
[2074.424s][debug][gc,phases      ] GC(74)   ObjectSynchronizer Weak        Min:  0.0, Avg:  0.0, Max:  0.0, Diff:  0.0, Sum:  0.0, Workers: 4
[2074.424s][debug][gc,phases      ] GC(74)     Dead                           Min: 0, Avg:  0.0, Max: 0, Diff: 0, Sum: 0, Workers: 4
[2074.424s][debug][gc,phases      ] GC(74)     Total                          Min: 0, Avg:  1.0, Max: 4, Diff: 4, Sum: 4, Workers: 4
[2074.424s][debug][gc,phases      ] GC(74)   JVMTI Tag Weak OopStorage      Min:  0.0, Avg:  0.0, Max:  0.0, Diff:  0.0, Sum:  0.0, Workers: 4
[2074.424s][debug][gc,phases      ] GC(74)     Dead                           Min: 0, Avg:  0.0, Max: 0, Diff: 0, Sum: 0, Workers: 4
[2074.424s][debug][gc,phases      ] GC(74)     Total                          Min: 0, Avg:  0.0, Max: 0, Diff: 0, Sum: 0, Workers: 4
[2074.424s][debug][gc,phases      ] GC(74)   StringTable Weak               Min:  0.0, Avg:  0.1, Max:  0.2, Diff:  0.2, Sum:  0.5, Workers: 4
[2074.424s][debug][gc,phases      ] GC(74)     Dead                           Min: 0, Avg:  0.0, Max: 0, Diff: 0, Sum: 0, Workers: 4
[2074.424s][debug][gc,phases      ] GC(74)     Total                          Min: 0, Avg: 12218.8, Max: 17854, Diff: 17854, Sum: 48875, Workers: 4
[2074.424s][debug][gc,phases      ] GC(74)   ResolvedMethodTable Weak       Min:  0.0, Avg:  0.0, Max:  0.0, Diff:  0.0, Sum:  0.1, Workers: 4
[2074.424s][debug][gc,phases      ] GC(74)     Dead                           Min: 0, Avg:  0.0, Max: 0, Diff: 0, Sum: 0, Workers: 4
[2074.424s][debug][gc,phases      ] GC(74)     Total                          Min: 0, Avg: 3425.8, Max: 4777, Diff: 4777, Sum: 13703, Workers: 4
[2074.424s][debug][gc,phases      ] GC(74)   JNI Weak                       Min:  0.0, Avg:  0.0, Max:  0.0, Diff:  0.0, Sum:  0.0, Workers: 4
[2074.424s][debug][gc,phases      ] GC(74)     Dead                           Min: 0, Avg:  0.0, Max: 0, Diff: 0, Sum: 0, Workers: 4
[2074.424s][debug][gc,phases      ] GC(74)     Total                          Min: 0, Avg: 12.0, Max: 48, Diff: 48, Sum: 48, Workers: 4
[2074.424s][debug][gc,phases      ] GC(74)   StringDedup Table Weak         Min:  0.0, Avg:  0.0, Max:  0.0, Diff:  0.0, Sum:  0.0, Workers: 4
[2074.424s][debug][gc,phases      ] GC(74)     Dead                           Min: 0, Avg:  0.0, Max: 0, Diff: 0, Sum: 0, Workers: 4
[2074.424s][debug][gc,phases      ] GC(74)     Total                          Min: 0, Avg:  0.0, Max: 0, Diff: 0, Sum: 0, Workers: 4
[2074.424s][debug][gc,phases      ] GC(74)   StringDedup Requests0 Weak     Min:  0.0, Avg:  0.0, Max:  0.0, Diff:  0.0, Sum:  0.0, Workers: 4
[2074.424s][debug][gc,phases      ] GC(74)     Dead                           Min: 0, Avg:  0.0, Max: 0, Diff: 0, Sum: 0, Workers: 4
[2074.424s][debug][gc,phases      ] GC(74)     Total                          Min: 0, Avg:  0.0, Max: 0, Diff: 0, Sum: 0, Workers: 4
[2074.424s][debug][gc,phases      ] GC(74)   StringDedup Requests1 Weak     Min:  0.0, Avg:  0.0, Max:  0.0, Diff:  0.0, Sum:  0.0, Workers: 4
[2074.424s][debug][gc,phases      ] GC(74)     Dead                           Min: 0, Avg:  0.0, Max: 0, Diff: 0, Sum: 0, Workers: 4
[2074.424s][debug][gc,phases      ] GC(74)     Total                          Min: 0, Avg:  0.0, Max: 0, Diff: 0, Sum: 0, Workers: 4
[2074.424s][debug][gc,phases      ] GC(74)   Weak JFR Old Object Samples    Min:  0.0, Avg:  0.0, Max:  0.0, Diff:  0.0, Sum:  0.0, Workers: 4
[2074.424s][debug][gc,phases      ] GC(74)     Dead                           Min: 0, Avg:  0.0, Max: 0, Diff: 0, Sum: 0, Workers: 4
[2074.424s][debug][gc,phases      ] GC(74)     Total                          Min: 0, Avg:  0.0, Max: 0, Diff: 0, Sum: 0, Workers: 4
[2074.424s][debug][gc,phases      ] GC(74) Weak Processing 0.470ms
[2074.424s][debug][gc,age         ] GC(74) Desired survivor size 20447232 bytes, new threshold 1 (max threshold 15)
[2074.424s][info ][gc,heap        ] GC(74) PSYoungGen: 2056784K(2076160K)->2832K(2074112K) Eden: 2053120K(2053120K)->0K(2053120K) From: 3664K(23040K)->2832K(20992K)
[2074.424s][info ][gc,heap        ] GC(74) ParOldGen: 378856K(764416K)->380044K(764416K)
[2074.424s][info ][gc,metaspace   ] GC(74) Metaspace: 97526K(98880K)->97526K(98880K) NonClass: 83270K(84032K)->83270K(84032K) Class: 14255K(14848K)->14255K(14848K)
[2074.424s][info ][gc             ] GC(74) Pause Young (Allocation Failure) 2378M->373M(2772M) 5.882ms
[2074.424s][info ][gc,cpu         ] GC(74) User=0.01s Sys=0.00s Real=0.00s
[2074.424s][info ][safepoint      ] Safepoint "ParallelGCFailedAllocation", Time since last: 471943282 ns, Reaching safepoint: 6800 ns, Cleanup: 5201 ns, At safepoint: 5981624 ns, Total: 5993625 ns
[2077.424s][info ][safepoint      ] Safepoint "Cleanup", Time since last: 3000252733 ns, Reaching safepoint: 11900 ns, Cleanup: 14101 ns, At safepoint: 34102 ns, Total: 60103 ns
[2078.424s][info ][safepoint      ] Safepoint "Cleanup", Time since last: 1000148314 ns, Reaching safepoint: 12701 ns, Cleanup: 19101 ns, At safepoint: 4800 ns, Total: 36602 ns
[2109.965s][info ][safepoint      ] Safepoint "Cleanup", Time since last: 31540735807 ns, Reaching safepoint: 8001 ns, Cleanup: 20001 ns, At safepoint: 2800 ns, Total: 30802 ns
[2113.417s][info ][gc,start       ] GC(75) Pause Young (Allocation Failure)
[2113.422s][debug][gc,phases      ] GC(75) Scavenge 4.714ms
[2113.422s][debug][gc,ref         ] GC(75) ReferenceProcessor::execute queues: 1, RefProcThreadModel::Single, marks_oops_alive: false
[2113.422s][debug][gc,ref         ] GC(75) Skipped KeepAliveFinalRefsPhase of Reference Processing: no references
[2113.422s][debug][gc,ref         ] GC(75) Skipped PhantomRefsPhase of Reference Processing: no references
[2113.422s][debug][gc,phases      ] GC(75) Reference Processing 0.126ms
[2113.423s][debug][gc,phases      ] GC(75)   VM Weak                        Min:  0.0, Avg:  0.0, Max:  0.0, Diff:  0.0, Sum:  0.0, Workers: 4
[2113.423s][debug][gc,phases      ] GC(75)     Dead                           Min: 0, Avg:  0.0, Max: 0, Diff: 0, Sum: 0, Workers: 4
[2113.423s][debug][gc,phases      ] GC(75)     Total                          Min: 0, Avg: 257.8, Max: 1031, Diff: 1031, Sum: 1031, Workers: 4
[2113.423s][debug][gc,phases      ] GC(75)   ObjectSynchronizer Weak        Min:  0.0, Avg:  0.0, Max:  0.0, Diff:  0.0, Sum:  0.0, Workers: 4
[2113.423s][debug][gc,phases      ] GC(75)     Dead                           Min: 0, Avg:  0.0, Max: 0, Diff: 0, Sum: 0, Workers: 4
[2113.423s][debug][gc,phases      ] GC(75)     Total                          Min: 0, Avg:  1.0, Max: 4, Diff: 4, Sum: 4, Workers: 4
[2113.423s][debug][gc,phases      ] GC(75)   JVMTI Tag Weak OopStorage      Min:  0.0, Avg:  0.0, Max:  0.0, Diff:  0.0, Sum:  0.0, Workers: 4
[2113.423s][debug][gc,phases      ] GC(75)     Dead                           Min: 0, Avg:  0.0, Max: 0, Diff: 0, Sum: 0, Workers: 4
[2113.423s][debug][gc,phases      ] GC(75)     Total                          Min: 0, Avg:  0.0, Max: 0, Diff: 0, Sum: 0, Workers: 4
[2113.423s][debug][gc,phases      ] GC(75)   StringTable Weak               Min:  0.0, Avg:  0.1, Max:  0.2, Diff:  0.2, Sum:  0.5, Workers: 4
[2113.423s][debug][gc,phases      ] GC(75)     Dead                           Min: 0, Avg:  0.0, Max: 0, Diff: 0, Sum: 0, Workers: 4
[2113.423s][debug][gc,phases      ] GC(75)     Total                          Min: 0, Avg: 12218.8, Max: 25836, Diff: 25836, Sum: 48875, Workers: 4
[2113.423s][debug][gc,phases      ] GC(75)   ResolvedMethodTable Weak       Min:  0.0, Avg:  0.0, Max:  0.1, Diff:  0.1, Sum:  0.1, Workers: 4
[2113.423s][debug][gc,phases      ] GC(75)     Dead                           Min: 0, Avg:  0.0, Max: 0, Diff: 0, Sum: 0, Workers: 4
[2113.423s][debug][gc,phases      ] GC(75)     Total                          Min: 0, Avg: 3425.8, Max: 7475, Diff: 7475, Sum: 13703, Workers: 4
[2113.423s][debug][gc,phases      ] GC(75)   JNI Weak                       Min:  0.0, Avg:  0.0, Max:  0.0, Diff:  0.0, Sum:  0.0, Workers: 4
[2113.423s][debug][gc,phases      ] GC(75)     Dead                           Min: 0, Avg:  0.0, Max: 0, Diff: 0, Sum: 0, Workers: 4
[2113.423s][debug][gc,phases      ] GC(75)     Total                          Min: 0, Avg: 12.0, Max: 48, Diff: 48, Sum: 48, Workers: 4
[2113.423s][debug][gc,phases      ] GC(75)   StringDedup Table Weak         Min:  0.0, Avg:  0.0, Max:  0.0, Diff:  0.0, Sum:  0.0, Workers: 4
[2113.423s][debug][gc,phases      ] GC(75)     Dead                           Min: 0, Avg:  0.0, Max: 0, Diff: 0, Sum: 0, Workers: 4
[2113.423s][debug][gc,phases      ] GC(75)     Total                          Min: 0, Avg:  0.0, Max: 0, Diff: 0, Sum: 0, Workers: 4
[2113.423s][debug][gc,phases      ] GC(75)   StringDedup Requests0 Weak     Min:  0.0, Avg:  0.0, Max:  0.0, Diff:  0.0, Sum:  0.0, Workers: 4
[2113.423s][debug][gc,phases      ] GC(75)     Dead                           Min: 0, Avg:  0.0, Max: 0, Diff: 0, Sum: 0, Workers: 4
[2113.423s][debug][gc,phases      ] GC(75)     Total                          Min: 0, Avg:  0.0, Max: 0, Diff: 0, Sum: 0, Workers: 4
[2113.423s][debug][gc,phases      ] GC(75)   StringDedup Requests1 Weak     Min:  0.0, Avg:  0.0, Max:  0.0, Diff:  0.0, Sum:  0.0, Workers: 4
[2113.423s][debug][gc,phases      ] GC(75)     Dead                           Min: 0, Avg:  0.0, Max: 0, Diff: 0, Sum: 0, Workers: 4
[2113.423s][debug][gc,phases      ] GC(75)     Total                          Min: 0, Avg:  0.0, Max: 0, Diff: 0, Sum: 0, Workers: 4
[2113.423s][debug][gc,phases      ] GC(75)   Weak JFR Old Object Samples    Min:  0.0, Avg:  0.0, Max:  0.0, Diff:  0.0, Sum:  0.0, Workers: 4
[2113.423s][debug][gc,phases      ] GC(75)     Dead                           Min: 0, Avg:  0.0, Max: 0, Diff: 0, Sum: 0, Workers: 4
[2113.423s][debug][gc,phases      ] GC(75)     Total                          Min: 0, Avg:  0.0, Max: 0, Diff: 0, Sum: 0, Workers: 4
[2113.423s][debug][gc,phases      ] GC(75) Weak Processing 0.560ms
[2113.423s][debug][gc,age         ] GC(75) Desired survivor size 18874368 bytes, new threshold 1 (max threshold 15)
[2113.423s][info ][gc,heap        ] GC(75) PSYoungGen: 2055952K(2074112K)->2400K(2078720K) Eden: 2053120K(2053120K)->0K(2058752K) From: 2832K(20992K)->2400K(19968K)
[2113.423s][info ][gc,heap        ] GC(75) ParOldGen: 380044K(764416K)->380360K(764416K)
[2113.423s][info ][gc,metaspace   ] GC(75) Metaspace: 97533K(98880K)->97533K(98880K) NonClass: 83278K(84032K)->83278K(84032K) Class: 14255K(14848K)->14255K(14848K)
[2113.423s][info ][gc             ] GC(75) Pause Young (Allocation Failure) 2378M->373M(2776M) 5.576ms
[2113.423s][info ][gc,cpu         ] GC(75) User=0.02s Sys=0.00s Real=0.00s
[2113.423s][info ][safepoint      ] Safepoint "ParallelGCFailedAllocation", Time since last: 3452006334 ns, Reaching safepoint: 11300 ns, Cleanup: 6901 ns, At safepoint: 5686014 ns, Total: 5704215 ns
[2115.423s][info ][safepoint      ] Safepoint "Cleanup", Time since last: 2000201972 ns, Reaching safepoint: 7301 ns, Cleanup: 26001 ns, At safepoint: 2700 ns, Total: 36002 ns
[2117.423s][info ][safepoint      ] Safepoint "Cleanup", Time since last: 2000199672 ns, Reaching safepoint: 6801 ns, Cleanup: 17601 ns, At safepoint: 3300 ns, Total: 27702 ns
[2118.424s][info ][safepoint      ] Safepoint "Cleanup", Time since last: 1000131588 ns, Reaching safepoint: 7900 ns, Cleanup: 11701 ns, At safepoint: 3000 ns, Total: 22601 ns
[2124.424s][info ][safepoint      ] Safepoint "Cleanup", Time since last: 6000479054 ns, Reaching safepoint: 6401 ns, Cleanup: 15500 ns, At safepoint: 2801 ns, Total: 24702 ns
[2125.424s][info ][safepoint      ] Safepoint "Cleanup", Time since last: 1000133914 ns, Reaching safepoint: 10401 ns, Cleanup: 15601 ns, At safepoint: 2900 ns, Total: 28902 ns
[2130.425s][info ][safepoint      ] Safepoint "Cleanup", Time since last: 5000349612 ns, Reaching safepoint: 9201 ns, Cleanup: 10800 ns, At safepoint: 2601 ns, Total: 22602 ns
[2131.425s][info ][safepoint      ] Safepoint "Cleanup", Time since last: 1000198395 ns, Reaching safepoint: 27202 ns, Cleanup: 69005 ns, At safepoint: 13201 ns, Total: 109408 ns
[2132.425s][info ][safepoint      ] Safepoint "Cleanup", Time since last: 1000204995 ns, Reaching safepoint: 11701 ns, Cleanup: 20702 ns, At safepoint: 2500 ns, Total: 34903 ns
[2137.426s][info ][safepoint      ] Safepoint "Cleanup", Time since last: 5000409998 ns, Reaching safepoint: 8102 ns, Cleanup: 15303 ns, At safepoint: 2701 ns, Total: 26106 ns
[2138.426s][info ][safepoint      ] Safepoint "Cleanup", Time since last: 1000144528 ns, Reaching safepoint: 83120 ns, Cleanup: 12402 ns, At safepoint: 15504 ns, Total: 111026 ns
[2152.232s][info ][gc,start       ] GC(76) Pause Young (Allocation Failure)
[2152.238s][debug][gc,phases      ] GC(76) Scavenge 5.810ms
[2152.238s][debug][gc,ref         ] GC(76) ReferenceProcessor::execute queues: 1, RefProcThreadModel::Single, marks_oops_alive: false
[2152.238s][debug][gc,ref         ] GC(76) Skipped KeepAliveFinalRefsPhase of Reference Processing: no references
[2152.238s][debug][gc,ref         ] GC(76) Skipped PhantomRefsPhase of Reference Processing: no references
[2152.238s][debug][gc,phases      ] GC(76) Reference Processing 0.135ms
[2152.239s][debug][gc,phases      ] GC(76)   VM Weak                        Min:  0.0, Avg:  0.0, Max:  0.0, Diff:  0.0, Sum:  0.0, Workers: 4
[2152.239s][debug][gc,phases      ] GC(76)     Dead                           Min: 0, Avg:  0.0, Max: 0, Diff: 0, Sum: 0, Workers: 4
[2152.239s][debug][gc,phases      ] GC(76)     Total                          Min: 0, Avg: 257.8, Max: 647, Diff: 647, Sum: 1031, Workers: 4
[2152.239s][debug][gc,phases      ] GC(76)   ObjectSynchronizer Weak        Min:  0.0, Avg:  0.0, Max:  0.0, Diff:  0.0, Sum:  0.0, Workers: 4
[2152.239s][debug][gc,phases      ] GC(76)     Dead                           Min: 0, Avg:  0.0, Max: 0, Diff: 0, Sum: 0, Workers: 4
[2152.239s][debug][gc,phases      ] GC(76)     Total                          Min: 0, Avg:  1.0, Max: 4, Diff: 4, Sum: 4, Workers: 4
[2152.239s][debug][gc,phases      ] GC(76)   JVMTI Tag Weak OopStorage      Min:  0.0, Avg:  0.0, Max:  0.0, Diff:  0.0, Sum:  0.0, Workers: 4
[2152.239s][debug][gc,phases      ] GC(76)     Dead                           Min: 0, Avg:  0.0, Max: 0, Diff: 0, Sum: 0, Workers: 4
[2152.239s][debug][gc,phases      ] GC(76)     Total                          Min: 0, Avg:  0.0, Max: 0, Diff: 0, Sum: 0, Workers: 4
[2152.239s][debug][gc,phases      ] GC(76)   StringTable Weak               Min:  0.0, Avg:  0.1, Max:  0.2, Diff:  0.2, Sum:  0.5, Workers: 4
[2152.239s][debug][gc,phases      ] GC(76)     Dead                           Min: 0, Avg:  0.0, Max: 0, Diff: 0, Sum: 0, Workers: 4
[2152.239s][debug][gc,phases      ] GC(76)     Total                          Min: 0, Avg: 12219.2, Max: 25838, Diff: 25838, Sum: 48877, Workers: 4
[2152.239s][debug][gc,phases      ] GC(76)   ResolvedMethodTable Weak       Min:  0.0, Avg:  0.0, Max:  0.1, Diff:  0.1, Sum:  0.1, Workers: 4
[2152.239s][debug][gc,phases      ] GC(76)     Dead                           Min: 0, Avg:  0.0, Max: 0, Diff: 0, Sum: 0, Workers: 4
[2152.239s][debug][gc,phases      ] GC(76)     Total                          Min: 0, Avg: 3425.8, Max: 7347, Diff: 7347, Sum: 13703, Workers: 4
[2152.239s][debug][gc,phases      ] GC(76)   JNI Weak                       Min:  0.0, Avg:  0.0, Max:  0.0, Diff:  0.0, Sum:  0.0, Workers: 4
[2152.239s][debug][gc,phases      ] GC(76)     Dead                           Min: 0, Avg:  0.0, Max: 0, Diff: 0, Sum: 0, Workers: 4
[2152.239s][debug][gc,phases      ] GC(76)     Total                          Min: 0, Avg: 12.0, Max: 48, Diff: 48, Sum: 48, Workers: 4
[2152.239s][debug][gc,phases      ] GC(76)   StringDedup Table Weak         Min:  0.0, Avg:  0.0, Max:  0.0, Diff:  0.0, Sum:  0.0, Workers: 4
[2152.239s][debug][gc,phases      ] GC(76)     Dead                           Min: 0, Avg:  0.0, Max: 0, Diff: 0, Sum: 0, Workers: 4
[2152.239s][debug][gc,phases      ] GC(76)     Total                          Min: 0, Avg:  0.0, Max: 0, Diff: 0, Sum: 0, Workers: 4
[2152.239s][debug][gc,phases      ] GC(76)   StringDedup Requests0 Weak     Min:  0.0, Avg:  0.0, Max:  0.0, Diff:  0.0, Sum:  0.0, Workers: 4
[2152.239s][debug][gc,phases      ] GC(76)     Dead                           Min: 0, Avg:  0.0, Max: 0, Diff: 0, Sum: 0, Workers: 4
[2152.239s][debug][gc,phases      ] GC(76)     Total                          Min: 0, Avg:  0.0, Max: 0, Diff: 0, Sum: 0, Workers: 4
[2152.239s][debug][gc,phases      ] GC(76)   StringDedup Requests1 Weak     Min:  0.0, Avg:  0.0, Max:  0.0, Diff:  0.0, Sum:  0.0, Workers: 4
[2152.239s][debug][gc,phases      ] GC(76)     Dead                           Min: 0, Avg:  0.0, Max: 0, Diff: 0, Sum: 0, Workers: 4
[2152.239s][debug][gc,phases      ] GC(76)     Total                          Min: 0, Avg:  0.0, Max: 0, Diff: 0, Sum: 0, Workers: 4
[2152.239s][debug][gc,phases      ] GC(76)   Weak JFR Old Object Samples    Min:  0.0, Avg:  0.0, Max:  0.0, Diff:  0.0, Sum:  0.0, Workers: 4
[2152.239s][debug][gc,phases      ] GC(76)     Dead                           Min: 0, Avg:  0.0, Max: 0, Diff: 0, Sum: 0, Workers: 4
[2152.239s][debug][gc,phases      ] GC(76)     Total                          Min: 0, Avg:  0.0, Max: 0, Diff: 0, Sum: 0, Workers: 4
[2152.239s][debug][gc,phases      ] GC(76) Weak Processing 0.560ms
[2152.239s][debug][gc,age         ] GC(76) Desired survivor size 17825792 bytes, new threshold 1 (max threshold 15)
[2152.239s][info ][gc,heap        ] GC(76) PSYoungGen: 2061152K(2078720K)->3184K(2077184K) Eden: 2058752K(2058752K)->0K(2058752K) From: 2400K(19968K)->3184K(18432K)
[2152.239s][info ][gc,heap        ] GC(76) ParOldGen: 380360K(764416K)->380704K(764416K)
[2152.239s][info ][gc,metaspace   ] GC(76) Metaspace: 97542K(98880K)->97542K(98880K) NonClass: 83287K(84032K)->83287K(84032K) Class: 14255K(14848K)->14255K(14848K)
[2152.239s][info ][gc             ] GC(76) Pause Young (Allocation Failure) 2384M->374M(2775M) 6.667ms
[2152.239s][info ][gc,cpu         ] GC(76) User=0.01s Sys=0.00s Real=0.01s
[2152.239s][info ][safepoint      ] Safepoint "ParallelGCFailedAllocation", Time since last: 13806442746 ns, Reaching safepoint: 29902 ns, Cleanup: 4900 ns, At safepoint: 6768983 ns, Total: 6803785 ns
[2154.239s][info ][safepoint      ] Safepoint "Cleanup", Time since last: 2000164354 ns, Reaching safepoint: 7901 ns, Cleanup: 11703 ns, At safepoint: 24506 ns, Total: 44110 ns
[2155.239s][info ][safepoint      ] Safepoint "Cleanup", Time since last: 1000081781 ns, Reaching safepoint: 11001 ns, Cleanup: 14501 ns, At safepoint: 3400 ns, Total: 28902 ns
[2157.240s][info ][safepoint      ] Safepoint "Cleanup", Time since last: 2000202551 ns, Reaching safepoint: 8701 ns, Cleanup: 18301 ns, At safepoint: 2700 ns, Total: 29702 ns
[2158.240s][info ][safepoint      ] Safepoint "Cleanup", Time since last: 1000144128 ns, Reaching safepoint: 12001 ns, Cleanup: 19801 ns, At safepoint: 3500 ns, Total: 35302 ns
[2160.240s][info ][safepoint      ] Safepoint "Cleanup", Time since last: 2000264555 ns, Reaching safepoint: 12601 ns, Cleanup: 17401 ns, At safepoint: 3100 ns, Total: 33102 ns
[2161.982s][info ][safepoint      ] Safepoint "Cleanup", Time since last: 1742014917 ns, Reaching safepoint: 9101 ns, Cleanup: 14702 ns, At safepoint: 3800 ns, Total: 27603 ns
[2170.983s][info ][safepoint      ] Safepoint "Cleanup", Time since last: 9000718289 ns, Reaching safepoint: 9901 ns, Cleanup: 14401 ns, At safepoint: 3000 ns, Total: 27302 ns
[2175.983s][info ][safepoint      ] Safepoint "Cleanup", Time since last: 5000492183 ns, Reaching safepoint: 10000 ns, Cleanup: 81606 ns, At safepoint: 3701 ns, Total: 95307 ns
[2176.984s][info ][safepoint      ] Safepoint "Cleanup", Time since last: 1000152620 ns, Reaching safepoint: 90107 ns, Cleanup: 172613 ns, At safepoint: 12201 ns, Total: 274921 ns
[2177.240s][info ][safepoint      ] Safepoint "ParallelGCFailedAllocation", Time since last: 255530341 ns, Reaching safepoint: 85007 ns, Cleanup: 11501 ns, At safepoint: 12201 ns, Total: 108709 ns
[2177.241s][info ][gc,start       ] GC(77) Pause Young (GCLocker Initiated GC)
[2177.257s][debug][gc,phases      ] GC(77) Scavenge 16.216ms
[2177.257s][debug][gc,ref         ] GC(77) ReferenceProcessor::execute queues: 1, RefProcThreadModel::Single, marks_oops_alive: false
[2177.257s][debug][gc,ref         ] GC(77) Skipped KeepAliveFinalRefsPhase of Reference Processing: no references
[2177.257s][debug][gc,ref         ] GC(77) ReferenceProcessor::execute queues: 1, RefProcThreadModel::Single, marks_oops_alive: false
[2177.257s][debug][gc,phases      ] GC(77) Reference Processing 0.145ms
[2177.258s][debug][gc,phases      ] GC(77)   VM Weak                        Min:  0.0, Avg:  0.0, Max:  0.0, Diff:  0.0, Sum:  0.0, Workers: 4
[2177.258s][debug][gc,phases      ] GC(77)     Dead                           Min: 0, Avg:  0.0, Max: 0, Diff: 0, Sum: 0, Workers: 4
[2177.258s][debug][gc,phases      ] GC(77)     Total                          Min: 0, Avg: 258.0, Max: 768, Diff: 768, Sum: 1032, Workers: 4
[2177.258s][debug][gc,phases      ] GC(77)   ObjectSynchronizer Weak        Min:  0.0, Avg:  0.0, Max:  0.0, Diff:  0.0, Sum:  0.0, Workers: 4
[2177.258s][debug][gc,phases      ] GC(77)     Dead                           Min: 0, Avg:  0.5, Max: 2, Diff: 2, Sum: 2, Workers: 4
[2177.258s][debug][gc,phases      ] GC(77)     Total                          Min: 0, Avg:  1.8, Max: 7, Diff: 7, Sum: 7, Workers: 4
[2177.258s][debug][gc,phases      ] GC(77)   JVMTI Tag Weak OopStorage      Min:  0.0, Avg:  0.0, Max:  0.0, Diff:  0.0, Sum:  0.0, Workers: 4
[2177.258s][debug][gc,phases      ] GC(77)     Dead                           Min: 0, Avg:  0.0, Max: 0, Diff: 0, Sum: 0, Workers: 4
[2177.258s][debug][gc,phases      ] GC(77)     Total                          Min: 0, Avg:  0.0, Max: 0, Diff: 0, Sum: 0, Workers: 4
[2177.258s][debug][gc,phases      ] GC(77)   StringTable Weak               Min:  0.0, Avg:  0.1, Max:  0.2, Diff:  0.2, Sum:  0.5, Workers: 4
[2177.258s][debug][gc,phases      ] GC(77)     Dead                           Min: 0, Avg:  0.0, Max: 0, Diff: 0, Sum: 0, Workers: 4
[2177.258s][debug][gc,phases      ] GC(77)     Total                          Min: 0, Avg: 12221.5, Max: 18047, Diff: 18047, Sum: 48886, Workers: 4
[2177.258s][debug][gc,phases      ] GC(77)   ResolvedMethodTable Weak       Min:  0.0, Avg:  0.0, Max:  0.0, Diff:  0.0, Sum:  0.1, Workers: 4
[2177.258s][debug][gc,phases      ] GC(77)     Dead                           Min: 0, Avg:  0.2, Max: 1, Diff: 1, Sum: 1, Workers: 4
[2177.258s][debug][gc,phases      ] GC(77)     Total                          Min: 0, Avg: 3426.0, Max: 4840, Diff: 4840, Sum: 13704, Workers: 4
[2177.258s][debug][gc,phases      ] GC(77)   JNI Weak                       Min:  0.0, Avg:  0.0, Max:  0.0, Diff:  0.0, Sum:  0.0, Workers: 4
[2177.258s][debug][gc,phases      ] GC(77)     Dead                           Min: 0, Avg:  0.0, Max: 0, Diff: 0, Sum: 0, Workers: 4
[2177.258s][debug][gc,phases      ] GC(77)     Total                          Min: 0, Avg: 12.0, Max: 48, Diff: 48, Sum: 48, Workers: 4
[2177.258s][debug][gc,phases      ] GC(77)   StringDedup Table Weak         Min:  0.0, Avg:  0.0, Max:  0.0, Diff:  0.0, Sum:  0.0, Workers: 4
[2177.258s][debug][gc,phases      ] GC(77)     Dead                           Min: 0, Avg:  0.0, Max: 0, Diff: 0, Sum: 0, Workers: 4
[2177.258s][debug][gc,phases      ] GC(77)     Total                          Min: 0, Avg:  0.0, Max: 0, Diff: 0, Sum: 0, Workers: 4
[2177.258s][debug][gc,phases      ] GC(77)   StringDedup Requests0 Weak     Min:  0.0, Avg:  0.0, Max:  0.0, Diff:  0.0, Sum:  0.0, Workers: 4
[2177.258s][debug][gc,phases      ] GC(77)     Dead                           Min: 0, Avg:  0.0, Max: 0, Diff: 0, Sum: 0, Workers: 4
[2177.258s][debug][gc,phases      ] GC(77)     Total                          Min: 0, Avg:  0.0, Max: 0, Diff: 0, Sum: 0, Workers: 4
[2177.258s][debug][gc,phases      ] GC(77)   StringDedup Requests1 Weak     Min:  0.0, Avg:  0.0, Max:  0.0, Diff:  0.0, Sum:  0.0, Workers: 4
[2177.258s][debug][gc,phases      ] GC(77)     Dead                           Min: 0, Avg:  0.0, Max: 0, Diff: 0, Sum: 0, Workers: 4
[2177.258s][debug][gc,phases      ] GC(77)     Total                          Min: 0, Avg:  0.0, Max: 0, Diff: 0, Sum: 0, Workers: 4
[2177.258s][debug][gc,phases      ] GC(77)   Weak JFR Old Object Samples    Min:  0.0, Avg:  0.0, Max:  0.0, Diff:  0.0, Sum:  0.0, Workers: 4
[2177.258s][debug][gc,phases      ] GC(77)     Dead                           Min: 0, Avg:  0.0, Max: 0, Diff: 0, Sum: 0, Workers: 4
[2177.258s][debug][gc,phases      ] GC(77)     Total                          Min: 0, Avg:  0.0, Max: 0, Diff: 0, Sum: 0, Workers: 4
[2177.258s][debug][gc,phases      ] GC(77) Weak Processing 0.455ms
[2177.258s][debug][gc,age         ] GC(77) Desired survivor size 26214400 bytes, new threshold 1 (max threshold 15)
[2177.258s][info ][gc,heap        ] GC(77) PSYoungGen: 2061936K(2077184K)->17398K(2063360K) Eden: 2058752K(2058752K)->0K(2045952K) From: 3184K(18432K)->17398K(17408K)
[2177.258s][info ][gc,heap        ] GC(77) ParOldGen: 380710K(764416K)->392679K(764416K)
[2177.258s][info ][gc,metaspace   ] GC(77) Metaspace: 97620K(99008K)->97620K(99008K) NonClass: 83364K(84160K)->83364K(84160K) Class: 14255K(14848K)->14255K(14848K)
[2177.258s][info ][gc             ] GC(77) Pause Young (GCLocker Initiated GC) 2385M->400M(2761M) 16.951ms
[2177.258s][info ][gc,cpu         ] GC(77) User=0.05s Sys=0.00s Real=0.02s
[2177.258s][info ][safepoint      ] Safepoint "ParallelGCSystemGC", Time since last: 1430507 ns, Reaching safepoint: 3800 ns, Cleanup: 2100 ns, At safepoint: 17043877 ns, Total: 17049777 ns
[2178.258s][info ][safepoint      ] Safepoint "Cleanup", Time since last: 1000101210 ns, Reaching safepoint: 65105 ns, Cleanup: 27302 ns, At safepoint: 14001 ns, Total: 106408 ns
[2179.258s][info ][safepoint      ] Safepoint "Cleanup", Time since last: 1000145412 ns, Reaching safepoint: 48103 ns, Cleanup: 14401 ns, At safepoint: 7501 ns, Total: 70005 ns
[2180.259s][info ][safepoint      ] Safepoint "Cleanup", Time since last: 1000159413 ns, Reaching safepoint: 97807 ns, Cleanup: 41103 ns, At safepoint: 12901 ns, Total: 151811 ns
[2181.259s][info ][safepoint      ] Safepoint "Cleanup", Time since last: 1000178514 ns, Reaching safepoint: 81507 ns, Cleanup: 13401 ns, At safepoint: 35702 ns, Total: 130610 ns
[2183.259s][info ][safepoint      ] Safepoint "Cleanup", Time since last: 2000196017 ns, Reaching safepoint: 101207 ns, Cleanup: 11701 ns, At safepoint: 6401 ns, Total: 119309 ns
[2186.260s][info ][safepoint      ] Safepoint "Cleanup", Time since last: 3000262815 ns, Reaching safepoint: 70805 ns, Cleanup: 13401 ns, At safepoint: 8501 ns, Total: 92707 ns
[2187.260s][info ][safepoint      ] Safepoint "Cleanup", Time since last: 1000132308 ns, Reaching safepoint: 78906 ns, Cleanup: 16402 ns, At safepoint: 7000 ns, Total: 102308 ns
[2193.261s][info ][safepoint      ] Safepoint "Cleanup", Time since last: 6000518232 ns, Reaching safepoint: 81806 ns, Cleanup: 12001 ns, At safepoint: 7900 ns, Total: 101707 ns
[2198.246s][info ][gc,start       ] GC(78) Pause Young (Allocation Failure)
[2198.257s][debug][gc,phases      ] GC(78) Scavenge 11.635ms
[2198.257s][debug][gc,ref         ] GC(78) ReferenceProcessor::execute queues: 1, RefProcThreadModel::Single, marks_oops_alive: false
[2198.258s][debug][gc,ref         ] GC(78) Skipped KeepAliveFinalRefsPhase of Reference Processing: no references
[2198.258s][debug][gc,ref         ] GC(78) Skipped PhantomRefsPhase of Reference Processing: no references
[2198.258s][debug][gc,phases      ] GC(78) Reference Processing 0.142ms
[2198.258s][debug][gc,phases      ] GC(78)   VM Weak                        Min:  0.0, Avg:  0.0, Max:  0.0, Diff:  0.0, Sum:  0.0, Workers: 4
[2198.258s][debug][gc,phases      ] GC(78)     Dead                           Min: 0, Avg:  0.0, Max: 0, Diff: 0, Sum: 0, Workers: 4
[2198.258s][debug][gc,phases      ] GC(78)     Total                          Min: 0, Avg: 258.0, Max: 648, Diff: 648, Sum: 1032, Workers: 4
[2198.258s][debug][gc,phases      ] GC(78)   ObjectSynchronizer Weak        Min:  0.0, Avg:  0.0, Max:  0.0, Diff:  0.0, Sum:  0.0, Workers: 4
[2198.258s][debug][gc,phases      ] GC(78)     Dead                           Min: 0, Avg:  0.0, Max: 0, Diff: 0, Sum: 0, Workers: 4
[2198.258s][debug][gc,phases      ] GC(78)     Total                          Min: 0, Avg:  1.8, Max: 7, Diff: 7, Sum: 7, Workers: 4
[2198.258s][debug][gc,phases      ] GC(78)   JVMTI Tag Weak OopStorage      Min:  0.0, Avg:  0.0, Max:  0.0, Diff:  0.0, Sum:  0.0, Workers: 4
[2198.258s][debug][gc,phases      ] GC(78)     Dead                           Min: 0, Avg:  0.0, Max: 0, Diff: 0, Sum: 0, Workers: 4
[2198.258s][debug][gc,phases      ] GC(78)     Total                          Min: 0, Avg:  0.0, Max: 0, Diff: 0, Sum: 0, Workers: 4
[2198.258s][debug][gc,phases      ] GC(78)   StringTable Weak               Min:  0.0, Avg:  0.1, Max:  0.2, Diff:  0.2, Sum:  0.5, Workers: 4
[2198.258s][debug][gc,phases      ] GC(78)     Dead                           Min: 0, Avg:  0.0, Max: 0, Diff: 0, Sum: 0, Workers: 4
[2198.258s][debug][gc,phases      ] GC(78)     Total                          Min: 0, Avg: 12222.2, Max: 17339, Diff: 17339, Sum: 48889, Workers: 4
[2198.258s][debug][gc,phases      ] GC(78)   ResolvedMethodTable Weak       Min:  0.0, Avg:  0.0, Max:  0.0, Diff:  0.0, Sum:  0.1, Workers: 4
[2198.258s][debug][gc,phases      ] GC(78)     Dead                           Min: 0, Avg:  0.0, Max: 0, Diff: 0, Sum: 0, Workers: 4
[2198.258s][debug][gc,phases      ] GC(78)     Total                          Min: 0, Avg: 3426.0, Max: 4697, Diff: 4697, Sum: 13704, Workers: 4
[2198.258s][debug][gc,phases      ] GC(78)   JNI Weak                       Min:  0.0, Avg:  0.0, Max:  0.0, Diff:  0.0, Sum:  0.0, Workers: 4
[2198.258s][debug][gc,phases      ] GC(78)     Dead                           Min: 0, Avg:  0.0, Max: 0, Diff: 0, Sum: 0, Workers: 4
[2198.258s][debug][gc,phases      ] GC(78)     Total                          Min: 0, Avg: 12.0, Max: 48, Diff: 48, Sum: 48, Workers: 4
[2198.258s][debug][gc,phases      ] GC(78)   StringDedup Table Weak         Min:  0.0, Avg:  0.0, Max:  0.0, Diff:  0.0, Sum:  0.0, Workers: 4
[2198.258s][debug][gc,phases      ] GC(78)     Dead                           Min: 0, Avg:  0.0, Max: 0, Diff: 0, Sum: 0, Workers: 4
[2198.258s][debug][gc,phases      ] GC(78)     Total                          Min: 0, Avg:  0.0, Max: 0, Diff: 0, Sum: 0, Workers: 4
[2198.258s][debug][gc,phases      ] GC(78)   StringDedup Requests0 Weak     Min:  0.0, Avg:  0.0, Max:  0.0, Diff:  0.0, Sum:  0.0, Workers: 4
[2198.258s][debug][gc,phases      ] GC(78)     Dead                           Min: 0, Avg:  0.0, Max: 0, Diff: 0, Sum: 0, Workers: 4
[2198.258s][debug][gc,phases      ] GC(78)     Total                          Min: 0, Avg:  0.0, Max: 0, Diff: 0, Sum: 0, Workers: 4
[2198.258s][debug][gc,phases      ] GC(78)   StringDedup Requests1 Weak     Min:  0.0, Avg:  0.0, Max:  0.0, Diff:  0.0, Sum:  0.0, Workers: 4
[2198.258s][debug][gc,phases      ] GC(78)     Dead                           Min: 0, Avg:  0.0, Max: 0, Diff: 0, Sum: 0, Workers: 4
[2198.258s][debug][gc,phases      ] GC(78)     Total                          Min: 0, Avg:  0.0, Max: 0, Diff: 0, Sum: 0, Workers: 4
[2198.258s][debug][gc,phases      ] GC(78)   Weak JFR Old Object Samples    Min:  0.0, Avg:  0.0, Max:  0.0, Diff:  0.0, Sum:  0.0, Workers: 4
[2198.258s][debug][gc,phases      ] GC(78)     Dead                           Min: 0, Avg:  0.0, Max: 0, Diff: 0, Sum: 0, Workers: 4
[2198.258s][debug][gc,phases      ] GC(78)     Total                          Min: 0, Avg:  0.0, Max: 0, Diff: 0, Sum: 0, Workers: 4
[2198.258s][debug][gc,phases      ] GC(78) Weak Processing 0.511ms
[2198.258s][debug][gc,age         ] GC(78) Desired survivor size 24641536 bytes, new threshold 1 (max threshold 15)
[2198.258s][info ][gc,heap        ] GC(78) PSYoungGen: 2063350K(2063360K)->4864K(2071552K) Eden: 2045952K(2045952K)->0K(2045952K) From: 17398K(17408K)->4864K(25600K)
[2198.258s][info ][gc,heap        ] GC(78) ParOldGen: 392680K(764416K)->408822K(764416K)
[2198.258s][info ][gc,metaspace   ] GC(78) Metaspace: 97620K(99008K)->97620K(99008K) NonClass: 83364K(84160K)->83364K(84160K) Class: 14255K(14848K)->14255K(14848K)
[2198.258s][info ][gc             ] GC(78) Pause Young (Allocation Failure) 2398M->403M(2769M) 12.461ms
[2198.258s][info ][gc,cpu         ] GC(78) User=0.03s Sys=0.00s Real=0.01s
[2198.258s][info ][safepoint      ] Safepoint "ParallelGCFailedAllocation", Time since last: 4985002308 ns, Reaching safepoint: 13401 ns, Cleanup: 4701 ns, At safepoint: 12564530 ns, Total: 12582632 ns
[2199.258s][info ][safepoint      ] Safepoint "Cleanup", Time since last: 1000165572 ns, Reaching safepoint: 89007 ns, Cleanup: 15601 ns, At safepoint: 7301 ns, Total: 111909 ns
[2203.259s][info ][safepoint      ] Safepoint "Cleanup", Time since last: 4000344077 ns, Reaching safepoint: 82106 ns, Cleanup: 11101 ns, At safepoint: 6101 ns, Total: 99308 ns
[2208.260s][info ][safepoint      ] Safepoint "Cleanup", Time since last: 5000597289 ns, Reaching safepoint: 70505 ns, Cleanup: 93407 ns, At safepoint: 28202 ns, Total: 192114 ns
[2218.261s][info ][safepoint      ] Safepoint "Cleanup", Time since last: 10000980118 ns, Reaching safepoint: 86506 ns, Cleanup: 10401 ns, At safepoint: 8001 ns, Total: 104908 ns
[2220.261s][info ][safepoint      ] Safepoint "Cleanup", Time since last: 2000236309 ns, Reaching safepoint: 87506 ns, Cleanup: 15201 ns, At safepoint: 7401 ns, Total: 110108 ns
[2220.963s][info ][gc,start       ] GC(79) Pause Young (Allocation Failure)
[2220.967s][debug][gc,phases      ] GC(79) Scavenge 4.487ms
[2220.967s][debug][gc,ref         ] GC(79) ReferenceProcessor::execute queues: 1, RefProcThreadModel::Single, marks_oops_alive: false
[2220.967s][debug][gc,ref         ] GC(79) Skipped KeepAliveFinalRefsPhase of Reference Processing: no references
[2220.967s][debug][gc,ref         ] GC(79) Skipped PhantomRefsPhase of Reference Processing: no references
[2220.967s][debug][gc,phases      ] GC(79) Reference Processing 0.138ms
[2220.968s][debug][gc,phases      ] GC(79)   VM Weak                        Min:  0.0, Avg:  0.0, Max:  0.0, Diff:  0.0, Sum:  0.0, Workers: 4
[2220.968s][debug][gc,phases      ] GC(79)     Dead                           Min: 0, Avg:  0.0, Max: 0, Diff: 0, Sum: 0, Workers: 4
[2220.968s][debug][gc,phases      ] GC(79)     Total                          Min: 0, Avg: 258.0, Max: 712, Diff: 712, Sum: 1032, Workers: 4
[2220.968s][debug][gc,phases      ] GC(79)   ObjectSynchronizer Weak        Min:  0.0, Avg:  0.0, Max:  0.0, Diff:  0.0, Sum:  0.0, Workers: 4
[2220.968s][debug][gc,phases      ] GC(79)     Dead                           Min: 0, Avg:  0.0, Max: 0, Diff: 0, Sum: 0, Workers: 4
[2220.968s][debug][gc,phases      ] GC(79)     Total                          Min: 0, Avg:  1.8, Max: 7, Diff: 7, Sum: 7, Workers: 4
[2220.968s][debug][gc,phases      ] GC(79)   JVMTI Tag Weak OopStorage      Min:  0.0, Avg:  0.0, Max:  0.0, Diff:  0.0, Sum:  0.0, Workers: 4
[2220.968s][debug][gc,phases      ] GC(79)     Dead                           Min: 0, Avg:  0.0, Max: 0, Diff: 0, Sum: 0, Workers: 4
[2220.968s][debug][gc,phases      ] GC(79)     Total                          Min: 0, Avg:  0.0, Max: 0, Diff: 0, Sum: 0, Workers: 4
[2220.968s][debug][gc,phases      ] GC(79)   StringTable Weak               Min:  0.0, Avg:  0.1, Max:  0.1, Diff:  0.1, Sum:  0.4, Workers: 4
[2220.968s][debug][gc,phases      ] GC(79)     Dead                           Min: 0, Avg:  0.0, Max: 0, Diff: 0, Sum: 0, Workers: 4
[2220.968s][debug][gc,phases      ] GC(79)     Total                          Min: 0, Avg: 12222.2, Max: 18234, Diff: 18234, Sum: 48889, Workers: 4
[2220.968s][debug][gc,phases      ] GC(79)   ResolvedMethodTable Weak       Min:  0.0, Avg:  0.0, Max:  0.0, Diff:  0.0, Sum:  0.1, Workers: 4
[2220.968s][debug][gc,phases      ] GC(79)     Dead                           Min: 0, Avg:  0.0, Max: 0, Diff: 0, Sum: 0, Workers: 4
[2220.968s][debug][gc,phases      ] GC(79)     Total                          Min: 0, Avg: 3426.0, Max: 5117, Diff: 5117, Sum: 13704, Workers: 4
[2220.968s][debug][gc,phases      ] GC(79)   JNI Weak                       Min:  0.0, Avg:  0.0, Max:  0.0, Diff:  0.0, Sum:  0.0, Workers: 4
[2220.968s][debug][gc,phases      ] GC(79)     Dead                           Min: 0, Avg:  0.0, Max: 0, Diff: 0, Sum: 0, Workers: 4
[2220.968s][debug][gc,phases      ] GC(79)     Total                          Min: 0, Avg: 12.0, Max: 48, Diff: 48, Sum: 48, Workers: 4
[2220.968s][debug][gc,phases      ] GC(79)   StringDedup Table Weak         Min:  0.0, Avg:  0.0, Max:  0.0, Diff:  0.0, Sum:  0.0, Workers: 4
[2220.968s][debug][gc,phases      ] GC(79)     Dead                           Min: 0, Avg:  0.0, Max: 0, Diff: 0, Sum: 0, Workers: 4
[2220.968s][debug][gc,phases      ] GC(79)     Total                          Min: 0, Avg:  0.0, Max: 0, Diff: 0, Sum: 0, Workers: 4
[2220.968s][debug][gc,phases      ] GC(79)   StringDedup Requests0 Weak     Min:  0.0, Avg:  0.0, Max:  0.0, Diff:  0.0, Sum:  0.0, Workers: 4
[2220.968s][debug][gc,phases      ] GC(79)     Dead                           Min: 0, Avg:  0.0, Max: 0, Diff: 0, Sum: 0, Workers: 4
[2220.968s][debug][gc,phases      ] GC(79)     Total                          Min: 0, Avg:  0.0, Max: 0, Diff: 0, Sum: 0, Workers: 4
[2220.968s][debug][gc,phases      ] GC(79)   StringDedup Requests1 Weak     Min:  0.0, Avg:  0.0, Max:  0.0, Diff:  0.0, Sum:  0.0, Workers: 4
[2220.968s][debug][gc,phases      ] GC(79)     Dead                           Min: 0, Avg:  0.0, Max: 0, Diff: 0, Sum: 0, Workers: 4
[2220.968s][debug][gc,phases      ] GC(79)     Total                          Min: 0, Avg:  0.0, Max: 0, Diff: 0, Sum: 0, Workers: 4
[2220.968s][debug][gc,phases      ] GC(79)   Weak JFR Old Object Samples    Min:  0.0, Avg:  0.0, Max:  0.0, Diff:  0.0, Sum:  0.0, Workers: 4
[2220.968s][debug][gc,phases      ] GC(79)     Dead                           Min: 0, Avg:  0.0, Max: 0, Diff: 0, Sum: 0, Workers: 4
[2220.968s][debug][gc,phases      ] GC(79)     Total                          Min: 0, Avg:  0.0, Max: 0, Diff: 0, Sum: 0, Workers: 4
[2220.968s][debug][gc,phases      ] GC(79) Weak Processing 0.449ms
[2220.968s][debug][gc,age         ] GC(79) Desired survivor size 23068672 bytes, new threshold 1 (max threshold 15)
[2220.968s][info ][gc,heap        ] GC(79) PSYoungGen: 2050816K(2071552K)->4624K(2074624K) Eden: 2045952K(2045952K)->0K(2050560K) From: 4864K(25600K)->4624K(24064K)
[2220.968s][info ][gc,heap        ] GC(79) ParOldGen: 408822K(764416K)->410796K(764416K)
[2220.968s][info ][gc,metaspace   ] GC(79) Metaspace: 97623K(99008K)->97623K(99008K) NonClass: 83367K(84160K)->83367K(84160K) Class: 14255K(14848K)->14255K(14848K)
[2220.968s][info ][gc             ] GC(79) Pause Young (Allocation Failure) 2401M->405M(2772M) 5.255ms
[2220.968s][info ][gc,cpu         ] GC(79) User=0.02s Sys=0.00s Real=0.01s
[2220.968s][info ][safepoint      ] Safepoint "ParallelGCFailedAllocation", Time since last: 701453425 ns, Reaching safepoint: 9600 ns, Cleanup: 18402 ns, At safepoint: 5344578 ns, Total: 5372580 ns
[2223.007s][info ][safepoint      ] Safepoint "Cleanup", Time since last: 2038569321 ns, Reaching safepoint: 85006 ns, Cleanup: 11401 ns, At safepoint: 6200 ns, Total: 102607 ns
[2224.007s][info ][safepoint      ] Safepoint "Cleanup", Time since last: 1000120755 ns, Reaching safepoint: 82306 ns, Cleanup: 12801 ns, At safepoint: 7000 ns, Total: 102107 ns
[2225.007s][info ][safepoint      ] Safepoint "Cleanup", Time since last: 1000138333 ns, Reaching safepoint: 92707 ns, Cleanup: 13401 ns, At safepoint: 9300 ns, Total: 115408 ns
[2226.007s][info ][safepoint      ] Safepoint "Cleanup", Time since last: 1000165662 ns, Reaching safepoint: 91706 ns, Cleanup: 11601 ns, At safepoint: 6901 ns, Total: 110208 ns
[2227.008s][info ][safepoint      ] Safepoint "Cleanup", Time since last: 1000146683 ns, Reaching safepoint: 104107 ns, Cleanup: 50004 ns, At safepoint: 18101 ns, Total: 172212 ns
[2230.008s][info ][safepoint      ] Safepoint "Cleanup", Time since last: 3000336241 ns, Reaching safepoint: 83706 ns, Cleanup: 9701 ns, At safepoint: 6100 ns, Total: 99507 ns
[2231.008s][info ][safepoint      ] Safepoint "Cleanup", Time since last: 1000138783 ns, Reaching safepoint: 79906 ns, Cleanup: 10800 ns, At safepoint: 8901 ns, Total: 99607 ns
[2236.009s][info ][safepoint      ] Safepoint "Cleanup", Time since last: 5000429984 ns, Reaching safepoint: 79404 ns, Cleanup: 7401 ns, At safepoint: 8700 ns, Total: 95505 ns
[2238.009s][info ][safepoint      ] Safepoint "Cleanup", Time since last: 2000174941 ns, Reaching safepoint: 75205 ns, Cleanup: 14402 ns, At safepoint: 7400 ns, Total: 97007 ns
[2241.010s][info ][safepoint      ] Safepoint "Cleanup", Time since last: 3000269430 ns, Reaching safepoint: 84507 ns, Cleanup: 12901 ns, At safepoint: 7800 ns, Total: 105208 ns
[2241.959s][info ][gc,start       ] GC(80) Pause Young (Allocation Failure)
[2241.964s][debug][gc,phases      ] GC(80) Scavenge 5.163ms
[2241.965s][debug][gc,ref         ] GC(80) ReferenceProcessor::execute queues: 1, RefProcThreadModel::Single, marks_oops_alive: false
[2241.965s][debug][gc,ref         ] GC(80) Skipped KeepAliveFinalRefsPhase of Reference Processing: no references
[2241.965s][debug][gc,ref         ] GC(80) ReferenceProcessor::execute queues: 1, RefProcThreadModel::Single, marks_oops_alive: false
[2241.965s][debug][gc,phases      ] GC(80) Reference Processing 0.132ms
[2241.965s][debug][gc,phases      ] GC(80)   VM Weak                        Min:  0.0, Avg:  0.0, Max:  0.0, Diff:  0.0, Sum:  0.0, Workers: 4
[2241.965s][debug][gc,phases      ] GC(80)     Dead                           Min: 0, Avg:  0.0, Max: 0, Diff: 0, Sum: 0, Workers: 4
[2241.965s][debug][gc,phases      ] GC(80)     Total                          Min: 0, Avg: 258.0, Max: 768, Diff: 768, Sum: 1032, Workers: 4
[2241.965s][debug][gc,phases      ] GC(80)   ObjectSynchronizer Weak        Min:  0.0, Avg:  0.0, Max:  0.0, Diff:  0.0, Sum:  0.0, Workers: 4
[2241.965s][debug][gc,phases      ] GC(80)     Dead                           Min: 0, Avg:  0.0, Max: 0, Diff: 0, Sum: 0, Workers: 4
[2241.965s][debug][gc,phases      ] GC(80)     Total                          Min: 0, Avg:  1.0, Max: 4, Diff: 4, Sum: 4, Workers: 4
[2241.965s][debug][gc,phases      ] GC(80)   JVMTI Tag Weak OopStorage      Min:  0.0, Avg:  0.0, Max:  0.0, Diff:  0.0, Sum:  0.0, Workers: 4
[2241.965s][debug][gc,phases      ] GC(80)     Dead                           Min: 0, Avg:  0.0, Max: 0, Diff: 0, Sum: 0, Workers: 4
[2241.965s][debug][gc,phases      ] GC(80)     Total                          Min: 0, Avg:  0.0, Max: 0, Diff: 0, Sum: 0, Workers: 4
[2241.965s][debug][gc,phases      ] GC(80)   StringTable Weak               Min:  0.1, Avg:  0.1, Max:  0.1, Diff:  0.0, Sum:  0.5, Workers: 4
[2241.965s][debug][gc,phases      ] GC(80)     Dead                           Min: 0, Avg:  0.0, Max: 0, Diff: 0, Sum: 0, Workers: 4
[2241.965s][debug][gc,phases      ] GC(80)     Total                          Min: 11455, Avg: 12222.8, Max: 13056, Diff: 1601, Sum: 48891, Workers: 4
[2241.965s][debug][gc,phases      ] GC(80)   ResolvedMethodTable Weak       Min:  0.0, Avg:  0.0, Max:  0.0, Diff:  0.0, Sum:  0.1, Workers: 4
[2241.965s][debug][gc,phases      ] GC(80)     Dead                           Min: 0, Avg:  0.0, Max: 0, Diff: 0, Sum: 0, Workers: 4
[2241.965s][debug][gc,phases      ] GC(80)     Total                          Min: 3277, Avg: 3426.0, Max: 3595, Diff: 318, Sum: 13704, Workers: 4
[2241.965s][debug][gc,phases      ] GC(80)   JNI Weak                       Min:  0.0, Avg:  0.0, Max:  0.0, Diff:  0.0, Sum:  0.0, Workers: 4
[2241.965s][debug][gc,phases      ] GC(80)     Dead                           Min: 0, Avg:  0.0, Max: 0, Diff: 0, Sum: 0, Workers: 4
[2241.965s][debug][gc,phases      ] GC(80)     Total                          Min: 0, Avg: 12.0, Max: 48, Diff: 48, Sum: 48, Workers: 4
[2241.965s][debug][gc,phases      ] GC(80)   StringDedup Table Weak         Min:  0.0, Avg:  0.0, Max:  0.0, Diff:  0.0, Sum:  0.0, Workers: 4
[2241.965s][debug][gc,phases      ] GC(80)     Dead                           Min: 0, Avg:  0.0, Max: 0, Diff: 0, Sum: 0, Workers: 4
[2241.965s][debug][gc,phases      ] GC(80)     Total                          Min: 0, Avg:  0.0, Max: 0, Diff: 0, Sum: 0, Workers: 4
[2241.965s][debug][gc,phases      ] GC(80)   StringDedup Requests0 Weak     Min:  0.0, Avg:  0.0, Max:  0.0, Diff:  0.0, Sum:  0.0, Workers: 4
[2241.965s][debug][gc,phases      ] GC(80)     Dead                           Min: 0, Avg:  0.0, Max: 0, Diff: 0, Sum: 0, Workers: 4
[2241.965s][debug][gc,phases      ] GC(80)     Total                          Min: 0, Avg:  0.0, Max: 0, Diff: 0, Sum: 0, Workers: 4
[2241.965s][debug][gc,phases      ] GC(80)   StringDedup Requests1 Weak     Min:  0.0, Avg:  0.0, Max:  0.0, Diff:  0.0, Sum:  0.0, Workers: 4
[2241.965s][debug][gc,phases      ] GC(80)     Dead                           Min: 0, Avg:  0.0, Max: 0, Diff: 0, Sum: 0, Workers: 4
[2241.965s][debug][gc,phases      ] GC(80)     Total                          Min: 0, Avg:  0.0, Max: 0, Diff: 0, Sum: 0, Workers: 4
[2241.965s][debug][gc,phases      ] GC(80)   Weak JFR Old Object Samples    Min:  0.0, Avg:  0.0, Max:  0.0, Diff:  0.0, Sum:  0.0, Workers: 4
[2241.965s][debug][gc,phases      ] GC(80)     Dead                           Min: 0, Avg:  0.0, Max: 0, Diff: 0, Sum: 0, Workers: 4
[2241.965s][debug][gc,phases      ] GC(80)     Total                          Min: 0, Avg:  0.0, Max: 0, Diff: 0, Sum: 0, Workers: 4
[2241.965s][debug][gc,phases      ] GC(80) Weak Processing 0.432ms
[2241.965s][debug][gc,age         ] GC(80) Desired survivor size 21495808 bytes, new threshold 1 (max threshold 15)
[2241.965s][info ][gc,heap        ] GC(80) PSYoungGen: 2055184K(2074624K)->4800K(2073088K) Eden: 2050560K(2050560K)->0K(2050560K) From: 4624K(24064K)->4800K(22528K)
[2241.965s][info ][gc,heap        ] GC(80) ParOldGen: 410796K(764416K)->412480K(764416K)
[2241.965s][info ][gc,metaspace   ] GC(80) Metaspace: 97624K(99008K)->97624K(99008K) NonClass: 83369K(84160K)->83369K(84160K) Class: 14255K(14848K)->14255K(14848K)
[2241.965s][info ][gc             ] GC(80) Pause Young (Allocation Failure) 2408M->407M(2771M) 5.898ms
[2241.965s][info ][gc,cpu         ] GC(80) User=0.02s Sys=0.00s Real=0.01s
[2241.965s][info ][safepoint      ] Safepoint "ParallelGCFailedAllocation", Time since last: 949520624 ns, Reaching safepoint: 91206 ns, Cleanup: 12801 ns, At safepoint: 5998001 ns, Total: 6102008 ns
[2243.965s][info ][safepoint      ] Safepoint "Cleanup", Time since last: 2000192567 ns, Reaching safepoint: 86206 ns, Cleanup: 13001 ns, At safepoint: 8101 ns, Total: 107308 ns
[2256.967s][info ][safepoint      ] Safepoint "Cleanup", Time since last: 13001134743 ns, Reaching safepoint: 77606 ns, Cleanup: 10901 ns, At safepoint: 6600 ns, Total: 95107 ns
[2258.967s][info ][safepoint      ] Safepoint "Cleanup", Time since last: 2000191860 ns, Reaching safepoint: 80305 ns, Cleanup: 14501 ns, At safepoint: 7901 ns, Total: 102707 ns
[2259.967s][info ][safepoint      ] Safepoint "Cleanup", Time since last: 1000246571 ns, Reaching safepoint: 87706 ns, Cleanup: 14301 ns, At safepoint: 6300 ns, Total: 108307 ns
[2260.968s][info ][safepoint      ] Safepoint "Cleanup", Time since last: 1000143364 ns, Reaching safepoint: 87406 ns, Cleanup: 11500 ns, At safepoint: 6701 ns, Total: 105607 ns
[2262.474s][info ][gc,start       ] GC(81) Pause Young (Allocation Failure)
[2262.482s][debug][gc,phases      ] GC(81) Scavenge 7.293ms
[2262.482s][debug][gc,ref         ] GC(81) ReferenceProcessor::execute queues: 1, RefProcThreadModel::Single, marks_oops_alive: false
[2262.482s][debug][gc,ref         ] GC(81) Skipped KeepAliveFinalRefsPhase of Reference Processing: no references
[2262.482s][debug][gc,ref         ] GC(81) ReferenceProcessor::execute queues: 1, RefProcThreadModel::Single, marks_oops_alive: false
[2262.482s][debug][gc,phases      ] GC(81) Reference Processing 0.159ms
[2262.482s][debug][gc,phases      ] GC(81)   VM Weak                        Min:  0.0, Avg:  0.0, Max:  0.0, Diff:  0.0, Sum:  0.0, Workers: 4
[2262.482s][debug][gc,phases      ] GC(81)     Dead                           Min: 0, Avg:  0.0, Max: 0, Diff: 0, Sum: 0, Workers: 4
[2262.482s][debug][gc,phases      ] GC(81)     Total                          Min: 0, Avg: 258.0, Max: 712, Diff: 712, Sum: 1032, Workers: 4
[2262.482s][debug][gc,phases      ] GC(81)   ObjectSynchronizer Weak        Min:  0.0, Avg:  0.0, Max:  0.0, Diff:  0.0, Sum:  0.0, Workers: 4
[2262.482s][debug][gc,phases      ] GC(81)     Dead                           Min: 0, Avg:  0.0, Max: 0, Diff: 0, Sum: 0, Workers: 4
[2262.482s][debug][gc,phases      ] GC(81)     Total                          Min: 0, Avg:  1.0, Max: 4, Diff: 4, Sum: 4, Workers: 4
[2262.482s][debug][gc,phases      ] GC(81)   JVMTI Tag Weak OopStorage      Min:  0.0, Avg:  0.0, Max:  0.0, Diff:  0.0, Sum:  0.0, Workers: 4
[2262.482s][debug][gc,phases      ] GC(81)     Dead                           Min: 0, Avg:  0.0, Max: 0, Diff: 0, Sum: 0, Workers: 4
[2262.482s][debug][gc,phases      ] GC(81)     Total                          Min: 0, Avg:  0.0, Max: 0, Diff: 0, Sum: 0, Workers: 4
[2262.482s][debug][gc,phases      ] GC(81)   StringTable Weak               Min:  0.0, Avg:  0.1, Max:  0.2, Diff:  0.2, Sum:  0.5, Workers: 4
[2262.482s][debug][gc,phases      ] GC(81)     Dead                           Min: 0, Avg:  0.0, Max: 0, Diff: 0, Sum: 0, Workers: 4
[2262.482s][debug][gc,phases      ] GC(81)     Total                          Min: 0, Avg: 12223.0, Max: 16703, Diff: 16703, Sum: 48892, Workers: 4
[2262.482s][debug][gc,phases      ] GC(81)   ResolvedMethodTable Weak       Min:  0.0, Avg:  0.1, Max:  0.2, Diff:  0.2, Sum:  0.3, Workers: 4
[2262.482s][debug][gc,phases      ] GC(81)     Dead                           Min: 0, Avg:  0.0, Max: 0, Diff: 0, Sum: 0, Workers: 4
[2262.482s][debug][gc,phases      ] GC(81)     Total                          Min: 0, Avg: 3426.0, Max: 4943, Diff: 4943, Sum: 13704, Workers: 4
[2262.482s][debug][gc,phases      ] GC(81)   JNI Weak                       Min:  0.0, Avg:  0.0, Max:  0.0, Diff:  0.0, Sum:  0.0, Workers: 4
[2262.482s][debug][gc,phases      ] GC(81)     Dead                           Min: 0, Avg:  0.0, Max: 0, Diff: 0, Sum: 0, Workers: 4
[2262.482s][debug][gc,phases      ] GC(81)     Total                          Min: 0, Avg: 12.0, Max: 48, Diff: 48, Sum: 48, Workers: 4
[2262.482s][debug][gc,phases      ] GC(81)   StringDedup Table Weak         Min:  0.0, Avg:  0.0, Max:  0.0, Diff:  0.0, Sum:  0.0, Workers: 4
[2262.482s][debug][gc,phases      ] GC(81)     Dead                           Min: 0, Avg:  0.0, Max: 0, Diff: 0, Sum: 0, Workers: 4
[2262.482s][debug][gc,phases      ] GC(81)     Total                          Min: 0, Avg:  0.0, Max: 0, Diff: 0, Sum: 0, Workers: 4
[2262.482s][debug][gc,phases      ] GC(81)   StringDedup Requests0 Weak     Min:  0.0, Avg:  0.0, Max:  0.0, Diff:  0.0, Sum:  0.0, Workers: 4
[2262.482s][debug][gc,phases      ] GC(81)     Dead                           Min: 0, Avg:  0.0, Max: 0, Diff: 0, Sum: 0, Workers: 4
[2262.482s][debug][gc,phases      ] GC(81)     Total                          Min: 0, Avg:  0.0, Max: 0, Diff: 0, Sum: 0, Workers: 4
[2262.482s][debug][gc,phases      ] GC(81)   StringDedup Requests1 Weak     Min:  0.0, Avg:  0.0, Max:  0.0, Diff:  0.0, Sum:  0.0, Workers: 4
[2262.482s][debug][gc,phases      ] GC(81)     Dead                           Min: 0, Avg:  0.0, Max: 0, Diff: 0, Sum: 0, Workers: 4
[2262.482s][debug][gc,phases      ] GC(81)     Total                          Min: 0, Avg:  0.0, Max: 0, Diff: 0, Sum: 0, Workers: 4
[2262.482s][debug][gc,phases      ] GC(81)   Weak JFR Old Object Samples    Min:  0.0, Avg:  0.0, Max:  0.0, Diff:  0.0, Sum:  0.0, Workers: 4
[2262.482s][debug][gc,phases      ] GC(81)     Dead                           Min: 0, Avg:  0.0, Max: 0, Diff: 0, Sum: 0, Workers: 4
[2262.482s][debug][gc,phases      ] GC(81)     Total                          Min: 0, Avg:  0.0, Max: 0, Diff: 0, Sum: 0, Workers: 4
[2262.482s][debug][gc,phases      ] GC(81) Weak Processing 0.588ms
[2262.482s][debug][gc,age         ] GC(81) Desired survivor size 20447232 bytes, new threshold 1 (max threshold 15)
[2262.482s][info ][gc,heap        ] GC(81) PSYoungGen: 2055360K(2073088K)->4864K(2077184K) Eden: 2050560K(2050560K)->0K(2056192K) From: 4800K(22528K)->4864K(20992K)
[2262.482s][info ][gc,heap        ] GC(81) ParOldGen: 412480K(764416K)->413896K(764416K)
[2262.482s][info ][gc,metaspace   ] GC(81) Metaspace: 97629K(99008K)->97629K(99008K) NonClass: 83373K(84160K)->83373K(84160K) Class: 14255K(14848K)->14255K(14848K)
[2262.482s][info ][gc             ] GC(81) Pause Young (Allocation Failure) 2410M->408M(2775M) 8.212ms
[2262.482s][info ][gc,cpu         ] GC(81) User=0.02s Sys=0.00s Real=0.01s
[2262.482s][info ][safepoint      ] Safepoint "ParallelGCFailedAllocation", Time since last: 1506475016 ns, Reaching safepoint: 80306 ns, Cleanup: 11701 ns, At safepoint: 8305358 ns, Total: 8397365 ns
[2263.483s][info ][safepoint      ] Safepoint "Cleanup", Time since last: 1000098161 ns, Reaching safepoint: 14001 ns, Cleanup: 16501 ns, At safepoint: 3300 ns, Total: 33802 ns
[2265.483s][info ][safepoint      ] Safepoint "Cleanup", Time since last: 2000233710 ns, Reaching safepoint: 14601 ns, Cleanup: 17501 ns, At safepoint: 3301 ns, Total: 35403 ns
[2269.483s][info ][safepoint      ] Safepoint "Cleanup", Time since last: 4000358716 ns, Reaching safepoint: 109806 ns, Cleanup: 14801 ns, At safepoint: 6300 ns, Total: 130907 ns
[2277.484s][info ][safepoint      ] Safepoint "Cleanup", Time since last: 8000756398 ns, Reaching safepoint: 15601 ns, Cleanup: 20301 ns, At safepoint: 4600 ns, Total: 40502 ns
[2280.485s][info ][safepoint      ] Safepoint "Cleanup", Time since last: 3000853138 ns, Reaching safepoint: 14401 ns, Cleanup: 18601 ns, At safepoint: 8201 ns, Total: 41203 ns
[2282.025s][info ][safepoint      ] Safepoint "Cleanup", Time since last: 1540254512 ns, Reaching safepoint: 80005 ns, Cleanup: 32603 ns, At safepoint: 10000 ns, Total: 122608 ns
[2283.462s][info ][gc,start       ] GC(82) Pause Young (Allocation Failure)
[2283.466s][debug][gc,phases      ] GC(82) Scavenge 4.195ms
[2283.466s][debug][gc,ref         ] GC(82) ReferenceProcessor::execute queues: 1, RefProcThreadModel::Single, marks_oops_alive: false
[2283.466s][debug][gc,ref         ] GC(82) Skipped KeepAliveFinalRefsPhase of Reference Processing: no references
[2283.466s][debug][gc,ref         ] GC(82) Skipped PhantomRefsPhase of Reference Processing: no references
[2283.466s][debug][gc,phases      ] GC(82) Reference Processing 0.123ms
[2283.467s][debug][gc,phases      ] GC(82)   VM Weak                        Min:  0.0, Avg:  0.0, Max:  0.0, Diff:  0.0, Sum:  0.0, Workers: 4
[2283.467s][debug][gc,phases      ] GC(82)     Dead                           Min: 0, Avg:  0.0, Max: 0, Diff: 0, Sum: 0, Workers: 4
[2283.467s][debug][gc,phases      ] GC(82)     Total                          Min: 0, Avg: 258.0, Max: 704, Diff: 704, Sum: 1032, Workers: 4
[2283.467s][debug][gc,phases      ] GC(82)   ObjectSynchronizer Weak        Min:  0.0, Avg:  0.0, Max:  0.0, Diff:  0.0, Sum:  0.0, Workers: 4
[2283.467s][debug][gc,phases      ] GC(82)     Dead                           Min: 0, Avg:  0.0, Max: 0, Diff: 0, Sum: 0, Workers: 4
[2283.467s][debug][gc,phases      ] GC(82)     Total                          Min: 0, Avg:  0.8, Max: 3, Diff: 3, Sum: 3, Workers: 4
[2283.467s][debug][gc,phases      ] GC(82)   JVMTI Tag Weak OopStorage      Min:  0.0, Avg:  0.0, Max:  0.0, Diff:  0.0, Sum:  0.0, Workers: 4
[2283.467s][debug][gc,phases      ] GC(82)     Dead                           Min: 0, Avg:  0.0, Max: 0, Diff: 0, Sum: 0, Workers: 4
[2283.467s][debug][gc,phases      ] GC(82)     Total                          Min: 0, Avg:  0.0, Max: 0, Diff: 0, Sum: 0, Workers: 4
[2283.467s][debug][gc,phases      ] GC(82)   StringTable Weak               Min:  0.1, Avg:  0.1, Max:  0.1, Diff:  0.0, Sum:  0.5, Workers: 4
[2283.467s][debug][gc,phases      ] GC(82)     Dead                           Min: 0, Avg:  0.0, Max: 0, Diff: 0, Sum: 0, Workers: 4
[2283.467s][debug][gc,phases      ] GC(82)     Total                          Min: 11456, Avg: 12223.8, Max: 12992, Diff: 1536, Sum: 48895, Workers: 4
[2283.467s][debug][gc,phases      ] GC(82)   ResolvedMethodTable Weak       Min:  0.0, Avg:  0.0, Max:  0.0, Diff:  0.0, Sum:  0.1, Workers: 4
[2283.467s][debug][gc,phases      ] GC(82)     Dead                           Min: 0, Avg:  0.0, Max: 0, Diff: 0, Sum: 0, Workers: 4
[2283.467s][debug][gc,phases      ] GC(82)     Total                          Min: 3077, Avg: 3426.0, Max: 3897, Diff: 820, Sum: 13704, Workers: 4
[2283.467s][debug][gc,phases      ] GC(82)   JNI Weak                       Min:  0.0, Avg:  0.0, Max:  0.0, Diff:  0.0, Sum:  0.0, Workers: 4
[2283.467s][debug][gc,phases      ] GC(82)     Dead                           Min: 0, Avg:  0.0, Max: 0, Diff: 0, Sum: 0, Workers: 4
[2283.467s][debug][gc,phases      ] GC(82)     Total                          Min: 0, Avg: 12.0, Max: 48, Diff: 48, Sum: 48, Workers: 4
[2283.467s][debug][gc,phases      ] GC(82)   StringDedup Table Weak         Min:  0.0, Avg:  0.0, Max:  0.0, Diff:  0.0, Sum:  0.0, Workers: 4
[2283.467s][debug][gc,phases      ] GC(82)     Dead                           Min: 0, Avg:  0.0, Max: 0, Diff: 0, Sum: 0, Workers: 4
[2283.467s][debug][gc,phases      ] GC(82)     Total                          Min: 0, Avg:  0.0, Max: 0, Diff: 0, Sum: 0, Workers: 4
[2283.467s][debug][gc,phases      ] GC(82)   StringDedup Requests0 Weak     Min:  0.0, Avg:  0.0, Max:  0.0, Diff:  0.0, Sum:  0.0, Workers: 4
[2283.467s][debug][gc,phases      ] GC(82)     Dead                           Min: 0, Avg:  0.0, Max: 0, Diff: 0, Sum: 0, Workers: 4
[2283.467s][debug][gc,phases      ] GC(82)     Total                          Min: 0, Avg:  0.0, Max: 0, Diff: 0, Sum: 0, Workers: 4
[2283.467s][debug][gc,phases      ] GC(82)   StringDedup Requests1 Weak     Min:  0.0, Avg:  0.0, Max:  0.0, Diff:  0.0, Sum:  0.0, Workers: 4
[2283.467s][debug][gc,phases      ] GC(82)     Dead                           Min: 0, Avg:  0.0, Max: 0, Diff: 0, Sum: 0, Workers: 4
[2283.467s][debug][gc,phases      ] GC(82)     Total                          Min: 0, Avg:  0.0, Max: 0, Diff: 0, Sum: 0, Workers: 4
[2283.467s][debug][gc,phases      ] GC(82)   Weak JFR Old Object Samples    Min:  0.0, Avg:  0.0, Max:  0.0, Diff:  0.0, Sum:  0.0, Workers: 4
[2283.467s][debug][gc,phases      ] GC(82)     Dead                           Min: 0, Avg:  0.0, Max: 0, Diff: 0, Sum: 0, Workers: 4
[2283.467s][debug][gc,phases      ] GC(82)     Total                          Min: 0, Avg:  0.0, Max: 0, Diff: 0, Sum: 0, Workers: 4
[2283.467s][debug][gc,phases      ] GC(82) Weak Processing 0.406ms
[2283.467s][debug][gc,age         ] GC(82) Desired survivor size 19398656 bytes, new threshold 1 (max threshold 15)
[2283.467s][info ][gc,heap        ] GC(82) PSYoungGen: 2061056K(2077184K)->4448K(2076160K) Eden: 2056192K(2056192K)->0K(2056192K) From: 4864K(20992K)->4448K(19968K)
[2283.467s][info ][gc,heap        ] GC(82) ParOldGen: 413896K(764416K)->415149K(764416K)
[2283.467s][info ][gc,metaspace   ] GC(82) Metaspace: 97649K(99008K)->97649K(99008K) NonClass: 83393K(84160K)->83393K(84160K) Class: 14255K(14848K)->14255K(14848K)
[2283.467s][info ][gc             ] GC(82) Pause Young (Allocation Failure) 2416M->409M(2774M) 4.884ms
[2283.467s][info ][gc,cpu         ] GC(82) User=0.01s Sys=0.00s Real=0.01s
[2283.467s][info ][safepoint      ] Safepoint "ParallelGCFailedAllocation", Time since last: 1436470660 ns, Reaching safepoint: 8000 ns, Cleanup: 4401 ns, At safepoint: 4969043 ns, Total: 4981444 ns
[2293.468s][info ][safepoint      ] Safepoint "Cleanup", Time since last: 10000830272 ns, Reaching safepoint: 9701 ns, Cleanup: 23501 ns, At safepoint: 2801 ns, Total: 36003 ns
[2294.468s][info ][safepoint      ] Safepoint "Cleanup", Time since last: 1000144941 ns, Reaching safepoint: 10200 ns, Cleanup: 11901 ns, At safepoint: 3900 ns, Total: 26001 ns
[2296.468s][info ][safepoint      ] Safepoint "Cleanup", Time since last: 2000200476 ns, Reaching safepoint: 12501 ns, Cleanup: 13801 ns, At safepoint: 3301 ns, Total: 29603 ns
[2297.468s][info ][safepoint      ] Safepoint "Cleanup", Time since last: 1000127860 ns, Reaching safepoint: 7601 ns, Cleanup: 31002 ns, At safepoint: 3400 ns, Total: 42003 ns
[2298.468s][info ][safepoint      ] Safepoint "Cleanup", Time since last: 1000118160 ns, Reaching safepoint: 9400 ns, Cleanup: 20901 ns, At safepoint: 2801 ns, Total: 33102 ns
[2299.469s][info ][safepoint      ] Safepoint "Cleanup", Time since last: 1000116559 ns, Reaching safepoint: 6901 ns, Cleanup: 18901 ns, At safepoint: 2300 ns, Total: 28102 ns
[2301.469s][info ][safepoint      ] Safepoint "Cleanup", Time since last: 2000190516 ns, Reaching safepoint: 9301 ns, Cleanup: 27402 ns, At safepoint: 2600 ns, Total: 39303 ns
[2302.469s][info ][safepoint      ] Safepoint "Cleanup", Time since last: 1000113659 ns, Reaching safepoint: 7301 ns, Cleanup: 8700 ns, At safepoint: 1900 ns, Total: 17901 ns
[2303.469s][info ][safepoint      ] Safepoint "Cleanup", Time since last: 1000125497 ns, Reaching safepoint: 9301 ns, Cleanup: 18101 ns, At safepoint: 2901 ns, Total: 30303 ns
[2313.470s][info ][safepoint      ] Safepoint "Cleanup", Time since last: 10000800656 ns, Reaching safepoint: 7701 ns, Cleanup: 10400 ns, At safepoint: 2700 ns, Total: 20801 ns
[2319.362s][info ][gc,start       ] GC(83) Pause Young (Allocation Failure)
[2319.370s][debug][gc,phases      ] GC(83) Scavenge 8.344ms
[2319.371s][debug][gc,ref         ] GC(83) ReferenceProcessor::execute queues: 1, RefProcThreadModel::Single, marks_oops_alive: false
[2319.371s][debug][gc,ref         ] GC(83) Skipped KeepAliveFinalRefsPhase of Reference Processing: no references
[2319.371s][debug][gc,ref         ] GC(83) ReferenceProcessor::execute queues: 1, RefProcThreadModel::Single, marks_oops_alive: false
[2319.371s][debug][gc,phases      ] GC(83) Reference Processing 0.242ms
[2319.371s][debug][gc,phases      ] GC(83)   VM Weak                        Min:  0.0, Avg:  0.0, Max:  0.0, Diff:  0.0, Sum:  0.0, Workers: 4
[2319.371s][debug][gc,phases      ] GC(83)     Dead                           Min: 0, Avg:  0.0, Max: 0, Diff: 0, Sum: 0, Workers: 4
[2319.371s][debug][gc,phases      ] GC(83)     Total                          Min: 0, Avg: 258.0, Max: 712, Diff: 712, Sum: 1032, Workers: 4
[2319.371s][debug][gc,phases      ] GC(83)   ObjectSynchronizer Weak        Min:  0.0, Avg:  0.0, Max:  0.0, Diff:  0.0, Sum:  0.0, Workers: 4
[2319.371s][debug][gc,phases      ] GC(83)     Dead                           Min: 0, Avg:  0.0, Max: 0, Diff: 0, Sum: 0, Workers: 4
[2319.371s][debug][gc,phases      ] GC(83)     Total                          Min: 0, Avg:  1.5, Max: 6, Diff: 6, Sum: 6, Workers: 4
[2319.371s][debug][gc,phases      ] GC(83)   JVMTI Tag Weak OopStorage      Min:  0.0, Avg:  0.0, Max:  0.0, Diff:  0.0, Sum:  0.0, Workers: 4
[2319.371s][debug][gc,phases      ] GC(83)     Dead                           Min: 0, Avg:  0.0, Max: 0, Diff: 0, Sum: 0, Workers: 4
[2319.371s][debug][gc,phases      ] GC(83)     Total                          Min: 0, Avg:  0.0, Max: 0, Diff: 0, Sum: 0, Workers: 4
[2319.371s][debug][gc,phases      ] GC(83)   StringTable Weak               Min:  0.0, Avg:  0.2, Max:  0.3, Diff:  0.3, Sum:  1.0, Workers: 4
[2319.371s][debug][gc,phases      ] GC(83)     Dead                           Min: 0, Avg:  0.0, Max: 0, Diff: 0, Sum: 0, Workers: 4
[2319.371s][debug][gc,phases      ] GC(83)     Total                          Min: 0, Avg: 12225.0, Max: 23040, Diff: 23040, Sum: 48900, Workers: 4
[2319.371s][debug][gc,phases      ] GC(83)   ResolvedMethodTable Weak       Min:  0.0, Avg:  0.1, Max:  0.1, Diff:  0.1, Sum:  0.3, Workers: 4
[2319.371s][debug][gc,phases      ] GC(83)     Dead                           Min: 0, Avg:  0.2, Max: 1, Diff: 1, Sum: 1, Workers: 4
[2319.371s][debug][gc,phases      ] GC(83)     Total                          Min: 0, Avg: 3426.0, Max: 5752, Diff: 5752, Sum: 13704, Workers: 4
[2319.371s][debug][gc,phases      ] GC(83)   JNI Weak                       Min:  0.0, Avg:  0.0, Max:  0.0, Diff:  0.0, Sum:  0.0, Workers: 4
[2319.371s][debug][gc,phases      ] GC(83)     Dead                           Min: 0, Avg:  0.0, Max: 0, Diff: 0, Sum: 0, Workers: 4
[2319.371s][debug][gc,phases      ] GC(83)     Total                          Min: 0, Avg: 12.0, Max: 48, Diff: 48, Sum: 48, Workers: 4
[2319.371s][debug][gc,phases      ] GC(83)   StringDedup Table Weak         Min:  0.0, Avg:  0.0, Max:  0.0, Diff:  0.0, Sum:  0.0, Workers: 4
[2319.371s][debug][gc,phases      ] GC(83)     Dead                           Min: 0, Avg:  0.0, Max: 0, Diff: 0, Sum: 0, Workers: 4
[2319.371s][debug][gc,phases      ] GC(83)     Total                          Min: 0, Avg:  0.0, Max: 0, Diff: 0, Sum: 0, Workers: 4
[2319.371s][debug][gc,phases      ] GC(83)   StringDedup Requests0 Weak     Min:  0.0, Avg:  0.0, Max:  0.0, Diff:  0.0, Sum:  0.0, Workers: 4
[2319.371s][debug][gc,phases      ] GC(83)     Dead                           Min: 0, Avg:  0.0, Max: 0, Diff: 0, Sum: 0, Workers: 4
[2319.371s][debug][gc,phases      ] GC(83)     Total                          Min: 0, Avg:  0.0, Max: 0, Diff: 0, Sum: 0, Workers: 4
[2319.371s][debug][gc,phases      ] GC(83)   StringDedup Requests1 Weak     Min:  0.0, Avg:  0.0, Max:  0.0, Diff:  0.0, Sum:  0.0, Workers: 4
[2319.371s][debug][gc,phases      ] GC(83)     Dead                           Min: 0, Avg:  0.0, Max: 0, Diff: 0, Sum: 0, Workers: 4
[2319.371s][debug][gc,phases      ] GC(83)     Total                          Min: 0, Avg:  0.0, Max: 0, Diff: 0, Sum: 0, Workers: 4
[2319.371s][debug][gc,phases      ] GC(83)   Weak JFR Old Object Samples    Min:  0.0, Avg:  0.0, Max:  0.0, Diff:  0.0, Sum:  0.0, Workers: 4
[2319.371s][debug][gc,phases      ] GC(83)     Dead                           Min: 0, Avg:  0.0, Max: 0, Diff: 0, Sum: 0, Workers: 4
[2319.371s][debug][gc,phases      ] GC(83)     Total                          Min: 0, Avg:  0.0, Max: 0, Diff: 0, Sum: 0, Workers: 4
[2319.371s][debug][gc,phases      ] GC(83) Weak Processing 0.718ms
[2319.371s][debug][gc,age         ] GC(83) Desired survivor size 17825792 bytes, new threshold 1 (max threshold 15)
[2319.371s][info ][gc,heap        ] GC(83) PSYoungGen: 2060640K(2076160K)->4800K(2079744K) Eden: 2056192K(2056192K)->0K(2060800K) From: 4448K(19968K)->4800K(18944K)
[2319.371s][info ][gc,heap        ] GC(83) ParOldGen: 415149K(764416K)->415973K(764416K)
[2319.371s][info ][gc,metaspace   ] GC(83) Metaspace: 97674K(99008K)->97674K(99008K) NonClass: 83419K(84160K)->83419K(84160K) Class: 14255K(14848K)->14255K(14848K)
[2319.372s][info ][gc             ] GC(83) Pause Young (Allocation Failure) 2417M->410M(2777M) 9.575ms
[2319.372s][info ][gc,cpu         ] GC(83) User=0.03s Sys=0.00s Real=0.01s
[2319.372s][info ][safepoint      ] Safepoint "ParallelGCFailedAllocation", Time since last: 5891838369 ns, Reaching safepoint: 90906 ns, Cleanup: 8500 ns, At safepoint: 9733523 ns, Total: 9832929 ns
[2321.372s][info ][safepoint      ] Safepoint "Cleanup", Time since last: 2000174378 ns, Reaching safepoint: 10000 ns, Cleanup: 12401 ns, At safepoint: 3100 ns, Total: 25501 ns
[2328.372s][info ][safepoint      ] Safepoint "Cleanup", Time since last: 7000573076 ns, Reaching safepoint: 15901 ns, Cleanup: 18201 ns, At safepoint: 3800 ns, Total: 37902 ns
[2340.374s][info ][safepoint      ] Safepoint "Cleanup", Time since last: 12001259666 ns, Reaching safepoint: 11800 ns, Cleanup: 13601 ns, At safepoint: 2900 ns, Total: 28301 ns
[2352.044s][info ][safepoint      ] Safepoint "Cleanup", Time since last: 11670424111 ns, Reaching safepoint: 13101 ns, Cleanup: 14401 ns, At safepoint: 7001 ns, Total: 34503 ns
[2367.107s][info ][gc,start       ] GC(84) Pause Young (Allocation Failure)
[2367.111s][debug][gc,phases      ] GC(84) Scavenge 3.742ms
[2367.111s][debug][gc,ref         ] GC(84) Skipped SoftWeakFinalRefsPhase of Reference Processing: no references
[2367.111s][debug][gc,ref         ] GC(84) Skipped KeepAliveFinalRefsPhase of Reference Processing: no references
[2367.111s][debug][gc,ref         ] GC(84) Skipped PhantomRefsPhase of Reference Processing: no references
[2367.111s][debug][gc,phases      ] GC(84) Reference Processing 0.025ms
[2367.111s][debug][gc,phases      ] GC(84)   VM Weak                        Min:  0.0, Avg:  0.0, Max:  0.0, Diff:  0.0, Sum:  0.0, Workers: 4
[2367.111s][debug][gc,phases      ] GC(84)     Dead                           Min: 0, Avg:  0.0, Max: 0, Diff: 0, Sum: 0, Workers: 4
[2367.111s][debug][gc,phases      ] GC(84)     Total                          Min: 0, Avg: 258.0, Max: 712, Diff: 712, Sum: 1032, Workers: 4
[2367.111s][debug][gc,phases      ] GC(84)   ObjectSynchronizer Weak        Min:  0.0, Avg:  0.0, Max:  0.0, Diff:  0.0, Sum:  0.0, Workers: 4
[2367.111s][debug][gc,phases      ] GC(84)     Dead                           Min: 0, Avg:  0.0, Max: 0, Diff: 0, Sum: 0, Workers: 4
[2367.111s][debug][gc,phases      ] GC(84)     Total                          Min: 0, Avg:  0.8, Max: 3, Diff: 3, Sum: 3, Workers: 4
[2367.111s][debug][gc,phases      ] GC(84)   JVMTI Tag Weak OopStorage      Min:  0.0, Avg:  0.0, Max:  0.0, Diff:  0.0, Sum:  0.0, Workers: 4
[2367.111s][debug][gc,phases      ] GC(84)     Dead                           Min: 0, Avg:  0.0, Max: 0, Diff: 0, Sum: 0, Workers: 4
[2367.111s][debug][gc,phases      ] GC(84)     Total                          Min: 0, Avg:  0.0, Max: 0, Diff: 0, Sum: 0, Workers: 4
[2367.111s][debug][gc,phases      ] GC(84)   StringTable Weak               Min:  0.0, Avg:  0.1, Max:  0.2, Diff:  0.2, Sum:  0.5, Workers: 4
[2367.111s][debug][gc,phases      ] GC(84)     Dead                           Min: 0, Avg:  0.0, Max: 0, Diff: 0, Sum: 0, Workers: 4
[2367.111s][debug][gc,phases      ] GC(84)     Total                          Min: 0, Avg: 12225.0, Max: 17344, Diff: 17344, Sum: 48900, Workers: 4
[2367.111s][debug][gc,phases      ] GC(84)   ResolvedMethodTable Weak       Min:  0.0, Avg:  0.0, Max:  0.0, Diff:  0.0, Sum:  0.1, Workers: 4
[2367.111s][debug][gc,phases      ] GC(84)     Dead                           Min: 0, Avg:  0.0, Max: 0, Diff: 0, Sum: 0, Workers: 4
[2367.111s][debug][gc,phases      ] GC(84)     Total                          Min: 0, Avg: 3426.0, Max: 4997, Diff: 4997, Sum: 13704, Workers: 4
[2367.111s][debug][gc,phases      ] GC(84)   JNI Weak                       Min:  0.0, Avg:  0.0, Max:  0.0, Diff:  0.0, Sum:  0.0, Workers: 4
[2367.111s][debug][gc,phases      ] GC(84)     Dead                           Min: 0, Avg:  0.0, Max: 0, Diff: 0, Sum: 0, Workers: 4
[2367.111s][debug][gc,phases      ] GC(84)     Total                          Min: 0, Avg: 12.0, Max: 48, Diff: 48, Sum: 48, Workers: 4
[2367.111s][debug][gc,phases      ] GC(84)   StringDedup Table Weak         Min:  0.0, Avg:  0.0, Max:  0.0, Diff:  0.0, Sum:  0.0, Workers: 4
[2367.111s][debug][gc,phases      ] GC(84)     Dead                           Min: 0, Avg:  0.0, Max: 0, Diff: 0, Sum: 0, Workers: 4
[2367.111s][debug][gc,phases      ] GC(84)     Total                          Min: 0, Avg:  0.0, Max: 0, Diff: 0, Sum: 0, Workers: 4
[2367.111s][debug][gc,phases      ] GC(84)   StringDedup Requests0 Weak     Min:  0.0, Avg:  0.0, Max:  0.0, Diff:  0.0, Sum:  0.0, Workers: 4
[2367.111s][debug][gc,phases      ] GC(84)     Dead                           Min: 0, Avg:  0.0, Max: 0, Diff: 0, Sum: 0, Workers: 4
[2367.111s][debug][gc,phases      ] GC(84)     Total                          Min: 0, Avg:  0.0, Max: 0, Diff: 0, Sum: 0, Workers: 4
[2367.111s][debug][gc,phases      ] GC(84)   StringDedup Requests1 Weak     Min:  0.0, Avg:  0.0, Max:  0.0, Diff:  0.0, Sum:  0.0, Workers: 4
[2367.111s][debug][gc,phases      ] GC(84)     Dead                           Min: 0, Avg:  0.0, Max: 0, Diff: 0, Sum: 0, Workers: 4
[2367.111s][debug][gc,phases      ] GC(84)     Total                          Min: 0, Avg:  0.0, Max: 0, Diff: 0, Sum: 0, Workers: 4
[2367.111s][debug][gc,phases      ] GC(84)   Weak JFR Old Object Samples    Min:  0.0, Avg:  0.0, Max:  0.0, Diff:  0.0, Sum:  0.0, Workers: 4
[2367.111s][debug][gc,phases      ] GC(84)     Dead                           Min: 0, Avg:  0.0, Max: 0, Diff: 0, Sum: 0, Workers: 4
[2367.111s][debug][gc,phases      ] GC(84)     Total                          Min: 0, Avg:  0.0, Max: 0, Diff: 0, Sum: 0, Workers: 4
[2367.111s][debug][gc,phases      ] GC(84) Weak Processing 0.462ms
[2367.111s][debug][gc,age         ] GC(84) Desired survivor size 17301504 bytes, new threshold 1 (max threshold 15)
[2367.111s][info ][gc,heap        ] GC(84) PSYoungGen: 2065600K(2079744K)->3024K(2078208K) Eden: 2060800K(2060800K)->0K(2060800K) From: 4800K(18944K)->3024K(17408K)
[2367.111s][info ][gc,heap        ] GC(84) ParOldGen: 415973K(764416K)->418046K(764416K)
[2367.111s][info ][gc,metaspace   ] GC(84) Metaspace: 97677K(99008K)->97677K(99008K) NonClass: 83421K(84160K)->83421K(84160K) Class: 14255K(14848K)->14255K(14848K)
[2367.111s][info ][gc             ] GC(84) Pause Young (Allocation Failure) 2423M->411M(2776M) 4.387ms
[2367.111s][info ][gc,cpu         ] GC(84) User=0.01s Sys=0.00s Real=0.00s
[2367.111s][info ][safepoint      ] Safepoint "ParallelGCFailedAllocation", Time since last: 15062640720 ns, Reaching safepoint: 79805 ns, Cleanup: 5200 ns, At safepoint: 4502996 ns, Total: 4588001 ns
[2375.112s][info ][safepoint      ] Safepoint "Cleanup", Time since last: 8000638670 ns, Reaching safepoint: 89806 ns, Cleanup: 12301 ns, At safepoint: 8201 ns, Total: 110308 ns
[2390.113s][info ][safepoint      ] Safepoint "Cleanup", Time since last: 15001155603 ns, Reaching safepoint: 90306 ns, Cleanup: 12101 ns, At safepoint: 9800 ns, Total: 112207 ns
[2398.114s][info ][safepoint      ] Safepoint "Cleanup", Time since last: 8000714086 ns, Reaching safepoint: 8800 ns, Cleanup: 11901 ns, At safepoint: 2600 ns, Total: 23301 ns
[2413.115s][info ][safepoint      ] Safepoint "Cleanup", Time since last: 15001140476 ns, Reaching safepoint: 9701 ns, Cleanup: 21001 ns, At safepoint: 3900 ns, Total: 34602 ns
[2413.707s][info ][gc,start       ] GC(85) Pause Young (Allocation Failure)
[2413.709s][debug][gc,phases      ] GC(85) Scavenge 2.633ms
[2413.709s][debug][gc,ref         ] GC(85) Skipped SoftWeakFinalRefsPhase of Reference Processing: no references
[2413.709s][debug][gc,ref         ] GC(85) Skipped KeepAliveFinalRefsPhase of Reference Processing: no references
[2413.709s][debug][gc,ref         ] GC(85) Skipped PhantomRefsPhase of Reference Processing: no references
[2413.709s][debug][gc,phases      ] GC(85) Reference Processing 0.026ms
[2413.710s][debug][gc,phases      ] GC(85)   VM Weak                        Min:  0.0, Avg:  0.0, Max:  0.0, Diff:  0.0, Sum:  0.0, Workers: 4
[2413.710s][debug][gc,phases      ] GC(85)     Dead                           Min: 0, Avg:  0.0, Max: 0, Diff: 0, Sum: 0, Workers: 4
[2413.710s][debug][gc,phases      ] GC(85)     Total                          Min: 0, Avg: 258.0, Max: 448, Diff: 448, Sum: 1032, Workers: 4
[2413.710s][debug][gc,phases      ] GC(85)   ObjectSynchronizer Weak        Min:  0.0, Avg:  0.0, Max:  0.0, Diff:  0.0, Sum:  0.0, Workers: 4
[2413.710s][debug][gc,phases      ] GC(85)     Dead                           Min: 0, Avg:  0.0, Max: 0, Diff: 0, Sum: 0, Workers: 4
[2413.710s][debug][gc,phases      ] GC(85)     Total                          Min: 0, Avg:  0.8, Max: 3, Diff: 3, Sum: 3, Workers: 4
[2413.710s][debug][gc,phases      ] GC(85)   JVMTI Tag Weak OopStorage      Min:  0.0, Avg:  0.0, Max:  0.0, Diff:  0.0, Sum:  0.0, Workers: 4
[2413.710s][debug][gc,phases      ] GC(85)     Dead                           Min: 0, Avg:  0.0, Max: 0, Diff: 0, Sum: 0, Workers: 4
[2413.710s][debug][gc,phases      ] GC(85)     Total                          Min: 0, Avg:  0.0, Max: 0, Diff: 0, Sum: 0, Workers: 4
[2413.710s][debug][gc,phases      ] GC(85)   StringTable Weak               Min:  0.0, Avg:  0.1, Max:  0.2, Diff:  0.2, Sum:  0.5, Workers: 4
[2413.710s][debug][gc,phases      ] GC(85)     Dead                           Min: 0, Avg:  0.0, Max: 0, Diff: 0, Sum: 0, Workers: 4
[2413.710s][debug][gc,phases      ] GC(85)     Total                          Min: 0, Avg: 12225.0, Max: 17664, Diff: 17664, Sum: 48900, Workers: 4
[2413.710s][debug][gc,phases      ] GC(85)   ResolvedMethodTable Weak       Min:  0.0, Avg:  0.0, Max:  0.0, Diff:  0.0, Sum:  0.1, Workers: 4
[2413.710s][debug][gc,phases      ] GC(85)     Dead                           Min: 0, Avg:  0.0, Max: 0, Diff: 0, Sum: 0, Workers: 4
[2413.710s][debug][gc,phases      ] GC(85)     Total                          Min: 0, Avg: 3426.0, Max: 4646, Diff: 4646, Sum: 13704, Workers: 4
[2413.710s][debug][gc,phases      ] GC(85)   JNI Weak                       Min:  0.0, Avg:  0.0, Max:  0.0, Diff:  0.0, Sum:  0.0, Workers: 4
[2413.710s][debug][gc,phases      ] GC(85)     Dead                           Min: 0, Avg:  0.0, Max: 0, Diff: 0, Sum: 0, Workers: 4
[2413.710s][debug][gc,phases      ] GC(85)     Total                          Min: 0, Avg: 12.0, Max: 48, Diff: 48, Sum: 48, Workers: 4
[2413.710s][debug][gc,phases      ] GC(85)   StringDedup Table Weak         Min:  0.0, Avg:  0.0, Max:  0.0, Diff:  0.0, Sum:  0.0, Workers: 4
[2413.710s][debug][gc,phases      ] GC(85)     Dead                           Min: 0, Avg:  0.0, Max: 0, Diff: 0, Sum: 0, Workers: 4
[2413.710s][debug][gc,phases      ] GC(85)     Total                          Min: 0, Avg:  0.0, Max: 0, Diff: 0, Sum: 0, Workers: 4
[2413.710s][debug][gc,phases      ] GC(85)   StringDedup Requests0 Weak     Min:  0.0, Avg:  0.0, Max:  0.0, Diff:  0.0, Sum:  0.0, Workers: 4
[2413.710s][debug][gc,phases      ] GC(85)     Dead                           Min: 0, Avg:  0.0, Max: 0, Diff: 0, Sum: 0, Workers: 4
[2413.710s][debug][gc,phases      ] GC(85)     Total                          Min: 0, Avg:  0.0, Max: 0, Diff: 0, Sum: 0, Workers: 4
[2413.710s][debug][gc,phases      ] GC(85)   StringDedup Requests1 Weak     Min:  0.0, Avg:  0.0, Max:  0.0, Diff:  0.0, Sum:  0.0, Workers: 4
[2413.710s][debug][gc,phases      ] GC(85)     Dead                           Min: 0, Avg:  0.0, Max: 0, Diff: 0, Sum: 0, Workers: 4
[2413.710s][debug][gc,phases      ] GC(85)     Total                          Min: 0, Avg:  0.0, Max: 0, Diff: 0, Sum: 0, Workers: 4
[2413.710s][debug][gc,phases      ] GC(85)   Weak JFR Old Object Samples    Min:  0.0, Avg:  0.0, Max:  0.0, Diff:  0.0, Sum:  0.0, Workers: 4
[2413.710s][debug][gc,phases      ] GC(85)     Dead                           Min: 0, Avg:  0.0, Max: 0, Diff: 0, Sum: 0, Workers: 4
[2413.710s][debug][gc,phases      ] GC(85)     Total                          Min: 0, Avg:  0.0, Max: 0, Diff: 0, Sum: 0, Workers: 4
[2413.710s][debug][gc,phases      ] GC(85) Weak Processing 0.481ms
[2413.710s][debug][gc,age         ] GC(85) Desired survivor size 16777216 bytes, new threshold 1 (max threshold 15)
[2413.710s][info ][gc,heap        ] GC(85) PSYoungGen: 2063824K(2078208K)->3008K(2080768K) Eden: 2060800K(2060800K)->0K(2063872K) From: 3024K(17408K)->3008K(16896K)
[2413.710s][info ][gc,heap        ] GC(85) ParOldGen: 418046K(764416K)->418598K(764416K)
[2413.710s][info ][gc,metaspace   ] GC(85) Metaspace: 97696K(99072K)->97696K(99072K) NonClass: 83440K(84224K)->83440K(84224K) Class: 14255K(14848K)->14255K(14848K)
[2413.710s][info ][gc             ] GC(85) Pause Young (Allocation Failure) 2423M->411M(2778M) 3.308ms
[2413.710s][info ][gc,cpu         ] GC(85) User=0.01s Sys=0.00s Real=0.00s
[2413.710s][info ][safepoint      ] Safepoint "ParallelGCFailedAllocation", Time since last: 591112891 ns, Reaching safepoint: 84405 ns, Cleanup: 5701 ns, At safepoint: 3401517 ns, Total: 3491623 ns
[2414.710s][info ][safepoint      ] Safepoint "Cleanup", Time since last: 1000101838 ns, Reaching safepoint: 24902 ns, Cleanup: 21701 ns, At safepoint: 6401 ns, Total: 53004 ns
[2415.710s][info ][safepoint      ] Safepoint "Cleanup", Time since last: 1000133740 ns, Reaching safepoint: 84305 ns, Cleanup: 33402 ns, At safepoint: 7701 ns, Total: 125408 ns
[2416.711s][info ][safepoint      ] Safepoint "Cleanup", Time since last: 1000112738 ns, Reaching safepoint: 84406 ns, Cleanup: 29802 ns, At safepoint: 8300 ns, Total: 122508 ns
[2417.711s][info ][safepoint      ] Safepoint "Cleanup", Time since last: 1000103615 ns, Reaching safepoint: 83604 ns, Cleanup: 10101 ns, At safepoint: 7200 ns, Total: 100905 ns
[2418.711s][info ][safepoint      ] Safepoint "Cleanup", Time since last: 1000134652 ns, Reaching safepoint: 88205 ns, Cleanup: 17001 ns, At safepoint: 8401 ns, Total: 113607 ns
[2419.711s][info ][safepoint      ] Safepoint "Cleanup", Time since last: 1000126451 ns, Reaching safepoint: 81205 ns, Cleanup: 21201 ns, At safepoint: 7600 ns, Total: 110006 ns
[2420.711s][info ][safepoint      ] Safepoint "Cleanup", Time since last: 1000124652 ns, Reaching safepoint: 83804 ns, Cleanup: 14901 ns, At safepoint: 7500 ns, Total: 106205 ns
[2421.191s][info ][gc,start       ] GC(86) Pause Young (Allocation Failure)
[2421.212s][debug][gc,phases      ] GC(86) Scavenge 21.509ms
[2421.212s][debug][gc,ref         ] GC(86) Skipped SoftWeakFinalRefsPhase of Reference Processing: no references
[2421.212s][debug][gc,ref         ] GC(86) Skipped KeepAliveFinalRefsPhase of Reference Processing: no references
[2421.213s][debug][gc,ref         ] GC(86) ReferenceProcessor::execute queues: 1, RefProcThreadModel::Single, marks_oops_alive: false
[2421.213s][debug][gc,phases      ] GC(86) Reference Processing 0.120ms
[2421.213s][debug][gc,phases      ] GC(86)   VM Weak                        Min:  0.0, Avg:  0.0, Max:  0.0, Diff:  0.0, Sum:  0.0, Workers: 4
[2421.213s][debug][gc,phases      ] GC(86)     Dead                           Min: 0, Avg:  0.0, Max: 0, Diff: 0, Sum: 0, Workers: 4
[2421.213s][debug][gc,phases      ] GC(86)     Total                          Min: 0, Avg: 258.0, Max: 576, Diff: 576, Sum: 1032, Workers: 4
[2421.213s][debug][gc,phases      ] GC(86)   ObjectSynchronizer Weak        Min:  0.0, Avg:  0.0, Max:  0.0, Diff:  0.0, Sum:  0.0, Workers: 4
[2421.213s][debug][gc,phases      ] GC(86)     Dead                           Min: 0, Avg:  0.0, Max: 0, Diff: 0, Sum: 0, Workers: 4
[2421.213s][debug][gc,phases      ] GC(86)     Total                          Min: 0, Avg:  1.0, Max: 4, Diff: 4, Sum: 4, Workers: 4
[2421.213s][debug][gc,phases      ] GC(86)   JVMTI Tag Weak OopStorage      Min:  0.0, Avg:  0.0, Max:  0.0, Diff:  0.0, Sum:  0.0, Workers: 4
[2421.213s][debug][gc,phases      ] GC(86)     Dead                           Min: 0, Avg:  0.0, Max: 0, Diff: 0, Sum: 0, Workers: 4
[2421.213s][debug][gc,phases      ] GC(86)     Total                          Min: 0, Avg:  0.0, Max: 0, Diff: 0, Sum: 0, Workers: 4
[2421.213s][debug][gc,phases      ] GC(86)   StringTable Weak               Min:  0.0, Avg:  0.1, Max:  0.2, Diff:  0.2, Sum:  0.5, Workers: 4
[2421.213s][debug][gc,phases      ] GC(86)     Dead                           Min: 0, Avg:  0.2, Max: 1, Diff: 1, Sum: 1, Workers: 4
[2421.213s][debug][gc,phases      ] GC(86)     Total                          Min: 0, Avg: 12234.2, Max: 17834, Diff: 17834, Sum: 48937, Workers: 4
[2421.213s][debug][gc,phases      ] GC(86)   ResolvedMethodTable Weak       Min:  0.0, Avg:  0.0, Max:  0.0, Diff:  0.0, Sum:  0.1, Workers: 4
[2421.213s][debug][gc,phases      ] GC(86)     Dead                           Min: 0, Avg:  0.0, Max: 0, Diff: 0, Sum: 0, Workers: 4
[2421.213s][debug][gc,phases      ] GC(86)     Total                          Min: 0, Avg: 3426.5, Max: 4781, Diff: 4781, Sum: 13706, Workers: 4
[2421.213s][debug][gc,phases      ] GC(86)   JNI Weak                       Min:  0.0, Avg:  0.0, Max:  0.0, Diff:  0.0, Sum:  0.0, Workers: 4
[2421.213s][debug][gc,phases      ] GC(86)     Dead                           Min: 0, Avg:  0.0, Max: 0, Diff: 0, Sum: 0, Workers: 4
[2421.213s][debug][gc,phases      ] GC(86)     Total                          Min: 0, Avg: 12.0, Max: 48, Diff: 48, Sum: 48, Workers: 4
[2421.213s][debug][gc,phases      ] GC(86)   StringDedup Table Weak         Min:  0.0, Avg:  0.0, Max:  0.0, Diff:  0.0, Sum:  0.0, Workers: 4
[2421.213s][debug][gc,phases      ] GC(86)     Dead                           Min: 0, Avg:  0.0, Max: 0, Diff: 0, Sum: 0, Workers: 4
[2421.213s][debug][gc,phases      ] GC(86)     Total                          Min: 0, Avg:  0.0, Max: 0, Diff: 0, Sum: 0, Workers: 4
[2421.213s][debug][gc,phases      ] GC(86)   StringDedup Requests0 Weak     Min:  0.0, Avg:  0.0, Max:  0.0, Diff:  0.0, Sum:  0.0, Workers: 4
[2421.213s][debug][gc,phases      ] GC(86)     Dead                           Min: 0, Avg:  0.0, Max: 0, Diff: 0, Sum: 0, Workers: 4
[2421.213s][debug][gc,phases      ] GC(86)     Total                          Min: 0, Avg:  0.0, Max: 0, Diff: 0, Sum: 0, Workers: 4
[2421.213s][debug][gc,phases      ] GC(86)   StringDedup Requests1 Weak     Min:  0.0, Avg:  0.0, Max:  0.0, Diff:  0.0, Sum:  0.0, Workers: 4
[2421.213s][debug][gc,phases      ] GC(86)     Dead                           Min: 0, Avg:  0.0, Max: 0, Diff: 0, Sum: 0, Workers: 4
[2421.213s][debug][gc,phases      ] GC(86)     Total                          Min: 0, Avg:  0.0, Max: 0, Diff: 0, Sum: 0, Workers: 4
[2421.213s][debug][gc,phases      ] GC(86)   Weak JFR Old Object Samples    Min:  0.0, Avg:  0.0, Max:  0.0, Diff:  0.0, Sum:  0.0, Workers: 4
[2421.213s][debug][gc,phases      ] GC(86)     Dead                           Min: 0, Avg:  0.0, Max: 0, Diff: 0, Sum: 0, Workers: 4
[2421.213s][debug][gc,phases      ] GC(86)     Total                          Min: 0, Avg:  0.0, Max: 0, Diff: 0, Sum: 0, Workers: 4
[2421.213s][debug][gc,phases      ] GC(86) Weak Processing 0.459ms
[2421.213s][debug][gc,age         ] GC(86) Desired survivor size 29884416 bytes, new threshold 1 (max threshold 15)
[2421.213s][info ][gc,heap        ] GC(86) PSYoungGen: 2066862K(2080768K)->16352K(2080256K) Eden: 2063853K(2063872K)->0K(2063872K) From: 3008K(16896K)->16352K(16384K)
[2421.213s][info ][gc,heap        ] GC(86) ParOldGen: 418598K(764416K)->444793K(764416K)
[2421.213s][info ][gc,metaspace   ] GC(86) Metaspace: 97708K(99072K)->97708K(99072K) NonClass: 83451K(84224K)->83451K(84224K) Class: 14256K(14848K)->14256K(14848K)
[2421.213s][info ][gc             ] GC(86) Pause Young (Allocation Failure) 2427M->450M(2778M) 22.256ms
[2421.213s][info ][gc,cpu         ] GC(86) User=0.06s Sys=0.00s Real=0.02s
[2421.213s][info ][safepoint      ] Safepoint "ParallelGCFailedAllocation", Time since last: 479172980 ns, Reaching safepoint: 92205 ns, Cleanup: 19301 ns, At safepoint: 22379828 ns, Total: 22491334 ns
[2422.213s][info ][safepoint      ] Safepoint "Cleanup", Time since last: 1000093201 ns, Reaching safepoint: 82806 ns, Cleanup: 13400 ns, At safepoint: 6401 ns, Total: 102607 ns
[2423.213s][info ][safepoint      ] Safepoint "Cleanup", Time since last: 1000108684 ns, Reaching safepoint: 9501 ns, Cleanup: 19101 ns, At safepoint: 2800 ns, Total: 31402 ns
[2424.214s][info ][safepoint      ] Safepoint "Cleanup", Time since last: 1000122886 ns, Reaching safepoint: 12801 ns, Cleanup: 13000 ns, At safepoint: 7201 ns, Total: 33002 ns
[2425.214s][info ][safepoint      ] Safepoint "Cleanup", Time since last: 1000134086 ns, Reaching safepoint: 9600 ns, Cleanup: 33103 ns, At safepoint: 2600 ns, Total: 45303 ns
[2426.214s][info ][safepoint      ] Safepoint "Cleanup", Time since last: 1000128572 ns, Reaching safepoint: 82105 ns, Cleanup: 14801 ns, At safepoint: 9601 ns, Total: 106507 ns
[2427.214s][info ][safepoint      ] Safepoint "Cleanup", Time since last: 1000106740 ns, Reaching safepoint: 81805 ns, Cleanup: 23602 ns, At safepoint: 8900 ns, Total: 114307 ns
[2427.483s][info ][gc,start       ] GC(87) Pause Young (Allocation Failure)
[2427.510s][debug][gc,phases      ] GC(87) Scavenge 26.554ms
[2427.510s][debug][gc,ref         ] GC(87) Skipped SoftWeakFinalRefsPhase of Reference Processing: no references
[2427.510s][debug][gc,ref         ] GC(87) Skipped KeepAliveFinalRefsPhase of Reference Processing: no references
[2427.510s][debug][gc,ref         ] GC(87) ReferenceProcessor::execute queues: 1, RefProcThreadModel::Single, marks_oops_alive: false
[2427.510s][debug][gc,phases      ] GC(87) Reference Processing 0.124ms
[2427.510s][debug][gc,phases      ] GC(87)   VM Weak                        Min:  0.0, Avg:  0.0, Max:  0.0, Diff:  0.0, Sum:  0.0, Workers: 4
[2427.510s][debug][gc,phases      ] GC(87)     Dead                           Min: 0, Avg:  0.0, Max: 0, Diff: 0, Sum: 0, Workers: 4
[2427.510s][debug][gc,phases      ] GC(87)     Total                          Min: 0, Avg: 258.0, Max: 640, Diff: 640, Sum: 1032, Workers: 4
[2427.510s][debug][gc,phases      ] GC(87)   ObjectSynchronizer Weak        Min:  0.0, Avg:  0.0, Max:  0.0, Diff:  0.0, Sum:  0.0, Workers: 4
[2427.510s][debug][gc,phases      ] GC(87)     Dead                           Min: 0, Avg:  0.0, Max: 0, Diff: 0, Sum: 0, Workers: 4
[2427.510s][debug][gc,phases      ] GC(87)     Total                          Min: 0, Avg:  1.0, Max: 4, Diff: 4, Sum: 4, Workers: 4
[2427.510s][debug][gc,phases      ] GC(87)   JVMTI Tag Weak OopStorage      Min:  0.0, Avg:  0.0, Max:  0.0, Diff:  0.0, Sum:  0.0, Workers: 4
[2427.510s][debug][gc,phases      ] GC(87)     Dead                           Min: 0, Avg:  0.0, Max: 0, Diff: 0, Sum: 0, Workers: 4
[2427.510s][debug][gc,phases      ] GC(87)     Total                          Min: 0, Avg:  0.0, Max: 0, Diff: 0, Sum: 0, Workers: 4
[2427.510s][debug][gc,phases      ] GC(87)   StringTable Weak               Min:  0.1, Avg:  0.1, Max:  0.2, Diff:  0.0, Sum:  0.6, Workers: 4
[2427.510s][debug][gc,phases      ] GC(87)     Dead                           Min: 0, Avg:  0.8, Max: 3, Diff: 3, Sum: 3, Workers: 4
[2427.510s][debug][gc,phases      ] GC(87)     Total                          Min: 11263, Avg: 12239.8, Max: 12992, Diff: 1729, Sum: 48959, Workers: 4
[2427.510s][debug][gc,phases      ] GC(87)   ResolvedMethodTable Weak       Min:  0.0, Avg:  0.0, Max:  0.0, Diff:  0.0, Sum:  0.2, Workers: 4
[2427.510s][debug][gc,phases      ] GC(87)     Dead                           Min: 2, Avg:  3.0, Max: 4, Diff: 2, Sum: 12, Workers: 4
[2427.510s][debug][gc,phases      ] GC(87)     Total                          Min: 2227, Avg: 3433.0, Max: 4154, Diff: 1927, Sum: 13732, Workers: 4
[2427.510s][debug][gc,phases      ] GC(87)   JNI Weak                       Min:  0.0, Avg:  0.0, Max:  0.0, Diff:  0.0, Sum:  0.0, Workers: 4
[2427.510s][debug][gc,phases      ] GC(87)     Dead                           Min: 0, Avg:  0.0, Max: 0, Diff: 0, Sum: 0, Workers: 4
[2427.510s][debug][gc,phases      ] GC(87)     Total                          Min: 0, Avg: 12.0, Max: 48, Diff: 48, Sum: 48, Workers: 4
[2427.510s][debug][gc,phases      ] GC(87)   StringDedup Table Weak         Min:  0.0, Avg:  0.0, Max:  0.0, Diff:  0.0, Sum:  0.0, Workers: 4
[2427.510s][debug][gc,phases      ] GC(87)     Dead                           Min: 0, Avg:  0.0, Max: 0, Diff: 0, Sum: 0, Workers: 4
[2427.510s][debug][gc,phases      ] GC(87)     Total                          Min: 0, Avg:  0.0, Max: 0, Diff: 0, Sum: 0, Workers: 4
[2427.510s][debug][gc,phases      ] GC(87)   StringDedup Requests0 Weak     Min:  0.0, Avg:  0.0, Max:  0.0, Diff:  0.0, Sum:  0.0, Workers: 4
[2427.510s][debug][gc,phases      ] GC(87)     Dead                           Min: 0, Avg:  0.0, Max: 0, Diff: 0, Sum: 0, Workers: 4
[2427.510s][debug][gc,phases      ] GC(87)     Total                          Min: 0, Avg:  0.0, Max: 0, Diff: 0, Sum: 0, Workers: 4
[2427.510s][debug][gc,phases      ] GC(87)   StringDedup Requests1 Weak     Min:  0.0, Avg:  0.0, Max:  0.0, Diff:  0.0, Sum:  0.0, Workers: 4
[2427.510s][debug][gc,phases      ] GC(87)     Dead                           Min: 0, Avg:  0.0, Max: 0, Diff: 0, Sum: 0, Workers: 4
[2427.510s][debug][gc,phases      ] GC(87)     Total                          Min: 0, Avg:  0.0, Max: 0, Diff: 0, Sum: 0, Workers: 4
[2427.510s][debug][gc,phases      ] GC(87)   Weak JFR Old Object Samples    Min:  0.0, Avg:  0.0, Max:  0.0, Diff:  0.0, Sum:  0.0, Workers: 4
[2427.510s][debug][gc,phases      ] GC(87)     Dead                           Min: 0, Avg:  0.0, Max: 0, Diff: 0, Sum: 0, Workers: 4
[2427.510s][debug][gc,phases      ] GC(87)     Total                          Min: 0, Avg:  0.0, Max: 0, Diff: 0, Sum: 0, Workers: 4
[2427.510s][debug][gc,phases      ] GC(87) Weak Processing 0.438ms
[2427.510s][debug][gc,age         ] GC(87) Desired survivor size 48234496 bytes, new threshold 1 (max threshold 15)
[2427.510s][info ][gc,heap        ] GC(87) PSYoungGen: 2080224K(2080256K)->16880K(2019840K) Eden: 2063872K(2063872K)->0K(2002944K) From: 16352K(16384K)->16880K(16896K)
[2427.510s][info ][gc,heap        ] GC(87) ParOldGen: 444793K(764416K)->491230K(764416K)
[2427.510s][info ][gc,metaspace   ] GC(87) Metaspace: 97807K(99136K)->97807K(99136K) NonClass: 83539K(84288K)->83539K(84288K) Class: 14267K(14848K)->14267K(14848K)
[2427.510s][info ][gc             ] GC(87) Pause Young (Allocation Failure) 2465M->496M(2719M) 27.284ms
[2427.510s][info ][gc,cpu         ] GC(87) User=0.09s Sys=0.00s Real=0.03s
[2427.510s][info ][safepoint      ] Safepoint "ParallelGCFailedAllocation", Time since last: 268471777 ns, Reaching safepoint: 90106 ns, Cleanup: 18301 ns, At safepoint: 27387432 ns, Total: 27495839 ns
[2428.510s][info ][safepoint      ] Safepoint "Cleanup", Time since last: 1000090439 ns, Reaching safepoint: 79305 ns, Cleanup: 25002 ns, At safepoint: 8100 ns, Total: 112407 ns
[2429.511s][info ][safepoint      ] Safepoint "Cleanup", Time since last: 1000118742 ns, Reaching safepoint: 85105 ns, Cleanup: 14901 ns, At safepoint: 7200 ns, Total: 107206 ns
[2430.511s][info ][safepoint      ] Safepoint "Cleanup", Time since last: 1000128742 ns, Reaching safepoint: 89806 ns, Cleanup: 21201 ns, At safepoint: 32002 ns, Total: 143009 ns
[2431.511s][info ][safepoint      ] Safepoint "Cleanup", Time since last: 1000115342 ns, Reaching safepoint: 82505 ns, Cleanup: 16201 ns, At safepoint: 7600 ns, Total: 106306 ns
[2432.511s][info ][safepoint      ] Safepoint "Cleanup", Time since last: 1000122842 ns, Reaching safepoint: 8500 ns, Cleanup: 11001 ns, At safepoint: 3000 ns, Total: 22501 ns
[2433.518s][info ][gc,start       ] GC(88) Pause Young (Allocation Failure)
[2433.545s][debug][gc,phases      ] GC(88) Scavenge 26.129ms
[2433.545s][debug][gc,ref         ] GC(88) ReferenceProcessor::execute queues: 1, RefProcThreadModel::Single, marks_oops_alive: false
[2433.545s][debug][gc,ref         ] GC(88) Skipped KeepAliveFinalRefsPhase of Reference Processing: no references
[2433.545s][debug][gc,ref         ] GC(88) ReferenceProcessor::execute queues: 1, RefProcThreadModel::Single, marks_oops_alive: false
[2433.545s][debug][gc,phases      ] GC(88) Reference Processing 0.134ms
[2433.545s][debug][gc,phases      ] GC(88)   VM Weak                        Min:  0.0, Avg:  0.0, Max:  0.0, Diff:  0.0, Sum:  0.0, Workers: 4
[2433.545s][debug][gc,phases      ] GC(88)     Dead                           Min: 0, Avg:  0.0, Max: 0, Diff: 0, Sum: 0, Workers: 4
[2433.545s][debug][gc,phases      ] GC(88)     Total                          Min: 0, Avg: 258.0, Max: 584, Diff: 584, Sum: 1032, Workers: 4
[2433.545s][debug][gc,phases      ] GC(88)   ObjectSynchronizer Weak        Min:  0.0, Avg:  0.0, Max:  0.0, Diff:  0.0, Sum:  0.0, Workers: 4
[2433.545s][debug][gc,phases      ] GC(88)     Dead                           Min: 0, Avg:  0.0, Max: 0, Diff: 0, Sum: 0, Workers: 4
[2433.545s][debug][gc,phases      ] GC(88)     Total                          Min: 0, Avg:  1.0, Max: 4, Diff: 4, Sum: 4, Workers: 4
[2433.545s][debug][gc,phases      ] GC(88)   JVMTI Tag Weak OopStorage      Min:  0.0, Avg:  0.0, Max:  0.0, Diff:  0.0, Sum:  0.0, Workers: 4
[2433.545s][debug][gc,phases      ] GC(88)     Dead                           Min: 0, Avg:  0.0, Max: 0, Diff: 0, Sum: 0, Workers: 4
[2433.545s][debug][gc,phases      ] GC(88)     Total                          Min: 0, Avg:  0.0, Max: 0, Diff: 0, Sum: 0, Workers: 4
[2433.545s][debug][gc,phases      ] GC(88)   StringTable Weak               Min:  0.0, Avg:  0.1, Max:  0.2, Diff:  0.2, Sum:  0.5, Workers: 4
[2433.545s][debug][gc,phases      ] GC(88)     Dead                           Min: 0, Avg:  0.5, Max: 2, Diff: 2, Sum: 2, Workers: 4
[2433.545s][debug][gc,phases      ] GC(88)     Total                          Min: 0, Avg: 12242.0, Max: 17546, Diff: 17546, Sum: 48968, Workers: 4
[2433.545s][debug][gc,phases      ] GC(88)   ResolvedMethodTable Weak       Min:  0.0, Avg:  0.0, Max:  0.0, Diff:  0.0, Sum:  0.1, Workers: 4
[2433.545s][debug][gc,phases      ] GC(88)     Dead                           Min: 0, Avg:  0.5, Max: 2, Diff: 2, Sum: 2, Workers: 4
[2433.545s][debug][gc,phases      ] GC(88)     Total                          Min: 0, Avg: 3436.0, Max: 5058, Diff: 5058, Sum: 13744, Workers: 4
[2433.545s][debug][gc,phases      ] GC(88)   JNI Weak                       Min:  0.0, Avg:  0.0, Max:  0.0, Diff:  0.0, Sum:  0.0, Workers: 4
[2433.545s][debug][gc,phases      ] GC(88)     Dead                           Min: 0, Avg:  0.0, Max: 0, Diff: 0, Sum: 0, Workers: 4
[2433.545s][debug][gc,phases      ] GC(88)     Total                          Min: 0, Avg: 12.0, Max: 48, Diff: 48, Sum: 48, Workers: 4
[2433.545s][debug][gc,phases      ] GC(88)   StringDedup Table Weak         Min:  0.0, Avg:  0.0, Max:  0.0, Diff:  0.0, Sum:  0.0, Workers: 4
[2433.545s][debug][gc,phases      ] GC(88)     Dead                           Min: 0, Avg:  0.0, Max: 0, Diff: 0, Sum: 0, Workers: 4
[2433.545s][debug][gc,phases      ] GC(88)     Total                          Min: 0, Avg:  0.0, Max: 0, Diff: 0, Sum: 0, Workers: 4
[2433.545s][debug][gc,phases      ] GC(88)   StringDedup Requests0 Weak     Min:  0.0, Avg:  0.0, Max:  0.0, Diff:  0.0, Sum:  0.0, Workers: 4
[2433.545s][debug][gc,phases      ] GC(88)     Dead                           Min: 0, Avg:  0.0, Max: 0, Diff: 0, Sum: 0, Workers: 4
[2433.545s][debug][gc,phases      ] GC(88)     Total                          Min: 0, Avg:  0.0, Max: 0, Diff: 0, Sum: 0, Workers: 4
[2433.545s][debug][gc,phases      ] GC(88)   StringDedup Requests1 Weak     Min:  0.0, Avg:  0.0, Max:  0.0, Diff:  0.0, Sum:  0.0, Workers: 4
[2433.545s][debug][gc,phases      ] GC(88)     Dead                           Min: 0, Avg:  0.0, Max: 0, Diff: 0, Sum: 0, Workers: 4
[2433.545s][debug][gc,phases      ] GC(88)     Total                          Min: 0, Avg:  0.0, Max: 0, Diff: 0, Sum: 0, Workers: 4
[2433.545s][debug][gc,phases      ] GC(88)   Weak JFR Old Object Samples    Min:  0.0, Avg:  0.0, Max:  0.0, Diff:  0.0, Sum:  0.0, Workers: 4
[2433.545s][debug][gc,phases      ] GC(88)     Dead                           Min: 0, Avg:  0.0, Max: 0, Diff: 0, Sum: 0, Workers: 4
[2433.545s][debug][gc,phases      ] GC(88)     Total                          Min: 0, Avg:  0.0, Max: 0, Diff: 0, Sum: 0, Workers: 4
[2433.545s][debug][gc,phases      ] GC(88) Weak Processing 0.465ms
[2433.545s][debug][gc,age         ] GC(88) Desired survivor size 55050240 bytes, new threshold 1 (max threshold 15)
[2433.545s][info ][gc,heap        ] GC(88) PSYoungGen: 2019824K(2019840K)->41184K(2044416K) Eden: 2002944K(2002944K)->0K(2002944K) From: 16880K(16896K)->41184K(41472K)
[2433.545s][info ][gc,heap        ] GC(88) ParOldGen: 491230K(764416K)->508002K(764416K)
[2433.545s][info ][gc,metaspace   ] GC(88) Metaspace: 97850K(99200K)->97850K(99200K) NonClass: 83577K(84352K)->83577K(84352K) Class: 14272K(14848K)->14272K(14848K)
[2433.545s][info ][gc             ] GC(88) Pause Young (Allocation Failure) 2452M->536M(2743M) 26.875ms
[2433.545s][info ][gc,cpu         ] GC(88) User=0.08s Sys=0.00s Real=0.03s
[2433.545s][info ][safepoint      ] Safepoint "ParallelGCFailedAllocation", Time since last: 1006888262 ns, Reaching safepoint: 80504 ns, Cleanup: 4301 ns, At safepoint: 26968522 ns, Total: 27053327 ns
[2434.545s][info ][safepoint      ] Safepoint "Cleanup", Time since last: 1000090974 ns, Reaching safepoint: 9800 ns, Cleanup: 38002 ns, At safepoint: 7601 ns, Total: 55403 ns
[2435.546s][info ][safepoint      ] Safepoint "Cleanup", Time since last: 1000128775 ns, Reaching safepoint: 10001 ns, Cleanup: 13501 ns, At safepoint: 2600 ns, Total: 26102 ns
[2436.546s][info ][safepoint      ] Safepoint "Cleanup", Time since last: 1000110674 ns, Reaching safepoint: 10901 ns, Cleanup: 30702 ns, At safepoint: 2900 ns, Total: 44503 ns
[2437.546s][info ][safepoint      ] Safepoint "Cleanup", Time since last: 1000126375 ns, Reaching safepoint: 80005 ns, Cleanup: 11201 ns, At safepoint: 6600 ns, Total: 97806 ns
[2438.546s][info ][safepoint      ] Safepoint "Cleanup", Time since last: 1000118875 ns, Reaching safepoint: 11301 ns, Cleanup: 18601 ns, At safepoint: 2800 ns, Total: 32702 ns
[2439.512s][info ][safepoint      ] Safepoint "ParallelGCFailedAllocation", Time since last: 966073227 ns, Reaching safepoint: 7800 ns, Cleanup: 18301 ns, At safepoint: 15501 ns, Total: 41602 ns
[2439.512s][info ][gc,start       ] GC(89) Pause Young (GCLocker Initiated GC)
[2439.545s][debug][gc,phases      ] GC(89) Scavenge 32.777ms
[2439.545s][debug][gc,ref         ] GC(89) ReferenceProcessor::execute queues: 1, RefProcThreadModel::Single, marks_oops_alive: false
[2439.545s][debug][gc,ref         ] GC(89) Skipped KeepAliveFinalRefsPhase of Reference Processing: no references
[2439.545s][debug][gc,ref         ] GC(89) ReferenceProcessor::execute queues: 1, RefProcThreadModel::Single, marks_oops_alive: false
[2439.546s][debug][gc,phases      ] GC(89) Reference Processing 0.165ms
[2439.546s][debug][gc,phases      ] GC(89)   VM Weak                        Min:  0.0, Avg:  0.0, Max:  0.0, Diff:  0.0, Sum:  0.0, Workers: 4
[2439.546s][debug][gc,phases      ] GC(89)     Dead                           Min: 0, Avg:  0.0, Max: 0, Diff: 0, Sum: 0, Workers: 4
[2439.546s][debug][gc,phases      ] GC(89)     Total                          Min: 0, Avg: 258.0, Max: 584, Diff: 584, Sum: 1032, Workers: 4
[2439.546s][debug][gc,phases      ] GC(89)   ObjectSynchronizer Weak        Min:  0.0, Avg:  0.0, Max:  0.0, Diff:  0.0, Sum:  0.0, Workers: 4
[2439.546s][debug][gc,phases      ] GC(89)     Dead                           Min: 0, Avg:  0.0, Max: 0, Diff: 0, Sum: 0, Workers: 4
[2439.546s][debug][gc,phases      ] GC(89)     Total                          Min: 0, Avg:  1.0, Max: 4, Diff: 4, Sum: 4, Workers: 4
[2439.546s][debug][gc,phases      ] GC(89)   JVMTI Tag Weak OopStorage      Min:  0.0, Avg:  0.0, Max:  0.0, Diff:  0.0, Sum:  0.0, Workers: 4
[2439.546s][debug][gc,phases      ] GC(89)     Dead                           Min: 0, Avg:  0.0, Max: 0, Diff: 0, Sum: 0, Workers: 4
[2439.546s][debug][gc,phases      ] GC(89)     Total                          Min: 0, Avg:  0.0, Max: 0, Diff: 0, Sum: 0, Workers: 4
[2439.546s][debug][gc,phases      ] GC(89)   StringTable Weak               Min:  0.0, Avg:  0.1, Max:  0.2, Diff:  0.2, Sum:  0.5, Workers: 4
[2439.546s][debug][gc,phases      ] GC(89)     Dead                           Min: 0, Avg:  0.0, Max: 0, Diff: 0, Sum: 0, Workers: 4
[2439.546s][debug][gc,phases      ] GC(89)     Total                          Min: 0, Avg: 12242.5, Max: 25676, Diff: 25676, Sum: 48970, Workers: 4
[2439.546s][debug][gc,phases      ] GC(89)   ResolvedMethodTable Weak       Min:  0.0, Avg:  0.0, Max:  0.1, Diff:  0.1, Sum:  0.1, Workers: 4
[2439.546s][debug][gc,phases      ] GC(89)     Dead                           Min: 0, Avg:  0.0, Max: 0, Diff: 0, Sum: 0, Workers: 4
[2439.546s][debug][gc,phases      ] GC(89)     Total                          Min: 0, Avg: 3436.5, Max: 7376, Diff: 7376, Sum: 13746, Workers: 4
[2439.546s][debug][gc,phases      ] GC(89)   JNI Weak                       Min:  0.0, Avg:  0.0, Max:  0.0, Diff:  0.0, Sum:  0.0, Workers: 4
[2439.546s][debug][gc,phases      ] GC(89)     Dead                           Min: 0, Avg:  0.0, Max: 0, Diff: 0, Sum: 0, Workers: 4
[2439.546s][debug][gc,phases      ] GC(89)     Total                          Min: 0, Avg: 12.0, Max: 48, Diff: 48, Sum: 48, Workers: 4
[2439.546s][debug][gc,phases      ] GC(89)   StringDedup Table Weak         Min:  0.0, Avg:  0.0, Max:  0.0, Diff:  0.0, Sum:  0.0, Workers: 4
[2439.546s][debug][gc,phases      ] GC(89)     Dead                           Min: 0, Avg:  0.0, Max: 0, Diff: 0, Sum: 0, Workers: 4
[2439.546s][debug][gc,phases      ] GC(89)     Total                          Min: 0, Avg:  0.0, Max: 0, Diff: 0, Sum: 0, Workers: 4
[2439.546s][debug][gc,phases      ] GC(89)   StringDedup Requests0 Weak     Min:  0.0, Avg:  0.0, Max:  0.0, Diff:  0.0, Sum:  0.0, Workers: 4
[2439.546s][debug][gc,phases      ] GC(89)     Dead                           Min: 0, Avg:  0.0, Max: 0, Diff: 0, Sum: 0, Workers: 4
[2439.546s][debug][gc,phases      ] GC(89)     Total                          Min: 0, Avg:  0.0, Max: 0, Diff: 0, Sum: 0, Workers: 4
[2439.546s][debug][gc,phases      ] GC(89)   StringDedup Requests1 Weak     Min:  0.0, Avg:  0.0, Max:  0.0, Diff:  0.0, Sum:  0.0, Workers: 4
[2439.546s][debug][gc,phases      ] GC(89)     Dead                           Min: 0, Avg:  0.0, Max: 0, Diff: 0, Sum: 0, Workers: 4
[2439.546s][debug][gc,phases      ] GC(89)     Total                          Min: 0, Avg:  0.0, Max: 0, Diff: 0, Sum: 0, Workers: 4
[2439.546s][debug][gc,phases      ] GC(89)   Weak JFR Old Object Samples    Min:  0.0, Avg:  0.0, Max:  0.0, Diff:  0.0, Sum:  0.0, Workers: 4
[2439.546s][debug][gc,phases      ] GC(89)     Dead                           Min: 0, Avg:  0.0, Max: 0, Diff: 0, Sum: 0, Workers: 4
[2439.546s][debug][gc,phases      ] GC(89)     Total                          Min: 0, Avg:  0.0, Max: 0, Diff: 0, Sum: 0, Workers: 4
[2439.546s][debug][gc,phases      ] GC(89) Weak Processing 0.566ms
[2439.546s][debug][gc,age         ] GC(89) Desired survivor size 61865984 bytes, new threshold 1 (max threshold 15)
[2439.546s][info ][gc,heap        ] GC(89) PSYoungGen: 2044128K(2044416K)->45424K(2029056K) Eden: 2002944K(2002944K)->0K(1976320K) From: 41184K(41472K)->45424K(52736K)
[2439.546s][info ][gc,heap        ] GC(89) ParOldGen: 508018K(764416K)->547923K(764416K)
[2439.546s][info ][gc,metaspace   ] GC(89) Metaspace: 97858K(99200K)->97858K(99200K) NonClass: 83585K(84352K)->83585K(84352K) Class: 14273K(14848K)->14273K(14848K)
[2439.546s][info ][gc             ] GC(89) Pause Young (GCLocker Initiated GC) 2492M->579M(2728M) 33.642ms
[2439.546s][info ][gc,cpu         ] GC(89) User=0.10s Sys=0.00s Real=0.04s
[2439.546s][info ][safepoint      ] Safepoint "ParallelGCSystemGC", Time since last: 87605 ns, Reaching safepoint: 1200 ns, Cleanup: 1101 ns, At safepoint: 33890039 ns, Total: 33892340 ns
[2440.546s][info ][safepoint      ] Safepoint "Cleanup", Time since last: 1000055871 ns, Reaching safepoint: 10200 ns, Cleanup: 45003 ns, At safepoint: 3300 ns, Total: 58503 ns
[2441.546s][info ][safepoint      ] Safepoint "Cleanup", Time since last: 1000155351 ns, Reaching safepoint: 11901 ns, Cleanup: 16701 ns, At safepoint: 2300 ns, Total: 30902 ns
[2442.547s][info ][safepoint      ] Safepoint "Cleanup", Time since last: 1000123126 ns, Reaching safepoint: 9301 ns, Cleanup: 10901 ns, At safepoint: 2600 ns, Total: 22802 ns
[2443.547s][info ][safepoint      ] Safepoint "Cleanup", Time since last: 1000125726 ns, Reaching safepoint: 84905 ns, Cleanup: 16802 ns, At safepoint: 6600 ns, Total: 108307 ns
[2444.547s][info ][safepoint      ] Safepoint "Cleanup", Time since last: 1000123826 ns, Reaching safepoint: 10501 ns, Cleanup: 15901 ns, At safepoint: 3100 ns, Total: 29502 ns
[2446.547s][info ][safepoint      ] Safepoint "Cleanup", Time since last: 2000161447 ns, Reaching safepoint: 10701 ns, Cleanup: 12801 ns, At safepoint: 2600 ns, Total: 26102 ns
[2447.107s][info ][gc,start       ] GC(90) Pause Young (Allocation Failure)
[2447.136s][debug][gc,phases      ] GC(90) Scavenge 28.478ms
[2447.136s][debug][gc,ref         ] GC(90) ReferenceProcessor::execute queues: 1, RefProcThreadModel::Single, marks_oops_alive: false
[2447.136s][debug][gc,ref         ] GC(90) Skipped KeepAliveFinalRefsPhase of Reference Processing: no references
[2447.136s][debug][gc,ref         ] GC(90) Skipped PhantomRefsPhase of Reference Processing: no references
[2447.136s][debug][gc,phases      ] GC(90) Reference Processing 0.154ms
[2447.136s][debug][gc,phases      ] GC(90)   VM Weak                        Min:  0.0, Avg:  0.0, Max:  0.0, Diff:  0.0, Sum:  0.0, Workers: 4
[2447.136s][debug][gc,phases      ] GC(90)     Dead                           Min: 0, Avg:  0.0, Max: 0, Diff: 0, Sum: 0, Workers: 4
[2447.136s][debug][gc,phases      ] GC(90)     Total                          Min: 0, Avg: 258.0, Max: 704, Diff: 704, Sum: 1032, Workers: 4
[2447.136s][debug][gc,phases      ] GC(90)   ObjectSynchronizer Weak        Min:  0.0, Avg:  0.0, Max:  0.0, Diff:  0.0, Sum:  0.0, Workers: 4
[2447.136s][debug][gc,phases      ] GC(90)     Dead                           Min: 0, Avg:  0.0, Max: 0, Diff: 0, Sum: 0, Workers: 4
[2447.136s][debug][gc,phases      ] GC(90)     Total                          Min: 0, Avg:  1.0, Max: 4, Diff: 4, Sum: 4, Workers: 4
[2447.136s][debug][gc,phases      ] GC(90)   JVMTI Tag Weak OopStorage      Min:  0.0, Avg:  0.0, Max:  0.0, Diff:  0.0, Sum:  0.0, Workers: 4
[2447.136s][debug][gc,phases      ] GC(90)     Dead                           Min: 0, Avg:  0.0, Max: 0, Diff: 0, Sum: 0, Workers: 4
[2447.136s][debug][gc,phases      ] GC(90)     Total                          Min: 0, Avg:  0.0, Max: 0, Diff: 0, Sum: 0, Workers: 4
[2447.136s][debug][gc,phases      ] GC(90)   StringTable Weak               Min:  0.0, Avg:  0.1, Max:  0.2, Diff:  0.2, Sum:  0.5, Workers: 4
[2447.136s][debug][gc,phases      ] GC(90)     Dead                           Min: 0, Avg:  0.0, Max: 0, Diff: 0, Sum: 0, Workers: 4
[2447.136s][debug][gc,phases      ] GC(90)     Total                          Min: 0, Avg: 12243.2, Max: 26688, Diff: 26688, Sum: 48973, Workers: 4
[2447.136s][debug][gc,phases      ] GC(90)   ResolvedMethodTable Weak       Min:  0.0, Avg:  0.0, Max:  0.1, Diff:  0.1, Sum:  0.2, Workers: 4
[2447.136s][debug][gc,phases      ] GC(90)     Dead                           Min: 0, Avg:  0.0, Max: 0, Diff: 0, Sum: 0, Workers: 4
[2447.136s][debug][gc,phases      ] GC(90)     Total                          Min: 0, Avg: 3436.5, Max: 7604, Diff: 7604, Sum: 13746, Workers: 4
[2447.136s][debug][gc,phases      ] GC(90)   JNI Weak                       Min:  0.0, Avg:  0.0, Max:  0.0, Diff:  0.0, Sum:  0.0, Workers: 4
[2447.136s][debug][gc,phases      ] GC(90)     Dead                           Min: 0, Avg:  0.0, Max: 0, Diff: 0, Sum: 0, Workers: 4
[2447.136s][debug][gc,phases      ] GC(90)     Total                          Min: 0, Avg: 12.0, Max: 48, Diff: 48, Sum: 48, Workers: 4
[2447.136s][debug][gc,phases      ] GC(90)   StringDedup Table Weak         Min:  0.0, Avg:  0.0, Max:  0.0, Diff:  0.0, Sum:  0.0, Workers: 4
[2447.136s][debug][gc,phases      ] GC(90)     Dead                           Min: 0, Avg:  0.0, Max: 0, Diff: 0, Sum: 0, Workers: 4
[2447.136s][debug][gc,phases      ] GC(90)     Total                          Min: 0, Avg:  0.0, Max: 0, Diff: 0, Sum: 0, Workers: 4
[2447.136s][debug][gc,phases      ] GC(90)   StringDedup Requests0 Weak     Min:  0.0, Avg:  0.0, Max:  0.0, Diff:  0.0, Sum:  0.0, Workers: 4
[2447.136s][debug][gc,phases      ] GC(90)     Dead                           Min: 0, Avg:  0.0, Max: 0, Diff: 0, Sum: 0, Workers: 4
[2447.136s][debug][gc,phases      ] GC(90)     Total                          Min: 0, Avg:  0.0, Max: 0, Diff: 0, Sum: 0, Workers: 4
[2447.136s][debug][gc,phases      ] GC(90)   StringDedup Requests1 Weak     Min:  0.0, Avg:  0.0, Max:  0.0, Diff:  0.0, Sum:  0.0, Workers: 4
[2447.136s][debug][gc,phases      ] GC(90)     Dead                           Min: 0, Avg:  0.0, Max: 0, Diff: 0, Sum: 0, Workers: 4
[2447.136s][debug][gc,phases      ] GC(90)     Total                          Min: 0, Avg:  0.0, Max: 0, Diff: 0, Sum: 0, Workers: 4
[2447.136s][debug][gc,phases      ] GC(90)   Weak JFR Old Object Samples    Min:  0.0, Avg:  0.0, Max:  0.0, Diff:  0.0, Sum:  0.0, Workers: 4
[2447.136s][debug][gc,phases      ] GC(90)     Dead                           Min: 0, Avg:  0.0, Max: 0, Diff: 0, Sum: 0, Workers: 4
[2447.136s][debug][gc,phases      ] GC(90)     Total                          Min: 0, Avg:  0.0, Max: 0, Diff: 0, Sum: 0, Workers: 4
[2447.137s][debug][gc,phases      ] GC(90) Weak Processing 0.565ms
[2447.137s][debug][gc,age         ] GC(90) Desired survivor size 65536000 bytes, new threshold 1 (max threshold 15)
[2447.137s][info ][gc,heap        ] GC(90) PSYoungGen: 2021744K(2029056K)->40656K(2017280K) Eden: 1976320K(1976320K)->0K(1976320K) From: 45424K(52736K)->40656K(40960K)
[2447.137s][info ][gc,heap        ] GC(90) ParOldGen: 547925K(764416K)->589761K(764416K)
[2447.137s][info ][gc,metaspace   ] GC(90) Metaspace: 97899K(99264K)->97899K(99264K) NonClass: 83625K(84416K)->83625K(84416K) Class: 14273K(14848K)->14273K(14848K)
[2447.137s][info ][gc             ] GC(90) Pause Young (Allocation Failure) 2509M->615M(2716M) 29.352ms
[2447.137s][info ][gc,cpu         ] GC(90) User=0.10s Sys=0.00s Real=0.03s
[2447.137s][info ][safepoint      ] Safepoint "ParallelGCFailedAllocation", Time since last: 559864790 ns, Reaching safepoint: 86605 ns, Cleanup: 5301 ns, At safepoint: 29448535 ns, Total: 29540441 ns
[2448.137s][info ][safepoint      ] Safepoint "Cleanup", Time since last: 1000105125 ns, Reaching safepoint: 12401 ns, Cleanup: 14900 ns, At safepoint: 3101 ns, Total: 30402 ns
[2451.137s][info ][safepoint      ] Safepoint "Cleanup", Time since last: 3000226098 ns, Reaching safepoint: 14301 ns, Cleanup: 19201 ns, At safepoint: 3200 ns, Total: 36702 ns
[2453.137s][info ][safepoint      ] Safepoint "Cleanup", Time since last: 2000229160 ns, Reaching safepoint: 10700 ns, Cleanup: 13601 ns, At safepoint: 3300 ns, Total: 27601 ns
[2464.078s][info ][safepoint      ] Safepoint "Cleanup", Time since last: 10941202095 ns, Reaching safepoint: 7700 ns, Cleanup: 9301 ns, At safepoint: 2600 ns, Total: 19601 ns
[2468.079s][info ][safepoint      ] Safepoint "Cleanup", Time since last: 4000352371 ns, Reaching safepoint: 11801 ns, Cleanup: 16201 ns, At safepoint: 15901 ns, Total: 43903 ns
[2474.905s][info ][gc,start       ] GC(91) Pause Young (Allocation Failure)
[2474.922s][debug][gc,phases      ] GC(91) Scavenge 17.435ms
[2474.922s][debug][gc,ref         ] GC(91) ReferenceProcessor::execute queues: 1, RefProcThreadModel::Single, marks_oops_alive: false
[2474.922s][debug][gc,ref         ] GC(91) Skipped KeepAliveFinalRefsPhase of Reference Processing: no references
[2474.922s][debug][gc,ref         ] GC(91) Skipped PhantomRefsPhase of Reference Processing: no references
[2474.922s][debug][gc,phases      ] GC(91) Reference Processing 0.131ms
[2474.923s][debug][gc,phases      ] GC(91)   VM Weak                        Min:  0.0, Avg:  0.0, Max:  0.0, Diff:  0.0, Sum:  0.0, Workers: 4
[2474.923s][debug][gc,phases      ] GC(91)     Dead                           Min: 0, Avg:  0.0, Max: 0, Diff: 0, Sum: 0, Workers: 4
[2474.923s][debug][gc,phases      ] GC(91)     Total                          Min: 0, Avg: 258.0, Max: 576, Diff: 576, Sum: 1032, Workers: 4
[2474.923s][debug][gc,phases      ] GC(91)   ObjectSynchronizer Weak        Min:  0.0, Avg:  0.0, Max:  0.0, Diff:  0.0, Sum:  0.0, Workers: 4
[2474.923s][debug][gc,phases      ] GC(91)     Dead                           Min: 0, Avg:  0.0, Max: 0, Diff: 0, Sum: 0, Workers: 4
[2474.923s][debug][gc,phases      ] GC(91)     Total                          Min: 0, Avg:  1.0, Max: 4, Diff: 4, Sum: 4, Workers: 4
[2474.923s][debug][gc,phases      ] GC(91)   JVMTI Tag Weak OopStorage      Min:  0.0, Avg:  0.0, Max:  0.0, Diff:  0.0, Sum:  0.0, Workers: 4
[2474.923s][debug][gc,phases      ] GC(91)     Dead                           Min: 0, Avg:  0.0, Max: 0, Diff: 0, Sum: 0, Workers: 4
[2474.923s][debug][gc,phases      ] GC(91)     Total                          Min: 0, Avg:  0.0, Max: 0, Diff: 0, Sum: 0, Workers: 4
[2474.923s][debug][gc,phases      ] GC(91)   StringTable Weak               Min:  0.0, Avg:  0.1, Max:  0.2, Diff:  0.2, Sum:  0.5, Workers: 4
[2474.923s][debug][gc,phases      ] GC(91)     Dead                           Min: 0, Avg:  0.0, Max: 0, Diff: 0, Sum: 0, Workers: 4
[2474.923s][debug][gc,phases      ] GC(91)     Total                          Min: 0, Avg: 12243.2, Max: 17984, Diff: 17984, Sum: 48973, Workers: 4
[2474.923s][debug][gc,phases      ] GC(91)   ResolvedMethodTable Weak       Min:  0.0, Avg:  0.0, Max:  0.0, Diff:  0.0, Sum:  0.1, Workers: 4
[2474.923s][debug][gc,phases      ] GC(91)     Dead                           Min: 0, Avg:  0.0, Max: 0, Diff: 0, Sum: 0, Workers: 4
[2474.923s][debug][gc,phases      ] GC(91)     Total                          Min: 0, Avg: 3436.5, Max: 5460, Diff: 5460, Sum: 13746, Workers: 4
[2474.923s][debug][gc,phases      ] GC(91)   JNI Weak                       Min:  0.0, Avg:  0.0, Max:  0.0, Diff:  0.0, Sum:  0.0, Workers: 4
[2474.923s][debug][gc,phases      ] GC(91)     Dead                           Min: 0, Avg:  0.0, Max: 0, Diff: 0, Sum: 0, Workers: 4
[2474.923s][debug][gc,phases      ] GC(91)     Total                          Min: 0, Avg: 12.0, Max: 48, Diff: 48, Sum: 48, Workers: 4
[2474.923s][debug][gc,phases      ] GC(91)   StringDedup Table Weak         Min:  0.0, Avg:  0.0, Max:  0.0, Diff:  0.0, Sum:  0.0, Workers: 4
[2474.923s][debug][gc,phases      ] GC(91)     Dead                           Min: 0, Avg:  0.0, Max: 0, Diff: 0, Sum: 0, Workers: 4
[2474.923s][debug][gc,phases      ] GC(91)     Total                          Min: 0, Avg:  0.0, Max: 0, Diff: 0, Sum: 0, Workers: 4
[2474.923s][debug][gc,phases      ] GC(91)   StringDedup Requests0 Weak     Min:  0.0, Avg:  0.0, Max:  0.0, Diff:  0.0, Sum:  0.0, Workers: 4
[2474.923s][debug][gc,phases      ] GC(91)     Dead                           Min: 0, Avg:  0.0, Max: 0, Diff: 0, Sum: 0, Workers: 4
[2474.923s][debug][gc,phases      ] GC(91)     Total                          Min: 0, Avg:  0.0, Max: 0, Diff: 0, Sum: 0, Workers: 4
[2474.923s][debug][gc,phases      ] GC(91)   StringDedup Requests1 Weak     Min:  0.0, Avg:  0.0, Max:  0.0, Diff:  0.0, Sum:  0.0, Workers: 4
[2474.923s][debug][gc,phases      ] GC(91)     Dead                           Min: 0, Avg:  0.0, Max: 0, Diff: 0, Sum: 0, Workers: 4
[2474.923s][debug][gc,phases      ] GC(91)     Total                          Min: 0, Avg:  0.0, Max: 0, Diff: 0, Sum: 0, Workers: 4
[2474.923s][debug][gc,phases      ] GC(91)   Weak JFR Old Object Samples    Min:  0.0, Avg:  0.0, Max:  0.0, Diff:  0.0, Sum:  0.0, Workers: 4
[2474.923s][debug][gc,phases      ] GC(91)     Dead                           Min: 0, Avg:  0.0, Max: 0, Diff: 0, Sum: 0, Workers: 4
[2474.923s][debug][gc,phases      ] GC(91)     Total                          Min: 0, Avg:  0.0, Max: 0, Diff: 0, Sum: 0, Workers: 4
[2474.923s][debug][gc,phases      ] GC(91) Weak Processing 0.462ms
[2474.923s][debug][gc,age         ] GC(91) Desired survivor size 62914560 bytes, new threshold 1 (max threshold 15)
[2474.923s][info ][gc,heap        ] GC(91) PSYoungGen: 2016976K(2017280K)->14576K(2035712K) Eden: 1976320K(1976320K)->0K(1971712K) From: 40656K(40960K)->14576K(64000K)
[2474.923s][info ][gc,heap        ] GC(91) ParOldGen: 589761K(764416K)->631006K(764416K)
[2474.923s][info ][gc,metaspace   ] GC(91) Metaspace: 97905K(99264K)->97905K(99264K) NonClass: 83632K(84416K)->83632K(84416K) Class: 14273K(14848K)->14273K(14848K)
[2474.923s][info ][gc             ] GC(91) Pause Young (Allocation Failure) 2545M->630M(2734M) 18.204ms
[2474.923s][info ][gc,cpu         ] GC(91) User=0.07s Sys=0.00s Real=0.01s
[2474.923s][info ][safepoint      ] Safepoint "ParallelGCFailedAllocation", Time since last: 6825660351 ns, Reaching safepoint: 10600 ns, Cleanup: 4601 ns, At safepoint: 18294497 ns, Total: 18309698 ns
[2475.923s][info ][safepoint      ] Safepoint "Cleanup", Time since last: 1000091663 ns, Reaching safepoint: 9301 ns, Cleanup: 11300 ns, At safepoint: 2901 ns, Total: 23502 ns
[2476.923s][info ][safepoint      ] Safepoint "Cleanup", Time since last: 1000105564 ns, Reaching safepoint: 9801 ns, Cleanup: 13700 ns, At safepoint: 2701 ns, Total: 26202 ns
[2481.924s][info ][safepoint      ] Safepoint "Cleanup", Time since last: 5000404939 ns, Reaching safepoint: 13000 ns, Cleanup: 16101 ns, At safepoint: 8101 ns, Total: 37202 ns
[2482.924s][info ][safepoint      ] Safepoint "Cleanup", Time since last: 1000139233 ns, Reaching safepoint: 14001 ns, Cleanup: 22802 ns, At safepoint: 3300 ns, Total: 40103 ns
[2483.924s][info ][safepoint      ] Safepoint "Cleanup", Time since last: 1000134033 ns, Reaching safepoint: 9101 ns, Cleanup: 15100 ns, At safepoint: 5301 ns, Total: 29502 ns
[2487.924s][info ][safepoint      ] Safepoint "Cleanup", Time since last: 4000399424 ns, Reaching safepoint: 8501 ns, Cleanup: 12901 ns, At safepoint: 2600 ns, Total: 24002 ns
[2488.924s][info ][safepoint      ] Safepoint "Cleanup", Time since last: 1000098331 ns, Reaching safepoint: 8600 ns, Cleanup: 10601 ns, At safepoint: 2700 ns, Total: 21901 ns
[2489.925s][info ][safepoint      ] Safepoint "Cleanup", Time since last: 1000122383 ns, Reaching safepoint: 8100 ns, Cleanup: 19301 ns, At safepoint: 2301 ns, Total: 29702 ns
[2490.925s][info ][safepoint      ] Safepoint "Cleanup", Time since last: 1000117781 ns, Reaching safepoint: 9801 ns, Cleanup: 14100 ns, At safepoint: 2401 ns, Total: 26302 ns
[2491.925s][info ][safepoint      ] Safepoint "Cleanup", Time since last: 1000156983 ns, Reaching safepoint: 91106 ns, Cleanup: 20801 ns, At safepoint: 42203 ns, Total: 154110 ns
[2500.926s][info ][safepoint      ] Safepoint "Cleanup", Time since last: 9000700064 ns, Reaching safepoint: 8800 ns, Cleanup: 13601 ns, At safepoint: 3500 ns, Total: 25901 ns
[2509.926s][info ][safepoint      ] Safepoint "Cleanup", Time since last: 9000621117 ns, Reaching safepoint: 8601 ns, Cleanup: 12500 ns, At safepoint: 41403 ns, Total: 62504 ns
[2511.927s][info ][safepoint      ] Safepoint "Cleanup", Time since last: 2000191669 ns, Reaching safepoint: 11200 ns, Cleanup: 26202 ns, At safepoint: 3800 ns, Total: 41202 ns
[2572.100s][info ][safepoint      ] Safepoint "Cleanup", Time since last: 60173720783 ns, Reaching safepoint: 16801 ns, Cleanup: 24701 ns, At safepoint: 4701 ns, Total: 46203 ns
[2631.317s][info ][safepoint      ] Safepoint "JFRCheckpoint", Time since last: 59214076176 ns, Reaching safepoint: 1989717 ns, Cleanup: 15501 ns, At safepoint: 45202 ns, Total: 2050420 ns
[2631.321s][info ][gc,heap,exit   ] Heap
[2631.321s][info ][gc,heap,exit   ]  PSYoungGen      total 2035712K, used 1927789K [0x0000000780000000, 0x0000000800000000, 0x0000000800000000)
[2631.321s][info ][gc,heap,exit   ]   eden space 1971712K, 97% used [0x0000000780000000,0x00000007f4c5f480,0x00000007f8580000)
[2631.321s][info ][gc,heap,exit   ]   from space 64000K, 22% used [0x00000007fc180000,0x00000007fcfbc168,0x0000000800000000)
[2631.321s][info ][gc,heap,exit   ]   to   space 61440K, 0% used [0x00000007f8580000,0x00000007f8580000,0x00000007fc180000)
[2631.321s][info ][gc,heap,exit   ]  ParOldGen       total 764416K, used 631006K [0x00000006c0000000, 0x00000006eea80000, 0x0000000780000000)
[2631.321s][info ][gc,heap,exit   ]   object space 764416K, 82% used [0x00000006c0000000,0x00000006e6837808,0x00000006eea80000)
[2631.321s][info ][gc,heap,exit   ]  Metaspace       used 97981K, committed 99328K, reserved 1179648K
[2631.321s][info ][gc,heap,exit   ]   class space    used 14281K, committed 14848K, reserved 1048576K
